
> @sassy-auth/admin@0.0.1 dev /app/apps/admin
> next dev --port 3001

   ▲ Next.js 15.5.18
   - Local:        http://localhost:3001
   - Network:      http://192.168.0.2:3001
   - Environments: .env.local
   - Experiments (use with caution):
     · clientTraceMetadata

 ✓ Starting...
Attention: Next.js now collects completely anonymous telemetry regarding usage.
This information is used to shape Next.js' roadmap and prioritize features.
You can learn more, including how to opt-out if you'd not like to participate in this anonymous program, by visiting the following URL:
https://nextjs.org/telemetry

[@sentry/nextjs] Could not find `onRequestError` hook in instrumentation file. This indicates outdated configuration of the Sentry SDK. Use `Sentry.captureRequestError` to instrument the `onRequestError` hook: https://docs.sentry.io/platforms/javascript/guides/nextjs/manual-setup/#errors-from-nested-react-server-components
[@sentry/nextjs] DEPRECATION WARNING: It is recommended renaming your `sentry.client.config.ts` file, or moving its content to `instrumentation-client.ts`. When using Turbopack `sentry.client.config.ts` will no longer work. Read more about the `instrumentation-client.ts` file: https://nextjs.org/docs/app/api-reference/file-conventions/instrumentation-client
 ○ Compiling /instrumentation ...
 ✓ Compiled /instrumentation in 6.6s (1085 modules)
 ✓ Ready in 9.7s
 ○ Compiling /middleware ...
 ✓ Compiled /middleware in 3s (882 modules)
 ○ Compiling /login ...
<w> [webpack.cache.PackFileCacheStrategy] Serializing big strings (129kiB) impacts deserialization performance (consider using Buffer instead and decode when needed)
<w> [webpack.cache.PackFileCacheStrategy] Serializing big strings (139kiB) impacts deserialization performance (consider using Buffer instead and decode when needed)
 ✓ Compiled /login in 30.6s (4140 modules)
 GET /login 200 in 33256ms
 GET /login 200 in 308ms
 POST /login 200 in 694ms
