
> @sassy-auth/auth-server@0.0.1 dev /app/apps/auth-server
> nest start --watch

[2J[3J[H[[90m7:55:35 AM[0m] Starting compilation in watch mode...

[[90m7:55:43 AM[0m] Found 0 errors. Watching for file changes.

[07:55:46] INFO [NestFactory] Starting Nest application...
[2m2026-06-26T07:55:46.091Z[0m [33mWARN[0m [1m[Better Auth]:[0m [better-auth] Base URL could not be determined. Please set a valid base URL using the baseURL config option or the BETTER_AUTH_URL environment variable. Without this, callbacks and redirects may not work correctly.
[07:55:46] ERROR [ExceptionHandler] RSA_PRIVATE_KEY and RSA_PUBLIC_KEY env vars are required
Error: RSA_PRIVATE_KEY and RSA_PUBLIC_KEY env vars are required
    at new TokenService (/app/apps/auth-server/src/token/token.service.ts:22:13)
    at Injector.instantiateClass (/app/node_modules/.pnpm/@nestjs+core@10.4.22_@nestjs+common@10.4.22_class-transformer@0.5.1_class-validator@0.14.4_re_wv7sonobpk6cc2m3n6ev6bfqdu/node_modules/@nestjs/core/injector/injector.js:373:19)
    at callback (/app/node_modules/.pnpm/@nestjs+core@10.4.22_@nestjs+common@10.4.22_class-transformer@0.5.1_class-validator@0.14.4_re_wv7sonobpk6cc2m3n6ev6bfqdu/node_modules/@nestjs/core/injector/injector.js:65:45)
    at process.processTicksAndRejections (node:internal/process/task_queues:103:5)
    at async Injector.resolveConstructorParams (/app/node_modules/.pnpm/@nestjs+core@10.4.22_@nestjs+common@10.4.22_class-transformer@0.5.1_class-validator@0.14.4_re_wv7sonobpk6cc2m3n6ev6bfqdu/node_modules/@nestjs/core/injector/injector.js:145:24)
    at async Injector.loadInstance (/app/node_modules/.pnpm/@nestjs+core@10.4.22_@nestjs+common@10.4.22_class-transformer@0.5.1_class-validator@0.14.4_re_wv7sonobpk6cc2m3n6ev6bfqdu/node_modules/@nestjs/core/injector/injector.js:70:13)
    at async Injector.loadProvider (/app/node_modules/.pnpm/@nestjs+core@10.4.22_@nestjs+common@10.4.22_class-transformer@0.5.1_class-validator@0.14.4_re_wv7sonobpk6cc2m3n6ev6bfqdu/node_modules/@nestjs/core/injector/injector.js:98:9)
    at async /app/node_modules/.pnpm/@nestjs+core@10.4.22_@nestjs+common@10.4.22_class-transformer@0.5.1_class-validator@0.14.4_re_wv7sonobpk6cc2m3n6ev6bfqdu/node_modules/@nestjs/core/injector/instance-loader.js:56:13
    at async Promise.all (index 3)
    at async InstanceLoader.createInstancesOfProviders (/app/node_modules/.pnpm/@nestjs+core@10.4.22_@nestjs+common@10.4.22_class-transformer@0.5.1_class-validator@0.14.4_re_wv7sonobpk6cc2m3n6ev6bfqdu/node_modules/@nestjs/core/injector/instance-loader.js:55:9)
Params (/app/node_modules/.pnpm/@nestjs+core@10.4.22_@nestjs+common@10.4.22_class-transformer@0.5.1_class-validator@0.14.4_re_wv7sonobpk6cc2m3n6ev6bfqdu/node_modules/@nestjs/core/injector/injector.js:145:24)
    at async Injector.loadInstance (/app/node_modules/.pnpm/@nestjs+core@10.4.22_@nestjs+common@10.4.22_class-transformer@0.5.1_class-validator@0.14.4_re_wv7sonobpk6cc2m3n6ev6bfqdu/node_modules/@nestjs/core/injector/injector.js:70:13)
    at async Injector.loadProvider (/app/node_modules/.pnpm/@nestjs+core@10.4.22_@nestjs+common@10.4.22_class-transformer@0.5.1_class-validator@0.14.4_re_wv7sonobpk6cc2m3n6ev6bfqdu/node_modules/@nestjs/core/injector/injector.js:98:9)
    at async /app/node_modules/.pnpm/@nestjs+core@10.4.22_@nestjs+common@10.4.22_class-transformer@0.5.1_class-validator@0.14.4_re_wv7sonobpk6cc2m3n6ev6bfqdu/node_modules/@nestjs/core/injector/instance-loader.js:56:13
    at async Promise.all (index 3)
    at async InstanceLoader.createInstancesOfProviders (/app/node_modules/.pnpm/@nestjs+core@10.4.22_@nestjs+common@10.4.22_class-transformer@0.5.1_class-validator@0.14.4_re_wv7sonobpk6cc2m3n6ev6bfqdu/node_modules/@nestjs/core/injector/instance-loader.js:55:9)
[2J[3J[H[[90m7:55:34 AM[0m] File change detected. Starting incremental compilation...

[[90m7:55:38 AM[0m] Found 0 errors. Watching for file changes.

node:internal/modules/cjs/loader:1386
  throw err;
  ^

Error: Cannot find module './instrument'
Require stack:
- /app/apps/auth-server/dist/main.js
    at Function._resolveFilename (node:internal/modules/cjs/loader:1383:15)
    at defaultResolveImpl (node:internal/modules/cjs/loader:1025:19)
    at resolveForCJSWithHooks (node:internal/modules/cjs/loader:1030:22)
    at Function._load (node:internal/modules/cjs/loader:1192:37)
    at TracingChannel.traceSync (node:diagnostics_channel:328:14)
    at wrapModuleLoad (node:internal/modules/cjs/loader:237:24)
    at Module.require (node:internal/modules/cjs/loader:1463:12)
    at require (node:internal/modules/helpers:147:16)
    at Object.<anonymous> (/app/apps/auth-server/src/main.ts:4:1)
    at Module._compile (node:internal/modules/cjs/loader:1705:14) {
  code: 'MODULE_NOT_FOUND',
  requireStack: [ '/app/apps/auth-server/dist/main.js' ]
}

Node.js v22.22.1
