
> @sassy-auth/admin@0.0.1 test /app/apps/admin
> node ../../scripts/log-test.mjs admin jest

> logging to /app/test-results/admin-20260707-072625.txt
ts-jest[ts-jest-transformer] (WARN) Define `ts-jest` config under `globals` is deprecated. Please do
transform: {
    <transform_regex>: ['ts-jest', { /* ts-jest config goes here in Jest */ }],
},
See more at https://kulshekhar.github.io/ts-jest/docs/getting-started/presets#advanced
ts-jest[ts-jest-transformer] (WARN) Define `ts-jest` config under `globals` is deprecated. Please do
transform: {
    <transform_regex>: ['ts-jest', { /* ts-jest config goes here in Jest */ }],
},
See more at https://kulshekhar.github.io/ts-jest/docs/getting-started/presets#advanced
ts-jest[ts-jest-transformer] (WARN) Define `ts-jest` config under `globals` is deprecated. Please do
transform: {
    <transform_regex>: ['ts-jest', { /* ts-jest config goes here in Jest */ }],
},
See more at https://kulshekhar.github.io/ts-jest/docs/getting-started/presets#advanced
(node:103318) [DEP0040] DeprecationWarning: The `punycode` module is deprecated. Please use a userland alternative instead.
(Use `node --trace-deprecation ...` to show where the warning was created)
(node:103320) [DEP0040] DeprecationWarning: The `punycode` module is deprecated. Please use a userland alternative instead.
(Use `node --trace-deprecation ...` to show where the warning was created)
FAIL components/__tests__/permissions-table.test.tsx
  ● Console

    console.error
      Error: Uncaught [Error: `Tooltip` must be used within `TooltipProvider`]
          at reportException (/app/node_modules/.pnpm/jsdom@20.0.3/node_modules/jsdom/lib/jsdom/living/helpers/runtime-script-errors.js:66:24)
          at innerInvokeEventListeners (/app/node_modules/.pnpm/jsdom@20.0.3/node_modules/jsdom/lib/jsdom/living/events/EventTarget-impl.js:353:9)
          at invokeEventListeners (/app/node_modules/.pnpm/jsdom@20.0.3/node_modules/jsdom/lib/jsdom/living/events/EventTarget-impl.js:286:3)
          at HTMLUnknownElementImpl._dispatch (/app/node_modules/.pnpm/jsdom@20.0.3/node_modules/jsdom/lib/jsdom/living/events/EventTarget-impl.js:233:9)
          at HTMLUnknownElementImpl.dispatchEvent (/app/node_modules/.pnpm/jsdom@20.0.3/node_modules/jsdom/lib/jsdom/living/events/EventTarget-impl.js:104:17)
          at HTMLUnknownElement.dispatchEvent (/app/node_modules/.pnpm/jsdom@20.0.3/node_modules/jsdom/lib/jsdom/living/generated/EventTarget.js:241:34)
          at Object.invokeGuardedCallbackDev (/app/node_modules/.pnpm/react-dom@18.3.1_react@18.3.1/node_modules/react-dom/cjs/react-dom.development.js:4213:16)
          at invokeGuardedCallback (/app/node_modules/.pnpm/react-dom@18.3.1_react@18.3.1/node_modules/react-dom/cjs/react-dom.development.js:4277:31)
          at beginWork$1 (/app/node_modules/.pnpm/react-dom@18.3.1_react@18.3.1/node_modules/react-dom/cjs/react-dom.development.js:27490:7)
          at performUnitOfWork (/app/node_modules/.pnpm/react-dom@18.3.1_react@18.3.1/node_modules/react-dom/cjs/react-dom.development.js:26599:12)
          at workLoopSync (/app/node_modules/.pnpm/react-dom@18.3.1_react@18.3.1/node_modules/react-dom/cjs/react-dom.development.js:26505:5)
          at renderRootSync (/app/node_modules/.pnpm/react-dom@18.3.1_react@18.3.1/node_modules/react-dom/cjs/react-dom.development.js:26473:7)
          at performConcurrentWorkOnRoot (/app/node_modules/.pnpm/react-dom@18.3.1_react@18.3.1/node_modules/react-dom/cjs/react-dom.development.js:25777:74)
          at flushActQueue (/app/node_modules/.pnpm/react@18.3.1/node_modules/react/cjs/react.development.js:2667:24)
          at act (/app/node_modules/.pnpm/react@18.3.1/node_modules/react/cjs/react.development.js:2582:11)
          at /app/node_modules/.pnpm/@testing-library+react@16.3.2_@testing-library+dom@10.4.1_@types+react-dom@18.3.7_@types+reac_3k5f6qynewwmkoqvlvtzlgtsjq/node_modules/@testing-library/react/dist/act-compat.js:46:25
          at renderRoot (/app/node_modules/.pnpm/@testing-library+react@16.3.2_@testing-library+dom@10.4.1_@types+react-dom@18.3.7_@types+reac_3k5f6qynewwmkoqvlvtzlgtsjq/node_modules/@testing-library/react/dist/pure.js:189:26)
          at render (/app/node_modules/.pnpm/@testing-library+react@16.3.2_@testing-library+dom@10.4.1_@types+react-dom@18.3.7_@types+reac_3k5f6qynewwmkoqvlvtzlgtsjq/node_modules/@testing-library/react/dist/pure.js:291:10)
          at Object.<anonymous> (/app/apps/admin/components/__tests__/permissions-table.test.tsx:55:11)
          at Promise.then.completed (/app/node_modules/.pnpm/jest-circus@29.7.0/node_modules/jest-circus/build/utils.js:298:28)
          at new Promise (<anonymous>)
          at callAsyncCircusFn (/app/node_modules/.pnpm/jest-circus@29.7.0/node_modules/jest-circus/build/utils.js:231:10)
          at _callCircusTest (/app/node_modules/.pnpm/jest-circus@29.7.0/node_modules/jest-circus/build/run.js:316:40)
          at processTicksAndRejections (node:internal/process/task_queues:103:5)
          at _runTest (/app/node_modules/.pnpm/jest-circus@29.7.0/node_modules/jest-circus/build/run.js:252:3)
          at _runTestsForDescribeBlock (/app/node_modules/.pnpm/jest-circus@29.7.0/node_modules/jest-circus/build/run.js:126:9)
          at _runTestsForDescribeBlock (/app/node_modules/.pnpm/jest-circus@29.7.0/node_modules/jest-circus/build/run.js:121:9)
          at run (/app/node_modules/.pnpm/jest-circus@29.7.0/node_modules/jest-circus/build/run.js:71:3)
          at runAndTransformResultsToJestFormat (/app/node_modules/.pnpm/jest-circus@29.7.0/node_modules/jest-circus/build/legacy-code-todo-rewrite/jestAdapterInit.js:122:21)
          at jestAdapter (/app/node_modules/.pnpm/jest-circus@29.7.0/node_modules/jest-circus/build/legacy-code-todo-rewrite/jestAdapter.js:79:19)
          at runTestInternal (/app/node_modules/.pnpm/jest-runner@29.7.0/node_modules/jest-runner/build/runTest.js:367:16)
          at runTest (/app/node_modules/.pnpm/jest-runner@29.7.0/node_modules/jest-runner/build/runTest.js:444:34)
          at Object.worker (/app/node_modules/.pnpm/jest-runner@29.7.0/node_modules/jest-runner/build/testWorker.js:106:12) {
        detail: Error: `Tooltip` must be used within `TooltipProvider`
            at useContext2 (/app/node_modules/.pnpm/@radix-ui+react-context@1.1.2_@types+react@18.3.29_react@18.3.1/node_modules/@radix-ui/react-context/src/create-context.tsx:75:13)
            at Tooltip (/app/node_modules/.pnpm/@radix-ui+react-tooltip@1.2.8_@types+react-dom@18.3.7_@types+react@18.3.29__@types+react@18.3_xrwsnt2rmlacewwolijhmzdoxi/node_modules/@radix-ui/react-tooltip/src/tooltip.tsx:162:27)
            at renderWithHooks (/app/node_modules/.pnpm/react-dom@18.3.1_react@18.3.1/node_modules/react-dom/cjs/react-dom.development.js:15486:18)
            at mountIndeterminateComponent (/app/node_modules/.pnpm/react-dom@18.3.1_react@18.3.1/node_modules/react-dom/cjs/react-dom.development.js:20103:13)
            at beginWork (/app/node_modules/.pnpm/react-dom@18.3.1_react@18.3.1/node_modules/react-dom/cjs/react-dom.development.js:21626:16)
            at HTMLUnknownElement.callCallback (/app/node_modules/.pnpm/react-dom@18.3.1_react@18.3.1/node_modules/react-dom/cjs/react-dom.development.js:4164:14)
            at HTMLUnknownElement.callTheUserObjectsOperation (/app/node_modules/.pnpm/jsdom@20.0.3/node_modules/jsdom/lib/jsdom/living/generated/EventListener.js:26:30)
            at innerInvokeEventListeners (/app/node_modules/.pnpm/jsdom@20.0.3/node_modules/jsdom/lib/jsdom/living/events/EventTarget-impl.js:350:25)
            at invokeEventListeners (/app/node_modules/.pnpm/jsdom@20.0.3/node_modules/jsdom/lib/jsdom/living/events/EventTarget-impl.js:286:3)
            at HTMLUnknownElementImpl._dispatch (/app/node_modules/.pnpm/jsdom@20.0.3/node_modules/jsdom/lib/jsdom/living/events/EventTarget-impl.js:233:9)
            at HTMLUnknownElementImpl.dispatchEvent (/app/node_modules/.pnpm/jsdom@20.0.3/node_modules/jsdom/lib/jsdom/living/events/EventTarget-impl.js:104:17)
            at HTMLUnknownElement.dispatchEvent (/app/node_modules/.pnpm/jsdom@20.0.3/node_modules/jsdom/lib/jsdom/living/generated/EventTarget.js:241:34)
            at Object.invokeGuardedCallbackDev (/app/node_modules/.pnpm/react-dom@18.3.1_react@18.3.1/node_modules/react-dom/cjs/react-dom.development.js:4213:16)
            at invokeGuardedCallback (/app/node_modules/.pnpm/react-dom@18.3.1_react@18.3.1/node_modules/react-dom/cjs/react-dom.development.js:4277:31)
            at beginWork$1 (/app/node_modules/.pnpm/react-dom@18.3.1_react@18.3.1/node_modules/react-dom/cjs/react-dom.development.js:27490:7)
            at performUnitOfWork (/app/node_modules/.pnpm/react-dom@18.3.1_react@18.3.1/node_modules/react-dom/cjs/react-dom.development.js:26599:12)
            at workLoopSync (/app/node_modules/.pnpm/react-dom@18.3.1_react@18.3.1/node_modules/react-dom/cjs/react-dom.development.js:26505:5)
            at renderRootSync (/app/node_modules/.pnpm/react-dom@18.3.1_react@18.3.1/node_modules/react-dom/cjs/react-dom.development.js:26473:7)
            at performConcurrentWorkOnRoot (/app/node_modules/.pnpm/react-dom@18.3.1_react@18.3.1/node_modules/react-dom/cjs/react-dom.development.js:25777:74)
            at flushActQueue (/app/node_modules/.pnpm/react@18.3.1/node_modules/react/cjs/react.development.js:2667:24)
            at act (/app/node_modules/.pnpm/react@18.3.1/node_modules/react/cjs/react.development.js:2582:11)
            at /app/node_modules/.pnpm/@testing-library+react@16.3.2_@testing-library+dom@10.4.1_@types+react-dom@18.3.7_@types+reac_3k5f6qynewwmkoqvlvtzlgtsjq/node_modules/@testing-library/react/dist/act-compat.js:46:25
            at renderRoot (/app/node_modules/.pnpm/@testing-library+react@16.3.2_@testing-library+dom@10.4.1_@types+react-dom@18.3.7_@types+reac_3k5f6qynewwmkoqvlvtzlgtsjq/node_modules/@testing-library/react/dist/pure.js:189:26)
            at render (/app/node_modules/.pnpm/@testing-library+react@16.3.2_@testing-library+dom@10.4.1_@types+react-dom@18.3.7_@types+reac_3k5f6qynewwmkoqvlvtzlgtsjq/node_modules/@testing-library/react/dist/pure.js:291:10)
            at Object.<anonymous> (/app/apps/admin/components/__tests__/permissions-table.test.tsx:55:11)
            at Promise.then.completed (/app/node_modules/.pnpm/jest-circus@29.7.0/node_modules/jest-circus/build/utils.js:298:28)
            at new Promise (<anonymous>)
            at callAsyncCircusFn (/app/node_modules/.pnpm/jest-circus@29.7.0/node_modules/jest-circus/build/utils.js:231:10)
            at _callCircusTest (/app/node_modules/.pnpm/jest-circus@29.7.0/node_modules/jest-circus/build/run.js:316:40)
            at processTicksAndRejections (node:internal/process/task_queues:103:5)
            at _runTest (/app/node_modules/.pnpm/jest-circus@29.7.0/node_modules/jest-circus/build/run.js:252:3)
            at _runTestsForDescribeBlock (/app/node_modules/.pnpm/jest-circus@29.7.0/node_modules/jest-circus/build/run.js:126:9)
            at _runTestsForDescribeBlock (/app/node_modules/.pnpm/jest-circus@29.7.0/node_modules/jest-circus/build/run.js:121:9)
            at run (/app/node_modules/.pnpm/jest-circus@29.7.0/node_modules/jest-circus/build/run.js:71:3)
            at runAndTransformResultsToJestFormat (/app/node_modules/.pnpm/jest-circus@29.7.0/node_modules/jest-circus/build/legacy-code-todo-rewrite/jestAdapterInit.js:122:21)
            at jestAdapter (/app/node_modules/.pnpm/jest-circus@29.7.0/node_modules/jest-circus/build/legacy-code-todo-rewrite/jestAdapter.js:79:19)
            at runTestInternal (/app/node_modules/.pnpm/jest-runner@29.7.0/node_modules/jest-runner/build/runTest.js:367:16)
            at runTest (/app/node_modules/.pnpm/jest-runner@29.7.0/node_modules/jest-runner/build/runTest.js:444:34)
            at Object.worker (/app/node_modules/.pnpm/jest-runner@29.7.0/node_modules/jest-runner/build/testWorker.js:106:12),
        type: 'unhandled exception'
      }

      53 |
      54 |   it('renders rows with names and the Platform badge for platform.*', () => {
    > 55 |     render(withIntl(<PermissionsTable initial={initial} apps={apps} />))
         |           ^
      56 |     expect(screen.getByText('apps.read')).toBeInTheDocument()
      57 |     expect(screen.getByText('platform.users.manage')).toBeInTheDocument()
      58 |     expect(screen.getByText(en.permissions.badges.platform)).toBeInTheDocument()

      at VirtualConsole.<anonymous> (../../node_modules/.pnpm/jest-environment-jsdom@29.7.0/node_modules/jest-environment-jsdom/build/index.js:63:23)
      at reportException (../../node_modules/.pnpm/jsdom@20.0.3/node_modules/jsdom/lib/jsdom/living/helpers/runtime-script-errors.js:70:28)
      at innerInvokeEventListeners (../../node_modules/.pnpm/jsdom@20.0.3/node_modules/jsdom/lib/jsdom/living/events/EventTarget-impl.js:353:9)
      at invokeEventListeners (../../node_modules/.pnpm/jsdom@20.0.3/node_modules/jsdom/lib/jsdom/living/events/EventTarget-impl.js:286:3)
      at HTMLUnknownElementImpl._dispatch (../../node_modules/.pnpm/jsdom@20.0.3/node_modules/jsdom/lib/jsdom/living/events/EventTarget-impl.js:233:9)
      at HTMLUnknownElementImpl.dispatchEvent (../../node_modules/.pnpm/jsdom@20.0.3/node_modules/jsdom/lib/jsdom/living/events/EventTarget-impl.js:104:17)
      at HTMLUnknownElement.dispatchEvent (../../node_modules/.pnpm/jsdom@20.0.3/node_modules/jsdom/lib/jsdom/living/generated/EventTarget.js:241:34)
      at Object.invokeGuardedCallbackDev (../../node_modules/.pnpm/react-dom@18.3.1_react@18.3.1/node_modules/react-dom/cjs/react-dom.development.js:4213:16)
      at invokeGuardedCallback (../../node_modules/.pnpm/react-dom@18.3.1_react@18.3.1/node_modules/react-dom/cjs/react-dom.development.js:4277:31)
      at beginWork$1 (../../node_modules/.pnpm/react-dom@18.3.1_react@18.3.1/node_modules/react-dom/cjs/react-dom.development.js:27490:7)
      at performUnitOfWork (../../node_modules/.pnpm/react-dom@18.3.1_react@18.3.1/node_modules/react-dom/cjs/react-dom.development.js:26599:12)
      at workLoopSync (../../node_modules/.pnpm/react-dom@18.3.1_react@18.3.1/node_modules/react-dom/cjs/react-dom.development.js:26505:5)
      at renderRootSync (../../node_modules/.pnpm/react-dom@18.3.1_react@18.3.1/node_modules/react-dom/cjs/react-dom.development.js:26473:7)
      at performConcurrentWorkOnRoot (../../node_modules/.pnpm/react-dom@18.3.1_react@18.3.1/node_modules/react-dom/cjs/react-dom.development.js:25777:74)
      at flushActQueue (../../node_modules/.pnpm/react@18.3.1/node_modules/react/cjs/react.development.js:2667:24)
      at act (../../node_modules/.pnpm/react@18.3.1/node_modules/react/cjs/react.development.js:2582:11)
      at ../../node_modules/.pnpm/@testing-library+react@16.3.2_@testing-library+dom@10.4.1_@types+react-dom@18.3.7_@types+reac_3k5f6qynewwmkoqvlvtzlgtsjq/node_modules/@testing-library/react/dist/act-compat.js:46:25
      at renderRoot (../../node_modules/.pnpm/@testing-library+react@16.3.2_@testing-library+dom@10.4.1_@types+react-dom@18.3.7_@types+reac_3k5f6qynewwmkoqvlvtzlgtsjq/node_modules/@testing-library/react/dist/pure.js:189:26)
      at render (../../node_modules/.pnpm/@testing-library+react@16.3.2_@testing-library+dom@10.4.1_@types+react-dom@18.3.7_@types+reac_3k5f6qynewwmkoqvlvtzlgtsjq/node_modules/@testing-library/react/dist/pure.js:291:10)
      at Object.<anonymous> (components/__tests__/permissions-table.test.tsx:55:11)

    console.error
      Error: Uncaught [Error: `Tooltip` must be used within `TooltipProvider`]
          at reportException (/app/node_modules/.pnpm/jsdom@20.0.3/node_modules/jsdom/lib/jsdom/living/helpers/runtime-script-errors.js:66:24)
          at innerInvokeEventListeners (/app/node_modules/.pnpm/jsdom@20.0.3/node_modules/jsdom/lib/jsdom/living/events/EventTarget-impl.js:353:9)
          at invokeEventListeners (/app/node_modules/.pnpm/jsdom@20.0.3/node_modules/jsdom/lib/jsdom/living/events/EventTarget-impl.js:286:3)
          at HTMLUnknownElementImpl._dispatch (/app/node_modules/.pnpm/jsdom@20.0.3/node_modules/jsdom/lib/jsdom/living/events/EventTarget-impl.js:233:9)
          at HTMLUnknownElementImpl.dispatchEvent (/app/node_modules/.pnpm/jsdom@20.0.3/node_modules/jsdom/lib/jsdom/living/events/EventTarget-impl.js:104:17)
          at HTMLUnknownElement.dispatchEvent (/app/node_modules/.pnpm/jsdom@20.0.3/node_modules/jsdom/lib/jsdom/living/generated/EventTarget.js:241:34)
          at Object.invokeGuardedCallbackDev (/app/node_modules/.pnpm/react-dom@18.3.1_react@18.3.1/node_modules/react-dom/cjs/react-dom.development.js:4213:16)
          at invokeGuardedCallback (/app/node_modules/.pnpm/react-dom@18.3.1_react@18.3.1/node_modules/react-dom/cjs/react-dom.development.js:4277:31)
          at beginWork$1 (/app/node_modules/.pnpm/react-dom@18.3.1_react@18.3.1/node_modules/react-dom/cjs/react-dom.development.js:27490:7)
          at performUnitOfWork (/app/node_modules/.pnpm/react-dom@18.3.1_react@18.3.1/node_modules/react-dom/cjs/react-dom.development.js:26599:12)
          at workLoopSync (/app/node_modules/.pnpm/react-dom@18.3.1_react@18.3.1/node_modules/react-dom/cjs/react-dom.development.js:26505:5)
          at renderRootSync (/app/node_modules/.pnpm/react-dom@18.3.1_react@18.3.1/node_modules/react-dom/cjs/react-dom.development.js:26473:7)
          at performConcurrentWorkOnRoot (/app/node_modules/.pnpm/react-dom@18.3.1_react@18.3.1/node_modules/react-dom/cjs/react-dom.development.js:25777:74)
          at flushActQueue (/app/node_modules/.pnpm/react@18.3.1/node_modules/react/cjs/react.development.js:2667:24)
          at act (/app/node_modules/.pnpm/react@18.3.1/node_modules/react/cjs/react.development.js:2582:11)
          at /app/node_modules/.pnpm/@testing-library+react@16.3.2_@testing-library+dom@10.4.1_@types+react-dom@18.3.7_@types+reac_3k5f6qynewwmkoqvlvtzlgtsjq/node_modules/@testing-library/react/dist/act-compat.js:46:25
          at renderRoot (/app/node_modules/.pnpm/@testing-library+react@16.3.2_@testing-library+dom@10.4.1_@types+react-dom@18.3.7_@types+reac_3k5f6qynewwmkoqvlvtzlgtsjq/node_modules/@testing-library/react/dist/pure.js:189:26)
          at render (/app/node_modules/.pnpm/@testing-library+react@16.3.2_@testing-library+dom@10.4.1_@types+react-dom@18.3.7_@types+reac_3k5f6qynewwmkoqvlvtzlgtsjq/node_modules/@testing-library/react/dist/pure.js:291:10)
          at Object.<anonymous> (/app/apps/admin/components/__tests__/permissions-table.test.tsx:55:11)
          at Promise.then.completed (/app/node_modules/.pnpm/jest-circus@29.7.0/node_modules/jest-circus/build/utils.js:298:28)
          at new Promise (<anonymous>)
          at callAsyncCircusFn (/app/node_modules/.pnpm/jest-circus@29.7.0/node_modules/jest-circus/build/utils.js:231:10)
          at _callCircusTest (/app/node_modules/.pnpm/jest-circus@29.7.0/node_modules/jest-circus/build/run.js:316:40)
          at processTicksAndRejections (node:internal/process/task_queues:103:5)
          at _runTest (/app/node_modules/.pnpm/jest-circus@29.7.0/node_modules/jest-circus/build/run.js:252:3)
          at _runTestsForDescribeBlock (/app/node_modules/.pnpm/jest-circus@29.7.0/node_modules/jest-circus/build/run.js:126:9)
          at _runTestsForDescribeBlock (/app/node_modules/.pnpm/jest-circus@29.7.0/node_modules/jest-circus/build/run.js:121:9)
          at run (/app/node_modules/.pnpm/jest-circus@29.7.0/node_modules/jest-circus/build/run.js:71:3)
          at runAndTransformResultsToJestFormat (/app/node_modules/.pnpm/jest-circus@29.7.0/node_modules/jest-circus/build/legacy-code-todo-rewrite/jestAdapterInit.js:122:21)
          at jestAdapter (/app/node_modules/.pnpm/jest-circus@29.7.0/node_modules/jest-circus/build/legacy-code-todo-rewrite/jestAdapter.js:79:19)
          at runTestInternal (/app/node_modules/.pnpm/jest-runner@29.7.0/node_modules/jest-runner/build/runTest.js:367:16)
          at runTest (/app/node_modules/.pnpm/jest-runner@29.7.0/node_modules/jest-runner/build/runTest.js:444:34)
          at Object.worker (/app/node_modules/.pnpm/jest-runner@29.7.0/node_modules/jest-runner/build/testWorker.js:106:12) {
        detail: Error: `Tooltip` must be used within `TooltipProvider`
            at useContext2 (/app/node_modules/.pnpm/@radix-ui+react-context@1.1.2_@types+react@18.3.29_react@18.3.1/node_modules/@radix-ui/react-context/src/create-context.tsx:75:13)
            at Tooltip (/app/node_modules/.pnpm/@radix-ui+react-tooltip@1.2.8_@types+react-dom@18.3.7_@types+react@18.3.29__@types+react@18.3_xrwsnt2rmlacewwolijhmzdoxi/node_modules/@radix-ui/react-tooltip/src/tooltip.tsx:162:27)
            at renderWithHooks (/app/node_modules/.pnpm/react-dom@18.3.1_react@18.3.1/node_modules/react-dom/cjs/react-dom.development.js:15486:18)
            at mountIndeterminateComponent (/app/node_modules/.pnpm/react-dom@18.3.1_react@18.3.1/node_modules/react-dom/cjs/react-dom.development.js:20103:13)
            at beginWork (/app/node_modules/.pnpm/react-dom@18.3.1_react@18.3.1/node_modules/react-dom/cjs/react-dom.development.js:21626:16)
            at HTMLUnknownElement.callCallback (/app/node_modules/.pnpm/react-dom@18.3.1_react@18.3.1/node_modules/react-dom/cjs/react-dom.development.js:4164:14)
            at HTMLUnknownElement.callTheUserObjectsOperation (/app/node_modules/.pnpm/jsdom@20.0.3/node_modules/jsdom/lib/jsdom/living/generated/EventListener.js:26:30)
            at innerInvokeEventListeners (/app/node_modules/.pnpm/jsdom@20.0.3/node_modules/jsdom/lib/jsdom/living/events/EventTarget-impl.js:350:25)
            at invokeEventListeners (/app/node_modules/.pnpm/jsdom@20.0.3/node_modules/jsdom/lib/jsdom/living/events/EventTarget-impl.js:286:3)
            at HTMLUnknownElementImpl._dispatch (/app/node_modules/.pnpm/jsdom@20.0.3/node_modules/jsdom/lib/jsdom/living/events/EventTarget-impl.js:233:9)
            at HTMLUnknownElementImpl.dispatchEvent (/app/node_modules/.pnpm/jsdom@20.0.3/node_modules/jsdom/lib/jsdom/living/events/EventTarget-impl.js:104:17)
            at HTMLUnknownElement.dispatchEvent (/app/node_modules/.pnpm/jsdom@20.0.3/node_modules/jsdom/lib/jsdom/living/generated/EventTarget.js:241:34)
            at Object.invokeGuardedCallbackDev (/app/node_modules/.pnpm/react-dom@18.3.1_react@18.3.1/node_modules/react-dom/cjs/react-dom.development.js:4213:16)
            at invokeGuardedCallback (/app/node_modules/.pnpm/react-dom@18.3.1_react@18.3.1/node_modules/react-dom/cjs/react-dom.development.js:4277:31)
            at beginWork$1 (/app/node_modules/.pnpm/react-dom@18.3.1_react@18.3.1/node_modules/react-dom/cjs/react-dom.development.js:27490:7)
            at performUnitOfWork (/app/node_modules/.pnpm/react-dom@18.3.1_react@18.3.1/node_modules/react-dom/cjs/react-dom.development.js:26599:12)
            at workLoopSync (/app/node_modules/.pnpm/react-dom@18.3.1_react@18.3.1/node_modules/react-dom/cjs/react-dom.development.js:26505:5)
            at renderRootSync (/app/node_modules/.pnpm/react-dom@18.3.1_react@18.3.1/node_modules/react-dom/cjs/react-dom.development.js:26473:7)
            at performConcurrentWorkOnRoot (/app/node_modules/.pnpm/react-dom@18.3.1_react@18.3.1/node_modules/react-dom/cjs/react-dom.development.js:25777:74)
            at flushActQueue (/app/node_modules/.pnpm/react@18.3.1/node_modules/react/cjs/react.development.js:2667:24)
            at act (/app/node_modules/.pnpm/react@18.3.1/node_modules/react/cjs/react.development.js:2582:11)
            at /app/node_modules/.pnpm/@testing-library+react@16.3.2_@testing-library+dom@10.4.1_@types+react-dom@18.3.7_@types+reac_3k5f6qynewwmkoqvlvtzlgtsjq/node_modules/@testing-library/react/dist/act-compat.js:46:25
            at renderRoot (/app/node_modules/.pnpm/@testing-library+react@16.3.2_@testing-library+dom@10.4.1_@types+react-dom@18.3.7_@types+reac_3k5f6qynewwmkoqvlvtzlgtsjq/node_modules/@testing-library/react/dist/pure.js:189:26)
            at render (/app/node_modules/.pnpm/@testing-library+react@16.3.2_@testing-library+dom@10.4.1_@types+react-dom@18.3.7_@types+reac_3k5f6qynewwmkoqvlvtzlgtsjq/node_modules/@testing-library/react/dist/pure.js:291:10)
            at Object.<anonymous> (/app/apps/admin/components/__tests__/permissions-table.test.tsx:55:11)
            at Promise.then.completed (/app/node_modules/.pnpm/jest-circus@29.7.0/node_modules/jest-circus/build/utils.js:298:28)
            at new Promise (<anonymous>)
            at callAsyncCircusFn (/app/node_modules/.pnpm/jest-circus@29.7.0/node_modules/jest-circus/build/utils.js:231:10)
            at _callCircusTest (/app/node_modules/.pnpm/jest-circus@29.7.0/node_modules/jest-circus/build/run.js:316:40)
            at processTicksAndRejections (node:internal/process/task_queues:103:5)
            at _runTest (/app/node_modules/.pnpm/jest-circus@29.7.0/node_modules/jest-circus/build/run.js:252:3)
            at _runTestsForDescribeBlock (/app/node_modules/.pnpm/jest-circus@29.7.0/node_modules/jest-circus/build/run.js:126:9)
            at _runTestsForDescribeBlock (/app/node_modules/.pnpm/jest-circus@29.7.0/node_modules/jest-circus/build/run.js:121:9)
            at run (/app/node_modules/.pnpm/jest-circus@29.7.0/node_modules/jest-circus/build/run.js:71:3)
            at runAndTransformResultsToJestFormat (/app/node_modules/.pnpm/jest-circus@29.7.0/node_modules/jest-circus/build/legacy-code-todo-rewrite/jestAdapterInit.js:122:21)
            at jestAdapter (/app/node_modules/.pnpm/jest-circus@29.7.0/node_modules/jest-circus/build/legacy-code-todo-rewrite/jestAdapter.js:79:19)
            at runTestInternal (/app/node_modules/.pnpm/jest-runner@29.7.0/node_modules/jest-runner/build/runTest.js:367:16)
            at runTest (/app/node_modules/.pnpm/jest-runner@29.7.0/node_modules/jest-runner/build/runTest.js:444:34)
            at Object.worker (/app/node_modules/.pnpm/jest-runner@29.7.0/node_modules/jest-runner/build/testWorker.js:106:12),
        type: 'unhandled exception'
      }

      53 |
      54 |   it('renders rows with names and the Platform badge for platform.*', () => {
    > 55 |     render(withIntl(<PermissionsTable initial={initial} apps={apps} />))
         |           ^
      56 |     expect(screen.getByText('apps.read')).toBeInTheDocument()
      57 |     expect(screen.getByText('platform.users.manage')).toBeInTheDocument()
      58 |     expect(screen.getByText(en.permissions.badges.platform)).toBeInTheDocument()

      at VirtualConsole.<anonymous> (../../node_modules/.pnpm/jest-environment-jsdom@29.7.0/node_modules/jest-environment-jsdom/build/index.js:63:23)
      at reportException (../../node_modules/.pnpm/jsdom@20.0.3/node_modules/jsdom/lib/jsdom/living/helpers/runtime-script-errors.js:70:28)
      at innerInvokeEventListeners (../../node_modules/.pnpm/jsdom@20.0.3/node_modules/jsdom/lib/jsdom/living/events/EventTarget-impl.js:353:9)
      at invokeEventListeners (../../node_modules/.pnpm/jsdom@20.0.3/node_modules/jsdom/lib/jsdom/living/events/EventTarget-impl.js:286:3)
      at HTMLUnknownElementImpl._dispatch (../../node_modules/.pnpm/jsdom@20.0.3/node_modules/jsdom/lib/jsdom/living/events/EventTarget-impl.js:233:9)
      at HTMLUnknownElementImpl.dispatchEvent (../../node_modules/.pnpm/jsdom@20.0.3/node_modules/jsdom/lib/jsdom/living/events/EventTarget-impl.js:104:17)
      at HTMLUnknownElement.dispatchEvent (../../node_modules/.pnpm/jsdom@20.0.3/node_modules/jsdom/lib/jsdom/living/generated/EventTarget.js:241:34)
      at Object.invokeGuardedCallbackDev (../../node_modules/.pnpm/react-dom@18.3.1_react@18.3.1/node_modules/react-dom/cjs/react-dom.development.js:4213:16)
      at invokeGuardedCallback (../../node_modules/.pnpm/react-dom@18.3.1_react@18.3.1/node_modules/react-dom/cjs/react-dom.development.js:4277:31)
      at beginWork$1 (../../node_modules/.pnpm/react-dom@18.3.1_react@18.3.1/node_modules/react-dom/cjs/react-dom.development.js:27490:7)
      at performUnitOfWork (../../node_modules/.pnpm/react-dom@18.3.1_react@18.3.1/node_modules/react-dom/cjs/react-dom.development.js:26599:12)
      at workLoopSync (../../node_modules/.pnpm/react-dom@18.3.1_react@18.3.1/node_modules/react-dom/cjs/react-dom.development.js:26505:5)
      at renderRootSync (../../node_modules/.pnpm/react-dom@18.3.1_react@18.3.1/node_modules/react-dom/cjs/react-dom.development.js:26473:7)
      at performConcurrentWorkOnRoot (../../node_modules/.pnpm/react-dom@18.3.1_react@18.3.1/node_modules/react-dom/cjs/react-dom.development.js:25777:74)
      at flushActQueue (../../node_modules/.pnpm/react@18.3.1/node_modules/react/cjs/react.development.js:2667:24)
      at act (../../node_modules/.pnpm/react@18.3.1/node_modules/react/cjs/react.development.js:2582:11)
      at ../../node_modules/.pnpm/@testing-library+react@16.3.2_@testing-library+dom@10.4.1_@types+react-dom@18.3.7_@types+reac_3k5f6qynewwmkoqvlvtzlgtsjq/node_modules/@testing-library/react/dist/act-compat.js:46:25
      at renderRoot (../../node_modules/.pnpm/@testing-library+react@16.3.2_@testing-library+dom@10.4.1_@types+react-dom@18.3.7_@types+reac_3k5f6qynewwmkoqvlvtzlgtsjq/node_modules/@testing-library/react/dist/pure.js:189:26)
      at render (../../node_modules/.pnpm/@testing-library+react@16.3.2_@testing-library+dom@10.4.1_@types+react-dom@18.3.7_@types+reac_3k5f6qynewwmkoqvlvtzlgtsjq/node_modules/@testing-library/react/dist/pure.js:291:10)
      at Object.<anonymous> (components/__tests__/permissions-table.test.tsx:55:11)

    console.error
      Error: Uncaught [Error: `Tooltip` must be used within `TooltipProvider`]
          at reportException (/app/node_modules/.pnpm/jsdom@20.0.3/node_modules/jsdom/lib/jsdom/living/helpers/runtime-script-errors.js:66:24)
          at innerInvokeEventListeners (/app/node_modules/.pnpm/jsdom@20.0.3/node_modules/jsdom/lib/jsdom/living/events/EventTarget-impl.js:353:9)
          at invokeEventListeners (/app/node_modules/.pnpm/jsdom@20.0.3/node_modules/jsdom/lib/jsdom/living/events/EventTarget-impl.js:286:3)
          at HTMLUnknownElementImpl._dispatch (/app/node_modules/.pnpm/jsdom@20.0.3/node_modules/jsdom/lib/jsdom/living/events/EventTarget-impl.js:233:9)
          at HTMLUnknownElementImpl.dispatchEvent (/app/node_modules/.pnpm/jsdom@20.0.3/node_modules/jsdom/lib/jsdom/living/events/EventTarget-impl.js:104:17)
          at HTMLUnknownElement.dispatchEvent (/app/node_modules/.pnpm/jsdom@20.0.3/node_modules/jsdom/lib/jsdom/living/generated/EventTarget.js:241:34)
          at Object.invokeGuardedCallbackDev (/app/node_modules/.pnpm/react-dom@18.3.1_react@18.3.1/node_modules/react-dom/cjs/react-dom.development.js:4213:16)
          at invokeGuardedCallback (/app/node_modules/.pnpm/react-dom@18.3.1_react@18.3.1/node_modules/react-dom/cjs/react-dom.development.js:4277:31)
          at beginWork$1 (/app/node_modules/.pnpm/react-dom@18.3.1_react@18.3.1/node_modules/react-dom/cjs/react-dom.development.js:27490:7)
          at performUnitOfWork (/app/node_modules/.pnpm/react-dom@18.3.1_react@18.3.1/node_modules/react-dom/cjs/react-dom.development.js:26599:12)
          at workLoopSync (/app/node_modules/.pnpm/react-dom@18.3.1_react@18.3.1/node_modules/react-dom/cjs/react-dom.development.js:26505:5)
          at renderRootSync (/app/node_modules/.pnpm/react-dom@18.3.1_react@18.3.1/node_modules/react-dom/cjs/react-dom.development.js:26473:7)
          at performConcurrentWorkOnRoot (/app/node_modules/.pnpm/react-dom@18.3.1_react@18.3.1/node_modules/react-dom/cjs/react-dom.development.js:25777:74)
          at flushActQueue (/app/node_modules/.pnpm/react@18.3.1/node_modules/react/cjs/react.development.js:2667:24)
          at act (/app/node_modules/.pnpm/react@18.3.1/node_modules/react/cjs/react.development.js:2582:11)
          at /app/node_modules/.pnpm/@testing-library+react@16.3.2_@testing-library+dom@10.4.1_@types+react-dom@18.3.7_@types+reac_3k5f6qynewwmkoqvlvtzlgtsjq/node_modules/@testing-library/react/dist/act-compat.js:46:25
          at renderRoot (/app/node_modules/.pnpm/@testing-library+react@16.3.2_@testing-library+dom@10.4.1_@types+react-dom@18.3.7_@types+reac_3k5f6qynewwmkoqvlvtzlgtsjq/node_modules/@testing-library/react/dist/pure.js:189:26)
          at render (/app/node_modules/.pnpm/@testing-library+react@16.3.2_@testing-library+dom@10.4.1_@types+react-dom@18.3.7_@types+reac_3k5f6qynewwmkoqvlvtzlgtsjq/node_modules/@testing-library/react/dist/pure.js:291:10)
          at Object.<anonymous> (/app/apps/admin/components/__tests__/permissions-table.test.tsx:55:11)
          at Promise.then.completed (/app/node_modules/.pnpm/jest-circus@29.7.0/node_modules/jest-circus/build/utils.js:298:28)
          at new Promise (<anonymous>)
          at callAsyncCircusFn (/app/node_modules/.pnpm/jest-circus@29.7.0/node_modules/jest-circus/build/utils.js:231:10)
          at _callCircusTest (/app/node_modules/.pnpm/jest-circus@29.7.0/node_modules/jest-circus/build/run.js:316:40)
          at processTicksAndRejections (node:internal/process/task_queues:103:5)
          at _runTest (/app/node_modules/.pnpm/jest-circus@29.7.0/node_modules/jest-circus/build/run.js:252:3)
          at _runTestsForDescribeBlock (/app/node_modules/.pnpm/jest-circus@29.7.0/node_modules/jest-circus/build/run.js:126:9)
          at _runTestsForDescribeBlock (/app/node_modules/.pnpm/jest-circus@29.7.0/node_modules/jest-circus/build/run.js:121:9)
          at run (/app/node_modules/.pnpm/jest-circus@29.7.0/node_modules/jest-circus/build/run.js:71:3)
          at runAndTransformResultsToJestFormat (/app/node_modules/.pnpm/jest-circus@29.7.0/node_modules/jest-circus/build/legacy-code-todo-rewrite/jestAdapterInit.js:122:21)
          at jestAdapter (/app/node_modules/.pnpm/jest-circus@29.7.0/node_modules/jest-circus/build/legacy-code-todo-rewrite/jestAdapter.js:79:19)
          at runTestInternal (/app/node_modules/.pnpm/jest-runner@29.7.0/node_modules/jest-runner/build/runTest.js:367:16)
          at runTest (/app/node_modules/.pnpm/jest-runner@29.7.0/node_modules/jest-runner/build/runTest.js:444:34)
          at Object.worker (/app/node_modules/.pnpm/jest-runner@29.7.0/node_modules/jest-runner/build/testWorker.js:106:12) {
        detail: Error: `Tooltip` must be used within `TooltipProvider`
            at useContext2 (/app/node_modules/.pnpm/@radix-ui+react-context@1.1.2_@types+react@18.3.29_react@18.3.1/node_modules/@radix-ui/react-context/src/create-context.tsx:75:13)
            at Tooltip (/app/node_modules/.pnpm/@radix-ui+react-tooltip@1.2.8_@types+react-dom@18.3.7_@types+react@18.3.29__@types+react@18.3_xrwsnt2rmlacewwolijhmzdoxi/node_modules/@radix-ui/react-tooltip/src/tooltip.tsx:162:27)
            at renderWithHooks (/app/node_modules/.pnpm/react-dom@18.3.1_react@18.3.1/node_modules/react-dom/cjs/react-dom.development.js:15486:18)
            at mountIndeterminateComponent (/app/node_modules/.pnpm/react-dom@18.3.1_react@18.3.1/node_modules/react-dom/cjs/react-dom.development.js:20103:13)
            at beginWork (/app/node_modules/.pnpm/react-dom@18.3.1_react@18.3.1/node_modules/react-dom/cjs/react-dom.development.js:21626:16)
            at HTMLUnknownElement.callCallback (/app/node_modules/.pnpm/react-dom@18.3.1_react@18.3.1/node_modules/react-dom/cjs/react-dom.development.js:4164:14)
            at HTMLUnknownElement.callTheUserObjectsOperation (/app/node_modules/.pnpm/jsdom@20.0.3/node_modules/jsdom/lib/jsdom/living/generated/EventListener.js:26:30)
            at innerInvokeEventListeners (/app/node_modules/.pnpm/jsdom@20.0.3/node_modules/jsdom/lib/jsdom/living/events/EventTarget-impl.js:350:25)
            at invokeEventListeners (/app/node_modules/.pnpm/jsdom@20.0.3/node_modules/jsdom/lib/jsdom/living/events/EventTarget-impl.js:286:3)
            at HTMLUnknownElementImpl._dispatch (/app/node_modules/.pnpm/jsdom@20.0.3/node_modules/jsdom/lib/jsdom/living/events/EventTarget-impl.js:233:9)
            at HTMLUnknownElementImpl.dispatchEvent (/app/node_modules/.pnpm/jsdom@20.0.3/node_modules/jsdom/lib/jsdom/living/events/EventTarget-impl.js:104:17)
            at HTMLUnknownElement.dispatchEvent (/app/node_modules/.pnpm/jsdom@20.0.3/node_modules/jsdom/lib/jsdom/living/generated/EventTarget.js:241:34)
            at Object.invokeGuardedCallbackDev (/app/node_modules/.pnpm/react-dom@18.3.1_react@18.3.1/node_modules/react-dom/cjs/react-dom.development.js:4213:16)
            at invokeGuardedCallback (/app/node_modules/.pnpm/react-dom@18.3.1_react@18.3.1/node_modules/react-dom/cjs/react-dom.development.js:4277:31)
            at beginWork$1 (/app/node_modules/.pnpm/react-dom@18.3.1_react@18.3.1/node_modules/react-dom/cjs/react-dom.development.js:27490:7)
            at performUnitOfWork (/app/node_modules/.pnpm/react-dom@18.3.1_react@18.3.1/node_modules/react-dom/cjs/react-dom.development.js:26599:12)
            at workLoopSync (/app/node_modules/.pnpm/react-dom@18.3.1_react@18.3.1/node_modules/react-dom/cjs/react-dom.development.js:26505:5)
            at renderRootSync (/app/node_modules/.pnpm/react-dom@18.3.1_react@18.3.1/node_modules/react-dom/cjs/react-dom.development.js:26473:7)
            at performConcurrentWorkOnRoot (/app/node_modules/.pnpm/react-dom@18.3.1_react@18.3.1/node_modules/react-dom/cjs/react-dom.development.js:25777:74)
            at flushActQueue (/app/node_modules/.pnpm/react@18.3.1/node_modules/react/cjs/react.development.js:2667:24)
            at act (/app/node_modules/.pnpm/react@18.3.1/node_modules/react/cjs/react.development.js:2582:11)
            at /app/node_modules/.pnpm/@testing-library+react@16.3.2_@testing-library+dom@10.4.1_@types+react-dom@18.3.7_@types+reac_3k5f6qynewwmkoqvlvtzlgtsjq/node_modules/@testing-library/react/dist/act-compat.js:46:25
            at renderRoot (/app/node_modules/.pnpm/@testing-library+react@16.3.2_@testing-library+dom@10.4.1_@types+react-dom@18.3.7_@types+reac_3k5f6qynewwmkoqvlvtzlgtsjq/node_modules/@testing-library/react/dist/pure.js:189:26)
            at render (/app/node_modules/.pnpm/@testing-library+react@16.3.2_@testing-library+dom@10.4.1_@types+react-dom@18.3.7_@types+reac_3k5f6qynewwmkoqvlvtzlgtsjq/node_modules/@testing-library/react/dist/pure.js:291:10)
            at Object.<anonymous> (/app/apps/admin/components/__tests__/permissions-table.test.tsx:55:11)
            at Promise.then.completed (/app/node_modules/.pnpm/jest-circus@29.7.0/node_modules/jest-circus/build/utils.js:298:28)
            at new Promise (<anonymous>)
            at callAsyncCircusFn (/app/node_modules/.pnpm/jest-circus@29.7.0/node_modules/jest-circus/build/utils.js:231:10)
            at _callCircusTest (/app/node_modules/.pnpm/jest-circus@29.7.0/node_modules/jest-circus/build/run.js:316:40)
            at processTicksAndRejections (node:internal/process/task_queues:103:5)
            at _runTest (/app/node_modules/.pnpm/jest-circus@29.7.0/node_modules/jest-circus/build/run.js:252:3)
            at _runTestsForDescribeBlock (/app/node_modules/.pnpm/jest-circus@29.7.0/node_modules/jest-circus/build/run.js:126:9)
            at _runTestsForDescribeBlock (/app/node_modules/.pnpm/jest-circus@29.7.0/node_modules/jest-circus/build/run.js:121:9)
            at run (/app/node_modules/.pnpm/jest-circus@29.7.0/node_modules/jest-circus/build/run.js:71:3)
            at runAndTransformResultsToJestFormat (/app/node_modules/.pnpm/jest-circus@29.7.0/node_modules/jest-circus/build/legacy-code-todo-rewrite/jestAdapterInit.js:122:21)
            at jestAdapter (/app/node_modules/.pnpm/jest-circus@29.7.0/node_modules/jest-circus/build/legacy-code-todo-rewrite/jestAdapter.js:79:19)
            at runTestInternal (/app/node_modules/.pnpm/jest-runner@29.7.0/node_modules/jest-runner/build/runTest.js:367:16)
            at runTest (/app/node_modules/.pnpm/jest-runner@29.7.0/node_modules/jest-runner/build/runTest.js:444:34)
            at Object.worker (/app/node_modules/.pnpm/jest-runner@29.7.0/node_modules/jest-runner/build/testWorker.js:106:12),
        type: 'unhandled exception'
      }

      53 |
      54 |   it('renders rows with names and the Platform badge for platform.*', () => {
    > 55 |     render(withIntl(<PermissionsTable initial={initial} apps={apps} />))
         |           ^
      56 |     expect(screen.getByText('apps.read')).toBeInTheDocument()
      57 |     expect(screen.getByText('platform.users.manage')).toBeInTheDocument()
      58 |     expect(screen.getByText(en.permissions.badges.platform)).toBeInTheDocument()

      at VirtualConsole.<anonymous> (../../node_modules/.pnpm/jest-environment-jsdom@29.7.0/node_modules/jest-environment-jsdom/build/index.js:63:23)
      at reportException (../../node_modules/.pnpm/jsdom@20.0.3/node_modules/jsdom/lib/jsdom/living/helpers/runtime-script-errors.js:70:28)
      at innerInvokeEventListeners (../../node_modules/.pnpm/jsdom@20.0.3/node_modules/jsdom/lib/jsdom/living/events/EventTarget-impl.js:353:9)
      at invokeEventListeners (../../node_modules/.pnpm/jsdom@20.0.3/node_modules/jsdom/lib/jsdom/living/events/EventTarget-impl.js:286:3)
      at HTMLUnknownElementImpl._dispatch (../../node_modules/.pnpm/jsdom@20.0.3/node_modules/jsdom/lib/jsdom/living/events/EventTarget-impl.js:233:9)
      at HTMLUnknownElementImpl.dispatchEvent (../../node_modules/.pnpm/jsdom@20.0.3/node_modules/jsdom/lib/jsdom/living/events/EventTarget-impl.js:104:17)
      at HTMLUnknownElement.dispatchEvent (../../node_modules/.pnpm/jsdom@20.0.3/node_modules/jsdom/lib/jsdom/living/generated/EventTarget.js:241:34)
      at Object.invokeGuardedCallbackDev (../../node_modules/.pnpm/react-dom@18.3.1_react@18.3.1/node_modules/react-dom/cjs/react-dom.development.js:4213:16)
      at invokeGuardedCallback (../../node_modules/.pnpm/react-dom@18.3.1_react@18.3.1/node_modules/react-dom/cjs/react-dom.development.js:4277:31)
      at beginWork$1 (../../node_modules/.pnpm/react-dom@18.3.1_react@18.3.1/node_modules/react-dom/cjs/react-dom.development.js:27490:7)
      at performUnitOfWork (../../node_modules/.pnpm/react-dom@18.3.1_react@18.3.1/node_modules/react-dom/cjs/react-dom.development.js:26599:12)
      at workLoopSync (../../node_modules/.pnpm/react-dom@18.3.1_react@18.3.1/node_modules/react-dom/cjs/react-dom.development.js:26505:5)
      at renderRootSync (../../node_modules/.pnpm/react-dom@18.3.1_react@18.3.1/node_modules/react-dom/cjs/react-dom.development.js:26473:7)
      at performConcurrentWorkOnRoot (../../node_modules/.pnpm/react-dom@18.3.1_react@18.3.1/node_modules/react-dom/cjs/react-dom.development.js:25777:74)
      at flushActQueue (../../node_modules/.pnpm/react@18.3.1/node_modules/react/cjs/react.development.js:2667:24)
      at act (../../node_modules/.pnpm/react@18.3.1/node_modules/react/cjs/react.development.js:2582:11)
      at ../../node_modules/.pnpm/@testing-library+react@16.3.2_@testing-library+dom@10.4.1_@types+react-dom@18.3.7_@types+reac_3k5f6qynewwmkoqvlvtzlgtsjq/node_modules/@testing-library/react/dist/act-compat.js:46:25
      at renderRoot (../../node_modules/.pnpm/@testing-library+react@16.3.2_@testing-library+dom@10.4.1_@types+react-dom@18.3.7_@types+reac_3k5f6qynewwmkoqvlvtzlgtsjq/node_modules/@testing-library/react/dist/pure.js:189:26)
      at render (../../node_modules/.pnpm/@testing-library+react@16.3.2_@testing-library+dom@10.4.1_@types+react-dom@18.3.7_@types+reac_3k5f6qynewwmkoqvlvtzlgtsjq/node_modules/@testing-library/react/dist/pure.js:291:10)
      at Object.<anonymous> (components/__tests__/permissions-table.test.tsx:55:11)

    console.error
      Error: Uncaught [Error: `Tooltip` must be used within `TooltipProvider`]
          at reportException (/app/node_modules/.pnpm/jsdom@20.0.3/node_modules/jsdom/lib/jsdom/living/helpers/runtime-script-errors.js:66:24)
          at innerInvokeEventListeners (/app/node_modules/.pnpm/jsdom@20.0.3/node_modules/jsdom/lib/jsdom/living/events/EventTarget-impl.js:353:9)
          at invokeEventListeners (/app/node_modules/.pnpm/jsdom@20.0.3/node_modules/jsdom/lib/jsdom/living/events/EventTarget-impl.js:286:3)
          at HTMLUnknownElementImpl._dispatch (/app/node_modules/.pnpm/jsdom@20.0.3/node_modules/jsdom/lib/jsdom/living/events/EventTarget-impl.js:233:9)
          at HTMLUnknownElementImpl.dispatchEvent (/app/node_modules/.pnpm/jsdom@20.0.3/node_modules/jsdom/lib/jsdom/living/events/EventTarget-impl.js:104:17)
          at HTMLUnknownElement.dispatchEvent (/app/node_modules/.pnpm/jsdom@20.0.3/node_modules/jsdom/lib/jsdom/living/generated/EventTarget.js:241:34)
          at Object.invokeGuardedCallbackDev (/app/node_modules/.pnpm/react-dom@18.3.1_react@18.3.1/node_modules/react-dom/cjs/react-dom.development.js:4213:16)
          at invokeGuardedCallback (/app/node_modules/.pnpm/react-dom@18.3.1_react@18.3.1/node_modules/react-dom/cjs/react-dom.development.js:4277:31)
          at beginWork$1 (/app/node_modules/.pnpm/react-dom@18.3.1_react@18.3.1/node_modules/react-dom/cjs/react-dom.development.js:27490:7)
          at performUnitOfWork (/app/node_modules/.pnpm/react-dom@18.3.1_react@18.3.1/node_modules/react-dom/cjs/react-dom.development.js:26599:12)
          at workLoopSync (/app/node_modules/.pnpm/react-dom@18.3.1_react@18.3.1/node_modules/react-dom/cjs/react-dom.development.js:26505:5)
          at renderRootSync (/app/node_modules/.pnpm/react-dom@18.3.1_react@18.3.1/node_modules/react-dom/cjs/react-dom.development.js:26473:7)
          at performConcurrentWorkOnRoot (/app/node_modules/.pnpm/react-dom@18.3.1_react@18.3.1/node_modules/react-dom/cjs/react-dom.development.js:25777:74)
          at flushActQueue (/app/node_modules/.pnpm/react@18.3.1/node_modules/react/cjs/react.development.js:2667:24)
          at act (/app/node_modules/.pnpm/react@18.3.1/node_modules/react/cjs/react.development.js:2582:11)
          at /app/node_modules/.pnpm/@testing-library+react@16.3.2_@testing-library+dom@10.4.1_@types+react-dom@18.3.7_@types+reac_3k5f6qynewwmkoqvlvtzlgtsjq/node_modules/@testing-library/react/dist/act-compat.js:46:25
          at renderRoot (/app/node_modules/.pnpm/@testing-library+react@16.3.2_@testing-library+dom@10.4.1_@types+react-dom@18.3.7_@types+reac_3k5f6qynewwmkoqvlvtzlgtsjq/node_modules/@testing-library/react/dist/pure.js:189:26)
          at render (/app/node_modules/.pnpm/@testing-library+react@16.3.2_@testing-library+dom@10.4.1_@types+react-dom@18.3.7_@types+reac_3k5f6qynewwmkoqvlvtzlgtsjq/node_modules/@testing-library/react/dist/pure.js:291:10)
          at Object.<anonymous> (/app/apps/admin/components/__tests__/permissions-table.test.tsx:55:11)
          at Promise.then.completed (/app/node_modules/.pnpm/jest-circus@29.7.0/node_modules/jest-circus/build/utils.js:298:28)
          at new Promise (<anonymous>)
          at callAsyncCircusFn (/app/node_modules/.pnpm/jest-circus@29.7.0/node_modules/jest-circus/build/utils.js:231:10)
          at _callCircusTest (/app/node_modules/.pnpm/jest-circus@29.7.0/node_modules/jest-circus/build/run.js:316:40)
          at processTicksAndRejections (node:internal/process/task_queues:103:5)
          at _runTest (/app/node_modules/.pnpm/jest-circus@29.7.0/node_modules/jest-circus/build/run.js:252:3)
          at _runTestsForDescribeBlock (/app/node_modules/.pnpm/jest-circus@29.7.0/node_modules/jest-circus/build/run.js:126:9)
          at _runTestsForDescribeBlock (/app/node_modules/.pnpm/jest-circus@29.7.0/node_modules/jest-circus/build/run.js:121:9)
          at run (/app/node_modules/.pnpm/jest-circus@29.7.0/node_modules/jest-circus/build/run.js:71:3)
          at runAndTransformResultsToJestFormat (/app/node_modules/.pnpm/jest-circus@29.7.0/node_modules/jest-circus/build/legacy-code-todo-rewrite/jestAdapterInit.js:122:21)
          at jestAdapter (/app/node_modules/.pnpm/jest-circus@29.7.0/node_modules/jest-circus/build/legacy-code-todo-rewrite/jestAdapter.js:79:19)
          at runTestInternal (/app/node_modules/.pnpm/jest-runner@29.7.0/node_modules/jest-runner/build/runTest.js:367:16)
          at runTest (/app/node_modules/.pnpm/jest-runner@29.7.0/node_modules/jest-runner/build/runTest.js:444:34)
          at Object.worker (/app/node_modules/.pnpm/jest-runner@29.7.0/node_modules/jest-runner/build/testWorker.js:106:12) {
        detail: Error: `Tooltip` must be used within `TooltipProvider`
            at useContext2 (/app/node_modules/.pnpm/@radix-ui+react-context@1.1.2_@types+react@18.3.29_react@18.3.1/node_modules/@radix-ui/react-context/src/create-context.tsx:75:13)
            at Tooltip (/app/node_modules/.pnpm/@radix-ui+react-tooltip@1.2.8_@types+react-dom@18.3.7_@types+react@18.3.29__@types+react@18.3_xrwsnt2rmlacewwolijhmzdoxi/node_modules/@radix-ui/react-tooltip/src/tooltip.tsx:162:27)
            at renderWithHooks (/app/node_modules/.pnpm/react-dom@18.3.1_react@18.3.1/node_modules/react-dom/cjs/react-dom.development.js:15486:18)
            at mountIndeterminateComponent (/app/node_modules/.pnpm/react-dom@18.3.1_react@18.3.1/node_modules/react-dom/cjs/react-dom.development.js:20103:13)
            at beginWork (/app/node_modules/.pnpm/react-dom@18.3.1_react@18.3.1/node_modules/react-dom/cjs/react-dom.development.js:21626:16)
            at HTMLUnknownElement.callCallback (/app/node_modules/.pnpm/react-dom@18.3.1_react@18.3.1/node_modules/react-dom/cjs/react-dom.development.js:4164:14)
            at HTMLUnknownElement.callTheUserObjectsOperation (/app/node_modules/.pnpm/jsdom@20.0.3/node_modules/jsdom/lib/jsdom/living/generated/EventListener.js:26:30)
            at innerInvokeEventListeners (/app/node_modules/.pnpm/jsdom@20.0.3/node_modules/jsdom/lib/jsdom/living/events/EventTarget-impl.js:350:25)
            at invokeEventListeners (/app/node_modules/.pnpm/jsdom@20.0.3/node_modules/jsdom/lib/jsdom/living/events/EventTarget-impl.js:286:3)
            at HTMLUnknownElementImpl._dispatch (/app/node_modules/.pnpm/jsdom@20.0.3/node_modules/jsdom/lib/jsdom/living/events/EventTarget-impl.js:233:9)
            at HTMLUnknownElementImpl.dispatchEvent (/app/node_modules/.pnpm/jsdom@20.0.3/node_modules/jsdom/lib/jsdom/living/events/EventTarget-impl.js:104:17)
            at HTMLUnknownElement.dispatchEvent (/app/node_modules/.pnpm/jsdom@20.0.3/node_modules/jsdom/lib/jsdom/living/generated/EventTarget.js:241:34)
            at Object.invokeGuardedCallbackDev (/app/node_modules/.pnpm/react-dom@18.3.1_react@18.3.1/node_modules/react-dom/cjs/react-dom.development.js:4213:16)
            at invokeGuardedCallback (/app/node_modules/.pnpm/react-dom@18.3.1_react@18.3.1/node_modules/react-dom/cjs/react-dom.development.js:4277:31)
            at beginWork$1 (/app/node_modules/.pnpm/react-dom@18.3.1_react@18.3.1/node_modules/react-dom/cjs/react-dom.development.js:27490:7)
            at performUnitOfWork (/app/node_modules/.pnpm/react-dom@18.3.1_react@18.3.1/node_modules/react-dom/cjs/react-dom.development.js:26599:12)
            at workLoopSync (/app/node_modules/.pnpm/react-dom@18.3.1_react@18.3.1/node_modules/react-dom/cjs/react-dom.development.js:26505:5)
            at renderRootSync (/app/node_modules/.pnpm/react-dom@18.3.1_react@18.3.1/node_modules/react-dom/cjs/react-dom.development.js:26473:7)
            at performConcurrentWorkOnRoot (/app/node_modules/.pnpm/react-dom@18.3.1_react@18.3.1/node_modules/react-dom/cjs/react-dom.development.js:25777:74)
            at flushActQueue (/app/node_modules/.pnpm/react@18.3.1/node_modules/react/cjs/react.development.js:2667:24)
            at act (/app/node_modules/.pnpm/react@18.3.1/node_modules/react/cjs/react.development.js:2582:11)
            at /app/node_modules/.pnpm/@testing-library+react@16.3.2_@testing-library+dom@10.4.1_@types+react-dom@18.3.7_@types+reac_3k5f6qynewwmkoqvlvtzlgtsjq/node_modules/@testing-library/react/dist/act-compat.js:46:25
            at renderRoot (/app/node_modules/.pnpm/@testing-library+react@16.3.2_@testing-library+dom@10.4.1_@types+react-dom@18.3.7_@types+reac_3k5f6qynewwmkoqvlvtzlgtsjq/node_modules/@testing-library/react/dist/pure.js:189:26)
            at render (/app/node_modules/.pnpm/@testing-library+react@16.3.2_@testing-library+dom@10.4.1_@types+react-dom@18.3.7_@types+reac_3k5f6qynewwmkoqvlvtzlgtsjq/node_modules/@testing-library/react/dist/pure.js:291:10)
            at Object.<anonymous> (/app/apps/admin/components/__tests__/permissions-table.test.tsx:55:11)
            at Promise.then.completed (/app/node_modules/.pnpm/jest-circus@29.7.0/node_modules/jest-circus/build/utils.js:298:28)
            at new Promise (<anonymous>)
            at callAsyncCircusFn (/app/node_modules/.pnpm/jest-circus@29.7.0/node_modules/jest-circus/build/utils.js:231:10)
            at _callCircusTest (/app/node_modules/.pnpm/jest-circus@29.7.0/node_modules/jest-circus/build/run.js:316:40)
            at processTicksAndRejections (node:internal/process/task_queues:103:5)
            at _runTest (/app/node_modules/.pnpm/jest-circus@29.7.0/node_modules/jest-circus/build/run.js:252:3)
            at _runTestsForDescribeBlock (/app/node_modules/.pnpm/jest-circus@29.7.0/node_modules/jest-circus/build/run.js:126:9)
            at _runTestsForDescribeBlock (/app/node_modules/.pnpm/jest-circus@29.7.0/node_modules/jest-circus/build/run.js:121:9)
            at run (/app/node_modules/.pnpm/jest-circus@29.7.0/node_modules/jest-circus/build/run.js:71:3)
            at runAndTransformResultsToJestFormat (/app/node_modules/.pnpm/jest-circus@29.7.0/node_modules/jest-circus/build/legacy-code-todo-rewrite/jestAdapterInit.js:122:21)
            at jestAdapter (/app/node_modules/.pnpm/jest-circus@29.7.0/node_modules/jest-circus/build/legacy-code-todo-rewrite/jestAdapter.js:79:19)
            at runTestInternal (/app/node_modules/.pnpm/jest-runner@29.7.0/node_modules/jest-runner/build/runTest.js:367:16)
            at runTest (/app/node_modules/.pnpm/jest-runner@29.7.0/node_modules/jest-runner/build/runTest.js:444:34)
            at Object.worker (/app/node_modules/.pnpm/jest-runner@29.7.0/node_modules/jest-runner/build/testWorker.js:106:12),
        type: 'unhandled exception'
      }

      53 |
      54 |   it('renders rows with names and the Platform badge for platform.*', () => {
    > 55 |     render(withIntl(<PermissionsTable initial={initial} apps={apps} />))
         |           ^
      56 |     expect(screen.getByText('apps.read')).toBeInTheDocument()
      57 |     expect(screen.getByText('platform.users.manage')).toBeInTheDocument()
      58 |     expect(screen.getByText(en.permissions.badges.platform)).toBeInTheDocument()

      at VirtualConsole.<anonymous> (../../node_modules/.pnpm/jest-environment-jsdom@29.7.0/node_modules/jest-environment-jsdom/build/index.js:63:23)
      at reportException (../../node_modules/.pnpm/jsdom@20.0.3/node_modules/jsdom/lib/jsdom/living/helpers/runtime-script-errors.js:70:28)
      at innerInvokeEventListeners (../../node_modules/.pnpm/jsdom@20.0.3/node_modules/jsdom/lib/jsdom/living/events/EventTarget-impl.js:353:9)
      at invokeEventListeners (../../node_modules/.pnpm/jsdom@20.0.3/node_modules/jsdom/lib/jsdom/living/events/EventTarget-impl.js:286:3)
      at HTMLUnknownElementImpl._dispatch (../../node_modules/.pnpm/jsdom@20.0.3/node_modules/jsdom/lib/jsdom/living/events/EventTarget-impl.js:233:9)
      at HTMLUnknownElementImpl.dispatchEvent (../../node_modules/.pnpm/jsdom@20.0.3/node_modules/jsdom/lib/jsdom/living/events/EventTarget-impl.js:104:17)
      at HTMLUnknownElement.dispatchEvent (../../node_modules/.pnpm/jsdom@20.0.3/node_modules/jsdom/lib/jsdom/living/generated/EventTarget.js:241:34)
      at Object.invokeGuardedCallbackDev (../../node_modules/.pnpm/react-dom@18.3.1_react@18.3.1/node_modules/react-dom/cjs/react-dom.development.js:4213:16)
      at invokeGuardedCallback (../../node_modules/.pnpm/react-dom@18.3.1_react@18.3.1/node_modules/react-dom/cjs/react-dom.development.js:4277:31)
      at beginWork$1 (../../node_modules/.pnpm/react-dom@18.3.1_react@18.3.1/node_modules/react-dom/cjs/react-dom.development.js:27490:7)
      at performUnitOfWork (../../node_modules/.pnpm/react-dom@18.3.1_react@18.3.1/node_modules/react-dom/cjs/react-dom.development.js:26599:12)
      at workLoopSync (../../node_modules/.pnpm/react-dom@18.3.1_react@18.3.1/node_modules/react-dom/cjs/react-dom.development.js:26505:5)
      at renderRootSync (../../node_modules/.pnpm/react-dom@18.3.1_react@18.3.1/node_modules/react-dom/cjs/react-dom.development.js:26473:7)
      at performConcurrentWorkOnRoot (../../node_modules/.pnpm/react-dom@18.3.1_react@18.3.1/node_modules/react-dom/cjs/react-dom.development.js:25777:74)
      at flushActQueue (../../node_modules/.pnpm/react@18.3.1/node_modules/react/cjs/react.development.js:2667:24)
      at act (../../node_modules/.pnpm/react@18.3.1/node_modules/react/cjs/react.development.js:2582:11)
      at ../../node_modules/.pnpm/@testing-library+react@16.3.2_@testing-library+dom@10.4.1_@types+react-dom@18.3.7_@types+reac_3k5f6qynewwmkoqvlvtzlgtsjq/node_modules/@testing-library/react/dist/act-compat.js:46:25
      at renderRoot (../../node_modules/.pnpm/@testing-library+react@16.3.2_@testing-library+dom@10.4.1_@types+react-dom@18.3.7_@types+reac_3k5f6qynewwmkoqvlvtzlgtsjq/node_modules/@testing-library/react/dist/pure.js:189:26)
      at render (../../node_modules/.pnpm/@testing-library+react@16.3.2_@testing-library+dom@10.4.1_@types+react-dom@18.3.7_@types+reac_3k5f6qynewwmkoqvlvtzlgtsjq/node_modules/@testing-library/react/dist/pure.js:291:10)
      at Object.<anonymous> (components/__tests__/permissions-table.test.tsx:55:11)

    console.error
      Error: Uncaught [Error: `Tooltip` must be used within `TooltipProvider`]
          at reportException (/app/node_modules/.pnpm/jsdom@20.0.3/node_modules/jsdom/lib/jsdom/living/helpers/runtime-script-errors.js:66:24)
          at innerInvokeEventListeners (/app/node_modules/.pnpm/jsdom@20.0.3/node_modules/jsdom/lib/jsdom/living/events/EventTarget-impl.js:353:9)
          at invokeEventListeners (/app/node_modules/.pnpm/jsdom@20.0.3/node_modules/jsdom/lib/jsdom/living/events/EventTarget-impl.js:286:3)
          at HTMLUnknownElementImpl._dispatch (/app/node_modules/.pnpm/jsdom@20.0.3/node_modules/jsdom/lib/jsdom/living/events/EventTarget-impl.js:233:9)
          at HTMLUnknownElementImpl.dispatchEvent (/app/node_modules/.pnpm/jsdom@20.0.3/node_modules/jsdom/lib/jsdom/living/events/EventTarget-impl.js:104:17)
          at HTMLUnknownElement.dispatchEvent (/app/node_modules/.pnpm/jsdom@20.0.3/node_modules/jsdom/lib/jsdom/living/generated/EventTarget.js:241:34)
          at Object.invokeGuardedCallbackDev (/app/node_modules/.pnpm/react-dom@18.3.1_react@18.3.1/node_modules/react-dom/cjs/react-dom.development.js:4213:16)
          at invokeGuardedCallback (/app/node_modules/.pnpm/react-dom@18.3.1_react@18.3.1/node_modules/react-dom/cjs/react-dom.development.js:4277:31)
          at beginWork$1 (/app/node_modules/.pnpm/react-dom@18.3.1_react@18.3.1/node_modules/react-dom/cjs/react-dom.development.js:27490:7)
          at performUnitOfWork (/app/node_modules/.pnpm/react-dom@18.3.1_react@18.3.1/node_modules/react-dom/cjs/react-dom.development.js:26599:12)
          at workLoopSync (/app/node_modules/.pnpm/react-dom@18.3.1_react@18.3.1/node_modules/react-dom/cjs/react-dom.development.js:26505:5)
          at renderRootSync (/app/node_modules/.pnpm/react-dom@18.3.1_react@18.3.1/node_modules/react-dom/cjs/react-dom.development.js:26473:7)
          at recoverFromConcurrentError (/app/node_modules/.pnpm/react-dom@18.3.1_react@18.3.1/node_modules/react-dom/cjs/react-dom.development.js:25889:20)
          at performConcurrentWorkOnRoot (/app/node_modules/.pnpm/react-dom@18.3.1_react@18.3.1/node_modules/react-dom/cjs/react-dom.development.js:25789:22)
          at flushActQueue (/app/node_modules/.pnpm/react@18.3.1/node_modules/react/cjs/react.development.js:2667:24)
          at act (/app/node_modules/.pnpm/react@18.3.1/node_modules/react/cjs/react.development.js:2582:11)
          at /app/node_modules/.pnpm/@testing-library+react@16.3.2_@testing-library+dom@10.4.1_@types+react-dom@18.3.7_@types+reac_3k5f6qynewwmkoqvlvtzlgtsjq/node_modules/@testing-library/react/dist/act-compat.js:46:25
          at renderRoot (/app/node_modules/.pnpm/@testing-library+react@16.3.2_@testing-library+dom@10.4.1_@types+react-dom@18.3.7_@types+reac_3k5f6qynewwmkoqvlvtzlgtsjq/node_modules/@testing-library/react/dist/pure.js:189:26)
          at render (/app/node_modules/.pnpm/@testing-library+react@16.3.2_@testing-library+dom@10.4.1_@types+react-dom@18.3.7_@types+reac_3k5f6qynewwmkoqvlvtzlgtsjq/node_modules/@testing-library/react/dist/pure.js:291:10)
          at Object.<anonymous> (/app/apps/admin/components/__tests__/permissions-table.test.tsx:55:11)
          at Promise.then.completed (/app/node_modules/.pnpm/jest-circus@29.7.0/node_modules/jest-circus/build/utils.js:298:28)
          at new Promise (<anonymous>)
          at callAsyncCircusFn (/app/node_modules/.pnpm/jest-circus@29.7.0/node_modules/jest-circus/build/utils.js:231:10)
          at _callCircusTest (/app/node_modules/.pnpm/jest-circus@29.7.0/node_modules/jest-circus/build/run.js:316:40)
          at processTicksAndRejections (node:internal/process/task_queues:103:5)
          at _runTest (/app/node_modules/.pnpm/jest-circus@29.7.0/node_modules/jest-circus/build/run.js:252:3)
          at _runTestsForDescribeBlock (/app/node_modules/.pnpm/jest-circus@29.7.0/node_modules/jest-circus/build/run.js:126:9)
          at _runTestsForDescribeBlock (/app/node_modules/.pnpm/jest-circus@29.7.0/node_modules/jest-circus/build/run.js:121:9)
          at run (/app/node_modules/.pnpm/jest-circus@29.7.0/node_modules/jest-circus/build/run.js:71:3)
          at runAndTransformResultsToJestFormat (/app/node_modules/.pnpm/jest-circus@29.7.0/node_modules/jest-circus/build/legacy-code-todo-rewrite/jestAdapterInit.js:122:21)
          at jestAdapter (/app/node_modules/.pnpm/jest-circus@29.7.0/node_modules/jest-circus/build/legacy-code-todo-rewrite/jestAdapter.js:79:19)
          at runTestInternal (/app/node_modules/.pnpm/jest-runner@29.7.0/node_modules/jest-runner/build/runTest.js:367:16)
          at runTest (/app/node_modules/.pnpm/jest-runner@29.7.0/node_modules/jest-runner/build/runTest.js:444:34)
          at Object.worker (/app/node_modules/.pnpm/jest-runner@29.7.0/node_modules/jest-runner/build/testWorker.js:106:12) {
        detail: Error: `Tooltip` must be used within `TooltipProvider`
            at useContext2 (/app/node_modules/.pnpm/@radix-ui+react-context@1.1.2_@types+react@18.3.29_react@18.3.1/node_modules/@radix-ui/react-context/src/create-context.tsx:75:13)
            at Tooltip (/app/node_modules/.pnpm/@radix-ui+react-tooltip@1.2.8_@types+react-dom@18.3.7_@types+react@18.3.29__@types+react@18.3_xrwsnt2rmlacewwolijhmzdoxi/node_modules/@radix-ui/react-tooltip/src/tooltip.tsx:162:27)
            at renderWithHooks (/app/node_modules/.pnpm/react-dom@18.3.1_react@18.3.1/node_modules/react-dom/cjs/react-dom.development.js:15486:18)
            at mountIndeterminateComponent (/app/node_modules/.pnpm/react-dom@18.3.1_react@18.3.1/node_modules/react-dom/cjs/react-dom.development.js:20103:13)
            at beginWork (/app/node_modules/.pnpm/react-dom@18.3.1_react@18.3.1/node_modules/react-dom/cjs/react-dom.development.js:21626:16)
            at HTMLUnknownElement.callCallback (/app/node_modules/.pnpm/react-dom@18.3.1_react@18.3.1/node_modules/react-dom/cjs/react-dom.development.js:4164:14)
            at HTMLUnknownElement.callTheUserObjectsOperation (/app/node_modules/.pnpm/jsdom@20.0.3/node_modules/jsdom/lib/jsdom/living/generated/EventListener.js:26:30)
            at innerInvokeEventListeners (/app/node_modules/.pnpm/jsdom@20.0.3/node_modules/jsdom/lib/jsdom/living/events/EventTarget-impl.js:350:25)
            at invokeEventListeners (/app/node_modules/.pnpm/jsdom@20.0.3/node_modules/jsdom/lib/jsdom/living/events/EventTarget-impl.js:286:3)
            at HTMLUnknownElementImpl._dispatch (/app/node_modules/.pnpm/jsdom@20.0.3/node_modules/jsdom/lib/jsdom/living/events/EventTarget-impl.js:233:9)
            at HTMLUnknownElementImpl.dispatchEvent (/app/node_modules/.pnpm/jsdom@20.0.3/node_modules/jsdom/lib/jsdom/living/events/EventTarget-impl.js:104:17)
            at HTMLUnknownElement.dispatchEvent (/app/node_modules/.pnpm/jsdom@20.0.3/node_modules/jsdom/lib/jsdom/living/generated/EventTarget.js:241:34)
            at Object.invokeGuardedCallbackDev (/app/node_modules/.pnpm/react-dom@18.3.1_react@18.3.1/node_modules/react-dom/cjs/react-dom.development.js:4213:16)
            at invokeGuardedCallback (/app/node_modules/.pnpm/react-dom@18.3.1_react@18.3.1/node_modules/react-dom/cjs/react-dom.development.js:4277:31)
            at beginWork$1 (/app/node_modules/.pnpm/react-dom@18.3.1_react@18.3.1/node_modules/react-dom/cjs/react-dom.development.js:27490:7)
            at performUnitOfWork (/app/node_modules/.pnpm/react-dom@18.3.1_react@18.3.1/node_modules/react-dom/cjs/react-dom.development.js:26599:12)
            at workLoopSync (/app/node_modules/.pnpm/react-dom@18.3.1_react@18.3.1/node_modules/react-dom/cjs/react-dom.development.js:26505:5)
            at renderRootSync (/app/node_modules/.pnpm/react-dom@18.3.1_react@18.3.1/node_modules/react-dom/cjs/react-dom.development.js:26473:7)
            at recoverFromConcurrentError (/app/node_modules/.pnpm/react-dom@18.3.1_react@18.3.1/node_modules/react-dom/cjs/react-dom.development.js:25889:20)
            at performConcurrentWorkOnRoot (/app/node_modules/.pnpm/react-dom@18.3.1_react@18.3.1/node_modules/react-dom/cjs/react-dom.development.js:25789:22)
            at flushActQueue (/app/node_modules/.pnpm/react@18.3.1/node_modules/react/cjs/react.development.js:2667:24)
            at act (/app/node_modules/.pnpm/react@18.3.1/node_modules/react/cjs/react.development.js:2582:11)
            at /app/node_modules/.pnpm/@testing-library+react@16.3.2_@testing-library+dom@10.4.1_@types+react-dom@18.3.7_@types+reac_3k5f6qynewwmkoqvlvtzlgtsjq/node_modules/@testing-library/react/dist/act-compat.js:46:25
            at renderRoot (/app/node_modules/.pnpm/@testing-library+react@16.3.2_@testing-library+dom@10.4.1_@types+react-dom@18.3.7_@types+reac_3k5f6qynewwmkoqvlvtzlgtsjq/node_modules/@testing-library/react/dist/pure.js:189:26)
            at render (/app/node_modules/.pnpm/@testing-library+react@16.3.2_@testing-library+dom@10.4.1_@types+react-dom@18.3.7_@types+reac_3k5f6qynewwmkoqvlvtzlgtsjq/node_modules/@testing-library/react/dist/pure.js:291:10)
            at Object.<anonymous> (/app/apps/admin/components/__tests__/permissions-table.test.tsx:55:11)
            at Promise.then.completed (/app/node_modules/.pnpm/jest-circus@29.7.0/node_modules/jest-circus/build/utils.js:298:28)
            at new Promise (<anonymous>)
            at callAsyncCircusFn (/app/node_modules/.pnpm/jest-circus@29.7.0/node_modules/jest-circus/build/utils.js:231:10)
            at _callCircusTest (/app/node_modules/.pnpm/jest-circus@29.7.0/node_modules/jest-circus/build/run.js:316:40)
            at processTicksAndRejections (node:internal/process/task_queues:103:5)
            at _runTest (/app/node_modules/.pnpm/jest-circus@29.7.0/node_modules/jest-circus/build/run.js:252:3)
            at _runTestsForDescribeBlock (/app/node_modules/.pnpm/jest-circus@29.7.0/node_modules/jest-circus/build/run.js:126:9)
            at _runTestsForDescribeBlock (/app/node_modules/.pnpm/jest-circus@29.7.0/node_modules/jest-circus/build/run.js:121:9)
            at run (/app/node_modules/.pnpm/jest-circus@29.7.0/node_modules/jest-circus/build/run.js:71:3)
            at runAndTransformResultsToJestFormat (/app/node_modules/.pnpm/jest-circus@29.7.0/node_modules/jest-circus/build/legacy-code-todo-rewrite/jestAdapterInit.js:122:21)
            at jestAdapter (/app/node_modules/.pnpm/jest-circus@29.7.0/node_modules/jest-circus/build/legacy-code-todo-rewrite/jestAdapter.js:79:19)
            at runTestInternal (/app/node_modules/.pnpm/jest-runner@29.7.0/node_modules/jest-runner/build/runTest.js:367:16)
            at runTest (/app/node_modules/.pnpm/jest-runner@29.7.0/node_modules/jest-runner/build/runTest.js:444:34)
            at Object.worker (/app/node_modules/.pnpm/jest-runner@29.7.0/node_modules/jest-runner/build/testWorker.js:106:12),
        type: 'unhandled exception'
      }

      53 |
      54 |   it('renders rows with names and the Platform badge for platform.*', () => {
    > 55 |     render(withIntl(<PermissionsTable initial={initial} apps={apps} />))
         |           ^
      56 |     expect(screen.getByText('apps.read')).toBeInTheDocument()
      57 |     expect(screen.getByText('platform.users.manage')).toBeInTheDocument()
      58 |     expect(screen.getByText(en.permissions.badges.platform)).toBeInTheDocument()

      at VirtualConsole.<anonymous> (../../node_modules/.pnpm/jest-environment-jsdom@29.7.0/node_modules/jest-environment-jsdom/build/index.js:63:23)
      at reportException (../../node_modules/.pnpm/jsdom@20.0.3/node_modules/jsdom/lib/jsdom/living/helpers/runtime-script-errors.js:70:28)
      at innerInvokeEventListeners (../../node_modules/.pnpm/jsdom@20.0.3/node_modules/jsdom/lib/jsdom/living/events/EventTarget-impl.js:353:9)
      at invokeEventListeners (../../node_modules/.pnpm/jsdom@20.0.3/node_modules/jsdom/lib/jsdom/living/events/EventTarget-impl.js:286:3)
      at HTMLUnknownElementImpl._dispatch (../../node_modules/.pnpm/jsdom@20.0.3/node_modules/jsdom/lib/jsdom/living/events/EventTarget-impl.js:233:9)
      at HTMLUnknownElementImpl.dispatchEvent (../../node_modules/.pnpm/jsdom@20.0.3/node_modules/jsdom/lib/jsdom/living/events/EventTarget-impl.js:104:17)
      at HTMLUnknownElement.dispatchEvent (../../node_modules/.pnpm/jsdom@20.0.3/node_modules/jsdom/lib/jsdom/living/generated/EventTarget.js:241:34)
      at Object.invokeGuardedCallbackDev (../../node_modules/.pnpm/react-dom@18.3.1_react@18.3.1/node_modules/react-dom/cjs/react-dom.development.js:4213:16)
      at invokeGuardedCallback (../../node_modules/.pnpm/react-dom@18.3.1_react@18.3.1/node_modules/react-dom/cjs/react-dom.development.js:4277:31)
      at beginWork$1 (../../node_modules/.pnpm/react-dom@18.3.1_react@18.3.1/node_modules/react-dom/cjs/react-dom.development.js:27490:7)
      at performUnitOfWork (../../node_modules/.pnpm/react-dom@18.3.1_react@18.3.1/node_modules/react-dom/cjs/react-dom.development.js:26599:12)
      at workLoopSync (../../node_modules/.pnpm/react-dom@18.3.1_react@18.3.1/node_modules/react-dom/cjs/react-dom.development.js:26505:5)
      at renderRootSync (../../node_modules/.pnpm/react-dom@18.3.1_react@18.3.1/node_modules/react-dom/cjs/react-dom.development.js:26473:7)
      at recoverFromConcurrentError (../../node_modules/.pnpm/react-dom@18.3.1_react@18.3.1/node_modules/react-dom/cjs/react-dom.development.js:25889:20)
      at performConcurrentWorkOnRoot (../../node_modules/.pnpm/react-dom@18.3.1_react@18.3.1/node_modules/react-dom/cjs/react-dom.development.js:25789:22)
      at flushActQueue (../../node_modules/.pnpm/react@18.3.1/node_modules/react/cjs/react.development.js:2667:24)
      at act (../../node_modules/.pnpm/react@18.3.1/node_modules/react/cjs/react.development.js:2582:11)
      at ../../node_modules/.pnpm/@testing-library+react@16.3.2_@testing-library+dom@10.4.1_@types+react-dom@18.3.7_@types+reac_3k5f6qynewwmkoqvlvtzlgtsjq/node_modules/@testing-library/react/dist/act-compat.js:46:25
      at renderRoot (../../node_modules/.pnpm/@testing-library+react@16.3.2_@testing-library+dom@10.4.1_@types+react-dom@18.3.7_@types+reac_3k5f6qynewwmkoqvlvtzlgtsjq/node_modules/@testing-library/react/dist/pure.js:189:26)
      at render (../../node_modules/.pnpm/@testing-library+react@16.3.2_@testing-library+dom@10.4.1_@types+react-dom@18.3.7_@types+reac_3k5f6qynewwmkoqvlvtzlgtsjq/node_modules/@testing-library/react/dist/pure.js:291:10)
      at Object.<anonymous> (components/__tests__/permissions-table.test.tsx:55:11)

    console.error
      Error: Uncaught [Error: `Tooltip` must be used within `TooltipProvider`]
          at reportException (/app/node_modules/.pnpm/jsdom@20.0.3/node_modules/jsdom/lib/jsdom/living/helpers/runtime-script-errors.js:66:24)
          at innerInvokeEventListeners (/app/node_modules/.pnpm/jsdom@20.0.3/node_modules/jsdom/lib/jsdom/living/events/EventTarget-impl.js:353:9)
          at invokeEventListeners (/app/node_modules/.pnpm/jsdom@20.0.3/node_modules/jsdom/lib/jsdom/living/events/EventTarget-impl.js:286:3)
          at HTMLUnknownElementImpl._dispatch (/app/node_modules/.pnpm/jsdom@20.0.3/node_modules/jsdom/lib/jsdom/living/events/EventTarget-impl.js:233:9)
          at HTMLUnknownElementImpl.dispatchEvent (/app/node_modules/.pnpm/jsdom@20.0.3/node_modules/jsdom/lib/jsdom/living/events/EventTarget-impl.js:104:17)
          at HTMLUnknownElement.dispatchEvent (/app/node_modules/.pnpm/jsdom@20.0.3/node_modules/jsdom/lib/jsdom/living/generated/EventTarget.js:241:34)
          at Object.invokeGuardedCallbackDev (/app/node_modules/.pnpm/react-dom@18.3.1_react@18.3.1/node_modules/react-dom/cjs/react-dom.development.js:4213:16)
          at invokeGuardedCallback (/app/node_modules/.pnpm/react-dom@18.3.1_react@18.3.1/node_modules/react-dom/cjs/react-dom.development.js:4277:31)
          at beginWork$1 (/app/node_modules/.pnpm/react-dom@18.3.1_react@18.3.1/node_modules/react-dom/cjs/react-dom.development.js:27490:7)
          at performUnitOfWork (/app/node_modules/.pnpm/react-dom@18.3.1_react@18.3.1/node_modules/react-dom/cjs/react-dom.development.js:26599:12)
          at workLoopSync (/app/node_modules/.pnpm/react-dom@18.3.1_react@18.3.1/node_modules/react-dom/cjs/react-dom.development.js:26505:5)
          at renderRootSync (/app/node_modules/.pnpm/react-dom@18.3.1_react@18.3.1/node_modules/react-dom/cjs/react-dom.development.js:26473:7)
          at recoverFromConcurrentError (/app/node_modules/.pnpm/react-dom@18.3.1_react@18.3.1/node_modules/react-dom/cjs/react-dom.development.js:25889:20)
          at performConcurrentWorkOnRoot (/app/node_modules/.pnpm/react-dom@18.3.1_react@18.3.1/node_modules/react-dom/cjs/react-dom.development.js:25789:22)
          at flushActQueue (/app/node_modules/.pnpm/react@18.3.1/node_modules/react/cjs/react.development.js:2667:24)
          at act (/app/node_modules/.pnpm/react@18.3.1/node_modules/react/cjs/react.development.js:2582:11)
          at /app/node_modules/.pnpm/@testing-library+react@16.3.2_@testing-library+dom@10.4.1_@types+react-dom@18.3.7_@types+reac_3k5f6qynewwmkoqvlvtzlgtsjq/node_modules/@testing-library/react/dist/act-compat.js:46:25
          at renderRoot (/app/node_modules/.pnpm/@testing-library+react@16.3.2_@testing-library+dom@10.4.1_@types+react-dom@18.3.7_@types+reac_3k5f6qynewwmkoqvlvtzlgtsjq/node_modules/@testing-library/react/dist/pure.js:189:26)
          at render (/app/node_modules/.pnpm/@testing-library+react@16.3.2_@testing-library+dom@10.4.1_@types+react-dom@18.3.7_@types+reac_3k5f6qynewwmkoqvlvtzlgtsjq/node_modules/@testing-library/react/dist/pure.js:291:10)
          at Object.<anonymous> (/app/apps/admin/components/__tests__/permissions-table.test.tsx:55:11)
          at Promise.then.completed (/app/node_modules/.pnpm/jest-circus@29.7.0/node_modules/jest-circus/build/utils.js:298:28)
          at new Promise (<anonymous>)
          at callAsyncCircusFn (/app/node_modules/.pnpm/jest-circus@29.7.0/node_modules/jest-circus/build/utils.js:231:10)
          at _callCircusTest (/app/node_modules/.pnpm/jest-circus@29.7.0/node_modules/jest-circus/build/run.js:316:40)
          at processTicksAndRejections (node:internal/process/task_queues:103:5)
          at _runTest (/app/node_modules/.pnpm/jest-circus@29.7.0/node_modules/jest-circus/build/run.js:252:3)
          at _runTestsForDescribeBlock (/app/node_modules/.pnpm/jest-circus@29.7.0/node_modules/jest-circus/build/run.js:126:9)
          at _runTestsForDescribeBlock (/app/node_modules/.pnpm/jest-circus@29.7.0/node_modules/jest-circus/build/run.js:121:9)
          at run (/app/node_modules/.pnpm/jest-circus@29.7.0/node_modules/jest-circus/build/run.js:71:3)
          at runAndTransformResultsToJestFormat (/app/node_modules/.pnpm/jest-circus@29.7.0/node_modules/jest-circus/build/legacy-code-todo-rewrite/jestAdapterInit.js:122:21)
          at jestAdapter (/app/node_modules/.pnpm/jest-circus@29.7.0/node_modules/jest-circus/build/legacy-code-todo-rewrite/jestAdapter.js:79:19)
          at runTestInternal (/app/node_modules/.pnpm/jest-runner@29.7.0/node_modules/jest-runner/build/runTest.js:367:16)
          at runTest (/app/node_modules/.pnpm/jest-runner@29.7.0/node_modules/jest-runner/build/runTest.js:444:34)
          at Object.worker (/app/node_modules/.pnpm/jest-runner@29.7.0/node_modules/jest-runner/build/testWorker.js:106:12) {
        detail: Error: `Tooltip` must be used within `TooltipProvider`
            at useContext2 (/app/node_modules/.pnpm/@radix-ui+react-context@1.1.2_@types+react@18.3.29_react@18.3.1/node_modules/@radix-ui/react-context/src/create-context.tsx:75:13)
            at Tooltip (/app/node_modules/.pnpm/@radix-ui+react-tooltip@1.2.8_@types+react-dom@18.3.7_@types+react@18.3.29__@types+react@18.3_xrwsnt2rmlacewwolijhmzdoxi/node_modules/@radix-ui/react-tooltip/src/tooltip.tsx:162:27)
            at renderWithHooks (/app/node_modules/.pnpm/react-dom@18.3.1_react@18.3.1/node_modules/react-dom/cjs/react-dom.development.js:15486:18)
            at mountIndeterminateComponent (/app/node_modules/.pnpm/react-dom@18.3.1_react@18.3.1/node_modules/react-dom/cjs/react-dom.development.js:20103:13)
            at beginWork (/app/node_modules/.pnpm/react-dom@18.3.1_react@18.3.1/node_modules/react-dom/cjs/react-dom.development.js:21626:16)
            at HTMLUnknownElement.callCallback (/app/node_modules/.pnpm/react-dom@18.3.1_react@18.3.1/node_modules/react-dom/cjs/react-dom.development.js:4164:14)
            at HTMLUnknownElement.callTheUserObjectsOperation (/app/node_modules/.pnpm/jsdom@20.0.3/node_modules/jsdom/lib/jsdom/living/generated/EventListener.js:26:30)
            at innerInvokeEventListeners (/app/node_modules/.pnpm/jsdom@20.0.3/node_modules/jsdom/lib/jsdom/living/events/EventTarget-impl.js:350:25)
            at invokeEventListeners (/app/node_modules/.pnpm/jsdom@20.0.3/node_modules/jsdom/lib/jsdom/living/events/EventTarget-impl.js:286:3)
            at HTMLUnknownElementImpl._dispatch (/app/node_modules/.pnpm/jsdom@20.0.3/node_modules/jsdom/lib/jsdom/living/events/EventTarget-impl.js:233:9)
            at HTMLUnknownElementImpl.dispatchEvent (/app/node_modules/.pnpm/jsdom@20.0.3/node_modules/jsdom/lib/jsdom/living/events/EventTarget-impl.js:104:17)
            at HTMLUnknownElement.dispatchEvent (/app/node_modules/.pnpm/jsdom@20.0.3/node_modules/jsdom/lib/jsdom/living/generated/EventTarget.js:241:34)
            at Object.invokeGuardedCallbackDev (/app/node_modules/.pnpm/react-dom@18.3.1_react@18.3.1/node_modules/react-dom/cjs/react-dom.development.js:4213:16)
            at invokeGuardedCallback (/app/node_modules/.pnpm/react-dom@18.3.1_react@18.3.1/node_modules/react-dom/cjs/react-dom.development.js:4277:31)
            at beginWork$1 (/app/node_modules/.pnpm/react-dom@18.3.1_react@18.3.1/node_modules/react-dom/cjs/react-dom.development.js:27490:7)
            at performUnitOfWork (/app/node_modules/.pnpm/react-dom@18.3.1_react@18.3.1/node_modules/react-dom/cjs/react-dom.development.js:26599:12)
            at workLoopSync (/app/node_modules/.pnpm/react-dom@18.3.1_react@18.3.1/node_modules/react-dom/cjs/react-dom.development.js:26505:5)
            at renderRootSync (/app/node_modules/.pnpm/react-dom@18.3.1_react@18.3.1/node_modules/react-dom/cjs/react-dom.development.js:26473:7)
            at recoverFromConcurrentError (/app/node_modules/.pnpm/react-dom@18.3.1_react@18.3.1/node_modules/react-dom/cjs/react-dom.development.js:25889:20)
            at performConcurrentWorkOnRoot (/app/node_modules/.pnpm/react-dom@18.3.1_react@18.3.1/node_modules/react-dom/cjs/react-dom.development.js:25789:22)
            at flushActQueue (/app/node_modules/.pnpm/react@18.3.1/node_modules/react/cjs/react.development.js:2667:24)
            at act (/app/node_modules/.pnpm/react@18.3.1/node_modules/react/cjs/react.development.js:2582:11)
            at /app/node_modules/.pnpm/@testing-library+react@16.3.2_@testing-library+dom@10.4.1_@types+react-dom@18.3.7_@types+reac_3k5f6qynewwmkoqvlvtzlgtsjq/node_modules/@testing-library/react/dist/act-compat.js:46:25
            at renderRoot (/app/node_modules/.pnpm/@testing-library+react@16.3.2_@testing-library+dom@10.4.1_@types+react-dom@18.3.7_@types+reac_3k5f6qynewwmkoqvlvtzlgtsjq/node_modules/@testing-library/react/dist/pure.js:189:26)
            at render (/app/node_modules/.pnpm/@testing-library+react@16.3.2_@testing-library+dom@10.4.1_@types+react-dom@18.3.7_@types+reac_3k5f6qynewwmkoqvlvtzlgtsjq/node_modules/@testing-library/react/dist/pure.js:291:10)
            at Object.<anonymous> (/app/apps/admin/components/__tests__/permissions-table.test.tsx:55:11)
            at Promise.then.completed (/app/node_modules/.pnpm/jest-circus@29.7.0/node_modules/jest-circus/build/utils.js:298:28)
            at new Promise (<anonymous>)
            at callAsyncCircusFn (/app/node_modules/.pnpm/jest-circus@29.7.0/node_modules/jest-circus/build/utils.js:231:10)
            at _callCircusTest (/app/node_modules/.pnpm/jest-circus@29.7.0/node_modules/jest-circus/build/run.js:316:40)
            at processTicksAndRejections (node:internal/process/task_queues:103:5)
            at _runTest (/app/node_modules/.pnpm/jest-circus@29.7.0/node_modules/jest-circus/build/run.js:252:3)
            at _runTestsForDescribeBlock (/app/node_modules/.pnpm/jest-circus@29.7.0/node_modules/jest-circus/build/run.js:126:9)
            at _runTestsForDescribeBlock (/app/node_modules/.pnpm/jest-circus@29.7.0/node_modules/jest-circus/build/run.js:121:9)
            at run (/app/node_modules/.pnpm/jest-circus@29.7.0/node_modules/jest-circus/build/run.js:71:3)
            at runAndTransformResultsToJestFormat (/app/node_modules/.pnpm/jest-circus@29.7.0/node_modules/jest-circus/build/legacy-code-todo-rewrite/jestAdapterInit.js:122:21)
            at jestAdapter (/app/node_modules/.pnpm/jest-circus@29.7.0/node_modules/jest-circus/build/legacy-code-todo-rewrite/jestAdapter.js:79:19)
            at runTestInternal (/app/node_modules/.pnpm/jest-runner@29.7.0/node_modules/jest-runner/build/runTest.js:367:16)
            at runTest (/app/node_modules/.pnpm/jest-runner@29.7.0/node_modules/jest-runner/build/runTest.js:444:34)
            at Object.worker (/app/node_modules/.pnpm/jest-runner@29.7.0/node_modules/jest-runner/build/testWorker.js:106:12),
        type: 'unhandled exception'
      }

      53 |
      54 |   it('renders rows with names and the Platform badge for platform.*', () => {
    > 55 |     render(withIntl(<PermissionsTable initial={initial} apps={apps} />))
         |           ^
      56 |     expect(screen.getByText('apps.read')).toBeInTheDocument()
      57 |     expect(screen.getByText('platform.users.manage')).toBeInTheDocument()
      58 |     expect(screen.getByText(en.permissions.badges.platform)).toBeInTheDocument()

      at VirtualConsole.<anonymous> (../../node_modules/.pnpm/jest-environment-jsdom@29.7.0/node_modules/jest-environment-jsdom/build/index.js:63:23)
      at reportException (../../node_modules/.pnpm/jsdom@20.0.3/node_modules/jsdom/lib/jsdom/living/helpers/runtime-script-errors.js:70:28)
      at innerInvokeEventListeners (../../node_modules/.pnpm/jsdom@20.0.3/node_modules/jsdom/lib/jsdom/living/events/EventTarget-impl.js:353:9)
      at invokeEventListeners (../../node_modules/.pnpm/jsdom@20.0.3/node_modules/jsdom/lib/jsdom/living/events/EventTarget-impl.js:286:3)
      at HTMLUnknownElementImpl._dispatch (../../node_modules/.pnpm/jsdom@20.0.3/node_modules/jsdom/lib/jsdom/living/events/EventTarget-impl.js:233:9)
      at HTMLUnknownElementImpl.dispatchEvent (../../node_modules/.pnpm/jsdom@20.0.3/node_modules/jsdom/lib/jsdom/living/events/EventTarget-impl.js:104:17)
      at HTMLUnknownElement.dispatchEvent (../../node_modules/.pnpm/jsdom@20.0.3/node_modules/jsdom/lib/jsdom/living/generated/EventTarget.js:241:34)
      at Object.invokeGuardedCallbackDev (../../node_modules/.pnpm/react-dom@18.3.1_react@18.3.1/node_modules/react-dom/cjs/react-dom.development.js:4213:16)
      at invokeGuardedCallback (../../node_modules/.pnpm/react-dom@18.3.1_react@18.3.1/node_modules/react-dom/cjs/react-dom.development.js:4277:31)
      at beginWork$1 (../../node_modules/.pnpm/react-dom@18.3.1_react@18.3.1/node_modules/react-dom/cjs/react-dom.development.js:27490:7)
      at performUnitOfWork (../../node_modules/.pnpm/react-dom@18.3.1_react@18.3.1/node_modules/react-dom/cjs/react-dom.development.js:26599:12)
      at workLoopSync (../../node_modules/.pnpm/react-dom@18.3.1_react@18.3.1/node_modules/react-dom/cjs/react-dom.development.js:26505:5)
      at renderRootSync (../../node_modules/.pnpm/react-dom@18.3.1_react@18.3.1/node_modules/react-dom/cjs/react-dom.development.js:26473:7)
      at recoverFromConcurrentError (../../node_modules/.pnpm/react-dom@18.3.1_react@18.3.1/node_modules/react-dom/cjs/react-dom.development.js:25889:20)
      at performConcurrentWorkOnRoot (../../node_modules/.pnpm/react-dom@18.3.1_react@18.3.1/node_modules/react-dom/cjs/react-dom.development.js:25789:22)
      at flushActQueue (../../node_modules/.pnpm/react@18.3.1/node_modules/react/cjs/react.development.js:2667:24)
      at act (../../node_modules/.pnpm/react@18.3.1/node_modules/react/cjs/react.development.js:2582:11)
      at ../../node_modules/.pnpm/@testing-library+react@16.3.2_@testing-library+dom@10.4.1_@types+react-dom@18.3.7_@types+reac_3k5f6qynewwmkoqvlvtzlgtsjq/node_modules/@testing-library/react/dist/act-compat.js:46:25
      at renderRoot (../../node_modules/.pnpm/@testing-library+react@16.3.2_@testing-library+dom@10.4.1_@types+react-dom@18.3.7_@types+reac_3k5f6qynewwmkoqvlvtzlgtsjq/node_modules/@testing-library/react/dist/pure.js:189:26)
      at render (../../node_modules/.pnpm/@testing-library+react@16.3.2_@testing-library+dom@10.4.1_@types+react-dom@18.3.7_@types+reac_3k5f6qynewwmkoqvlvtzlgtsjq/node_modules/@testing-library/react/dist/pure.js:291:10)
      at Object.<anonymous> (components/__tests__/permissions-table.test.tsx:55:11)

    console.error
      Error: Uncaught [Error: `Tooltip` must be used within `TooltipProvider`]
          at reportException (/app/node_modules/.pnpm/jsdom@20.0.3/node_modules/jsdom/lib/jsdom/living/helpers/runtime-script-errors.js:66:24)
          at innerInvokeEventListeners (/app/node_modules/.pnpm/jsdom@20.0.3/node_modules/jsdom/lib/jsdom/living/events/EventTarget-impl.js:353:9)
          at invokeEventListeners (/app/node_modules/.pnpm/jsdom@20.0.3/node_modules/jsdom/lib/jsdom/living/events/EventTarget-impl.js:286:3)
          at HTMLUnknownElementImpl._dispatch (/app/node_modules/.pnpm/jsdom@20.0.3/node_modules/jsdom/lib/jsdom/living/events/EventTarget-impl.js:233:9)
          at HTMLUnknownElementImpl.dispatchEvent (/app/node_modules/.pnpm/jsdom@20.0.3/node_modules/jsdom/lib/jsdom/living/events/EventTarget-impl.js:104:17)
          at HTMLUnknownElement.dispatchEvent (/app/node_modules/.pnpm/jsdom@20.0.3/node_modules/jsdom/lib/jsdom/living/generated/EventTarget.js:241:34)
          at Object.invokeGuardedCallbackDev (/app/node_modules/.pnpm/react-dom@18.3.1_react@18.3.1/node_modules/react-dom/cjs/react-dom.development.js:4213:16)
          at invokeGuardedCallback (/app/node_modules/.pnpm/react-dom@18.3.1_react@18.3.1/node_modules/react-dom/cjs/react-dom.development.js:4277:31)
          at beginWork$1 (/app/node_modules/.pnpm/react-dom@18.3.1_react@18.3.1/node_modules/react-dom/cjs/react-dom.development.js:27490:7)
          at performUnitOfWork (/app/node_modules/.pnpm/react-dom@18.3.1_react@18.3.1/node_modules/react-dom/cjs/react-dom.development.js:26599:12)
          at workLoopSync (/app/node_modules/.pnpm/react-dom@18.3.1_react@18.3.1/node_modules/react-dom/cjs/react-dom.development.js:26505:5)
          at renderRootSync (/app/node_modules/.pnpm/react-dom@18.3.1_react@18.3.1/node_modules/react-dom/cjs/react-dom.development.js:26473:7)
          at recoverFromConcurrentError (/app/node_modules/.pnpm/react-dom@18.3.1_react@18.3.1/node_modules/react-dom/cjs/react-dom.development.js:25889:20)
          at performConcurrentWorkOnRoot (/app/node_modules/.pnpm/react-dom@18.3.1_react@18.3.1/node_modules/react-dom/cjs/react-dom.development.js:25789:22)
          at flushActQueue (/app/node_modules/.pnpm/react@18.3.1/node_modules/react/cjs/react.development.js:2667:24)
          at act (/app/node_modules/.pnpm/react@18.3.1/node_modules/react/cjs/react.development.js:2582:11)
          at /app/node_modules/.pnpm/@testing-library+react@16.3.2_@testing-library+dom@10.4.1_@types+react-dom@18.3.7_@types+reac_3k5f6qynewwmkoqvlvtzlgtsjq/node_modules/@testing-library/react/dist/act-compat.js:46:25
          at renderRoot (/app/node_modules/.pnpm/@testing-library+react@16.3.2_@testing-library+dom@10.4.1_@types+react-dom@18.3.7_@types+reac_3k5f6qynewwmkoqvlvtzlgtsjq/node_modules/@testing-library/react/dist/pure.js:189:26)
          at render (/app/node_modules/.pnpm/@testing-library+react@16.3.2_@testing-library+dom@10.4.1_@types+react-dom@18.3.7_@types+reac_3k5f6qynewwmkoqvlvtzlgtsjq/node_modules/@testing-library/react/dist/pure.js:291:10)
          at Object.<anonymous> (/app/apps/admin/components/__tests__/permissions-table.test.tsx:55:11)
          at Promise.then.completed (/app/node_modules/.pnpm/jest-circus@29.7.0/node_modules/jest-circus/build/utils.js:298:28)
          at new Promise (<anonymous>)
          at callAsyncCircusFn (/app/node_modules/.pnpm/jest-circus@29.7.0/node_modules/jest-circus/build/utils.js:231:10)
          at _callCircusTest (/app/node_modules/.pnpm/jest-circus@29.7.0/node_modules/jest-circus/build/run.js:316:40)
          at processTicksAndRejections (node:internal/process/task_queues:103:5)
          at _runTest (/app/node_modules/.pnpm/jest-circus@29.7.0/node_modules/jest-circus/build/run.js:252:3)
          at _runTestsForDescribeBlock (/app/node_modules/.pnpm/jest-circus@29.7.0/node_modules/jest-circus/build/run.js:126:9)
          at _runTestsForDescribeBlock (/app/node_modules/.pnpm/jest-circus@29.7.0/node_modules/jest-circus/build/run.js:121:9)
          at run (/app/node_modules/.pnpm/jest-circus@29.7.0/node_modules/jest-circus/build/run.js:71:3)
          at runAndTransformResultsToJestFormat (/app/node_modules/.pnpm/jest-circus@29.7.0/node_modules/jest-circus/build/legacy-code-todo-rewrite/jestAdapterInit.js:122:21)
          at jestAdapter (/app/node_modules/.pnpm/jest-circus@29.7.0/node_modules/jest-circus/build/legacy-code-todo-rewrite/jestAdapter.js:79:19)
          at runTestInternal (/app/node_modules/.pnpm/jest-runner@29.7.0/node_modules/jest-runner/build/runTest.js:367:16)
          at runTest (/app/node_modules/.pnpm/jest-runner@29.7.0/node_modules/jest-runner/build/runTest.js:444:34)
          at Object.worker (/app/node_modules/.pnpm/jest-runner@29.7.0/node_modules/jest-runner/build/testWorker.js:106:12) {
        detail: Error: `Tooltip` must be used within `TooltipProvider`
            at useContext2 (/app/node_modules/.pnpm/@radix-ui+react-context@1.1.2_@types+react@18.3.29_react@18.3.1/node_modules/@radix-ui/react-context/src/create-context.tsx:75:13)
            at Tooltip (/app/node_modules/.pnpm/@radix-ui+react-tooltip@1.2.8_@types+react-dom@18.3.7_@types+react@18.3.29__@types+react@18.3_xrwsnt2rmlacewwolijhmzdoxi/node_modules/@radix-ui/react-tooltip/src/tooltip.tsx:162:27)
            at renderWithHooks (/app/node_modules/.pnpm/react-dom@18.3.1_react@18.3.1/node_modules/react-dom/cjs/react-dom.development.js:15486:18)
            at mountIndeterminateComponent (/app/node_modules/.pnpm/react-dom@18.3.1_react@18.3.1/node_modules/react-dom/cjs/react-dom.development.js:20103:13)
            at beginWork (/app/node_modules/.pnpm/react-dom@18.3.1_react@18.3.1/node_modules/react-dom/cjs/react-dom.development.js:21626:16)
            at HTMLUnknownElement.callCallback (/app/node_modules/.pnpm/react-dom@18.3.1_react@18.3.1/node_modules/react-dom/cjs/react-dom.development.js:4164:14)
            at HTMLUnknownElement.callTheUserObjectsOperation (/app/node_modules/.pnpm/jsdom@20.0.3/node_modules/jsdom/lib/jsdom/living/generated/EventListener.js:26:30)
            at innerInvokeEventListeners (/app/node_modules/.pnpm/jsdom@20.0.3/node_modules/jsdom/lib/jsdom/living/events/EventTarget-impl.js:350:25)
            at invokeEventListeners (/app/node_modules/.pnpm/jsdom@20.0.3/node_modules/jsdom/lib/jsdom/living/events/EventTarget-impl.js:286:3)
            at HTMLUnknownElementImpl._dispatch (/app/node_modules/.pnpm/jsdom@20.0.3/node_modules/jsdom/lib/jsdom/living/events/EventTarget-impl.js:233:9)
            at HTMLUnknownElementImpl.dispatchEvent (/app/node_modules/.pnpm/jsdom@20.0.3/node_modules/jsdom/lib/jsdom/living/events/EventTarget-impl.js:104:17)
            at HTMLUnknownElement.dispatchEvent (/app/node_modules/.pnpm/jsdom@20.0.3/node_modules/jsdom/lib/jsdom/living/generated/EventTarget.js:241:34)
            at Object.invokeGuardedCallbackDev (/app/node_modules/.pnpm/react-dom@18.3.1_react@18.3.1/node_modules/react-dom/cjs/react-dom.development.js:4213:16)
            at invokeGuardedCallback (/app/node_modules/.pnpm/react-dom@18.3.1_react@18.3.1/node_modules/react-dom/cjs/react-dom.development.js:4277:31)
            at beginWork$1 (/app/node_modules/.pnpm/react-dom@18.3.1_react@18.3.1/node_modules/react-dom/cjs/react-dom.development.js:27490:7)
            at performUnitOfWork (/app/node_modules/.pnpm/react-dom@18.3.1_react@18.3.1/node_modules/react-dom/cjs/react-dom.development.js:26599:12)
            at workLoopSync (/app/node_modules/.pnpm/react-dom@18.3.1_react@18.3.1/node_modules/react-dom/cjs/react-dom.development.js:26505:5)
            at renderRootSync (/app/node_modules/.pnpm/react-dom@18.3.1_react@18.3.1/node_modules/react-dom/cjs/react-dom.development.js:26473:7)
            at recoverFromConcurrentError (/app/node_modules/.pnpm/react-dom@18.3.1_react@18.3.1/node_modules/react-dom/cjs/react-dom.development.js:25889:20)
            at performConcurrentWorkOnRoot (/app/node_modules/.pnpm/react-dom@18.3.1_react@18.3.1/node_modules/react-dom/cjs/react-dom.development.js:25789:22)
            at flushActQueue (/app/node_modules/.pnpm/react@18.3.1/node_modules/react/cjs/react.development.js:2667:24)
            at act (/app/node_modules/.pnpm/react@18.3.1/node_modules/react/cjs/react.development.js:2582:11)
            at /app/node_modules/.pnpm/@testing-library+react@16.3.2_@testing-library+dom@10.4.1_@types+react-dom@18.3.7_@types+reac_3k5f6qynewwmkoqvlvtzlgtsjq/node_modules/@testing-library/react/dist/act-compat.js:46:25
            at renderRoot (/app/node_modules/.pnpm/@testing-library+react@16.3.2_@testing-library+dom@10.4.1_@types+react-dom@18.3.7_@types+reac_3k5f6qynewwmkoqvlvtzlgtsjq/node_modules/@testing-library/react/dist/pure.js:189:26)
            at render (/app/node_modules/.pnpm/@testing-library+react@16.3.2_@testing-library+dom@10.4.1_@types+react-dom@18.3.7_@types+reac_3k5f6qynewwmkoqvlvtzlgtsjq/node_modules/@testing-library/react/dist/pure.js:291:10)
            at Object.<anonymous> (/app/apps/admin/components/__tests__/permissions-table.test.tsx:55:11)
            at Promise.then.completed (/app/node_modules/.pnpm/jest-circus@29.7.0/node_modules/jest-circus/build/utils.js:298:28)
            at new Promise (<anonymous>)
            at callAsyncCircusFn (/app/node_modules/.pnpm/jest-circus@29.7.0/node_modules/jest-circus/build/utils.js:231:10)
            at _callCircusTest (/app/node_modules/.pnpm/jest-circus@29.7.0/node_modules/jest-circus/build/run.js:316:40)
            at processTicksAndRejections (node:internal/process/task_queues:103:5)
            at _runTest (/app/node_modules/.pnpm/jest-circus@29.7.0/node_modules/jest-circus/build/run.js:252:3)
            at _runTestsForDescribeBlock (/app/node_modules/.pnpm/jest-circus@29.7.0/node_modules/jest-circus/build/run.js:126:9)
            at _runTestsForDescribeBlock (/app/node_modules/.pnpm/jest-circus@29.7.0/node_modules/jest-circus/build/run.js:121:9)
            at run (/app/node_modules/.pnpm/jest-circus@29.7.0/node_modules/jest-circus/build/run.js:71:3)
            at runAndTransformResultsToJestFormat (/app/node_modules/.pnpm/jest-circus@29.7.0/node_modules/jest-circus/build/legacy-code-todo-rewrite/jestAdapterInit.js:122:21)
            at jestAdapter (/app/node_modules/.pnpm/jest-circus@29.7.0/node_modules/jest-circus/build/legacy-code-todo-rewrite/jestAdapter.js:79:19)
            at runTestInternal (/app/node_modules/.pnpm/jest-runner@29.7.0/node_modules/jest-runner/build/runTest.js:367:16)
            at runTest (/app/node_modules/.pnpm/jest-runner@29.7.0/node_modules/jest-runner/build/runTest.js:444:34)
            at Object.worker (/app/node_modules/.pnpm/jest-runner@29.7.0/node_modules/jest-runner/build/testWorker.js:106:12),
        type: 'unhandled exception'
      }

      53 |
      54 |   it('renders rows with names and the Platform badge for platform.*', () => {
    > 55 |     render(withIntl(<PermissionsTable initial={initial} apps={apps} />))
         |           ^
      56 |     expect(screen.getByText('apps.read')).toBeInTheDocument()
      57 |     expect(screen.getByText('platform.users.manage')).toBeInTheDocument()
      58 |     expect(screen.getByText(en.permissions.badges.platform)).toBeInTheDocument()

      at VirtualConsole.<anonymous> (../../node_modules/.pnpm/jest-environment-jsdom@29.7.0/node_modules/jest-environment-jsdom/build/index.js:63:23)
      at reportException (../../node_modules/.pnpm/jsdom@20.0.3/node_modules/jsdom/lib/jsdom/living/helpers/runtime-script-errors.js:70:28)
      at innerInvokeEventListeners (../../node_modules/.pnpm/jsdom@20.0.3/node_modules/jsdom/lib/jsdom/living/events/EventTarget-impl.js:353:9)
      at invokeEventListeners (../../node_modules/.pnpm/jsdom@20.0.3/node_modules/jsdom/lib/jsdom/living/events/EventTarget-impl.js:286:3)
      at HTMLUnknownElementImpl._dispatch (../../node_modules/.pnpm/jsdom@20.0.3/node_modules/jsdom/lib/jsdom/living/events/EventTarget-impl.js:233:9)
      at HTMLUnknownElementImpl.dispatchEvent (../../node_modules/.pnpm/jsdom@20.0.3/node_modules/jsdom/lib/jsdom/living/events/EventTarget-impl.js:104:17)
      at HTMLUnknownElement.dispatchEvent (../../node_modules/.pnpm/jsdom@20.0.3/node_modules/jsdom/lib/jsdom/living/generated/EventTarget.js:241:34)
      at Object.invokeGuardedCallbackDev (../../node_modules/.pnpm/react-dom@18.3.1_react@18.3.1/node_modules/react-dom/cjs/react-dom.development.js:4213:16)
      at invokeGuardedCallback (../../node_modules/.pnpm/react-dom@18.3.1_react@18.3.1/node_modules/react-dom/cjs/react-dom.development.js:4277:31)
      at beginWork$1 (../../node_modules/.pnpm/react-dom@18.3.1_react@18.3.1/node_modules/react-dom/cjs/react-dom.development.js:27490:7)
      at performUnitOfWork (../../node_modules/.pnpm/react-dom@18.3.1_react@18.3.1/node_modules/react-dom/cjs/react-dom.development.js:26599:12)
      at workLoopSync (../../node_modules/.pnpm/react-dom@18.3.1_react@18.3.1/node_modules/react-dom/cjs/react-dom.development.js:26505:5)
      at renderRootSync (../../node_modules/.pnpm/react-dom@18.3.1_react@18.3.1/node_modules/react-dom/cjs/react-dom.development.js:26473:7)
      at recoverFromConcurrentError (../../node_modules/.pnpm/react-dom@18.3.1_react@18.3.1/node_modules/react-dom/cjs/react-dom.development.js:25889:20)
      at performConcurrentWorkOnRoot (../../node_modules/.pnpm/react-dom@18.3.1_react@18.3.1/node_modules/react-dom/cjs/react-dom.development.js:25789:22)
      at flushActQueue (../../node_modules/.pnpm/react@18.3.1/node_modules/react/cjs/react.development.js:2667:24)
      at act (../../node_modules/.pnpm/react@18.3.1/node_modules/react/cjs/react.development.js:2582:11)
      at ../../node_modules/.pnpm/@testing-library+react@16.3.2_@testing-library+dom@10.4.1_@types+react-dom@18.3.7_@types+reac_3k5f6qynewwmkoqvlvtzlgtsjq/node_modules/@testing-library/react/dist/act-compat.js:46:25
      at renderRoot (../../node_modules/.pnpm/@testing-library+react@16.3.2_@testing-library+dom@10.4.1_@types+react-dom@18.3.7_@types+reac_3k5f6qynewwmkoqvlvtzlgtsjq/node_modules/@testing-library/react/dist/pure.js:189:26)
      at render (../../node_modules/.pnpm/@testing-library+react@16.3.2_@testing-library+dom@10.4.1_@types+react-dom@18.3.7_@types+reac_3k5f6qynewwmkoqvlvtzlgtsjq/node_modules/@testing-library/react/dist/pure.js:291:10)
      at Object.<anonymous> (components/__tests__/permissions-table.test.tsx:55:11)

    console.error
      Error: Uncaught [Error: `Tooltip` must be used within `TooltipProvider`]
          at reportException (/app/node_modules/.pnpm/jsdom@20.0.3/node_modules/jsdom/lib/jsdom/living/helpers/runtime-script-errors.js:66:24)
          at innerInvokeEventListeners (/app/node_modules/.pnpm/jsdom@20.0.3/node_modules/jsdom/lib/jsdom/living/events/EventTarget-impl.js:353:9)
          at invokeEventListeners (/app/node_modules/.pnpm/jsdom@20.0.3/node_modules/jsdom/lib/jsdom/living/events/EventTarget-impl.js:286:3)
          at HTMLUnknownElementImpl._dispatch (/app/node_modules/.pnpm/jsdom@20.0.3/node_modules/jsdom/lib/jsdom/living/events/EventTarget-impl.js:233:9)
          at HTMLUnknownElementImpl.dispatchEvent (/app/node_modules/.pnpm/jsdom@20.0.3/node_modules/jsdom/lib/jsdom/living/events/EventTarget-impl.js:104:17)
          at HTMLUnknownElement.dispatchEvent (/app/node_modules/.pnpm/jsdom@20.0.3/node_modules/jsdom/lib/jsdom/living/generated/EventTarget.js:241:34)
          at Object.invokeGuardedCallbackDev (/app/node_modules/.pnpm/react-dom@18.3.1_react@18.3.1/node_modules/react-dom/cjs/react-dom.development.js:4213:16)
          at invokeGuardedCallback (/app/node_modules/.pnpm/react-dom@18.3.1_react@18.3.1/node_modules/react-dom/cjs/react-dom.development.js:4277:31)
          at beginWork$1 (/app/node_modules/.pnpm/react-dom@18.3.1_react@18.3.1/node_modules/react-dom/cjs/react-dom.development.js:27490:7)
          at performUnitOfWork (/app/node_modules/.pnpm/react-dom@18.3.1_react@18.3.1/node_modules/react-dom/cjs/react-dom.development.js:26599:12)
          at workLoopSync (/app/node_modules/.pnpm/react-dom@18.3.1_react@18.3.1/node_modules/react-dom/cjs/react-dom.development.js:26505:5)
          at renderRootSync (/app/node_modules/.pnpm/react-dom@18.3.1_react@18.3.1/node_modules/react-dom/cjs/react-dom.development.js:26473:7)
          at recoverFromConcurrentError (/app/node_modules/.pnpm/react-dom@18.3.1_react@18.3.1/node_modules/react-dom/cjs/react-dom.development.js:25889:20)
          at performConcurrentWorkOnRoot (/app/node_modules/.pnpm/react-dom@18.3.1_react@18.3.1/node_modules/react-dom/cjs/react-dom.development.js:25789:22)
          at flushActQueue (/app/node_modules/.pnpm/react@18.3.1/node_modules/react/cjs/react.development.js:2667:24)
          at act (/app/node_modules/.pnpm/react@18.3.1/node_modules/react/cjs/react.development.js:2582:11)
          at /app/node_modules/.pnpm/@testing-library+react@16.3.2_@testing-library+dom@10.4.1_@types+react-dom@18.3.7_@types+reac_3k5f6qynewwmkoqvlvtzlgtsjq/node_modules/@testing-library/react/dist/act-compat.js:46:25
          at renderRoot (/app/node_modules/.pnpm/@testing-library+react@16.3.2_@testing-library+dom@10.4.1_@types+react-dom@18.3.7_@types+reac_3k5f6qynewwmkoqvlvtzlgtsjq/node_modules/@testing-library/react/dist/pure.js:189:26)
          at render (/app/node_modules/.pnpm/@testing-library+react@16.3.2_@testing-library+dom@10.4.1_@types+react-dom@18.3.7_@types+reac_3k5f6qynewwmkoqvlvtzlgtsjq/node_modules/@testing-library/react/dist/pure.js:291:10)
          at Object.<anonymous> (/app/apps/admin/components/__tests__/permissions-table.test.tsx:55:11)
          at Promise.then.completed (/app/node_modules/.pnpm/jest-circus@29.7.0/node_modules/jest-circus/build/utils.js:298:28)
          at new Promise (<anonymous>)
          at callAsyncCircusFn (/app/node_modules/.pnpm/jest-circus@29.7.0/node_modules/jest-circus/build/utils.js:231:10)
          at _callCircusTest (/app/node_modules/.pnpm/jest-circus@29.7.0/node_modules/jest-circus/build/run.js:316:40)
          at processTicksAndRejections (node:internal/process/task_queues:103:5)
          at _runTest (/app/node_modules/.pnpm/jest-circus@29.7.0/node_modules/jest-circus/build/run.js:252:3)
          at _runTestsForDescribeBlock (/app/node_modules/.pnpm/jest-circus@29.7.0/node_modules/jest-circus/build/run.js:126:9)
          at _runTestsForDescribeBlock (/app/node_modules/.pnpm/jest-circus@29.7.0/node_modules/jest-circus/build/run.js:121:9)
          at run (/app/node_modules/.pnpm/jest-circus@29.7.0/node_modules/jest-circus/build/run.js:71:3)
          at runAndTransformResultsToJestFormat (/app/node_modules/.pnpm/jest-circus@29.7.0/node_modules/jest-circus/build/legacy-code-todo-rewrite/jestAdapterInit.js:122:21)
          at jestAdapter (/app/node_modules/.pnpm/jest-circus@29.7.0/node_modules/jest-circus/build/legacy-code-todo-rewrite/jestAdapter.js:79:19)
          at runTestInternal (/app/node_modules/.pnpm/jest-runner@29.7.0/node_modules/jest-runner/build/runTest.js:367:16)
          at runTest (/app/node_modules/.pnpm/jest-runner@29.7.0/node_modules/jest-runner/build/runTest.js:444:34)
          at Object.worker (/app/node_modules/.pnpm/jest-runner@29.7.0/node_modules/jest-runner/build/testWorker.js:106:12) {
        detail: Error: `Tooltip` must be used within `TooltipProvider`
            at useContext2 (/app/node_modules/.pnpm/@radix-ui+react-context@1.1.2_@types+react@18.3.29_react@18.3.1/node_modules/@radix-ui/react-context/src/create-context.tsx:75:13)
            at Tooltip (/app/node_modules/.pnpm/@radix-ui+react-tooltip@1.2.8_@types+react-dom@18.3.7_@types+react@18.3.29__@types+react@18.3_xrwsnt2rmlacewwolijhmzdoxi/node_modules/@radix-ui/react-tooltip/src/tooltip.tsx:162:27)
            at renderWithHooks (/app/node_modules/.pnpm/react-dom@18.3.1_react@18.3.1/node_modules/react-dom/cjs/react-dom.development.js:15486:18)
            at mountIndeterminateComponent (/app/node_modules/.pnpm/react-dom@18.3.1_react@18.3.1/node_modules/react-dom/cjs/react-dom.development.js:20103:13)
            at beginWork (/app/node_modules/.pnpm/react-dom@18.3.1_react@18.3.1/node_modules/react-dom/cjs/react-dom.development.js:21626:16)
            at HTMLUnknownElement.callCallback (/app/node_modules/.pnpm/react-dom@18.3.1_react@18.3.1/node_modules/react-dom/cjs/react-dom.development.js:4164:14)
            at HTMLUnknownElement.callTheUserObjectsOperation (/app/node_modules/.pnpm/jsdom@20.0.3/node_modules/jsdom/lib/jsdom/living/generated/EventListener.js:26:30)
            at innerInvokeEventListeners (/app/node_modules/.pnpm/jsdom@20.0.3/node_modules/jsdom/lib/jsdom/living/events/EventTarget-impl.js:350:25)
            at invokeEventListeners (/app/node_modules/.pnpm/jsdom@20.0.3/node_modules/jsdom/lib/jsdom/living/events/EventTarget-impl.js:286:3)
            at HTMLUnknownElementImpl._dispatch (/app/node_modules/.pnpm/jsdom@20.0.3/node_modules/jsdom/lib/jsdom/living/events/EventTarget-impl.js:233:9)
            at HTMLUnknownElementImpl.dispatchEvent (/app/node_modules/.pnpm/jsdom@20.0.3/node_modules/jsdom/lib/jsdom/living/events/EventTarget-impl.js:104:17)
            at HTMLUnknownElement.dispatchEvent (/app/node_modules/.pnpm/jsdom@20.0.3/node_modules/jsdom/lib/jsdom/living/generated/EventTarget.js:241:34)
            at Object.invokeGuardedCallbackDev (/app/node_modules/.pnpm/react-dom@18.3.1_react@18.3.1/node_modules/react-dom/cjs/react-dom.development.js:4213:16)
            at invokeGuardedCallback (/app/node_modules/.pnpm/react-dom@18.3.1_react@18.3.1/node_modules/react-dom/cjs/react-dom.development.js:4277:31)
            at beginWork$1 (/app/node_modules/.pnpm/react-dom@18.3.1_react@18.3.1/node_modules/react-dom/cjs/react-dom.development.js:27490:7)
            at performUnitOfWork (/app/node_modules/.pnpm/react-dom@18.3.1_react@18.3.1/node_modules/react-dom/cjs/react-dom.development.js:26599:12)
            at workLoopSync (/app/node_modules/.pnpm/react-dom@18.3.1_react@18.3.1/node_modules/react-dom/cjs/react-dom.development.js:26505:5)
            at renderRootSync (/app/node_modules/.pnpm/react-dom@18.3.1_react@18.3.1/node_modules/react-dom/cjs/react-dom.development.js:26473:7)
            at recoverFromConcurrentError (/app/node_modules/.pnpm/react-dom@18.3.1_react@18.3.1/node_modules/react-dom/cjs/react-dom.development.js:25889:20)
            at performConcurrentWorkOnRoot (/app/node_modules/.pnpm/react-dom@18.3.1_react@18.3.1/node_modules/react-dom/cjs/react-dom.development.js:25789:22)
            at flushActQueue (/app/node_modules/.pnpm/react@18.3.1/node_modules/react/cjs/react.development.js:2667:24)
            at act (/app/node_modules/.pnpm/react@18.3.1/node_modules/react/cjs/react.development.js:2582:11)
            at /app/node_modules/.pnpm/@testing-library+react@16.3.2_@testing-library+dom@10.4.1_@types+react-dom@18.3.7_@types+reac_3k5f6qynewwmkoqvlvtzlgtsjq/node_modules/@testing-library/react/dist/act-compat.js:46:25
            at renderRoot (/app/node_modules/.pnpm/@testing-library+react@16.3.2_@testing-library+dom@10.4.1_@types+react-dom@18.3.7_@types+reac_3k5f6qynewwmkoqvlvtzlgtsjq/node_modules/@testing-library/react/dist/pure.js:189:26)
            at render (/app/node_modules/.pnpm/@testing-library+react@16.3.2_@testing-library+dom@10.4.1_@types+react-dom@18.3.7_@types+reac_3k5f6qynewwmkoqvlvtzlgtsjq/node_modules/@testing-library/react/dist/pure.js:291:10)
            at Object.<anonymous> (/app/apps/admin/components/__tests__/permissions-table.test.tsx:55:11)
            at Promise.then.completed (/app/node_modules/.pnpm/jest-circus@29.7.0/node_modules/jest-circus/build/utils.js:298:28)
            at new Promise (<anonymous>)
            at callAsyncCircusFn (/app/node_modules/.pnpm/jest-circus@29.7.0/node_modules/jest-circus/build/utils.js:231:10)
            at _callCircusTest (/app/node_modules/.pnpm/jest-circus@29.7.0/node_modules/jest-circus/build/run.js:316:40)
            at processTicksAndRejections (node:internal/process/task_queues:103:5)
            at _runTest (/app/node_modules/.pnpm/jest-circus@29.7.0/node_modules/jest-circus/build/run.js:252:3)
            at _runTestsForDescribeBlock (/app/node_modules/.pnpm/jest-circus@29.7.0/node_modules/jest-circus/build/run.js:126:9)
            at _runTestsForDescribeBlock (/app/node_modules/.pnpm/jest-circus@29.7.0/node_modules/jest-circus/build/run.js:121:9)
            at run (/app/node_modules/.pnpm/jest-circus@29.7.0/node_modules/jest-circus/build/run.js:71:3)
            at runAndTransformResultsToJestFormat (/app/node_modules/.pnpm/jest-circus@29.7.0/node_modules/jest-circus/build/legacy-code-todo-rewrite/jestAdapterInit.js:122:21)
            at jestAdapter (/app/node_modules/.pnpm/jest-circus@29.7.0/node_modules/jest-circus/build/legacy-code-todo-rewrite/jestAdapter.js:79:19)
            at runTestInternal (/app/node_modules/.pnpm/jest-runner@29.7.0/node_modules/jest-runner/build/runTest.js:367:16)
            at runTest (/app/node_modules/.pnpm/jest-runner@29.7.0/node_modules/jest-runner/build/runTest.js:444:34)
            at Object.worker (/app/node_modules/.pnpm/jest-runner@29.7.0/node_modules/jest-runner/build/testWorker.js:106:12),
        type: 'unhandled exception'
      }

      53 |
      54 |   it('renders rows with names and the Platform badge for platform.*', () => {
    > 55 |     render(withIntl(<PermissionsTable initial={initial} apps={apps} />))
         |           ^
      56 |     expect(screen.getByText('apps.read')).toBeInTheDocument()
      57 |     expect(screen.getByText('platform.users.manage')).toBeInTheDocument()
      58 |     expect(screen.getByText(en.permissions.badges.platform)).toBeInTheDocument()

      at VirtualConsole.<anonymous> (../../node_modules/.pnpm/jest-environment-jsdom@29.7.0/node_modules/jest-environment-jsdom/build/index.js:63:23)
      at reportException (../../node_modules/.pnpm/jsdom@20.0.3/node_modules/jsdom/lib/jsdom/living/helpers/runtime-script-errors.js:70:28)
      at innerInvokeEventListeners (../../node_modules/.pnpm/jsdom@20.0.3/node_modules/jsdom/lib/jsdom/living/events/EventTarget-impl.js:353:9)
      at invokeEventListeners (../../node_modules/.pnpm/jsdom@20.0.3/node_modules/jsdom/lib/jsdom/living/events/EventTarget-impl.js:286:3)
      at HTMLUnknownElementImpl._dispatch (../../node_modules/.pnpm/jsdom@20.0.3/node_modules/jsdom/lib/jsdom/living/events/EventTarget-impl.js:233:9)
      at HTMLUnknownElementImpl.dispatchEvent (../../node_modules/.pnpm/jsdom@20.0.3/node_modules/jsdom/lib/jsdom/living/events/EventTarget-impl.js:104:17)
      at HTMLUnknownElement.dispatchEvent (../../node_modules/.pnpm/jsdom@20.0.3/node_modules/jsdom/lib/jsdom/living/generated/EventTarget.js:241:34)
      at Object.invokeGuardedCallbackDev (../../node_modules/.pnpm/react-dom@18.3.1_react@18.3.1/node_modules/react-dom/cjs/react-dom.development.js:4213:16)
      at invokeGuardedCallback (../../node_modules/.pnpm/react-dom@18.3.1_react@18.3.1/node_modules/react-dom/cjs/react-dom.development.js:4277:31)
      at beginWork$1 (../../node_modules/.pnpm/react-dom@18.3.1_react@18.3.1/node_modules/react-dom/cjs/react-dom.development.js:27490:7)
      at performUnitOfWork (../../node_modules/.pnpm/react-dom@18.3.1_react@18.3.1/node_modules/react-dom/cjs/react-dom.development.js:26599:12)
      at workLoopSync (../../node_modules/.pnpm/react-dom@18.3.1_react@18.3.1/node_modules/react-dom/cjs/react-dom.development.js:26505:5)
      at renderRootSync (../../node_modules/.pnpm/react-dom@18.3.1_react@18.3.1/node_modules/react-dom/cjs/react-dom.development.js:26473:7)
      at recoverFromConcurrentError (../../node_modules/.pnpm/react-dom@18.3.1_react@18.3.1/node_modules/react-dom/cjs/react-dom.development.js:25889:20)
      at performConcurrentWorkOnRoot (../../node_modules/.pnpm/react-dom@18.3.1_react@18.3.1/node_modules/react-dom/cjs/react-dom.development.js:25789:22)
      at flushActQueue (../../node_modules/.pnpm/react@18.3.1/node_modules/react/cjs/react.development.js:2667:24)
      at act (../../node_modules/.pnpm/react@18.3.1/node_modules/react/cjs/react.development.js:2582:11)
      at ../../node_modules/.pnpm/@testing-library+react@16.3.2_@testing-library+dom@10.4.1_@types+react-dom@18.3.7_@types+reac_3k5f6qynewwmkoqvlvtzlgtsjq/node_modules/@testing-library/react/dist/act-compat.js:46:25
      at renderRoot (../../node_modules/.pnpm/@testing-library+react@16.3.2_@testing-library+dom@10.4.1_@types+react-dom@18.3.7_@types+reac_3k5f6qynewwmkoqvlvtzlgtsjq/node_modules/@testing-library/react/dist/pure.js:189:26)
      at render (../../node_modules/.pnpm/@testing-library+react@16.3.2_@testing-library+dom@10.4.1_@types+react-dom@18.3.7_@types+reac_3k5f6qynewwmkoqvlvtzlgtsjq/node_modules/@testing-library/react/dist/pure.js:291:10)
      at Object.<anonymous> (components/__tests__/permissions-table.test.tsx:55:11)

    console.error
      The above error occurred in the <Tooltip> component:

          at Tooltip (/app/node_modules/.pnpm/@radix-ui+react-tooltip@1.2.8_@types+react-dom@18.3.7_@types+react@18.3.29__@types+react@18.3_xrwsnt2rmlacewwolijhmzdoxi/node_modules/@radix-ui/react-tooltip/src/tooltip.tsx:154:5)
          at div
          at cell (/app/apps/admin/components/permissions-table.tsx:83:16)
          at td
          at /app/packages/ui/src/components/ui/table.tsx:87:6
          at tr
          at /app/packages/ui/src/components/ui/table.tsx:57:6
          at tbody
          at /app/packages/ui/src/components/ui/table.tsx:30:6
          at table
          at div
          at /app/packages/ui/src/components/ui/table.tsx:8:6
          at DataTable (/app/packages/ui/src/components/data-table.tsx:23:36)
          at div
          at PermissionsTable (/app/apps/admin/components/permissions-table.tsx:22:36)
          at IntlProvider (/app/node_modules/.pnpm/use-intl@3.26.5_react@18.3.1/node_modules/use-intl/dist/development/_IntlProvider.js:16:5)
          at NextIntlClientProvider (/app/node_modules/.pnpm/next-intl@3.26.5_next@15.5.18_@babel+core@7.29.7_@opentelemetry+api@1.9.1_@playwright+test@1._uib3rlo2eksg3yll53rffkx7ea/node_modules/next-intl/dist/development/shared/NextIntlClientProvider.js:16:5)

      Consider adding an error boundary to your tree to customize error handling behavior.
      Visit https://reactjs.org/link/error-boundaries to learn more about error boundaries.

      53 |
      54 |   it('renders rows with names and the Platform badge for platform.*', () => {
    > 55 |     render(withIntl(<PermissionsTable initial={initial} apps={apps} />))
         |           ^
      56 |     expect(screen.getByText('apps.read')).toBeInTheDocument()
      57 |     expect(screen.getByText('platform.users.manage')).toBeInTheDocument()
      58 |     expect(screen.getByText(en.permissions.badges.platform)).toBeInTheDocument()

      at logCapturedError (../../node_modules/.pnpm/react-dom@18.3.1_react@18.3.1/node_modules/react-dom/cjs/react-dom.development.js:18704:23)
      at update.callback (../../node_modules/.pnpm/react-dom@18.3.1_react@18.3.1/node_modules/react-dom/cjs/react-dom.development.js:18737:5)
      at callCallback (../../node_modules/.pnpm/react-dom@18.3.1_react@18.3.1/node_modules/react-dom/cjs/react-dom.development.js:15036:12)
      at commitUpdateQueue (../../node_modules/.pnpm/react-dom@18.3.1_react@18.3.1/node_modules/react-dom/cjs/react-dom.development.js:15057:9)
      at commitLayoutEffectOnFiber (../../node_modules/.pnpm/react-dom@18.3.1_react@18.3.1/node_modules/react-dom/cjs/react-dom.development.js:23430:13)
      at commitLayoutMountEffects_complete (../../node_modules/.pnpm/react-dom@18.3.1_react@18.3.1/node_modules/react-dom/cjs/react-dom.development.js:24727:9)
      at commitLayoutEffects_begin (../../node_modules/.pnpm/react-dom@18.3.1_react@18.3.1/node_modules/react-dom/cjs/react-dom.development.js:24713:7)
      at commitLayoutEffects (../../node_modules/.pnpm/react-dom@18.3.1_react@18.3.1/node_modules/react-dom/cjs/react-dom.development.js:24651:3)
      at commitRootImpl (../../node_modules/.pnpm/react-dom@18.3.1_react@18.3.1/node_modules/react-dom/cjs/react-dom.development.js:26862:5)
      at commitRoot (../../node_modules/.pnpm/react-dom@18.3.1_react@18.3.1/node_modules/react-dom/cjs/react-dom.development.js:26721:5)
      at finishConcurrentRender (../../node_modules/.pnpm/react-dom@18.3.1_react@18.3.1/node_modules/react-dom/cjs/react-dom.development.js:25931:9)
      at performConcurrentWorkOnRoot (../../node_modules/.pnpm/react-dom@18.3.1_react@18.3.1/node_modules/react-dom/cjs/react-dom.development.js:25848:7)
      at flushActQueue (../../node_modules/.pnpm/react@18.3.1/node_modules/react/cjs/react.development.js:2667:24)
      at act (../../node_modules/.pnpm/react@18.3.1/node_modules/react/cjs/react.development.js:2582:11)
      at ../../node_modules/.pnpm/@testing-library+react@16.3.2_@testing-library+dom@10.4.1_@types+react-dom@18.3.7_@types+reac_3k5f6qynewwmkoqvlvtzlgtsjq/node_modules/@testing-library/react/dist/act-compat.js:46:25
      at renderRoot (../../node_modules/.pnpm/@testing-library+react@16.3.2_@testing-library+dom@10.4.1_@types+react-dom@18.3.7_@types+reac_3k5f6qynewwmkoqvlvtzlgtsjq/node_modules/@testing-library/react/dist/pure.js:189:26)
      at render (../../node_modules/.pnpm/@testing-library+react@16.3.2_@testing-library+dom@10.4.1_@types+react-dom@18.3.7_@types+reac_3k5f6qynewwmkoqvlvtzlgtsjq/node_modules/@testing-library/react/dist/pure.js:291:10)
      at Object.<anonymous> (components/__tests__/permissions-table.test.tsx:55:11)

    console.error
      The above error occurred in the <Tooltip> component:

          at Tooltip (/app/node_modules/.pnpm/@radix-ui+react-tooltip@1.2.8_@types+react-dom@18.3.7_@types+react@18.3.29__@types+react@18.3_xrwsnt2rmlacewwolijhmzdoxi/node_modules/@radix-ui/react-tooltip/src/tooltip.tsx:154:5)
          at Passthrough (/app/apps/admin/components/__tests__/permissions-table.test.tsx:17:26)
          at cell (/app/apps/admin/components/permissions-table.tsx:124:16)
          at td
          at /app/packages/ui/src/components/ui/table.tsx:87:6
          at tr
          at /app/packages/ui/src/components/ui/table.tsx:57:6
          at tbody
          at /app/packages/ui/src/components/ui/table.tsx:30:6
          at table
          at div
          at /app/packages/ui/src/components/ui/table.tsx:8:6
          at DataTable (/app/packages/ui/src/components/data-table.tsx:23:36)
          at div
          at PermissionsTable (/app/apps/admin/components/permissions-table.tsx:22:36)
          at IntlProvider (/app/node_modules/.pnpm/use-intl@3.26.5_react@18.3.1/node_modules/use-intl/dist/development/_IntlProvider.js:16:5)
          at NextIntlClientProvider (/app/node_modules/.pnpm/next-intl@3.26.5_next@15.5.18_@babel+core@7.29.7_@opentelemetry+api@1.9.1_@playwright+test@1._uib3rlo2eksg3yll53rffkx7ea/node_modules/next-intl/dist/development/shared/NextIntlClientProvider.js:16:5)

      Consider adding an error boundary to your tree to customize error handling behavior.
      Visit https://reactjs.org/link/error-boundaries to learn more about error boundaries.

      53 |
      54 |   it('renders rows with names and the Platform badge for platform.*', () => {
    > 55 |     render(withIntl(<PermissionsTable initial={initial} apps={apps} />))
         |           ^
      56 |     expect(screen.getByText('apps.read')).toBeInTheDocument()
      57 |     expect(screen.getByText('platform.users.manage')).toBeInTheDocument()
      58 |     expect(screen.getByText(en.permissions.badges.platform)).toBeInTheDocument()

      at logCapturedError (../../node_modules/.pnpm/react-dom@18.3.1_react@18.3.1/node_modules/react-dom/cjs/react-dom.development.js:18704:23)
      at update.callback (../../node_modules/.pnpm/react-dom@18.3.1_react@18.3.1/node_modules/react-dom/cjs/react-dom.development.js:18737:5)
      at callCallback (../../node_modules/.pnpm/react-dom@18.3.1_react@18.3.1/node_modules/react-dom/cjs/react-dom.development.js:15036:12)
      at commitUpdateQueue (../../node_modules/.pnpm/react-dom@18.3.1_react@18.3.1/node_modules/react-dom/cjs/react-dom.development.js:15057:9)
      at commitLayoutEffectOnFiber (../../node_modules/.pnpm/react-dom@18.3.1_react@18.3.1/node_modules/react-dom/cjs/react-dom.development.js:23430:13)
      at commitLayoutMountEffects_complete (../../node_modules/.pnpm/react-dom@18.3.1_react@18.3.1/node_modules/react-dom/cjs/react-dom.development.js:24727:9)
      at commitLayoutEffects_begin (../../node_modules/.pnpm/react-dom@18.3.1_react@18.3.1/node_modules/react-dom/cjs/react-dom.development.js:24713:7)
      at commitLayoutEffects (../../node_modules/.pnpm/react-dom@18.3.1_react@18.3.1/node_modules/react-dom/cjs/react-dom.development.js:24651:3)
      at commitRootImpl (../../node_modules/.pnpm/react-dom@18.3.1_react@18.3.1/node_modules/react-dom/cjs/react-dom.development.js:26862:5)
      at commitRoot (../../node_modules/.pnpm/react-dom@18.3.1_react@18.3.1/node_modules/react-dom/cjs/react-dom.development.js:26721:5)
      at finishConcurrentRender (../../node_modules/.pnpm/react-dom@18.3.1_react@18.3.1/node_modules/react-dom/cjs/react-dom.development.js:25931:9)
      at performConcurrentWorkOnRoot (../../node_modules/.pnpm/react-dom@18.3.1_react@18.3.1/node_modules/react-dom/cjs/react-dom.development.js:25848:7)
      at flushActQueue (../../node_modules/.pnpm/react@18.3.1/node_modules/react/cjs/react.development.js:2667:24)
      at act (../../node_modules/.pnpm/react@18.3.1/node_modules/react/cjs/react.development.js:2582:11)
      at ../../node_modules/.pnpm/@testing-library+react@16.3.2_@testing-library+dom@10.4.1_@types+react-dom@18.3.7_@types+reac_3k5f6qynewwmkoqvlvtzlgtsjq/node_modules/@testing-library/react/dist/act-compat.js:46:25
      at renderRoot (../../node_modules/.pnpm/@testing-library+react@16.3.2_@testing-library+dom@10.4.1_@types+react-dom@18.3.7_@types+reac_3k5f6qynewwmkoqvlvtzlgtsjq/node_modules/@testing-library/react/dist/pure.js:189:26)
      at render (../../node_modules/.pnpm/@testing-library+react@16.3.2_@testing-library+dom@10.4.1_@types+react-dom@18.3.7_@types+reac_3k5f6qynewwmkoqvlvtzlgtsjq/node_modules/@testing-library/react/dist/pure.js:291:10)
      at Object.<anonymous> (components/__tests__/permissions-table.test.tsx:55:11)

    console.error
      The above error occurred in the <Tooltip> component:

          at Tooltip (/app/node_modules/.pnpm/@radix-ui+react-tooltip@1.2.8_@types+react-dom@18.3.7_@types+react@18.3.29__@types+react@18.3_xrwsnt2rmlacewwolijhmzdoxi/node_modules/@radix-ui/react-tooltip/src/tooltip.tsx:154:5)
          at div
          at cell (/app/apps/admin/components/permissions-table.tsx:83:16)
          at td
          at /app/packages/ui/src/components/ui/table.tsx:87:6
          at tr
          at /app/packages/ui/src/components/ui/table.tsx:57:6
          at tbody
          at /app/packages/ui/src/components/ui/table.tsx:30:6
          at table
          at div
          at /app/packages/ui/src/components/ui/table.tsx:8:6
          at DataTable (/app/packages/ui/src/components/data-table.tsx:23:36)
          at div
          at PermissionsTable (/app/apps/admin/components/permissions-table.tsx:22:36)
          at IntlProvider (/app/node_modules/.pnpm/use-intl@3.26.5_react@18.3.1/node_modules/use-intl/dist/development/_IntlProvider.js:16:5)
          at NextIntlClientProvider (/app/node_modules/.pnpm/next-intl@3.26.5_next@15.5.18_@babel+core@7.29.7_@opentelemetry+api@1.9.1_@playwright+test@1._uib3rlo2eksg3yll53rffkx7ea/node_modules/next-intl/dist/development/shared/NextIntlClientProvider.js:16:5)

      Consider adding an error boundary to your tree to customize error handling behavior.
      Visit https://reactjs.org/link/error-boundaries to learn more about error boundaries.

      53 |
      54 |   it('renders rows with names and the Platform badge for platform.*', () => {
    > 55 |     render(withIntl(<PermissionsTable initial={initial} apps={apps} />))
         |           ^
      56 |     expect(screen.getByText('apps.read')).toBeInTheDocument()
      57 |     expect(screen.getByText('platform.users.manage')).toBeInTheDocument()
      58 |     expect(screen.getByText(en.permissions.badges.platform)).toBeInTheDocument()

      at logCapturedError (../../node_modules/.pnpm/react-dom@18.3.1_react@18.3.1/node_modules/react-dom/cjs/react-dom.development.js:18704:23)
      at update.callback (../../node_modules/.pnpm/react-dom@18.3.1_react@18.3.1/node_modules/react-dom/cjs/react-dom.development.js:18737:5)
      at callCallback (../../node_modules/.pnpm/react-dom@18.3.1_react@18.3.1/node_modules/react-dom/cjs/react-dom.development.js:15036:12)
      at commitUpdateQueue (../../node_modules/.pnpm/react-dom@18.3.1_react@18.3.1/node_modules/react-dom/cjs/react-dom.development.js:15057:9)
      at commitLayoutEffectOnFiber (../../node_modules/.pnpm/react-dom@18.3.1_react@18.3.1/node_modules/react-dom/cjs/react-dom.development.js:23430:13)
      at commitLayoutMountEffects_complete (../../node_modules/.pnpm/react-dom@18.3.1_react@18.3.1/node_modules/react-dom/cjs/react-dom.development.js:24727:9)
      at commitLayoutEffects_begin (../../node_modules/.pnpm/react-dom@18.3.1_react@18.3.1/node_modules/react-dom/cjs/react-dom.development.js:24713:7)
      at commitLayoutEffects (../../node_modules/.pnpm/react-dom@18.3.1_react@18.3.1/node_modules/react-dom/cjs/react-dom.development.js:24651:3)
      at commitRootImpl (../../node_modules/.pnpm/react-dom@18.3.1_react@18.3.1/node_modules/react-dom/cjs/react-dom.development.js:26862:5)
      at commitRoot (../../node_modules/.pnpm/react-dom@18.3.1_react@18.3.1/node_modules/react-dom/cjs/react-dom.development.js:26721:5)
      at finishConcurrentRender (../../node_modules/.pnpm/react-dom@18.3.1_react@18.3.1/node_modules/react-dom/cjs/react-dom.development.js:25931:9)
      at performConcurrentWorkOnRoot (../../node_modules/.pnpm/react-dom@18.3.1_react@18.3.1/node_modules/react-dom/cjs/react-dom.development.js:25848:7)
      at flushActQueue (../../node_modules/.pnpm/react@18.3.1/node_modules/react/cjs/react.development.js:2667:24)
      at act (../../node_modules/.pnpm/react@18.3.1/node_modules/react/cjs/react.development.js:2582:11)
      at ../../node_modules/.pnpm/@testing-library+react@16.3.2_@testing-library+dom@10.4.1_@types+react-dom@18.3.7_@types+reac_3k5f6qynewwmkoqvlvtzlgtsjq/node_modules/@testing-library/react/dist/act-compat.js:46:25
      at renderRoot (../../node_modules/.pnpm/@testing-library+react@16.3.2_@testing-library+dom@10.4.1_@types+react-dom@18.3.7_@types+reac_3k5f6qynewwmkoqvlvtzlgtsjq/node_modules/@testing-library/react/dist/pure.js:189:26)
      at render (../../node_modules/.pnpm/@testing-library+react@16.3.2_@testing-library+dom@10.4.1_@types+react-dom@18.3.7_@types+reac_3k5f6qynewwmkoqvlvtzlgtsjq/node_modules/@testing-library/react/dist/pure.js:291:10)
      at Object.<anonymous> (components/__tests__/permissions-table.test.tsx:55:11)

    console.error
      The above error occurred in the <Tooltip> component:

          at Tooltip (/app/node_modules/.pnpm/@radix-ui+react-tooltip@1.2.8_@types+react-dom@18.3.7_@types+react@18.3.29__@types+react@18.3_xrwsnt2rmlacewwolijhmzdoxi/node_modules/@radix-ui/react-tooltip/src/tooltip.tsx:154:5)
          at Passthrough (/app/apps/admin/components/__tests__/permissions-table.test.tsx:17:26)
          at cell (/app/apps/admin/components/permissions-table.tsx:124:16)
          at td
          at /app/packages/ui/src/components/ui/table.tsx:87:6
          at tr
          at /app/packages/ui/src/components/ui/table.tsx:57:6
          at tbody
          at /app/packages/ui/src/components/ui/table.tsx:30:6
          at table
          at div
          at /app/packages/ui/src/components/ui/table.tsx:8:6
          at DataTable (/app/packages/ui/src/components/data-table.tsx:23:36)
          at div
          at PermissionsTable (/app/apps/admin/components/permissions-table.tsx:22:36)
          at IntlProvider (/app/node_modules/.pnpm/use-intl@3.26.5_react@18.3.1/node_modules/use-intl/dist/development/_IntlProvider.js:16:5)
          at NextIntlClientProvider (/app/node_modules/.pnpm/next-intl@3.26.5_next@15.5.18_@babel+core@7.29.7_@opentelemetry+api@1.9.1_@playwright+test@1._uib3rlo2eksg3yll53rffkx7ea/node_modules/next-intl/dist/development/shared/NextIntlClientProvider.js:16:5)

      Consider adding an error boundary to your tree to customize error handling behavior.
      Visit https://reactjs.org/link/error-boundaries to learn more about error boundaries.

      53 |
      54 |   it('renders rows with names and the Platform badge for platform.*', () => {
    > 55 |     render(withIntl(<PermissionsTable initial={initial} apps={apps} />))
         |           ^
      56 |     expect(screen.getByText('apps.read')).toBeInTheDocument()
      57 |     expect(screen.getByText('platform.users.manage')).toBeInTheDocument()
      58 |     expect(screen.getByText(en.permissions.badges.platform)).toBeInTheDocument()

      at logCapturedError (../../node_modules/.pnpm/react-dom@18.3.1_react@18.3.1/node_modules/react-dom/cjs/react-dom.development.js:18704:23)
      at update.callback (../../node_modules/.pnpm/react-dom@18.3.1_react@18.3.1/node_modules/react-dom/cjs/react-dom.development.js:18737:5)
      at callCallback (../../node_modules/.pnpm/react-dom@18.3.1_react@18.3.1/node_modules/react-dom/cjs/react-dom.development.js:15036:12)
      at commitUpdateQueue (../../node_modules/.pnpm/react-dom@18.3.1_react@18.3.1/node_modules/react-dom/cjs/react-dom.development.js:15057:9)
      at commitLayoutEffectOnFiber (../../node_modules/.pnpm/react-dom@18.3.1_react@18.3.1/node_modules/react-dom/cjs/react-dom.development.js:23430:13)
      at commitLayoutMountEffects_complete (../../node_modules/.pnpm/react-dom@18.3.1_react@18.3.1/node_modules/react-dom/cjs/react-dom.development.js:24727:9)
      at commitLayoutEffects_begin (../../node_modules/.pnpm/react-dom@18.3.1_react@18.3.1/node_modules/react-dom/cjs/react-dom.development.js:24713:7)
      at commitLayoutEffects (../../node_modules/.pnpm/react-dom@18.3.1_react@18.3.1/node_modules/react-dom/cjs/react-dom.development.js:24651:3)
      at commitRootImpl (../../node_modules/.pnpm/react-dom@18.3.1_react@18.3.1/node_modules/react-dom/cjs/react-dom.development.js:26862:5)
      at commitRoot (../../node_modules/.pnpm/react-dom@18.3.1_react@18.3.1/node_modules/react-dom/cjs/react-dom.development.js:26721:5)
      at finishConcurrentRender (../../node_modules/.pnpm/react-dom@18.3.1_react@18.3.1/node_modules/react-dom/cjs/react-dom.development.js:25931:9)
      at performConcurrentWorkOnRoot (../../node_modules/.pnpm/react-dom@18.3.1_react@18.3.1/node_modules/react-dom/cjs/react-dom.development.js:25848:7)
      at flushActQueue (../../node_modules/.pnpm/react@18.3.1/node_modules/react/cjs/react.development.js:2667:24)
      at act (../../node_modules/.pnpm/react@18.3.1/node_modules/react/cjs/react.development.js:2582:11)
      at ../../node_modules/.pnpm/@testing-library+react@16.3.2_@testing-library+dom@10.4.1_@types+react-dom@18.3.7_@types+reac_3k5f6qynewwmkoqvlvtzlgtsjq/node_modules/@testing-library/react/dist/act-compat.js:46:25
      at renderRoot (../../node_modules/.pnpm/@testing-library+react@16.3.2_@testing-library+dom@10.4.1_@types+react-dom@18.3.7_@types+reac_3k5f6qynewwmkoqvlvtzlgtsjq/node_modules/@testing-library/react/dist/pure.js:189:26)
      at render (../../node_modules/.pnpm/@testing-library+react@16.3.2_@testing-library+dom@10.4.1_@types+react-dom@18.3.7_@types+reac_3k5f6qynewwmkoqvlvtzlgtsjq/node_modules/@testing-library/react/dist/pure.js:291:10)
      at Object.<anonymous> (components/__tests__/permissions-table.test.tsx:55:11)

    console.error
      Error: Uncaught [Error: `Tooltip` must be used within `TooltipProvider`]
          at reportException (/app/node_modules/.pnpm/jsdom@20.0.3/node_modules/jsdom/lib/jsdom/living/helpers/runtime-script-errors.js:66:24)
          at innerInvokeEventListeners (/app/node_modules/.pnpm/jsdom@20.0.3/node_modules/jsdom/lib/jsdom/living/events/EventTarget-impl.js:353:9)
          at invokeEventListeners (/app/node_modules/.pnpm/jsdom@20.0.3/node_modules/jsdom/lib/jsdom/living/events/EventTarget-impl.js:286:3)
          at HTMLUnknownElementImpl._dispatch (/app/node_modules/.pnpm/jsdom@20.0.3/node_modules/jsdom/lib/jsdom/living/events/EventTarget-impl.js:233:9)
          at HTMLUnknownElementImpl.dispatchEvent (/app/node_modules/.pnpm/jsdom@20.0.3/node_modules/jsdom/lib/jsdom/living/events/EventTarget-impl.js:104:17)
          at HTMLUnknownElement.dispatchEvent (/app/node_modules/.pnpm/jsdom@20.0.3/node_modules/jsdom/lib/jsdom/living/generated/EventTarget.js:241:34)
          at Object.invokeGuardedCallbackDev (/app/node_modules/.pnpm/react-dom@18.3.1_react@18.3.1/node_modules/react-dom/cjs/react-dom.development.js:4213:16)
          at invokeGuardedCallback (/app/node_modules/.pnpm/react-dom@18.3.1_react@18.3.1/node_modules/react-dom/cjs/react-dom.development.js:4277:31)
          at beginWork$1 (/app/node_modules/.pnpm/react-dom@18.3.1_react@18.3.1/node_modules/react-dom/cjs/react-dom.development.js:27490:7)
          at performUnitOfWork (/app/node_modules/.pnpm/react-dom@18.3.1_react@18.3.1/node_modules/react-dom/cjs/react-dom.development.js:26599:12)
          at workLoopSync (/app/node_modules/.pnpm/react-dom@18.3.1_react@18.3.1/node_modules/react-dom/cjs/react-dom.development.js:26505:5)
          at renderRootSync (/app/node_modules/.pnpm/react-dom@18.3.1_react@18.3.1/node_modules/react-dom/cjs/react-dom.development.js:26473:7)
          at performConcurrentWorkOnRoot (/app/node_modules/.pnpm/react-dom@18.3.1_react@18.3.1/node_modules/react-dom/cjs/react-dom.development.js:25777:74)
          at flushActQueue (/app/node_modules/.pnpm/react@18.3.1/node_modules/react/cjs/react.development.js:2667:24)
          at act (/app/node_modules/.pnpm/react@18.3.1/node_modules/react/cjs/react.development.js:2582:11)
          at /app/node_modules/.pnpm/@testing-library+react@16.3.2_@testing-library+dom@10.4.1_@types+react-dom@18.3.7_@types+reac_3k5f6qynewwmkoqvlvtzlgtsjq/node_modules/@testing-library/react/dist/act-compat.js:46:25
          at renderRoot (/app/node_modules/.pnpm/@testing-library+react@16.3.2_@testing-library+dom@10.4.1_@types+react-dom@18.3.7_@types+reac_3k5f6qynewwmkoqvlvtzlgtsjq/node_modules/@testing-library/react/dist/pure.js:189:26)
          at render (/app/node_modules/.pnpm/@testing-library+react@16.3.2_@testing-library+dom@10.4.1_@types+react-dom@18.3.7_@types+reac_3k5f6qynewwmkoqvlvtzlgtsjq/node_modules/@testing-library/react/dist/pure.js:291:10)
          at Object.<anonymous> (/app/apps/admin/components/__tests__/permissions-table.test.tsx:62:11)
          at Promise.then.completed (/app/node_modules/.pnpm/jest-circus@29.7.0/node_modules/jest-circus/build/utils.js:298:28)
          at new Promise (<anonymous>)
          at callAsyncCircusFn (/app/node_modules/.pnpm/jest-circus@29.7.0/node_modules/jest-circus/build/utils.js:231:10)
          at _callCircusTest (/app/node_modules/.pnpm/jest-circus@29.7.0/node_modules/jest-circus/build/run.js:316:40)
          at processTicksAndRejections (node:internal/process/task_queues:103:5)
          at _runTest (/app/node_modules/.pnpm/jest-circus@29.7.0/node_modules/jest-circus/build/run.js:252:3)
          at _runTestsForDescribeBlock (/app/node_modules/.pnpm/jest-circus@29.7.0/node_modules/jest-circus/build/run.js:126:9)
          at _runTestsForDescribeBlock (/app/node_modules/.pnpm/jest-circus@29.7.0/node_modules/jest-circus/build/run.js:121:9)
          at run (/app/node_modules/.pnpm/jest-circus@29.7.0/node_modules/jest-circus/build/run.js:71:3)
          at runAndTransformResultsToJestFormat (/app/node_modules/.pnpm/jest-circus@29.7.0/node_modules/jest-circus/build/legacy-code-todo-rewrite/jestAdapterInit.js:122:21)
          at jestAdapter (/app/node_modules/.pnpm/jest-circus@29.7.0/node_modules/jest-circus/build/legacy-code-todo-rewrite/jestAdapter.js:79:19)
          at runTestInternal (/app/node_modules/.pnpm/jest-runner@29.7.0/node_modules/jest-runner/build/runTest.js:367:16)
          at runTest (/app/node_modules/.pnpm/jest-runner@29.7.0/node_modules/jest-runner/build/runTest.js:444:34)
          at Object.worker (/app/node_modules/.pnpm/jest-runner@29.7.0/node_modules/jest-runner/build/testWorker.js:106:12) {
        detail: Error: `Tooltip` must be used within `TooltipProvider`
            at useContext2 (/app/node_modules/.pnpm/@radix-ui+react-context@1.1.2_@types+react@18.3.29_react@18.3.1/node_modules/@radix-ui/react-context/src/create-context.tsx:75:13)
            at Tooltip (/app/node_modules/.pnpm/@radix-ui+react-tooltip@1.2.8_@types+react-dom@18.3.7_@types+react@18.3.29__@types+react@18.3_xrwsnt2rmlacewwolijhmzdoxi/node_modules/@radix-ui/react-tooltip/src/tooltip.tsx:162:27)
            at renderWithHooks (/app/node_modules/.pnpm/react-dom@18.3.1_react@18.3.1/node_modules/react-dom/cjs/react-dom.development.js:15486:18)
            at mountIndeterminateComponent (/app/node_modules/.pnpm/react-dom@18.3.1_react@18.3.1/node_modules/react-dom/cjs/react-dom.development.js:20103:13)
            at beginWork (/app/node_modules/.pnpm/react-dom@18.3.1_react@18.3.1/node_modules/react-dom/cjs/react-dom.development.js:21626:16)
            at HTMLUnknownElement.callCallback (/app/node_modules/.pnpm/react-dom@18.3.1_react@18.3.1/node_modules/react-dom/cjs/react-dom.development.js:4164:14)
            at HTMLUnknownElement.callTheUserObjectsOperation (/app/node_modules/.pnpm/jsdom@20.0.3/node_modules/jsdom/lib/jsdom/living/generated/EventListener.js:26:30)
            at innerInvokeEventListeners (/app/node_modules/.pnpm/jsdom@20.0.3/node_modules/jsdom/lib/jsdom/living/events/EventTarget-impl.js:350:25)
            at invokeEventListeners (/app/node_modules/.pnpm/jsdom@20.0.3/node_modules/jsdom/lib/jsdom/living/events/EventTarget-impl.js:286:3)
            at HTMLUnknownElementImpl._dispatch (/app/node_modules/.pnpm/jsdom@20.0.3/node_modules/jsdom/lib/jsdom/living/events/EventTarget-impl.js:233:9)
            at HTMLUnknownElementImpl.dispatchEvent (/app/node_modules/.pnpm/jsdom@20.0.3/node_modules/jsdom/lib/jsdom/living/events/EventTarget-impl.js:104:17)
            at HTMLUnknownElement.dispatchEvent (/app/node_modules/.pnpm/jsdom@20.0.3/node_modules/jsdom/lib/jsdom/living/generated/EventTarget.js:241:34)
            at Object.invokeGuardedCallbackDev (/app/node_modules/.pnpm/react-dom@18.3.1_react@18.3.1/node_modules/react-dom/cjs/react-dom.development.js:4213:16)
            at invokeGuardedCallback (/app/node_modules/.pnpm/react-dom@18.3.1_react@18.3.1/node_modules/react-dom/cjs/react-dom.development.js:4277:31)
            at beginWork$1 (/app/node_modules/.pnpm/react-dom@18.3.1_react@18.3.1/node_modules/react-dom/cjs/react-dom.development.js:27490:7)
            at performUnitOfWork (/app/node_modules/.pnpm/react-dom@18.3.1_react@18.3.1/node_modules/react-dom/cjs/react-dom.development.js:26599:12)
            at workLoopSync (/app/node_modules/.pnpm/react-dom@18.3.1_react@18.3.1/node_modules/react-dom/cjs/react-dom.development.js:26505:5)
            at renderRootSync (/app/node_modules/.pnpm/react-dom@18.3.1_react@18.3.1/node_modules/react-dom/cjs/react-dom.development.js:26473:7)
            at performConcurrentWorkOnRoot (/app/node_modules/.pnpm/react-dom@18.3.1_react@18.3.1/node_modules/react-dom/cjs/react-dom.development.js:25777:74)
            at flushActQueue (/app/node_modules/.pnpm/react@18.3.1/node_modules/react/cjs/react.development.js:2667:24)
            at act (/app/node_modules/.pnpm/react@18.3.1/node_modules/react/cjs/react.development.js:2582:11)
            at /app/node_modules/.pnpm/@testing-library+react@16.3.2_@testing-library+dom@10.4.1_@types+react-dom@18.3.7_@types+reac_3k5f6qynewwmkoqvlvtzlgtsjq/node_modules/@testing-library/react/dist/act-compat.js:46:25
            at renderRoot (/app/node_modules/.pnpm/@testing-library+react@16.3.2_@testing-library+dom@10.4.1_@types+react-dom@18.3.7_@types+reac_3k5f6qynewwmkoqvlvtzlgtsjq/node_modules/@testing-library/react/dist/pure.js:189:26)
            at render (/app/node_modules/.pnpm/@testing-library+react@16.3.2_@testing-library+dom@10.4.1_@types+react-dom@18.3.7_@types+reac_3k5f6qynewwmkoqvlvtzlgtsjq/node_modules/@testing-library/react/dist/pure.js:291:10)
            at Object.<anonymous> (/app/apps/admin/components/__tests__/permissions-table.test.tsx:62:11)
            at Promise.then.completed (/app/node_modules/.pnpm/jest-circus@29.7.0/node_modules/jest-circus/build/utils.js:298:28)
            at new Promise (<anonymous>)
            at callAsyncCircusFn (/app/node_modules/.pnpm/jest-circus@29.7.0/node_modules/jest-circus/build/utils.js:231:10)
            at _callCircusTest (/app/node_modules/.pnpm/jest-circus@29.7.0/node_modules/jest-circus/build/run.js:316:40)
            at processTicksAndRejections (node:internal/process/task_queues:103:5)
            at _runTest (/app/node_modules/.pnpm/jest-circus@29.7.0/node_modules/jest-circus/build/run.js:252:3)
            at _runTestsForDescribeBlock (/app/node_modules/.pnpm/jest-circus@29.7.0/node_modules/jest-circus/build/run.js:126:9)
            at _runTestsForDescribeBlock (/app/node_modules/.pnpm/jest-circus@29.7.0/node_modules/jest-circus/build/run.js:121:9)
            at run (/app/node_modules/.pnpm/jest-circus@29.7.0/node_modules/jest-circus/build/run.js:71:3)
            at runAndTransformResultsToJestFormat (/app/node_modules/.pnpm/jest-circus@29.7.0/node_modules/jest-circus/build/legacy-code-todo-rewrite/jestAdapterInit.js:122:21)
            at jestAdapter (/app/node_modules/.pnpm/jest-circus@29.7.0/node_modules/jest-circus/build/legacy-code-todo-rewrite/jestAdapter.js:79:19)
            at runTestInternal (/app/node_modules/.pnpm/jest-runner@29.7.0/node_modules/jest-runner/build/runTest.js:367:16)
            at runTest (/app/node_modules/.pnpm/jest-runner@29.7.0/node_modules/jest-runner/build/runTest.js:444:34)
            at Object.worker (/app/node_modules/.pnpm/jest-runner@29.7.0/node_modules/jest-runner/build/testWorker.js:106:12),
        type: 'unhandled exception'
      }

      60 |
      61 |   it('Edit and Delete menu items are hidden for platform.* rows', () => {
    > 62 |     render(withIntl(<PermissionsTable initial={initial} apps={apps} />))
         |           ^
      63 |     // With Dropdown mocked as passthrough, every row's items are in the DOM.
      64 |     // The platform.* row contributes 1 menuitem ("View"). The non-platform
      65 |     // row contributes 3 ("View", "Edit", "Delete"). Total = 4.

      at VirtualConsole.<anonymous> (../../node_modules/.pnpm/jest-environment-jsdom@29.7.0/node_modules/jest-environment-jsdom/build/index.js:63:23)
      at reportException (../../node_modules/.pnpm/jsdom@20.0.3/node_modules/jsdom/lib/jsdom/living/helpers/runtime-script-errors.js:70:28)
      at innerInvokeEventListeners (../../node_modules/.pnpm/jsdom@20.0.3/node_modules/jsdom/lib/jsdom/living/events/EventTarget-impl.js:353:9)
      at invokeEventListeners (../../node_modules/.pnpm/jsdom@20.0.3/node_modules/jsdom/lib/jsdom/living/events/EventTarget-impl.js:286:3)
      at HTMLUnknownElementImpl._dispatch (../../node_modules/.pnpm/jsdom@20.0.3/node_modules/jsdom/lib/jsdom/living/events/EventTarget-impl.js:233:9)
      at HTMLUnknownElementImpl.dispatchEvent (../../node_modules/.pnpm/jsdom@20.0.3/node_modules/jsdom/lib/jsdom/living/events/EventTarget-impl.js:104:17)
      at HTMLUnknownElement.dispatchEvent (../../node_modules/.pnpm/jsdom@20.0.3/node_modules/jsdom/lib/jsdom/living/generated/EventTarget.js:241:34)
      at Object.invokeGuardedCallbackDev (../../node_modules/.pnpm/react-dom@18.3.1_react@18.3.1/node_modules/react-dom/cjs/react-dom.development.js:4213:16)
      at invokeGuardedCallback (../../node_modules/.pnpm/react-dom@18.3.1_react@18.3.1/node_modules/react-dom/cjs/react-dom.development.js:4277:31)
      at beginWork$1 (../../node_modules/.pnpm/react-dom@18.3.1_react@18.3.1/node_modules/react-dom/cjs/react-dom.development.js:27490:7)
      at performUnitOfWork (../../node_modules/.pnpm/react-dom@18.3.1_react@18.3.1/node_modules/react-dom/cjs/react-dom.development.js:26599:12)
      at workLoopSync (../../node_modules/.pnpm/react-dom@18.3.1_react@18.3.1/node_modules/react-dom/cjs/react-dom.development.js:26505:5)
      at renderRootSync (../../node_modules/.pnpm/react-dom@18.3.1_react@18.3.1/node_modules/react-dom/cjs/react-dom.development.js:26473:7)
      at performConcurrentWorkOnRoot (../../node_modules/.pnpm/react-dom@18.3.1_react@18.3.1/node_modules/react-dom/cjs/react-dom.development.js:25777:74)
      at flushActQueue (../../node_modules/.pnpm/react@18.3.1/node_modules/react/cjs/react.development.js:2667:24)
      at act (../../node_modules/.pnpm/react@18.3.1/node_modules/react/cjs/react.development.js:2582:11)
      at ../../node_modules/.pnpm/@testing-library+react@16.3.2_@testing-library+dom@10.4.1_@types+react-dom@18.3.7_@types+reac_3k5f6qynewwmkoqvlvtzlgtsjq/node_modules/@testing-library/react/dist/act-compat.js:46:25
      at renderRoot (../../node_modules/.pnpm/@testing-library+react@16.3.2_@testing-library+dom@10.4.1_@types+react-dom@18.3.7_@types+reac_3k5f6qynewwmkoqvlvtzlgtsjq/node_modules/@testing-library/react/dist/pure.js:189:26)
      at render (../../node_modules/.pnpm/@testing-library+react@16.3.2_@testing-library+dom@10.4.1_@types+react-dom@18.3.7_@types+reac_3k5f6qynewwmkoqvlvtzlgtsjq/node_modules/@testing-library/react/dist/pure.js:291:10)
      at Object.<anonymous> (components/__tests__/permissions-table.test.tsx:62:11)

    console.error
      Error: Uncaught [Error: `Tooltip` must be used within `TooltipProvider`]
          at reportException (/app/node_modules/.pnpm/jsdom@20.0.3/node_modules/jsdom/lib/jsdom/living/helpers/runtime-script-errors.js:66:24)
          at innerInvokeEventListeners (/app/node_modules/.pnpm/jsdom@20.0.3/node_modules/jsdom/lib/jsdom/living/events/EventTarget-impl.js:353:9)
          at invokeEventListeners (/app/node_modules/.pnpm/jsdom@20.0.3/node_modules/jsdom/lib/jsdom/living/events/EventTarget-impl.js:286:3)
          at HTMLUnknownElementImpl._dispatch (/app/node_modules/.pnpm/jsdom@20.0.3/node_modules/jsdom/lib/jsdom/living/events/EventTarget-impl.js:233:9)
          at HTMLUnknownElementImpl.dispatchEvent (/app/node_modules/.pnpm/jsdom@20.0.3/node_modules/jsdom/lib/jsdom/living/events/EventTarget-impl.js:104:17)
          at HTMLUnknownElement.dispatchEvent (/app/node_modules/.pnpm/jsdom@20.0.3/node_modules/jsdom/lib/jsdom/living/generated/EventTarget.js:241:34)
          at Object.invokeGuardedCallbackDev (/app/node_modules/.pnpm/react-dom@18.3.1_react@18.3.1/node_modules/react-dom/cjs/react-dom.development.js:4213:16)
          at invokeGuardedCallback (/app/node_modules/.pnpm/react-dom@18.3.1_react@18.3.1/node_modules/react-dom/cjs/react-dom.development.js:4277:31)
          at beginWork$1 (/app/node_modules/.pnpm/react-dom@18.3.1_react@18.3.1/node_modules/react-dom/cjs/react-dom.development.js:27490:7)
          at performUnitOfWork (/app/node_modules/.pnpm/react-dom@18.3.1_react@18.3.1/node_modules/react-dom/cjs/react-dom.development.js:26599:12)
          at workLoopSync (/app/node_modules/.pnpm/react-dom@18.3.1_react@18.3.1/node_modules/react-dom/cjs/react-dom.development.js:26505:5)
          at renderRootSync (/app/node_modules/.pnpm/react-dom@18.3.1_react@18.3.1/node_modules/react-dom/cjs/react-dom.development.js:26473:7)
          at performConcurrentWorkOnRoot (/app/node_modules/.pnpm/react-dom@18.3.1_react@18.3.1/node_modules/react-dom/cjs/react-dom.development.js:25777:74)
          at flushActQueue (/app/node_modules/.pnpm/react@18.3.1/node_modules/react/cjs/react.development.js:2667:24)
          at act (/app/node_modules/.pnpm/react@18.3.1/node_modules/react/cjs/react.development.js:2582:11)
          at /app/node_modules/.pnpm/@testing-library+react@16.3.2_@testing-library+dom@10.4.1_@types+react-dom@18.3.7_@types+reac_3k5f6qynewwmkoqvlvtzlgtsjq/node_modules/@testing-library/react/dist/act-compat.js:46:25
          at renderRoot (/app/node_modules/.pnpm/@testing-library+react@16.3.2_@testing-library+dom@10.4.1_@types+react-dom@18.3.7_@types+reac_3k5f6qynewwmkoqvlvtzlgtsjq/node_modules/@testing-library/react/dist/pure.js:189:26)
          at render (/app/node_modules/.pnpm/@testing-library+react@16.3.2_@testing-library+dom@10.4.1_@types+react-dom@18.3.7_@types+reac_3k5f6qynewwmkoqvlvtzlgtsjq/node_modules/@testing-library/react/dist/pure.js:291:10)
          at Object.<anonymous> (/app/apps/admin/components/__tests__/permissions-table.test.tsx:62:11)
          at Promise.then.completed (/app/node_modules/.pnpm/jest-circus@29.7.0/node_modules/jest-circus/build/utils.js:298:28)
          at new Promise (<anonymous>)
          at callAsyncCircusFn (/app/node_modules/.pnpm/jest-circus@29.7.0/node_modules/jest-circus/build/utils.js:231:10)
          at _callCircusTest (/app/node_modules/.pnpm/jest-circus@29.7.0/node_modules/jest-circus/build/run.js:316:40)
          at processTicksAndRejections (node:internal/process/task_queues:103:5)
          at _runTest (/app/node_modules/.pnpm/jest-circus@29.7.0/node_modules/jest-circus/build/run.js:252:3)
          at _runTestsForDescribeBlock (/app/node_modules/.pnpm/jest-circus@29.7.0/node_modules/jest-circus/build/run.js:126:9)
          at _runTestsForDescribeBlock (/app/node_modules/.pnpm/jest-circus@29.7.0/node_modules/jest-circus/build/run.js:121:9)
          at run (/app/node_modules/.pnpm/jest-circus@29.7.0/node_modules/jest-circus/build/run.js:71:3)
          at runAndTransformResultsToJestFormat (/app/node_modules/.pnpm/jest-circus@29.7.0/node_modules/jest-circus/build/legacy-code-todo-rewrite/jestAdapterInit.js:122:21)
          at jestAdapter (/app/node_modules/.pnpm/jest-circus@29.7.0/node_modules/jest-circus/build/legacy-code-todo-rewrite/jestAdapter.js:79:19)
          at runTestInternal (/app/node_modules/.pnpm/jest-runner@29.7.0/node_modules/jest-runner/build/runTest.js:367:16)
          at runTest (/app/node_modules/.pnpm/jest-runner@29.7.0/node_modules/jest-runner/build/runTest.js:444:34)
          at Object.worker (/app/node_modules/.pnpm/jest-runner@29.7.0/node_modules/jest-runner/build/testWorker.js:106:12) {
        detail: Error: `Tooltip` must be used within `TooltipProvider`
            at useContext2 (/app/node_modules/.pnpm/@radix-ui+react-context@1.1.2_@types+react@18.3.29_react@18.3.1/node_modules/@radix-ui/react-context/src/create-context.tsx:75:13)
            at Tooltip (/app/node_modules/.pnpm/@radix-ui+react-tooltip@1.2.8_@types+react-dom@18.3.7_@types+react@18.3.29__@types+react@18.3_xrwsnt2rmlacewwolijhmzdoxi/node_modules/@radix-ui/react-tooltip/src/tooltip.tsx:162:27)
            at renderWithHooks (/app/node_modules/.pnpm/react-dom@18.3.1_react@18.3.1/node_modules/react-dom/cjs/react-dom.development.js:15486:18)
            at mountIndeterminateComponent (/app/node_modules/.pnpm/react-dom@18.3.1_react@18.3.1/node_modules/react-dom/cjs/react-dom.development.js:20103:13)
            at beginWork (/app/node_modules/.pnpm/react-dom@18.3.1_react@18.3.1/node_modules/react-dom/cjs/react-dom.development.js:21626:16)
            at HTMLUnknownElement.callCallback (/app/node_modules/.pnpm/react-dom@18.3.1_react@18.3.1/node_modules/react-dom/cjs/react-dom.development.js:4164:14)
            at HTMLUnknownElement.callTheUserObjectsOperation (/app/node_modules/.pnpm/jsdom@20.0.3/node_modules/jsdom/lib/jsdom/living/generated/EventListener.js:26:30)
            at innerInvokeEventListeners (/app/node_modules/.pnpm/jsdom@20.0.3/node_modules/jsdom/lib/jsdom/living/events/EventTarget-impl.js:350:25)
            at invokeEventListeners (/app/node_modules/.pnpm/jsdom@20.0.3/node_modules/jsdom/lib/jsdom/living/events/EventTarget-impl.js:286:3)
            at HTMLUnknownElementImpl._dispatch (/app/node_modules/.pnpm/jsdom@20.0.3/node_modules/jsdom/lib/jsdom/living/events/EventTarget-impl.js:233:9)
            at HTMLUnknownElementImpl.dispatchEvent (/app/node_modules/.pnpm/jsdom@20.0.3/node_modules/jsdom/lib/jsdom/living/events/EventTarget-impl.js:104:17)
            at HTMLUnknownElement.dispatchEvent (/app/node_modules/.pnpm/jsdom@20.0.3/node_modules/jsdom/lib/jsdom/living/generated/EventTarget.js:241:34)
            at Object.invokeGuardedCallbackDev (/app/node_modules/.pnpm/react-dom@18.3.1_react@18.3.1/node_modules/react-dom/cjs/react-dom.development.js:4213:16)
            at invokeGuardedCallback (/app/node_modules/.pnpm/react-dom@18.3.1_react@18.3.1/node_modules/react-dom/cjs/react-dom.development.js:4277:31)
            at beginWork$1 (/app/node_modules/.pnpm/react-dom@18.3.1_react@18.3.1/node_modules/react-dom/cjs/react-dom.development.js:27490:7)
            at performUnitOfWork (/app/node_modules/.pnpm/react-dom@18.3.1_react@18.3.1/node_modules/react-dom/cjs/react-dom.development.js:26599:12)
            at workLoopSync (/app/node_modules/.pnpm/react-dom@18.3.1_react@18.3.1/node_modules/react-dom/cjs/react-dom.development.js:26505:5)
            at renderRootSync (/app/node_modules/.pnpm/react-dom@18.3.1_react@18.3.1/node_modules/react-dom/cjs/react-dom.development.js:26473:7)
            at performConcurrentWorkOnRoot (/app/node_modules/.pnpm/react-dom@18.3.1_react@18.3.1/node_modules/react-dom/cjs/react-dom.development.js:25777:74)
            at flushActQueue (/app/node_modules/.pnpm/react@18.3.1/node_modules/react/cjs/react.development.js:2667:24)
            at act (/app/node_modules/.pnpm/react@18.3.1/node_modules/react/cjs/react.development.js:2582:11)
            at /app/node_modules/.pnpm/@testing-library+react@16.3.2_@testing-library+dom@10.4.1_@types+react-dom@18.3.7_@types+reac_3k5f6qynewwmkoqvlvtzlgtsjq/node_modules/@testing-library/react/dist/act-compat.js:46:25
            at renderRoot (/app/node_modules/.pnpm/@testing-library+react@16.3.2_@testing-library+dom@10.4.1_@types+react-dom@18.3.7_@types+reac_3k5f6qynewwmkoqvlvtzlgtsjq/node_modules/@testing-library/react/dist/pure.js:189:26)
            at render (/app/node_modules/.pnpm/@testing-library+react@16.3.2_@testing-library+dom@10.4.1_@types+react-dom@18.3.7_@types+reac_3k5f6qynewwmkoqvlvtzlgtsjq/node_modules/@testing-library/react/dist/pure.js:291:10)
            at Object.<anonymous> (/app/apps/admin/components/__tests__/permissions-table.test.tsx:62:11)
            at Promise.then.completed (/app/node_modules/.pnpm/jest-circus@29.7.0/node_modules/jest-circus/build/utils.js:298:28)
            at new Promise (<anonymous>)
            at callAsyncCircusFn (/app/node_modules/.pnpm/jest-circus@29.7.0/node_modules/jest-circus/build/utils.js:231:10)
            at _callCircusTest (/app/node_modules/.pnpm/jest-circus@29.7.0/node_modules/jest-circus/build/run.js:316:40)
            at processTicksAndRejections (node:internal/process/task_queues:103:5)
            at _runTest (/app/node_modules/.pnpm/jest-circus@29.7.0/node_modules/jest-circus/build/run.js:252:3)
            at _runTestsForDescribeBlock (/app/node_modules/.pnpm/jest-circus@29.7.0/node_modules/jest-circus/build/run.js:126:9)
            at _runTestsForDescribeBlock (/app/node_modules/.pnpm/jest-circus@29.7.0/node_modules/jest-circus/build/run.js:121:9)
            at run (/app/node_modules/.pnpm/jest-circus@29.7.0/node_modules/jest-circus/build/run.js:71:3)
            at runAndTransformResultsToJestFormat (/app/node_modules/.pnpm/jest-circus@29.7.0/node_modules/jest-circus/build/legacy-code-todo-rewrite/jestAdapterInit.js:122:21)
            at jestAdapter (/app/node_modules/.pnpm/jest-circus@29.7.0/node_modules/jest-circus/build/legacy-code-todo-rewrite/jestAdapter.js:79:19)
            at runTestInternal (/app/node_modules/.pnpm/jest-runner@29.7.0/node_modules/jest-runner/build/runTest.js:367:16)
            at runTest (/app/node_modules/.pnpm/jest-runner@29.7.0/node_modules/jest-runner/build/runTest.js:444:34)
            at Object.worker (/app/node_modules/.pnpm/jest-runner@29.7.0/node_modules/jest-runner/build/testWorker.js:106:12),
        type: 'unhandled exception'
      }

      60 |
      61 |   it('Edit and Delete menu items are hidden for platform.* rows', () => {
    > 62 |     render(withIntl(<PermissionsTable initial={initial} apps={apps} />))
         |           ^
      63 |     // With Dropdown mocked as passthrough, every row's items are in the DOM.
      64 |     // The platform.* row contributes 1 menuitem ("View"). The non-platform
      65 |     // row contributes 3 ("View", "Edit", "Delete"). Total = 4.

      at VirtualConsole.<anonymous> (../../node_modules/.pnpm/jest-environment-jsdom@29.7.0/node_modules/jest-environment-jsdom/build/index.js:63:23)
      at reportException (../../node_modules/.pnpm/jsdom@20.0.3/node_modules/jsdom/lib/jsdom/living/helpers/runtime-script-errors.js:70:28)
      at innerInvokeEventListeners (../../node_modules/.pnpm/jsdom@20.0.3/node_modules/jsdom/lib/jsdom/living/events/EventTarget-impl.js:353:9)
      at invokeEventListeners (../../node_modules/.pnpm/jsdom@20.0.3/node_modules/jsdom/lib/jsdom/living/events/EventTarget-impl.js:286:3)
      at HTMLUnknownElementImpl._dispatch (../../node_modules/.pnpm/jsdom@20.0.3/node_modules/jsdom/lib/jsdom/living/events/EventTarget-impl.js:233:9)
      at HTMLUnknownElementImpl.dispatchEvent (../../node_modules/.pnpm/jsdom@20.0.3/node_modules/jsdom/lib/jsdom/living/events/EventTarget-impl.js:104:17)
      at HTMLUnknownElement.dispatchEvent (../../node_modules/.pnpm/jsdom@20.0.3/node_modules/jsdom/lib/jsdom/living/generated/EventTarget.js:241:34)
      at Object.invokeGuardedCallbackDev (../../node_modules/.pnpm/react-dom@18.3.1_react@18.3.1/node_modules/react-dom/cjs/react-dom.development.js:4213:16)
      at invokeGuardedCallback (../../node_modules/.pnpm/react-dom@18.3.1_react@18.3.1/node_modules/react-dom/cjs/react-dom.development.js:4277:31)
      at beginWork$1 (../../node_modules/.pnpm/react-dom@18.3.1_react@18.3.1/node_modules/react-dom/cjs/react-dom.development.js:27490:7)
      at performUnitOfWork (../../node_modules/.pnpm/react-dom@18.3.1_react@18.3.1/node_modules/react-dom/cjs/react-dom.development.js:26599:12)
      at workLoopSync (../../node_modules/.pnpm/react-dom@18.3.1_react@18.3.1/node_modules/react-dom/cjs/react-dom.development.js:26505:5)
      at renderRootSync (../../node_modules/.pnpm/react-dom@18.3.1_react@18.3.1/node_modules/react-dom/cjs/react-dom.development.js:26473:7)
      at performConcurrentWorkOnRoot (../../node_modules/.pnpm/react-dom@18.3.1_react@18.3.1/node_modules/react-dom/cjs/react-dom.development.js:25777:74)
      at flushActQueue (../../node_modules/.pnpm/react@18.3.1/node_modules/react/cjs/react.development.js:2667:24)
      at act (../../node_modules/.pnpm/react@18.3.1/node_modules/react/cjs/react.development.js:2582:11)
      at ../../node_modules/.pnpm/@testing-library+react@16.3.2_@testing-library+dom@10.4.1_@types+react-dom@18.3.7_@types+reac_3k5f6qynewwmkoqvlvtzlgtsjq/node_modules/@testing-library/react/dist/act-compat.js:46:25
      at renderRoot (../../node_modules/.pnpm/@testing-library+react@16.3.2_@testing-library+dom@10.4.1_@types+react-dom@18.3.7_@types+reac_3k5f6qynewwmkoqvlvtzlgtsjq/node_modules/@testing-library/react/dist/pure.js:189:26)
      at render (../../node_modules/.pnpm/@testing-library+react@16.3.2_@testing-library+dom@10.4.1_@types+react-dom@18.3.7_@types+reac_3k5f6qynewwmkoqvlvtzlgtsjq/node_modules/@testing-library/react/dist/pure.js:291:10)
      at Object.<anonymous> (components/__tests__/permissions-table.test.tsx:62:11)

    console.error
      Error: Uncaught [Error: `Tooltip` must be used within `TooltipProvider`]
          at reportException (/app/node_modules/.pnpm/jsdom@20.0.3/node_modules/jsdom/lib/jsdom/living/helpers/runtime-script-errors.js:66:24)
          at innerInvokeEventListeners (/app/node_modules/.pnpm/jsdom@20.0.3/node_modules/jsdom/lib/jsdom/living/events/EventTarget-impl.js:353:9)
          at invokeEventListeners (/app/node_modules/.pnpm/jsdom@20.0.3/node_modules/jsdom/lib/jsdom/living/events/EventTarget-impl.js:286:3)
          at HTMLUnknownElementImpl._dispatch (/app/node_modules/.pnpm/jsdom@20.0.3/node_modules/jsdom/lib/jsdom/living/events/EventTarget-impl.js:233:9)
          at HTMLUnknownElementImpl.dispatchEvent (/app/node_modules/.pnpm/jsdom@20.0.3/node_modules/jsdom/lib/jsdom/living/events/EventTarget-impl.js:104:17)
          at HTMLUnknownElement.dispatchEvent (/app/node_modules/.pnpm/jsdom@20.0.3/node_modules/jsdom/lib/jsdom/living/generated/EventTarget.js:241:34)
          at Object.invokeGuardedCallbackDev (/app/node_modules/.pnpm/react-dom@18.3.1_react@18.3.1/node_modules/react-dom/cjs/react-dom.development.js:4213:16)
          at invokeGuardedCallback (/app/node_modules/.pnpm/react-dom@18.3.1_react@18.3.1/node_modules/react-dom/cjs/react-dom.development.js:4277:31)
          at beginWork$1 (/app/node_modules/.pnpm/react-dom@18.3.1_react@18.3.1/node_modules/react-dom/cjs/react-dom.development.js:27490:7)
          at performUnitOfWork (/app/node_modules/.pnpm/react-dom@18.3.1_react@18.3.1/node_modules/react-dom/cjs/react-dom.development.js:26599:12)
          at workLoopSync (/app/node_modules/.pnpm/react-dom@18.3.1_react@18.3.1/node_modules/react-dom/cjs/react-dom.development.js:26505:5)
          at renderRootSync (/app/node_modules/.pnpm/react-dom@18.3.1_react@18.3.1/node_modules/react-dom/cjs/react-dom.development.js:26473:7)
          at performConcurrentWorkOnRoot (/app/node_modules/.pnpm/react-dom@18.3.1_react@18.3.1/node_modules/react-dom/cjs/react-dom.development.js:25777:74)
          at flushActQueue (/app/node_modules/.pnpm/react@18.3.1/node_modules/react/cjs/react.development.js:2667:24)
          at act (/app/node_modules/.pnpm/react@18.3.1/node_modules/react/cjs/react.development.js:2582:11)
          at /app/node_modules/.pnpm/@testing-library+react@16.3.2_@testing-library+dom@10.4.1_@types+react-dom@18.3.7_@types+reac_3k5f6qynewwmkoqvlvtzlgtsjq/node_modules/@testing-library/react/dist/act-compat.js:46:25
          at renderRoot (/app/node_modules/.pnpm/@testing-library+react@16.3.2_@testing-library+dom@10.4.1_@types+react-dom@18.3.7_@types+reac_3k5f6qynewwmkoqvlvtzlgtsjq/node_modules/@testing-library/react/dist/pure.js:189:26)
          at render (/app/node_modules/.pnpm/@testing-library+react@16.3.2_@testing-library+dom@10.4.1_@types+react-dom@18.3.7_@types+reac_3k5f6qynewwmkoqvlvtzlgtsjq/node_modules/@testing-library/react/dist/pure.js:291:10)
          at Object.<anonymous> (/app/apps/admin/components/__tests__/permissions-table.test.tsx:62:11)
          at Promise.then.completed (/app/node_modules/.pnpm/jest-circus@29.7.0/node_modules/jest-circus/build/utils.js:298:28)
          at new Promise (<anonymous>)
          at callAsyncCircusFn (/app/node_modules/.pnpm/jest-circus@29.7.0/node_modules/jest-circus/build/utils.js:231:10)
          at _callCircusTest (/app/node_modules/.pnpm/jest-circus@29.7.0/node_modules/jest-circus/build/run.js:316:40)
          at processTicksAndRejections (node:internal/process/task_queues:103:5)
          at _runTest (/app/node_modules/.pnpm/jest-circus@29.7.0/node_modules/jest-circus/build/run.js:252:3)
          at _runTestsForDescribeBlock (/app/node_modules/.pnpm/jest-circus@29.7.0/node_modules/jest-circus/build/run.js:126:9)
          at _runTestsForDescribeBlock (/app/node_modules/.pnpm/jest-circus@29.7.0/node_modules/jest-circus/build/run.js:121:9)
          at run (/app/node_modules/.pnpm/jest-circus@29.7.0/node_modules/jest-circus/build/run.js:71:3)
          at runAndTransformResultsToJestFormat (/app/node_modules/.pnpm/jest-circus@29.7.0/node_modules/jest-circus/build/legacy-code-todo-rewrite/jestAdapterInit.js:122:21)
          at jestAdapter (/app/node_modules/.pnpm/jest-circus@29.7.0/node_modules/jest-circus/build/legacy-code-todo-rewrite/jestAdapter.js:79:19)
          at runTestInternal (/app/node_modules/.pnpm/jest-runner@29.7.0/node_modules/jest-runner/build/runTest.js:367:16)
          at runTest (/app/node_modules/.pnpm/jest-runner@29.7.0/node_modules/jest-runner/build/runTest.js:444:34)
          at Object.worker (/app/node_modules/.pnpm/jest-runner@29.7.0/node_modules/jest-runner/build/testWorker.js:106:12) {
        detail: Error: `Tooltip` must be used within `TooltipProvider`
            at useContext2 (/app/node_modules/.pnpm/@radix-ui+react-context@1.1.2_@types+react@18.3.29_react@18.3.1/node_modules/@radix-ui/react-context/src/create-context.tsx:75:13)
            at Tooltip (/app/node_modules/.pnpm/@radix-ui+react-tooltip@1.2.8_@types+react-dom@18.3.7_@types+react@18.3.29__@types+react@18.3_xrwsnt2rmlacewwolijhmzdoxi/node_modules/@radix-ui/react-tooltip/src/tooltip.tsx:162:27)
            at renderWithHooks (/app/node_modules/.pnpm/react-dom@18.3.1_react@18.3.1/node_modules/react-dom/cjs/react-dom.development.js:15486:18)
            at mountIndeterminateComponent (/app/node_modules/.pnpm/react-dom@18.3.1_react@18.3.1/node_modules/react-dom/cjs/react-dom.development.js:20103:13)
            at beginWork (/app/node_modules/.pnpm/react-dom@18.3.1_react@18.3.1/node_modules/react-dom/cjs/react-dom.development.js:21626:16)
            at HTMLUnknownElement.callCallback (/app/node_modules/.pnpm/react-dom@18.3.1_react@18.3.1/node_modules/react-dom/cjs/react-dom.development.js:4164:14)
            at HTMLUnknownElement.callTheUserObjectsOperation (/app/node_modules/.pnpm/jsdom@20.0.3/node_modules/jsdom/lib/jsdom/living/generated/EventListener.js:26:30)
            at innerInvokeEventListeners (/app/node_modules/.pnpm/jsdom@20.0.3/node_modules/jsdom/lib/jsdom/living/events/EventTarget-impl.js:350:25)
            at invokeEventListeners (/app/node_modules/.pnpm/jsdom@20.0.3/node_modules/jsdom/lib/jsdom/living/events/EventTarget-impl.js:286:3)
            at HTMLUnknownElementImpl._dispatch (/app/node_modules/.pnpm/jsdom@20.0.3/node_modules/jsdom/lib/jsdom/living/events/EventTarget-impl.js:233:9)
            at HTMLUnknownElementImpl.dispatchEvent (/app/node_modules/.pnpm/jsdom@20.0.3/node_modules/jsdom/lib/jsdom/living/events/EventTarget-impl.js:104:17)
            at HTMLUnknownElement.dispatchEvent (/app/node_modules/.pnpm/jsdom@20.0.3/node_modules/jsdom/lib/jsdom/living/generated/EventTarget.js:241:34)
            at Object.invokeGuardedCallbackDev (/app/node_modules/.pnpm/react-dom@18.3.1_react@18.3.1/node_modules/react-dom/cjs/react-dom.development.js:4213:16)
            at invokeGuardedCallback (/app/node_modules/.pnpm/react-dom@18.3.1_react@18.3.1/node_modules/react-dom/cjs/react-dom.development.js:4277:31)
            at beginWork$1 (/app/node_modules/.pnpm/react-dom@18.3.1_react@18.3.1/node_modules/react-dom/cjs/react-dom.development.js:27490:7)
            at performUnitOfWork (/app/node_modules/.pnpm/react-dom@18.3.1_react@18.3.1/node_modules/react-dom/cjs/react-dom.development.js:26599:12)
            at workLoopSync (/app/node_modules/.pnpm/react-dom@18.3.1_react@18.3.1/node_modules/react-dom/cjs/react-dom.development.js:26505:5)
            at renderRootSync (/app/node_modules/.pnpm/react-dom@18.3.1_react@18.3.1/node_modules/react-dom/cjs/react-dom.development.js:26473:7)
            at performConcurrentWorkOnRoot (/app/node_modules/.pnpm/react-dom@18.3.1_react@18.3.1/node_modules/react-dom/cjs/react-dom.development.js:25777:74)
            at flushActQueue (/app/node_modules/.pnpm/react@18.3.1/node_modules/react/cjs/react.development.js:2667:24)
            at act (/app/node_modules/.pnpm/react@18.3.1/node_modules/react/cjs/react.development.js:2582:11)
            at /app/node_modules/.pnpm/@testing-library+react@16.3.2_@testing-library+dom@10.4.1_@types+react-dom@18.3.7_@types+reac_3k5f6qynewwmkoqvlvtzlgtsjq/node_modules/@testing-library/react/dist/act-compat.js:46:25
            at renderRoot (/app/node_modules/.pnpm/@testing-library+react@16.3.2_@testing-library+dom@10.4.1_@types+react-dom@18.3.7_@types+reac_3k5f6qynewwmkoqvlvtzlgtsjq/node_modules/@testing-library/react/dist/pure.js:189:26)
            at render (/app/node_modules/.pnpm/@testing-library+react@16.3.2_@testing-library+dom@10.4.1_@types+react-dom@18.3.7_@types+reac_3k5f6qynewwmkoqvlvtzlgtsjq/node_modules/@testing-library/react/dist/pure.js:291:10)
            at Object.<anonymous> (/app/apps/admin/components/__tests__/permissions-table.test.tsx:62:11)
            at Promise.then.completed (/app/node_modules/.pnpm/jest-circus@29.7.0/node_modules/jest-circus/build/utils.js:298:28)
            at new Promise (<anonymous>)
            at callAsyncCircusFn (/app/node_modules/.pnpm/jest-circus@29.7.0/node_modules/jest-circus/build/utils.js:231:10)
            at _callCircusTest (/app/node_modules/.pnpm/jest-circus@29.7.0/node_modules/jest-circus/build/run.js:316:40)
            at processTicksAndRejections (node:internal/process/task_queues:103:5)
            at _runTest (/app/node_modules/.pnpm/jest-circus@29.7.0/node_modules/jest-circus/build/run.js:252:3)
            at _runTestsForDescribeBlock (/app/node_modules/.pnpm/jest-circus@29.7.0/node_modules/jest-circus/build/run.js:126:9)
            at _runTestsForDescribeBlock (/app/node_modules/.pnpm/jest-circus@29.7.0/node_modules/jest-circus/build/run.js:121:9)
            at run (/app/node_modules/.pnpm/jest-circus@29.7.0/node_modules/jest-circus/build/run.js:71:3)
            at runAndTransformResultsToJestFormat (/app/node_modules/.pnpm/jest-circus@29.7.0/node_modules/jest-circus/build/legacy-code-todo-rewrite/jestAdapterInit.js:122:21)
            at jestAdapter (/app/node_modules/.pnpm/jest-circus@29.7.0/node_modules/jest-circus/build/legacy-code-todo-rewrite/jestAdapter.js:79:19)
            at runTestInternal (/app/node_modules/.pnpm/jest-runner@29.7.0/node_modules/jest-runner/build/runTest.js:367:16)
            at runTest (/app/node_modules/.pnpm/jest-runner@29.7.0/node_modules/jest-runner/build/runTest.js:444:34)
            at Object.worker (/app/node_modules/.pnpm/jest-runner@29.7.0/node_modules/jest-runner/build/testWorker.js:106:12),
        type: 'unhandled exception'
      }

      60 |
      61 |   it('Edit and Delete menu items are hidden for platform.* rows', () => {
    > 62 |     render(withIntl(<PermissionsTable initial={initial} apps={apps} />))
         |           ^
      63 |     // With Dropdown mocked as passthrough, every row's items are in the DOM.
      64 |     // The platform.* row contributes 1 menuitem ("View"). The non-platform
      65 |     // row contributes 3 ("View", "Edit", "Delete"). Total = 4.

      at VirtualConsole.<anonymous> (../../node_modules/.pnpm/jest-environment-jsdom@29.7.0/node_modules/jest-environment-jsdom/build/index.js:63:23)
      at reportException (../../node_modules/.pnpm/jsdom@20.0.3/node_modules/jsdom/lib/jsdom/living/helpers/runtime-script-errors.js:70:28)
      at innerInvokeEventListeners (../../node_modules/.pnpm/jsdom@20.0.3/node_modules/jsdom/lib/jsdom/living/events/EventTarget-impl.js:353:9)
      at invokeEventListeners (../../node_modules/.pnpm/jsdom@20.0.3/node_modules/jsdom/lib/jsdom/living/events/EventTarget-impl.js:286:3)
      at HTMLUnknownElementImpl._dispatch (../../node_modules/.pnpm/jsdom@20.0.3/node_modules/jsdom/lib/jsdom/living/events/EventTarget-impl.js:233:9)
      at HTMLUnknownElementImpl.dispatchEvent (../../node_modules/.pnpm/jsdom@20.0.3/node_modules/jsdom/lib/jsdom/living/events/EventTarget-impl.js:104:17)
      at HTMLUnknownElement.dispatchEvent (../../node_modules/.pnpm/jsdom@20.0.3/node_modules/jsdom/lib/jsdom/living/generated/EventTarget.js:241:34)
      at Object.invokeGuardedCallbackDev (../../node_modules/.pnpm/react-dom@18.3.1_react@18.3.1/node_modules/react-dom/cjs/react-dom.development.js:4213:16)
      at invokeGuardedCallback (../../node_modules/.pnpm/react-dom@18.3.1_react@18.3.1/node_modules/react-dom/cjs/react-dom.development.js:4277:31)
      at beginWork$1 (../../node_modules/.pnpm/react-dom@18.3.1_react@18.3.1/node_modules/react-dom/cjs/react-dom.development.js:27490:7)
      at performUnitOfWork (../../node_modules/.pnpm/react-dom@18.3.1_react@18.3.1/node_modules/react-dom/cjs/react-dom.development.js:26599:12)
      at workLoopSync (../../node_modules/.pnpm/react-dom@18.3.1_react@18.3.1/node_modules/react-dom/cjs/react-dom.development.js:26505:5)
      at renderRootSync (../../node_modules/.pnpm/react-dom@18.3.1_react@18.3.1/node_modules/react-dom/cjs/react-dom.development.js:26473:7)
      at performConcurrentWorkOnRoot (../../node_modules/.pnpm/react-dom@18.3.1_react@18.3.1/node_modules/react-dom/cjs/react-dom.development.js:25777:74)
      at flushActQueue (../../node_modules/.pnpm/react@18.3.1/node_modules/react/cjs/react.development.js:2667:24)
      at act (../../node_modules/.pnpm/react@18.3.1/node_modules/react/cjs/react.development.js:2582:11)
      at ../../node_modules/.pnpm/@testing-library+react@16.3.2_@testing-library+dom@10.4.1_@types+react-dom@18.3.7_@types+reac_3k5f6qynewwmkoqvlvtzlgtsjq/node_modules/@testing-library/react/dist/act-compat.js:46:25
      at renderRoot (../../node_modules/.pnpm/@testing-library+react@16.3.2_@testing-library+dom@10.4.1_@types+react-dom@18.3.7_@types+reac_3k5f6qynewwmkoqvlvtzlgtsjq/node_modules/@testing-library/react/dist/pure.js:189:26)
      at render (../../node_modules/.pnpm/@testing-library+react@16.3.2_@testing-library+dom@10.4.1_@types+react-dom@18.3.7_@types+reac_3k5f6qynewwmkoqvlvtzlgtsjq/node_modules/@testing-library/react/dist/pure.js:291:10)
      at Object.<anonymous> (components/__tests__/permissions-table.test.tsx:62:11)

    console.error
      Error: Uncaught [Error: `Tooltip` must be used within `TooltipProvider`]
          at reportException (/app/node_modules/.pnpm/jsdom@20.0.3/node_modules/jsdom/lib/jsdom/living/helpers/runtime-script-errors.js:66:24)
          at innerInvokeEventListeners (/app/node_modules/.pnpm/jsdom@20.0.3/node_modules/jsdom/lib/jsdom/living/events/EventTarget-impl.js:353:9)
          at invokeEventListeners (/app/node_modules/.pnpm/jsdom@20.0.3/node_modules/jsdom/lib/jsdom/living/events/EventTarget-impl.js:286:3)
          at HTMLUnknownElementImpl._dispatch (/app/node_modules/.pnpm/jsdom@20.0.3/node_modules/jsdom/lib/jsdom/living/events/EventTarget-impl.js:233:9)
          at HTMLUnknownElementImpl.dispatchEvent (/app/node_modules/.pnpm/jsdom@20.0.3/node_modules/jsdom/lib/jsdom/living/events/EventTarget-impl.js:104:17)
          at HTMLUnknownElement.dispatchEvent (/app/node_modules/.pnpm/jsdom@20.0.3/node_modules/jsdom/lib/jsdom/living/generated/EventTarget.js:241:34)
          at Object.invokeGuardedCallbackDev (/app/node_modules/.pnpm/react-dom@18.3.1_react@18.3.1/node_modules/react-dom/cjs/react-dom.development.js:4213:16)
          at invokeGuardedCallback (/app/node_modules/.pnpm/react-dom@18.3.1_react@18.3.1/node_modules/react-dom/cjs/react-dom.development.js:4277:31)
          at beginWork$1 (/app/node_modules/.pnpm/react-dom@18.3.1_react@18.3.1/node_modules/react-dom/cjs/react-dom.development.js:27490:7)
          at performUnitOfWork (/app/node_modules/.pnpm/react-dom@18.3.1_react@18.3.1/node_modules/react-dom/cjs/react-dom.development.js:26599:12)
          at workLoopSync (/app/node_modules/.pnpm/react-dom@18.3.1_react@18.3.1/node_modules/react-dom/cjs/react-dom.development.js:26505:5)
          at renderRootSync (/app/node_modules/.pnpm/react-dom@18.3.1_react@18.3.1/node_modules/react-dom/cjs/react-dom.development.js:26473:7)
          at performConcurrentWorkOnRoot (/app/node_modules/.pnpm/react-dom@18.3.1_react@18.3.1/node_modules/react-dom/cjs/react-dom.development.js:25777:74)
          at flushActQueue (/app/node_modules/.pnpm/react@18.3.1/node_modules/react/cjs/react.development.js:2667:24)
          at act (/app/node_modules/.pnpm/react@18.3.1/node_modules/react/cjs/react.development.js:2582:11)
          at /app/node_modules/.pnpm/@testing-library+react@16.3.2_@testing-library+dom@10.4.1_@types+react-dom@18.3.7_@types+reac_3k5f6qynewwmkoqvlvtzlgtsjq/node_modules/@testing-library/react/dist/act-compat.js:46:25
          at renderRoot (/app/node_modules/.pnpm/@testing-library+react@16.3.2_@testing-library+dom@10.4.1_@types+react-dom@18.3.7_@types+reac_3k5f6qynewwmkoqvlvtzlgtsjq/node_modules/@testing-library/react/dist/pure.js:189:26)
          at render (/app/node_modules/.pnpm/@testing-library+react@16.3.2_@testing-library+dom@10.4.1_@types+react-dom@18.3.7_@types+reac_3k5f6qynewwmkoqvlvtzlgtsjq/node_modules/@testing-library/react/dist/pure.js:291:10)
          at Object.<anonymous> (/app/apps/admin/components/__tests__/permissions-table.test.tsx:62:11)
          at Promise.then.completed (/app/node_modules/.pnpm/jest-circus@29.7.0/node_modules/jest-circus/build/utils.js:298:28)
          at new Promise (<anonymous>)
          at callAsyncCircusFn (/app/node_modules/.pnpm/jest-circus@29.7.0/node_modules/jest-circus/build/utils.js:231:10)
          at _callCircusTest (/app/node_modules/.pnpm/jest-circus@29.7.0/node_modules/jest-circus/build/run.js:316:40)
          at processTicksAndRejections (node:internal/process/task_queues:103:5)
          at _runTest (/app/node_modules/.pnpm/jest-circus@29.7.0/node_modules/jest-circus/build/run.js:252:3)
          at _runTestsForDescribeBlock (/app/node_modules/.pnpm/jest-circus@29.7.0/node_modules/jest-circus/build/run.js:126:9)
          at _runTestsForDescribeBlock (/app/node_modules/.pnpm/jest-circus@29.7.0/node_modules/jest-circus/build/run.js:121:9)
          at run (/app/node_modules/.pnpm/jest-circus@29.7.0/node_modules/jest-circus/build/run.js:71:3)
          at runAndTransformResultsToJestFormat (/app/node_modules/.pnpm/jest-circus@29.7.0/node_modules/jest-circus/build/legacy-code-todo-rewrite/jestAdapterInit.js:122:21)
          at jestAdapter (/app/node_modules/.pnpm/jest-circus@29.7.0/node_modules/jest-circus/build/legacy-code-todo-rewrite/jestAdapter.js:79:19)
          at runTestInternal (/app/node_modules/.pnpm/jest-runner@29.7.0/node_modules/jest-runner/build/runTest.js:367:16)
          at runTest (/app/node_modules/.pnpm/jest-runner@29.7.0/node_modules/jest-runner/build/runTest.js:444:34)
          at Object.worker (/app/node_modules/.pnpm/jest-runner@29.7.0/node_modules/jest-runner/build/testWorker.js:106:12) {
        detail: Error: `Tooltip` must be used within `TooltipProvider`
            at useContext2 (/app/node_modules/.pnpm/@radix-ui+react-context@1.1.2_@types+react@18.3.29_react@18.3.1/node_modules/@radix-ui/react-context/src/create-context.tsx:75:13)
            at Tooltip (/app/node_modules/.pnpm/@radix-ui+react-tooltip@1.2.8_@types+react-dom@18.3.7_@types+react@18.3.29__@types+react@18.3_xrwsnt2rmlacewwolijhmzdoxi/node_modules/@radix-ui/react-tooltip/src/tooltip.tsx:162:27)
            at renderWithHooks (/app/node_modules/.pnpm/react-dom@18.3.1_react@18.3.1/node_modules/react-dom/cjs/react-dom.development.js:15486:18)
            at mountIndeterminateComponent (/app/node_modules/.pnpm/react-dom@18.3.1_react@18.3.1/node_modules/react-dom/cjs/react-dom.development.js:20103:13)
            at beginWork (/app/node_modules/.pnpm/react-dom@18.3.1_react@18.3.1/node_modules/react-dom/cjs/react-dom.development.js:21626:16)
            at HTMLUnknownElement.callCallback (/app/node_modules/.pnpm/react-dom@18.3.1_react@18.3.1/node_modules/react-dom/cjs/react-dom.development.js:4164:14)
            at HTMLUnknownElement.callTheUserObjectsOperation (/app/node_modules/.pnpm/jsdom@20.0.3/node_modules/jsdom/lib/jsdom/living/generated/EventListener.js:26:30)
            at innerInvokeEventListeners (/app/node_modules/.pnpm/jsdom@20.0.3/node_modules/jsdom/lib/jsdom/living/events/EventTarget-impl.js:350:25)
            at invokeEventListeners (/app/node_modules/.pnpm/jsdom@20.0.3/node_modules/jsdom/lib/jsdom/living/events/EventTarget-impl.js:286:3)
            at HTMLUnknownElementImpl._dispatch (/app/node_modules/.pnpm/jsdom@20.0.3/node_modules/jsdom/lib/jsdom/living/events/EventTarget-impl.js:233:9)
            at HTMLUnknownElementImpl.dispatchEvent (/app/node_modules/.pnpm/jsdom@20.0.3/node_modules/jsdom/lib/jsdom/living/events/EventTarget-impl.js:104:17)
            at HTMLUnknownElement.dispatchEvent (/app/node_modules/.pnpm/jsdom@20.0.3/node_modules/jsdom/lib/jsdom/living/generated/EventTarget.js:241:34)
            at Object.invokeGuardedCallbackDev (/app/node_modules/.pnpm/react-dom@18.3.1_react@18.3.1/node_modules/react-dom/cjs/react-dom.development.js:4213:16)
            at invokeGuardedCallback (/app/node_modules/.pnpm/react-dom@18.3.1_react@18.3.1/node_modules/react-dom/cjs/react-dom.development.js:4277:31)
            at beginWork$1 (/app/node_modules/.pnpm/react-dom@18.3.1_react@18.3.1/node_modules/react-dom/cjs/react-dom.development.js:27490:7)
            at performUnitOfWork (/app/node_modules/.pnpm/react-dom@18.3.1_react@18.3.1/node_modules/react-dom/cjs/react-dom.development.js:26599:12)
            at workLoopSync (/app/node_modules/.pnpm/react-dom@18.3.1_react@18.3.1/node_modules/react-dom/cjs/react-dom.development.js:26505:5)
            at renderRootSync (/app/node_modules/.pnpm/react-dom@18.3.1_react@18.3.1/node_modules/react-dom/cjs/react-dom.development.js:26473:7)
            at performConcurrentWorkOnRoot (/app/node_modules/.pnpm/react-dom@18.3.1_react@18.3.1/node_modules/react-dom/cjs/react-dom.development.js:25777:74)
            at flushActQueue (/app/node_modules/.pnpm/react@18.3.1/node_modules/react/cjs/react.development.js:2667:24)
            at act (/app/node_modules/.pnpm/react@18.3.1/node_modules/react/cjs/react.development.js:2582:11)
            at /app/node_modules/.pnpm/@testing-library+react@16.3.2_@testing-library+dom@10.4.1_@types+react-dom@18.3.7_@types+reac_3k5f6qynewwmkoqvlvtzlgtsjq/node_modules/@testing-library/react/dist/act-compat.js:46:25
            at renderRoot (/app/node_modules/.pnpm/@testing-library+react@16.3.2_@testing-library+dom@10.4.1_@types+react-dom@18.3.7_@types+reac_3k5f6qynewwmkoqvlvtzlgtsjq/node_modules/@testing-library/react/dist/pure.js:189:26)
            at render (/app/node_modules/.pnpm/@testing-library+react@16.3.2_@testing-library+dom@10.4.1_@types+react-dom@18.3.7_@types+reac_3k5f6qynewwmkoqvlvtzlgtsjq/node_modules/@testing-library/react/dist/pure.js:291:10)
            at Object.<anonymous> (/app/apps/admin/components/__tests__/permissions-table.test.tsx:62:11)
            at Promise.then.completed (/app/node_modules/.pnpm/jest-circus@29.7.0/node_modules/jest-circus/build/utils.js:298:28)
            at new Promise (<anonymous>)
            at callAsyncCircusFn (/app/node_modules/.pnpm/jest-circus@29.7.0/node_modules/jest-circus/build/utils.js:231:10)
            at _callCircusTest (/app/node_modules/.pnpm/jest-circus@29.7.0/node_modules/jest-circus/build/run.js:316:40)
            at processTicksAndRejections (node:internal/process/task_queues:103:5)
            at _runTest (/app/node_modules/.pnpm/jest-circus@29.7.0/node_modules/jest-circus/build/run.js:252:3)
            at _runTestsForDescribeBlock (/app/node_modules/.pnpm/jest-circus@29.7.0/node_modules/jest-circus/build/run.js:126:9)
            at _runTestsForDescribeBlock (/app/node_modules/.pnpm/jest-circus@29.7.0/node_modules/jest-circus/build/run.js:121:9)
            at run (/app/node_modules/.pnpm/jest-circus@29.7.0/node_modules/jest-circus/build/run.js:71:3)
            at runAndTransformResultsToJestFormat (/app/node_modules/.pnpm/jest-circus@29.7.0/node_modules/jest-circus/build/legacy-code-todo-rewrite/jestAdapterInit.js:122:21)
            at jestAdapter (/app/node_modules/.pnpm/jest-circus@29.7.0/node_modules/jest-circus/build/legacy-code-todo-rewrite/jestAdapter.js:79:19)
            at runTestInternal (/app/node_modules/.pnpm/jest-runner@29.7.0/node_modules/jest-runner/build/runTest.js:367:16)
            at runTest (/app/node_modules/.pnpm/jest-runner@29.7.0/node_modules/jest-runner/build/runTest.js:444:34)
            at Object.worker (/app/node_modules/.pnpm/jest-runner@29.7.0/node_modules/jest-runner/build/testWorker.js:106:12),
        type: 'unhandled exception'
      }

      60 |
      61 |   it('Edit and Delete menu items are hidden for platform.* rows', () => {
    > 62 |     render(withIntl(<PermissionsTable initial={initial} apps={apps} />))
         |           ^
      63 |     // With Dropdown mocked as passthrough, every row's items are in the DOM.
      64 |     // The platform.* row contributes 1 menuitem ("View"). The non-platform
      65 |     // row contributes 3 ("View", "Edit", "Delete"). Total = 4.

      at VirtualConsole.<anonymous> (../../node_modules/.pnpm/jest-environment-jsdom@29.7.0/node_modules/jest-environment-jsdom/build/index.js:63:23)
      at reportException (../../node_modules/.pnpm/jsdom@20.0.3/node_modules/jsdom/lib/jsdom/living/helpers/runtime-script-errors.js:70:28)
      at innerInvokeEventListeners (../../node_modules/.pnpm/jsdom@20.0.3/node_modules/jsdom/lib/jsdom/living/events/EventTarget-impl.js:353:9)
      at invokeEventListeners (../../node_modules/.pnpm/jsdom@20.0.3/node_modules/jsdom/lib/jsdom/living/events/EventTarget-impl.js:286:3)
      at HTMLUnknownElementImpl._dispatch (../../node_modules/.pnpm/jsdom@20.0.3/node_modules/jsdom/lib/jsdom/living/events/EventTarget-impl.js:233:9)
      at HTMLUnknownElementImpl.dispatchEvent (../../node_modules/.pnpm/jsdom@20.0.3/node_modules/jsdom/lib/jsdom/living/events/EventTarget-impl.js:104:17)
      at HTMLUnknownElement.dispatchEvent (../../node_modules/.pnpm/jsdom@20.0.3/node_modules/jsdom/lib/jsdom/living/generated/EventTarget.js:241:34)
      at Object.invokeGuardedCallbackDev (../../node_modules/.pnpm/react-dom@18.3.1_react@18.3.1/node_modules/react-dom/cjs/react-dom.development.js:4213:16)
      at invokeGuardedCallback (../../node_modules/.pnpm/react-dom@18.3.1_react@18.3.1/node_modules/react-dom/cjs/react-dom.development.js:4277:31)
      at beginWork$1 (../../node_modules/.pnpm/react-dom@18.3.1_react@18.3.1/node_modules/react-dom/cjs/react-dom.development.js:27490:7)
      at performUnitOfWork (../../node_modules/.pnpm/react-dom@18.3.1_react@18.3.1/node_modules/react-dom/cjs/react-dom.development.js:26599:12)
      at workLoopSync (../../node_modules/.pnpm/react-dom@18.3.1_react@18.3.1/node_modules/react-dom/cjs/react-dom.development.js:26505:5)
      at renderRootSync (../../node_modules/.pnpm/react-dom@18.3.1_react@18.3.1/node_modules/react-dom/cjs/react-dom.development.js:26473:7)
      at performConcurrentWorkOnRoot (../../node_modules/.pnpm/react-dom@18.3.1_react@18.3.1/node_modules/react-dom/cjs/react-dom.development.js:25777:74)
      at flushActQueue (../../node_modules/.pnpm/react@18.3.1/node_modules/react/cjs/react.development.js:2667:24)
      at act (../../node_modules/.pnpm/react@18.3.1/node_modules/react/cjs/react.development.js:2582:11)
      at ../../node_modules/.pnpm/@testing-library+react@16.3.2_@testing-library+dom@10.4.1_@types+react-dom@18.3.7_@types+reac_3k5f6qynewwmkoqvlvtzlgtsjq/node_modules/@testing-library/react/dist/act-compat.js:46:25
      at renderRoot (../../node_modules/.pnpm/@testing-library+react@16.3.2_@testing-library+dom@10.4.1_@types+react-dom@18.3.7_@types+reac_3k5f6qynewwmkoqvlvtzlgtsjq/node_modules/@testing-library/react/dist/pure.js:189:26)
      at render (../../node_modules/.pnpm/@testing-library+react@16.3.2_@testing-library+dom@10.4.1_@types+react-dom@18.3.7_@types+reac_3k5f6qynewwmkoqvlvtzlgtsjq/node_modules/@testing-library/react/dist/pure.js:291:10)
      at Object.<anonymous> (components/__tests__/permissions-table.test.tsx:62:11)

    console.error
      Error: Uncaught [Error: `Tooltip` must be used within `TooltipProvider`]
          at reportException (/app/node_modules/.pnpm/jsdom@20.0.3/node_modules/jsdom/lib/jsdom/living/helpers/runtime-script-errors.js:66:24)
          at innerInvokeEventListeners (/app/node_modules/.pnpm/jsdom@20.0.3/node_modules/jsdom/lib/jsdom/living/events/EventTarget-impl.js:353:9)
          at invokeEventListeners (/app/node_modules/.pnpm/jsdom@20.0.3/node_modules/jsdom/lib/jsdom/living/events/EventTarget-impl.js:286:3)
          at HTMLUnknownElementImpl._dispatch (/app/node_modules/.pnpm/jsdom@20.0.3/node_modules/jsdom/lib/jsdom/living/events/EventTarget-impl.js:233:9)
          at HTMLUnknownElementImpl.dispatchEvent (/app/node_modules/.pnpm/jsdom@20.0.3/node_modules/jsdom/lib/jsdom/living/events/EventTarget-impl.js:104:17)
          at HTMLUnknownElement.dispatchEvent (/app/node_modules/.pnpm/jsdom@20.0.3/node_modules/jsdom/lib/jsdom/living/generated/EventTarget.js:241:34)
          at Object.invokeGuardedCallbackDev (/app/node_modules/.pnpm/react-dom@18.3.1_react@18.3.1/node_modules/react-dom/cjs/react-dom.development.js:4213:16)
          at invokeGuardedCallback (/app/node_modules/.pnpm/react-dom@18.3.1_react@18.3.1/node_modules/react-dom/cjs/react-dom.development.js:4277:31)
          at beginWork$1 (/app/node_modules/.pnpm/react-dom@18.3.1_react@18.3.1/node_modules/react-dom/cjs/react-dom.development.js:27490:7)
          at performUnitOfWork (/app/node_modules/.pnpm/react-dom@18.3.1_react@18.3.1/node_modules/react-dom/cjs/react-dom.development.js:26599:12)
          at workLoopSync (/app/node_modules/.pnpm/react-dom@18.3.1_react@18.3.1/node_modules/react-dom/cjs/react-dom.development.js:26505:5)
          at renderRootSync (/app/node_modules/.pnpm/react-dom@18.3.1_react@18.3.1/node_modules/react-dom/cjs/react-dom.development.js:26473:7)
          at recoverFromConcurrentError (/app/node_modules/.pnpm/react-dom@18.3.1_react@18.3.1/node_modules/react-dom/cjs/react-dom.development.js:25889:20)
          at performConcurrentWorkOnRoot (/app/node_modules/.pnpm/react-dom@18.3.1_react@18.3.1/node_modules/react-dom/cjs/react-dom.development.js:25789:22)
          at flushActQueue (/app/node_modules/.pnpm/react@18.3.1/node_modules/react/cjs/react.development.js:2667:24)
          at act (/app/node_modules/.pnpm/react@18.3.1/node_modules/react/cjs/react.development.js:2582:11)
          at /app/node_modules/.pnpm/@testing-library+react@16.3.2_@testing-library+dom@10.4.1_@types+react-dom@18.3.7_@types+reac_3k5f6qynewwmkoqvlvtzlgtsjq/node_modules/@testing-library/react/dist/act-compat.js:46:25
          at renderRoot (/app/node_modules/.pnpm/@testing-library+react@16.3.2_@testing-library+dom@10.4.1_@types+react-dom@18.3.7_@types+reac_3k5f6qynewwmkoqvlvtzlgtsjq/node_modules/@testing-library/react/dist/pure.js:189:26)
          at render (/app/node_modules/.pnpm/@testing-library+react@16.3.2_@testing-library+dom@10.4.1_@types+react-dom@18.3.7_@types+reac_3k5f6qynewwmkoqvlvtzlgtsjq/node_modules/@testing-library/react/dist/pure.js:291:10)
          at Object.<anonymous> (/app/apps/admin/components/__tests__/permissions-table.test.tsx:62:11)
          at Promise.then.completed (/app/node_modules/.pnpm/jest-circus@29.7.0/node_modules/jest-circus/build/utils.js:298:28)
          at new Promise (<anonymous>)
          at callAsyncCircusFn (/app/node_modules/.pnpm/jest-circus@29.7.0/node_modules/jest-circus/build/utils.js:231:10)
          at _callCircusTest (/app/node_modules/.pnpm/jest-circus@29.7.0/node_modules/jest-circus/build/run.js:316:40)
          at processTicksAndRejections (node:internal/process/task_queues:103:5)
          at _runTest (/app/node_modules/.pnpm/jest-circus@29.7.0/node_modules/jest-circus/build/run.js:252:3)
          at _runTestsForDescribeBlock (/app/node_modules/.pnpm/jest-circus@29.7.0/node_modules/jest-circus/build/run.js:126:9)
          at _runTestsForDescribeBlock (/app/node_modules/.pnpm/jest-circus@29.7.0/node_modules/jest-circus/build/run.js:121:9)
          at run (/app/node_modules/.pnpm/jest-circus@29.7.0/node_modules/jest-circus/build/run.js:71:3)
          at runAndTransformResultsToJestFormat (/app/node_modules/.pnpm/jest-circus@29.7.0/node_modules/jest-circus/build/legacy-code-todo-rewrite/jestAdapterInit.js:122:21)
          at jestAdapter (/app/node_modules/.pnpm/jest-circus@29.7.0/node_modules/jest-circus/build/legacy-code-todo-rewrite/jestAdapter.js:79:19)
          at runTestInternal (/app/node_modules/.pnpm/jest-runner@29.7.0/node_modules/jest-runner/build/runTest.js:367:16)
          at runTest (/app/node_modules/.pnpm/jest-runner@29.7.0/node_modules/jest-runner/build/runTest.js:444:34)
          at Object.worker (/app/node_modules/.pnpm/jest-runner@29.7.0/node_modules/jest-runner/build/testWorker.js:106:12) {
        detail: Error: `Tooltip` must be used within `TooltipProvider`
            at useContext2 (/app/node_modules/.pnpm/@radix-ui+react-context@1.1.2_@types+react@18.3.29_react@18.3.1/node_modules/@radix-ui/react-context/src/create-context.tsx:75:13)
            at Tooltip (/app/node_modules/.pnpm/@radix-ui+react-tooltip@1.2.8_@types+react-dom@18.3.7_@types+react@18.3.29__@types+react@18.3_xrwsnt2rmlacewwolijhmzdoxi/node_modules/@radix-ui/react-tooltip/src/tooltip.tsx:162:27)
            at renderWithHooks (/app/node_modules/.pnpm/react-dom@18.3.1_react@18.3.1/node_modules/react-dom/cjs/react-dom.development.js:15486:18)
            at mountIndeterminateComponent (/app/node_modules/.pnpm/react-dom@18.3.1_react@18.3.1/node_modules/react-dom/cjs/react-dom.development.js:20103:13)
            at beginWork (/app/node_modules/.pnpm/react-dom@18.3.1_react@18.3.1/node_modules/react-dom/cjs/react-dom.development.js:21626:16)
            at HTMLUnknownElement.callCallback (/app/node_modules/.pnpm/react-dom@18.3.1_react@18.3.1/node_modules/react-dom/cjs/react-dom.development.js:4164:14)
            at HTMLUnknownElement.callTheUserObjectsOperation (/app/node_modules/.pnpm/jsdom@20.0.3/node_modules/jsdom/lib/jsdom/living/generated/EventListener.js:26:30)
            at innerInvokeEventListeners (/app/node_modules/.pnpm/jsdom@20.0.3/node_modules/jsdom/lib/jsdom/living/events/EventTarget-impl.js:350:25)
            at invokeEventListeners (/app/node_modules/.pnpm/jsdom@20.0.3/node_modules/jsdom/lib/jsdom/living/events/EventTarget-impl.js:286:3)
            at HTMLUnknownElementImpl._dispatch (/app/node_modules/.pnpm/jsdom@20.0.3/node_modules/jsdom/lib/jsdom/living/events/EventTarget-impl.js:233:9)
            at HTMLUnknownElementImpl.dispatchEvent (/app/node_modules/.pnpm/jsdom@20.0.3/node_modules/jsdom/lib/jsdom/living/events/EventTarget-impl.js:104:17)
            at HTMLUnknownElement.dispatchEvent (/app/node_modules/.pnpm/jsdom@20.0.3/node_modules/jsdom/lib/jsdom/living/generated/EventTarget.js:241:34)
            at Object.invokeGuardedCallbackDev (/app/node_modules/.pnpm/react-dom@18.3.1_react@18.3.1/node_modules/react-dom/cjs/react-dom.development.js:4213:16)
            at invokeGuardedCallback (/app/node_modules/.pnpm/react-dom@18.3.1_react@18.3.1/node_modules/react-dom/cjs/react-dom.development.js:4277:31)
            at beginWork$1 (/app/node_modules/.pnpm/react-dom@18.3.1_react@18.3.1/node_modules/react-dom/cjs/react-dom.development.js:27490:7)
            at performUnitOfWork (/app/node_modules/.pnpm/react-dom@18.3.1_react@18.3.1/node_modules/react-dom/cjs/react-dom.development.js:26599:12)
            at workLoopSync (/app/node_modules/.pnpm/react-dom@18.3.1_react@18.3.1/node_modules/react-dom/cjs/react-dom.development.js:26505:5)
            at renderRootSync (/app/node_modules/.pnpm/react-dom@18.3.1_react@18.3.1/node_modules/react-dom/cjs/react-dom.development.js:26473:7)
            at recoverFromConcurrentError (/app/node_modules/.pnpm/react-dom@18.3.1_react@18.3.1/node_modules/react-dom/cjs/react-dom.development.js:25889:20)
            at performConcurrentWorkOnRoot (/app/node_modules/.pnpm/react-dom@18.3.1_react@18.3.1/node_modules/react-dom/cjs/react-dom.development.js:25789:22)
            at flushActQueue (/app/node_modules/.pnpm/react@18.3.1/node_modules/react/cjs/react.development.js:2667:24)
            at act (/app/node_modules/.pnpm/react@18.3.1/node_modules/react/cjs/react.development.js:2582:11)
            at /app/node_modules/.pnpm/@testing-library+react@16.3.2_@testing-library+dom@10.4.1_@types+react-dom@18.3.7_@types+reac_3k5f6qynewwmkoqvlvtzlgtsjq/node_modules/@testing-library/react/dist/act-compat.js:46:25
            at renderRoot (/app/node_modules/.pnpm/@testing-library+react@16.3.2_@testing-library+dom@10.4.1_@types+react-dom@18.3.7_@types+reac_3k5f6qynewwmkoqvlvtzlgtsjq/node_modules/@testing-library/react/dist/pure.js:189:26)
            at render (/app/node_modules/.pnpm/@testing-library+react@16.3.2_@testing-library+dom@10.4.1_@types+react-dom@18.3.7_@types+reac_3k5f6qynewwmkoqvlvtzlgtsjq/node_modules/@testing-library/react/dist/pure.js:291:10)
            at Object.<anonymous> (/app/apps/admin/components/__tests__/permissions-table.test.tsx:62:11)
            at Promise.then.completed (/app/node_modules/.pnpm/jest-circus@29.7.0/node_modules/jest-circus/build/utils.js:298:28)
            at new Promise (<anonymous>)
            at callAsyncCircusFn (/app/node_modules/.pnpm/jest-circus@29.7.0/node_modules/jest-circus/build/utils.js:231:10)
            at _callCircusTest (/app/node_modules/.pnpm/jest-circus@29.7.0/node_modules/jest-circus/build/run.js:316:40)
            at processTicksAndRejections (node:internal/process/task_queues:103:5)
            at _runTest (/app/node_modules/.pnpm/jest-circus@29.7.0/node_modules/jest-circus/build/run.js:252:3)
            at _runTestsForDescribeBlock (/app/node_modules/.pnpm/jest-circus@29.7.0/node_modules/jest-circus/build/run.js:126:9)
            at _runTestsForDescribeBlock (/app/node_modules/.pnpm/jest-circus@29.7.0/node_modules/jest-circus/build/run.js:121:9)
            at run (/app/node_modules/.pnpm/jest-circus@29.7.0/node_modules/jest-circus/build/run.js:71:3)
            at runAndTransformResultsToJestFormat (/app/node_modules/.pnpm/jest-circus@29.7.0/node_modules/jest-circus/build/legacy-code-todo-rewrite/jestAdapterInit.js:122:21)
            at jestAdapter (/app/node_modules/.pnpm/jest-circus@29.7.0/node_modules/jest-circus/build/legacy-code-todo-rewrite/jestAdapter.js:79:19)
            at runTestInternal (/app/node_modules/.pnpm/jest-runner@29.7.0/node_modules/jest-runner/build/runTest.js:367:16)
            at runTest (/app/node_modules/.pnpm/jest-runner@29.7.0/node_modules/jest-runner/build/runTest.js:444:34)
            at Object.worker (/app/node_modules/.pnpm/jest-runner@29.7.0/node_modules/jest-runner/build/testWorker.js:106:12),
        type: 'unhandled exception'
      }

      60 |
      61 |   it('Edit and Delete menu items are hidden for platform.* rows', () => {
    > 62 |     render(withIntl(<PermissionsTable initial={initial} apps={apps} />))
         |           ^
      63 |     // With Dropdown mocked as passthrough, every row's items are in the DOM.
      64 |     // The platform.* row contributes 1 menuitem ("View"). The non-platform
      65 |     // row contributes 3 ("View", "Edit", "Delete"). Total = 4.

      at VirtualConsole.<anonymous> (../../node_modules/.pnpm/jest-environment-jsdom@29.7.0/node_modules/jest-environment-jsdom/build/index.js:63:23)
      at reportException (../../node_modules/.pnpm/jsdom@20.0.3/node_modules/jsdom/lib/jsdom/living/helpers/runtime-script-errors.js:70:28)
      at innerInvokeEventListeners (../../node_modules/.pnpm/jsdom@20.0.3/node_modules/jsdom/lib/jsdom/living/events/EventTarget-impl.js:353:9)
      at invokeEventListeners (../../node_modules/.pnpm/jsdom@20.0.3/node_modules/jsdom/lib/jsdom/living/events/EventTarget-impl.js:286:3)
      at HTMLUnknownElementImpl._dispatch (../../node_modules/.pnpm/jsdom@20.0.3/node_modules/jsdom/lib/jsdom/living/events/EventTarget-impl.js:233:9)
      at HTMLUnknownElementImpl.dispatchEvent (../../node_modules/.pnpm/jsdom@20.0.3/node_modules/jsdom/lib/jsdom/living/events/EventTarget-impl.js:104:17)
      at HTMLUnknownElement.dispatchEvent (../../node_modules/.pnpm/jsdom@20.0.3/node_modules/jsdom/lib/jsdom/living/generated/EventTarget.js:241:34)
      at Object.invokeGuardedCallbackDev (../../node_modules/.pnpm/react-dom@18.3.1_react@18.3.1/node_modules/react-dom/cjs/react-dom.development.js:4213:16)
      at invokeGuardedCallback (../../node_modules/.pnpm/react-dom@18.3.1_react@18.3.1/node_modules/react-dom/cjs/react-dom.development.js:4277:31)
      at beginWork$1 (../../node_modules/.pnpm/react-dom@18.3.1_react@18.3.1/node_modules/react-dom/cjs/react-dom.development.js:27490:7)
      at performUnitOfWork (../../node_modules/.pnpm/react-dom@18.3.1_react@18.3.1/node_modules/react-dom/cjs/react-dom.development.js:26599:12)
      at workLoopSync (../../node_modules/.pnpm/react-dom@18.3.1_react@18.3.1/node_modules/react-dom/cjs/react-dom.development.js:26505:5)
      at renderRootSync (../../node_modules/.pnpm/react-dom@18.3.1_react@18.3.1/node_modules/react-dom/cjs/react-dom.development.js:26473:7)
      at recoverFromConcurrentError (../../node_modules/.pnpm/react-dom@18.3.1_react@18.3.1/node_modules/react-dom/cjs/react-dom.development.js:25889:20)
      at performConcurrentWorkOnRoot (../../node_modules/.pnpm/react-dom@18.3.1_react@18.3.1/node_modules/react-dom/cjs/react-dom.development.js:25789:22)
      at flushActQueue (../../node_modules/.pnpm/react@18.3.1/node_modules/react/cjs/react.development.js:2667:24)
      at act (../../node_modules/.pnpm/react@18.3.1/node_modules/react/cjs/react.development.js:2582:11)
      at ../../node_modules/.pnpm/@testing-library+react@16.3.2_@testing-library+dom@10.4.1_@types+react-dom@18.3.7_@types+reac_3k5f6qynewwmkoqvlvtzlgtsjq/node_modules/@testing-library/react/dist/act-compat.js:46:25
      at renderRoot (../../node_modules/.pnpm/@testing-library+react@16.3.2_@testing-library+dom@10.4.1_@types+react-dom@18.3.7_@types+reac_3k5f6qynewwmkoqvlvtzlgtsjq/node_modules/@testing-library/react/dist/pure.js:189:26)
      at render (../../node_modules/.pnpm/@testing-library+react@16.3.2_@testing-library+dom@10.4.1_@types+react-dom@18.3.7_@types+reac_3k5f6qynewwmkoqvlvtzlgtsjq/node_modules/@testing-library/react/dist/pure.js:291:10)
      at Object.<anonymous> (components/__tests__/permissions-table.test.tsx:62:11)

    console.error
      Error: Uncaught [Error: `Tooltip` must be used within `TooltipProvider`]
          at reportException (/app/node_modules/.pnpm/jsdom@20.0.3/node_modules/jsdom/lib/jsdom/living/helpers/runtime-script-errors.js:66:24)
          at innerInvokeEventListeners (/app/node_modules/.pnpm/jsdom@20.0.3/node_modules/jsdom/lib/jsdom/living/events/EventTarget-impl.js:353:9)
          at invokeEventListeners (/app/node_modules/.pnpm/jsdom@20.0.3/node_modules/jsdom/lib/jsdom/living/events/EventTarget-impl.js:286:3)
          at HTMLUnknownElementImpl._dispatch (/app/node_modules/.pnpm/jsdom@20.0.3/node_modules/jsdom/lib/jsdom/living/events/EventTarget-impl.js:233:9)
          at HTMLUnknownElementImpl.dispatchEvent (/app/node_modules/.pnpm/jsdom@20.0.3/node_modules/jsdom/lib/jsdom/living/events/EventTarget-impl.js:104:17)
          at HTMLUnknownElement.dispatchEvent (/app/node_modules/.pnpm/jsdom@20.0.3/node_modules/jsdom/lib/jsdom/living/generated/EventTarget.js:241:34)
          at Object.invokeGuardedCallbackDev (/app/node_modules/.pnpm/react-dom@18.3.1_react@18.3.1/node_modules/react-dom/cjs/react-dom.development.js:4213:16)
          at invokeGuardedCallback (/app/node_modules/.pnpm/react-dom@18.3.1_react@18.3.1/node_modules/react-dom/cjs/react-dom.development.js:4277:31)
          at beginWork$1 (/app/node_modules/.pnpm/react-dom@18.3.1_react@18.3.1/node_modules/react-dom/cjs/react-dom.development.js:27490:7)
          at performUnitOfWork (/app/node_modules/.pnpm/react-dom@18.3.1_react@18.3.1/node_modules/react-dom/cjs/react-dom.development.js:26599:12)
          at workLoopSync (/app/node_modules/.pnpm/react-dom@18.3.1_react@18.3.1/node_modules/react-dom/cjs/react-dom.development.js:26505:5)
          at renderRootSync (/app/node_modules/.pnpm/react-dom@18.3.1_react@18.3.1/node_modules/react-dom/cjs/react-dom.development.js:26473:7)
          at recoverFromConcurrentError (/app/node_modules/.pnpm/react-dom@18.3.1_react@18.3.1/node_modules/react-dom/cjs/react-dom.development.js:25889:20)
          at performConcurrentWorkOnRoot (/app/node_modules/.pnpm/react-dom@18.3.1_react@18.3.1/node_modules/react-dom/cjs/react-dom.development.js:25789:22)
          at flushActQueue (/app/node_modules/.pnpm/react@18.3.1/node_modules/react/cjs/react.development.js:2667:24)
          at act (/app/node_modules/.pnpm/react@18.3.1/node_modules/react/cjs/react.development.js:2582:11)
          at /app/node_modules/.pnpm/@testing-library+react@16.3.2_@testing-library+dom@10.4.1_@types+react-dom@18.3.7_@types+reac_3k5f6qynewwmkoqvlvtzlgtsjq/node_modules/@testing-library/react/dist/act-compat.js:46:25
          at renderRoot (/app/node_modules/.pnpm/@testing-library+react@16.3.2_@testing-library+dom@10.4.1_@types+react-dom@18.3.7_@types+reac_3k5f6qynewwmkoqvlvtzlgtsjq/node_modules/@testing-library/react/dist/pure.js:189:26)
          at render (/app/node_modules/.pnpm/@testing-library+react@16.3.2_@testing-library+dom@10.4.1_@types+react-dom@18.3.7_@types+reac_3k5f6qynewwmkoqvlvtzlgtsjq/node_modules/@testing-library/react/dist/pure.js:291:10)
          at Object.<anonymous> (/app/apps/admin/components/__tests__/permissions-table.test.tsx:62:11)
          at Promise.then.completed (/app/node_modules/.pnpm/jest-circus@29.7.0/node_modules/jest-circus/build/utils.js:298:28)
          at new Promise (<anonymous>)
          at callAsyncCircusFn (/app/node_modules/.pnpm/jest-circus@29.7.0/node_modules/jest-circus/build/utils.js:231:10)
          at _callCircusTest (/app/node_modules/.pnpm/jest-circus@29.7.0/node_modules/jest-circus/build/run.js:316:40)
          at processTicksAndRejections (node:internal/process/task_queues:103:5)
          at _runTest (/app/node_modules/.pnpm/jest-circus@29.7.0/node_modules/jest-circus/build/run.js:252:3)
          at _runTestsForDescribeBlock (/app/node_modules/.pnpm/jest-circus@29.7.0/node_modules/jest-circus/build/run.js:126:9)
          at _runTestsForDescribeBlock (/app/node_modules/.pnpm/jest-circus@29.7.0/node_modules/jest-circus/build/run.js:121:9)
          at run (/app/node_modules/.pnpm/jest-circus@29.7.0/node_modules/jest-circus/build/run.js:71:3)
          at runAndTransformResultsToJestFormat (/app/node_modules/.pnpm/jest-circus@29.7.0/node_modules/jest-circus/build/legacy-code-todo-rewrite/jestAdapterInit.js:122:21)
          at jestAdapter (/app/node_modules/.pnpm/jest-circus@29.7.0/node_modules/jest-circus/build/legacy-code-todo-rewrite/jestAdapter.js:79:19)
          at runTestInternal (/app/node_modules/.pnpm/jest-runner@29.7.0/node_modules/jest-runner/build/runTest.js:367:16)
          at runTest (/app/node_modules/.pnpm/jest-runner@29.7.0/node_modules/jest-runner/build/runTest.js:444:34)
          at Object.worker (/app/node_modules/.pnpm/jest-runner@29.7.0/node_modules/jest-runner/build/testWorker.js:106:12) {
        detail: Error: `Tooltip` must be used within `TooltipProvider`
            at useContext2 (/app/node_modules/.pnpm/@radix-ui+react-context@1.1.2_@types+react@18.3.29_react@18.3.1/node_modules/@radix-ui/react-context/src/create-context.tsx:75:13)
            at Tooltip (/app/node_modules/.pnpm/@radix-ui+react-tooltip@1.2.8_@types+react-dom@18.3.7_@types+react@18.3.29__@types+react@18.3_xrwsnt2rmlacewwolijhmzdoxi/node_modules/@radix-ui/react-tooltip/src/tooltip.tsx:162:27)
            at renderWithHooks (/app/node_modules/.pnpm/react-dom@18.3.1_react@18.3.1/node_modules/react-dom/cjs/react-dom.development.js:15486:18)
            at mountIndeterminateComponent (/app/node_modules/.pnpm/react-dom@18.3.1_react@18.3.1/node_modules/react-dom/cjs/react-dom.development.js:20103:13)
            at beginWork (/app/node_modules/.pnpm/react-dom@18.3.1_react@18.3.1/node_modules/react-dom/cjs/react-dom.development.js:21626:16)
            at HTMLUnknownElement.callCallback (/app/node_modules/.pnpm/react-dom@18.3.1_react@18.3.1/node_modules/react-dom/cjs/react-dom.development.js:4164:14)
            at HTMLUnknownElement.callTheUserObjectsOperation (/app/node_modules/.pnpm/jsdom@20.0.3/node_modules/jsdom/lib/jsdom/living/generated/EventListener.js:26:30)
            at innerInvokeEventListeners (/app/node_modules/.pnpm/jsdom@20.0.3/node_modules/jsdom/lib/jsdom/living/events/EventTarget-impl.js:350:25)
            at invokeEventListeners (/app/node_modules/.pnpm/jsdom@20.0.3/node_modules/jsdom/lib/jsdom/living/events/EventTarget-impl.js:286:3)
            at HTMLUnknownElementImpl._dispatch (/app/node_modules/.pnpm/jsdom@20.0.3/node_modules/jsdom/lib/jsdom/living/events/EventTarget-impl.js:233:9)
            at HTMLUnknownElementImpl.dispatchEvent (/app/node_modules/.pnpm/jsdom@20.0.3/node_modules/jsdom/lib/jsdom/living/events/EventTarget-impl.js:104:17)
            at HTMLUnknownElement.dispatchEvent (/app/node_modules/.pnpm/jsdom@20.0.3/node_modules/jsdom/lib/jsdom/living/generated/EventTarget.js:241:34)
            at Object.invokeGuardedCallbackDev (/app/node_modules/.pnpm/react-dom@18.3.1_react@18.3.1/node_modules/react-dom/cjs/react-dom.development.js:4213:16)
            at invokeGuardedCallback (/app/node_modules/.pnpm/react-dom@18.3.1_react@18.3.1/node_modules/react-dom/cjs/react-dom.development.js:4277:31)
            at beginWork$1 (/app/node_modules/.pnpm/react-dom@18.3.1_react@18.3.1/node_modules/react-dom/cjs/react-dom.development.js:27490:7)
            at performUnitOfWork (/app/node_modules/.pnpm/react-dom@18.3.1_react@18.3.1/node_modules/react-dom/cjs/react-dom.development.js:26599:12)
            at workLoopSync (/app/node_modules/.pnpm/react-dom@18.3.1_react@18.3.1/node_modules/react-dom/cjs/react-dom.development.js:26505:5)
            at renderRootSync (/app/node_modules/.pnpm/react-dom@18.3.1_react@18.3.1/node_modules/react-dom/cjs/react-dom.development.js:26473:7)
            at recoverFromConcurrentError (/app/node_modules/.pnpm/react-dom@18.3.1_react@18.3.1/node_modules/react-dom/cjs/react-dom.development.js:25889:20)
            at performConcurrentWorkOnRoot (/app/node_modules/.pnpm/react-dom@18.3.1_react@18.3.1/node_modules/react-dom/cjs/react-dom.development.js:25789:22)
            at flushActQueue (/app/node_modules/.pnpm/react@18.3.1/node_modules/react/cjs/react.development.js:2667:24)
            at act (/app/node_modules/.pnpm/react@18.3.1/node_modules/react/cjs/react.development.js:2582:11)
            at /app/node_modules/.pnpm/@testing-library+react@16.3.2_@testing-library+dom@10.4.1_@types+react-dom@18.3.7_@types+reac_3k5f6qynewwmkoqvlvtzlgtsjq/node_modules/@testing-library/react/dist/act-compat.js:46:25
            at renderRoot (/app/node_modules/.pnpm/@testing-library+react@16.3.2_@testing-library+dom@10.4.1_@types+react-dom@18.3.7_@types+reac_3k5f6qynewwmkoqvlvtzlgtsjq/node_modules/@testing-library/react/dist/pure.js:189:26)
            at render (/app/node_modules/.pnpm/@testing-library+react@16.3.2_@testing-library+dom@10.4.1_@types+react-dom@18.3.7_@types+reac_3k5f6qynewwmkoqvlvtzlgtsjq/node_modules/@testing-library/react/dist/pure.js:291:10)
            at Object.<anonymous> (/app/apps/admin/components/__tests__/permissions-table.test.tsx:62:11)
            at Promise.then.completed (/app/node_modules/.pnpm/jest-circus@29.7.0/node_modules/jest-circus/build/utils.js:298:28)
            at new Promise (<anonymous>)
            at callAsyncCircusFn (/app/node_modules/.pnpm/jest-circus@29.7.0/node_modules/jest-circus/build/utils.js:231:10)
            at _callCircusTest (/app/node_modules/.pnpm/jest-circus@29.7.0/node_modules/jest-circus/build/run.js:316:40)
            at processTicksAndRejections (node:internal/process/task_queues:103:5)
            at _runTest (/app/node_modules/.pnpm/jest-circus@29.7.0/node_modules/jest-circus/build/run.js:252:3)
            at _runTestsForDescribeBlock (/app/node_modules/.pnpm/jest-circus@29.7.0/node_modules/jest-circus/build/run.js:126:9)
            at _runTestsForDescribeBlock (/app/node_modules/.pnpm/jest-circus@29.7.0/node_modules/jest-circus/build/run.js:121:9)
            at run (/app/node_modules/.pnpm/jest-circus@29.7.0/node_modules/jest-circus/build/run.js:71:3)
            at runAndTransformResultsToJestFormat (/app/node_modules/.pnpm/jest-circus@29.7.0/node_modules/jest-circus/build/legacy-code-todo-rewrite/jestAdapterInit.js:122:21)
            at jestAdapter (/app/node_modules/.pnpm/jest-circus@29.7.0/node_modules/jest-circus/build/legacy-code-todo-rewrite/jestAdapter.js:79:19)
            at runTestInternal (/app/node_modules/.pnpm/jest-runner@29.7.0/node_modules/jest-runner/build/runTest.js:367:16)
            at runTest (/app/node_modules/.pnpm/jest-runner@29.7.0/node_modules/jest-runner/build/runTest.js:444:34)
            at Object.worker (/app/node_modules/.pnpm/jest-runner@29.7.0/node_modules/jest-runner/build/testWorker.js:106:12),
        type: 'unhandled exception'
      }

      60 |
      61 |   it('Edit and Delete menu items are hidden for platform.* rows', () => {
    > 62 |     render(withIntl(<PermissionsTable initial={initial} apps={apps} />))
         |           ^
      63 |     // With Dropdown mocked as passthrough, every row's items are in the DOM.
      64 |     // The platform.* row contributes 1 menuitem ("View"). The non-platform
      65 |     // row contributes 3 ("View", "Edit", "Delete"). Total = 4.

      at VirtualConsole.<anonymous> (../../node_modules/.pnpm/jest-environment-jsdom@29.7.0/node_modules/jest-environment-jsdom/build/index.js:63:23)
      at reportException (../../node_modules/.pnpm/jsdom@20.0.3/node_modules/jsdom/lib/jsdom/living/helpers/runtime-script-errors.js:70:28)
      at innerInvokeEventListeners (../../node_modules/.pnpm/jsdom@20.0.3/node_modules/jsdom/lib/jsdom/living/events/EventTarget-impl.js:353:9)
      at invokeEventListeners (../../node_modules/.pnpm/jsdom@20.0.3/node_modules/jsdom/lib/jsdom/living/events/EventTarget-impl.js:286:3)
      at HTMLUnknownElementImpl._dispatch (../../node_modules/.pnpm/jsdom@20.0.3/node_modules/jsdom/lib/jsdom/living/events/EventTarget-impl.js:233:9)
      at HTMLUnknownElementImpl.dispatchEvent (../../node_modules/.pnpm/jsdom@20.0.3/node_modules/jsdom/lib/jsdom/living/events/EventTarget-impl.js:104:17)
      at HTMLUnknownElement.dispatchEvent (../../node_modules/.pnpm/jsdom@20.0.3/node_modules/jsdom/lib/jsdom/living/generated/EventTarget.js:241:34)
      at Object.invokeGuardedCallbackDev (../../node_modules/.pnpm/react-dom@18.3.1_react@18.3.1/node_modules/react-dom/cjs/react-dom.development.js:4213:16)
      at invokeGuardedCallback (../../node_modules/.pnpm/react-dom@18.3.1_react@18.3.1/node_modules/react-dom/cjs/react-dom.development.js:4277:31)
      at beginWork$1 (../../node_modules/.pnpm/react-dom@18.3.1_react@18.3.1/node_modules/react-dom/cjs/react-dom.development.js:27490:7)
      at performUnitOfWork (../../node_modules/.pnpm/react-dom@18.3.1_react@18.3.1/node_modules/react-dom/cjs/react-dom.development.js:26599:12)
      at workLoopSync (../../node_modules/.pnpm/react-dom@18.3.1_react@18.3.1/node_modules/react-dom/cjs/react-dom.development.js:26505:5)
      at renderRootSync (../../node_modules/.pnpm/react-dom@18.3.1_react@18.3.1/node_modules/react-dom/cjs/react-dom.development.js:26473:7)
      at recoverFromConcurrentError (../../node_modules/.pnpm/react-dom@18.3.1_react@18.3.1/node_modules/react-dom/cjs/react-dom.development.js:25889:20)
      at performConcurrentWorkOnRoot (../../node_modules/.pnpm/react-dom@18.3.1_react@18.3.1/node_modules/react-dom/cjs/react-dom.development.js:25789:22)
      at flushActQueue (../../node_modules/.pnpm/react@18.3.1/node_modules/react/cjs/react.development.js:2667:24)
      at act (../../node_modules/.pnpm/react@18.3.1/node_modules/react/cjs/react.development.js:2582:11)
      at ../../node_modules/.pnpm/@testing-library+react@16.3.2_@testing-library+dom@10.4.1_@types+react-dom@18.3.7_@types+reac_3k5f6qynewwmkoqvlvtzlgtsjq/node_modules/@testing-library/react/dist/act-compat.js:46:25
      at renderRoot (../../node_modules/.pnpm/@testing-library+react@16.3.2_@testing-library+dom@10.4.1_@types+react-dom@18.3.7_@types+reac_3k5f6qynewwmkoqvlvtzlgtsjq/node_modules/@testing-library/react/dist/pure.js:189:26)
      at render (../../node_modules/.pnpm/@testing-library+react@16.3.2_@testing-library+dom@10.4.1_@types+react-dom@18.3.7_@types+reac_3k5f6qynewwmkoqvlvtzlgtsjq/node_modules/@testing-library/react/dist/pure.js:291:10)
      at Object.<anonymous> (components/__tests__/permissions-table.test.tsx:62:11)

    console.error
      Error: Uncaught [Error: `Tooltip` must be used within `TooltipProvider`]
          at reportException (/app/node_modules/.pnpm/jsdom@20.0.3/node_modules/jsdom/lib/jsdom/living/helpers/runtime-script-errors.js:66:24)
          at innerInvokeEventListeners (/app/node_modules/.pnpm/jsdom@20.0.3/node_modules/jsdom/lib/jsdom/living/events/EventTarget-impl.js:353:9)
          at invokeEventListeners (/app/node_modules/.pnpm/jsdom@20.0.3/node_modules/jsdom/lib/jsdom/living/events/EventTarget-impl.js:286:3)
          at HTMLUnknownElementImpl._dispatch (/app/node_modules/.pnpm/jsdom@20.0.3/node_modules/jsdom/lib/jsdom/living/events/EventTarget-impl.js:233:9)
          at HTMLUnknownElementImpl.dispatchEvent (/app/node_modules/.pnpm/jsdom@20.0.3/node_modules/jsdom/lib/jsdom/living/events/EventTarget-impl.js:104:17)
          at HTMLUnknownElement.dispatchEvent (/app/node_modules/.pnpm/jsdom@20.0.3/node_modules/jsdom/lib/jsdom/living/generated/EventTarget.js:241:34)
          at Object.invokeGuardedCallbackDev (/app/node_modules/.pnpm/react-dom@18.3.1_react@18.3.1/node_modules/react-dom/cjs/react-dom.development.js:4213:16)
          at invokeGuardedCallback (/app/node_modules/.pnpm/react-dom@18.3.1_react@18.3.1/node_modules/react-dom/cjs/react-dom.development.js:4277:31)
          at beginWork$1 (/app/node_modules/.pnpm/react-dom@18.3.1_react@18.3.1/node_modules/react-dom/cjs/react-dom.development.js:27490:7)
          at performUnitOfWork (/app/node_modules/.pnpm/react-dom@18.3.1_react@18.3.1/node_modules/react-dom/cjs/react-dom.development.js:26599:12)
          at workLoopSync (/app/node_modules/.pnpm/react-dom@18.3.1_react@18.3.1/node_modules/react-dom/cjs/react-dom.development.js:26505:5)
          at renderRootSync (/app/node_modules/.pnpm/react-dom@18.3.1_react@18.3.1/node_modules/react-dom/cjs/react-dom.development.js:26473:7)
          at recoverFromConcurrentError (/app/node_modules/.pnpm/react-dom@18.3.1_react@18.3.1/node_modules/react-dom/cjs/react-dom.development.js:25889:20)
          at performConcurrentWorkOnRoot (/app/node_modules/.pnpm/react-dom@18.3.1_react@18.3.1/node_modules/react-dom/cjs/react-dom.development.js:25789:22)
          at flushActQueue (/app/node_modules/.pnpm/react@18.3.1/node_modules/react/cjs/react.development.js:2667:24)
          at act (/app/node_modules/.pnpm/react@18.3.1/node_modules/react/cjs/react.development.js:2582:11)
          at /app/node_modules/.pnpm/@testing-library+react@16.3.2_@testing-library+dom@10.4.1_@types+react-dom@18.3.7_@types+reac_3k5f6qynewwmkoqvlvtzlgtsjq/node_modules/@testing-library/react/dist/act-compat.js:46:25
          at renderRoot (/app/node_modules/.pnpm/@testing-library+react@16.3.2_@testing-library+dom@10.4.1_@types+react-dom@18.3.7_@types+reac_3k5f6qynewwmkoqvlvtzlgtsjq/node_modules/@testing-library/react/dist/pure.js:189:26)
          at render (/app/node_modules/.pnpm/@testing-library+react@16.3.2_@testing-library+dom@10.4.1_@types+react-dom@18.3.7_@types+reac_3k5f6qynewwmkoqvlvtzlgtsjq/node_modules/@testing-library/react/dist/pure.js:291:10)
          at Object.<anonymous> (/app/apps/admin/components/__tests__/permissions-table.test.tsx:62:11)
          at Promise.then.completed (/app/node_modules/.pnpm/jest-circus@29.7.0/node_modules/jest-circus/build/utils.js:298:28)
          at new Promise (<anonymous>)
          at callAsyncCircusFn (/app/node_modules/.pnpm/jest-circus@29.7.0/node_modules/jest-circus/build/utils.js:231:10)
          at _callCircusTest (/app/node_modules/.pnpm/jest-circus@29.7.0/node_modules/jest-circus/build/run.js:316:40)
          at processTicksAndRejections (node:internal/process/task_queues:103:5)
          at _runTest (/app/node_modules/.pnpm/jest-circus@29.7.0/node_modules/jest-circus/build/run.js:252:3)
          at _runTestsForDescribeBlock (/app/node_modules/.pnpm/jest-circus@29.7.0/node_modules/jest-circus/build/run.js:126:9)
          at _runTestsForDescribeBlock (/app/node_modules/.pnpm/jest-circus@29.7.0/node_modules/jest-circus/build/run.js:121:9)
          at run (/app/node_modules/.pnpm/jest-circus@29.7.0/node_modules/jest-circus/build/run.js:71:3)
          at runAndTransformResultsToJestFormat (/app/node_modules/.pnpm/jest-circus@29.7.0/node_modules/jest-circus/build/legacy-code-todo-rewrite/jestAdapterInit.js:122:21)
          at jestAdapter (/app/node_modules/.pnpm/jest-circus@29.7.0/node_modules/jest-circus/build/legacy-code-todo-rewrite/jestAdapter.js:79:19)
          at runTestInternal (/app/node_modules/.pnpm/jest-runner@29.7.0/node_modules/jest-runner/build/runTest.js:367:16)
          at runTest (/app/node_modules/.pnpm/jest-runner@29.7.0/node_modules/jest-runner/build/runTest.js:444:34)
          at Object.worker (/app/node_modules/.pnpm/jest-runner@29.7.0/node_modules/jest-runner/build/testWorker.js:106:12) {
        detail: Error: `Tooltip` must be used within `TooltipProvider`
            at useContext2 (/app/node_modules/.pnpm/@radix-ui+react-context@1.1.2_@types+react@18.3.29_react@18.3.1/node_modules/@radix-ui/react-context/src/create-context.tsx:75:13)
            at Tooltip (/app/node_modules/.pnpm/@radix-ui+react-tooltip@1.2.8_@types+react-dom@18.3.7_@types+react@18.3.29__@types+react@18.3_xrwsnt2rmlacewwolijhmzdoxi/node_modules/@radix-ui/react-tooltip/src/tooltip.tsx:162:27)
            at renderWithHooks (/app/node_modules/.pnpm/react-dom@18.3.1_react@18.3.1/node_modules/react-dom/cjs/react-dom.development.js:15486:18)
            at mountIndeterminateComponent (/app/node_modules/.pnpm/react-dom@18.3.1_react@18.3.1/node_modules/react-dom/cjs/react-dom.development.js:20103:13)
            at beginWork (/app/node_modules/.pnpm/react-dom@18.3.1_react@18.3.1/node_modules/react-dom/cjs/react-dom.development.js:21626:16)
            at HTMLUnknownElement.callCallback (/app/node_modules/.pnpm/react-dom@18.3.1_react@18.3.1/node_modules/react-dom/cjs/react-dom.development.js:4164:14)
            at HTMLUnknownElement.callTheUserObjectsOperation (/app/node_modules/.pnpm/jsdom@20.0.3/node_modules/jsdom/lib/jsdom/living/generated/EventListener.js:26:30)
            at innerInvokeEventListeners (/app/node_modules/.pnpm/jsdom@20.0.3/node_modules/jsdom/lib/jsdom/living/events/EventTarget-impl.js:350:25)
            at invokeEventListeners (/app/node_modules/.pnpm/jsdom@20.0.3/node_modules/jsdom/lib/jsdom/living/events/EventTarget-impl.js:286:3)
            at HTMLUnknownElementImpl._dispatch (/app/node_modules/.pnpm/jsdom@20.0.3/node_modules/jsdom/lib/jsdom/living/events/EventTarget-impl.js:233:9)
            at HTMLUnknownElementImpl.dispatchEvent (/app/node_modules/.pnpm/jsdom@20.0.3/node_modules/jsdom/lib/jsdom/living/events/EventTarget-impl.js:104:17)
            at HTMLUnknownElement.dispatchEvent (/app/node_modules/.pnpm/jsdom@20.0.3/node_modules/jsdom/lib/jsdom/living/generated/EventTarget.js:241:34)
            at Object.invokeGuardedCallbackDev (/app/node_modules/.pnpm/react-dom@18.3.1_react@18.3.1/node_modules/react-dom/cjs/react-dom.development.js:4213:16)
            at invokeGuardedCallback (/app/node_modules/.pnpm/react-dom@18.3.1_react@18.3.1/node_modules/react-dom/cjs/react-dom.development.js:4277:31)
            at beginWork$1 (/app/node_modules/.pnpm/react-dom@18.3.1_react@18.3.1/node_modules/react-dom/cjs/react-dom.development.js:27490:7)
            at performUnitOfWork (/app/node_modules/.pnpm/react-dom@18.3.1_react@18.3.1/node_modules/react-dom/cjs/react-dom.development.js:26599:12)
            at workLoopSync (/app/node_modules/.pnpm/react-dom@18.3.1_react@18.3.1/node_modules/react-dom/cjs/react-dom.development.js:26505:5)
            at renderRootSync (/app/node_modules/.pnpm/react-dom@18.3.1_react@18.3.1/node_modules/react-dom/cjs/react-dom.development.js:26473:7)
            at recoverFromConcurrentError (/app/node_modules/.pnpm/react-dom@18.3.1_react@18.3.1/node_modules/react-dom/cjs/react-dom.development.js:25889:20)
            at performConcurrentWorkOnRoot (/app/node_modules/.pnpm/react-dom@18.3.1_react@18.3.1/node_modules/react-dom/cjs/react-dom.development.js:25789:22)
            at flushActQueue (/app/node_modules/.pnpm/react@18.3.1/node_modules/react/cjs/react.development.js:2667:24)
            at act (/app/node_modules/.pnpm/react@18.3.1/node_modules/react/cjs/react.development.js:2582:11)
            at /app/node_modules/.pnpm/@testing-library+react@16.3.2_@testing-library+dom@10.4.1_@types+react-dom@18.3.7_@types+reac_3k5f6qynewwmkoqvlvtzlgtsjq/node_modules/@testing-library/react/dist/act-compat.js:46:25
            at renderRoot (/app/node_modules/.pnpm/@testing-library+react@16.3.2_@testing-library+dom@10.4.1_@types+react-dom@18.3.7_@types+reac_3k5f6qynewwmkoqvlvtzlgtsjq/node_modules/@testing-library/react/dist/pure.js:189:26)
            at render (/app/node_modules/.pnpm/@testing-library+react@16.3.2_@testing-library+dom@10.4.1_@types+react-dom@18.3.7_@types+reac_3k5f6qynewwmkoqvlvtzlgtsjq/node_modules/@testing-library/react/dist/pure.js:291:10)
            at Object.<anonymous> (/app/apps/admin/components/__tests__/permissions-table.test.tsx:62:11)
            at Promise.then.completed (/app/node_modules/.pnpm/jest-circus@29.7.0/node_modules/jest-circus/build/utils.js:298:28)
            at new Promise (<anonymous>)
            at callAsyncCircusFn (/app/node_modules/.pnpm/jest-circus@29.7.0/node_modules/jest-circus/build/utils.js:231:10)
            at _callCircusTest (/app/node_modules/.pnpm/jest-circus@29.7.0/node_modules/jest-circus/build/run.js:316:40)
            at processTicksAndRejections (node:internal/process/task_queues:103:5)
            at _runTest (/app/node_modules/.pnpm/jest-circus@29.7.0/node_modules/jest-circus/build/run.js:252:3)
            at _runTestsForDescribeBlock (/app/node_modules/.pnpm/jest-circus@29.7.0/node_modules/jest-circus/build/run.js:126:9)
            at _runTestsForDescribeBlock (/app/node_modules/.pnpm/jest-circus@29.7.0/node_modules/jest-circus/build/run.js:121:9)
            at run (/app/node_modules/.pnpm/jest-circus@29.7.0/node_modules/jest-circus/build/run.js:71:3)
            at runAndTransformResultsToJestFormat (/app/node_modules/.pnpm/jest-circus@29.7.0/node_modules/jest-circus/build/legacy-code-todo-rewrite/jestAdapterInit.js:122:21)
            at jestAdapter (/app/node_modules/.pnpm/jest-circus@29.7.0/node_modules/jest-circus/build/legacy-code-todo-rewrite/jestAdapter.js:79:19)
            at runTestInternal (/app/node_modules/.pnpm/jest-runner@29.7.0/node_modules/jest-runner/build/runTest.js:367:16)
            at runTest (/app/node_modules/.pnpm/jest-runner@29.7.0/node_modules/jest-runner/build/runTest.js:444:34)
            at Object.worker (/app/node_modules/.pnpm/jest-runner@29.7.0/node_modules/jest-runner/build/testWorker.js:106:12),
        type: 'unhandled exception'
      }

      60 |
      61 |   it('Edit and Delete menu items are hidden for platform.* rows', () => {
    > 62 |     render(withIntl(<PermissionsTable initial={initial} apps={apps} />))
         |           ^
      63 |     // With Dropdown mocked as passthrough, every row's items are in the DOM.
      64 |     // The platform.* row contributes 1 menuitem ("View"). The non-platform
      65 |     // row contributes 3 ("View", "Edit", "Delete"). Total = 4.

      at VirtualConsole.<anonymous> (../../node_modules/.pnpm/jest-environment-jsdom@29.7.0/node_modules/jest-environment-jsdom/build/index.js:63:23)
      at reportException (../../node_modules/.pnpm/jsdom@20.0.3/node_modules/jsdom/lib/jsdom/living/helpers/runtime-script-errors.js:70:28)
      at innerInvokeEventListeners (../../node_modules/.pnpm/jsdom@20.0.3/node_modules/jsdom/lib/jsdom/living/events/EventTarget-impl.js:353:9)
      at invokeEventListeners (../../node_modules/.pnpm/jsdom@20.0.3/node_modules/jsdom/lib/jsdom/living/events/EventTarget-impl.js:286:3)
      at HTMLUnknownElementImpl._dispatch (../../node_modules/.pnpm/jsdom@20.0.3/node_modules/jsdom/lib/jsdom/living/events/EventTarget-impl.js:233:9)
      at HTMLUnknownElementImpl.dispatchEvent (../../node_modules/.pnpm/jsdom@20.0.3/node_modules/jsdom/lib/jsdom/living/events/EventTarget-impl.js:104:17)
      at HTMLUnknownElement.dispatchEvent (../../node_modules/.pnpm/jsdom@20.0.3/node_modules/jsdom/lib/jsdom/living/generated/EventTarget.js:241:34)
      at Object.invokeGuardedCallbackDev (../../node_modules/.pnpm/react-dom@18.3.1_react@18.3.1/node_modules/react-dom/cjs/react-dom.development.js:4213:16)
      at invokeGuardedCallback (../../node_modules/.pnpm/react-dom@18.3.1_react@18.3.1/node_modules/react-dom/cjs/react-dom.development.js:4277:31)
      at beginWork$1 (../../node_modules/.pnpm/react-dom@18.3.1_react@18.3.1/node_modules/react-dom/cjs/react-dom.development.js:27490:7)
      at performUnitOfWork (../../node_modules/.pnpm/react-dom@18.3.1_react@18.3.1/node_modules/react-dom/cjs/react-dom.development.js:26599:12)
      at workLoopSync (../../node_modules/.pnpm/react-dom@18.3.1_react@18.3.1/node_modules/react-dom/cjs/react-dom.development.js:26505:5)
      at renderRootSync (../../node_modules/.pnpm/react-dom@18.3.1_react@18.3.1/node_modules/react-dom/cjs/react-dom.development.js:26473:7)
      at recoverFromConcurrentError (../../node_modules/.pnpm/react-dom@18.3.1_react@18.3.1/node_modules/react-dom/cjs/react-dom.development.js:25889:20)
      at performConcurrentWorkOnRoot (../../node_modules/.pnpm/react-dom@18.3.1_react@18.3.1/node_modules/react-dom/cjs/react-dom.development.js:25789:22)
      at flushActQueue (../../node_modules/.pnpm/react@18.3.1/node_modules/react/cjs/react.development.js:2667:24)
      at act (../../node_modules/.pnpm/react@18.3.1/node_modules/react/cjs/react.development.js:2582:11)
      at ../../node_modules/.pnpm/@testing-library+react@16.3.2_@testing-library+dom@10.4.1_@types+react-dom@18.3.7_@types+reac_3k5f6qynewwmkoqvlvtzlgtsjq/node_modules/@testing-library/react/dist/act-compat.js:46:25
      at renderRoot (../../node_modules/.pnpm/@testing-library+react@16.3.2_@testing-library+dom@10.4.1_@types+react-dom@18.3.7_@types+reac_3k5f6qynewwmkoqvlvtzlgtsjq/node_modules/@testing-library/react/dist/pure.js:189:26)
      at render (../../node_modules/.pnpm/@testing-library+react@16.3.2_@testing-library+dom@10.4.1_@types+react-dom@18.3.7_@types+reac_3k5f6qynewwmkoqvlvtzlgtsjq/node_modules/@testing-library/react/dist/pure.js:291:10)
      at Object.<anonymous> (components/__tests__/permissions-table.test.tsx:62:11)

    console.error
      Error: Uncaught [Error: `Tooltip` must be used within `TooltipProvider`]
          at reportException (/app/node_modules/.pnpm/jsdom@20.0.3/node_modules/jsdom/lib/jsdom/living/helpers/runtime-script-errors.js:66:24)
          at innerInvokeEventListeners (/app/node_modules/.pnpm/jsdom@20.0.3/node_modules/jsdom/lib/jsdom/living/events/EventTarget-impl.js:353:9)
          at invokeEventListeners (/app/node_modules/.pnpm/jsdom@20.0.3/node_modules/jsdom/lib/jsdom/living/events/EventTarget-impl.js:286:3)
          at HTMLUnknownElementImpl._dispatch (/app/node_modules/.pnpm/jsdom@20.0.3/node_modules/jsdom/lib/jsdom/living/events/EventTarget-impl.js:233:9)
          at HTMLUnknownElementImpl.dispatchEvent (/app/node_modules/.pnpm/jsdom@20.0.3/node_modules/jsdom/lib/jsdom/living/events/EventTarget-impl.js:104:17)
          at HTMLUnknownElement.dispatchEvent (/app/node_modules/.pnpm/jsdom@20.0.3/node_modules/jsdom/lib/jsdom/living/generated/EventTarget.js:241:34)
          at Object.invokeGuardedCallbackDev (/app/node_modules/.pnpm/react-dom@18.3.1_react@18.3.1/node_modules/react-dom/cjs/react-dom.development.js:4213:16)
          at invokeGuardedCallback (/app/node_modules/.pnpm/react-dom@18.3.1_react@18.3.1/node_modules/react-dom/cjs/react-dom.development.js:4277:31)
          at beginWork$1 (/app/node_modules/.pnpm/react-dom@18.3.1_react@18.3.1/node_modules/react-dom/cjs/react-dom.development.js:27490:7)
          at performUnitOfWork (/app/node_modules/.pnpm/react-dom@18.3.1_react@18.3.1/node_modules/react-dom/cjs/react-dom.development.js:26599:12)
          at workLoopSync (/app/node_modules/.pnpm/react-dom@18.3.1_react@18.3.1/node_modules/react-dom/cjs/react-dom.development.js:26505:5)
          at renderRootSync (/app/node_modules/.pnpm/react-dom@18.3.1_react@18.3.1/node_modules/react-dom/cjs/react-dom.development.js:26473:7)
          at recoverFromConcurrentError (/app/node_modules/.pnpm/react-dom@18.3.1_react@18.3.1/node_modules/react-dom/cjs/react-dom.development.js:25889:20)
          at performConcurrentWorkOnRoot (/app/node_modules/.pnpm/react-dom@18.3.1_react@18.3.1/node_modules/react-dom/cjs/react-dom.development.js:25789:22)
          at flushActQueue (/app/node_modules/.pnpm/react@18.3.1/node_modules/react/cjs/react.development.js:2667:24)
          at act (/app/node_modules/.pnpm/react@18.3.1/node_modules/react/cjs/react.development.js:2582:11)
          at /app/node_modules/.pnpm/@testing-library+react@16.3.2_@testing-library+dom@10.4.1_@types+react-dom@18.3.7_@types+reac_3k5f6qynewwmkoqvlvtzlgtsjq/node_modules/@testing-library/react/dist/act-compat.js:46:25
          at renderRoot (/app/node_modules/.pnpm/@testing-library+react@16.3.2_@testing-library+dom@10.4.1_@types+react-dom@18.3.7_@types+reac_3k5f6qynewwmkoqvlvtzlgtsjq/node_modules/@testing-library/react/dist/pure.js:189:26)
          at render (/app/node_modules/.pnpm/@testing-library+react@16.3.2_@testing-library+dom@10.4.1_@types+react-dom@18.3.7_@types+reac_3k5f6qynewwmkoqvlvtzlgtsjq/node_modules/@testing-library/react/dist/pure.js:291:10)
          at Object.<anonymous> (/app/apps/admin/components/__tests__/permissions-table.test.tsx:62:11)
          at Promise.then.completed (/app/node_modules/.pnpm/jest-circus@29.7.0/node_modules/jest-circus/build/utils.js:298:28)
          at new Promise (<anonymous>)
          at callAsyncCircusFn (/app/node_modules/.pnpm/jest-circus@29.7.0/node_modules/jest-circus/build/utils.js:231:10)
          at _callCircusTest (/app/node_modules/.pnpm/jest-circus@29.7.0/node_modules/jest-circus/build/run.js:316:40)
          at processTicksAndRejections (node:internal/process/task_queues:103:5)
          at _runTest (/app/node_modules/.pnpm/jest-circus@29.7.0/node_modules/jest-circus/build/run.js:252:3)
          at _runTestsForDescribeBlock (/app/node_modules/.pnpm/jest-circus@29.7.0/node_modules/jest-circus/build/run.js:126:9)
          at _runTestsForDescribeBlock (/app/node_modules/.pnpm/jest-circus@29.7.0/node_modules/jest-circus/build/run.js:121:9)
          at run (/app/node_modules/.pnpm/jest-circus@29.7.0/node_modules/jest-circus/build/run.js:71:3)
          at runAndTransformResultsToJestFormat (/app/node_modules/.pnpm/jest-circus@29.7.0/node_modules/jest-circus/build/legacy-code-todo-rewrite/jestAdapterInit.js:122:21)
          at jestAdapter (/app/node_modules/.pnpm/jest-circus@29.7.0/node_modules/jest-circus/build/legacy-code-todo-rewrite/jestAdapter.js:79:19)
          at runTestInternal (/app/node_modules/.pnpm/jest-runner@29.7.0/node_modules/jest-runner/build/runTest.js:367:16)
          at runTest (/app/node_modules/.pnpm/jest-runner@29.7.0/node_modules/jest-runner/build/runTest.js:444:34)
          at Object.worker (/app/node_modules/.pnpm/jest-runner@29.7.0/node_modules/jest-runner/build/testWorker.js:106:12) {
        detail: Error: `Tooltip` must be used within `TooltipProvider`
            at useContext2 (/app/node_modules/.pnpm/@radix-ui+react-context@1.1.2_@types+react@18.3.29_react@18.3.1/node_modules/@radix-ui/react-context/src/create-context.tsx:75:13)
            at Tooltip (/app/node_modules/.pnpm/@radix-ui+react-tooltip@1.2.8_@types+react-dom@18.3.7_@types+react@18.3.29__@types+react@18.3_xrwsnt2rmlacewwolijhmzdoxi/node_modules/@radix-ui/react-tooltip/src/tooltip.tsx:162:27)
            at renderWithHooks (/app/node_modules/.pnpm/react-dom@18.3.1_react@18.3.1/node_modules/react-dom/cjs/react-dom.development.js:15486:18)
            at mountIndeterminateComponent (/app/node_modules/.pnpm/react-dom@18.3.1_react@18.3.1/node_modules/react-dom/cjs/react-dom.development.js:20103:13)
            at beginWork (/app/node_modules/.pnpm/react-dom@18.3.1_react@18.3.1/node_modules/react-dom/cjs/react-dom.development.js:21626:16)
            at HTMLUnknownElement.callCallback (/app/node_modules/.pnpm/react-dom@18.3.1_react@18.3.1/node_modules/react-dom/cjs/react-dom.development.js:4164:14)
            at HTMLUnknownElement.callTheUserObjectsOperation (/app/node_modules/.pnpm/jsdom@20.0.3/node_modules/jsdom/lib/jsdom/living/generated/EventListener.js:26:30)
            at innerInvokeEventListeners (/app/node_modules/.pnpm/jsdom@20.0.3/node_modules/jsdom/lib/jsdom/living/events/EventTarget-impl.js:350:25)
            at invokeEventListeners (/app/node_modules/.pnpm/jsdom@20.0.3/node_modules/jsdom/lib/jsdom/living/events/EventTarget-impl.js:286:3)
            at HTMLUnknownElementImpl._dispatch (/app/node_modules/.pnpm/jsdom@20.0.3/node_modules/jsdom/lib/jsdom/living/events/EventTarget-impl.js:233:9)
            at HTMLUnknownElementImpl.dispatchEvent (/app/node_modules/.pnpm/jsdom@20.0.3/node_modules/jsdom/lib/jsdom/living/events/EventTarget-impl.js:104:17)
            at HTMLUnknownElement.dispatchEvent (/app/node_modules/.pnpm/jsdom@20.0.3/node_modules/jsdom/lib/jsdom/living/generated/EventTarget.js:241:34)
            at Object.invokeGuardedCallbackDev (/app/node_modules/.pnpm/react-dom@18.3.1_react@18.3.1/node_modules/react-dom/cjs/react-dom.development.js:4213:16)
            at invokeGuardedCallback (/app/node_modules/.pnpm/react-dom@18.3.1_react@18.3.1/node_modules/react-dom/cjs/react-dom.development.js:4277:31)
            at beginWork$1 (/app/node_modules/.pnpm/react-dom@18.3.1_react@18.3.1/node_modules/react-dom/cjs/react-dom.development.js:27490:7)
            at performUnitOfWork (/app/node_modules/.pnpm/react-dom@18.3.1_react@18.3.1/node_modules/react-dom/cjs/react-dom.development.js:26599:12)
            at workLoopSync (/app/node_modules/.pnpm/react-dom@18.3.1_react@18.3.1/node_modules/react-dom/cjs/react-dom.development.js:26505:5)
            at renderRootSync (/app/node_modules/.pnpm/react-dom@18.3.1_react@18.3.1/node_modules/react-dom/cjs/react-dom.development.js:26473:7)
            at recoverFromConcurrentError (/app/node_modules/.pnpm/react-dom@18.3.1_react@18.3.1/node_modules/react-dom/cjs/react-dom.development.js:25889:20)
            at performConcurrentWorkOnRoot (/app/node_modules/.pnpm/react-dom@18.3.1_react@18.3.1/node_modules/react-dom/cjs/react-dom.development.js:25789:22)
            at flushActQueue (/app/node_modules/.pnpm/react@18.3.1/node_modules/react/cjs/react.development.js:2667:24)
            at act (/app/node_modules/.pnpm/react@18.3.1/node_modules/react/cjs/react.development.js:2582:11)
            at /app/node_modules/.pnpm/@testing-library+react@16.3.2_@testing-library+dom@10.4.1_@types+react-dom@18.3.7_@types+reac_3k5f6qynewwmkoqvlvtzlgtsjq/node_modules/@testing-library/react/dist/act-compat.js:46:25
            at renderRoot (/app/node_modules/.pnpm/@testing-library+react@16.3.2_@testing-library+dom@10.4.1_@types+react-dom@18.3.7_@types+reac_3k5f6qynewwmkoqvlvtzlgtsjq/node_modules/@testing-library/react/dist/pure.js:189:26)
            at render (/app/node_modules/.pnpm/@testing-library+react@16.3.2_@testing-library+dom@10.4.1_@types+react-dom@18.3.7_@types+reac_3k5f6qynewwmkoqvlvtzlgtsjq/node_modules/@testing-library/react/dist/pure.js:291:10)
            at Object.<anonymous> (/app/apps/admin/components/__tests__/permissions-table.test.tsx:62:11)
            at Promise.then.completed (/app/node_modules/.pnpm/jest-circus@29.7.0/node_modules/jest-circus/build/utils.js:298:28)
            at new Promise (<anonymous>)
            at callAsyncCircusFn (/app/node_modules/.pnpm/jest-circus@29.7.0/node_modules/jest-circus/build/utils.js:231:10)
            at _callCircusTest (/app/node_modules/.pnpm/jest-circus@29.7.0/node_modules/jest-circus/build/run.js:316:40)
            at processTicksAndRejections (node:internal/process/task_queues:103:5)
            at _runTest (/app/node_modules/.pnpm/jest-circus@29.7.0/node_modules/jest-circus/build/run.js:252:3)
            at _runTestsForDescribeBlock (/app/node_modules/.pnpm/jest-circus@29.7.0/node_modules/jest-circus/build/run.js:126:9)
            at _runTestsForDescribeBlock (/app/node_modules/.pnpm/jest-circus@29.7.0/node_modules/jest-circus/build/run.js:121:9)
            at run (/app/node_modules/.pnpm/jest-circus@29.7.0/node_modules/jest-circus/build/run.js:71:3)
            at runAndTransformResultsToJestFormat (/app/node_modules/.pnpm/jest-circus@29.7.0/node_modules/jest-circus/build/legacy-code-todo-rewrite/jestAdapterInit.js:122:21)
            at jestAdapter (/app/node_modules/.pnpm/jest-circus@29.7.0/node_modules/jest-circus/build/legacy-code-todo-rewrite/jestAdapter.js:79:19)
            at runTestInternal (/app/node_modules/.pnpm/jest-runner@29.7.0/node_modules/jest-runner/build/runTest.js:367:16)
            at runTest (/app/node_modules/.pnpm/jest-runner@29.7.0/node_modules/jest-runner/build/runTest.js:444:34)
            at Object.worker (/app/node_modules/.pnpm/jest-runner@29.7.0/node_modules/jest-runner/build/testWorker.js:106:12),
        type: 'unhandled exception'
      }

      60 |
      61 |   it('Edit and Delete menu items are hidden for platform.* rows', () => {
    > 62 |     render(withIntl(<PermissionsTable initial={initial} apps={apps} />))
         |           ^
      63 |     // With Dropdown mocked as passthrough, every row's items are in the DOM.
      64 |     // The platform.* row contributes 1 menuitem ("View"). The non-platform
      65 |     // row contributes 3 ("View", "Edit", "Delete"). Total = 4.

      at VirtualConsole.<anonymous> (../../node_modules/.pnpm/jest-environment-jsdom@29.7.0/node_modules/jest-environment-jsdom/build/index.js:63:23)
      at reportException (../../node_modules/.pnpm/jsdom@20.0.3/node_modules/jsdom/lib/jsdom/living/helpers/runtime-script-errors.js:70:28)
      at innerInvokeEventListeners (../../node_modules/.pnpm/jsdom@20.0.3/node_modules/jsdom/lib/jsdom/living/events/EventTarget-impl.js:353:9)
      at invokeEventListeners (../../node_modules/.pnpm/jsdom@20.0.3/node_modules/jsdom/lib/jsdom/living/events/EventTarget-impl.js:286:3)
      at HTMLUnknownElementImpl._dispatch (../../node_modules/.pnpm/jsdom@20.0.3/node_modules/jsdom/lib/jsdom/living/events/EventTarget-impl.js:233:9)
      at HTMLUnknownElementImpl.dispatchEvent (../../node_modules/.pnpm/jsdom@20.0.3/node_modules/jsdom/lib/jsdom/living/events/EventTarget-impl.js:104:17)
      at HTMLUnknownElement.dispatchEvent (../../node_modules/.pnpm/jsdom@20.0.3/node_modules/jsdom/lib/jsdom/living/generated/EventTarget.js:241:34)
      at Object.invokeGuardedCallbackDev (../../node_modules/.pnpm/react-dom@18.3.1_react@18.3.1/node_modules/react-dom/cjs/react-dom.development.js:4213:16)
      at invokeGuardedCallback (../../node_modules/.pnpm/react-dom@18.3.1_react@18.3.1/node_modules/react-dom/cjs/react-dom.development.js:4277:31)
      at beginWork$1 (../../node_modules/.pnpm/react-dom@18.3.1_react@18.3.1/node_modules/react-dom/cjs/react-dom.development.js:27490:7)
      at performUnitOfWork (../../node_modules/.pnpm/react-dom@18.3.1_react@18.3.1/node_modules/react-dom/cjs/react-dom.development.js:26599:12)
      at workLoopSync (../../node_modules/.pnpm/react-dom@18.3.1_react@18.3.1/node_modules/react-dom/cjs/react-dom.development.js:26505:5)
      at renderRootSync (../../node_modules/.pnpm/react-dom@18.3.1_react@18.3.1/node_modules/react-dom/cjs/react-dom.development.js:26473:7)
      at recoverFromConcurrentError (../../node_modules/.pnpm/react-dom@18.3.1_react@18.3.1/node_modules/react-dom/cjs/react-dom.development.js:25889:20)
      at performConcurrentWorkOnRoot (../../node_modules/.pnpm/react-dom@18.3.1_react@18.3.1/node_modules/react-dom/cjs/react-dom.development.js:25789:22)
      at flushActQueue (../../node_modules/.pnpm/react@18.3.1/node_modules/react/cjs/react.development.js:2667:24)
      at act (../../node_modules/.pnpm/react@18.3.1/node_modules/react/cjs/react.development.js:2582:11)
      at ../../node_modules/.pnpm/@testing-library+react@16.3.2_@testing-library+dom@10.4.1_@types+react-dom@18.3.7_@types+reac_3k5f6qynewwmkoqvlvtzlgtsjq/node_modules/@testing-library/react/dist/act-compat.js:46:25
      at renderRoot (../../node_modules/.pnpm/@testing-library+react@16.3.2_@testing-library+dom@10.4.1_@types+react-dom@18.3.7_@types+reac_3k5f6qynewwmkoqvlvtzlgtsjq/node_modules/@testing-library/react/dist/pure.js:189:26)
      at render (../../node_modules/.pnpm/@testing-library+react@16.3.2_@testing-library+dom@10.4.1_@types+react-dom@18.3.7_@types+reac_3k5f6qynewwmkoqvlvtzlgtsjq/node_modules/@testing-library/react/dist/pure.js:291:10)
      at Object.<anonymous> (components/__tests__/permissions-table.test.tsx:62:11)

    console.error
      The above error occurred in the <Tooltip> component:

          at Tooltip (/app/node_modules/.pnpm/@radix-ui+react-tooltip@1.2.8_@types+react-dom@18.3.7_@types+react@18.3.29__@types+react@18.3_xrwsnt2rmlacewwolijhmzdoxi/node_modules/@radix-ui/react-tooltip/src/tooltip.tsx:154:5)
          at div
          at cell (/app/apps/admin/components/permissions-table.tsx:83:16)
          at td
          at /app/packages/ui/src/components/ui/table.tsx:87:6
          at tr
          at /app/packages/ui/src/components/ui/table.tsx:57:6
          at tbody
          at /app/packages/ui/src/components/ui/table.tsx:30:6
          at table
          at div
          at /app/packages/ui/src/components/ui/table.tsx:8:6
          at DataTable (/app/packages/ui/src/components/data-table.tsx:23:36)
          at div
          at PermissionsTable (/app/apps/admin/components/permissions-table.tsx:22:36)
          at IntlProvider (/app/node_modules/.pnpm/use-intl@3.26.5_react@18.3.1/node_modules/use-intl/dist/development/_IntlProvider.js:16:5)
          at NextIntlClientProvider (/app/node_modules/.pnpm/next-intl@3.26.5_next@15.5.18_@babel+core@7.29.7_@opentelemetry+api@1.9.1_@playwright+test@1._uib3rlo2eksg3yll53rffkx7ea/node_modules/next-intl/dist/development/shared/NextIntlClientProvider.js:16:5)

      Consider adding an error boundary to your tree to customize error handling behavior.
      Visit https://reactjs.org/link/error-boundaries to learn more about error boundaries.

      60 |
      61 |   it('Edit and Delete menu items are hidden for platform.* rows', () => {
    > 62 |     render(withIntl(<PermissionsTable initial={initial} apps={apps} />))
         |           ^
      63 |     // With Dropdown mocked as passthrough, every row's items are in the DOM.
      64 |     // The platform.* row contributes 1 menuitem ("View"). The non-platform
      65 |     // row contributes 3 ("View", "Edit", "Delete"). Total = 4.

      at logCapturedError (../../node_modules/.pnpm/react-dom@18.3.1_react@18.3.1/node_modules/react-dom/cjs/react-dom.development.js:18704:23)
      at update.callback (../../node_modules/.pnpm/react-dom@18.3.1_react@18.3.1/node_modules/react-dom/cjs/react-dom.development.js:18737:5)
      at callCallback (../../node_modules/.pnpm/react-dom@18.3.1_react@18.3.1/node_modules/react-dom/cjs/react-dom.development.js:15036:12)
      at commitUpdateQueue (../../node_modules/.pnpm/react-dom@18.3.1_react@18.3.1/node_modules/react-dom/cjs/react-dom.development.js:15057:9)
      at commitLayoutEffectOnFiber (../../node_modules/.pnpm/react-dom@18.3.1_react@18.3.1/node_modules/react-dom/cjs/react-dom.development.js:23430:13)
      at commitLayoutMountEffects_complete (../../node_modules/.pnpm/react-dom@18.3.1_react@18.3.1/node_modules/react-dom/cjs/react-dom.development.js:24727:9)
      at commitLayoutEffects_begin (../../node_modules/.pnpm/react-dom@18.3.1_react@18.3.1/node_modules/react-dom/cjs/react-dom.development.js:24713:7)
      at commitLayoutEffects (../../node_modules/.pnpm/react-dom@18.3.1_react@18.3.1/node_modules/react-dom/cjs/react-dom.development.js:24651:3)
      at commitRootImpl (../../node_modules/.pnpm/react-dom@18.3.1_react@18.3.1/node_modules/react-dom/cjs/react-dom.development.js:26862:5)
      at commitRoot (../../node_modules/.pnpm/react-dom@18.3.1_react@18.3.1/node_modules/react-dom/cjs/react-dom.development.js:26721:5)
      at finishConcurrentRender (../../node_modules/.pnpm/react-dom@18.3.1_react@18.3.1/node_modules/react-dom/cjs/react-dom.development.js:25931:9)
      at performConcurrentWorkOnRoot (../../node_modules/.pnpm/react-dom@18.3.1_react@18.3.1/node_modules/react-dom/cjs/react-dom.development.js:25848:7)
      at flushActQueue (../../node_modules/.pnpm/react@18.3.1/node_modules/react/cjs/react.development.js:2667:24)
      at act (../../node_modules/.pnpm/react@18.3.1/node_modules/react/cjs/react.development.js:2582:11)
      at ../../node_modules/.pnpm/@testing-library+react@16.3.2_@testing-library+dom@10.4.1_@types+react-dom@18.3.7_@types+reac_3k5f6qynewwmkoqvlvtzlgtsjq/node_modules/@testing-library/react/dist/act-compat.js:46:25
      at renderRoot (../../node_modules/.pnpm/@testing-library+react@16.3.2_@testing-library+dom@10.4.1_@types+react-dom@18.3.7_@types+reac_3k5f6qynewwmkoqvlvtzlgtsjq/node_modules/@testing-library/react/dist/pure.js:189:26)
      at render (../../node_modules/.pnpm/@testing-library+react@16.3.2_@testing-library+dom@10.4.1_@types+react-dom@18.3.7_@types+reac_3k5f6qynewwmkoqvlvtzlgtsjq/node_modules/@testing-library/react/dist/pure.js:291:10)
      at Object.<anonymous> (components/__tests__/permissions-table.test.tsx:62:11)

    console.error
      The above error occurred in the <Tooltip> component:

          at Tooltip (/app/node_modules/.pnpm/@radix-ui+react-tooltip@1.2.8_@types+react-dom@18.3.7_@types+react@18.3.29__@types+react@18.3_xrwsnt2rmlacewwolijhmzdoxi/node_modules/@radix-ui/react-tooltip/src/tooltip.tsx:154:5)
          at Passthrough (/app/apps/admin/components/__tests__/permissions-table.test.tsx:17:26)
          at cell (/app/apps/admin/components/permissions-table.tsx:124:16)
          at td
          at /app/packages/ui/src/components/ui/table.tsx:87:6
          at tr
          at /app/packages/ui/src/components/ui/table.tsx:57:6
          at tbody
          at /app/packages/ui/src/components/ui/table.tsx:30:6
          at table
          at div
          at /app/packages/ui/src/components/ui/table.tsx:8:6
          at DataTable (/app/packages/ui/src/components/data-table.tsx:23:36)
          at div
          at PermissionsTable (/app/apps/admin/components/permissions-table.tsx:22:36)
          at IntlProvider (/app/node_modules/.pnpm/use-intl@3.26.5_react@18.3.1/node_modules/use-intl/dist/development/_IntlProvider.js:16:5)
          at NextIntlClientProvider (/app/node_modules/.pnpm/next-intl@3.26.5_next@15.5.18_@babel+core@7.29.7_@opentelemetry+api@1.9.1_@playwright+test@1._uib3rlo2eksg3yll53rffkx7ea/node_modules/next-intl/dist/development/shared/NextIntlClientProvider.js:16:5)

      Consider adding an error boundary to your tree to customize error handling behavior.
      Visit https://reactjs.org/link/error-boundaries to learn more about error boundaries.

      60 |
      61 |   it('Edit and Delete menu items are hidden for platform.* rows', () => {
    > 62 |     render(withIntl(<PermissionsTable initial={initial} apps={apps} />))
         |           ^
      63 |     // With Dropdown mocked as passthrough, every row's items are in the DOM.
      64 |     // The platform.* row contributes 1 menuitem ("View"). The non-platform
      65 |     // row contributes 3 ("View", "Edit", "Delete"). Total = 4.

      at logCapturedError (../../node_modules/.pnpm/react-dom@18.3.1_react@18.3.1/node_modules/react-dom/cjs/react-dom.development.js:18704:23)
      at update.callback (../../node_modules/.pnpm/react-dom@18.3.1_react@18.3.1/node_modules/react-dom/cjs/react-dom.development.js:18737:5)
      at callCallback (../../node_modules/.pnpm/react-dom@18.3.1_react@18.3.1/node_modules/react-dom/cjs/react-dom.development.js:15036:12)
      at commitUpdateQueue (../../node_modules/.pnpm/react-dom@18.3.1_react@18.3.1/node_modules/react-dom/cjs/react-dom.development.js:15057:9)
      at commitLayoutEffectOnFiber (../../node_modules/.pnpm/react-dom@18.3.1_react@18.3.1/node_modules/react-dom/cjs/react-dom.development.js:23430:13)
      at commitLayoutMountEffects_complete (../../node_modules/.pnpm/react-dom@18.3.1_react@18.3.1/node_modules/react-dom/cjs/react-dom.development.js:24727:9)
      at commitLayoutEffects_begin (../../node_modules/.pnpm/react-dom@18.3.1_react@18.3.1/node_modules/react-dom/cjs/react-dom.development.js:24713:7)
      at commitLayoutEffects (../../node_modules/.pnpm/react-dom@18.3.1_react@18.3.1/node_modules/react-dom/cjs/react-dom.development.js:24651:3)
      at commitRootImpl (../../node_modules/.pnpm/react-dom@18.3.1_react@18.3.1/node_modules/react-dom/cjs/react-dom.development.js:26862:5)
      at commitRoot (../../node_modules/.pnpm/react-dom@18.3.1_react@18.3.1/node_modules/react-dom/cjs/react-dom.development.js:26721:5)
      at finishConcurrentRender (../../node_modules/.pnpm/react-dom@18.3.1_react@18.3.1/node_modules/react-dom/cjs/react-dom.development.js:25931:9)
      at performConcurrentWorkOnRoot (../../node_modules/.pnpm/react-dom@18.3.1_react@18.3.1/node_modules/react-dom/cjs/react-dom.development.js:25848:7)
      at flushActQueue (../../node_modules/.pnpm/react@18.3.1/node_modules/react/cjs/react.development.js:2667:24)
      at act (../../node_modules/.pnpm/react@18.3.1/node_modules/react/cjs/react.development.js:2582:11)
      at ../../node_modules/.pnpm/@testing-library+react@16.3.2_@testing-library+dom@10.4.1_@types+react-dom@18.3.7_@types+reac_3k5f6qynewwmkoqvlvtzlgtsjq/node_modules/@testing-library/react/dist/act-compat.js:46:25
      at renderRoot (../../node_modules/.pnpm/@testing-library+react@16.3.2_@testing-library+dom@10.4.1_@types+react-dom@18.3.7_@types+reac_3k5f6qynewwmkoqvlvtzlgtsjq/node_modules/@testing-library/react/dist/pure.js:189:26)
      at render (../../node_modules/.pnpm/@testing-library+react@16.3.2_@testing-library+dom@10.4.1_@types+react-dom@18.3.7_@types+reac_3k5f6qynewwmkoqvlvtzlgtsjq/node_modules/@testing-library/react/dist/pure.js:291:10)
      at Object.<anonymous> (components/__tests__/permissions-table.test.tsx:62:11)

    console.error
      The above error occurred in the <Tooltip> component:

          at Tooltip (/app/node_modules/.pnpm/@radix-ui+react-tooltip@1.2.8_@types+react-dom@18.3.7_@types+react@18.3.29__@types+react@18.3_xrwsnt2rmlacewwolijhmzdoxi/node_modules/@radix-ui/react-tooltip/src/tooltip.tsx:154:5)
          at div
          at cell (/app/apps/admin/components/permissions-table.tsx:83:16)
          at td
          at /app/packages/ui/src/components/ui/table.tsx:87:6
          at tr
          at /app/packages/ui/src/components/ui/table.tsx:57:6
          at tbody
          at /app/packages/ui/src/components/ui/table.tsx:30:6
          at table
          at div
          at /app/packages/ui/src/components/ui/table.tsx:8:6
          at DataTable (/app/packages/ui/src/components/data-table.tsx:23:36)
          at div
          at PermissionsTable (/app/apps/admin/components/permissions-table.tsx:22:36)
          at IntlProvider (/app/node_modules/.pnpm/use-intl@3.26.5_react@18.3.1/node_modules/use-intl/dist/development/_IntlProvider.js:16:5)
          at NextIntlClientProvider (/app/node_modules/.pnpm/next-intl@3.26.5_next@15.5.18_@babel+core@7.29.7_@opentelemetry+api@1.9.1_@playwright+test@1._uib3rlo2eksg3yll53rffkx7ea/node_modules/next-intl/dist/development/shared/NextIntlClientProvider.js:16:5)

      Consider adding an error boundary to your tree to customize error handling behavior.
      Visit https://reactjs.org/link/error-boundaries to learn more about error boundaries.

      60 |
      61 |   it('Edit and Delete menu items are hidden for platform.* rows', () => {
    > 62 |     render(withIntl(<PermissionsTable initial={initial} apps={apps} />))
         |           ^
      63 |     // With Dropdown mocked as passthrough, every row's items are in the DOM.
      64 |     // The platform.* row contributes 1 menuitem ("View"). The non-platform
      65 |     // row contributes 3 ("View", "Edit", "Delete"). Total = 4.

      at logCapturedError (../../node_modules/.pnpm/react-dom@18.3.1_react@18.3.1/node_modules/react-dom/cjs/react-dom.development.js:18704:23)
      at update.callback (../../node_modules/.pnpm/react-dom@18.3.1_react@18.3.1/node_modules/react-dom/cjs/react-dom.development.js:18737:5)
      at callCallback (../../node_modules/.pnpm/react-dom@18.3.1_react@18.3.1/node_modules/react-dom/cjs/react-dom.development.js:15036:12)
      at commitUpdateQueue (../../node_modules/.pnpm/react-dom@18.3.1_react@18.3.1/node_modules/react-dom/cjs/react-dom.development.js:15057:9)
      at commitLayoutEffectOnFiber (../../node_modules/.pnpm/react-dom@18.3.1_react@18.3.1/node_modules/react-dom/cjs/react-dom.development.js:23430:13)
      at commitLayoutMountEffects_complete (../../node_modules/.pnpm/react-dom@18.3.1_react@18.3.1/node_modules/react-dom/cjs/react-dom.development.js:24727:9)
      at commitLayoutEffects_begin (../../node_modules/.pnpm/react-dom@18.3.1_react@18.3.1/node_modules/react-dom/cjs/react-dom.development.js:24713:7)
      at commitLayoutEffects (../../node_modules/.pnpm/react-dom@18.3.1_react@18.3.1/node_modules/react-dom/cjs/react-dom.development.js:24651:3)
      at commitRootImpl (../../node_modules/.pnpm/react-dom@18.3.1_react@18.3.1/node_modules/react-dom/cjs/react-dom.development.js:26862:5)
      at commitRoot (../../node_modules/.pnpm/react-dom@18.3.1_react@18.3.1/node_modules/react-dom/cjs/react-dom.development.js:26721:5)
      at finishConcurrentRender (../../node_modules/.pnpm/react-dom@18.3.1_react@18.3.1/node_modules/react-dom/cjs/react-dom.development.js:25931:9)
      at performConcurrentWorkOnRoot (../../node_modules/.pnpm/react-dom@18.3.1_react@18.3.1/node_modules/react-dom/cjs/react-dom.development.js:25848:7)
      at flushActQueue (../../node_modules/.pnpm/react@18.3.1/node_modules/react/cjs/react.development.js:2667:24)
      at act (../../node_modules/.pnpm/react@18.3.1/node_modules/react/cjs/react.development.js:2582:11)
      at ../../node_modules/.pnpm/@testing-library+react@16.3.2_@testing-library+dom@10.4.1_@types+react-dom@18.3.7_@types+reac_3k5f6qynewwmkoqvlvtzlgtsjq/node_modules/@testing-library/react/dist/act-compat.js:46:25
      at renderRoot (../../node_modules/.pnpm/@testing-library+react@16.3.2_@testing-library+dom@10.4.1_@types+react-dom@18.3.7_@types+reac_3k5f6qynewwmkoqvlvtzlgtsjq/node_modules/@testing-library/react/dist/pure.js:189:26)
      at render (../../node_modules/.pnpm/@testing-library+react@16.3.2_@testing-library+dom@10.4.1_@types+react-dom@18.3.7_@types+reac_3k5f6qynewwmkoqvlvtzlgtsjq/node_modules/@testing-library/react/dist/pure.js:291:10)
      at Object.<anonymous> (components/__tests__/permissions-table.test.tsx:62:11)

    console.error
      The above error occurred in the <Tooltip> component:

          at Tooltip (/app/node_modules/.pnpm/@radix-ui+react-tooltip@1.2.8_@types+react-dom@18.3.7_@types+react@18.3.29__@types+react@18.3_xrwsnt2rmlacewwolijhmzdoxi/node_modules/@radix-ui/react-tooltip/src/tooltip.tsx:154:5)
          at Passthrough (/app/apps/admin/components/__tests__/permissions-table.test.tsx:17:26)
          at cell (/app/apps/admin/components/permissions-table.tsx:124:16)
          at td
          at /app/packages/ui/src/components/ui/table.tsx:87:6
          at tr
          at /app/packages/ui/src/components/ui/table.tsx:57:6
          at tbody
          at /app/packages/ui/src/components/ui/table.tsx:30:6
          at table
          at div
          at /app/packages/ui/src/components/ui/table.tsx:8:6
          at DataTable (/app/packages/ui/src/components/data-table.tsx:23:36)
          at div
          at PermissionsTable (/app/apps/admin/components/permissions-table.tsx:22:36)
          at IntlProvider (/app/node_modules/.pnpm/use-intl@3.26.5_react@18.3.1/node_modules/use-intl/dist/development/_IntlProvider.js:16:5)
          at NextIntlClientProvider (/app/node_modules/.pnpm/next-intl@3.26.5_next@15.5.18_@babel+core@7.29.7_@opentelemetry+api@1.9.1_@playwright+test@1._uib3rlo2eksg3yll53rffkx7ea/node_modules/next-intl/dist/development/shared/NextIntlClientProvider.js:16:5)

      Consider adding an error boundary to your tree to customize error handling behavior.
      Visit https://reactjs.org/link/error-boundaries to learn more about error boundaries.

      60 |
      61 |   it('Edit and Delete menu items are hidden for platform.* rows', () => {
    > 62 |     render(withIntl(<PermissionsTable initial={initial} apps={apps} />))
         |           ^
      63 |     // With Dropdown mocked as passthrough, every row's items are in the DOM.
      64 |     // The platform.* row contributes 1 menuitem ("View"). The non-platform
      65 |     // row contributes 3 ("View", "Edit", "Delete"). Total = 4.

      at logCapturedError (../../node_modules/.pnpm/react-dom@18.3.1_react@18.3.1/node_modules/react-dom/cjs/react-dom.development.js:18704:23)
      at update.callback (../../node_modules/.pnpm/react-dom@18.3.1_react@18.3.1/node_modules/react-dom/cjs/react-dom.development.js:18737:5)
      at callCallback (../../node_modules/.pnpm/react-dom@18.3.1_react@18.3.1/node_modules/react-dom/cjs/react-dom.development.js:15036:12)
      at commitUpdateQueue (../../node_modules/.pnpm/react-dom@18.3.1_react@18.3.1/node_modules/react-dom/cjs/react-dom.development.js:15057:9)
      at commitLayoutEffectOnFiber (../../node_modules/.pnpm/react-dom@18.3.1_react@18.3.1/node_modules/react-dom/cjs/react-dom.development.js:23430:13)
      at commitLayoutMountEffects_complete (../../node_modules/.pnpm/react-dom@18.3.1_react@18.3.1/node_modules/react-dom/cjs/react-dom.development.js:24727:9)
      at commitLayoutEffects_begin (../../node_modules/.pnpm/react-dom@18.3.1_react@18.3.1/node_modules/react-dom/cjs/react-dom.development.js:24713:7)
      at commitLayoutEffects (../../node_modules/.pnpm/react-dom@18.3.1_react@18.3.1/node_modules/react-dom/cjs/react-dom.development.js:24651:3)
      at commitRootImpl (../../node_modules/.pnpm/react-dom@18.3.1_react@18.3.1/node_modules/react-dom/cjs/react-dom.development.js:26862:5)
      at commitRoot (../../node_modules/.pnpm/react-dom@18.3.1_react@18.3.1/node_modules/react-dom/cjs/react-dom.development.js:26721:5)
      at finishConcurrentRender (../../node_modules/.pnpm/react-dom@18.3.1_react@18.3.1/node_modules/react-dom/cjs/react-dom.development.js:25931:9)
      at performConcurrentWorkOnRoot (../../node_modules/.pnpm/react-dom@18.3.1_react@18.3.1/node_modules/react-dom/cjs/react-dom.development.js:25848:7)
      at flushActQueue (../../node_modules/.pnpm/react@18.3.1/node_modules/react/cjs/react.development.js:2667:24)
      at act (../../node_modules/.pnpm/react@18.3.1/node_modules/react/cjs/react.development.js:2582:11)
      at ../../node_modules/.pnpm/@testing-library+react@16.3.2_@testing-library+dom@10.4.1_@types+react-dom@18.3.7_@types+reac_3k5f6qynewwmkoqvlvtzlgtsjq/node_modules/@testing-library/react/dist/act-compat.js:46:25
      at renderRoot (../../node_modules/.pnpm/@testing-library+react@16.3.2_@testing-library+dom@10.4.1_@types+react-dom@18.3.7_@types+reac_3k5f6qynewwmkoqvlvtzlgtsjq/node_modules/@testing-library/react/dist/pure.js:189:26)
      at render (../../node_modules/.pnpm/@testing-library+react@16.3.2_@testing-library+dom@10.4.1_@types+react-dom@18.3.7_@types+reac_3k5f6qynewwmkoqvlvtzlgtsjq/node_modules/@testing-library/react/dist/pure.js:291:10)
      at Object.<anonymous> (components/__tests__/permissions-table.test.tsx:62:11)

    console.error
      Error: Uncaught [Error: `Tooltip` must be used within `TooltipProvider`]
          at reportException (/app/node_modules/.pnpm/jsdom@20.0.3/node_modules/jsdom/lib/jsdom/living/helpers/runtime-script-errors.js:66:24)
          at innerInvokeEventListeners (/app/node_modules/.pnpm/jsdom@20.0.3/node_modules/jsdom/lib/jsdom/living/events/EventTarget-impl.js:353:9)
          at invokeEventListeners (/app/node_modules/.pnpm/jsdom@20.0.3/node_modules/jsdom/lib/jsdom/living/events/EventTarget-impl.js:286:3)
          at HTMLUnknownElementImpl._dispatch (/app/node_modules/.pnpm/jsdom@20.0.3/node_modules/jsdom/lib/jsdom/living/events/EventTarget-impl.js:233:9)
          at HTMLUnknownElementImpl.dispatchEvent (/app/node_modules/.pnpm/jsdom@20.0.3/node_modules/jsdom/lib/jsdom/living/events/EventTarget-impl.js:104:17)
          at HTMLUnknownElement.dispatchEvent (/app/node_modules/.pnpm/jsdom@20.0.3/node_modules/jsdom/lib/jsdom/living/generated/EventTarget.js:241:34)
          at Object.invokeGuardedCallbackDev (/app/node_modules/.pnpm/react-dom@18.3.1_react@18.3.1/node_modules/react-dom/cjs/react-dom.development.js:4213:16)
          at invokeGuardedCallback (/app/node_modules/.pnpm/react-dom@18.3.1_react@18.3.1/node_modules/react-dom/cjs/react-dom.development.js:4277:31)
          at beginWork$1 (/app/node_modules/.pnpm/react-dom@18.3.1_react@18.3.1/node_modules/react-dom/cjs/react-dom.development.js:27490:7)
          at performUnitOfWork (/app/node_modules/.pnpm/react-dom@18.3.1_react@18.3.1/node_modules/react-dom/cjs/react-dom.development.js:26599:12)
          at workLoopSync (/app/node_modules/.pnpm/react-dom@18.3.1_react@18.3.1/node_modules/react-dom/cjs/react-dom.development.js:26505:5)
          at renderRootSync (/app/node_modules/.pnpm/react-dom@18.3.1_react@18.3.1/node_modules/react-dom/cjs/react-dom.development.js:26473:7)
          at performConcurrentWorkOnRoot (/app/node_modules/.pnpm/react-dom@18.3.1_react@18.3.1/node_modules/react-dom/cjs/react-dom.development.js:25777:74)
          at flushActQueue (/app/node_modules/.pnpm/react@18.3.1/node_modules/react/cjs/react.development.js:2667:24)
          at act (/app/node_modules/.pnpm/react@18.3.1/node_modules/react/cjs/react.development.js:2582:11)
          at /app/node_modules/.pnpm/@testing-library+react@16.3.2_@testing-library+dom@10.4.1_@types+react-dom@18.3.7_@types+reac_3k5f6qynewwmkoqvlvtzlgtsjq/node_modules/@testing-library/react/dist/act-compat.js:46:25
          at renderRoot (/app/node_modules/.pnpm/@testing-library+react@16.3.2_@testing-library+dom@10.4.1_@types+react-dom@18.3.7_@types+reac_3k5f6qynewwmkoqvlvtzlgtsjq/node_modules/@testing-library/react/dist/pure.js:189:26)
          at render (/app/node_modules/.pnpm/@testing-library+react@16.3.2_@testing-library+dom@10.4.1_@types+react-dom@18.3.7_@types+reac_3k5f6qynewwmkoqvlvtzlgtsjq/node_modules/@testing-library/react/dist/pure.js:291:10)
          at Object.<anonymous> (/app/apps/admin/components/__tests__/permissions-table.test.tsx:73:11)
          at Promise.then.completed (/app/node_modules/.pnpm/jest-circus@29.7.0/node_modules/jest-circus/build/utils.js:298:28)
          at new Promise (<anonymous>)
          at callAsyncCircusFn (/app/node_modules/.pnpm/jest-circus@29.7.0/node_modules/jest-circus/build/utils.js:231:10)
          at _callCircusTest (/app/node_modules/.pnpm/jest-circus@29.7.0/node_modules/jest-circus/build/run.js:316:40)
          at processTicksAndRejections (node:internal/process/task_queues:103:5)
          at _runTest (/app/node_modules/.pnpm/jest-circus@29.7.0/node_modules/jest-circus/build/run.js:252:3)
          at _runTestsForDescribeBlock (/app/node_modules/.pnpm/jest-circus@29.7.0/node_modules/jest-circus/build/run.js:126:9)
          at _runTestsForDescribeBlock (/app/node_modules/.pnpm/jest-circus@29.7.0/node_modules/jest-circus/build/run.js:121:9)
          at run (/app/node_modules/.pnpm/jest-circus@29.7.0/node_modules/jest-circus/build/run.js:71:3)
          at runAndTransformResultsToJestFormat (/app/node_modules/.pnpm/jest-circus@29.7.0/node_modules/jest-circus/build/legacy-code-todo-rewrite/jestAdapterInit.js:122:21)
          at jestAdapter (/app/node_modules/.pnpm/jest-circus@29.7.0/node_modules/jest-circus/build/legacy-code-todo-rewrite/jestAdapter.js:79:19)
          at runTestInternal (/app/node_modules/.pnpm/jest-runner@29.7.0/node_modules/jest-runner/build/runTest.js:367:16)
          at runTest (/app/node_modules/.pnpm/jest-runner@29.7.0/node_modules/jest-runner/build/runTest.js:444:34)
          at Object.worker (/app/node_modules/.pnpm/jest-runner@29.7.0/node_modules/jest-runner/build/testWorker.js:106:12) {
        detail: Error: `Tooltip` must be used within `TooltipProvider`
            at useContext2 (/app/node_modules/.pnpm/@radix-ui+react-context@1.1.2_@types+react@18.3.29_react@18.3.1/node_modules/@radix-ui/react-context/src/create-context.tsx:75:13)
            at Tooltip (/app/node_modules/.pnpm/@radix-ui+react-tooltip@1.2.8_@types+react-dom@18.3.7_@types+react@18.3.29__@types+react@18.3_xrwsnt2rmlacewwolijhmzdoxi/node_modules/@radix-ui/react-tooltip/src/tooltip.tsx:162:27)
            at renderWithHooks (/app/node_modules/.pnpm/react-dom@18.3.1_react@18.3.1/node_modules/react-dom/cjs/react-dom.development.js:15486:18)
            at mountIndeterminateComponent (/app/node_modules/.pnpm/react-dom@18.3.1_react@18.3.1/node_modules/react-dom/cjs/react-dom.development.js:20103:13)
            at beginWork (/app/node_modules/.pnpm/react-dom@18.3.1_react@18.3.1/node_modules/react-dom/cjs/react-dom.development.js:21626:16)
            at HTMLUnknownElement.callCallback (/app/node_modules/.pnpm/react-dom@18.3.1_react@18.3.1/node_modules/react-dom/cjs/react-dom.development.js:4164:14)
            at HTMLUnknownElement.callTheUserObjectsOperation (/app/node_modules/.pnpm/jsdom@20.0.3/node_modules/jsdom/lib/jsdom/living/generated/EventListener.js:26:30)
            at innerInvokeEventListeners (/app/node_modules/.pnpm/jsdom@20.0.3/node_modules/jsdom/lib/jsdom/living/events/EventTarget-impl.js:350:25)
            at invokeEventListeners (/app/node_modules/.pnpm/jsdom@20.0.3/node_modules/jsdom/lib/jsdom/living/events/EventTarget-impl.js:286:3)
            at HTMLUnknownElementImpl._dispatch (/app/node_modules/.pnpm/jsdom@20.0.3/node_modules/jsdom/lib/jsdom/living/events/EventTarget-impl.js:233:9)
            at HTMLUnknownElementImpl.dispatchEvent (/app/node_modules/.pnpm/jsdom@20.0.3/node_modules/jsdom/lib/jsdom/living/events/EventTarget-impl.js:104:17)
            at HTMLUnknownElement.dispatchEvent (/app/node_modules/.pnpm/jsdom@20.0.3/node_modules/jsdom/lib/jsdom/living/generated/EventTarget.js:241:34)
            at Object.invokeGuardedCallbackDev (/app/node_modules/.pnpm/react-dom@18.3.1_react@18.3.1/node_modules/react-dom/cjs/react-dom.development.js:4213:16)
            at invokeGuardedCallback (/app/node_modules/.pnpm/react-dom@18.3.1_react@18.3.1/node_modules/react-dom/cjs/react-dom.development.js:4277:31)
            at beginWork$1 (/app/node_modules/.pnpm/react-dom@18.3.1_react@18.3.1/node_modules/react-dom/cjs/react-dom.development.js:27490:7)
            at performUnitOfWork (/app/node_modules/.pnpm/react-dom@18.3.1_react@18.3.1/node_modules/react-dom/cjs/react-dom.development.js:26599:12)
            at workLoopSync (/app/node_modules/.pnpm/react-dom@18.3.1_react@18.3.1/node_modules/react-dom/cjs/react-dom.development.js:26505:5)
            at renderRootSync (/app/node_modules/.pnpm/react-dom@18.3.1_react@18.3.1/node_modules/react-dom/cjs/react-dom.development.js:26473:7)
            at performConcurrentWorkOnRoot (/app/node_modules/.pnpm/react-dom@18.3.1_react@18.3.1/node_modules/react-dom/cjs/react-dom.development.js:25777:74)
            at flushActQueue (/app/node_modules/.pnpm/react@18.3.1/node_modules/react/cjs/react.development.js:2667:24)
            at act (/app/node_modules/.pnpm/react@18.3.1/node_modules/react/cjs/react.development.js:2582:11)
            at /app/node_modules/.pnpm/@testing-library+react@16.3.2_@testing-library+dom@10.4.1_@types+react-dom@18.3.7_@types+reac_3k5f6qynewwmkoqvlvtzlgtsjq/node_modules/@testing-library/react/dist/act-compat.js:46:25
            at renderRoot (/app/node_modules/.pnpm/@testing-library+react@16.3.2_@testing-library+dom@10.4.1_@types+react-dom@18.3.7_@types+reac_3k5f6qynewwmkoqvlvtzlgtsjq/node_modules/@testing-library/react/dist/pure.js:189:26)
            at render (/app/node_modules/.pnpm/@testing-library+react@16.3.2_@testing-library+dom@10.4.1_@types+react-dom@18.3.7_@types+reac_3k5f6qynewwmkoqvlvtzlgtsjq/node_modules/@testing-library/react/dist/pure.js:291:10)
            at Object.<anonymous> (/app/apps/admin/components/__tests__/permissions-table.test.tsx:73:11)
            at Promise.then.completed (/app/node_modules/.pnpm/jest-circus@29.7.0/node_modules/jest-circus/build/utils.js:298:28)
            at new Promise (<anonymous>)
            at callAsyncCircusFn (/app/node_modules/.pnpm/jest-circus@29.7.0/node_modules/jest-circus/build/utils.js:231:10)
            at _callCircusTest (/app/node_modules/.pnpm/jest-circus@29.7.0/node_modules/jest-circus/build/run.js:316:40)
            at processTicksAndRejections (node:internal/process/task_queues:103:5)
            at _runTest (/app/node_modules/.pnpm/jest-circus@29.7.0/node_modules/jest-circus/build/run.js:252:3)
            at _runTestsForDescribeBlock (/app/node_modules/.pnpm/jest-circus@29.7.0/node_modules/jest-circus/build/run.js:126:9)
            at _runTestsForDescribeBlock (/app/node_modules/.pnpm/jest-circus@29.7.0/node_modules/jest-circus/build/run.js:121:9)
            at run (/app/node_modules/.pnpm/jest-circus@29.7.0/node_modules/jest-circus/build/run.js:71:3)
            at runAndTransformResultsToJestFormat (/app/node_modules/.pnpm/jest-circus@29.7.0/node_modules/jest-circus/build/legacy-code-todo-rewrite/jestAdapterInit.js:122:21)
            at jestAdapter (/app/node_modules/.pnpm/jest-circus@29.7.0/node_modules/jest-circus/build/legacy-code-todo-rewrite/jestAdapter.js:79:19)
            at runTestInternal (/app/node_modules/.pnpm/jest-runner@29.7.0/node_modules/jest-runner/build/runTest.js:367:16)
            at runTest (/app/node_modules/.pnpm/jest-runner@29.7.0/node_modules/jest-runner/build/runTest.js:444:34)
            at Object.worker (/app/node_modules/.pnpm/jest-runner@29.7.0/node_modules/jest-runner/build/testWorker.js:106:12),
        type: 'unhandled exception'
      }

      71 |
      72 |   it('clicking Delete opens AlertDialog with the permission name', async () => {
    > 73 |     render(withIntl(<PermissionsTable initial={initial} apps={apps} />))
         |           ^
      74 |     const deleteItems = screen.getAllByRole('menuitem', { name: en.permissions.actions.delete })
      75 |     fireEvent.click(deleteItems[0])
      76 |     const dialog = await screen.findByRole('alertdialog')

      at VirtualConsole.<anonymous> (../../node_modules/.pnpm/jest-environment-jsdom@29.7.0/node_modules/jest-environment-jsdom/build/index.js:63:23)
      at reportException (../../node_modules/.pnpm/jsdom@20.0.3/node_modules/jsdom/lib/jsdom/living/helpers/runtime-script-errors.js:70:28)
      at innerInvokeEventListeners (../../node_modules/.pnpm/jsdom@20.0.3/node_modules/jsdom/lib/jsdom/living/events/EventTarget-impl.js:353:9)
      at invokeEventListeners (../../node_modules/.pnpm/jsdom@20.0.3/node_modules/jsdom/lib/jsdom/living/events/EventTarget-impl.js:286:3)
      at HTMLUnknownElementImpl._dispatch (../../node_modules/.pnpm/jsdom@20.0.3/node_modules/jsdom/lib/jsdom/living/events/EventTarget-impl.js:233:9)
      at HTMLUnknownElementImpl.dispatchEvent (../../node_modules/.pnpm/jsdom@20.0.3/node_modules/jsdom/lib/jsdom/living/events/EventTarget-impl.js:104:17)
      at HTMLUnknownElement.dispatchEvent (../../node_modules/.pnpm/jsdom@20.0.3/node_modules/jsdom/lib/jsdom/living/generated/EventTarget.js:241:34)
      at Object.invokeGuardedCallbackDev (../../node_modules/.pnpm/react-dom@18.3.1_react@18.3.1/node_modules/react-dom/cjs/react-dom.development.js:4213:16)
      at invokeGuardedCallback (../../node_modules/.pnpm/react-dom@18.3.1_react@18.3.1/node_modules/react-dom/cjs/react-dom.development.js:4277:31)
      at beginWork$1 (../../node_modules/.pnpm/react-dom@18.3.1_react@18.3.1/node_modules/react-dom/cjs/react-dom.development.js:27490:7)
      at performUnitOfWork (../../node_modules/.pnpm/react-dom@18.3.1_react@18.3.1/node_modules/react-dom/cjs/react-dom.development.js:26599:12)
      at workLoopSync (../../node_modules/.pnpm/react-dom@18.3.1_react@18.3.1/node_modules/react-dom/cjs/react-dom.development.js:26505:5)
      at renderRootSync (../../node_modules/.pnpm/react-dom@18.3.1_react@18.3.1/node_modules/react-dom/cjs/react-dom.development.js:26473:7)
      at performConcurrentWorkOnRoot (../../node_modules/.pnpm/react-dom@18.3.1_react@18.3.1/node_modules/react-dom/cjs/react-dom.development.js:25777:74)
      at flushActQueue (../../node_modules/.pnpm/react@18.3.1/node_modules/react/cjs/react.development.js:2667:24)
      at act (../../node_modules/.pnpm/react@18.3.1/node_modules/react/cjs/react.development.js:2582:11)
      at ../../node_modules/.pnpm/@testing-library+react@16.3.2_@testing-library+dom@10.4.1_@types+react-dom@18.3.7_@types+reac_3k5f6qynewwmkoqvlvtzlgtsjq/node_modules/@testing-library/react/dist/act-compat.js:46:25
      at renderRoot (../../node_modules/.pnpm/@testing-library+react@16.3.2_@testing-library+dom@10.4.1_@types+react-dom@18.3.7_@types+reac_3k5f6qynewwmkoqvlvtzlgtsjq/node_modules/@testing-library/react/dist/pure.js:189:26)
      at render (../../node_modules/.pnpm/@testing-library+react@16.3.2_@testing-library+dom@10.4.1_@types+react-dom@18.3.7_@types+reac_3k5f6qynewwmkoqvlvtzlgtsjq/node_modules/@testing-library/react/dist/pure.js:291:10)
      at Object.<anonymous> (components/__tests__/permissions-table.test.tsx:73:11)

    console.error
      Error: Uncaught [Error: `Tooltip` must be used within `TooltipProvider`]
          at reportException (/app/node_modules/.pnpm/jsdom@20.0.3/node_modules/jsdom/lib/jsdom/living/helpers/runtime-script-errors.js:66:24)
          at innerInvokeEventListeners (/app/node_modules/.pnpm/jsdom@20.0.3/node_modules/jsdom/lib/jsdom/living/events/EventTarget-impl.js:353:9)
          at invokeEventListeners (/app/node_modules/.pnpm/jsdom@20.0.3/node_modules/jsdom/lib/jsdom/living/events/EventTarget-impl.js:286:3)
          at HTMLUnknownElementImpl._dispatch (/app/node_modules/.pnpm/jsdom@20.0.3/node_modules/jsdom/lib/jsdom/living/events/EventTarget-impl.js:233:9)
          at HTMLUnknownElementImpl.dispatchEvent (/app/node_modules/.pnpm/jsdom@20.0.3/node_modules/jsdom/lib/jsdom/living/events/EventTarget-impl.js:104:17)
          at HTMLUnknownElement.dispatchEvent (/app/node_modules/.pnpm/jsdom@20.0.3/node_modules/jsdom/lib/jsdom/living/generated/EventTarget.js:241:34)
          at Object.invokeGuardedCallbackDev (/app/node_modules/.pnpm/react-dom@18.3.1_react@18.3.1/node_modules/react-dom/cjs/react-dom.development.js:4213:16)
          at invokeGuardedCallback (/app/node_modules/.pnpm/react-dom@18.3.1_react@18.3.1/node_modules/react-dom/cjs/react-dom.development.js:4277:31)
          at beginWork$1 (/app/node_modules/.pnpm/react-dom@18.3.1_react@18.3.1/node_modules/react-dom/cjs/react-dom.development.js:27490:7)
          at performUnitOfWork (/app/node_modules/.pnpm/react-dom@18.3.1_react@18.3.1/node_modules/react-dom/cjs/react-dom.development.js:26599:12)
          at workLoopSync (/app/node_modules/.pnpm/react-dom@18.3.1_react@18.3.1/node_modules/react-dom/cjs/react-dom.development.js:26505:5)
          at renderRootSync (/app/node_modules/.pnpm/react-dom@18.3.1_react@18.3.1/node_modules/react-dom/cjs/react-dom.development.js:26473:7)
          at performConcurrentWorkOnRoot (/app/node_modules/.pnpm/react-dom@18.3.1_react@18.3.1/node_modules/react-dom/cjs/react-dom.development.js:25777:74)
          at flushActQueue (/app/node_modules/.pnpm/react@18.3.1/node_modules/react/cjs/react.development.js:2667:24)
          at act (/app/node_modules/.pnpm/react@18.3.1/node_modules/react/cjs/react.development.js:2582:11)
          at /app/node_modules/.pnpm/@testing-library+react@16.3.2_@testing-library+dom@10.4.1_@types+react-dom@18.3.7_@types+reac_3k5f6qynewwmkoqvlvtzlgtsjq/node_modules/@testing-library/react/dist/act-compat.js:46:25
          at renderRoot (/app/node_modules/.pnpm/@testing-library+react@16.3.2_@testing-library+dom@10.4.1_@types+react-dom@18.3.7_@types+reac_3k5f6qynewwmkoqvlvtzlgtsjq/node_modules/@testing-library/react/dist/pure.js:189:26)
          at render (/app/node_modules/.pnpm/@testing-library+react@16.3.2_@testing-library+dom@10.4.1_@types+react-dom@18.3.7_@types+reac_3k5f6qynewwmkoqvlvtzlgtsjq/node_modules/@testing-library/react/dist/pure.js:291:10)
          at Object.<anonymous> (/app/apps/admin/components/__tests__/permissions-table.test.tsx:73:11)
          at Promise.then.completed (/app/node_modules/.pnpm/jest-circus@29.7.0/node_modules/jest-circus/build/utils.js:298:28)
          at new Promise (<anonymous>)
          at callAsyncCircusFn (/app/node_modules/.pnpm/jest-circus@29.7.0/node_modules/jest-circus/build/utils.js:231:10)
          at _callCircusTest (/app/node_modules/.pnpm/jest-circus@29.7.0/node_modules/jest-circus/build/run.js:316:40)
          at processTicksAndRejections (node:internal/process/task_queues:103:5)
          at _runTest (/app/node_modules/.pnpm/jest-circus@29.7.0/node_modules/jest-circus/build/run.js:252:3)
          at _runTestsForDescribeBlock (/app/node_modules/.pnpm/jest-circus@29.7.0/node_modules/jest-circus/build/run.js:126:9)
          at _runTestsForDescribeBlock (/app/node_modules/.pnpm/jest-circus@29.7.0/node_modules/jest-circus/build/run.js:121:9)
          at run (/app/node_modules/.pnpm/jest-circus@29.7.0/node_modules/jest-circus/build/run.js:71:3)
          at runAndTransformResultsToJestFormat (/app/node_modules/.pnpm/jest-circus@29.7.0/node_modules/jest-circus/build/legacy-code-todo-rewrite/jestAdapterInit.js:122:21)
          at jestAdapter (/app/node_modules/.pnpm/jest-circus@29.7.0/node_modules/jest-circus/build/legacy-code-todo-rewrite/jestAdapter.js:79:19)
          at runTestInternal (/app/node_modules/.pnpm/jest-runner@29.7.0/node_modules/jest-runner/build/runTest.js:367:16)
          at runTest (/app/node_modules/.pnpm/jest-runner@29.7.0/node_modules/jest-runner/build/runTest.js:444:34)
          at Object.worker (/app/node_modules/.pnpm/jest-runner@29.7.0/node_modules/jest-runner/build/testWorker.js:106:12) {
        detail: Error: `Tooltip` must be used within `TooltipProvider`
            at useContext2 (/app/node_modules/.pnpm/@radix-ui+react-context@1.1.2_@types+react@18.3.29_react@18.3.1/node_modules/@radix-ui/react-context/src/create-context.tsx:75:13)
            at Tooltip (/app/node_modules/.pnpm/@radix-ui+react-tooltip@1.2.8_@types+react-dom@18.3.7_@types+react@18.3.29__@types+react@18.3_xrwsnt2rmlacewwolijhmzdoxi/node_modules/@radix-ui/react-tooltip/src/tooltip.tsx:162:27)
            at renderWithHooks (/app/node_modules/.pnpm/react-dom@18.3.1_react@18.3.1/node_modules/react-dom/cjs/react-dom.development.js:15486:18)
            at mountIndeterminateComponent (/app/node_modules/.pnpm/react-dom@18.3.1_react@18.3.1/node_modules/react-dom/cjs/react-dom.development.js:20103:13)
            at beginWork (/app/node_modules/.pnpm/react-dom@18.3.1_react@18.3.1/node_modules/react-dom/cjs/react-dom.development.js:21626:16)
            at HTMLUnknownElement.callCallback (/app/node_modules/.pnpm/react-dom@18.3.1_react@18.3.1/node_modules/react-dom/cjs/react-dom.development.js:4164:14)
            at HTMLUnknownElement.callTheUserObjectsOperation (/app/node_modules/.pnpm/jsdom@20.0.3/node_modules/jsdom/lib/jsdom/living/generated/EventListener.js:26:30)
            at innerInvokeEventListeners (/app/node_modules/.pnpm/jsdom@20.0.3/node_modules/jsdom/lib/jsdom/living/events/EventTarget-impl.js:350:25)
            at invokeEventListeners (/app/node_modules/.pnpm/jsdom@20.0.3/node_modules/jsdom/lib/jsdom/living/events/EventTarget-impl.js:286:3)
            at HTMLUnknownElementImpl._dispatch (/app/node_modules/.pnpm/jsdom@20.0.3/node_modules/jsdom/lib/jsdom/living/events/EventTarget-impl.js:233:9)
            at HTMLUnknownElementImpl.dispatchEvent (/app/node_modules/.pnpm/jsdom@20.0.3/node_modules/jsdom/lib/jsdom/living/events/EventTarget-impl.js:104:17)
            at HTMLUnknownElement.dispatchEvent (/app/node_modules/.pnpm/jsdom@20.0.3/node_modules/jsdom/lib/jsdom/living/generated/EventTarget.js:241:34)
            at Object.invokeGuardedCallbackDev (/app/node_modules/.pnpm/react-dom@18.3.1_react@18.3.1/node_modules/react-dom/cjs/react-dom.development.js:4213:16)
            at invokeGuardedCallback (/app/node_modules/.pnpm/react-dom@18.3.1_react@18.3.1/node_modules/react-dom/cjs/react-dom.development.js:4277:31)
            at beginWork$1 (/app/node_modules/.pnpm/react-dom@18.3.1_react@18.3.1/node_modules/react-dom/cjs/react-dom.development.js:27490:7)
            at performUnitOfWork (/app/node_modules/.pnpm/react-dom@18.3.1_react@18.3.1/node_modules/react-dom/cjs/react-dom.development.js:26599:12)
            at workLoopSync (/app/node_modules/.pnpm/react-dom@18.3.1_react@18.3.1/node_modules/react-dom/cjs/react-dom.development.js:26505:5)
            at renderRootSync (/app/node_modules/.pnpm/react-dom@18.3.1_react@18.3.1/node_modules/react-dom/cjs/react-dom.development.js:26473:7)
            at performConcurrentWorkOnRoot (/app/node_modules/.pnpm/react-dom@18.3.1_react@18.3.1/node_modules/react-dom/cjs/react-dom.development.js:25777:74)
            at flushActQueue (/app/node_modules/.pnpm/react@18.3.1/node_modules/react/cjs/react.development.js:2667:24)
            at act (/app/node_modules/.pnpm/react@18.3.1/node_modules/react/cjs/react.development.js:2582:11)
            at /app/node_modules/.pnpm/@testing-library+react@16.3.2_@testing-library+dom@10.4.1_@types+react-dom@18.3.7_@types+reac_3k5f6qynewwmkoqvlvtzlgtsjq/node_modules/@testing-library/react/dist/act-compat.js:46:25
            at renderRoot (/app/node_modules/.pnpm/@testing-library+react@16.3.2_@testing-library+dom@10.4.1_@types+react-dom@18.3.7_@types+reac_3k5f6qynewwmkoqvlvtzlgtsjq/node_modules/@testing-library/react/dist/pure.js:189:26)
            at render (/app/node_modules/.pnpm/@testing-library+react@16.3.2_@testing-library+dom@10.4.1_@types+react-dom@18.3.7_@types+reac_3k5f6qynewwmkoqvlvtzlgtsjq/node_modules/@testing-library/react/dist/pure.js:291:10)
            at Object.<anonymous> (/app/apps/admin/components/__tests__/permissions-table.test.tsx:73:11)
            at Promise.then.completed (/app/node_modules/.pnpm/jest-circus@29.7.0/node_modules/jest-circus/build/utils.js:298:28)
            at new Promise (<anonymous>)
            at callAsyncCircusFn (/app/node_modules/.pnpm/jest-circus@29.7.0/node_modules/jest-circus/build/utils.js:231:10)
            at _callCircusTest (/app/node_modules/.pnpm/jest-circus@29.7.0/node_modules/jest-circus/build/run.js:316:40)
            at processTicksAndRejections (node:internal/process/task_queues:103:5)
            at _runTest (/app/node_modules/.pnpm/jest-circus@29.7.0/node_modules/jest-circus/build/run.js:252:3)
            at _runTestsForDescribeBlock (/app/node_modules/.pnpm/jest-circus@29.7.0/node_modules/jest-circus/build/run.js:126:9)
            at _runTestsForDescribeBlock (/app/node_modules/.pnpm/jest-circus@29.7.0/node_modules/jest-circus/build/run.js:121:9)
            at run (/app/node_modules/.pnpm/jest-circus@29.7.0/node_modules/jest-circus/build/run.js:71:3)
            at runAndTransformResultsToJestFormat (/app/node_modules/.pnpm/jest-circus@29.7.0/node_modules/jest-circus/build/legacy-code-todo-rewrite/jestAdapterInit.js:122:21)
            at jestAdapter (/app/node_modules/.pnpm/jest-circus@29.7.0/node_modules/jest-circus/build/legacy-code-todo-rewrite/jestAdapter.js:79:19)
            at runTestInternal (/app/node_modules/.pnpm/jest-runner@29.7.0/node_modules/jest-runner/build/runTest.js:367:16)
            at runTest (/app/node_modules/.pnpm/jest-runner@29.7.0/node_modules/jest-runner/build/runTest.js:444:34)
            at Object.worker (/app/node_modules/.pnpm/jest-runner@29.7.0/node_modules/jest-runner/build/testWorker.js:106:12),
        type: 'unhandled exception'
      }

      71 |
      72 |   it('clicking Delete opens AlertDialog with the permission name', async () => {
    > 73 |     render(withIntl(<PermissionsTable initial={initial} apps={apps} />))
         |           ^
      74 |     const deleteItems = screen.getAllByRole('menuitem', { name: en.permissions.actions.delete })
      75 |     fireEvent.click(deleteItems[0])
      76 |     const dialog = await screen.findByRole('alertdialog')

      at VirtualConsole.<anonymous> (../../node_modules/.pnpm/jest-environment-jsdom@29.7.0/node_modules/jest-environment-jsdom/build/index.js:63:23)
      at reportException (../../node_modules/.pnpm/jsdom@20.0.3/node_modules/jsdom/lib/jsdom/living/helpers/runtime-script-errors.js:70:28)
      at innerInvokeEventListeners (../../node_modules/.pnpm/jsdom@20.0.3/node_modules/jsdom/lib/jsdom/living/events/EventTarget-impl.js:353:9)
      at invokeEventListeners (../../node_modules/.pnpm/jsdom@20.0.3/node_modules/jsdom/lib/jsdom/living/events/EventTarget-impl.js:286:3)
      at HTMLUnknownElementImpl._dispatch (../../node_modules/.pnpm/jsdom@20.0.3/node_modules/jsdom/lib/jsdom/living/events/EventTarget-impl.js:233:9)
      at HTMLUnknownElementImpl.dispatchEvent (../../node_modules/.pnpm/jsdom@20.0.3/node_modules/jsdom/lib/jsdom/living/events/EventTarget-impl.js:104:17)
      at HTMLUnknownElement.dispatchEvent (../../node_modules/.pnpm/jsdom@20.0.3/node_modules/jsdom/lib/jsdom/living/generated/EventTarget.js:241:34)
      at Object.invokeGuardedCallbackDev (../../node_modules/.pnpm/react-dom@18.3.1_react@18.3.1/node_modules/react-dom/cjs/react-dom.development.js:4213:16)
      at invokeGuardedCallback (../../node_modules/.pnpm/react-dom@18.3.1_react@18.3.1/node_modules/react-dom/cjs/react-dom.development.js:4277:31)
      at beginWork$1 (../../node_modules/.pnpm/react-dom@18.3.1_react@18.3.1/node_modules/react-dom/cjs/react-dom.development.js:27490:7)
      at performUnitOfWork (../../node_modules/.pnpm/react-dom@18.3.1_react@18.3.1/node_modules/react-dom/cjs/react-dom.development.js:26599:12)
      at workLoopSync (../../node_modules/.pnpm/react-dom@18.3.1_react@18.3.1/node_modules/react-dom/cjs/react-dom.development.js:26505:5)
      at renderRootSync (../../node_modules/.pnpm/react-dom@18.3.1_react@18.3.1/node_modules/react-dom/cjs/react-dom.development.js:26473:7)
      at performConcurrentWorkOnRoot (../../node_modules/.pnpm/react-dom@18.3.1_react@18.3.1/node_modules/react-dom/cjs/react-dom.development.js:25777:74)
      at flushActQueue (../../node_modules/.pnpm/react@18.3.1/node_modules/react/cjs/react.development.js:2667:24)
      at act (../../node_modules/.pnpm/react@18.3.1/node_modules/react/cjs/react.development.js:2582:11)
      at ../../node_modules/.pnpm/@testing-library+react@16.3.2_@testing-library+dom@10.4.1_@types+react-dom@18.3.7_@types+reac_3k5f6qynewwmkoqvlvtzlgtsjq/node_modules/@testing-library/react/dist/act-compat.js:46:25
      at renderRoot (../../node_modules/.pnpm/@testing-library+react@16.3.2_@testing-library+dom@10.4.1_@types+react-dom@18.3.7_@types+reac_3k5f6qynewwmkoqvlvtzlgtsjq/node_modules/@testing-library/react/dist/pure.js:189:26)
      at render (../../node_modules/.pnpm/@testing-library+react@16.3.2_@testing-library+dom@10.4.1_@types+react-dom@18.3.7_@types+reac_3k5f6qynewwmkoqvlvtzlgtsjq/node_modules/@testing-library/react/dist/pure.js:291:10)
      at Object.<anonymous> (components/__tests__/permissions-table.test.tsx:73:11)

    console.error
      Error: Uncaught [Error: `Tooltip` must be used within `TooltipProvider`]
          at reportException (/app/node_modules/.pnpm/jsdom@20.0.3/node_modules/jsdom/lib/jsdom/living/helpers/runtime-script-errors.js:66:24)
          at innerInvokeEventListeners (/app/node_modules/.pnpm/jsdom@20.0.3/node_modules/jsdom/lib/jsdom/living/events/EventTarget-impl.js:353:9)
          at invokeEventListeners (/app/node_modules/.pnpm/jsdom@20.0.3/node_modules/jsdom/lib/jsdom/living/events/EventTarget-impl.js:286:3)
          at HTMLUnknownElementImpl._dispatch (/app/node_modules/.pnpm/jsdom@20.0.3/node_modules/jsdom/lib/jsdom/living/events/EventTarget-impl.js:233:9)
          at HTMLUnknownElementImpl.dispatchEvent (/app/node_modules/.pnpm/jsdom@20.0.3/node_modules/jsdom/lib/jsdom/living/events/EventTarget-impl.js:104:17)
          at HTMLUnknownElement.dispatchEvent (/app/node_modules/.pnpm/jsdom@20.0.3/node_modules/jsdom/lib/jsdom/living/generated/EventTarget.js:241:34)
          at Object.invokeGuardedCallbackDev (/app/node_modules/.pnpm/react-dom@18.3.1_react@18.3.1/node_modules/react-dom/cjs/react-dom.development.js:4213:16)
          at invokeGuardedCallback (/app/node_modules/.pnpm/react-dom@18.3.1_react@18.3.1/node_modules/react-dom/cjs/react-dom.development.js:4277:31)
          at beginWork$1 (/app/node_modules/.pnpm/react-dom@18.3.1_react@18.3.1/node_modules/react-dom/cjs/react-dom.development.js:27490:7)
          at performUnitOfWork (/app/node_modules/.pnpm/react-dom@18.3.1_react@18.3.1/node_modules/react-dom/cjs/react-dom.development.js:26599:12)
          at workLoopSync (/app/node_modules/.pnpm/react-dom@18.3.1_react@18.3.1/node_modules/react-dom/cjs/react-dom.development.js:26505:5)
          at renderRootSync (/app/node_modules/.pnpm/react-dom@18.3.1_react@18.3.1/node_modules/react-dom/cjs/react-dom.development.js:26473:7)
          at performConcurrentWorkOnRoot (/app/node_modules/.pnpm/react-dom@18.3.1_react@18.3.1/node_modules/react-dom/cjs/react-dom.development.js:25777:74)
          at flushActQueue (/app/node_modules/.pnpm/react@18.3.1/node_modules/react/cjs/react.development.js:2667:24)
          at act (/app/node_modules/.pnpm/react@18.3.1/node_modules/react/cjs/react.development.js:2582:11)
          at /app/node_modules/.pnpm/@testing-library+react@16.3.2_@testing-library+dom@10.4.1_@types+react-dom@18.3.7_@types+reac_3k5f6qynewwmkoqvlvtzlgtsjq/node_modules/@testing-library/react/dist/act-compat.js:46:25
          at renderRoot (/app/node_modules/.pnpm/@testing-library+react@16.3.2_@testing-library+dom@10.4.1_@types+react-dom@18.3.7_@types+reac_3k5f6qynewwmkoqvlvtzlgtsjq/node_modules/@testing-library/react/dist/pure.js:189:26)
          at render (/app/node_modules/.pnpm/@testing-library+react@16.3.2_@testing-library+dom@10.4.1_@types+react-dom@18.3.7_@types+reac_3k5f6qynewwmkoqvlvtzlgtsjq/node_modules/@testing-library/react/dist/pure.js:291:10)
          at Object.<anonymous> (/app/apps/admin/components/__tests__/permissions-table.test.tsx:73:11)
          at Promise.then.completed (/app/node_modules/.pnpm/jest-circus@29.7.0/node_modules/jest-circus/build/utils.js:298:28)
          at new Promise (<anonymous>)
          at callAsyncCircusFn (/app/node_modules/.pnpm/jest-circus@29.7.0/node_modules/jest-circus/build/utils.js:231:10)
          at _callCircusTest (/app/node_modules/.pnpm/jest-circus@29.7.0/node_modules/jest-circus/build/run.js:316:40)
          at processTicksAndRejections (node:internal/process/task_queues:103:5)
          at _runTest (/app/node_modules/.pnpm/jest-circus@29.7.0/node_modules/jest-circus/build/run.js:252:3)
          at _runTestsForDescribeBlock (/app/node_modules/.pnpm/jest-circus@29.7.0/node_modules/jest-circus/build/run.js:126:9)
          at _runTestsForDescribeBlock (/app/node_modules/.pnpm/jest-circus@29.7.0/node_modules/jest-circus/build/run.js:121:9)
          at run (/app/node_modules/.pnpm/jest-circus@29.7.0/node_modules/jest-circus/build/run.js:71:3)
          at runAndTransformResultsToJestFormat (/app/node_modules/.pnpm/jest-circus@29.7.0/node_modules/jest-circus/build/legacy-code-todo-rewrite/jestAdapterInit.js:122:21)
          at jestAdapter (/app/node_modules/.pnpm/jest-circus@29.7.0/node_modules/jest-circus/build/legacy-code-todo-rewrite/jestAdapter.js:79:19)
          at runTestInternal (/app/node_modules/.pnpm/jest-runner@29.7.0/node_modules/jest-runner/build/runTest.js:367:16)
          at runTest (/app/node_modules/.pnpm/jest-runner@29.7.0/node_modules/jest-runner/build/runTest.js:444:34)
          at Object.worker (/app/node_modules/.pnpm/jest-runner@29.7.0/node_modules/jest-runner/build/testWorker.js:106:12) {
        detail: Error: `Tooltip` must be used within `TooltipProvider`
            at useContext2 (/app/node_modules/.pnpm/@radix-ui+react-context@1.1.2_@types+react@18.3.29_react@18.3.1/node_modules/@radix-ui/react-context/src/create-context.tsx:75:13)
            at Tooltip (/app/node_modules/.pnpm/@radix-ui+react-tooltip@1.2.8_@types+react-dom@18.3.7_@types+react@18.3.29__@types+react@18.3_xrwsnt2rmlacewwolijhmzdoxi/node_modules/@radix-ui/react-tooltip/src/tooltip.tsx:162:27)
            at renderWithHooks (/app/node_modules/.pnpm/react-dom@18.3.1_react@18.3.1/node_modules/react-dom/cjs/react-dom.development.js:15486:18)
            at mountIndeterminateComponent (/app/node_modules/.pnpm/react-dom@18.3.1_react@18.3.1/node_modules/react-dom/cjs/react-dom.development.js:20103:13)
            at beginWork (/app/node_modules/.pnpm/react-dom@18.3.1_react@18.3.1/node_modules/react-dom/cjs/react-dom.development.js:21626:16)
            at HTMLUnknownElement.callCallback (/app/node_modules/.pnpm/react-dom@18.3.1_react@18.3.1/node_modules/react-dom/cjs/react-dom.development.js:4164:14)
            at HTMLUnknownElement.callTheUserObjectsOperation (/app/node_modules/.pnpm/jsdom@20.0.3/node_modules/jsdom/lib/jsdom/living/generated/EventListener.js:26:30)
            at innerInvokeEventListeners (/app/node_modules/.pnpm/jsdom@20.0.3/node_modules/jsdom/lib/jsdom/living/events/EventTarget-impl.js:350:25)
            at invokeEventListeners (/app/node_modules/.pnpm/jsdom@20.0.3/node_modules/jsdom/lib/jsdom/living/events/EventTarget-impl.js:286:3)
            at HTMLUnknownElementImpl._dispatch (/app/node_modules/.pnpm/jsdom@20.0.3/node_modules/jsdom/lib/jsdom/living/events/EventTarget-impl.js:233:9)
            at HTMLUnknownElementImpl.dispatchEvent (/app/node_modules/.pnpm/jsdom@20.0.3/node_modules/jsdom/lib/jsdom/living/events/EventTarget-impl.js:104:17)
            at HTMLUnknownElement.dispatchEvent (/app/node_modules/.pnpm/jsdom@20.0.3/node_modules/jsdom/lib/jsdom/living/generated/EventTarget.js:241:34)
            at Object.invokeGuardedCallbackDev (/app/node_modules/.pnpm/react-dom@18.3.1_react@18.3.1/node_modules/react-dom/cjs/react-dom.development.js:4213:16)
            at invokeGuardedCallback (/app/node_modules/.pnpm/react-dom@18.3.1_react@18.3.1/node_modules/react-dom/cjs/react-dom.development.js:4277:31)
            at beginWork$1 (/app/node_modules/.pnpm/react-dom@18.3.1_react@18.3.1/node_modules/react-dom/cjs/react-dom.development.js:27490:7)
            at performUnitOfWork (/app/node_modules/.pnpm/react-dom@18.3.1_react@18.3.1/node_modules/react-dom/cjs/react-dom.development.js:26599:12)
            at workLoopSync (/app/node_modules/.pnpm/react-dom@18.3.1_react@18.3.1/node_modules/react-dom/cjs/react-dom.development.js:26505:5)
            at renderRootSync (/app/node_modules/.pnpm/react-dom@18.3.1_react@18.3.1/node_modules/react-dom/cjs/react-dom.development.js:26473:7)
            at performConcurrentWorkOnRoot (/app/node_modules/.pnpm/react-dom@18.3.1_react@18.3.1/node_modules/react-dom/cjs/react-dom.development.js:25777:74)
            at flushActQueue (/app/node_modules/.pnpm/react@18.3.1/node_modules/react/cjs/react.development.js:2667:24)
            at act (/app/node_modules/.pnpm/react@18.3.1/node_modules/react/cjs/react.development.js:2582:11)
            at /app/node_modules/.pnpm/@testing-library+react@16.3.2_@testing-library+dom@10.4.1_@types+react-dom@18.3.7_@types+reac_3k5f6qynewwmkoqvlvtzlgtsjq/node_modules/@testing-library/react/dist/act-compat.js:46:25
            at renderRoot (/app/node_modules/.pnpm/@testing-library+react@16.3.2_@testing-library+dom@10.4.1_@types+react-dom@18.3.7_@types+reac_3k5f6qynewwmkoqvlvtzlgtsjq/node_modules/@testing-library/react/dist/pure.js:189:26)
            at render (/app/node_modules/.pnpm/@testing-library+react@16.3.2_@testing-library+dom@10.4.1_@types+react-dom@18.3.7_@types+reac_3k5f6qynewwmkoqvlvtzlgtsjq/node_modules/@testing-library/react/dist/pure.js:291:10)
            at Object.<anonymous> (/app/apps/admin/components/__tests__/permissions-table.test.tsx:73:11)
            at Promise.then.completed (/app/node_modules/.pnpm/jest-circus@29.7.0/node_modules/jest-circus/build/utils.js:298:28)
            at new Promise (<anonymous>)
            at callAsyncCircusFn (/app/node_modules/.pnpm/jest-circus@29.7.0/node_modules/jest-circus/build/utils.js:231:10)
            at _callCircusTest (/app/node_modules/.pnpm/jest-circus@29.7.0/node_modules/jest-circus/build/run.js:316:40)
            at processTicksAndRejections (node:internal/process/task_queues:103:5)
            at _runTest (/app/node_modules/.pnpm/jest-circus@29.7.0/node_modules/jest-circus/build/run.js:252:3)
            at _runTestsForDescribeBlock (/app/node_modules/.pnpm/jest-circus@29.7.0/node_modules/jest-circus/build/run.js:126:9)
            at _runTestsForDescribeBlock (/app/node_modules/.pnpm/jest-circus@29.7.0/node_modules/jest-circus/build/run.js:121:9)
            at run (/app/node_modules/.pnpm/jest-circus@29.7.0/node_modules/jest-circus/build/run.js:71:3)
            at runAndTransformResultsToJestFormat (/app/node_modules/.pnpm/jest-circus@29.7.0/node_modules/jest-circus/build/legacy-code-todo-rewrite/jestAdapterInit.js:122:21)
            at jestAdapter (/app/node_modules/.pnpm/jest-circus@29.7.0/node_modules/jest-circus/build/legacy-code-todo-rewrite/jestAdapter.js:79:19)
            at runTestInternal (/app/node_modules/.pnpm/jest-runner@29.7.0/node_modules/jest-runner/build/runTest.js:367:16)
            at runTest (/app/node_modules/.pnpm/jest-runner@29.7.0/node_modules/jest-runner/build/runTest.js:444:34)
            at Object.worker (/app/node_modules/.pnpm/jest-runner@29.7.0/node_modules/jest-runner/build/testWorker.js:106:12),
        type: 'unhandled exception'
      }

      71 |
      72 |   it('clicking Delete opens AlertDialog with the permission name', async () => {
    > 73 |     render(withIntl(<PermissionsTable initial={initial} apps={apps} />))
         |           ^
      74 |     const deleteItems = screen.getAllByRole('menuitem', { name: en.permissions.actions.delete })
      75 |     fireEvent.click(deleteItems[0])
      76 |     const dialog = await screen.findByRole('alertdialog')

      at VirtualConsole.<anonymous> (../../node_modules/.pnpm/jest-environment-jsdom@29.7.0/node_modules/jest-environment-jsdom/build/index.js:63:23)
      at reportException (../../node_modules/.pnpm/jsdom@20.0.3/node_modules/jsdom/lib/jsdom/living/helpers/runtime-script-errors.js:70:28)
      at innerInvokeEventListeners (../../node_modules/.pnpm/jsdom@20.0.3/node_modules/jsdom/lib/jsdom/living/events/EventTarget-impl.js:353:9)
      at invokeEventListeners (../../node_modules/.pnpm/jsdom@20.0.3/node_modules/jsdom/lib/jsdom/living/events/EventTarget-impl.js:286:3)
      at HTMLUnknownElementImpl._dispatch (../../node_modules/.pnpm/jsdom@20.0.3/node_modules/jsdom/lib/jsdom/living/events/EventTarget-impl.js:233:9)
      at HTMLUnknownElementImpl.dispatchEvent (../../node_modules/.pnpm/jsdom@20.0.3/node_modules/jsdom/lib/jsdom/living/events/EventTarget-impl.js:104:17)
      at HTMLUnknownElement.dispatchEvent (../../node_modules/.pnpm/jsdom@20.0.3/node_modules/jsdom/lib/jsdom/living/generated/EventTarget.js:241:34)
      at Object.invokeGuardedCallbackDev (../../node_modules/.pnpm/react-dom@18.3.1_react@18.3.1/node_modules/react-dom/cjs/react-dom.development.js:4213:16)
      at invokeGuardedCallback (../../node_modules/.pnpm/react-dom@18.3.1_react@18.3.1/node_modules/react-dom/cjs/react-dom.development.js:4277:31)
      at beginWork$1 (../../node_modules/.pnpm/react-dom@18.3.1_react@18.3.1/node_modules/react-dom/cjs/react-dom.development.js:27490:7)
      at performUnitOfWork (../../node_modules/.pnpm/react-dom@18.3.1_react@18.3.1/node_modules/react-dom/cjs/react-dom.development.js:26599:12)
      at workLoopSync (../../node_modules/.pnpm/react-dom@18.3.1_react@18.3.1/node_modules/react-dom/cjs/react-dom.development.js:26505:5)
      at renderRootSync (../../node_modules/.pnpm/react-dom@18.3.1_react@18.3.1/node_modules/react-dom/cjs/react-dom.development.js:26473:7)
      at performConcurrentWorkOnRoot (../../node_modules/.pnpm/react-dom@18.3.1_react@18.3.1/node_modules/react-dom/cjs/react-dom.development.js:25777:74)
      at flushActQueue (../../node_modules/.pnpm/react@18.3.1/node_modules/react/cjs/react.development.js:2667:24)
      at act (../../node_modules/.pnpm/react@18.3.1/node_modules/react/cjs/react.development.js:2582:11)
      at ../../node_modules/.pnpm/@testing-library+react@16.3.2_@testing-library+dom@10.4.1_@types+react-dom@18.3.7_@types+reac_3k5f6qynewwmkoqvlvtzlgtsjq/node_modules/@testing-library/react/dist/act-compat.js:46:25
      at renderRoot (../../node_modules/.pnpm/@testing-library+react@16.3.2_@testing-library+dom@10.4.1_@types+react-dom@18.3.7_@types+reac_3k5f6qynewwmkoqvlvtzlgtsjq/node_modules/@testing-library/react/dist/pure.js:189:26)
      at render (../../node_modules/.pnpm/@testing-library+react@16.3.2_@testing-library+dom@10.4.1_@types+react-dom@18.3.7_@types+reac_3k5f6qynewwmkoqvlvtzlgtsjq/node_modules/@testing-library/react/dist/pure.js:291:10)
      at Object.<anonymous> (components/__tests__/permissions-table.test.tsx:73:11)

    console.error
      Error: Uncaught [Error: `Tooltip` must be used within `TooltipProvider`]
          at reportException (/app/node_modules/.pnpm/jsdom@20.0.3/node_modules/jsdom/lib/jsdom/living/helpers/runtime-script-errors.js:66:24)
          at innerInvokeEventListeners (/app/node_modules/.pnpm/jsdom@20.0.3/node_modules/jsdom/lib/jsdom/living/events/EventTarget-impl.js:353:9)
          at invokeEventListeners (/app/node_modules/.pnpm/jsdom@20.0.3/node_modules/jsdom/lib/jsdom/living/events/EventTarget-impl.js:286:3)
          at HTMLUnknownElementImpl._dispatch (/app/node_modules/.pnpm/jsdom@20.0.3/node_modules/jsdom/lib/jsdom/living/events/EventTarget-impl.js:233:9)
          at HTMLUnknownElementImpl.dispatchEvent (/app/node_modules/.pnpm/jsdom@20.0.3/node_modules/jsdom/lib/jsdom/living/events/EventTarget-impl.js:104:17)
          at HTMLUnknownElement.dispatchEvent (/app/node_modules/.pnpm/jsdom@20.0.3/node_modules/jsdom/lib/jsdom/living/generated/EventTarget.js:241:34)
          at Object.invokeGuardedCallbackDev (/app/node_modules/.pnpm/react-dom@18.3.1_react@18.3.1/node_modules/react-dom/cjs/react-dom.development.js:4213:16)
          at invokeGuardedCallback (/app/node_modules/.pnpm/react-dom@18.3.1_react@18.3.1/node_modules/react-dom/cjs/react-dom.development.js:4277:31)
          at beginWork$1 (/app/node_modules/.pnpm/react-dom@18.3.1_react@18.3.1/node_modules/react-dom/cjs/react-dom.development.js:27490:7)
          at performUnitOfWork (/app/node_modules/.pnpm/react-dom@18.3.1_react@18.3.1/node_modules/react-dom/cjs/react-dom.development.js:26599:12)
          at workLoopSync (/app/node_modules/.pnpm/react-dom@18.3.1_react@18.3.1/node_modules/react-dom/cjs/react-dom.development.js:26505:5)
          at renderRootSync (/app/node_modules/.pnpm/react-dom@18.3.1_react@18.3.1/node_modules/react-dom/cjs/react-dom.development.js:26473:7)
          at performConcurrentWorkOnRoot (/app/node_modules/.pnpm/react-dom@18.3.1_react@18.3.1/node_modules/react-dom/cjs/react-dom.development.js:25777:74)
          at flushActQueue (/app/node_modules/.pnpm/react@18.3.1/node_modules/react/cjs/react.development.js:2667:24)
          at act (/app/node_modules/.pnpm/react@18.3.1/node_modules/react/cjs/react.development.js:2582:11)
          at /app/node_modules/.pnpm/@testing-library+react@16.3.2_@testing-library+dom@10.4.1_@types+react-dom@18.3.7_@types+reac_3k5f6qynewwmkoqvlvtzlgtsjq/node_modules/@testing-library/react/dist/act-compat.js:46:25
          at renderRoot (/app/node_modules/.pnpm/@testing-library+react@16.3.2_@testing-library+dom@10.4.1_@types+react-dom@18.3.7_@types+reac_3k5f6qynewwmkoqvlvtzlgtsjq/node_modules/@testing-library/react/dist/pure.js:189:26)
          at render (/app/node_modules/.pnpm/@testing-library+react@16.3.2_@testing-library+dom@10.4.1_@types+react-dom@18.3.7_@types+reac_3k5f6qynewwmkoqvlvtzlgtsjq/node_modules/@testing-library/react/dist/pure.js:291:10)
          at Object.<anonymous> (/app/apps/admin/components/__tests__/permissions-table.test.tsx:73:11)
          at Promise.then.completed (/app/node_modules/.pnpm/jest-circus@29.7.0/node_modules/jest-circus/build/utils.js:298:28)
          at new Promise (<anonymous>)
          at callAsyncCircusFn (/app/node_modules/.pnpm/jest-circus@29.7.0/node_modules/jest-circus/build/utils.js:231:10)
          at _callCircusTest (/app/node_modules/.pnpm/jest-circus@29.7.0/node_modules/jest-circus/build/run.js:316:40)
          at processTicksAndRejections (node:internal/process/task_queues:103:5)
          at _runTest (/app/node_modules/.pnpm/jest-circus@29.7.0/node_modules/jest-circus/build/run.js:252:3)
          at _runTestsForDescribeBlock (/app/node_modules/.pnpm/jest-circus@29.7.0/node_modules/jest-circus/build/run.js:126:9)
          at _runTestsForDescribeBlock (/app/node_modules/.pnpm/jest-circus@29.7.0/node_modules/jest-circus/build/run.js:121:9)
          at run (/app/node_modules/.pnpm/jest-circus@29.7.0/node_modules/jest-circus/build/run.js:71:3)
          at runAndTransformResultsToJestFormat (/app/node_modules/.pnpm/jest-circus@29.7.0/node_modules/jest-circus/build/legacy-code-todo-rewrite/jestAdapterInit.js:122:21)
          at jestAdapter (/app/node_modules/.pnpm/jest-circus@29.7.0/node_modules/jest-circus/build/legacy-code-todo-rewrite/jestAdapter.js:79:19)
          at runTestInternal (/app/node_modules/.pnpm/jest-runner@29.7.0/node_modules/jest-runner/build/runTest.js:367:16)
          at runTest (/app/node_modules/.pnpm/jest-runner@29.7.0/node_modules/jest-runner/build/runTest.js:444:34)
          at Object.worker (/app/node_modules/.pnpm/jest-runner@29.7.0/node_modules/jest-runner/build/testWorker.js:106:12) {
        detail: Error: `Tooltip` must be used within `TooltipProvider`
            at useContext2 (/app/node_modules/.pnpm/@radix-ui+react-context@1.1.2_@types+react@18.3.29_react@18.3.1/node_modules/@radix-ui/react-context/src/create-context.tsx:75:13)
            at Tooltip (/app/node_modules/.pnpm/@radix-ui+react-tooltip@1.2.8_@types+react-dom@18.3.7_@types+react@18.3.29__@types+react@18.3_xrwsnt2rmlacewwolijhmzdoxi/node_modules/@radix-ui/react-tooltip/src/tooltip.tsx:162:27)
            at renderWithHooks (/app/node_modules/.pnpm/react-dom@18.3.1_react@18.3.1/node_modules/react-dom/cjs/react-dom.development.js:15486:18)
            at mountIndeterminateComponent (/app/node_modules/.pnpm/react-dom@18.3.1_react@18.3.1/node_modules/react-dom/cjs/react-dom.development.js:20103:13)
            at beginWork (/app/node_modules/.pnpm/react-dom@18.3.1_react@18.3.1/node_modules/react-dom/cjs/react-dom.development.js:21626:16)
            at HTMLUnknownElement.callCallback (/app/node_modules/.pnpm/react-dom@18.3.1_react@18.3.1/node_modules/react-dom/cjs/react-dom.development.js:4164:14)
            at HTMLUnknownElement.callTheUserObjectsOperation (/app/node_modules/.pnpm/jsdom@20.0.3/node_modules/jsdom/lib/jsdom/living/generated/EventListener.js:26:30)
            at innerInvokeEventListeners (/app/node_modules/.pnpm/jsdom@20.0.3/node_modules/jsdom/lib/jsdom/living/events/EventTarget-impl.js:350:25)
            at invokeEventListeners (/app/node_modules/.pnpm/jsdom@20.0.3/node_modules/jsdom/lib/jsdom/living/events/EventTarget-impl.js:286:3)
            at HTMLUnknownElementImpl._dispatch (/app/node_modules/.pnpm/jsdom@20.0.3/node_modules/jsdom/lib/jsdom/living/events/EventTarget-impl.js:233:9)
            at HTMLUnknownElementImpl.dispatchEvent (/app/node_modules/.pnpm/jsdom@20.0.3/node_modules/jsdom/lib/jsdom/living/events/EventTarget-impl.js:104:17)
            at HTMLUnknownElement.dispatchEvent (/app/node_modules/.pnpm/jsdom@20.0.3/node_modules/jsdom/lib/jsdom/living/generated/EventTarget.js:241:34)
            at Object.invokeGuardedCallbackDev (/app/node_modules/.pnpm/react-dom@18.3.1_react@18.3.1/node_modules/react-dom/cjs/react-dom.development.js:4213:16)
            at invokeGuardedCallback (/app/node_modules/.pnpm/react-dom@18.3.1_react@18.3.1/node_modules/react-dom/cjs/react-dom.development.js:4277:31)
            at beginWork$1 (/app/node_modules/.pnpm/react-dom@18.3.1_react@18.3.1/node_modules/react-dom/cjs/react-dom.development.js:27490:7)
            at performUnitOfWork (/app/node_modules/.pnpm/react-dom@18.3.1_react@18.3.1/node_modules/react-dom/cjs/react-dom.development.js:26599:12)
            at workLoopSync (/app/node_modules/.pnpm/react-dom@18.3.1_react@18.3.1/node_modules/react-dom/cjs/react-dom.development.js:26505:5)
            at renderRootSync (/app/node_modules/.pnpm/react-dom@18.3.1_react@18.3.1/node_modules/react-dom/cjs/react-dom.development.js:26473:7)
            at performConcurrentWorkOnRoot (/app/node_modules/.pnpm/react-dom@18.3.1_react@18.3.1/node_modules/react-dom/cjs/react-dom.development.js:25777:74)
            at flushActQueue (/app/node_modules/.pnpm/react@18.3.1/node_modules/react/cjs/react.development.js:2667:24)
            at act (/app/node_modules/.pnpm/react@18.3.1/node_modules/react/cjs/react.development.js:2582:11)
            at /app/node_modules/.pnpm/@testing-library+react@16.3.2_@testing-library+dom@10.4.1_@types+react-dom@18.3.7_@types+reac_3k5f6qynewwmkoqvlvtzlgtsjq/node_modules/@testing-library/react/dist/act-compat.js:46:25
            at renderRoot (/app/node_modules/.pnpm/@testing-library+react@16.3.2_@testing-library+dom@10.4.1_@types+react-dom@18.3.7_@types+reac_3k5f6qynewwmkoqvlvtzlgtsjq/node_modules/@testing-library/react/dist/pure.js:189:26)
            at render (/app/node_modules/.pnpm/@testing-library+react@16.3.2_@testing-library+dom@10.4.1_@types+react-dom@18.3.7_@types+reac_3k5f6qynewwmkoqvlvtzlgtsjq/node_modules/@testing-library/react/dist/pure.js:291:10)
            at Object.<anonymous> (/app/apps/admin/components/__tests__/permissions-table.test.tsx:73:11)
            at Promise.then.completed (/app/node_modules/.pnpm/jest-circus@29.7.0/node_modules/jest-circus/build/utils.js:298:28)
            at new Promise (<anonymous>)
            at callAsyncCircusFn (/app/node_modules/.pnpm/jest-circus@29.7.0/node_modules/jest-circus/build/utils.js:231:10)
            at _callCircusTest (/app/node_modules/.pnpm/jest-circus@29.7.0/node_modules/jest-circus/build/run.js:316:40)
            at processTicksAndRejections (node:internal/process/task_queues:103:5)
            at _runTest (/app/node_modules/.pnpm/jest-circus@29.7.0/node_modules/jest-circus/build/run.js:252:3)
            at _runTestsForDescribeBlock (/app/node_modules/.pnpm/jest-circus@29.7.0/node_modules/jest-circus/build/run.js:126:9)
            at _runTestsForDescribeBlock (/app/node_modules/.pnpm/jest-circus@29.7.0/node_modules/jest-circus/build/run.js:121:9)
            at run (/app/node_modules/.pnpm/jest-circus@29.7.0/node_modules/jest-circus/build/run.js:71:3)
            at runAndTransformResultsToJestFormat (/app/node_modules/.pnpm/jest-circus@29.7.0/node_modules/jest-circus/build/legacy-code-todo-rewrite/jestAdapterInit.js:122:21)
            at jestAdapter (/app/node_modules/.pnpm/jest-circus@29.7.0/node_modules/jest-circus/build/legacy-code-todo-rewrite/jestAdapter.js:79:19)
            at runTestInternal (/app/node_modules/.pnpm/jest-runner@29.7.0/node_modules/jest-runner/build/runTest.js:367:16)
            at runTest (/app/node_modules/.pnpm/jest-runner@29.7.0/node_modules/jest-runner/build/runTest.js:444:34)
            at Object.worker (/app/node_modules/.pnpm/jest-runner@29.7.0/node_modules/jest-runner/build/testWorker.js:106:12),
        type: 'unhandled exception'
      }

      71 |
      72 |   it('clicking Delete opens AlertDialog with the permission name', async () => {
    > 73 |     render(withIntl(<PermissionsTable initial={initial} apps={apps} />))
         |           ^
      74 |     const deleteItems = screen.getAllByRole('menuitem', { name: en.permissions.actions.delete })
      75 |     fireEvent.click(deleteItems[0])
      76 |     const dialog = await screen.findByRole('alertdialog')

      at VirtualConsole.<anonymous> (../../node_modules/.pnpm/jest-environment-jsdom@29.7.0/node_modules/jest-environment-jsdom/build/index.js:63:23)
      at reportException (../../node_modules/.pnpm/jsdom@20.0.3/node_modules/jsdom/lib/jsdom/living/helpers/runtime-script-errors.js:70:28)
      at innerInvokeEventListeners (../../node_modules/.pnpm/jsdom@20.0.3/node_modules/jsdom/lib/jsdom/living/events/EventTarget-impl.js:353:9)
      at invokeEventListeners (../../node_modules/.pnpm/jsdom@20.0.3/node_modules/jsdom/lib/jsdom/living/events/EventTarget-impl.js:286:3)
      at HTMLUnknownElementImpl._dispatch (../../node_modules/.pnpm/jsdom@20.0.3/node_modules/jsdom/lib/jsdom/living/events/EventTarget-impl.js:233:9)
      at HTMLUnknownElementImpl.dispatchEvent (../../node_modules/.pnpm/jsdom@20.0.3/node_modules/jsdom/lib/jsdom/living/events/EventTarget-impl.js:104:17)
      at HTMLUnknownElement.dispatchEvent (../../node_modules/.pnpm/jsdom@20.0.3/node_modules/jsdom/lib/jsdom/living/generated/EventTarget.js:241:34)
      at Object.invokeGuardedCallbackDev (../../node_modules/.pnpm/react-dom@18.3.1_react@18.3.1/node_modules/react-dom/cjs/react-dom.development.js:4213:16)
      at invokeGuardedCallback (../../node_modules/.pnpm/react-dom@18.3.1_react@18.3.1/node_modules/react-dom/cjs/react-dom.development.js:4277:31)
      at beginWork$1 (../../node_modules/.pnpm/react-dom@18.3.1_react@18.3.1/node_modules/react-dom/cjs/react-dom.development.js:27490:7)
      at performUnitOfWork (../../node_modules/.pnpm/react-dom@18.3.1_react@18.3.1/node_modules/react-dom/cjs/react-dom.development.js:26599:12)
      at workLoopSync (../../node_modules/.pnpm/react-dom@18.3.1_react@18.3.1/node_modules/react-dom/cjs/react-dom.development.js:26505:5)
      at renderRootSync (../../node_modules/.pnpm/react-dom@18.3.1_react@18.3.1/node_modules/react-dom/cjs/react-dom.development.js:26473:7)
      at performConcurrentWorkOnRoot (../../node_modules/.pnpm/react-dom@18.3.1_react@18.3.1/node_modules/react-dom/cjs/react-dom.development.js:25777:74)
      at flushActQueue (../../node_modules/.pnpm/react@18.3.1/node_modules/react/cjs/react.development.js:2667:24)
      at act (../../node_modules/.pnpm/react@18.3.1/node_modules/react/cjs/react.development.js:2582:11)
      at ../../node_modules/.pnpm/@testing-library+react@16.3.2_@testing-library+dom@10.4.1_@types+react-dom@18.3.7_@types+reac_3k5f6qynewwmkoqvlvtzlgtsjq/node_modules/@testing-library/react/dist/act-compat.js:46:25
      at renderRoot (../../node_modules/.pnpm/@testing-library+react@16.3.2_@testing-library+dom@10.4.1_@types+react-dom@18.3.7_@types+reac_3k5f6qynewwmkoqvlvtzlgtsjq/node_modules/@testing-library/react/dist/pure.js:189:26)
      at render (../../node_modules/.pnpm/@testing-library+react@16.3.2_@testing-library+dom@10.4.1_@types+react-dom@18.3.7_@types+reac_3k5f6qynewwmkoqvlvtzlgtsjq/node_modules/@testing-library/react/dist/pure.js:291:10)
      at Object.<anonymous> (components/__tests__/permissions-table.test.tsx:73:11)

    console.error
      Error: Uncaught [Error: `Tooltip` must be used within `TooltipProvider`]
          at reportException (/app/node_modules/.pnpm/jsdom@20.0.3/node_modules/jsdom/lib/jsdom/living/helpers/runtime-script-errors.js:66:24)
          at innerInvokeEventListeners (/app/node_modules/.pnpm/jsdom@20.0.3/node_modules/jsdom/lib/jsdom/living/events/EventTarget-impl.js:353:9)
          at invokeEventListeners (/app/node_modules/.pnpm/jsdom@20.0.3/node_modules/jsdom/lib/jsdom/living/events/EventTarget-impl.js:286:3)
          at HTMLUnknownElementImpl._dispatch (/app/node_modules/.pnpm/jsdom@20.0.3/node_modules/jsdom/lib/jsdom/living/events/EventTarget-impl.js:233:9)
          at HTMLUnknownElementImpl.dispatchEvent (/app/node_modules/.pnpm/jsdom@20.0.3/node_modules/jsdom/lib/jsdom/living/events/EventTarget-impl.js:104:17)
          at HTMLUnknownElement.dispatchEvent (/app/node_modules/.pnpm/jsdom@20.0.3/node_modules/jsdom/lib/jsdom/living/generated/EventTarget.js:241:34)
          at Object.invokeGuardedCallbackDev (/app/node_modules/.pnpm/react-dom@18.3.1_react@18.3.1/node_modules/react-dom/cjs/react-dom.development.js:4213:16)
          at invokeGuardedCallback (/app/node_modules/.pnpm/react-dom@18.3.1_react@18.3.1/node_modules/react-dom/cjs/react-dom.development.js:4277:31)
          at beginWork$1 (/app/node_modules/.pnpm/react-dom@18.3.1_react@18.3.1/node_modules/react-dom/cjs/react-dom.development.js:27490:7)
          at performUnitOfWork (/app/node_modules/.pnpm/react-dom@18.3.1_react@18.3.1/node_modules/react-dom/cjs/react-dom.development.js:26599:12)
          at workLoopSync (/app/node_modules/.pnpm/react-dom@18.3.1_react@18.3.1/node_modules/react-dom/cjs/react-dom.development.js:26505:5)
          at renderRootSync (/app/node_modules/.pnpm/react-dom@18.3.1_react@18.3.1/node_modules/react-dom/cjs/react-dom.development.js:26473:7)
          at recoverFromConcurrentError (/app/node_modules/.pnpm/react-dom@18.3.1_react@18.3.1/node_modules/react-dom/cjs/react-dom.development.js:25889:20)
          at performConcurrentWorkOnRoot (/app/node_modules/.pnpm/react-dom@18.3.1_react@18.3.1/node_modules/react-dom/cjs/react-dom.development.js:25789:22)
          at flushActQueue (/app/node_modules/.pnpm/react@18.3.1/node_modules/react/cjs/react.development.js:2667:24)
          at act (/app/node_modules/.pnpm/react@18.3.1/node_modules/react/cjs/react.development.js:2582:11)
          at /app/node_modules/.pnpm/@testing-library+react@16.3.2_@testing-library+dom@10.4.1_@types+react-dom@18.3.7_@types+reac_3k5f6qynewwmkoqvlvtzlgtsjq/node_modules/@testing-library/react/dist/act-compat.js:46:25
          at renderRoot (/app/node_modules/.pnpm/@testing-library+react@16.3.2_@testing-library+dom@10.4.1_@types+react-dom@18.3.7_@types+reac_3k5f6qynewwmkoqvlvtzlgtsjq/node_modules/@testing-library/react/dist/pure.js:189:26)
          at render (/app/node_modules/.pnpm/@testing-library+react@16.3.2_@testing-library+dom@10.4.1_@types+react-dom@18.3.7_@types+reac_3k5f6qynewwmkoqvlvtzlgtsjq/node_modules/@testing-library/react/dist/pure.js:291:10)
          at Object.<anonymous> (/app/apps/admin/components/__tests__/permissions-table.test.tsx:73:11)
          at Promise.then.completed (/app/node_modules/.pnpm/jest-circus@29.7.0/node_modules/jest-circus/build/utils.js:298:28)
          at new Promise (<anonymous>)
          at callAsyncCircusFn (/app/node_modules/.pnpm/jest-circus@29.7.0/node_modules/jest-circus/build/utils.js:231:10)
          at _callCircusTest (/app/node_modules/.pnpm/jest-circus@29.7.0/node_modules/jest-circus/build/run.js:316:40)
          at processTicksAndRejections (node:internal/process/task_queues:103:5)
          at _runTest (/app/node_modules/.pnpm/jest-circus@29.7.0/node_modules/jest-circus/build/run.js:252:3)
          at _runTestsForDescribeBlock (/app/node_modules/.pnpm/jest-circus@29.7.0/node_modules/jest-circus/build/run.js:126:9)
          at _runTestsForDescribeBlock (/app/node_modules/.pnpm/jest-circus@29.7.0/node_modules/jest-circus/build/run.js:121:9)
          at run (/app/node_modules/.pnpm/jest-circus@29.7.0/node_modules/jest-circus/build/run.js:71:3)
          at runAndTransformResultsToJestFormat (/app/node_modules/.pnpm/jest-circus@29.7.0/node_modules/jest-circus/build/legacy-code-todo-rewrite/jestAdapterInit.js:122:21)
          at jestAdapter (/app/node_modules/.pnpm/jest-circus@29.7.0/node_modules/jest-circus/build/legacy-code-todo-rewrite/jestAdapter.js:79:19)
          at runTestInternal (/app/node_modules/.pnpm/jest-runner@29.7.0/node_modules/jest-runner/build/runTest.js:367:16)
          at runTest (/app/node_modules/.pnpm/jest-runner@29.7.0/node_modules/jest-runner/build/runTest.js:444:34)
          at Object.worker (/app/node_modules/.pnpm/jest-runner@29.7.0/node_modules/jest-runner/build/testWorker.js:106:12) {
        detail: Error: `Tooltip` must be used within `TooltipProvider`
            at useContext2 (/app/node_modules/.pnpm/@radix-ui+react-context@1.1.2_@types+react@18.3.29_react@18.3.1/node_modules/@radix-ui/react-context/src/create-context.tsx:75:13)
            at Tooltip (/app/node_modules/.pnpm/@radix-ui+react-tooltip@1.2.8_@types+react-dom@18.3.7_@types+react@18.3.29__@types+react@18.3_xrwsnt2rmlacewwolijhmzdoxi/node_modules/@radix-ui/react-tooltip/src/tooltip.tsx:162:27)
            at renderWithHooks (/app/node_modules/.pnpm/react-dom@18.3.1_react@18.3.1/node_modules/react-dom/cjs/react-dom.development.js:15486:18)
            at mountIndeterminateComponent (/app/node_modules/.pnpm/react-dom@18.3.1_react@18.3.1/node_modules/react-dom/cjs/react-dom.development.js:20103:13)
            at beginWork (/app/node_modules/.pnpm/react-dom@18.3.1_react@18.3.1/node_modules/react-dom/cjs/react-dom.development.js:21626:16)
            at HTMLUnknownElement.callCallback (/app/node_modules/.pnpm/react-dom@18.3.1_react@18.3.1/node_modules/react-dom/cjs/react-dom.development.js:4164:14)
            at HTMLUnknownElement.callTheUserObjectsOperation (/app/node_modules/.pnpm/jsdom@20.0.3/node_modules/jsdom/lib/jsdom/living/generated/EventListener.js:26:30)
            at innerInvokeEventListeners (/app/node_modules/.pnpm/jsdom@20.0.3/node_modules/jsdom/lib/jsdom/living/events/EventTarget-impl.js:350:25)
            at invokeEventListeners (/app/node_modules/.pnpm/jsdom@20.0.3/node_modules/jsdom/lib/jsdom/living/events/EventTarget-impl.js:286:3)
            at HTMLUnknownElementImpl._dispatch (/app/node_modules/.pnpm/jsdom@20.0.3/node_modules/jsdom/lib/jsdom/living/events/EventTarget-impl.js:233:9)
            at HTMLUnknownElementImpl.dispatchEvent (/app/node_modules/.pnpm/jsdom@20.0.3/node_modules/jsdom/lib/jsdom/living/events/EventTarget-impl.js:104:17)
            at HTMLUnknownElement.dispatchEvent (/app/node_modules/.pnpm/jsdom@20.0.3/node_modules/jsdom/lib/jsdom/living/generated/EventTarget.js:241:34)
            at Object.invokeGuardedCallbackDev (/app/node_modules/.pnpm/react-dom@18.3.1_react@18.3.1/node_modules/react-dom/cjs/react-dom.development.js:4213:16)
            at invokeGuardedCallback (/app/node_modules/.pnpm/react-dom@18.3.1_react@18.3.1/node_modules/react-dom/cjs/react-dom.development.js:4277:31)
            at beginWork$1 (/app/node_modules/.pnpm/react-dom@18.3.1_react@18.3.1/node_modules/react-dom/cjs/react-dom.development.js:27490:7)
            at performUnitOfWork (/app/node_modules/.pnpm/react-dom@18.3.1_react@18.3.1/node_modules/react-dom/cjs/react-dom.development.js:26599:12)
            at workLoopSync (/app/node_modules/.pnpm/react-dom@18.3.1_react@18.3.1/node_modules/react-dom/cjs/react-dom.development.js:26505:5)
            at renderRootSync (/app/node_modules/.pnpm/react-dom@18.3.1_react@18.3.1/node_modules/react-dom/cjs/react-dom.development.js:26473:7)
            at recoverFromConcurrentError (/app/node_modules/.pnpm/react-dom@18.3.1_react@18.3.1/node_modules/react-dom/cjs/react-dom.development.js:25889:20)
            at performConcurrentWorkOnRoot (/app/node_modules/.pnpm/react-dom@18.3.1_react@18.3.1/node_modules/react-dom/cjs/react-dom.development.js:25789:22)
            at flushActQueue (/app/node_modules/.pnpm/react@18.3.1/node_modules/react/cjs/react.development.js:2667:24)
            at act (/app/node_modules/.pnpm/react@18.3.1/node_modules/react/cjs/react.development.js:2582:11)
            at /app/node_modules/.pnpm/@testing-library+react@16.3.2_@testing-library+dom@10.4.1_@types+react-dom@18.3.7_@types+reac_3k5f6qynewwmkoqvlvtzlgtsjq/node_modules/@testing-library/react/dist/act-compat.js:46:25
            at renderRoot (/app/node_modules/.pnpm/@testing-library+react@16.3.2_@testing-library+dom@10.4.1_@types+react-dom@18.3.7_@types+reac_3k5f6qynewwmkoqvlvtzlgtsjq/node_modules/@testing-library/react/dist/pure.js:189:26)
            at render (/app/node_modules/.pnpm/@testing-library+react@16.3.2_@testing-library+dom@10.4.1_@types+react-dom@18.3.7_@types+reac_3k5f6qynewwmkoqvlvtzlgtsjq/node_modules/@testing-library/react/dist/pure.js:291:10)
            at Object.<anonymous> (/app/apps/admin/components/__tests__/permissions-table.test.tsx:73:11)
            at Promise.then.completed (/app/node_modules/.pnpm/jest-circus@29.7.0/node_modules/jest-circus/build/utils.js:298:28)
            at new Promise (<anonymous>)
            at callAsyncCircusFn (/app/node_modules/.pnpm/jest-circus@29.7.0/node_modules/jest-circus/build/utils.js:231:10)
            at _callCircusTest (/app/node_modules/.pnpm/jest-circus@29.7.0/node_modules/jest-circus/build/run.js:316:40)
            at processTicksAndRejections (node:internal/process/task_queues:103:5)
            at _runTest (/app/node_modules/.pnpm/jest-circus@29.7.0/node_modules/jest-circus/build/run.js:252:3)
            at _runTestsForDescribeBlock (/app/node_modules/.pnpm/jest-circus@29.7.0/node_modules/jest-circus/build/run.js:126:9)
            at _runTestsForDescribeBlock (/app/node_modules/.pnpm/jest-circus@29.7.0/node_modules/jest-circus/build/run.js:121:9)
            at run (/app/node_modules/.pnpm/jest-circus@29.7.0/node_modules/jest-circus/build/run.js:71:3)
            at runAndTransformResultsToJestFormat (/app/node_modules/.pnpm/jest-circus@29.7.0/node_modules/jest-circus/build/legacy-code-todo-rewrite/jestAdapterInit.js:122:21)
            at jestAdapter (/app/node_modules/.pnpm/jest-circus@29.7.0/node_modules/jest-circus/build/legacy-code-todo-rewrite/jestAdapter.js:79:19)
            at runTestInternal (/app/node_modules/.pnpm/jest-runner@29.7.0/node_modules/jest-runner/build/runTest.js:367:16)
            at runTest (/app/node_modules/.pnpm/jest-runner@29.7.0/node_modules/jest-runner/build/runTest.js:444:34)
            at Object.worker (/app/node_modules/.pnpm/jest-runner@29.7.0/node_modules/jest-runner/build/testWorker.js:106:12),
        type: 'unhandled exception'
      }

      71 |
      72 |   it('clicking Delete opens AlertDialog with the permission name', async () => {
    > 73 |     render(withIntl(<PermissionsTable initial={initial} apps={apps} />))
         |           ^
      74 |     const deleteItems = screen.getAllByRole('menuitem', { name: en.permissions.actions.delete })
      75 |     fireEvent.click(deleteItems[0])
      76 |     const dialog = await screen.findByRole('alertdialog')

      at VirtualConsole.<anonymous> (../../node_modules/.pnpm/jest-environment-jsdom@29.7.0/node_modules/jest-environment-jsdom/build/index.js:63:23)
      at reportException (../../node_modules/.pnpm/jsdom@20.0.3/node_modules/jsdom/lib/jsdom/living/helpers/runtime-script-errors.js:70:28)
      at innerInvokeEventListeners (../../node_modules/.pnpm/jsdom@20.0.3/node_modules/jsdom/lib/jsdom/living/events/EventTarget-impl.js:353:9)
      at invokeEventListeners (../../node_modules/.pnpm/jsdom@20.0.3/node_modules/jsdom/lib/jsdom/living/events/EventTarget-impl.js:286:3)
      at HTMLUnknownElementImpl._dispatch (../../node_modules/.pnpm/jsdom@20.0.3/node_modules/jsdom/lib/jsdom/living/events/EventTarget-impl.js:233:9)
      at HTMLUnknownElementImpl.dispatchEvent (../../node_modules/.pnpm/jsdom@20.0.3/node_modules/jsdom/lib/jsdom/living/events/EventTarget-impl.js:104:17)
      at HTMLUnknownElement.dispatchEvent (../../node_modules/.pnpm/jsdom@20.0.3/node_modules/jsdom/lib/jsdom/living/generated/EventTarget.js:241:34)
      at Object.invokeGuardedCallbackDev (../../node_modules/.pnpm/react-dom@18.3.1_react@18.3.1/node_modules/react-dom/cjs/react-dom.development.js:4213:16)
      at invokeGuardedCallback (../../node_modules/.pnpm/react-dom@18.3.1_react@18.3.1/node_modules/react-dom/cjs/react-dom.development.js:4277:31)
      at beginWork$1 (../../node_modules/.pnpm/react-dom@18.3.1_react@18.3.1/node_modules/react-dom/cjs/react-dom.development.js:27490:7)
      at performUnitOfWork (../../node_modules/.pnpm/react-dom@18.3.1_react@18.3.1/node_modules/react-dom/cjs/react-dom.development.js:26599:12)
      at workLoopSync (../../node_modules/.pnpm/react-dom@18.3.1_react@18.3.1/node_modules/react-dom/cjs/react-dom.development.js:26505:5)
      at renderRootSync (../../node_modules/.pnpm/react-dom@18.3.1_react@18.3.1/node_modules/react-dom/cjs/react-dom.development.js:26473:7)
      at recoverFromConcurrentError (../../node_modules/.pnpm/react-dom@18.3.1_react@18.3.1/node_modules/react-dom/cjs/react-dom.development.js:25889:20)
      at performConcurrentWorkOnRoot (../../node_modules/.pnpm/react-dom@18.3.1_react@18.3.1/node_modules/react-dom/cjs/react-dom.development.js:25789:22)
      at flushActQueue (../../node_modules/.pnpm/react@18.3.1/node_modules/react/cjs/react.development.js:2667:24)
      at act (../../node_modules/.pnpm/react@18.3.1/node_modules/react/cjs/react.development.js:2582:11)
      at ../../node_modules/.pnpm/@testing-library+react@16.3.2_@testing-library+dom@10.4.1_@types+react-dom@18.3.7_@types+reac_3k5f6qynewwmkoqvlvtzlgtsjq/node_modules/@testing-library/react/dist/act-compat.js:46:25
      at renderRoot (../../node_modules/.pnpm/@testing-library+react@16.3.2_@testing-library+dom@10.4.1_@types+react-dom@18.3.7_@types+reac_3k5f6qynewwmkoqvlvtzlgtsjq/node_modules/@testing-library/react/dist/pure.js:189:26)
      at render (../../node_modules/.pnpm/@testing-library+react@16.3.2_@testing-library+dom@10.4.1_@types+react-dom@18.3.7_@types+reac_3k5f6qynewwmkoqvlvtzlgtsjq/node_modules/@testing-library/react/dist/pure.js:291:10)
      at Object.<anonymous> (components/__tests__/permissions-table.test.tsx:73:11)

    console.error
      Error: Uncaught [Error: `Tooltip` must be used within `TooltipProvider`]
          at reportException (/app/node_modules/.pnpm/jsdom@20.0.3/node_modules/jsdom/lib/jsdom/living/helpers/runtime-script-errors.js:66:24)
          at innerInvokeEventListeners (/app/node_modules/.pnpm/jsdom@20.0.3/node_modules/jsdom/lib/jsdom/living/events/EventTarget-impl.js:353:9)
          at invokeEventListeners (/app/node_modules/.pnpm/jsdom@20.0.3/node_modules/jsdom/lib/jsdom/living/events/EventTarget-impl.js:286:3)
          at HTMLUnknownElementImpl._dispatch (/app/node_modules/.pnpm/jsdom@20.0.3/node_modules/jsdom/lib/jsdom/living/events/EventTarget-impl.js:233:9)
          at HTMLUnknownElementImpl.dispatchEvent (/app/node_modules/.pnpm/jsdom@20.0.3/node_modules/jsdom/lib/jsdom/living/events/EventTarget-impl.js:104:17)
          at HTMLUnknownElement.dispatchEvent (/app/node_modules/.pnpm/jsdom@20.0.3/node_modules/jsdom/lib/jsdom/living/generated/EventTarget.js:241:34)
          at Object.invokeGuardedCallbackDev (/app/node_modules/.pnpm/react-dom@18.3.1_react@18.3.1/node_modules/react-dom/cjs/react-dom.development.js:4213:16)
          at invokeGuardedCallback (/app/node_modules/.pnpm/react-dom@18.3.1_react@18.3.1/node_modules/react-dom/cjs/react-dom.development.js:4277:31)
          at beginWork$1 (/app/node_modules/.pnpm/react-dom@18.3.1_react@18.3.1/node_modules/react-dom/cjs/react-dom.development.js:27490:7)
          at performUnitOfWork (/app/node_modules/.pnpm/react-dom@18.3.1_react@18.3.1/node_modules/react-dom/cjs/react-dom.development.js:26599:12)
          at workLoopSync (/app/node_modules/.pnpm/react-dom@18.3.1_react@18.3.1/node_modules/react-dom/cjs/react-dom.development.js:26505:5)
          at renderRootSync (/app/node_modules/.pnpm/react-dom@18.3.1_react@18.3.1/node_modules/react-dom/cjs/react-dom.development.js:26473:7)
          at recoverFromConcurrentError (/app/node_modules/.pnpm/react-dom@18.3.1_react@18.3.1/node_modules/react-dom/cjs/react-dom.development.js:25889:20)
          at performConcurrentWorkOnRoot (/app/node_modules/.pnpm/react-dom@18.3.1_react@18.3.1/node_modules/react-dom/cjs/react-dom.development.js:25789:22)
          at flushActQueue (/app/node_modules/.pnpm/react@18.3.1/node_modules/react/cjs/react.development.js:2667:24)
          at act (/app/node_modules/.pnpm/react@18.3.1/node_modules/react/cjs/react.development.js:2582:11)
          at /app/node_modules/.pnpm/@testing-library+react@16.3.2_@testing-library+dom@10.4.1_@types+react-dom@18.3.7_@types+reac_3k5f6qynewwmkoqvlvtzlgtsjq/node_modules/@testing-library/react/dist/act-compat.js:46:25
          at renderRoot (/app/node_modules/.pnpm/@testing-library+react@16.3.2_@testing-library+dom@10.4.1_@types+react-dom@18.3.7_@types+reac_3k5f6qynewwmkoqvlvtzlgtsjq/node_modules/@testing-library/react/dist/pure.js:189:26)
          at render (/app/node_modules/.pnpm/@testing-library+react@16.3.2_@testing-library+dom@10.4.1_@types+react-dom@18.3.7_@types+reac_3k5f6qynewwmkoqvlvtzlgtsjq/node_modules/@testing-library/react/dist/pure.js:291:10)
          at Object.<anonymous> (/app/apps/admin/components/__tests__/permissions-table.test.tsx:73:11)
          at Promise.then.completed (/app/node_modules/.pnpm/jest-circus@29.7.0/node_modules/jest-circus/build/utils.js:298:28)
          at new Promise (<anonymous>)
          at callAsyncCircusFn (/app/node_modules/.pnpm/jest-circus@29.7.0/node_modules/jest-circus/build/utils.js:231:10)
          at _callCircusTest (/app/node_modules/.pnpm/jest-circus@29.7.0/node_modules/jest-circus/build/run.js:316:40)
          at processTicksAndRejections (node:internal/process/task_queues:103:5)
          at _runTest (/app/node_modules/.pnpm/jest-circus@29.7.0/node_modules/jest-circus/build/run.js:252:3)
          at _runTestsForDescribeBlock (/app/node_modules/.pnpm/jest-circus@29.7.0/node_modules/jest-circus/build/run.js:126:9)
          at _runTestsForDescribeBlock (/app/node_modules/.pnpm/jest-circus@29.7.0/node_modules/jest-circus/build/run.js:121:9)
          at run (/app/node_modules/.pnpm/jest-circus@29.7.0/node_modules/jest-circus/build/run.js:71:3)
          at runAndTransformResultsToJestFormat (/app/node_modules/.pnpm/jest-circus@29.7.0/node_modules/jest-circus/build/legacy-code-todo-rewrite/jestAdapterInit.js:122:21)
          at jestAdapter (/app/node_modules/.pnpm/jest-circus@29.7.0/node_modules/jest-circus/build/legacy-code-todo-rewrite/jestAdapter.js:79:19)
          at runTestInternal (/app/node_modules/.pnpm/jest-runner@29.7.0/node_modules/jest-runner/build/runTest.js:367:16)
          at runTest (/app/node_modules/.pnpm/jest-runner@29.7.0/node_modules/jest-runner/build/runTest.js:444:34)
          at Object.worker (/app/node_modules/.pnpm/jest-runner@29.7.0/node_modules/jest-runner/build/testWorker.js:106:12) {
        detail: Error: `Tooltip` must be used within `TooltipProvider`
            at useContext2 (/app/node_modules/.pnpm/@radix-ui+react-context@1.1.2_@types+react@18.3.29_react@18.3.1/node_modules/@radix-ui/react-context/src/create-context.tsx:75:13)
            at Tooltip (/app/node_modules/.pnpm/@radix-ui+react-tooltip@1.2.8_@types+react-dom@18.3.7_@types+react@18.3.29__@types+react@18.3_xrwsnt2rmlacewwolijhmzdoxi/node_modules/@radix-ui/react-tooltip/src/tooltip.tsx:162:27)
            at renderWithHooks (/app/node_modules/.pnpm/react-dom@18.3.1_react@18.3.1/node_modules/react-dom/cjs/react-dom.development.js:15486:18)
            at mountIndeterminateComponent (/app/node_modules/.pnpm/react-dom@18.3.1_react@18.3.1/node_modules/react-dom/cjs/react-dom.development.js:20103:13)
            at beginWork (/app/node_modules/.pnpm/react-dom@18.3.1_react@18.3.1/node_modules/react-dom/cjs/react-dom.development.js:21626:16)
            at HTMLUnknownElement.callCallback (/app/node_modules/.pnpm/react-dom@18.3.1_react@18.3.1/node_modules/react-dom/cjs/react-dom.development.js:4164:14)
            at HTMLUnknownElement.callTheUserObjectsOperation (/app/node_modules/.pnpm/jsdom@20.0.3/node_modules/jsdom/lib/jsdom/living/generated/EventListener.js:26:30)
            at innerInvokeEventListeners (/app/node_modules/.pnpm/jsdom@20.0.3/node_modules/jsdom/lib/jsdom/living/events/EventTarget-impl.js:350:25)
            at invokeEventListeners (/app/node_modules/.pnpm/jsdom@20.0.3/node_modules/jsdom/lib/jsdom/living/events/EventTarget-impl.js:286:3)
            at HTMLUnknownElementImpl._dispatch (/app/node_modules/.pnpm/jsdom@20.0.3/node_modules/jsdom/lib/jsdom/living/events/EventTarget-impl.js:233:9)
            at HTMLUnknownElementImpl.dispatchEvent (/app/node_modules/.pnpm/jsdom@20.0.3/node_modules/jsdom/lib/jsdom/living/events/EventTarget-impl.js:104:17)
            at HTMLUnknownElement.dispatchEvent (/app/node_modules/.pnpm/jsdom@20.0.3/node_modules/jsdom/lib/jsdom/living/generated/EventTarget.js:241:34)
            at Object.invokeGuardedCallbackDev (/app/node_modules/.pnpm/react-dom@18.3.1_react@18.3.1/node_modules/react-dom/cjs/react-dom.development.js:4213:16)
            at invokeGuardedCallback (/app/node_modules/.pnpm/react-dom@18.3.1_react@18.3.1/node_modules/react-dom/cjs/react-dom.development.js:4277:31)
            at beginWork$1 (/app/node_modules/.pnpm/react-dom@18.3.1_react@18.3.1/node_modules/react-dom/cjs/react-dom.development.js:27490:7)
            at performUnitOfWork (/app/node_modules/.pnpm/react-dom@18.3.1_react@18.3.1/node_modules/react-dom/cjs/react-dom.development.js:26599:12)
            at workLoopSync (/app/node_modules/.pnpm/react-dom@18.3.1_react@18.3.1/node_modules/react-dom/cjs/react-dom.development.js:26505:5)
            at renderRootSync (/app/node_modules/.pnpm/react-dom@18.3.1_react@18.3.1/node_modules/react-dom/cjs/react-dom.development.js:26473:7)
            at recoverFromConcurrentError (/app/node_modules/.pnpm/react-dom@18.3.1_react@18.3.1/node_modules/react-dom/cjs/react-dom.development.js:25889:20)
            at performConcurrentWorkOnRoot (/app/node_modules/.pnpm/react-dom@18.3.1_react@18.3.1/node_modules/react-dom/cjs/react-dom.development.js:25789:22)
            at flushActQueue (/app/node_modules/.pnpm/react@18.3.1/node_modules/react/cjs/react.development.js:2667:24)
            at act (/app/node_modules/.pnpm/react@18.3.1/node_modules/react/cjs/react.development.js:2582:11)
            at /app/node_modules/.pnpm/@testing-library+react@16.3.2_@testing-library+dom@10.4.1_@types+react-dom@18.3.7_@types+reac_3k5f6qynewwmkoqvlvtzlgtsjq/node_modules/@testing-library/react/dist/act-compat.js:46:25
            at renderRoot (/app/node_modules/.pnpm/@testing-library+react@16.3.2_@testing-library+dom@10.4.1_@types+react-dom@18.3.7_@types+reac_3k5f6qynewwmkoqvlvtzlgtsjq/node_modules/@testing-library/react/dist/pure.js:189:26)
            at render (/app/node_modules/.pnpm/@testing-library+react@16.3.2_@testing-library+dom@10.4.1_@types+react-dom@18.3.7_@types+reac_3k5f6qynewwmkoqvlvtzlgtsjq/node_modules/@testing-library/react/dist/pure.js:291:10)
            at Object.<anonymous> (/app/apps/admin/components/__tests__/permissions-table.test.tsx:73:11)
            at Promise.then.completed (/app/node_modules/.pnpm/jest-circus@29.7.0/node_modules/jest-circus/build/utils.js:298:28)
            at new Promise (<anonymous>)
            at callAsyncCircusFn (/app/node_modules/.pnpm/jest-circus@29.7.0/node_modules/jest-circus/build/utils.js:231:10)
            at _callCircusTest (/app/node_modules/.pnpm/jest-circus@29.7.0/node_modules/jest-circus/build/run.js:316:40)
            at processTicksAndRejections (node:internal/process/task_queues:103:5)
            at _runTest (/app/node_modules/.pnpm/jest-circus@29.7.0/node_modules/jest-circus/build/run.js:252:3)
            at _runTestsForDescribeBlock (/app/node_modules/.pnpm/jest-circus@29.7.0/node_modules/jest-circus/build/run.js:126:9)
            at _runTestsForDescribeBlock (/app/node_modules/.pnpm/jest-circus@29.7.0/node_modules/jest-circus/build/run.js:121:9)
            at run (/app/node_modules/.pnpm/jest-circus@29.7.0/node_modules/jest-circus/build/run.js:71:3)
            at runAndTransformResultsToJestFormat (/app/node_modules/.pnpm/jest-circus@29.7.0/node_modules/jest-circus/build/legacy-code-todo-rewrite/jestAdapterInit.js:122:21)
            at jestAdapter (/app/node_modules/.pnpm/jest-circus@29.7.0/node_modules/jest-circus/build/legacy-code-todo-rewrite/jestAdapter.js:79:19)
            at runTestInternal (/app/node_modules/.pnpm/jest-runner@29.7.0/node_modules/jest-runner/build/runTest.js:367:16)
            at runTest (/app/node_modules/.pnpm/jest-runner@29.7.0/node_modules/jest-runner/build/runTest.js:444:34)
            at Object.worker (/app/node_modules/.pnpm/jest-runner@29.7.0/node_modules/jest-runner/build/testWorker.js:106:12),
        type: 'unhandled exception'
      }

      71 |
      72 |   it('clicking Delete opens AlertDialog with the permission name', async () => {
    > 73 |     render(withIntl(<PermissionsTable initial={initial} apps={apps} />))
         |           ^
      74 |     const deleteItems = screen.getAllByRole('menuitem', { name: en.permissions.actions.delete })
      75 |     fireEvent.click(deleteItems[0])
      76 |     const dialog = await screen.findByRole('alertdialog')

      at VirtualConsole.<anonymous> (../../node_modules/.pnpm/jest-environment-jsdom@29.7.0/node_modules/jest-environment-jsdom/build/index.js:63:23)
      at reportException (../../node_modules/.pnpm/jsdom@20.0.3/node_modules/jsdom/lib/jsdom/living/helpers/runtime-script-errors.js:70:28)
      at innerInvokeEventListeners (../../node_modules/.pnpm/jsdom@20.0.3/node_modules/jsdom/lib/jsdom/living/events/EventTarget-impl.js:353:9)
      at invokeEventListeners (../../node_modules/.pnpm/jsdom@20.0.3/node_modules/jsdom/lib/jsdom/living/events/EventTarget-impl.js:286:3)
      at HTMLUnknownElementImpl._dispatch (../../node_modules/.pnpm/jsdom@20.0.3/node_modules/jsdom/lib/jsdom/living/events/EventTarget-impl.js:233:9)
      at HTMLUnknownElementImpl.dispatchEvent (../../node_modules/.pnpm/jsdom@20.0.3/node_modules/jsdom/lib/jsdom/living/events/EventTarget-impl.js:104:17)
      at HTMLUnknownElement.dispatchEvent (../../node_modules/.pnpm/jsdom@20.0.3/node_modules/jsdom/lib/jsdom/living/generated/EventTarget.js:241:34)
      at Object.invokeGuardedCallbackDev (../../node_modules/.pnpm/react-dom@18.3.1_react@18.3.1/node_modules/react-dom/cjs/react-dom.development.js:4213:16)
      at invokeGuardedCallback (../../node_modules/.pnpm/react-dom@18.3.1_react@18.3.1/node_modules/react-dom/cjs/react-dom.development.js:4277:31)
      at beginWork$1 (../../node_modules/.pnpm/react-dom@18.3.1_react@18.3.1/node_modules/react-dom/cjs/react-dom.development.js:27490:7)
      at performUnitOfWork (../../node_modules/.pnpm/react-dom@18.3.1_react@18.3.1/node_modules/react-dom/cjs/react-dom.development.js:26599:12)
      at workLoopSync (../../node_modules/.pnpm/react-dom@18.3.1_react@18.3.1/node_modules/react-dom/cjs/react-dom.development.js:26505:5)
      at renderRootSync (../../node_modules/.pnpm/react-dom@18.3.1_react@18.3.1/node_modules/react-dom/cjs/react-dom.development.js:26473:7)
      at recoverFromConcurrentError (../../node_modules/.pnpm/react-dom@18.3.1_react@18.3.1/node_modules/react-dom/cjs/react-dom.development.js:25889:20)
      at performConcurrentWorkOnRoot (../../node_modules/.pnpm/react-dom@18.3.1_react@18.3.1/node_modules/react-dom/cjs/react-dom.development.js:25789:22)
      at flushActQueue (../../node_modules/.pnpm/react@18.3.1/node_modules/react/cjs/react.development.js:2667:24)
      at act (../../node_modules/.pnpm/react@18.3.1/node_modules/react/cjs/react.development.js:2582:11)
      at ../../node_modules/.pnpm/@testing-library+react@16.3.2_@testing-library+dom@10.4.1_@types+react-dom@18.3.7_@types+reac_3k5f6qynewwmkoqvlvtzlgtsjq/node_modules/@testing-library/react/dist/act-compat.js:46:25
      at renderRoot (../../node_modules/.pnpm/@testing-library+react@16.3.2_@testing-library+dom@10.4.1_@types+react-dom@18.3.7_@types+reac_3k5f6qynewwmkoqvlvtzlgtsjq/node_modules/@testing-library/react/dist/pure.js:189:26)
      at render (../../node_modules/.pnpm/@testing-library+react@16.3.2_@testing-library+dom@10.4.1_@types+react-dom@18.3.7_@types+reac_3k5f6qynewwmkoqvlvtzlgtsjq/node_modules/@testing-library/react/dist/pure.js:291:10)
      at Object.<anonymous> (components/__tests__/permissions-table.test.tsx:73:11)

    console.error
      Error: Uncaught [Error: `Tooltip` must be used within `TooltipProvider`]
          at reportException (/app/node_modules/.pnpm/jsdom@20.0.3/node_modules/jsdom/lib/jsdom/living/helpers/runtime-script-errors.js:66:24)
          at innerInvokeEventListeners (/app/node_modules/.pnpm/jsdom@20.0.3/node_modules/jsdom/lib/jsdom/living/events/EventTarget-impl.js:353:9)
          at invokeEventListeners (/app/node_modules/.pnpm/jsdom@20.0.3/node_modules/jsdom/lib/jsdom/living/events/EventTarget-impl.js:286:3)
          at HTMLUnknownElementImpl._dispatch (/app/node_modules/.pnpm/jsdom@20.0.3/node_modules/jsdom/lib/jsdom/living/events/EventTarget-impl.js:233:9)
          at HTMLUnknownElementImpl.dispatchEvent (/app/node_modules/.pnpm/jsdom@20.0.3/node_modules/jsdom/lib/jsdom/living/events/EventTarget-impl.js:104:17)
          at HTMLUnknownElement.dispatchEvent (/app/node_modules/.pnpm/jsdom@20.0.3/node_modules/jsdom/lib/jsdom/living/generated/EventTarget.js:241:34)
          at Object.invokeGuardedCallbackDev (/app/node_modules/.pnpm/react-dom@18.3.1_react@18.3.1/node_modules/react-dom/cjs/react-dom.development.js:4213:16)
          at invokeGuardedCallback (/app/node_modules/.pnpm/react-dom@18.3.1_react@18.3.1/node_modules/react-dom/cjs/react-dom.development.js:4277:31)
          at beginWork$1 (/app/node_modules/.pnpm/react-dom@18.3.1_react@18.3.1/node_modules/react-dom/cjs/react-dom.development.js:27490:7)
          at performUnitOfWork (/app/node_modules/.pnpm/react-dom@18.3.1_react@18.3.1/node_modules/react-dom/cjs/react-dom.development.js:26599:12)
          at workLoopSync (/app/node_modules/.pnpm/react-dom@18.3.1_react@18.3.1/node_modules/react-dom/cjs/react-dom.development.js:26505:5)
          at renderRootSync (/app/node_modules/.pnpm/react-dom@18.3.1_react@18.3.1/node_modules/react-dom/cjs/react-dom.development.js:26473:7)
          at recoverFromConcurrentError (/app/node_modules/.pnpm/react-dom@18.3.1_react@18.3.1/node_modules/react-dom/cjs/react-dom.development.js:25889:20)
          at performConcurrentWorkOnRoot (/app/node_modules/.pnpm/react-dom@18.3.1_react@18.3.1/node_modules/react-dom/cjs/react-dom.development.js:25789:22)
          at flushActQueue (/app/node_modules/.pnpm/react@18.3.1/node_modules/react/cjs/react.development.js:2667:24)
          at act (/app/node_modules/.pnpm/react@18.3.1/node_modules/react/cjs/react.development.js:2582:11)
          at /app/node_modules/.pnpm/@testing-library+react@16.3.2_@testing-library+dom@10.4.1_@types+react-dom@18.3.7_@types+reac_3k5f6qynewwmkoqvlvtzlgtsjq/node_modules/@testing-library/react/dist/act-compat.js:46:25
          at renderRoot (/app/node_modules/.pnpm/@testing-library+react@16.3.2_@testing-library+dom@10.4.1_@types+react-dom@18.3.7_@types+reac_3k5f6qynewwmkoqvlvtzlgtsjq/node_modules/@testing-library/react/dist/pure.js:189:26)
          at render (/app/node_modules/.pnpm/@testing-library+react@16.3.2_@testing-library+dom@10.4.1_@types+react-dom@18.3.7_@types+reac_3k5f6qynewwmkoqvlvtzlgtsjq/node_modules/@testing-library/react/dist/pure.js:291:10)
          at Object.<anonymous> (/app/apps/admin/components/__tests__/permissions-table.test.tsx:73:11)
          at Promise.then.completed (/app/node_modules/.pnpm/jest-circus@29.7.0/node_modules/jest-circus/build/utils.js:298:28)
          at new Promise (<anonymous>)
          at callAsyncCircusFn (/app/node_modules/.pnpm/jest-circus@29.7.0/node_modules/jest-circus/build/utils.js:231:10)
          at _callCircusTest (/app/node_modules/.pnpm/jest-circus@29.7.0/node_modules/jest-circus/build/run.js:316:40)
          at processTicksAndRejections (node:internal/process/task_queues:103:5)
          at _runTest (/app/node_modules/.pnpm/jest-circus@29.7.0/node_modules/jest-circus/build/run.js:252:3)
          at _runTestsForDescribeBlock (/app/node_modules/.pnpm/jest-circus@29.7.0/node_modules/jest-circus/build/run.js:126:9)
          at _runTestsForDescribeBlock (/app/node_modules/.pnpm/jest-circus@29.7.0/node_modules/jest-circus/build/run.js:121:9)
          at run (/app/node_modules/.pnpm/jest-circus@29.7.0/node_modules/jest-circus/build/run.js:71:3)
          at runAndTransformResultsToJestFormat (/app/node_modules/.pnpm/jest-circus@29.7.0/node_modules/jest-circus/build/legacy-code-todo-rewrite/jestAdapterInit.js:122:21)
          at jestAdapter (/app/node_modules/.pnpm/jest-circus@29.7.0/node_modules/jest-circus/build/legacy-code-todo-rewrite/jestAdapter.js:79:19)
          at runTestInternal (/app/node_modules/.pnpm/jest-runner@29.7.0/node_modules/jest-runner/build/runTest.js:367:16)
          at runTest (/app/node_modules/.pnpm/jest-runner@29.7.0/node_modules/jest-runner/build/runTest.js:444:34)
          at Object.worker (/app/node_modules/.pnpm/jest-runner@29.7.0/node_modules/jest-runner/build/testWorker.js:106:12) {
        detail: Error: `Tooltip` must be used within `TooltipProvider`
            at useContext2 (/app/node_modules/.pnpm/@radix-ui+react-context@1.1.2_@types+react@18.3.29_react@18.3.1/node_modules/@radix-ui/react-context/src/create-context.tsx:75:13)
            at Tooltip (/app/node_modules/.pnpm/@radix-ui+react-tooltip@1.2.8_@types+react-dom@18.3.7_@types+react@18.3.29__@types+react@18.3_xrwsnt2rmlacewwolijhmzdoxi/node_modules/@radix-ui/react-tooltip/src/tooltip.tsx:162:27)
            at renderWithHooks (/app/node_modules/.pnpm/react-dom@18.3.1_react@18.3.1/node_modules/react-dom/cjs/react-dom.development.js:15486:18)
            at mountIndeterminateComponent (/app/node_modules/.pnpm/react-dom@18.3.1_react@18.3.1/node_modules/react-dom/cjs/react-dom.development.js:20103:13)
            at beginWork (/app/node_modules/.pnpm/react-dom@18.3.1_react@18.3.1/node_modules/react-dom/cjs/react-dom.development.js:21626:16)
            at HTMLUnknownElement.callCallback (/app/node_modules/.pnpm/react-dom@18.3.1_react@18.3.1/node_modules/react-dom/cjs/react-dom.development.js:4164:14)
            at HTMLUnknownElement.callTheUserObjectsOperation (/app/node_modules/.pnpm/jsdom@20.0.3/node_modules/jsdom/lib/jsdom/living/generated/EventListener.js:26:30)
            at innerInvokeEventListeners (/app/node_modules/.pnpm/jsdom@20.0.3/node_modules/jsdom/lib/jsdom/living/events/EventTarget-impl.js:350:25)
            at invokeEventListeners (/app/node_modules/.pnpm/jsdom@20.0.3/node_modules/jsdom/lib/jsdom/living/events/EventTarget-impl.js:286:3)
            at HTMLUnknownElementImpl._dispatch (/app/node_modules/.pnpm/jsdom@20.0.3/node_modules/jsdom/lib/jsdom/living/events/EventTarget-impl.js:233:9)
            at HTMLUnknownElementImpl.dispatchEvent (/app/node_modules/.pnpm/jsdom@20.0.3/node_modules/jsdom/lib/jsdom/living/events/EventTarget-impl.js:104:17)
            at HTMLUnknownElement.dispatchEvent (/app/node_modules/.pnpm/jsdom@20.0.3/node_modules/jsdom/lib/jsdom/living/generated/EventTarget.js:241:34)
            at Object.invokeGuardedCallbackDev (/app/node_modules/.pnpm/react-dom@18.3.1_react@18.3.1/node_modules/react-dom/cjs/react-dom.development.js:4213:16)
            at invokeGuardedCallback (/app/node_modules/.pnpm/react-dom@18.3.1_react@18.3.1/node_modules/react-dom/cjs/react-dom.development.js:4277:31)
            at beginWork$1 (/app/node_modules/.pnpm/react-dom@18.3.1_react@18.3.1/node_modules/react-dom/cjs/react-dom.development.js:27490:7)
            at performUnitOfWork (/app/node_modules/.pnpm/react-dom@18.3.1_react@18.3.1/node_modules/react-dom/cjs/react-dom.development.js:26599:12)
            at workLoopSync (/app/node_modules/.pnpm/react-dom@18.3.1_react@18.3.1/node_modules/react-dom/cjs/react-dom.development.js:26505:5)
            at renderRootSync (/app/node_modules/.pnpm/react-dom@18.3.1_react@18.3.1/node_modules/react-dom/cjs/react-dom.development.js:26473:7)
            at recoverFromConcurrentError (/app/node_modules/.pnpm/react-dom@18.3.1_react@18.3.1/node_modules/react-dom/cjs/react-dom.development.js:25889:20)
            at performConcurrentWorkOnRoot (/app/node_modules/.pnpm/react-dom@18.3.1_react@18.3.1/node_modules/react-dom/cjs/react-dom.development.js:25789:22)
            at flushActQueue (/app/node_modules/.pnpm/react@18.3.1/node_modules/react/cjs/react.development.js:2667:24)
            at act (/app/node_modules/.pnpm/react@18.3.1/node_modules/react/cjs/react.development.js:2582:11)
            at /app/node_modules/.pnpm/@testing-library+react@16.3.2_@testing-library+dom@10.4.1_@types+react-dom@18.3.7_@types+reac_3k5f6qynewwmkoqvlvtzlgtsjq/node_modules/@testing-library/react/dist/act-compat.js:46:25
            at renderRoot (/app/node_modules/.pnpm/@testing-library+react@16.3.2_@testing-library+dom@10.4.1_@types+react-dom@18.3.7_@types+reac_3k5f6qynewwmkoqvlvtzlgtsjq/node_modules/@testing-library/react/dist/pure.js:189:26)
            at render (/app/node_modules/.pnpm/@testing-library+react@16.3.2_@testing-library+dom@10.4.1_@types+react-dom@18.3.7_@types+reac_3k5f6qynewwmkoqvlvtzlgtsjq/node_modules/@testing-library/react/dist/pure.js:291:10)
            at Object.<anonymous> (/app/apps/admin/components/__tests__/permissions-table.test.tsx:73:11)
            at Promise.then.completed (/app/node_modules/.pnpm/jest-circus@29.7.0/node_modules/jest-circus/build/utils.js:298:28)
            at new Promise (<anonymous>)
            at callAsyncCircusFn (/app/node_modules/.pnpm/jest-circus@29.7.0/node_modules/jest-circus/build/utils.js:231:10)
            at _callCircusTest (/app/node_modules/.pnpm/jest-circus@29.7.0/node_modules/jest-circus/build/run.js:316:40)
            at processTicksAndRejections (node:internal/process/task_queues:103:5)
            at _runTest (/app/node_modules/.pnpm/jest-circus@29.7.0/node_modules/jest-circus/build/run.js:252:3)
            at _runTestsForDescribeBlock (/app/node_modules/.pnpm/jest-circus@29.7.0/node_modules/jest-circus/build/run.js:126:9)
            at _runTestsForDescribeBlock (/app/node_modules/.pnpm/jest-circus@29.7.0/node_modules/jest-circus/build/run.js:121:9)
            at run (/app/node_modules/.pnpm/jest-circus@29.7.0/node_modules/jest-circus/build/run.js:71:3)
            at runAndTransformResultsToJestFormat (/app/node_modules/.pnpm/jest-circus@29.7.0/node_modules/jest-circus/build/legacy-code-todo-rewrite/jestAdapterInit.js:122:21)
            at jestAdapter (/app/node_modules/.pnpm/jest-circus@29.7.0/node_modules/jest-circus/build/legacy-code-todo-rewrite/jestAdapter.js:79:19)
            at runTestInternal (/app/node_modules/.pnpm/jest-runner@29.7.0/node_modules/jest-runner/build/runTest.js:367:16)
            at runTest (/app/node_modules/.pnpm/jest-runner@29.7.0/node_modules/jest-runner/build/runTest.js:444:34)
            at Object.worker (/app/node_modules/.pnpm/jest-runner@29.7.0/node_modules/jest-runner/build/testWorker.js:106:12),
        type: 'unhandled exception'
      }

      71 |
      72 |   it('clicking Delete opens AlertDialog with the permission name', async () => {
    > 73 |     render(withIntl(<PermissionsTable initial={initial} apps={apps} />))
         |           ^
      74 |     const deleteItems = screen.getAllByRole('menuitem', { name: en.permissions.actions.delete })
      75 |     fireEvent.click(deleteItems[0])
      76 |     const dialog = await screen.findByRole('alertdialog')

      at VirtualConsole.<anonymous> (../../node_modules/.pnpm/jest-environment-jsdom@29.7.0/node_modules/jest-environment-jsdom/build/index.js:63:23)
      at reportException (../../node_modules/.pnpm/jsdom@20.0.3/node_modules/jsdom/lib/jsdom/living/helpers/runtime-script-errors.js:70:28)
      at innerInvokeEventListeners (../../node_modules/.pnpm/jsdom@20.0.3/node_modules/jsdom/lib/jsdom/living/events/EventTarget-impl.js:353:9)
      at invokeEventListeners (../../node_modules/.pnpm/jsdom@20.0.3/node_modules/jsdom/lib/jsdom/living/events/EventTarget-impl.js:286:3)
      at HTMLUnknownElementImpl._dispatch (../../node_modules/.pnpm/jsdom@20.0.3/node_modules/jsdom/lib/jsdom/living/events/EventTarget-impl.js:233:9)
      at HTMLUnknownElementImpl.dispatchEvent (../../node_modules/.pnpm/jsdom@20.0.3/node_modules/jsdom/lib/jsdom/living/events/EventTarget-impl.js:104:17)
      at HTMLUnknownElement.dispatchEvent (../../node_modules/.pnpm/jsdom@20.0.3/node_modules/jsdom/lib/jsdom/living/generated/EventTarget.js:241:34)
      at Object.invokeGuardedCallbackDev (../../node_modules/.pnpm/react-dom@18.3.1_react@18.3.1/node_modules/react-dom/cjs/react-dom.development.js:4213:16)
      at invokeGuardedCallback (../../node_modules/.pnpm/react-dom@18.3.1_react@18.3.1/node_modules/react-dom/cjs/react-dom.development.js:4277:31)
      at beginWork$1 (../../node_modules/.pnpm/react-dom@18.3.1_react@18.3.1/node_modules/react-dom/cjs/react-dom.development.js:27490:7)
      at performUnitOfWork (../../node_modules/.pnpm/react-dom@18.3.1_react@18.3.1/node_modules/react-dom/cjs/react-dom.development.js:26599:12)
      at workLoopSync (../../node_modules/.pnpm/react-dom@18.3.1_react@18.3.1/node_modules/react-dom/cjs/react-dom.development.js:26505:5)
      at renderRootSync (../../node_modules/.pnpm/react-dom@18.3.1_react@18.3.1/node_modules/react-dom/cjs/react-dom.development.js:26473:7)
      at recoverFromConcurrentError (../../node_modules/.pnpm/react-dom@18.3.1_react@18.3.1/node_modules/react-dom/cjs/react-dom.development.js:25889:20)
      at performConcurrentWorkOnRoot (../../node_modules/.pnpm/react-dom@18.3.1_react@18.3.1/node_modules/react-dom/cjs/react-dom.development.js:25789:22)
      at flushActQueue (../../node_modules/.pnpm/react@18.3.1/node_modules/react/cjs/react.development.js:2667:24)
      at act (../../node_modules/.pnpm/react@18.3.1/node_modules/react/cjs/react.development.js:2582:11)
      at ../../node_modules/.pnpm/@testing-library+react@16.3.2_@testing-library+dom@10.4.1_@types+react-dom@18.3.7_@types+reac_3k5f6qynewwmkoqvlvtzlgtsjq/node_modules/@testing-library/react/dist/act-compat.js:46:25
      at renderRoot (../../node_modules/.pnpm/@testing-library+react@16.3.2_@testing-library+dom@10.4.1_@types+react-dom@18.3.7_@types+reac_3k5f6qynewwmkoqvlvtzlgtsjq/node_modules/@testing-library/react/dist/pure.js:189:26)
      at render (../../node_modules/.pnpm/@testing-library+react@16.3.2_@testing-library+dom@10.4.1_@types+react-dom@18.3.7_@types+reac_3k5f6qynewwmkoqvlvtzlgtsjq/node_modules/@testing-library/react/dist/pure.js:291:10)
      at Object.<anonymous> (components/__tests__/permissions-table.test.tsx:73:11)

    console.error
      Error: Uncaught [Error: `Tooltip` must be used within `TooltipProvider`]
          at reportException (/app/node_modules/.pnpm/jsdom@20.0.3/node_modules/jsdom/lib/jsdom/living/helpers/runtime-script-errors.js:66:24)
          at innerInvokeEventListeners (/app/node_modules/.pnpm/jsdom@20.0.3/node_modules/jsdom/lib/jsdom/living/events/EventTarget-impl.js:353:9)
          at invokeEventListeners (/app/node_modules/.pnpm/jsdom@20.0.3/node_modules/jsdom/lib/jsdom/living/events/EventTarget-impl.js:286:3)
          at HTMLUnknownElementImpl._dispatch (/app/node_modules/.pnpm/jsdom@20.0.3/node_modules/jsdom/lib/jsdom/living/events/EventTarget-impl.js:233:9)
          at HTMLUnknownElementImpl.dispatchEvent (/app/node_modules/.pnpm/jsdom@20.0.3/node_modules/jsdom/lib/jsdom/living/events/EventTarget-impl.js:104:17)
          at HTMLUnknownElement.dispatchEvent (/app/node_modules/.pnpm/jsdom@20.0.3/node_modules/jsdom/lib/jsdom/living/generated/EventTarget.js:241:34)
          at Object.invokeGuardedCallbackDev (/app/node_modules/.pnpm/react-dom@18.3.1_react@18.3.1/node_modules/react-dom/cjs/react-dom.development.js:4213:16)
          at invokeGuardedCallback (/app/node_modules/.pnpm/react-dom@18.3.1_react@18.3.1/node_modules/react-dom/cjs/react-dom.development.js:4277:31)
          at beginWork$1 (/app/node_modules/.pnpm/react-dom@18.3.1_react@18.3.1/node_modules/react-dom/cjs/react-dom.development.js:27490:7)
          at performUnitOfWork (/app/node_modules/.pnpm/react-dom@18.3.1_react@18.3.1/node_modules/react-dom/cjs/react-dom.development.js:26599:12)
          at workLoopSync (/app/node_modules/.pnpm/react-dom@18.3.1_react@18.3.1/node_modules/react-dom/cjs/react-dom.development.js:26505:5)
          at renderRootSync (/app/node_modules/.pnpm/react-dom@18.3.1_react@18.3.1/node_modules/react-dom/cjs/react-dom.development.js:26473:7)
          at recoverFromConcurrentError (/app/node_modules/.pnpm/react-dom@18.3.1_react@18.3.1/node_modules/react-dom/cjs/react-dom.development.js:25889:20)
          at performConcurrentWorkOnRoot (/app/node_modules/.pnpm/react-dom@18.3.1_react@18.3.1/node_modules/react-dom/cjs/react-dom.development.js:25789:22)
          at flushActQueue (/app/node_modules/.pnpm/react@18.3.1/node_modules/react/cjs/react.development.js:2667:24)
          at act (/app/node_modules/.pnpm/react@18.3.1/node_modules/react/cjs/react.development.js:2582:11)
          at /app/node_modules/.pnpm/@testing-library+react@16.3.2_@testing-library+dom@10.4.1_@types+react-dom@18.3.7_@types+reac_3k5f6qynewwmkoqvlvtzlgtsjq/node_modules/@testing-library/react/dist/act-compat.js:46:25
          at renderRoot (/app/node_modules/.pnpm/@testing-library+react@16.3.2_@testing-library+dom@10.4.1_@types+react-dom@18.3.7_@types+reac_3k5f6qynewwmkoqvlvtzlgtsjq/node_modules/@testing-library/react/dist/pure.js:189:26)
          at render (/app/node_modules/.pnpm/@testing-library+react@16.3.2_@testing-library+dom@10.4.1_@types+react-dom@18.3.7_@types+reac_3k5f6qynewwmkoqvlvtzlgtsjq/node_modules/@testing-library/react/dist/pure.js:291:10)
          at Object.<anonymous> (/app/apps/admin/components/__tests__/permissions-table.test.tsx:73:11)
          at Promise.then.completed (/app/node_modules/.pnpm/jest-circus@29.7.0/node_modules/jest-circus/build/utils.js:298:28)
          at new Promise (<anonymous>)
          at callAsyncCircusFn (/app/node_modules/.pnpm/jest-circus@29.7.0/node_modules/jest-circus/build/utils.js:231:10)
          at _callCircusTest (/app/node_modules/.pnpm/jest-circus@29.7.0/node_modules/jest-circus/build/run.js:316:40)
          at processTicksAndRejections (node:internal/process/task_queues:103:5)
          at _runTest (/app/node_modules/.pnpm/jest-circus@29.7.0/node_modules/jest-circus/build/run.js:252:3)
          at _runTestsForDescribeBlock (/app/node_modules/.pnpm/jest-circus@29.7.0/node_modules/jest-circus/build/run.js:126:9)
          at _runTestsForDescribeBlock (/app/node_modules/.pnpm/jest-circus@29.7.0/node_modules/jest-circus/build/run.js:121:9)
          at run (/app/node_modules/.pnpm/jest-circus@29.7.0/node_modules/jest-circus/build/run.js:71:3)
          at runAndTransformResultsToJestFormat (/app/node_modules/.pnpm/jest-circus@29.7.0/node_modules/jest-circus/build/legacy-code-todo-rewrite/jestAdapterInit.js:122:21)
          at jestAdapter (/app/node_modules/.pnpm/jest-circus@29.7.0/node_modules/jest-circus/build/legacy-code-todo-rewrite/jestAdapter.js:79:19)
          at runTestInternal (/app/node_modules/.pnpm/jest-runner@29.7.0/node_modules/jest-runner/build/runTest.js:367:16)
          at runTest (/app/node_modules/.pnpm/jest-runner@29.7.0/node_modules/jest-runner/build/runTest.js:444:34)
          at Object.worker (/app/node_modules/.pnpm/jest-runner@29.7.0/node_modules/jest-runner/build/testWorker.js:106:12) {
        detail: Error: `Tooltip` must be used within `TooltipProvider`
            at useContext2 (/app/node_modules/.pnpm/@radix-ui+react-context@1.1.2_@types+react@18.3.29_react@18.3.1/node_modules/@radix-ui/react-context/src/create-context.tsx:75:13)
            at Tooltip (/app/node_modules/.pnpm/@radix-ui+react-tooltip@1.2.8_@types+react-dom@18.3.7_@types+react@18.3.29__@types+react@18.3_xrwsnt2rmlacewwolijhmzdoxi/node_modules/@radix-ui/react-tooltip/src/tooltip.tsx:162:27)
            at renderWithHooks (/app/node_modules/.pnpm/react-dom@18.3.1_react@18.3.1/node_modules/react-dom/cjs/react-dom.development.js:15486:18)
            at mountIndeterminateComponent (/app/node_modules/.pnpm/react-dom@18.3.1_react@18.3.1/node_modules/react-dom/cjs/react-dom.development.js:20103:13)
            at beginWork (/app/node_modules/.pnpm/react-dom@18.3.1_react@18.3.1/node_modules/react-dom/cjs/react-dom.development.js:21626:16)
            at HTMLUnknownElement.callCallback (/app/node_modules/.pnpm/react-dom@18.3.1_react@18.3.1/node_modules/react-dom/cjs/react-dom.development.js:4164:14)
            at HTMLUnknownElement.callTheUserObjectsOperation (/app/node_modules/.pnpm/jsdom@20.0.3/node_modules/jsdom/lib/jsdom/living/generated/EventListener.js:26:30)
            at innerInvokeEventListeners (/app/node_modules/.pnpm/jsdom@20.0.3/node_modules/jsdom/lib/jsdom/living/events/EventTarget-impl.js:350:25)
            at invokeEventListeners (/app/node_modules/.pnpm/jsdom@20.0.3/node_modules/jsdom/lib/jsdom/living/events/EventTarget-impl.js:286:3)
            at HTMLUnknownElementImpl._dispatch (/app/node_modules/.pnpm/jsdom@20.0.3/node_modules/jsdom/lib/jsdom/living/events/EventTarget-impl.js:233:9)
            at HTMLUnknownElementImpl.dispatchEvent (/app/node_modules/.pnpm/jsdom@20.0.3/node_modules/jsdom/lib/jsdom/living/events/EventTarget-impl.js:104:17)
            at HTMLUnknownElement.dispatchEvent (/app/node_modules/.pnpm/jsdom@20.0.3/node_modules/jsdom/lib/jsdom/living/generated/EventTarget.js:241:34)
            at Object.invokeGuardedCallbackDev (/app/node_modules/.pnpm/react-dom@18.3.1_react@18.3.1/node_modules/react-dom/cjs/react-dom.development.js:4213:16)
            at invokeGuardedCallback (/app/node_modules/.pnpm/react-dom@18.3.1_react@18.3.1/node_modules/react-dom/cjs/react-dom.development.js:4277:31)
            at beginWork$1 (/app/node_modules/.pnpm/react-dom@18.3.1_react@18.3.1/node_modules/react-dom/cjs/react-dom.development.js:27490:7)
            at performUnitOfWork (/app/node_modules/.pnpm/react-dom@18.3.1_react@18.3.1/node_modules/react-dom/cjs/react-dom.development.js:26599:12)
            at workLoopSync (/app/node_modules/.pnpm/react-dom@18.3.1_react@18.3.1/node_modules/react-dom/cjs/react-dom.development.js:26505:5)
            at renderRootSync (/app/node_modules/.pnpm/react-dom@18.3.1_react@18.3.1/node_modules/react-dom/cjs/react-dom.development.js:26473:7)
            at recoverFromConcurrentError (/app/node_modules/.pnpm/react-dom@18.3.1_react@18.3.1/node_modules/react-dom/cjs/react-dom.development.js:25889:20)
            at performConcurrentWorkOnRoot (/app/node_modules/.pnpm/react-dom@18.3.1_react@18.3.1/node_modules/react-dom/cjs/react-dom.development.js:25789:22)
            at flushActQueue (/app/node_modules/.pnpm/react@18.3.1/node_modules/react/cjs/react.development.js:2667:24)
            at act (/app/node_modules/.pnpm/react@18.3.1/node_modules/react/cjs/react.development.js:2582:11)
            at /app/node_modules/.pnpm/@testing-library+react@16.3.2_@testing-library+dom@10.4.1_@types+react-dom@18.3.7_@types+reac_3k5f6qynewwmkoqvlvtzlgtsjq/node_modules/@testing-library/react/dist/act-compat.js:46:25
            at renderRoot (/app/node_modules/.pnpm/@testing-library+react@16.3.2_@testing-library+dom@10.4.1_@types+react-dom@18.3.7_@types+reac_3k5f6qynewwmkoqvlvtzlgtsjq/node_modules/@testing-library/react/dist/pure.js:189:26)
            at render (/app/node_modules/.pnpm/@testing-library+react@16.3.2_@testing-library+dom@10.4.1_@types+react-dom@18.3.7_@types+reac_3k5f6qynewwmkoqvlvtzlgtsjq/node_modules/@testing-library/react/dist/pure.js:291:10)
            at Object.<anonymous> (/app/apps/admin/components/__tests__/permissions-table.test.tsx:73:11)
            at Promise.then.completed (/app/node_modules/.pnpm/jest-circus@29.7.0/node_modules/jest-circus/build/utils.js:298:28)
            at new Promise (<anonymous>)
            at callAsyncCircusFn (/app/node_modules/.pnpm/jest-circus@29.7.0/node_modules/jest-circus/build/utils.js:231:10)
            at _callCircusTest (/app/node_modules/.pnpm/jest-circus@29.7.0/node_modules/jest-circus/build/run.js:316:40)
            at processTicksAndRejections (node:internal/process/task_queues:103:5)
            at _runTest (/app/node_modules/.pnpm/jest-circus@29.7.0/node_modules/jest-circus/build/run.js:252:3)
            at _runTestsForDescribeBlock (/app/node_modules/.pnpm/jest-circus@29.7.0/node_modules/jest-circus/build/run.js:126:9)
            at _runTestsForDescribeBlock (/app/node_modules/.pnpm/jest-circus@29.7.0/node_modules/jest-circus/build/run.js:121:9)
            at run (/app/node_modules/.pnpm/jest-circus@29.7.0/node_modules/jest-circus/build/run.js:71:3)
            at runAndTransformResultsToJestFormat (/app/node_modules/.pnpm/jest-circus@29.7.0/node_modules/jest-circus/build/legacy-code-todo-rewrite/jestAdapterInit.js:122:21)
            at jestAdapter (/app/node_modules/.pnpm/jest-circus@29.7.0/node_modules/jest-circus/build/legacy-code-todo-rewrite/jestAdapter.js:79:19)
            at runTestInternal (/app/node_modules/.pnpm/jest-runner@29.7.0/node_modules/jest-runner/build/runTest.js:367:16)
            at runTest (/app/node_modules/.pnpm/jest-runner@29.7.0/node_modules/jest-runner/build/runTest.js:444:34)
            at Object.worker (/app/node_modules/.pnpm/jest-runner@29.7.0/node_modules/jest-runner/build/testWorker.js:106:12),
        type: 'unhandled exception'
      }

      71 |
      72 |   it('clicking Delete opens AlertDialog with the permission name', async () => {
    > 73 |     render(withIntl(<PermissionsTable initial={initial} apps={apps} />))
         |           ^
      74 |     const deleteItems = screen.getAllByRole('menuitem', { name: en.permissions.actions.delete })
      75 |     fireEvent.click(deleteItems[0])
      76 |     const dialog = await screen.findByRole('alertdialog')

      at VirtualConsole.<anonymous> (../../node_modules/.pnpm/jest-environment-jsdom@29.7.0/node_modules/jest-environment-jsdom/build/index.js:63:23)
      at reportException (../../node_modules/.pnpm/jsdom@20.0.3/node_modules/jsdom/lib/jsdom/living/helpers/runtime-script-errors.js:70:28)
      at innerInvokeEventListeners (../../node_modules/.pnpm/jsdom@20.0.3/node_modules/jsdom/lib/jsdom/living/events/EventTarget-impl.js:353:9)
      at invokeEventListeners (../../node_modules/.pnpm/jsdom@20.0.3/node_modules/jsdom/lib/jsdom/living/events/EventTarget-impl.js:286:3)
      at HTMLUnknownElementImpl._dispatch (../../node_modules/.pnpm/jsdom@20.0.3/node_modules/jsdom/lib/jsdom/living/events/EventTarget-impl.js:233:9)
      at HTMLUnknownElementImpl.dispatchEvent (../../node_modules/.pnpm/jsdom@20.0.3/node_modules/jsdom/lib/jsdom/living/events/EventTarget-impl.js:104:17)
      at HTMLUnknownElement.dispatchEvent (../../node_modules/.pnpm/jsdom@20.0.3/node_modules/jsdom/lib/jsdom/living/generated/EventTarget.js:241:34)
      at Object.invokeGuardedCallbackDev (../../node_modules/.pnpm/react-dom@18.3.1_react@18.3.1/node_modules/react-dom/cjs/react-dom.development.js:4213:16)
      at invokeGuardedCallback (../../node_modules/.pnpm/react-dom@18.3.1_react@18.3.1/node_modules/react-dom/cjs/react-dom.development.js:4277:31)
      at beginWork$1 (../../node_modules/.pnpm/react-dom@18.3.1_react@18.3.1/node_modules/react-dom/cjs/react-dom.development.js:27490:7)
      at performUnitOfWork (../../node_modules/.pnpm/react-dom@18.3.1_react@18.3.1/node_modules/react-dom/cjs/react-dom.development.js:26599:12)
      at workLoopSync (../../node_modules/.pnpm/react-dom@18.3.1_react@18.3.1/node_modules/react-dom/cjs/react-dom.development.js:26505:5)
      at renderRootSync (../../node_modules/.pnpm/react-dom@18.3.1_react@18.3.1/node_modules/react-dom/cjs/react-dom.development.js:26473:7)
      at recoverFromConcurrentError (../../node_modules/.pnpm/react-dom@18.3.1_react@18.3.1/node_modules/react-dom/cjs/react-dom.development.js:25889:20)
      at performConcurrentWorkOnRoot (../../node_modules/.pnpm/react-dom@18.3.1_react@18.3.1/node_modules/react-dom/cjs/react-dom.development.js:25789:22)
      at flushActQueue (../../node_modules/.pnpm/react@18.3.1/node_modules/react/cjs/react.development.js:2667:24)
      at act (../../node_modules/.pnpm/react@18.3.1/node_modules/react/cjs/react.development.js:2582:11)
      at ../../node_modules/.pnpm/@testing-library+react@16.3.2_@testing-library+dom@10.4.1_@types+react-dom@18.3.7_@types+reac_3k5f6qynewwmkoqvlvtzlgtsjq/node_modules/@testing-library/react/dist/act-compat.js:46:25
      at renderRoot (../../node_modules/.pnpm/@testing-library+react@16.3.2_@testing-library+dom@10.4.1_@types+react-dom@18.3.7_@types+reac_3k5f6qynewwmkoqvlvtzlgtsjq/node_modules/@testing-library/react/dist/pure.js:189:26)
      at render (../../node_modules/.pnpm/@testing-library+react@16.3.2_@testing-library+dom@10.4.1_@types+react-dom@18.3.7_@types+reac_3k5f6qynewwmkoqvlvtzlgtsjq/node_modules/@testing-library/react/dist/pure.js:291:10)
      at Object.<anonymous> (components/__tests__/permissions-table.test.tsx:73:11)

    console.error
      The above error occurred in the <Tooltip> component:

          at Tooltip (/app/node_modules/.pnpm/@radix-ui+react-tooltip@1.2.8_@types+react-dom@18.3.7_@types+react@18.3.29__@types+react@18.3_xrwsnt2rmlacewwolijhmzdoxi/node_modules/@radix-ui/react-tooltip/src/tooltip.tsx:154:5)
          at div
          at cell (/app/apps/admin/components/permissions-table.tsx:83:16)
          at td
          at /app/packages/ui/src/components/ui/table.tsx:87:6
          at tr
          at /app/packages/ui/src/components/ui/table.tsx:57:6
          at tbody
          at /app/packages/ui/src/components/ui/table.tsx:30:6
          at table
          at div
          at /app/packages/ui/src/components/ui/table.tsx:8:6
          at DataTable (/app/packages/ui/src/components/data-table.tsx:23:36)
          at div
          at PermissionsTable (/app/apps/admin/components/permissions-table.tsx:22:36)
          at IntlProvider (/app/node_modules/.pnpm/use-intl@3.26.5_react@18.3.1/node_modules/use-intl/dist/development/_IntlProvider.js:16:5)
          at NextIntlClientProvider (/app/node_modules/.pnpm/next-intl@3.26.5_next@15.5.18_@babel+core@7.29.7_@opentelemetry+api@1.9.1_@playwright+test@1._uib3rlo2eksg3yll53rffkx7ea/node_modules/next-intl/dist/development/shared/NextIntlClientProvider.js:16:5)

      Consider adding an error boundary to your tree to customize error handling behavior.
      Visit https://reactjs.org/link/error-boundaries to learn more about error boundaries.

      71 |
      72 |   it('clicking Delete opens AlertDialog with the permission name', async () => {
    > 73 |     render(withIntl(<PermissionsTable initial={initial} apps={apps} />))
         |           ^
      74 |     const deleteItems = screen.getAllByRole('menuitem', { name: en.permissions.actions.delete })
      75 |     fireEvent.click(deleteItems[0])
      76 |     const dialog = await screen.findByRole('alertdialog')

      at logCapturedError (../../node_modules/.pnpm/react-dom@18.3.1_react@18.3.1/node_modules/react-dom/cjs/react-dom.development.js:18704:23)
      at update.callback (../../node_modules/.pnpm/react-dom@18.3.1_react@18.3.1/node_modules/react-dom/cjs/react-dom.development.js:18737:5)
      at callCallback (../../node_modules/.pnpm/react-dom@18.3.1_react@18.3.1/node_modules/react-dom/cjs/react-dom.development.js:15036:12)
      at commitUpdateQueue (../../node_modules/.pnpm/react-dom@18.3.1_react@18.3.1/node_modules/react-dom/cjs/react-dom.development.js:15057:9)
      at commitLayoutEffectOnFiber (../../node_modules/.pnpm/react-dom@18.3.1_react@18.3.1/node_modules/react-dom/cjs/react-dom.development.js:23430:13)
      at commitLayoutMountEffects_complete (../../node_modules/.pnpm/react-dom@18.3.1_react@18.3.1/node_modules/react-dom/cjs/react-dom.development.js:24727:9)
      at commitLayoutEffects_begin (../../node_modules/.pnpm/react-dom@18.3.1_react@18.3.1/node_modules/react-dom/cjs/react-dom.development.js:24713:7)
      at commitLayoutEffects (../../node_modules/.pnpm/react-dom@18.3.1_react@18.3.1/node_modules/react-dom/cjs/react-dom.development.js:24651:3)
      at commitRootImpl (../../node_modules/.pnpm/react-dom@18.3.1_react@18.3.1/node_modules/react-dom/cjs/react-dom.development.js:26862:5)
      at commitRoot (../../node_modules/.pnpm/react-dom@18.3.1_react@18.3.1/node_modules/react-dom/cjs/react-dom.development.js:26721:5)
      at finishConcurrentRender (../../node_modules/.pnpm/react-dom@18.3.1_react@18.3.1/node_modules/react-dom/cjs/react-dom.development.js:25931:9)
      at performConcurrentWorkOnRoot (../../node_modules/.pnpm/react-dom@18.3.1_react@18.3.1/node_modules/react-dom/cjs/react-dom.development.js:25848:7)
      at flushActQueue (../../node_modules/.pnpm/react@18.3.1/node_modules/react/cjs/react.development.js:2667:24)
      at act (../../node_modules/.pnpm/react@18.3.1/node_modules/react/cjs/react.development.js:2582:11)
      at ../../node_modules/.pnpm/@testing-library+react@16.3.2_@testing-library+dom@10.4.1_@types+react-dom@18.3.7_@types+reac_3k5f6qynewwmkoqvlvtzlgtsjq/node_modules/@testing-library/react/dist/act-compat.js:46:25
      at renderRoot (../../node_modules/.pnpm/@testing-library+react@16.3.2_@testing-library+dom@10.4.1_@types+react-dom@18.3.7_@types+reac_3k5f6qynewwmkoqvlvtzlgtsjq/node_modules/@testing-library/react/dist/pure.js:189:26)
      at render (../../node_modules/.pnpm/@testing-library+react@16.3.2_@testing-library+dom@10.4.1_@types+react-dom@18.3.7_@types+reac_3k5f6qynewwmkoqvlvtzlgtsjq/node_modules/@testing-library/react/dist/pure.js:291:10)
      at Object.<anonymous> (components/__tests__/permissions-table.test.tsx:73:11)

    console.error
      The above error occurred in the <Tooltip> component:

          at Tooltip (/app/node_modules/.pnpm/@radix-ui+react-tooltip@1.2.8_@types+react-dom@18.3.7_@types+react@18.3.29__@types+react@18.3_xrwsnt2rmlacewwolijhmzdoxi/node_modules/@radix-ui/react-tooltip/src/tooltip.tsx:154:5)
          at Passthrough (/app/apps/admin/components/__tests__/permissions-table.test.tsx:17:26)
          at cell (/app/apps/admin/components/permissions-table.tsx:124:16)
          at td
          at /app/packages/ui/src/components/ui/table.tsx:87:6
          at tr
          at /app/packages/ui/src/components/ui/table.tsx:57:6
          at tbody
          at /app/packages/ui/src/components/ui/table.tsx:30:6
          at table
          at div
          at /app/packages/ui/src/components/ui/table.tsx:8:6
          at DataTable (/app/packages/ui/src/components/data-table.tsx:23:36)
          at div
          at PermissionsTable (/app/apps/admin/components/permissions-table.tsx:22:36)
          at IntlProvider (/app/node_modules/.pnpm/use-intl@3.26.5_react@18.3.1/node_modules/use-intl/dist/development/_IntlProvider.js:16:5)
          at NextIntlClientProvider (/app/node_modules/.pnpm/next-intl@3.26.5_next@15.5.18_@babel+core@7.29.7_@opentelemetry+api@1.9.1_@playwright+test@1._uib3rlo2eksg3yll53rffkx7ea/node_modules/next-intl/dist/development/shared/NextIntlClientProvider.js:16:5)

      Consider adding an error boundary to your tree to customize error handling behavior.
      Visit https://reactjs.org/link/error-boundaries to learn more about error boundaries.

      71 |
      72 |   it('clicking Delete opens AlertDialog with the permission name', async () => {
    > 73 |     render(withIntl(<PermissionsTable initial={initial} apps={apps} />))
         |           ^
      74 |     const deleteItems = screen.getAllByRole('menuitem', { name: en.permissions.actions.delete })
      75 |     fireEvent.click(deleteItems[0])
      76 |     const dialog = await screen.findByRole('alertdialog')

      at logCapturedError (../../node_modules/.pnpm/react-dom@18.3.1_react@18.3.1/node_modules/react-dom/cjs/react-dom.development.js:18704:23)
      at update.callback (../../node_modules/.pnpm/react-dom@18.3.1_react@18.3.1/node_modules/react-dom/cjs/react-dom.development.js:18737:5)
      at callCallback (../../node_modules/.pnpm/react-dom@18.3.1_react@18.3.1/node_modules/react-dom/cjs/react-dom.development.js:15036:12)
      at commitUpdateQueue (../../node_modules/.pnpm/react-dom@18.3.1_react@18.3.1/node_modules/react-dom/cjs/react-dom.development.js:15057:9)
      at commitLayoutEffectOnFiber (../../node_modules/.pnpm/react-dom@18.3.1_react@18.3.1/node_modules/react-dom/cjs/react-dom.development.js:23430:13)
      at commitLayoutMountEffects_complete (../../node_modules/.pnpm/react-dom@18.3.1_react@18.3.1/node_modules/react-dom/cjs/react-dom.development.js:24727:9)
      at commitLayoutEffects_begin (../../node_modules/.pnpm/react-dom@18.3.1_react@18.3.1/node_modules/react-dom/cjs/react-dom.development.js:24713:7)
      at commitLayoutEffects (../../node_modules/.pnpm/react-dom@18.3.1_react@18.3.1/node_modules/react-dom/cjs/react-dom.development.js:24651:3)
      at commitRootImpl (../../node_modules/.pnpm/react-dom@18.3.1_react@18.3.1/node_modules/react-dom/cjs/react-dom.development.js:26862:5)
      at commitRoot (../../node_modules/.pnpm/react-dom@18.3.1_react@18.3.1/node_modules/react-dom/cjs/react-dom.development.js:26721:5)
      at finishConcurrentRender (../../node_modules/.pnpm/react-dom@18.3.1_react@18.3.1/node_modules/react-dom/cjs/react-dom.development.js:25931:9)
      at performConcurrentWorkOnRoot (../../node_modules/.pnpm/react-dom@18.3.1_react@18.3.1/node_modules/react-dom/cjs/react-dom.development.js:25848:7)
      at flushActQueue (../../node_modules/.pnpm/react@18.3.1/node_modules/react/cjs/react.development.js:2667:24)
      at act (../../node_modules/.pnpm/react@18.3.1/node_modules/react/cjs/react.development.js:2582:11)
      at ../../node_modules/.pnpm/@testing-library+react@16.3.2_@testing-library+dom@10.4.1_@types+react-dom@18.3.7_@types+reac_3k5f6qynewwmkoqvlvtzlgtsjq/node_modules/@testing-library/react/dist/act-compat.js:46:25
      at renderRoot (../../node_modules/.pnpm/@testing-library+react@16.3.2_@testing-library+dom@10.4.1_@types+react-dom@18.3.7_@types+reac_3k5f6qynewwmkoqvlvtzlgtsjq/node_modules/@testing-library/react/dist/pure.js:189:26)
      at render (../../node_modules/.pnpm/@testing-library+react@16.3.2_@testing-library+dom@10.4.1_@types+react-dom@18.3.7_@types+reac_3k5f6qynewwmkoqvlvtzlgtsjq/node_modules/@testing-library/react/dist/pure.js:291:10)
      at Object.<anonymous> (components/__tests__/permissions-table.test.tsx:73:11)

    console.error
      The above error occurred in the <Tooltip> component:

          at Tooltip (/app/node_modules/.pnpm/@radix-ui+react-tooltip@1.2.8_@types+react-dom@18.3.7_@types+react@18.3.29__@types+react@18.3_xrwsnt2rmlacewwolijhmzdoxi/node_modules/@radix-ui/react-tooltip/src/tooltip.tsx:154:5)
          at div
          at cell (/app/apps/admin/components/permissions-table.tsx:83:16)
          at td
          at /app/packages/ui/src/components/ui/table.tsx:87:6
          at tr
          at /app/packages/ui/src/components/ui/table.tsx:57:6
          at tbody
          at /app/packages/ui/src/components/ui/table.tsx:30:6
          at table
          at div
          at /app/packages/ui/src/components/ui/table.tsx:8:6
          at DataTable (/app/packages/ui/src/components/data-table.tsx:23:36)
          at div
          at PermissionsTable (/app/apps/admin/components/permissions-table.tsx:22:36)
          at IntlProvider (/app/node_modules/.pnpm/use-intl@3.26.5_react@18.3.1/node_modules/use-intl/dist/development/_IntlProvider.js:16:5)
          at NextIntlClientProvider (/app/node_modules/.pnpm/next-intl@3.26.5_next@15.5.18_@babel+core@7.29.7_@opentelemetry+api@1.9.1_@playwright+test@1._uib3rlo2eksg3yll53rffkx7ea/node_modules/next-intl/dist/development/shared/NextIntlClientProvider.js:16:5)

      Consider adding an error boundary to your tree to customize error handling behavior.
      Visit https://reactjs.org/link/error-boundaries to learn more about error boundaries.

      71 |
      72 |   it('clicking Delete opens AlertDialog with the permission name', async () => {
    > 73 |     render(withIntl(<PermissionsTable initial={initial} apps={apps} />))
         |           ^
      74 |     const deleteItems = screen.getAllByRole('menuitem', { name: en.permissions.actions.delete })
      75 |     fireEvent.click(deleteItems[0])
      76 |     const dialog = await screen.findByRole('alertdialog')

      at logCapturedError (../../node_modules/.pnpm/react-dom@18.3.1_react@18.3.1/node_modules/react-dom/cjs/react-dom.development.js:18704:23)
      at update.callback (../../node_modules/.pnpm/react-dom@18.3.1_react@18.3.1/node_modules/react-dom/cjs/react-dom.development.js:18737:5)
      at callCallback (../../node_modules/.pnpm/react-dom@18.3.1_react@18.3.1/node_modules/react-dom/cjs/react-dom.development.js:15036:12)
      at commitUpdateQueue (../../node_modules/.pnpm/react-dom@18.3.1_react@18.3.1/node_modules/react-dom/cjs/react-dom.development.js:15057:9)
      at commitLayoutEffectOnFiber (../../node_modules/.pnpm/react-dom@18.3.1_react@18.3.1/node_modules/react-dom/cjs/react-dom.development.js:23430:13)
      at commitLayoutMountEffects_complete (../../node_modules/.pnpm/react-dom@18.3.1_react@18.3.1/node_modules/react-dom/cjs/react-dom.development.js:24727:9)
      at commitLayoutEffects_begin (../../node_modules/.pnpm/react-dom@18.3.1_react@18.3.1/node_modules/react-dom/cjs/react-dom.development.js:24713:7)
      at commitLayoutEffects (../../node_modules/.pnpm/react-dom@18.3.1_react@18.3.1/node_modules/react-dom/cjs/react-dom.development.js:24651:3)
      at commitRootImpl (../../node_modules/.pnpm/react-dom@18.3.1_react@18.3.1/node_modules/react-dom/cjs/react-dom.development.js:26862:5)
      at commitRoot (../../node_modules/.pnpm/react-dom@18.3.1_react@18.3.1/node_modules/react-dom/cjs/react-dom.development.js:26721:5)
      at finishConcurrentRender (../../node_modules/.pnpm/react-dom@18.3.1_react@18.3.1/node_modules/react-dom/cjs/react-dom.development.js:25931:9)
      at performConcurrentWorkOnRoot (../../node_modules/.pnpm/react-dom@18.3.1_react@18.3.1/node_modules/react-dom/cjs/react-dom.development.js:25848:7)
      at flushActQueue (../../node_modules/.pnpm/react@18.3.1/node_modules/react/cjs/react.development.js:2667:24)
      at act (../../node_modules/.pnpm/react@18.3.1/node_modules/react/cjs/react.development.js:2582:11)
      at ../../node_modules/.pnpm/@testing-library+react@16.3.2_@testing-library+dom@10.4.1_@types+react-dom@18.3.7_@types+reac_3k5f6qynewwmkoqvlvtzlgtsjq/node_modules/@testing-library/react/dist/act-compat.js:46:25
      at renderRoot (../../node_modules/.pnpm/@testing-library+react@16.3.2_@testing-library+dom@10.4.1_@types+react-dom@18.3.7_@types+reac_3k5f6qynewwmkoqvlvtzlgtsjq/node_modules/@testing-library/react/dist/pure.js:189:26)
      at render (../../node_modules/.pnpm/@testing-library+react@16.3.2_@testing-library+dom@10.4.1_@types+react-dom@18.3.7_@types+reac_3k5f6qynewwmkoqvlvtzlgtsjq/node_modules/@testing-library/react/dist/pure.js:291:10)
      at Object.<anonymous> (components/__tests__/permissions-table.test.tsx:73:11)

    console.error
      The above error occurred in the <Tooltip> component:

          at Tooltip (/app/node_modules/.pnpm/@radix-ui+react-tooltip@1.2.8_@types+react-dom@18.3.7_@types+react@18.3.29__@types+react@18.3_xrwsnt2rmlacewwolijhmzdoxi/node_modules/@radix-ui/react-tooltip/src/tooltip.tsx:154:5)
          at Passthrough (/app/apps/admin/components/__tests__/permissions-table.test.tsx:17:26)
          at cell (/app/apps/admin/components/permissions-table.tsx:124:16)
          at td
          at /app/packages/ui/src/components/ui/table.tsx:87:6
          at tr
          at /app/packages/ui/src/components/ui/table.tsx:57:6
          at tbody
          at /app/packages/ui/src/components/ui/table.tsx:30:6
          at table
          at div
          at /app/packages/ui/src/components/ui/table.tsx:8:6
          at DataTable (/app/packages/ui/src/components/data-table.tsx:23:36)
          at div
          at PermissionsTable (/app/apps/admin/components/permissions-table.tsx:22:36)
          at IntlProvider (/app/node_modules/.pnpm/use-intl@3.26.5_react@18.3.1/node_modules/use-intl/dist/development/_IntlProvider.js:16:5)
          at NextIntlClientProvider (/app/node_modules/.pnpm/next-intl@3.26.5_next@15.5.18_@babel+core@7.29.7_@opentelemetry+api@1.9.1_@playwright+test@1._uib3rlo2eksg3yll53rffkx7ea/node_modules/next-intl/dist/development/shared/NextIntlClientProvider.js:16:5)

      Consider adding an error boundary to your tree to customize error handling behavior.
      Visit https://reactjs.org/link/error-boundaries to learn more about error boundaries.

      71 |
      72 |   it('clicking Delete opens AlertDialog with the permission name', async () => {
    > 73 |     render(withIntl(<PermissionsTable initial={initial} apps={apps} />))
         |           ^
      74 |     const deleteItems = screen.getAllByRole('menuitem', { name: en.permissions.actions.delete })
      75 |     fireEvent.click(deleteItems[0])
      76 |     const dialog = await screen.findByRole('alertdialog')

      at logCapturedError (../../node_modules/.pnpm/react-dom@18.3.1_react@18.3.1/node_modules/react-dom/cjs/react-dom.development.js:18704:23)
      at update.callback (../../node_modules/.pnpm/react-dom@18.3.1_react@18.3.1/node_modules/react-dom/cjs/react-dom.development.js:18737:5)
      at callCallback (../../node_modules/.pnpm/react-dom@18.3.1_react@18.3.1/node_modules/react-dom/cjs/react-dom.development.js:15036:12)
      at commitUpdateQueue (../../node_modules/.pnpm/react-dom@18.3.1_react@18.3.1/node_modules/react-dom/cjs/react-dom.development.js:15057:9)
      at commitLayoutEffectOnFiber (../../node_modules/.pnpm/react-dom@18.3.1_react@18.3.1/node_modules/react-dom/cjs/react-dom.development.js:23430:13)
      at commitLayoutMountEffects_complete (../../node_modules/.pnpm/react-dom@18.3.1_react@18.3.1/node_modules/react-dom/cjs/react-dom.development.js:24727:9)
      at commitLayoutEffects_begin (../../node_modules/.pnpm/react-dom@18.3.1_react@18.3.1/node_modules/react-dom/cjs/react-dom.development.js:24713:7)
      at commitLayoutEffects (../../node_modules/.pnpm/react-dom@18.3.1_react@18.3.1/node_modules/react-dom/cjs/react-dom.development.js:24651:3)
      at commitRootImpl (../../node_modules/.pnpm/react-dom@18.3.1_react@18.3.1/node_modules/react-dom/cjs/react-dom.development.js:26862:5)
      at commitRoot (../../node_modules/.pnpm/react-dom@18.3.1_react@18.3.1/node_modules/react-dom/cjs/react-dom.development.js:26721:5)
      at finishConcurrentRender (../../node_modules/.pnpm/react-dom@18.3.1_react@18.3.1/node_modules/react-dom/cjs/react-dom.development.js:25931:9)
      at performConcurrentWorkOnRoot (../../node_modules/.pnpm/react-dom@18.3.1_react@18.3.1/node_modules/react-dom/cjs/react-dom.development.js:25848:7)
      at flushActQueue (../../node_modules/.pnpm/react@18.3.1/node_modules/react/cjs/react.development.js:2667:24)
      at act (../../node_modules/.pnpm/react@18.3.1/node_modules/react/cjs/react.development.js:2582:11)
      at ../../node_modules/.pnpm/@testing-library+react@16.3.2_@testing-library+dom@10.4.1_@types+react-dom@18.3.7_@types+reac_3k5f6qynewwmkoqvlvtzlgtsjq/node_modules/@testing-library/react/dist/act-compat.js:46:25
      at renderRoot (../../node_modules/.pnpm/@testing-library+react@16.3.2_@testing-library+dom@10.4.1_@types+react-dom@18.3.7_@types+reac_3k5f6qynewwmkoqvlvtzlgtsjq/node_modules/@testing-library/react/dist/pure.js:189:26)
      at render (../../node_modules/.pnpm/@testing-library+react@16.3.2_@testing-library+dom@10.4.1_@types+react-dom@18.3.7_@types+reac_3k5f6qynewwmkoqvlvtzlgtsjq/node_modules/@testing-library/react/dist/pure.js:291:10)
      at Object.<anonymous> (components/__tests__/permissions-table.test.tsx:73:11)

    console.error
      Error: Uncaught [Error: `Tooltip` must be used within `TooltipProvider`]
          at reportException (/app/node_modules/.pnpm/jsdom@20.0.3/node_modules/jsdom/lib/jsdom/living/helpers/runtime-script-errors.js:66:24)
          at innerInvokeEventListeners (/app/node_modules/.pnpm/jsdom@20.0.3/node_modules/jsdom/lib/jsdom/living/events/EventTarget-impl.js:353:9)
          at invokeEventListeners (/app/node_modules/.pnpm/jsdom@20.0.3/node_modules/jsdom/lib/jsdom/living/events/EventTarget-impl.js:286:3)
          at HTMLUnknownElementImpl._dispatch (/app/node_modules/.pnpm/jsdom@20.0.3/node_modules/jsdom/lib/jsdom/living/events/EventTarget-impl.js:233:9)
          at HTMLUnknownElementImpl.dispatchEvent (/app/node_modules/.pnpm/jsdom@20.0.3/node_modules/jsdom/lib/jsdom/living/events/EventTarget-impl.js:104:17)
          at HTMLUnknownElement.dispatchEvent (/app/node_modules/.pnpm/jsdom@20.0.3/node_modules/jsdom/lib/jsdom/living/generated/EventTarget.js:241:34)
          at Object.invokeGuardedCallbackDev (/app/node_modules/.pnpm/react-dom@18.3.1_react@18.3.1/node_modules/react-dom/cjs/react-dom.development.js:4213:16)
          at invokeGuardedCallback (/app/node_modules/.pnpm/react-dom@18.3.1_react@18.3.1/node_modules/react-dom/cjs/react-dom.development.js:4277:31)
          at beginWork$1 (/app/node_modules/.pnpm/react-dom@18.3.1_react@18.3.1/node_modules/react-dom/cjs/react-dom.development.js:27490:7)
          at performUnitOfWork (/app/node_modules/.pnpm/react-dom@18.3.1_react@18.3.1/node_modules/react-dom/cjs/react-dom.development.js:26599:12)
          at workLoopSync (/app/node_modules/.pnpm/react-dom@18.3.1_react@18.3.1/node_modules/react-dom/cjs/react-dom.development.js:26505:5)
          at renderRootSync (/app/node_modules/.pnpm/react-dom@18.3.1_react@18.3.1/node_modules/react-dom/cjs/react-dom.development.js:26473:7)
          at performConcurrentWorkOnRoot (/app/node_modules/.pnpm/react-dom@18.3.1_react@18.3.1/node_modules/react-dom/cjs/react-dom.development.js:25777:74)
          at flushActQueue (/app/node_modules/.pnpm/react@18.3.1/node_modules/react/cjs/react.development.js:2667:24)
          at act (/app/node_modules/.pnpm/react@18.3.1/node_modules/react/cjs/react.development.js:2582:11)
          at /app/node_modules/.pnpm/@testing-library+react@16.3.2_@testing-library+dom@10.4.1_@types+react-dom@18.3.7_@types+reac_3k5f6qynewwmkoqvlvtzlgtsjq/node_modules/@testing-library/react/dist/act-compat.js:46:25
          at renderRoot (/app/node_modules/.pnpm/@testing-library+react@16.3.2_@testing-library+dom@10.4.1_@types+react-dom@18.3.7_@types+reac_3k5f6qynewwmkoqvlvtzlgtsjq/node_modules/@testing-library/react/dist/pure.js:189:26)
          at render (/app/node_modules/.pnpm/@testing-library+react@16.3.2_@testing-library+dom@10.4.1_@types+react-dom@18.3.7_@types+reac_3k5f6qynewwmkoqvlvtzlgtsjq/node_modules/@testing-library/react/dist/pure.js:291:10)
          at Object.<anonymous> (/app/apps/admin/components/__tests__/permissions-table.test.tsx:87:11)
          at Promise.then.completed (/app/node_modules/.pnpm/jest-circus@29.7.0/node_modules/jest-circus/build/utils.js:298:28)
          at new Promise (<anonymous>)
          at callAsyncCircusFn (/app/node_modules/.pnpm/jest-circus@29.7.0/node_modules/jest-circus/build/utils.js:231:10)
          at _callCircusTest (/app/node_modules/.pnpm/jest-circus@29.7.0/node_modules/jest-circus/build/run.js:316:40)
          at processTicksAndRejections (node:internal/process/task_queues:103:5)
          at _runTest (/app/node_modules/.pnpm/jest-circus@29.7.0/node_modules/jest-circus/build/run.js:252:3)
          at _runTestsForDescribeBlock (/app/node_modules/.pnpm/jest-circus@29.7.0/node_modules/jest-circus/build/run.js:126:9)
          at _runTestsForDescribeBlock (/app/node_modules/.pnpm/jest-circus@29.7.0/node_modules/jest-circus/build/run.js:121:9)
          at run (/app/node_modules/.pnpm/jest-circus@29.7.0/node_modules/jest-circus/build/run.js:71:3)
          at runAndTransformResultsToJestFormat (/app/node_modules/.pnpm/jest-circus@29.7.0/node_modules/jest-circus/build/legacy-code-todo-rewrite/jestAdapterInit.js:122:21)
          at jestAdapter (/app/node_modules/.pnpm/jest-circus@29.7.0/node_modules/jest-circus/build/legacy-code-todo-rewrite/jestAdapter.js:79:19)
          at runTestInternal (/app/node_modules/.pnpm/jest-runner@29.7.0/node_modules/jest-runner/build/runTest.js:367:16)
          at runTest (/app/node_modules/.pnpm/jest-runner@29.7.0/node_modules/jest-runner/build/runTest.js:444:34)
          at Object.worker (/app/node_modules/.pnpm/jest-runner@29.7.0/node_modules/jest-runner/build/testWorker.js:106:12) {
        detail: Error: `Tooltip` must be used within `TooltipProvider`
            at useContext2 (/app/node_modules/.pnpm/@radix-ui+react-context@1.1.2_@types+react@18.3.29_react@18.3.1/node_modules/@radix-ui/react-context/src/create-context.tsx:75:13)
            at Tooltip (/app/node_modules/.pnpm/@radix-ui+react-tooltip@1.2.8_@types+react-dom@18.3.7_@types+react@18.3.29__@types+react@18.3_xrwsnt2rmlacewwolijhmzdoxi/node_modules/@radix-ui/react-tooltip/src/tooltip.tsx:162:27)
            at renderWithHooks (/app/node_modules/.pnpm/react-dom@18.3.1_react@18.3.1/node_modules/react-dom/cjs/react-dom.development.js:15486:18)
            at mountIndeterminateComponent (/app/node_modules/.pnpm/react-dom@18.3.1_react@18.3.1/node_modules/react-dom/cjs/react-dom.development.js:20103:13)
            at beginWork (/app/node_modules/.pnpm/react-dom@18.3.1_react@18.3.1/node_modules/react-dom/cjs/react-dom.development.js:21626:16)
            at HTMLUnknownElement.callCallback (/app/node_modules/.pnpm/react-dom@18.3.1_react@18.3.1/node_modules/react-dom/cjs/react-dom.development.js:4164:14)
            at HTMLUnknownElement.callTheUserObjectsOperation (/app/node_modules/.pnpm/jsdom@20.0.3/node_modules/jsdom/lib/jsdom/living/generated/EventListener.js:26:30)
            at innerInvokeEventListeners (/app/node_modules/.pnpm/jsdom@20.0.3/node_modules/jsdom/lib/jsdom/living/events/EventTarget-impl.js:350:25)
            at invokeEventListeners (/app/node_modules/.pnpm/jsdom@20.0.3/node_modules/jsdom/lib/jsdom/living/events/EventTarget-impl.js:286:3)
            at HTMLUnknownElementImpl._dispatch (/app/node_modules/.pnpm/jsdom@20.0.3/node_modules/jsdom/lib/jsdom/living/events/EventTarget-impl.js:233:9)
            at HTMLUnknownElementImpl.dispatchEvent (/app/node_modules/.pnpm/jsdom@20.0.3/node_modules/jsdom/lib/jsdom/living/events/EventTarget-impl.js:104:17)
            at HTMLUnknownElement.dispatchEvent (/app/node_modules/.pnpm/jsdom@20.0.3/node_modules/jsdom/lib/jsdom/living/generated/EventTarget.js:241:34)
            at Object.invokeGuardedCallbackDev (/app/node_modules/.pnpm/react-dom@18.3.1_react@18.3.1/node_modules/react-dom/cjs/react-dom.development.js:4213:16)
            at invokeGuardedCallback (/app/node_modules/.pnpm/react-dom@18.3.1_react@18.3.1/node_modules/react-dom/cjs/react-dom.development.js:4277:31)
            at beginWork$1 (/app/node_modules/.pnpm/react-dom@18.3.1_react@18.3.1/node_modules/react-dom/cjs/react-dom.development.js:27490:7)
            at performUnitOfWork (/app/node_modules/.pnpm/react-dom@18.3.1_react@18.3.1/node_modules/react-dom/cjs/react-dom.development.js:26599:12)
            at workLoopSync (/app/node_modules/.pnpm/react-dom@18.3.1_react@18.3.1/node_modules/react-dom/cjs/react-dom.development.js:26505:5)
            at renderRootSync (/app/node_modules/.pnpm/react-dom@18.3.1_react@18.3.1/node_modules/react-dom/cjs/react-dom.development.js:26473:7)
            at performConcurrentWorkOnRoot (/app/node_modules/.pnpm/react-dom@18.3.1_react@18.3.1/node_modules/react-dom/cjs/react-dom.development.js:25777:74)
            at flushActQueue (/app/node_modules/.pnpm/react@18.3.1/node_modules/react/cjs/react.development.js:2667:24)
            at act (/app/node_modules/.pnpm/react@18.3.1/node_modules/react/cjs/react.development.js:2582:11)
            at /app/node_modules/.pnpm/@testing-library+react@16.3.2_@testing-library+dom@10.4.1_@types+react-dom@18.3.7_@types+reac_3k5f6qynewwmkoqvlvtzlgtsjq/node_modules/@testing-library/react/dist/act-compat.js:46:25
            at renderRoot (/app/node_modules/.pnpm/@testing-library+react@16.3.2_@testing-library+dom@10.4.1_@types+react-dom@18.3.7_@types+reac_3k5f6qynewwmkoqvlvtzlgtsjq/node_modules/@testing-library/react/dist/pure.js:189:26)
            at render (/app/node_modules/.pnpm/@testing-library+react@16.3.2_@testing-library+dom@10.4.1_@types+react-dom@18.3.7_@types+reac_3k5f6qynewwmkoqvlvtzlgtsjq/node_modules/@testing-library/react/dist/pure.js:291:10)
            at Object.<anonymous> (/app/apps/admin/components/__tests__/permissions-table.test.tsx:87:11)
            at Promise.then.completed (/app/node_modules/.pnpm/jest-circus@29.7.0/node_modules/jest-circus/build/utils.js:298:28)
            at new Promise (<anonymous>)
            at callAsyncCircusFn (/app/node_modules/.pnpm/jest-circus@29.7.0/node_modules/jest-circus/build/utils.js:231:10)
            at _callCircusTest (/app/node_modules/.pnpm/jest-circus@29.7.0/node_modules/jest-circus/build/run.js:316:40)
            at processTicksAndRejections (node:internal/process/task_queues:103:5)
            at _runTest (/app/node_modules/.pnpm/jest-circus@29.7.0/node_modules/jest-circus/build/run.js:252:3)
            at _runTestsForDescribeBlock (/app/node_modules/.pnpm/jest-circus@29.7.0/node_modules/jest-circus/build/run.js:126:9)
            at _runTestsForDescribeBlock (/app/node_modules/.pnpm/jest-circus@29.7.0/node_modules/jest-circus/build/run.js:121:9)
            at run (/app/node_modules/.pnpm/jest-circus@29.7.0/node_modules/jest-circus/build/run.js:71:3)
            at runAndTransformResultsToJestFormat (/app/node_modules/.pnpm/jest-circus@29.7.0/node_modules/jest-circus/build/legacy-code-todo-rewrite/jestAdapterInit.js:122:21)
            at jestAdapter (/app/node_modules/.pnpm/jest-circus@29.7.0/node_modules/jest-circus/build/legacy-code-todo-rewrite/jestAdapter.js:79:19)
            at runTestInternal (/app/node_modules/.pnpm/jest-runner@29.7.0/node_modules/jest-runner/build/runTest.js:367:16)
            at runTest (/app/node_modules/.pnpm/jest-runner@29.7.0/node_modules/jest-runner/build/runTest.js:444:34)
            at Object.worker (/app/node_modules/.pnpm/jest-runner@29.7.0/node_modules/jest-runner/build/testWorker.js:106:12),
        type: 'unhandled exception'
      }

      85 |       total: 1, page: 1, pageSize: 25,
      86 |     }
    > 87 |     render(withIntl(<PermissionsTable initial={systemInitial} apps={apps} />))
         |           ^
      88 |     expect(screen.getByText(en.permissions.badges.system)).toBeInTheDocument()
      89 |     expect(screen.queryByText(en.permissions.badges.platform)).not.toBeInTheDocument()
      90 |   })

      at VirtualConsole.<anonymous> (../../node_modules/.pnpm/jest-environment-jsdom@29.7.0/node_modules/jest-environment-jsdom/build/index.js:63:23)
      at reportException (../../node_modules/.pnpm/jsdom@20.0.3/node_modules/jsdom/lib/jsdom/living/helpers/runtime-script-errors.js:70:28)
      at innerInvokeEventListeners (../../node_modules/.pnpm/jsdom@20.0.3/node_modules/jsdom/lib/jsdom/living/events/EventTarget-impl.js:353:9)
      at invokeEventListeners (../../node_modules/.pnpm/jsdom@20.0.3/node_modules/jsdom/lib/jsdom/living/events/EventTarget-impl.js:286:3)
      at HTMLUnknownElementImpl._dispatch (../../node_modules/.pnpm/jsdom@20.0.3/node_modules/jsdom/lib/jsdom/living/events/EventTarget-impl.js:233:9)
      at HTMLUnknownElementImpl.dispatchEvent (../../node_modules/.pnpm/jsdom@20.0.3/node_modules/jsdom/lib/jsdom/living/events/EventTarget-impl.js:104:17)
      at HTMLUnknownElement.dispatchEvent (../../node_modules/.pnpm/jsdom@20.0.3/node_modules/jsdom/lib/jsdom/living/generated/EventTarget.js:241:34)
      at Object.invokeGuardedCallbackDev (../../node_modules/.pnpm/react-dom@18.3.1_react@18.3.1/node_modules/react-dom/cjs/react-dom.development.js:4213:16)
      at invokeGuardedCallback (../../node_modules/.pnpm/react-dom@18.3.1_react@18.3.1/node_modules/react-dom/cjs/react-dom.development.js:4277:31)
      at beginWork$1 (../../node_modules/.pnpm/react-dom@18.3.1_react@18.3.1/node_modules/react-dom/cjs/react-dom.development.js:27490:7)
      at performUnitOfWork (../../node_modules/.pnpm/react-dom@18.3.1_react@18.3.1/node_modules/react-dom/cjs/react-dom.development.js:26599:12)
      at workLoopSync (../../node_modules/.pnpm/react-dom@18.3.1_react@18.3.1/node_modules/react-dom/cjs/react-dom.development.js:26505:5)
      at renderRootSync (../../node_modules/.pnpm/react-dom@18.3.1_react@18.3.1/node_modules/react-dom/cjs/react-dom.development.js:26473:7)
      at performConcurrentWorkOnRoot (../../node_modules/.pnpm/react-dom@18.3.1_react@18.3.1/node_modules/react-dom/cjs/react-dom.development.js:25777:74)
      at flushActQueue (../../node_modules/.pnpm/react@18.3.1/node_modules/react/cjs/react.development.js:2667:24)
      at act (../../node_modules/.pnpm/react@18.3.1/node_modules/react/cjs/react.development.js:2582:11)
      at ../../node_modules/.pnpm/@testing-library+react@16.3.2_@testing-library+dom@10.4.1_@types+react-dom@18.3.7_@types+reac_3k5f6qynewwmkoqvlvtzlgtsjq/node_modules/@testing-library/react/dist/act-compat.js:46:25
      at renderRoot (../../node_modules/.pnpm/@testing-library+react@16.3.2_@testing-library+dom@10.4.1_@types+react-dom@18.3.7_@types+reac_3k5f6qynewwmkoqvlvtzlgtsjq/node_modules/@testing-library/react/dist/pure.js:189:26)
      at render (../../node_modules/.pnpm/@testing-library+react@16.3.2_@testing-library+dom@10.4.1_@types+react-dom@18.3.7_@types+reac_3k5f6qynewwmkoqvlvtzlgtsjq/node_modules/@testing-library/react/dist/pure.js:291:10)
      at Object.<anonymous> (components/__tests__/permissions-table.test.tsx:87:11)

    console.error
      Error: Uncaught [Error: `Tooltip` must be used within `TooltipProvider`]
          at reportException (/app/node_modules/.pnpm/jsdom@20.0.3/node_modules/jsdom/lib/jsdom/living/helpers/runtime-script-errors.js:66:24)
          at innerInvokeEventListeners (/app/node_modules/.pnpm/jsdom@20.0.3/node_modules/jsdom/lib/jsdom/living/events/EventTarget-impl.js:353:9)
          at invokeEventListeners (/app/node_modules/.pnpm/jsdom@20.0.3/node_modules/jsdom/lib/jsdom/living/events/EventTarget-impl.js:286:3)
          at HTMLUnknownElementImpl._dispatch (/app/node_modules/.pnpm/jsdom@20.0.3/node_modules/jsdom/lib/jsdom/living/events/EventTarget-impl.js:233:9)
          at HTMLUnknownElementImpl.dispatchEvent (/app/node_modules/.pnpm/jsdom@20.0.3/node_modules/jsdom/lib/jsdom/living/events/EventTarget-impl.js:104:17)
          at HTMLUnknownElement.dispatchEvent (/app/node_modules/.pnpm/jsdom@20.0.3/node_modules/jsdom/lib/jsdom/living/generated/EventTarget.js:241:34)
          at Object.invokeGuardedCallbackDev (/app/node_modules/.pnpm/react-dom@18.3.1_react@18.3.1/node_modules/react-dom/cjs/react-dom.development.js:4213:16)
          at invokeGuardedCallback (/app/node_modules/.pnpm/react-dom@18.3.1_react@18.3.1/node_modules/react-dom/cjs/react-dom.development.js:4277:31)
          at beginWork$1 (/app/node_modules/.pnpm/react-dom@18.3.1_react@18.3.1/node_modules/react-dom/cjs/react-dom.development.js:27490:7)
          at performUnitOfWork (/app/node_modules/.pnpm/react-dom@18.3.1_react@18.3.1/node_modules/react-dom/cjs/react-dom.development.js:26599:12)
          at workLoopSync (/app/node_modules/.pnpm/react-dom@18.3.1_react@18.3.1/node_modules/react-dom/cjs/react-dom.development.js:26505:5)
          at renderRootSync (/app/node_modules/.pnpm/react-dom@18.3.1_react@18.3.1/node_modules/react-dom/cjs/react-dom.development.js:26473:7)
          at performConcurrentWorkOnRoot (/app/node_modules/.pnpm/react-dom@18.3.1_react@18.3.1/node_modules/react-dom/cjs/react-dom.development.js:25777:74)
          at flushActQueue (/app/node_modules/.pnpm/react@18.3.1/node_modules/react/cjs/react.development.js:2667:24)
          at act (/app/node_modules/.pnpm/react@18.3.1/node_modules/react/cjs/react.development.js:2582:11)
          at /app/node_modules/.pnpm/@testing-library+react@16.3.2_@testing-library+dom@10.4.1_@types+react-dom@18.3.7_@types+reac_3k5f6qynewwmkoqvlvtzlgtsjq/node_modules/@testing-library/react/dist/act-compat.js:46:25
          at renderRoot (/app/node_modules/.pnpm/@testing-library+react@16.3.2_@testing-library+dom@10.4.1_@types+react-dom@18.3.7_@types+reac_3k5f6qynewwmkoqvlvtzlgtsjq/node_modules/@testing-library/react/dist/pure.js:189:26)
          at render (/app/node_modules/.pnpm/@testing-library+react@16.3.2_@testing-library+dom@10.4.1_@types+react-dom@18.3.7_@types+reac_3k5f6qynewwmkoqvlvtzlgtsjq/node_modules/@testing-library/react/dist/pure.js:291:10)
          at Object.<anonymous> (/app/apps/admin/components/__tests__/permissions-table.test.tsx:87:11)
          at Promise.then.completed (/app/node_modules/.pnpm/jest-circus@29.7.0/node_modules/jest-circus/build/utils.js:298:28)
          at new Promise (<anonymous>)
          at callAsyncCircusFn (/app/node_modules/.pnpm/jest-circus@29.7.0/node_modules/jest-circus/build/utils.js:231:10)
          at _callCircusTest (/app/node_modules/.pnpm/jest-circus@29.7.0/node_modules/jest-circus/build/run.js:316:40)
          at processTicksAndRejections (node:internal/process/task_queues:103:5)
          at _runTest (/app/node_modules/.pnpm/jest-circus@29.7.0/node_modules/jest-circus/build/run.js:252:3)
          at _runTestsForDescribeBlock (/app/node_modules/.pnpm/jest-circus@29.7.0/node_modules/jest-circus/build/run.js:126:9)
          at _runTestsForDescribeBlock (/app/node_modules/.pnpm/jest-circus@29.7.0/node_modules/jest-circus/build/run.js:121:9)
          at run (/app/node_modules/.pnpm/jest-circus@29.7.0/node_modules/jest-circus/build/run.js:71:3)
          at runAndTransformResultsToJestFormat (/app/node_modules/.pnpm/jest-circus@29.7.0/node_modules/jest-circus/build/legacy-code-todo-rewrite/jestAdapterInit.js:122:21)
          at jestAdapter (/app/node_modules/.pnpm/jest-circus@29.7.0/node_modules/jest-circus/build/legacy-code-todo-rewrite/jestAdapter.js:79:19)
          at runTestInternal (/app/node_modules/.pnpm/jest-runner@29.7.0/node_modules/jest-runner/build/runTest.js:367:16)
          at runTest (/app/node_modules/.pnpm/jest-runner@29.7.0/node_modules/jest-runner/build/runTest.js:444:34)
          at Object.worker (/app/node_modules/.pnpm/jest-runner@29.7.0/node_modules/jest-runner/build/testWorker.js:106:12) {
        detail: Error: `Tooltip` must be used within `TooltipProvider`
            at useContext2 (/app/node_modules/.pnpm/@radix-ui+react-context@1.1.2_@types+react@18.3.29_react@18.3.1/node_modules/@radix-ui/react-context/src/create-context.tsx:75:13)
            at Tooltip (/app/node_modules/.pnpm/@radix-ui+react-tooltip@1.2.8_@types+react-dom@18.3.7_@types+react@18.3.29__@types+react@18.3_xrwsnt2rmlacewwolijhmzdoxi/node_modules/@radix-ui/react-tooltip/src/tooltip.tsx:162:27)
            at renderWithHooks (/app/node_modules/.pnpm/react-dom@18.3.1_react@18.3.1/node_modules/react-dom/cjs/react-dom.development.js:15486:18)
            at mountIndeterminateComponent (/app/node_modules/.pnpm/react-dom@18.3.1_react@18.3.1/node_modules/react-dom/cjs/react-dom.development.js:20103:13)
            at beginWork (/app/node_modules/.pnpm/react-dom@18.3.1_react@18.3.1/node_modules/react-dom/cjs/react-dom.development.js:21626:16)
            at HTMLUnknownElement.callCallback (/app/node_modules/.pnpm/react-dom@18.3.1_react@18.3.1/node_modules/react-dom/cjs/react-dom.development.js:4164:14)
            at HTMLUnknownElement.callTheUserObjectsOperation (/app/node_modules/.pnpm/jsdom@20.0.3/node_modules/jsdom/lib/jsdom/living/generated/EventListener.js:26:30)
            at innerInvokeEventListeners (/app/node_modules/.pnpm/jsdom@20.0.3/node_modules/jsdom/lib/jsdom/living/events/EventTarget-impl.js:350:25)
            at invokeEventListeners (/app/node_modules/.pnpm/jsdom@20.0.3/node_modules/jsdom/lib/jsdom/living/events/EventTarget-impl.js:286:3)
            at HTMLUnknownElementImpl._dispatch (/app/node_modules/.pnpm/jsdom@20.0.3/node_modules/jsdom/lib/jsdom/living/events/EventTarget-impl.js:233:9)
            at HTMLUnknownElementImpl.dispatchEvent (/app/node_modules/.pnpm/jsdom@20.0.3/node_modules/jsdom/lib/jsdom/living/events/EventTarget-impl.js:104:17)
            at HTMLUnknownElement.dispatchEvent (/app/node_modules/.pnpm/jsdom@20.0.3/node_modules/jsdom/lib/jsdom/living/generated/EventTarget.js:241:34)
            at Object.invokeGuardedCallbackDev (/app/node_modules/.pnpm/react-dom@18.3.1_react@18.3.1/node_modules/react-dom/cjs/react-dom.development.js:4213:16)
            at invokeGuardedCallback (/app/node_modules/.pnpm/react-dom@18.3.1_react@18.3.1/node_modules/react-dom/cjs/react-dom.development.js:4277:31)
            at beginWork$1 (/app/node_modules/.pnpm/react-dom@18.3.1_react@18.3.1/node_modules/react-dom/cjs/react-dom.development.js:27490:7)
            at performUnitOfWork (/app/node_modules/.pnpm/react-dom@18.3.1_react@18.3.1/node_modules/react-dom/cjs/react-dom.development.js:26599:12)
            at workLoopSync (/app/node_modules/.pnpm/react-dom@18.3.1_react@18.3.1/node_modules/react-dom/cjs/react-dom.development.js:26505:5)
            at renderRootSync (/app/node_modules/.pnpm/react-dom@18.3.1_react@18.3.1/node_modules/react-dom/cjs/react-dom.development.js:26473:7)
            at performConcurrentWorkOnRoot (/app/node_modules/.pnpm/react-dom@18.3.1_react@18.3.1/node_modules/react-dom/cjs/react-dom.development.js:25777:74)
            at flushActQueue (/app/node_modules/.pnpm/react@18.3.1/node_modules/react/cjs/react.development.js:2667:24)
            at act (/app/node_modules/.pnpm/react@18.3.1/node_modules/react/cjs/react.development.js:2582:11)
            at /app/node_modules/.pnpm/@testing-library+react@16.3.2_@testing-library+dom@10.4.1_@types+react-dom@18.3.7_@types+reac_3k5f6qynewwmkoqvlvtzlgtsjq/node_modules/@testing-library/react/dist/act-compat.js:46:25
            at renderRoot (/app/node_modules/.pnpm/@testing-library+react@16.3.2_@testing-library+dom@10.4.1_@types+react-dom@18.3.7_@types+reac_3k5f6qynewwmkoqvlvtzlgtsjq/node_modules/@testing-library/react/dist/pure.js:189:26)
            at render (/app/node_modules/.pnpm/@testing-library+react@16.3.2_@testing-library+dom@10.4.1_@types+react-dom@18.3.7_@types+reac_3k5f6qynewwmkoqvlvtzlgtsjq/node_modules/@testing-library/react/dist/pure.js:291:10)
            at Object.<anonymous> (/app/apps/admin/components/__tests__/permissions-table.test.tsx:87:11)
            at Promise.then.completed (/app/node_modules/.pnpm/jest-circus@29.7.0/node_modules/jest-circus/build/utils.js:298:28)
            at new Promise (<anonymous>)
            at callAsyncCircusFn (/app/node_modules/.pnpm/jest-circus@29.7.0/node_modules/jest-circus/build/utils.js:231:10)
            at _callCircusTest (/app/node_modules/.pnpm/jest-circus@29.7.0/node_modules/jest-circus/build/run.js:316:40)
            at processTicksAndRejections (node:internal/process/task_queues:103:5)
            at _runTest (/app/node_modules/.pnpm/jest-circus@29.7.0/node_modules/jest-circus/build/run.js:252:3)
            at _runTestsForDescribeBlock (/app/node_modules/.pnpm/jest-circus@29.7.0/node_modules/jest-circus/build/run.js:126:9)
            at _runTestsForDescribeBlock (/app/node_modules/.pnpm/jest-circus@29.7.0/node_modules/jest-circus/build/run.js:121:9)
            at run (/app/node_modules/.pnpm/jest-circus@29.7.0/node_modules/jest-circus/build/run.js:71:3)
            at runAndTransformResultsToJestFormat (/app/node_modules/.pnpm/jest-circus@29.7.0/node_modules/jest-circus/build/legacy-code-todo-rewrite/jestAdapterInit.js:122:21)
            at jestAdapter (/app/node_modules/.pnpm/jest-circus@29.7.0/node_modules/jest-circus/build/legacy-code-todo-rewrite/jestAdapter.js:79:19)
            at runTestInternal (/app/node_modules/.pnpm/jest-runner@29.7.0/node_modules/jest-runner/build/runTest.js:367:16)
            at runTest (/app/node_modules/.pnpm/jest-runner@29.7.0/node_modules/jest-runner/build/runTest.js:444:34)
            at Object.worker (/app/node_modules/.pnpm/jest-runner@29.7.0/node_modules/jest-runner/build/testWorker.js:106:12),
        type: 'unhandled exception'
      }

      85 |       total: 1, page: 1, pageSize: 25,
      86 |     }
    > 87 |     render(withIntl(<PermissionsTable initial={systemInitial} apps={apps} />))
         |           ^
      88 |     expect(screen.getByText(en.permissions.badges.system)).toBeInTheDocument()
      89 |     expect(screen.queryByText(en.permissions.badges.platform)).not.toBeInTheDocument()
      90 |   })

      at VirtualConsole.<anonymous> (../../node_modules/.pnpm/jest-environment-jsdom@29.7.0/node_modules/jest-environment-jsdom/build/index.js:63:23)
      at reportException (../../node_modules/.pnpm/jsdom@20.0.3/node_modules/jsdom/lib/jsdom/living/helpers/runtime-script-errors.js:70:28)
      at innerInvokeEventListeners (../../node_modules/.pnpm/jsdom@20.0.3/node_modules/jsdom/lib/jsdom/living/events/EventTarget-impl.js:353:9)
      at invokeEventListeners (../../node_modules/.pnpm/jsdom@20.0.3/node_modules/jsdom/lib/jsdom/living/events/EventTarget-impl.js:286:3)
      at HTMLUnknownElementImpl._dispatch (../../node_modules/.pnpm/jsdom@20.0.3/node_modules/jsdom/lib/jsdom/living/events/EventTarget-impl.js:233:9)
      at HTMLUnknownElementImpl.dispatchEvent (../../node_modules/.pnpm/jsdom@20.0.3/node_modules/jsdom/lib/jsdom/living/events/EventTarget-impl.js:104:17)
      at HTMLUnknownElement.dispatchEvent (../../node_modules/.pnpm/jsdom@20.0.3/node_modules/jsdom/lib/jsdom/living/generated/EventTarget.js:241:34)
      at Object.invokeGuardedCallbackDev (../../node_modules/.pnpm/react-dom@18.3.1_react@18.3.1/node_modules/react-dom/cjs/react-dom.development.js:4213:16)
      at invokeGuardedCallback (../../node_modules/.pnpm/react-dom@18.3.1_react@18.3.1/node_modules/react-dom/cjs/react-dom.development.js:4277:31)
      at beginWork$1 (../../node_modules/.pnpm/react-dom@18.3.1_react@18.3.1/node_modules/react-dom/cjs/react-dom.development.js:27490:7)
      at performUnitOfWork (../../node_modules/.pnpm/react-dom@18.3.1_react@18.3.1/node_modules/react-dom/cjs/react-dom.development.js:26599:12)
      at workLoopSync (../../node_modules/.pnpm/react-dom@18.3.1_react@18.3.1/node_modules/react-dom/cjs/react-dom.development.js:26505:5)
      at renderRootSync (../../node_modules/.pnpm/react-dom@18.3.1_react@18.3.1/node_modules/react-dom/cjs/react-dom.development.js:26473:7)
      at performConcurrentWorkOnRoot (../../node_modules/.pnpm/react-dom@18.3.1_react@18.3.1/node_modules/react-dom/cjs/react-dom.development.js:25777:74)
      at flushActQueue (../../node_modules/.pnpm/react@18.3.1/node_modules/react/cjs/react.development.js:2667:24)
      at act (../../node_modules/.pnpm/react@18.3.1/node_modules/react/cjs/react.development.js:2582:11)
      at ../../node_modules/.pnpm/@testing-library+react@16.3.2_@testing-library+dom@10.4.1_@types+react-dom@18.3.7_@types+reac_3k5f6qynewwmkoqvlvtzlgtsjq/node_modules/@testing-library/react/dist/act-compat.js:46:25
      at renderRoot (../../node_modules/.pnpm/@testing-library+react@16.3.2_@testing-library+dom@10.4.1_@types+react-dom@18.3.7_@types+reac_3k5f6qynewwmkoqvlvtzlgtsjq/node_modules/@testing-library/react/dist/pure.js:189:26)
      at render (../../node_modules/.pnpm/@testing-library+react@16.3.2_@testing-library+dom@10.4.1_@types+react-dom@18.3.7_@types+reac_3k5f6qynewwmkoqvlvtzlgtsjq/node_modules/@testing-library/react/dist/pure.js:291:10)
      at Object.<anonymous> (components/__tests__/permissions-table.test.tsx:87:11)

    console.error
      Error: Uncaught [Error: `Tooltip` must be used within `TooltipProvider`]
          at reportException (/app/node_modules/.pnpm/jsdom@20.0.3/node_modules/jsdom/lib/jsdom/living/helpers/runtime-script-errors.js:66:24)
          at innerInvokeEventListeners (/app/node_modules/.pnpm/jsdom@20.0.3/node_modules/jsdom/lib/jsdom/living/events/EventTarget-impl.js:353:9)
          at invokeEventListeners (/app/node_modules/.pnpm/jsdom@20.0.3/node_modules/jsdom/lib/jsdom/living/events/EventTarget-impl.js:286:3)
          at HTMLUnknownElementImpl._dispatch (/app/node_modules/.pnpm/jsdom@20.0.3/node_modules/jsdom/lib/jsdom/living/events/EventTarget-impl.js:233:9)
          at HTMLUnknownElementImpl.dispatchEvent (/app/node_modules/.pnpm/jsdom@20.0.3/node_modules/jsdom/lib/jsdom/living/events/EventTarget-impl.js:104:17)
          at HTMLUnknownElement.dispatchEvent (/app/node_modules/.pnpm/jsdom@20.0.3/node_modules/jsdom/lib/jsdom/living/generated/EventTarget.js:241:34)
          at Object.invokeGuardedCallbackDev (/app/node_modules/.pnpm/react-dom@18.3.1_react@18.3.1/node_modules/react-dom/cjs/react-dom.development.js:4213:16)
          at invokeGuardedCallback (/app/node_modules/.pnpm/react-dom@18.3.1_react@18.3.1/node_modules/react-dom/cjs/react-dom.development.js:4277:31)
          at beginWork$1 (/app/node_modules/.pnpm/react-dom@18.3.1_react@18.3.1/node_modules/react-dom/cjs/react-dom.development.js:27490:7)
          at performUnitOfWork (/app/node_modules/.pnpm/react-dom@18.3.1_react@18.3.1/node_modules/react-dom/cjs/react-dom.development.js:26599:12)
          at workLoopSync (/app/node_modules/.pnpm/react-dom@18.3.1_react@18.3.1/node_modules/react-dom/cjs/react-dom.development.js:26505:5)
          at renderRootSync (/app/node_modules/.pnpm/react-dom@18.3.1_react@18.3.1/node_modules/react-dom/cjs/react-dom.development.js:26473:7)
          at recoverFromConcurrentError (/app/node_modules/.pnpm/react-dom@18.3.1_react@18.3.1/node_modules/react-dom/cjs/react-dom.development.js:25889:20)
          at performConcurrentWorkOnRoot (/app/node_modules/.pnpm/react-dom@18.3.1_react@18.3.1/node_modules/react-dom/cjs/react-dom.development.js:25789:22)
          at flushActQueue (/app/node_modules/.pnpm/react@18.3.1/node_modules/react/cjs/react.development.js:2667:24)
          at act (/app/node_modules/.pnpm/react@18.3.1/node_modules/react/cjs/react.development.js:2582:11)
          at /app/node_modules/.pnpm/@testing-library+react@16.3.2_@testing-library+dom@10.4.1_@types+react-dom@18.3.7_@types+reac_3k5f6qynewwmkoqvlvtzlgtsjq/node_modules/@testing-library/react/dist/act-compat.js:46:25
          at renderRoot (/app/node_modules/.pnpm/@testing-library+react@16.3.2_@testing-library+dom@10.4.1_@types+react-dom@18.3.7_@types+reac_3k5f6qynewwmkoqvlvtzlgtsjq/node_modules/@testing-library/react/dist/pure.js:189:26)
          at render (/app/node_modules/.pnpm/@testing-library+react@16.3.2_@testing-library+dom@10.4.1_@types+react-dom@18.3.7_@types+reac_3k5f6qynewwmkoqvlvtzlgtsjq/node_modules/@testing-library/react/dist/pure.js:291:10)
          at Object.<anonymous> (/app/apps/admin/components/__tests__/permissions-table.test.tsx:87:11)
          at Promise.then.completed (/app/node_modules/.pnpm/jest-circus@29.7.0/node_modules/jest-circus/build/utils.js:298:28)
          at new Promise (<anonymous>)
          at callAsyncCircusFn (/app/node_modules/.pnpm/jest-circus@29.7.0/node_modules/jest-circus/build/utils.js:231:10)
          at _callCircusTest (/app/node_modules/.pnpm/jest-circus@29.7.0/node_modules/jest-circus/build/run.js:316:40)
          at processTicksAndRejections (node:internal/process/task_queues:103:5)
          at _runTest (/app/node_modules/.pnpm/jest-circus@29.7.0/node_modules/jest-circus/build/run.js:252:3)
          at _runTestsForDescribeBlock (/app/node_modules/.pnpm/jest-circus@29.7.0/node_modules/jest-circus/build/run.js:126:9)
          at _runTestsForDescribeBlock (/app/node_modules/.pnpm/jest-circus@29.7.0/node_modules/jest-circus/build/run.js:121:9)
          at run (/app/node_modules/.pnpm/jest-circus@29.7.0/node_modules/jest-circus/build/run.js:71:3)
          at runAndTransformResultsToJestFormat (/app/node_modules/.pnpm/jest-circus@29.7.0/node_modules/jest-circus/build/legacy-code-todo-rewrite/jestAdapterInit.js:122:21)
          at jestAdapter (/app/node_modules/.pnpm/jest-circus@29.7.0/node_modules/jest-circus/build/legacy-code-todo-rewrite/jestAdapter.js:79:19)
          at runTestInternal (/app/node_modules/.pnpm/jest-runner@29.7.0/node_modules/jest-runner/build/runTest.js:367:16)
          at runTest (/app/node_modules/.pnpm/jest-runner@29.7.0/node_modules/jest-runner/build/runTest.js:444:34)
          at Object.worker (/app/node_modules/.pnpm/jest-runner@29.7.0/node_modules/jest-runner/build/testWorker.js:106:12) {
        detail: Error: `Tooltip` must be used within `TooltipProvider`
            at useContext2 (/app/node_modules/.pnpm/@radix-ui+react-context@1.1.2_@types+react@18.3.29_react@18.3.1/node_modules/@radix-ui/react-context/src/create-context.tsx:75:13)
            at Tooltip (/app/node_modules/.pnpm/@radix-ui+react-tooltip@1.2.8_@types+react-dom@18.3.7_@types+react@18.3.29__@types+react@18.3_xrwsnt2rmlacewwolijhmzdoxi/node_modules/@radix-ui/react-tooltip/src/tooltip.tsx:162:27)
            at renderWithHooks (/app/node_modules/.pnpm/react-dom@18.3.1_react@18.3.1/node_modules/react-dom/cjs/react-dom.development.js:15486:18)
            at mountIndeterminateComponent (/app/node_modules/.pnpm/react-dom@18.3.1_react@18.3.1/node_modules/react-dom/cjs/react-dom.development.js:20103:13)
            at beginWork (/app/node_modules/.pnpm/react-dom@18.3.1_react@18.3.1/node_modules/react-dom/cjs/react-dom.development.js:21626:16)
            at HTMLUnknownElement.callCallback (/app/node_modules/.pnpm/react-dom@18.3.1_react@18.3.1/node_modules/react-dom/cjs/react-dom.development.js:4164:14)
            at HTMLUnknownElement.callTheUserObjectsOperation (/app/node_modules/.pnpm/jsdom@20.0.3/node_modules/jsdom/lib/jsdom/living/generated/EventListener.js:26:30)
            at innerInvokeEventListeners (/app/node_modules/.pnpm/jsdom@20.0.3/node_modules/jsdom/lib/jsdom/living/events/EventTarget-impl.js:350:25)
            at invokeEventListeners (/app/node_modules/.pnpm/jsdom@20.0.3/node_modules/jsdom/lib/jsdom/living/events/EventTarget-impl.js:286:3)
            at HTMLUnknownElementImpl._dispatch (/app/node_modules/.pnpm/jsdom@20.0.3/node_modules/jsdom/lib/jsdom/living/events/EventTarget-impl.js:233:9)
            at HTMLUnknownElementImpl.dispatchEvent (/app/node_modules/.pnpm/jsdom@20.0.3/node_modules/jsdom/lib/jsdom/living/events/EventTarget-impl.js:104:17)
            at HTMLUnknownElement.dispatchEvent (/app/node_modules/.pnpm/jsdom@20.0.3/node_modules/jsdom/lib/jsdom/living/generated/EventTarget.js:241:34)
            at Object.invokeGuardedCallbackDev (/app/node_modules/.pnpm/react-dom@18.3.1_react@18.3.1/node_modules/react-dom/cjs/react-dom.development.js:4213:16)
            at invokeGuardedCallback (/app/node_modules/.pnpm/react-dom@18.3.1_react@18.3.1/node_modules/react-dom/cjs/react-dom.development.js:4277:31)
            at beginWork$1 (/app/node_modules/.pnpm/react-dom@18.3.1_react@18.3.1/node_modules/react-dom/cjs/react-dom.development.js:27490:7)
            at performUnitOfWork (/app/node_modules/.pnpm/react-dom@18.3.1_react@18.3.1/node_modules/react-dom/cjs/react-dom.development.js:26599:12)
            at workLoopSync (/app/node_modules/.pnpm/react-dom@18.3.1_react@18.3.1/node_modules/react-dom/cjs/react-dom.development.js:26505:5)
            at renderRootSync (/app/node_modules/.pnpm/react-dom@18.3.1_react@18.3.1/node_modules/react-dom/cjs/react-dom.development.js:26473:7)
            at recoverFromConcurrentError (/app/node_modules/.pnpm/react-dom@18.3.1_react@18.3.1/node_modules/react-dom/cjs/react-dom.development.js:25889:20)
            at performConcurrentWorkOnRoot (/app/node_modules/.pnpm/react-dom@18.3.1_react@18.3.1/node_modules/react-dom/cjs/react-dom.development.js:25789:22)
            at flushActQueue (/app/node_modules/.pnpm/react@18.3.1/node_modules/react/cjs/react.development.js:2667:24)
            at act (/app/node_modules/.pnpm/react@18.3.1/node_modules/react/cjs/react.development.js:2582:11)
            at /app/node_modules/.pnpm/@testing-library+react@16.3.2_@testing-library+dom@10.4.1_@types+react-dom@18.3.7_@types+reac_3k5f6qynewwmkoqvlvtzlgtsjq/node_modules/@testing-library/react/dist/act-compat.js:46:25
            at renderRoot (/app/node_modules/.pnpm/@testing-library+react@16.3.2_@testing-library+dom@10.4.1_@types+react-dom@18.3.7_@types+reac_3k5f6qynewwmkoqvlvtzlgtsjq/node_modules/@testing-library/react/dist/pure.js:189:26)
            at render (/app/node_modules/.pnpm/@testing-library+react@16.3.2_@testing-library+dom@10.4.1_@types+react-dom@18.3.7_@types+reac_3k5f6qynewwmkoqvlvtzlgtsjq/node_modules/@testing-library/react/dist/pure.js:291:10)
            at Object.<anonymous> (/app/apps/admin/components/__tests__/permissions-table.test.tsx:87:11)
            at Promise.then.completed (/app/node_modules/.pnpm/jest-circus@29.7.0/node_modules/jest-circus/build/utils.js:298:28)
            at new Promise (<anonymous>)
            at callAsyncCircusFn (/app/node_modules/.pnpm/jest-circus@29.7.0/node_modules/jest-circus/build/utils.js:231:10)
            at _callCircusTest (/app/node_modules/.pnpm/jest-circus@29.7.0/node_modules/jest-circus/build/run.js:316:40)
            at processTicksAndRejections (node:internal/process/task_queues:103:5)
            at _runTest (/app/node_modules/.pnpm/jest-circus@29.7.0/node_modules/jest-circus/build/run.js:252:3)
            at _runTestsForDescribeBlock (/app/node_modules/.pnpm/jest-circus@29.7.0/node_modules/jest-circus/build/run.js:126:9)
            at _runTestsForDescribeBlock (/app/node_modules/.pnpm/jest-circus@29.7.0/node_modules/jest-circus/build/run.js:121:9)
            at run (/app/node_modules/.pnpm/jest-circus@29.7.0/node_modules/jest-circus/build/run.js:71:3)
            at runAndTransformResultsToJestFormat (/app/node_modules/.pnpm/jest-circus@29.7.0/node_modules/jest-circus/build/legacy-code-todo-rewrite/jestAdapterInit.js:122:21)
            at jestAdapter (/app/node_modules/.pnpm/jest-circus@29.7.0/node_modules/jest-circus/build/legacy-code-todo-rewrite/jestAdapter.js:79:19)
            at runTestInternal (/app/node_modules/.pnpm/jest-runner@29.7.0/node_modules/jest-runner/build/runTest.js:367:16)
            at runTest (/app/node_modules/.pnpm/jest-runner@29.7.0/node_modules/jest-runner/build/runTest.js:444:34)
            at Object.worker (/app/node_modules/.pnpm/jest-runner@29.7.0/node_modules/jest-runner/build/testWorker.js:106:12),
        type: 'unhandled exception'
      }

      85 |       total: 1, page: 1, pageSize: 25,
      86 |     }
    > 87 |     render(withIntl(<PermissionsTable initial={systemInitial} apps={apps} />))
         |           ^
      88 |     expect(screen.getByText(en.permissions.badges.system)).toBeInTheDocument()
      89 |     expect(screen.queryByText(en.permissions.badges.platform)).not.toBeInTheDocument()
      90 |   })

      at VirtualConsole.<anonymous> (../../node_modules/.pnpm/jest-environment-jsdom@29.7.0/node_modules/jest-environment-jsdom/build/index.js:63:23)
      at reportException (../../node_modules/.pnpm/jsdom@20.0.3/node_modules/jsdom/lib/jsdom/living/helpers/runtime-script-errors.js:70:28)
      at innerInvokeEventListeners (../../node_modules/.pnpm/jsdom@20.0.3/node_modules/jsdom/lib/jsdom/living/events/EventTarget-impl.js:353:9)
      at invokeEventListeners (../../node_modules/.pnpm/jsdom@20.0.3/node_modules/jsdom/lib/jsdom/living/events/EventTarget-impl.js:286:3)
      at HTMLUnknownElementImpl._dispatch (../../node_modules/.pnpm/jsdom@20.0.3/node_modules/jsdom/lib/jsdom/living/events/EventTarget-impl.js:233:9)
      at HTMLUnknownElementImpl.dispatchEvent (../../node_modules/.pnpm/jsdom@20.0.3/node_modules/jsdom/lib/jsdom/living/events/EventTarget-impl.js:104:17)
      at HTMLUnknownElement.dispatchEvent (../../node_modules/.pnpm/jsdom@20.0.3/node_modules/jsdom/lib/jsdom/living/generated/EventTarget.js:241:34)
      at Object.invokeGuardedCallbackDev (../../node_modules/.pnpm/react-dom@18.3.1_react@18.3.1/node_modules/react-dom/cjs/react-dom.development.js:4213:16)
      at invokeGuardedCallback (../../node_modules/.pnpm/react-dom@18.3.1_react@18.3.1/node_modules/react-dom/cjs/react-dom.development.js:4277:31)
      at beginWork$1 (../../node_modules/.pnpm/react-dom@18.3.1_react@18.3.1/node_modules/react-dom/cjs/react-dom.development.js:27490:7)
      at performUnitOfWork (../../node_modules/.pnpm/react-dom@18.3.1_react@18.3.1/node_modules/react-dom/cjs/react-dom.development.js:26599:12)
      at workLoopSync (../../node_modules/.pnpm/react-dom@18.3.1_react@18.3.1/node_modules/react-dom/cjs/react-dom.development.js:26505:5)
      at renderRootSync (../../node_modules/.pnpm/react-dom@18.3.1_react@18.3.1/node_modules/react-dom/cjs/react-dom.development.js:26473:7)
      at recoverFromConcurrentError (../../node_modules/.pnpm/react-dom@18.3.1_react@18.3.1/node_modules/react-dom/cjs/react-dom.development.js:25889:20)
      at performConcurrentWorkOnRoot (../../node_modules/.pnpm/react-dom@18.3.1_react@18.3.1/node_modules/react-dom/cjs/react-dom.development.js:25789:22)
      at flushActQueue (../../node_modules/.pnpm/react@18.3.1/node_modules/react/cjs/react.development.js:2667:24)
      at act (../../node_modules/.pnpm/react@18.3.1/node_modules/react/cjs/react.development.js:2582:11)
      at ../../node_modules/.pnpm/@testing-library+react@16.3.2_@testing-library+dom@10.4.1_@types+react-dom@18.3.7_@types+reac_3k5f6qynewwmkoqvlvtzlgtsjq/node_modules/@testing-library/react/dist/act-compat.js:46:25
      at renderRoot (../../node_modules/.pnpm/@testing-library+react@16.3.2_@testing-library+dom@10.4.1_@types+react-dom@18.3.7_@types+reac_3k5f6qynewwmkoqvlvtzlgtsjq/node_modules/@testing-library/react/dist/pure.js:189:26)
      at render (../../node_modules/.pnpm/@testing-library+react@16.3.2_@testing-library+dom@10.4.1_@types+react-dom@18.3.7_@types+reac_3k5f6qynewwmkoqvlvtzlgtsjq/node_modules/@testing-library/react/dist/pure.js:291:10)
      at Object.<anonymous> (components/__tests__/permissions-table.test.tsx:87:11)

    console.error
      Error: Uncaught [Error: `Tooltip` must be used within `TooltipProvider`]
          at reportException (/app/node_modules/.pnpm/jsdom@20.0.3/node_modules/jsdom/lib/jsdom/living/helpers/runtime-script-errors.js:66:24)
          at innerInvokeEventListeners (/app/node_modules/.pnpm/jsdom@20.0.3/node_modules/jsdom/lib/jsdom/living/events/EventTarget-impl.js:353:9)
          at invokeEventListeners (/app/node_modules/.pnpm/jsdom@20.0.3/node_modules/jsdom/lib/jsdom/living/events/EventTarget-impl.js:286:3)
          at HTMLUnknownElementImpl._dispatch (/app/node_modules/.pnpm/jsdom@20.0.3/node_modules/jsdom/lib/jsdom/living/events/EventTarget-impl.js:233:9)
          at HTMLUnknownElementImpl.dispatchEvent (/app/node_modules/.pnpm/jsdom@20.0.3/node_modules/jsdom/lib/jsdom/living/events/EventTarget-impl.js:104:17)
          at HTMLUnknownElement.dispatchEvent (/app/node_modules/.pnpm/jsdom@20.0.3/node_modules/jsdom/lib/jsdom/living/generated/EventTarget.js:241:34)
          at Object.invokeGuardedCallbackDev (/app/node_modules/.pnpm/react-dom@18.3.1_react@18.3.1/node_modules/react-dom/cjs/react-dom.development.js:4213:16)
          at invokeGuardedCallback (/app/node_modules/.pnpm/react-dom@18.3.1_react@18.3.1/node_modules/react-dom/cjs/react-dom.development.js:4277:31)
          at beginWork$1 (/app/node_modules/.pnpm/react-dom@18.3.1_react@18.3.1/node_modules/react-dom/cjs/react-dom.development.js:27490:7)
          at performUnitOfWork (/app/node_modules/.pnpm/react-dom@18.3.1_react@18.3.1/node_modules/react-dom/cjs/react-dom.development.js:26599:12)
          at workLoopSync (/app/node_modules/.pnpm/react-dom@18.3.1_react@18.3.1/node_modules/react-dom/cjs/react-dom.development.js:26505:5)
          at renderRootSync (/app/node_modules/.pnpm/react-dom@18.3.1_react@18.3.1/node_modules/react-dom/cjs/react-dom.development.js:26473:7)
          at recoverFromConcurrentError (/app/node_modules/.pnpm/react-dom@18.3.1_react@18.3.1/node_modules/react-dom/cjs/react-dom.development.js:25889:20)
          at performConcurrentWorkOnRoot (/app/node_modules/.pnpm/react-dom@18.3.1_react@18.3.1/node_modules/react-dom/cjs/react-dom.development.js:25789:22)
          at flushActQueue (/app/node_modules/.pnpm/react@18.3.1/node_modules/react/cjs/react.development.js:2667:24)
          at act (/app/node_modules/.pnpm/react@18.3.1/node_modules/react/cjs/react.development.js:2582:11)
          at /app/node_modules/.pnpm/@testing-library+react@16.3.2_@testing-library+dom@10.4.1_@types+react-dom@18.3.7_@types+reac_3k5f6qynewwmkoqvlvtzlgtsjq/node_modules/@testing-library/react/dist/act-compat.js:46:25
          at renderRoot (/app/node_modules/.pnpm/@testing-library+react@16.3.2_@testing-library+dom@10.4.1_@types+react-dom@18.3.7_@types+reac_3k5f6qynewwmkoqvlvtzlgtsjq/node_modules/@testing-library/react/dist/pure.js:189:26)
          at render (/app/node_modules/.pnpm/@testing-library+react@16.3.2_@testing-library+dom@10.4.1_@types+react-dom@18.3.7_@types+reac_3k5f6qynewwmkoqvlvtzlgtsjq/node_modules/@testing-library/react/dist/pure.js:291:10)
          at Object.<anonymous> (/app/apps/admin/components/__tests__/permissions-table.test.tsx:87:11)
          at Promise.then.completed (/app/node_modules/.pnpm/jest-circus@29.7.0/node_modules/jest-circus/build/utils.js:298:28)
          at new Promise (<anonymous>)
          at callAsyncCircusFn (/app/node_modules/.pnpm/jest-circus@29.7.0/node_modules/jest-circus/build/utils.js:231:10)
          at _callCircusTest (/app/node_modules/.pnpm/jest-circus@29.7.0/node_modules/jest-circus/build/run.js:316:40)
          at processTicksAndRejections (node:internal/process/task_queues:103:5)
          at _runTest (/app/node_modules/.pnpm/jest-circus@29.7.0/node_modules/jest-circus/build/run.js:252:3)
          at _runTestsForDescribeBlock (/app/node_modules/.pnpm/jest-circus@29.7.0/node_modules/jest-circus/build/run.js:126:9)
          at _runTestsForDescribeBlock (/app/node_modules/.pnpm/jest-circus@29.7.0/node_modules/jest-circus/build/run.js:121:9)
          at run (/app/node_modules/.pnpm/jest-circus@29.7.0/node_modules/jest-circus/build/run.js:71:3)
          at runAndTransformResultsToJestFormat (/app/node_modules/.pnpm/jest-circus@29.7.0/node_modules/jest-circus/build/legacy-code-todo-rewrite/jestAdapterInit.js:122:21)
          at jestAdapter (/app/node_modules/.pnpm/jest-circus@29.7.0/node_modules/jest-circus/build/legacy-code-todo-rewrite/jestAdapter.js:79:19)
          at runTestInternal (/app/node_modules/.pnpm/jest-runner@29.7.0/node_modules/jest-runner/build/runTest.js:367:16)
          at runTest (/app/node_modules/.pnpm/jest-runner@29.7.0/node_modules/jest-runner/build/runTest.js:444:34)
          at Object.worker (/app/node_modules/.pnpm/jest-runner@29.7.0/node_modules/jest-runner/build/testWorker.js:106:12) {
        detail: Error: `Tooltip` must be used within `TooltipProvider`
            at useContext2 (/app/node_modules/.pnpm/@radix-ui+react-context@1.1.2_@types+react@18.3.29_react@18.3.1/node_modules/@radix-ui/react-context/src/create-context.tsx:75:13)
            at Tooltip (/app/node_modules/.pnpm/@radix-ui+react-tooltip@1.2.8_@types+react-dom@18.3.7_@types+react@18.3.29__@types+react@18.3_xrwsnt2rmlacewwolijhmzdoxi/node_modules/@radix-ui/react-tooltip/src/tooltip.tsx:162:27)
            at renderWithHooks (/app/node_modules/.pnpm/react-dom@18.3.1_react@18.3.1/node_modules/react-dom/cjs/react-dom.development.js:15486:18)
            at mountIndeterminateComponent (/app/node_modules/.pnpm/react-dom@18.3.1_react@18.3.1/node_modules/react-dom/cjs/react-dom.development.js:20103:13)
            at beginWork (/app/node_modules/.pnpm/react-dom@18.3.1_react@18.3.1/node_modules/react-dom/cjs/react-dom.development.js:21626:16)
            at HTMLUnknownElement.callCallback (/app/node_modules/.pnpm/react-dom@18.3.1_react@18.3.1/node_modules/react-dom/cjs/react-dom.development.js:4164:14)
            at HTMLUnknownElement.callTheUserObjectsOperation (/app/node_modules/.pnpm/jsdom@20.0.3/node_modules/jsdom/lib/jsdom/living/generated/EventListener.js:26:30)
            at innerInvokeEventListeners (/app/node_modules/.pnpm/jsdom@20.0.3/node_modules/jsdom/lib/jsdom/living/events/EventTarget-impl.js:350:25)
            at invokeEventListeners (/app/node_modules/.pnpm/jsdom@20.0.3/node_modules/jsdom/lib/jsdom/living/events/EventTarget-impl.js:286:3)
            at HTMLUnknownElementImpl._dispatch (/app/node_modules/.pnpm/jsdom@20.0.3/node_modules/jsdom/lib/jsdom/living/events/EventTarget-impl.js:233:9)
            at HTMLUnknownElementImpl.dispatchEvent (/app/node_modules/.pnpm/jsdom@20.0.3/node_modules/jsdom/lib/jsdom/living/events/EventTarget-impl.js:104:17)
            at HTMLUnknownElement.dispatchEvent (/app/node_modules/.pnpm/jsdom@20.0.3/node_modules/jsdom/lib/jsdom/living/generated/EventTarget.js:241:34)
            at Object.invokeGuardedCallbackDev (/app/node_modules/.pnpm/react-dom@18.3.1_react@18.3.1/node_modules/react-dom/cjs/react-dom.development.js:4213:16)
            at invokeGuardedCallback (/app/node_modules/.pnpm/react-dom@18.3.1_react@18.3.1/node_modules/react-dom/cjs/react-dom.development.js:4277:31)
            at beginWork$1 (/app/node_modules/.pnpm/react-dom@18.3.1_react@18.3.1/node_modules/react-dom/cjs/react-dom.development.js:27490:7)
            at performUnitOfWork (/app/node_modules/.pnpm/react-dom@18.3.1_react@18.3.1/node_modules/react-dom/cjs/react-dom.development.js:26599:12)
            at workLoopSync (/app/node_modules/.pnpm/react-dom@18.3.1_react@18.3.1/node_modules/react-dom/cjs/react-dom.development.js:26505:5)
            at renderRootSync (/app/node_modules/.pnpm/react-dom@18.3.1_react@18.3.1/node_modules/react-dom/cjs/react-dom.development.js:26473:7)
            at recoverFromConcurrentError (/app/node_modules/.pnpm/react-dom@18.3.1_react@18.3.1/node_modules/react-dom/cjs/react-dom.development.js:25889:20)
            at performConcurrentWorkOnRoot (/app/node_modules/.pnpm/react-dom@18.3.1_react@18.3.1/node_modules/react-dom/cjs/react-dom.development.js:25789:22)
            at flushActQueue (/app/node_modules/.pnpm/react@18.3.1/node_modules/react/cjs/react.development.js:2667:24)
            at act (/app/node_modules/.pnpm/react@18.3.1/node_modules/react/cjs/react.development.js:2582:11)
            at /app/node_modules/.pnpm/@testing-library+react@16.3.2_@testing-library+dom@10.4.1_@types+react-dom@18.3.7_@types+reac_3k5f6qynewwmkoqvlvtzlgtsjq/node_modules/@testing-library/react/dist/act-compat.js:46:25
            at renderRoot (/app/node_modules/.pnpm/@testing-library+react@16.3.2_@testing-library+dom@10.4.1_@types+react-dom@18.3.7_@types+reac_3k5f6qynewwmkoqvlvtzlgtsjq/node_modules/@testing-library/react/dist/pure.js:189:26)
            at render (/app/node_modules/.pnpm/@testing-library+react@16.3.2_@testing-library+dom@10.4.1_@types+react-dom@18.3.7_@types+reac_3k5f6qynewwmkoqvlvtzlgtsjq/node_modules/@testing-library/react/dist/pure.js:291:10)
            at Object.<anonymous> (/app/apps/admin/components/__tests__/permissions-table.test.tsx:87:11)
            at Promise.then.completed (/app/node_modules/.pnpm/jest-circus@29.7.0/node_modules/jest-circus/build/utils.js:298:28)
            at new Promise (<anonymous>)
            at callAsyncCircusFn (/app/node_modules/.pnpm/jest-circus@29.7.0/node_modules/jest-circus/build/utils.js:231:10)
            at _callCircusTest (/app/node_modules/.pnpm/jest-circus@29.7.0/node_modules/jest-circus/build/run.js:316:40)
            at processTicksAndRejections (node:internal/process/task_queues:103:5)
            at _runTest (/app/node_modules/.pnpm/jest-circus@29.7.0/node_modules/jest-circus/build/run.js:252:3)
            at _runTestsForDescribeBlock (/app/node_modules/.pnpm/jest-circus@29.7.0/node_modules/jest-circus/build/run.js:126:9)
            at _runTestsForDescribeBlock (/app/node_modules/.pnpm/jest-circus@29.7.0/node_modules/jest-circus/build/run.js:121:9)
            at run (/app/node_modules/.pnpm/jest-circus@29.7.0/node_modules/jest-circus/build/run.js:71:3)
            at runAndTransformResultsToJestFormat (/app/node_modules/.pnpm/jest-circus@29.7.0/node_modules/jest-circus/build/legacy-code-todo-rewrite/jestAdapterInit.js:122:21)
            at jestAdapter (/app/node_modules/.pnpm/jest-circus@29.7.0/node_modules/jest-circus/build/legacy-code-todo-rewrite/jestAdapter.js:79:19)
            at runTestInternal (/app/node_modules/.pnpm/jest-runner@29.7.0/node_modules/jest-runner/build/runTest.js:367:16)
            at runTest (/app/node_modules/.pnpm/jest-runner@29.7.0/node_modules/jest-runner/build/runTest.js:444:34)
            at Object.worker (/app/node_modules/.pnpm/jest-runner@29.7.0/node_modules/jest-runner/build/testWorker.js:106:12),
        type: 'unhandled exception'
      }

      85 |       total: 1, page: 1, pageSize: 25,
      86 |     }
    > 87 |     render(withIntl(<PermissionsTable initial={systemInitial} apps={apps} />))
         |           ^
      88 |     expect(screen.getByText(en.permissions.badges.system)).toBeInTheDocument()
      89 |     expect(screen.queryByText(en.permissions.badges.platform)).not.toBeInTheDocument()
      90 |   })

      at VirtualConsole.<anonymous> (../../node_modules/.pnpm/jest-environment-jsdom@29.7.0/node_modules/jest-environment-jsdom/build/index.js:63:23)
      at reportException (../../node_modules/.pnpm/jsdom@20.0.3/node_modules/jsdom/lib/jsdom/living/helpers/runtime-script-errors.js:70:28)
      at innerInvokeEventListeners (../../node_modules/.pnpm/jsdom@20.0.3/node_modules/jsdom/lib/jsdom/living/events/EventTarget-impl.js:353:9)
      at invokeEventListeners (../../node_modules/.pnpm/jsdom@20.0.3/node_modules/jsdom/lib/jsdom/living/events/EventTarget-impl.js:286:3)
      at HTMLUnknownElementImpl._dispatch (../../node_modules/.pnpm/jsdom@20.0.3/node_modules/jsdom/lib/jsdom/living/events/EventTarget-impl.js:233:9)
      at HTMLUnknownElementImpl.dispatchEvent (../../node_modules/.pnpm/jsdom@20.0.3/node_modules/jsdom/lib/jsdom/living/events/EventTarget-impl.js:104:17)
      at HTMLUnknownElement.dispatchEvent (../../node_modules/.pnpm/jsdom@20.0.3/node_modules/jsdom/lib/jsdom/living/generated/EventTarget.js:241:34)
      at Object.invokeGuardedCallbackDev (../../node_modules/.pnpm/react-dom@18.3.1_react@18.3.1/node_modules/react-dom/cjs/react-dom.development.js:4213:16)
      at invokeGuardedCallback (../../node_modules/.pnpm/react-dom@18.3.1_react@18.3.1/node_modules/react-dom/cjs/react-dom.development.js:4277:31)
      at beginWork$1 (../../node_modules/.pnpm/react-dom@18.3.1_react@18.3.1/node_modules/react-dom/cjs/react-dom.development.js:27490:7)
      at performUnitOfWork (../../node_modules/.pnpm/react-dom@18.3.1_react@18.3.1/node_modules/react-dom/cjs/react-dom.development.js:26599:12)
      at workLoopSync (../../node_modules/.pnpm/react-dom@18.3.1_react@18.3.1/node_modules/react-dom/cjs/react-dom.development.js:26505:5)
      at renderRootSync (../../node_modules/.pnpm/react-dom@18.3.1_react@18.3.1/node_modules/react-dom/cjs/react-dom.development.js:26473:7)
      at recoverFromConcurrentError (../../node_modules/.pnpm/react-dom@18.3.1_react@18.3.1/node_modules/react-dom/cjs/react-dom.development.js:25889:20)
      at performConcurrentWorkOnRoot (../../node_modules/.pnpm/react-dom@18.3.1_react@18.3.1/node_modules/react-dom/cjs/react-dom.development.js:25789:22)
      at flushActQueue (../../node_modules/.pnpm/react@18.3.1/node_modules/react/cjs/react.development.js:2667:24)
      at act (../../node_modules/.pnpm/react@18.3.1/node_modules/react/cjs/react.development.js:2582:11)
      at ../../node_modules/.pnpm/@testing-library+react@16.3.2_@testing-library+dom@10.4.1_@types+react-dom@18.3.7_@types+reac_3k5f6qynewwmkoqvlvtzlgtsjq/node_modules/@testing-library/react/dist/act-compat.js:46:25
      at renderRoot (../../node_modules/.pnpm/@testing-library+react@16.3.2_@testing-library+dom@10.4.1_@types+react-dom@18.3.7_@types+reac_3k5f6qynewwmkoqvlvtzlgtsjq/node_modules/@testing-library/react/dist/pure.js:189:26)
      at render (../../node_modules/.pnpm/@testing-library+react@16.3.2_@testing-library+dom@10.4.1_@types+react-dom@18.3.7_@types+reac_3k5f6qynewwmkoqvlvtzlgtsjq/node_modules/@testing-library/react/dist/pure.js:291:10)
      at Object.<anonymous> (components/__tests__/permissions-table.test.tsx:87:11)

    console.error
      The above error occurred in the <Tooltip> component:

          at Tooltip (/app/node_modules/.pnpm/@radix-ui+react-tooltip@1.2.8_@types+react-dom@18.3.7_@types+react@18.3.29__@types+react@18.3_xrwsnt2rmlacewwolijhmzdoxi/node_modules/@radix-ui/react-tooltip/src/tooltip.tsx:154:5)
          at div
          at cell (/app/apps/admin/components/permissions-table.tsx:83:16)
          at td
          at /app/packages/ui/src/components/ui/table.tsx:87:6
          at tr
          at /app/packages/ui/src/components/ui/table.tsx:57:6
          at tbody
          at /app/packages/ui/src/components/ui/table.tsx:30:6
          at table
          at div
          at /app/packages/ui/src/components/ui/table.tsx:8:6
          at DataTable (/app/packages/ui/src/components/data-table.tsx:23:36)
          at div
          at PermissionsTable (/app/apps/admin/components/permissions-table.tsx:22:36)
          at IntlProvider (/app/node_modules/.pnpm/use-intl@3.26.5_react@18.3.1/node_modules/use-intl/dist/development/_IntlProvider.js:16:5)
          at NextIntlClientProvider (/app/node_modules/.pnpm/next-intl@3.26.5_next@15.5.18_@babel+core@7.29.7_@opentelemetry+api@1.9.1_@playwright+test@1._uib3rlo2eksg3yll53rffkx7ea/node_modules/next-intl/dist/development/shared/NextIntlClientProvider.js:16:5)

      Consider adding an error boundary to your tree to customize error handling behavior.
      Visit https://reactjs.org/link/error-boundaries to learn more about error boundaries.

      85 |       total: 1, page: 1, pageSize: 25,
      86 |     }
    > 87 |     render(withIntl(<PermissionsTable initial={systemInitial} apps={apps} />))
         |           ^
      88 |     expect(screen.getByText(en.permissions.badges.system)).toBeInTheDocument()
      89 |     expect(screen.queryByText(en.permissions.badges.platform)).not.toBeInTheDocument()
      90 |   })

      at logCapturedError (../../node_modules/.pnpm/react-dom@18.3.1_react@18.3.1/node_modules/react-dom/cjs/react-dom.development.js:18704:23)
      at update.callback (../../node_modules/.pnpm/react-dom@18.3.1_react@18.3.1/node_modules/react-dom/cjs/react-dom.development.js:18737:5)
      at callCallback (../../node_modules/.pnpm/react-dom@18.3.1_react@18.3.1/node_modules/react-dom/cjs/react-dom.development.js:15036:12)
      at commitUpdateQueue (../../node_modules/.pnpm/react-dom@18.3.1_react@18.3.1/node_modules/react-dom/cjs/react-dom.development.js:15057:9)
      at commitLayoutEffectOnFiber (../../node_modules/.pnpm/react-dom@18.3.1_react@18.3.1/node_modules/react-dom/cjs/react-dom.development.js:23430:13)
      at commitLayoutMountEffects_complete (../../node_modules/.pnpm/react-dom@18.3.1_react@18.3.1/node_modules/react-dom/cjs/react-dom.development.js:24727:9)
      at commitLayoutEffects_begin (../../node_modules/.pnpm/react-dom@18.3.1_react@18.3.1/node_modules/react-dom/cjs/react-dom.development.js:24713:7)
      at commitLayoutEffects (../../node_modules/.pnpm/react-dom@18.3.1_react@18.3.1/node_modules/react-dom/cjs/react-dom.development.js:24651:3)
      at commitRootImpl (../../node_modules/.pnpm/react-dom@18.3.1_react@18.3.1/node_modules/react-dom/cjs/react-dom.development.js:26862:5)
      at commitRoot (../../node_modules/.pnpm/react-dom@18.3.1_react@18.3.1/node_modules/react-dom/cjs/react-dom.development.js:26721:5)
      at finishConcurrentRender (../../node_modules/.pnpm/react-dom@18.3.1_react@18.3.1/node_modules/react-dom/cjs/react-dom.development.js:25931:9)
      at performConcurrentWorkOnRoot (../../node_modules/.pnpm/react-dom@18.3.1_react@18.3.1/node_modules/react-dom/cjs/react-dom.development.js:25848:7)
      at flushActQueue (../../node_modules/.pnpm/react@18.3.1/node_modules/react/cjs/react.development.js:2667:24)
      at act (../../node_modules/.pnpm/react@18.3.1/node_modules/react/cjs/react.development.js:2582:11)
      at ../../node_modules/.pnpm/@testing-library+react@16.3.2_@testing-library+dom@10.4.1_@types+react-dom@18.3.7_@types+reac_3k5f6qynewwmkoqvlvtzlgtsjq/node_modules/@testing-library/react/dist/act-compat.js:46:25
      at renderRoot (../../node_modules/.pnpm/@testing-library+react@16.3.2_@testing-library+dom@10.4.1_@types+react-dom@18.3.7_@types+reac_3k5f6qynewwmkoqvlvtzlgtsjq/node_modules/@testing-library/react/dist/pure.js:189:26)
      at render (../../node_modules/.pnpm/@testing-library+react@16.3.2_@testing-library+dom@10.4.1_@types+react-dom@18.3.7_@types+reac_3k5f6qynewwmkoqvlvtzlgtsjq/node_modules/@testing-library/react/dist/pure.js:291:10)
      at Object.<anonymous> (components/__tests__/permissions-table.test.tsx:87:11)

    console.error
      The above error occurred in the <Tooltip> component:

          at Tooltip (/app/node_modules/.pnpm/@radix-ui+react-tooltip@1.2.8_@types+react-dom@18.3.7_@types+react@18.3.29__@types+react@18.3_xrwsnt2rmlacewwolijhmzdoxi/node_modules/@radix-ui/react-tooltip/src/tooltip.tsx:154:5)
          at Passthrough (/app/apps/admin/components/__tests__/permissions-table.test.tsx:17:26)
          at cell (/app/apps/admin/components/permissions-table.tsx:124:16)
          at td
          at /app/packages/ui/src/components/ui/table.tsx:87:6
          at tr
          at /app/packages/ui/src/components/ui/table.tsx:57:6
          at tbody
          at /app/packages/ui/src/components/ui/table.tsx:30:6
          at table
          at div
          at /app/packages/ui/src/components/ui/table.tsx:8:6
          at DataTable (/app/packages/ui/src/components/data-table.tsx:23:36)
          at div
          at PermissionsTable (/app/apps/admin/components/permissions-table.tsx:22:36)
          at IntlProvider (/app/node_modules/.pnpm/use-intl@3.26.5_react@18.3.1/node_modules/use-intl/dist/development/_IntlProvider.js:16:5)
          at NextIntlClientProvider (/app/node_modules/.pnpm/next-intl@3.26.5_next@15.5.18_@babel+core@7.29.7_@opentelemetry+api@1.9.1_@playwright+test@1._uib3rlo2eksg3yll53rffkx7ea/node_modules/next-intl/dist/development/shared/NextIntlClientProvider.js:16:5)

      Consider adding an error boundary to your tree to customize error handling behavior.
      Visit https://reactjs.org/link/error-boundaries to learn more about error boundaries.

      85 |       total: 1, page: 1, pageSize: 25,
      86 |     }
    > 87 |     render(withIntl(<PermissionsTable initial={systemInitial} apps={apps} />))
         |           ^
      88 |     expect(screen.getByText(en.permissions.badges.system)).toBeInTheDocument()
      89 |     expect(screen.queryByText(en.permissions.badges.platform)).not.toBeInTheDocument()
      90 |   })

      at logCapturedError (../../node_modules/.pnpm/react-dom@18.3.1_react@18.3.1/node_modules/react-dom/cjs/react-dom.development.js:18704:23)
      at update.callback (../../node_modules/.pnpm/react-dom@18.3.1_react@18.3.1/node_modules/react-dom/cjs/react-dom.development.js:18737:5)
      at callCallback (../../node_modules/.pnpm/react-dom@18.3.1_react@18.3.1/node_modules/react-dom/cjs/react-dom.development.js:15036:12)
      at commitUpdateQueue (../../node_modules/.pnpm/react-dom@18.3.1_react@18.3.1/node_modules/react-dom/cjs/react-dom.development.js:15057:9)
      at commitLayoutEffectOnFiber (../../node_modules/.pnpm/react-dom@18.3.1_react@18.3.1/node_modules/react-dom/cjs/react-dom.development.js:23430:13)
      at commitLayoutMountEffects_complete (../../node_modules/.pnpm/react-dom@18.3.1_react@18.3.1/node_modules/react-dom/cjs/react-dom.development.js:24727:9)
      at commitLayoutEffects_begin (../../node_modules/.pnpm/react-dom@18.3.1_react@18.3.1/node_modules/react-dom/cjs/react-dom.development.js:24713:7)
      at commitLayoutEffects (../../node_modules/.pnpm/react-dom@18.3.1_react@18.3.1/node_modules/react-dom/cjs/react-dom.development.js:24651:3)
      at commitRootImpl (../../node_modules/.pnpm/react-dom@18.3.1_react@18.3.1/node_modules/react-dom/cjs/react-dom.development.js:26862:5)
      at commitRoot (../../node_modules/.pnpm/react-dom@18.3.1_react@18.3.1/node_modules/react-dom/cjs/react-dom.development.js:26721:5)
      at finishConcurrentRender (../../node_modules/.pnpm/react-dom@18.3.1_react@18.3.1/node_modules/react-dom/cjs/react-dom.development.js:25931:9)
      at performConcurrentWorkOnRoot (../../node_modules/.pnpm/react-dom@18.3.1_react@18.3.1/node_modules/react-dom/cjs/react-dom.development.js:25848:7)
      at flushActQueue (../../node_modules/.pnpm/react@18.3.1/node_modules/react/cjs/react.development.js:2667:24)
      at act (../../node_modules/.pnpm/react@18.3.1/node_modules/react/cjs/react.development.js:2582:11)
      at ../../node_modules/.pnpm/@testing-library+react@16.3.2_@testing-library+dom@10.4.1_@types+react-dom@18.3.7_@types+reac_3k5f6qynewwmkoqvlvtzlgtsjq/node_modules/@testing-library/react/dist/act-compat.js:46:25
      at renderRoot (../../node_modules/.pnpm/@testing-library+react@16.3.2_@testing-library+dom@10.4.1_@types+react-dom@18.3.7_@types+reac_3k5f6qynewwmkoqvlvtzlgtsjq/node_modules/@testing-library/react/dist/pure.js:189:26)
      at render (../../node_modules/.pnpm/@testing-library+react@16.3.2_@testing-library+dom@10.4.1_@types+react-dom@18.3.7_@types+reac_3k5f6qynewwmkoqvlvtzlgtsjq/node_modules/@testing-library/react/dist/pure.js:291:10)
      at Object.<anonymous> (components/__tests__/permissions-table.test.tsx:87:11)

    console.error
      Error: Uncaught [Error: `Tooltip` must be used within `TooltipProvider`]
          at reportException (/app/node_modules/.pnpm/jsdom@20.0.3/node_modules/jsdom/lib/jsdom/living/helpers/runtime-script-errors.js:66:24)
          at innerInvokeEventListeners (/app/node_modules/.pnpm/jsdom@20.0.3/node_modules/jsdom/lib/jsdom/living/events/EventTarget-impl.js:353:9)
          at invokeEventListeners (/app/node_modules/.pnpm/jsdom@20.0.3/node_modules/jsdom/lib/jsdom/living/events/EventTarget-impl.js:286:3)
          at HTMLUnknownElementImpl._dispatch (/app/node_modules/.pnpm/jsdom@20.0.3/node_modules/jsdom/lib/jsdom/living/events/EventTarget-impl.js:233:9)
          at HTMLUnknownElementImpl.dispatchEvent (/app/node_modules/.pnpm/jsdom@20.0.3/node_modules/jsdom/lib/jsdom/living/events/EventTarget-impl.js:104:17)
          at HTMLUnknownElement.dispatchEvent (/app/node_modules/.pnpm/jsdom@20.0.3/node_modules/jsdom/lib/jsdom/living/generated/EventTarget.js:241:34)
          at Object.invokeGuardedCallbackDev (/app/node_modules/.pnpm/react-dom@18.3.1_react@18.3.1/node_modules/react-dom/cjs/react-dom.development.js:4213:16)
          at invokeGuardedCallback (/app/node_modules/.pnpm/react-dom@18.3.1_react@18.3.1/node_modules/react-dom/cjs/react-dom.development.js:4277:31)
          at beginWork$1 (/app/node_modules/.pnpm/react-dom@18.3.1_react@18.3.1/node_modules/react-dom/cjs/react-dom.development.js:27490:7)
          at performUnitOfWork (/app/node_modules/.pnpm/react-dom@18.3.1_react@18.3.1/node_modules/react-dom/cjs/react-dom.development.js:26599:12)
          at workLoopSync (/app/node_modules/.pnpm/react-dom@18.3.1_react@18.3.1/node_modules/react-dom/cjs/react-dom.development.js:26505:5)
          at renderRootSync (/app/node_modules/.pnpm/react-dom@18.3.1_react@18.3.1/node_modules/react-dom/cjs/react-dom.development.js:26473:7)
          at performConcurrentWorkOnRoot (/app/node_modules/.pnpm/react-dom@18.3.1_react@18.3.1/node_modules/react-dom/cjs/react-dom.development.js:25777:74)
          at flushActQueue (/app/node_modules/.pnpm/react@18.3.1/node_modules/react/cjs/react.development.js:2667:24)
          at act (/app/node_modules/.pnpm/react@18.3.1/node_modules/react/cjs/react.development.js:2582:11)
          at /app/node_modules/.pnpm/@testing-library+react@16.3.2_@testing-library+dom@10.4.1_@types+react-dom@18.3.7_@types+reac_3k5f6qynewwmkoqvlvtzlgtsjq/node_modules/@testing-library/react/dist/act-compat.js:46:25
          at renderRoot (/app/node_modules/.pnpm/@testing-library+react@16.3.2_@testing-library+dom@10.4.1_@types+react-dom@18.3.7_@types+reac_3k5f6qynewwmkoqvlvtzlgtsjq/node_modules/@testing-library/react/dist/pure.js:189:26)
          at render (/app/node_modules/.pnpm/@testing-library+react@16.3.2_@testing-library+dom@10.4.1_@types+react-dom@18.3.7_@types+reac_3k5f6qynewwmkoqvlvtzlgtsjq/node_modules/@testing-library/react/dist/pure.js:291:10)
          at Object.<anonymous> (/app/apps/admin/components/__tests__/permissions-table.test.tsx:99:11)
          at Promise.then.completed (/app/node_modules/.pnpm/jest-circus@29.7.0/node_modules/jest-circus/build/utils.js:298:28)
          at new Promise (<anonymous>)
          at callAsyncCircusFn (/app/node_modules/.pnpm/jest-circus@29.7.0/node_modules/jest-circus/build/utils.js:231:10)
          at _callCircusTest (/app/node_modules/.pnpm/jest-circus@29.7.0/node_modules/jest-circus/build/run.js:316:40)
          at processTicksAndRejections (node:internal/process/task_queues:103:5)
          at _runTest (/app/node_modules/.pnpm/jest-circus@29.7.0/node_modules/jest-circus/build/run.js:252:3)
          at _runTestsForDescribeBlock (/app/node_modules/.pnpm/jest-circus@29.7.0/node_modules/jest-circus/build/run.js:126:9)
          at _runTestsForDescribeBlock (/app/node_modules/.pnpm/jest-circus@29.7.0/node_modules/jest-circus/build/run.js:121:9)
          at run (/app/node_modules/.pnpm/jest-circus@29.7.0/node_modules/jest-circus/build/run.js:71:3)
          at runAndTransformResultsToJestFormat (/app/node_modules/.pnpm/jest-circus@29.7.0/node_modules/jest-circus/build/legacy-code-todo-rewrite/jestAdapterInit.js:122:21)
          at jestAdapter (/app/node_modules/.pnpm/jest-circus@29.7.0/node_modules/jest-circus/build/legacy-code-todo-rewrite/jestAdapter.js:79:19)
          at runTestInternal (/app/node_modules/.pnpm/jest-runner@29.7.0/node_modules/jest-runner/build/runTest.js:367:16)
          at runTest (/app/node_modules/.pnpm/jest-runner@29.7.0/node_modules/jest-runner/build/runTest.js:444:34)
          at Object.worker (/app/node_modules/.pnpm/jest-runner@29.7.0/node_modules/jest-runner/build/testWorker.js:106:12) {
        detail: Error: `Tooltip` must be used within `TooltipProvider`
            at useContext2 (/app/node_modules/.pnpm/@radix-ui+react-context@1.1.2_@types+react@18.3.29_react@18.3.1/node_modules/@radix-ui/react-context/src/create-context.tsx:75:13)
            at Tooltip (/app/node_modules/.pnpm/@radix-ui+react-tooltip@1.2.8_@types+react-dom@18.3.7_@types+react@18.3.29__@types+react@18.3_xrwsnt2rmlacewwolijhmzdoxi/node_modules/@radix-ui/react-tooltip/src/tooltip.tsx:162:27)
            at renderWithHooks (/app/node_modules/.pnpm/react-dom@18.3.1_react@18.3.1/node_modules/react-dom/cjs/react-dom.development.js:15486:18)
            at mountIndeterminateComponent (/app/node_modules/.pnpm/react-dom@18.3.1_react@18.3.1/node_modules/react-dom/cjs/react-dom.development.js:20103:13)
            at beginWork (/app/node_modules/.pnpm/react-dom@18.3.1_react@18.3.1/node_modules/react-dom/cjs/react-dom.development.js:21626:16)
            at HTMLUnknownElement.callCallback (/app/node_modules/.pnpm/react-dom@18.3.1_react@18.3.1/node_modules/react-dom/cjs/react-dom.development.js:4164:14)
            at HTMLUnknownElement.callTheUserObjectsOperation (/app/node_modules/.pnpm/jsdom@20.0.3/node_modules/jsdom/lib/jsdom/living/generated/EventListener.js:26:30)
            at innerInvokeEventListeners (/app/node_modules/.pnpm/jsdom@20.0.3/node_modules/jsdom/lib/jsdom/living/events/EventTarget-impl.js:350:25)
            at invokeEventListeners (/app/node_modules/.pnpm/jsdom@20.0.3/node_modules/jsdom/lib/jsdom/living/events/EventTarget-impl.js:286:3)
            at HTMLUnknownElementImpl._dispatch (/app/node_modules/.pnpm/jsdom@20.0.3/node_modules/jsdom/lib/jsdom/living/events/EventTarget-impl.js:233:9)
            at HTMLUnknownElementImpl.dispatchEvent (/app/node_modules/.pnpm/jsdom@20.0.3/node_modules/jsdom/lib/jsdom/living/events/EventTarget-impl.js:104:17)
            at HTMLUnknownElement.dispatchEvent (/app/node_modules/.pnpm/jsdom@20.0.3/node_modules/jsdom/lib/jsdom/living/generated/EventTarget.js:241:34)
            at Object.invokeGuardedCallbackDev (/app/node_modules/.pnpm/react-dom@18.3.1_react@18.3.1/node_modules/react-dom/cjs/react-dom.development.js:4213:16)
            at invokeGuardedCallback (/app/node_modules/.pnpm/react-dom@18.3.1_react@18.3.1/node_modules/react-dom/cjs/react-dom.development.js:4277:31)
            at beginWork$1 (/app/node_modules/.pnpm/react-dom@18.3.1_react@18.3.1/node_modules/react-dom/cjs/react-dom.development.js:27490:7)
            at performUnitOfWork (/app/node_modules/.pnpm/react-dom@18.3.1_react@18.3.1/node_modules/react-dom/cjs/react-dom.development.js:26599:12)
            at workLoopSync (/app/node_modules/.pnpm/react-dom@18.3.1_react@18.3.1/node_modules/react-dom/cjs/react-dom.development.js:26505:5)
            at renderRootSync (/app/node_modules/.pnpm/react-dom@18.3.1_react@18.3.1/node_modules/react-dom/cjs/react-dom.development.js:26473:7)
            at performConcurrentWorkOnRoot (/app/node_modules/.pnpm/react-dom@18.3.1_react@18.3.1/node_modules/react-dom/cjs/react-dom.development.js:25777:74)
            at flushActQueue (/app/node_modules/.pnpm/react@18.3.1/node_modules/react/cjs/react.development.js:2667:24)
            at act (/app/node_modules/.pnpm/react@18.3.1/node_modules/react/cjs/react.development.js:2582:11)
            at /app/node_modules/.pnpm/@testing-library+react@16.3.2_@testing-library+dom@10.4.1_@types+react-dom@18.3.7_@types+reac_3k5f6qynewwmkoqvlvtzlgtsjq/node_modules/@testing-library/react/dist/act-compat.js:46:25
            at renderRoot (/app/node_modules/.pnpm/@testing-library+react@16.3.2_@testing-library+dom@10.4.1_@types+react-dom@18.3.7_@types+reac_3k5f6qynewwmkoqvlvtzlgtsjq/node_modules/@testing-library/react/dist/pure.js:189:26)
            at render (/app/node_modules/.pnpm/@testing-library+react@16.3.2_@testing-library+dom@10.4.1_@types+react-dom@18.3.7_@types+reac_3k5f6qynewwmkoqvlvtzlgtsjq/node_modules/@testing-library/react/dist/pure.js:291:10)
            at Object.<anonymous> (/app/apps/admin/components/__tests__/permissions-table.test.tsx:99:11)
            at Promise.then.completed (/app/node_modules/.pnpm/jest-circus@29.7.0/node_modules/jest-circus/build/utils.js:298:28)
            at new Promise (<anonymous>)
            at callAsyncCircusFn (/app/node_modules/.pnpm/jest-circus@29.7.0/node_modules/jest-circus/build/utils.js:231:10)
            at _callCircusTest (/app/node_modules/.pnpm/jest-circus@29.7.0/node_modules/jest-circus/build/run.js:316:40)
            at processTicksAndRejections (node:internal/process/task_queues:103:5)
            at _runTest (/app/node_modules/.pnpm/jest-circus@29.7.0/node_modules/jest-circus/build/run.js:252:3)
            at _runTestsForDescribeBlock (/app/node_modules/.pnpm/jest-circus@29.7.0/node_modules/jest-circus/build/run.js:126:9)
            at _runTestsForDescribeBlock (/app/node_modules/.pnpm/jest-circus@29.7.0/node_modules/jest-circus/build/run.js:121:9)
            at run (/app/node_modules/.pnpm/jest-circus@29.7.0/node_modules/jest-circus/build/run.js:71:3)
            at runAndTransformResultsToJestFormat (/app/node_modules/.pnpm/jest-circus@29.7.0/node_modules/jest-circus/build/legacy-code-todo-rewrite/jestAdapterInit.js:122:21)
            at jestAdapter (/app/node_modules/.pnpm/jest-circus@29.7.0/node_modules/jest-circus/build/legacy-code-todo-rewrite/jestAdapter.js:79:19)
            at runTestInternal (/app/node_modules/.pnpm/jest-runner@29.7.0/node_modules/jest-runner/build/runTest.js:367:16)
            at runTest (/app/node_modules/.pnpm/jest-runner@29.7.0/node_modules/jest-runner/build/runTest.js:444:34)
            at Object.worker (/app/node_modules/.pnpm/jest-runner@29.7.0/node_modules/jest-runner/build/testWorker.js:106:12),
        type: 'unhandled exception'
      }

       97 |       total: 1, page: 1, pageSize: 25,
       98 |     }
    >  99 |     render(withIntl(<PermissionsTable initial={systemInitial} apps={apps} />))
          |           ^
      100 |     // Only View should be present for an isSystem row
      101 |     expect(screen.getAllByRole('menuitem')).toHaveLength(1)
      102 |     expect(screen.getByRole('menuitem', { name: en.permissions.actions.view })).toBeInTheDocument()

      at VirtualConsole.<anonymous> (../../node_modules/.pnpm/jest-environment-jsdom@29.7.0/node_modules/jest-environment-jsdom/build/index.js:63:23)
      at reportException (../../node_modules/.pnpm/jsdom@20.0.3/node_modules/jsdom/lib/jsdom/living/helpers/runtime-script-errors.js:70:28)
      at innerInvokeEventListeners (../../node_modules/.pnpm/jsdom@20.0.3/node_modules/jsdom/lib/jsdom/living/events/EventTarget-impl.js:353:9)
      at invokeEventListeners (../../node_modules/.pnpm/jsdom@20.0.3/node_modules/jsdom/lib/jsdom/living/events/EventTarget-impl.js:286:3)
      at HTMLUnknownElementImpl._dispatch (../../node_modules/.pnpm/jsdom@20.0.3/node_modules/jsdom/lib/jsdom/living/events/EventTarget-impl.js:233:9)
      at HTMLUnknownElementImpl.dispatchEvent (../../node_modules/.pnpm/jsdom@20.0.3/node_modules/jsdom/lib/jsdom/living/events/EventTarget-impl.js:104:17)
      at HTMLUnknownElement.dispatchEvent (../../node_modules/.pnpm/jsdom@20.0.3/node_modules/jsdom/lib/jsdom/living/generated/EventTarget.js:241:34)
      at Object.invokeGuardedCallbackDev (../../node_modules/.pnpm/react-dom@18.3.1_react@18.3.1/node_modules/react-dom/cjs/react-dom.development.js:4213:16)
      at invokeGuardedCallback (../../node_modules/.pnpm/react-dom@18.3.1_react@18.3.1/node_modules/react-dom/cjs/react-dom.development.js:4277:31)
      at beginWork$1 (../../node_modules/.pnpm/react-dom@18.3.1_react@18.3.1/node_modules/react-dom/cjs/react-dom.development.js:27490:7)
      at performUnitOfWork (../../node_modules/.pnpm/react-dom@18.3.1_react@18.3.1/node_modules/react-dom/cjs/react-dom.development.js:26599:12)
      at workLoopSync (../../node_modules/.pnpm/react-dom@18.3.1_react@18.3.1/node_modules/react-dom/cjs/react-dom.development.js:26505:5)
      at renderRootSync (../../node_modules/.pnpm/react-dom@18.3.1_react@18.3.1/node_modules/react-dom/cjs/react-dom.development.js:26473:7)
      at performConcurrentWorkOnRoot (../../node_modules/.pnpm/react-dom@18.3.1_react@18.3.1/node_modules/react-dom/cjs/react-dom.development.js:25777:74)
      at flushActQueue (../../node_modules/.pnpm/react@18.3.1/node_modules/react/cjs/react.development.js:2667:24)
      at act (../../node_modules/.pnpm/react@18.3.1/node_modules/react/cjs/react.development.js:2582:11)
      at ../../node_modules/.pnpm/@testing-library+react@16.3.2_@testing-library+dom@10.4.1_@types+react-dom@18.3.7_@types+reac_3k5f6qynewwmkoqvlvtzlgtsjq/node_modules/@testing-library/react/dist/act-compat.js:46:25
      at renderRoot (../../node_modules/.pnpm/@testing-library+react@16.3.2_@testing-library+dom@10.4.1_@types+react-dom@18.3.7_@types+reac_3k5f6qynewwmkoqvlvtzlgtsjq/node_modules/@testing-library/react/dist/pure.js:189:26)
      at render (../../node_modules/.pnpm/@testing-library+react@16.3.2_@testing-library+dom@10.4.1_@types+react-dom@18.3.7_@types+reac_3k5f6qynewwmkoqvlvtzlgtsjq/node_modules/@testing-library/react/dist/pure.js:291:10)
      at Object.<anonymous> (components/__tests__/permissions-table.test.tsx:99:11)

    console.error
      Error: Uncaught [Error: `Tooltip` must be used within `TooltipProvider`]
          at reportException (/app/node_modules/.pnpm/jsdom@20.0.3/node_modules/jsdom/lib/jsdom/living/helpers/runtime-script-errors.js:66:24)
          at innerInvokeEventListeners (/app/node_modules/.pnpm/jsdom@20.0.3/node_modules/jsdom/lib/jsdom/living/events/EventTarget-impl.js:353:9)
          at invokeEventListeners (/app/node_modules/.pnpm/jsdom@20.0.3/node_modules/jsdom/lib/jsdom/living/events/EventTarget-impl.js:286:3)
          at HTMLUnknownElementImpl._dispatch (/app/node_modules/.pnpm/jsdom@20.0.3/node_modules/jsdom/lib/jsdom/living/events/EventTarget-impl.js:233:9)
          at HTMLUnknownElementImpl.dispatchEvent (/app/node_modules/.pnpm/jsdom@20.0.3/node_modules/jsdom/lib/jsdom/living/events/EventTarget-impl.js:104:17)
          at HTMLUnknownElement.dispatchEvent (/app/node_modules/.pnpm/jsdom@20.0.3/node_modules/jsdom/lib/jsdom/living/generated/EventTarget.js:241:34)
          at Object.invokeGuardedCallbackDev (/app/node_modules/.pnpm/react-dom@18.3.1_react@18.3.1/node_modules/react-dom/cjs/react-dom.development.js:4213:16)
          at invokeGuardedCallback (/app/node_modules/.pnpm/react-dom@18.3.1_react@18.3.1/node_modules/react-dom/cjs/react-dom.development.js:4277:31)
          at beginWork$1 (/app/node_modules/.pnpm/react-dom@18.3.1_react@18.3.1/node_modules/react-dom/cjs/react-dom.development.js:27490:7)
          at performUnitOfWork (/app/node_modules/.pnpm/react-dom@18.3.1_react@18.3.1/node_modules/react-dom/cjs/react-dom.development.js:26599:12)
          at workLoopSync (/app/node_modules/.pnpm/react-dom@18.3.1_react@18.3.1/node_modules/react-dom/cjs/react-dom.development.js:26505:5)
          at renderRootSync (/app/node_modules/.pnpm/react-dom@18.3.1_react@18.3.1/node_modules/react-dom/cjs/react-dom.development.js:26473:7)
          at performConcurrentWorkOnRoot (/app/node_modules/.pnpm/react-dom@18.3.1_react@18.3.1/node_modules/react-dom/cjs/react-dom.development.js:25777:74)
          at flushActQueue (/app/node_modules/.pnpm/react@18.3.1/node_modules/react/cjs/react.development.js:2667:24)
          at act (/app/node_modules/.pnpm/react@18.3.1/node_modules/react/cjs/react.development.js:2582:11)
          at /app/node_modules/.pnpm/@testing-library+react@16.3.2_@testing-library+dom@10.4.1_@types+react-dom@18.3.7_@types+reac_3k5f6qynewwmkoqvlvtzlgtsjq/node_modules/@testing-library/react/dist/act-compat.js:46:25
          at renderRoot (/app/node_modules/.pnpm/@testing-library+react@16.3.2_@testing-library+dom@10.4.1_@types+react-dom@18.3.7_@types+reac_3k5f6qynewwmkoqvlvtzlgtsjq/node_modules/@testing-library/react/dist/pure.js:189:26)
          at render (/app/node_modules/.pnpm/@testing-library+react@16.3.2_@testing-library+dom@10.4.1_@types+react-dom@18.3.7_@types+reac_3k5f6qynewwmkoqvlvtzlgtsjq/node_modules/@testing-library/react/dist/pure.js:291:10)
          at Object.<anonymous> (/app/apps/admin/components/__tests__/permissions-table.test.tsx:99:11)
          at Promise.then.completed (/app/node_modules/.pnpm/jest-circus@29.7.0/node_modules/jest-circus/build/utils.js:298:28)
          at new Promise (<anonymous>)
          at callAsyncCircusFn (/app/node_modules/.pnpm/jest-circus@29.7.0/node_modules/jest-circus/build/utils.js:231:10)
          at _callCircusTest (/app/node_modules/.pnpm/jest-circus@29.7.0/node_modules/jest-circus/build/run.js:316:40)
          at processTicksAndRejections (node:internal/process/task_queues:103:5)
          at _runTest (/app/node_modules/.pnpm/jest-circus@29.7.0/node_modules/jest-circus/build/run.js:252:3)
          at _runTestsForDescribeBlock (/app/node_modules/.pnpm/jest-circus@29.7.0/node_modules/jest-circus/build/run.js:126:9)
          at _runTestsForDescribeBlock (/app/node_modules/.pnpm/jest-circus@29.7.0/node_modules/jest-circus/build/run.js:121:9)
          at run (/app/node_modules/.pnpm/jest-circus@29.7.0/node_modules/jest-circus/build/run.js:71:3)
          at runAndTransformResultsToJestFormat (/app/node_modules/.pnpm/jest-circus@29.7.0/node_modules/jest-circus/build/legacy-code-todo-rewrite/jestAdapterInit.js:122:21)
          at jestAdapter (/app/node_modules/.pnpm/jest-circus@29.7.0/node_modules/jest-circus/build/legacy-code-todo-rewrite/jestAdapter.js:79:19)
          at runTestInternal (/app/node_modules/.pnpm/jest-runner@29.7.0/node_modules/jest-runner/build/runTest.js:367:16)
          at runTest (/app/node_modules/.pnpm/jest-runner@29.7.0/node_modules/jest-runner/build/runTest.js:444:34)
          at Object.worker (/app/node_modules/.pnpm/jest-runner@29.7.0/node_modules/jest-runner/build/testWorker.js:106:12) {
        detail: Error: `Tooltip` must be used within `TooltipProvider`
            at useContext2 (/app/node_modules/.pnpm/@radix-ui+react-context@1.1.2_@types+react@18.3.29_react@18.3.1/node_modules/@radix-ui/react-context/src/create-context.tsx:75:13)
            at Tooltip (/app/node_modules/.pnpm/@radix-ui+react-tooltip@1.2.8_@types+react-dom@18.3.7_@types+react@18.3.29__@types+react@18.3_xrwsnt2rmlacewwolijhmzdoxi/node_modules/@radix-ui/react-tooltip/src/tooltip.tsx:162:27)
            at renderWithHooks (/app/node_modules/.pnpm/react-dom@18.3.1_react@18.3.1/node_modules/react-dom/cjs/react-dom.development.js:15486:18)
            at mountIndeterminateComponent (/app/node_modules/.pnpm/react-dom@18.3.1_react@18.3.1/node_modules/react-dom/cjs/react-dom.development.js:20103:13)
            at beginWork (/app/node_modules/.pnpm/react-dom@18.3.1_react@18.3.1/node_modules/react-dom/cjs/react-dom.development.js:21626:16)
            at HTMLUnknownElement.callCallback (/app/node_modules/.pnpm/react-dom@18.3.1_react@18.3.1/node_modules/react-dom/cjs/react-dom.development.js:4164:14)
            at HTMLUnknownElement.callTheUserObjectsOperation (/app/node_modules/.pnpm/jsdom@20.0.3/node_modules/jsdom/lib/jsdom/living/generated/EventListener.js:26:30)
            at innerInvokeEventListeners (/app/node_modules/.pnpm/jsdom@20.0.3/node_modules/jsdom/lib/jsdom/living/events/EventTarget-impl.js:350:25)
            at invokeEventListeners (/app/node_modules/.pnpm/jsdom@20.0.3/node_modules/jsdom/lib/jsdom/living/events/EventTarget-impl.js:286:3)
            at HTMLUnknownElementImpl._dispatch (/app/node_modules/.pnpm/jsdom@20.0.3/node_modules/jsdom/lib/jsdom/living/events/EventTarget-impl.js:233:9)
            at HTMLUnknownElementImpl.dispatchEvent (/app/node_modules/.pnpm/jsdom@20.0.3/node_modules/jsdom/lib/jsdom/living/events/EventTarget-impl.js:104:17)
            at HTMLUnknownElement.dispatchEvent (/app/node_modules/.pnpm/jsdom@20.0.3/node_modules/jsdom/lib/jsdom/living/generated/EventTarget.js:241:34)
            at Object.invokeGuardedCallbackDev (/app/node_modules/.pnpm/react-dom@18.3.1_react@18.3.1/node_modules/react-dom/cjs/react-dom.development.js:4213:16)
            at invokeGuardedCallback (/app/node_modules/.pnpm/react-dom@18.3.1_react@18.3.1/node_modules/react-dom/cjs/react-dom.development.js:4277:31)
            at beginWork$1 (/app/node_modules/.pnpm/react-dom@18.3.1_react@18.3.1/node_modules/react-dom/cjs/react-dom.development.js:27490:7)
            at performUnitOfWork (/app/node_modules/.pnpm/react-dom@18.3.1_react@18.3.1/node_modules/react-dom/cjs/react-dom.development.js:26599:12)
            at workLoopSync (/app/node_modules/.pnpm/react-dom@18.3.1_react@18.3.1/node_modules/react-dom/cjs/react-dom.development.js:26505:5)
            at renderRootSync (/app/node_modules/.pnpm/react-dom@18.3.1_react@18.3.1/node_modules/react-dom/cjs/react-dom.development.js:26473:7)
            at performConcurrentWorkOnRoot (/app/node_modules/.pnpm/react-dom@18.3.1_react@18.3.1/node_modules/react-dom/cjs/react-dom.development.js:25777:74)
            at flushActQueue (/app/node_modules/.pnpm/react@18.3.1/node_modules/react/cjs/react.development.js:2667:24)
            at act (/app/node_modules/.pnpm/react@18.3.1/node_modules/react/cjs/react.development.js:2582:11)
            at /app/node_modules/.pnpm/@testing-library+react@16.3.2_@testing-library+dom@10.4.1_@types+react-dom@18.3.7_@types+reac_3k5f6qynewwmkoqvlvtzlgtsjq/node_modules/@testing-library/react/dist/act-compat.js:46:25
            at renderRoot (/app/node_modules/.pnpm/@testing-library+react@16.3.2_@testing-library+dom@10.4.1_@types+react-dom@18.3.7_@types+reac_3k5f6qynewwmkoqvlvtzlgtsjq/node_modules/@testing-library/react/dist/pure.js:189:26)
            at render (/app/node_modules/.pnpm/@testing-library+react@16.3.2_@testing-library+dom@10.4.1_@types+react-dom@18.3.7_@types+reac_3k5f6qynewwmkoqvlvtzlgtsjq/node_modules/@testing-library/react/dist/pure.js:291:10)
            at Object.<anonymous> (/app/apps/admin/components/__tests__/permissions-table.test.tsx:99:11)
            at Promise.then.completed (/app/node_modules/.pnpm/jest-circus@29.7.0/node_modules/jest-circus/build/utils.js:298:28)
            at new Promise (<anonymous>)
            at callAsyncCircusFn (/app/node_modules/.pnpm/jest-circus@29.7.0/node_modules/jest-circus/build/utils.js:231:10)
            at _callCircusTest (/app/node_modules/.pnpm/jest-circus@29.7.0/node_modules/jest-circus/build/run.js:316:40)
            at processTicksAndRejections (node:internal/process/task_queues:103:5)
            at _runTest (/app/node_modules/.pnpm/jest-circus@29.7.0/node_modules/jest-circus/build/run.js:252:3)
            at _runTestsForDescribeBlock (/app/node_modules/.pnpm/jest-circus@29.7.0/node_modules/jest-circus/build/run.js:126:9)
            at _runTestsForDescribeBlock (/app/node_modules/.pnpm/jest-circus@29.7.0/node_modules/jest-circus/build/run.js:121:9)
            at run (/app/node_modules/.pnpm/jest-circus@29.7.0/node_modules/jest-circus/build/run.js:71:3)
            at runAndTransformResultsToJestFormat (/app/node_modules/.pnpm/jest-circus@29.7.0/node_modules/jest-circus/build/legacy-code-todo-rewrite/jestAdapterInit.js:122:21)
            at jestAdapter (/app/node_modules/.pnpm/jest-circus@29.7.0/node_modules/jest-circus/build/legacy-code-todo-rewrite/jestAdapter.js:79:19)
            at runTestInternal (/app/node_modules/.pnpm/jest-runner@29.7.0/node_modules/jest-runner/build/runTest.js:367:16)
            at runTest (/app/node_modules/.pnpm/jest-runner@29.7.0/node_modules/jest-runner/build/runTest.js:444:34)
            at Object.worker (/app/node_modules/.pnpm/jest-runner@29.7.0/node_modules/jest-runner/build/testWorker.js:106:12),
        type: 'unhandled exception'
      }

       97 |       total: 1, page: 1, pageSize: 25,
       98 |     }
    >  99 |     render(withIntl(<PermissionsTable initial={systemInitial} apps={apps} />))
          |           ^
      100 |     // Only View should be present for an isSystem row
      101 |     expect(screen.getAllByRole('menuitem')).toHaveLength(1)
      102 |     expect(screen.getByRole('menuitem', { name: en.permissions.actions.view })).toBeInTheDocument()

      at VirtualConsole.<anonymous> (../../node_modules/.pnpm/jest-environment-jsdom@29.7.0/node_modules/jest-environment-jsdom/build/index.js:63:23)
      at reportException (../../node_modules/.pnpm/jsdom@20.0.3/node_modules/jsdom/lib/jsdom/living/helpers/runtime-script-errors.js:70:28)
      at innerInvokeEventListeners (../../node_modules/.pnpm/jsdom@20.0.3/node_modules/jsdom/lib/jsdom/living/events/EventTarget-impl.js:353:9)
      at invokeEventListeners (../../node_modules/.pnpm/jsdom@20.0.3/node_modules/jsdom/lib/jsdom/living/events/EventTarget-impl.js:286:3)
      at HTMLUnknownElementImpl._dispatch (../../node_modules/.pnpm/jsdom@20.0.3/node_modules/jsdom/lib/jsdom/living/events/EventTarget-impl.js:233:9)
      at HTMLUnknownElementImpl.dispatchEvent (../../node_modules/.pnpm/jsdom@20.0.3/node_modules/jsdom/lib/jsdom/living/events/EventTarget-impl.js:104:17)
      at HTMLUnknownElement.dispatchEvent (../../node_modules/.pnpm/jsdom@20.0.3/node_modules/jsdom/lib/jsdom/living/generated/EventTarget.js:241:34)
      at Object.invokeGuardedCallbackDev (../../node_modules/.pnpm/react-dom@18.3.1_react@18.3.1/node_modules/react-dom/cjs/react-dom.development.js:4213:16)
      at invokeGuardedCallback (../../node_modules/.pnpm/react-dom@18.3.1_react@18.3.1/node_modules/react-dom/cjs/react-dom.development.js:4277:31)
      at beginWork$1 (../../node_modules/.pnpm/react-dom@18.3.1_react@18.3.1/node_modules/react-dom/cjs/react-dom.development.js:27490:7)
      at performUnitOfWork (../../node_modules/.pnpm/react-dom@18.3.1_react@18.3.1/node_modules/react-dom/cjs/react-dom.development.js:26599:12)
      at workLoopSync (../../node_modules/.pnpm/react-dom@18.3.1_react@18.3.1/node_modules/react-dom/cjs/react-dom.development.js:26505:5)
      at renderRootSync (../../node_modules/.pnpm/react-dom@18.3.1_react@18.3.1/node_modules/react-dom/cjs/react-dom.development.js:26473:7)
      at performConcurrentWorkOnRoot (../../node_modules/.pnpm/react-dom@18.3.1_react@18.3.1/node_modules/react-dom/cjs/react-dom.development.js:25777:74)
      at flushActQueue (../../node_modules/.pnpm/react@18.3.1/node_modules/react/cjs/react.development.js:2667:24)
      at act (../../node_modules/.pnpm/react@18.3.1/node_modules/react/cjs/react.development.js:2582:11)
      at ../../node_modules/.pnpm/@testing-library+react@16.3.2_@testing-library+dom@10.4.1_@types+react-dom@18.3.7_@types+reac_3k5f6qynewwmkoqvlvtzlgtsjq/node_modules/@testing-library/react/dist/act-compat.js:46:25
      at renderRoot (../../node_modules/.pnpm/@testing-library+react@16.3.2_@testing-library+dom@10.4.1_@types+react-dom@18.3.7_@types+reac_3k5f6qynewwmkoqvlvtzlgtsjq/node_modules/@testing-library/react/dist/pure.js:189:26)
      at render (../../node_modules/.pnpm/@testing-library+react@16.3.2_@testing-library+dom@10.4.1_@types+react-dom@18.3.7_@types+reac_3k5f6qynewwmkoqvlvtzlgtsjq/node_modules/@testing-library/react/dist/pure.js:291:10)
      at Object.<anonymous> (components/__tests__/permissions-table.test.tsx:99:11)

    console.error
      Error: Uncaught [Error: `Tooltip` must be used within `TooltipProvider`]
          at reportException (/app/node_modules/.pnpm/jsdom@20.0.3/node_modules/jsdom/lib/jsdom/living/helpers/runtime-script-errors.js:66:24)
          at innerInvokeEventListeners (/app/node_modules/.pnpm/jsdom@20.0.3/node_modules/jsdom/lib/jsdom/living/events/EventTarget-impl.js:353:9)
          at invokeEventListeners (/app/node_modules/.pnpm/jsdom@20.0.3/node_modules/jsdom/lib/jsdom/living/events/EventTarget-impl.js:286:3)
          at HTMLUnknownElementImpl._dispatch (/app/node_modules/.pnpm/jsdom@20.0.3/node_modules/jsdom/lib/jsdom/living/events/EventTarget-impl.js:233:9)
          at HTMLUnknownElementImpl.dispatchEvent (/app/node_modules/.pnpm/jsdom@20.0.3/node_modules/jsdom/lib/jsdom/living/events/EventTarget-impl.js:104:17)
          at HTMLUnknownElement.dispatchEvent (/app/node_modules/.pnpm/jsdom@20.0.3/node_modules/jsdom/lib/jsdom/living/generated/EventTarget.js:241:34)
          at Object.invokeGuardedCallbackDev (/app/node_modules/.pnpm/react-dom@18.3.1_react@18.3.1/node_modules/react-dom/cjs/react-dom.development.js:4213:16)
          at invokeGuardedCallback (/app/node_modules/.pnpm/react-dom@18.3.1_react@18.3.1/node_modules/react-dom/cjs/react-dom.development.js:4277:31)
          at beginWork$1 (/app/node_modules/.pnpm/react-dom@18.3.1_react@18.3.1/node_modules/react-dom/cjs/react-dom.development.js:27490:7)
          at performUnitOfWork (/app/node_modules/.pnpm/react-dom@18.3.1_react@18.3.1/node_modules/react-dom/cjs/react-dom.development.js:26599:12)
          at workLoopSync (/app/node_modules/.pnpm/react-dom@18.3.1_react@18.3.1/node_modules/react-dom/cjs/react-dom.development.js:26505:5)
          at renderRootSync (/app/node_modules/.pnpm/react-dom@18.3.1_react@18.3.1/node_modules/react-dom/cjs/react-dom.development.js:26473:7)
          at recoverFromConcurrentError (/app/node_modules/.pnpm/react-dom@18.3.1_react@18.3.1/node_modules/react-dom/cjs/react-dom.development.js:25889:20)
          at performConcurrentWorkOnRoot (/app/node_modules/.pnpm/react-dom@18.3.1_react@18.3.1/node_modules/react-dom/cjs/react-dom.development.js:25789:22)
          at flushActQueue (/app/node_modules/.pnpm/react@18.3.1/node_modules/react/cjs/react.development.js:2667:24)
          at act (/app/node_modules/.pnpm/react@18.3.1/node_modules/react/cjs/react.development.js:2582:11)
          at /app/node_modules/.pnpm/@testing-library+react@16.3.2_@testing-library+dom@10.4.1_@types+react-dom@18.3.7_@types+reac_3k5f6qynewwmkoqvlvtzlgtsjq/node_modules/@testing-library/react/dist/act-compat.js:46:25
          at renderRoot (/app/node_modules/.pnpm/@testing-library+react@16.3.2_@testing-library+dom@10.4.1_@types+react-dom@18.3.7_@types+reac_3k5f6qynewwmkoqvlvtzlgtsjq/node_modules/@testing-library/react/dist/pure.js:189:26)
          at render (/app/node_modules/.pnpm/@testing-library+react@16.3.2_@testing-library+dom@10.4.1_@types+react-dom@18.3.7_@types+reac_3k5f6qynewwmkoqvlvtzlgtsjq/node_modules/@testing-library/react/dist/pure.js:291:10)
          at Object.<anonymous> (/app/apps/admin/components/__tests__/permissions-table.test.tsx:99:11)
          at Promise.then.completed (/app/node_modules/.pnpm/jest-circus@29.7.0/node_modules/jest-circus/build/utils.js:298:28)
          at new Promise (<anonymous>)
          at callAsyncCircusFn (/app/node_modules/.pnpm/jest-circus@29.7.0/node_modules/jest-circus/build/utils.js:231:10)
          at _callCircusTest (/app/node_modules/.pnpm/jest-circus@29.7.0/node_modules/jest-circus/build/run.js:316:40)
          at processTicksAndRejections (node:internal/process/task_queues:103:5)
          at _runTest (/app/node_modules/.pnpm/jest-circus@29.7.0/node_modules/jest-circus/build/run.js:252:3)
          at _runTestsForDescribeBlock (/app/node_modules/.pnpm/jest-circus@29.7.0/node_modules/jest-circus/build/run.js:126:9)
          at _runTestsForDescribeBlock (/app/node_modules/.pnpm/jest-circus@29.7.0/node_modules/jest-circus/build/run.js:121:9)
          at run (/app/node_modules/.pnpm/jest-circus@29.7.0/node_modules/jest-circus/build/run.js:71:3)
          at runAndTransformResultsToJestFormat (/app/node_modules/.pnpm/jest-circus@29.7.0/node_modules/jest-circus/build/legacy-code-todo-rewrite/jestAdapterInit.js:122:21)
          at jestAdapter (/app/node_modules/.pnpm/jest-circus@29.7.0/node_modules/jest-circus/build/legacy-code-todo-rewrite/jestAdapter.js:79:19)
          at runTestInternal (/app/node_modules/.pnpm/jest-runner@29.7.0/node_modules/jest-runner/build/runTest.js:367:16)
          at runTest (/app/node_modules/.pnpm/jest-runner@29.7.0/node_modules/jest-runner/build/runTest.js:444:34)
          at Object.worker (/app/node_modules/.pnpm/jest-runner@29.7.0/node_modules/jest-runner/build/testWorker.js:106:12) {
        detail: Error: `Tooltip` must be used within `TooltipProvider`
            at useContext2 (/app/node_modules/.pnpm/@radix-ui+react-context@1.1.2_@types+react@18.3.29_react@18.3.1/node_modules/@radix-ui/react-context/src/create-context.tsx:75:13)
            at Tooltip (/app/node_modules/.pnpm/@radix-ui+react-tooltip@1.2.8_@types+react-dom@18.3.7_@types+react@18.3.29__@types+react@18.3_xrwsnt2rmlacewwolijhmzdoxi/node_modules/@radix-ui/react-tooltip/src/tooltip.tsx:162:27)
            at renderWithHooks (/app/node_modules/.pnpm/react-dom@18.3.1_react@18.3.1/node_modules/react-dom/cjs/react-dom.development.js:15486:18)
            at mountIndeterminateComponent (/app/node_modules/.pnpm/react-dom@18.3.1_react@18.3.1/node_modules/react-dom/cjs/react-dom.development.js:20103:13)
            at beginWork (/app/node_modules/.pnpm/react-dom@18.3.1_react@18.3.1/node_modules/react-dom/cjs/react-dom.development.js:21626:16)
            at HTMLUnknownElement.callCallback (/app/node_modules/.pnpm/react-dom@18.3.1_react@18.3.1/node_modules/react-dom/cjs/react-dom.development.js:4164:14)
            at HTMLUnknownElement.callTheUserObjectsOperation (/app/node_modules/.pnpm/jsdom@20.0.3/node_modules/jsdom/lib/jsdom/living/generated/EventListener.js:26:30)
            at innerInvokeEventListeners (/app/node_modules/.pnpm/jsdom@20.0.3/node_modules/jsdom/lib/jsdom/living/events/EventTarget-impl.js:350:25)
            at invokeEventListeners (/app/node_modules/.pnpm/jsdom@20.0.3/node_modules/jsdom/lib/jsdom/living/events/EventTarget-impl.js:286:3)
            at HTMLUnknownElementImpl._dispatch (/app/node_modules/.pnpm/jsdom@20.0.3/node_modules/jsdom/lib/jsdom/living/events/EventTarget-impl.js:233:9)
            at HTMLUnknownElementImpl.dispatchEvent (/app/node_modules/.pnpm/jsdom@20.0.3/node_modules/jsdom/lib/jsdom/living/events/EventTarget-impl.js:104:17)
            at HTMLUnknownElement.dispatchEvent (/app/node_modules/.pnpm/jsdom@20.0.3/node_modules/jsdom/lib/jsdom/living/generated/EventTarget.js:241:34)
            at Object.invokeGuardedCallbackDev (/app/node_modules/.pnpm/react-dom@18.3.1_react@18.3.1/node_modules/react-dom/cjs/react-dom.development.js:4213:16)
            at invokeGuardedCallback (/app/node_modules/.pnpm/react-dom@18.3.1_react@18.3.1/node_modules/react-dom/cjs/react-dom.development.js:4277:31)
            at beginWork$1 (/app/node_modules/.pnpm/react-dom@18.3.1_react@18.3.1/node_modules/react-dom/cjs/react-dom.development.js:27490:7)
            at performUnitOfWork (/app/node_modules/.pnpm/react-dom@18.3.1_react@18.3.1/node_modules/react-dom/cjs/react-dom.development.js:26599:12)
            at workLoopSync (/app/node_modules/.pnpm/react-dom@18.3.1_react@18.3.1/node_modules/react-dom/cjs/react-dom.development.js:26505:5)
            at renderRootSync (/app/node_modules/.pnpm/react-dom@18.3.1_react@18.3.1/node_modules/react-dom/cjs/react-dom.development.js:26473:7)
            at recoverFromConcurrentError (/app/node_modules/.pnpm/react-dom@18.3.1_react@18.3.1/node_modules/react-dom/cjs/react-dom.development.js:25889:20)
            at performConcurrentWorkOnRoot (/app/node_modules/.pnpm/react-dom@18.3.1_react@18.3.1/node_modules/react-dom/cjs/react-dom.development.js:25789:22)
            at flushActQueue (/app/node_modules/.pnpm/react@18.3.1/node_modules/react/cjs/react.development.js:2667:24)
            at act (/app/node_modules/.pnpm/react@18.3.1/node_modules/react/cjs/react.development.js:2582:11)
            at /app/node_modules/.pnpm/@testing-library+react@16.3.2_@testing-library+dom@10.4.1_@types+react-dom@18.3.7_@types+reac_3k5f6qynewwmkoqvlvtzlgtsjq/node_modules/@testing-library/react/dist/act-compat.js:46:25
            at renderRoot (/app/node_modules/.pnpm/@testing-library+react@16.3.2_@testing-library+dom@10.4.1_@types+react-dom@18.3.7_@types+reac_3k5f6qynewwmkoqvlvtzlgtsjq/node_modules/@testing-library/react/dist/pure.js:189:26)
            at render (/app/node_modules/.pnpm/@testing-library+react@16.3.2_@testing-library+dom@10.4.1_@types+react-dom@18.3.7_@types+reac_3k5f6qynewwmkoqvlvtzlgtsjq/node_modules/@testing-library/react/dist/pure.js:291:10)
            at Object.<anonymous> (/app/apps/admin/components/__tests__/permissions-table.test.tsx:99:11)
            at Promise.then.completed (/app/node_modules/.pnpm/jest-circus@29.7.0/node_modules/jest-circus/build/utils.js:298:28)
            at new Promise (<anonymous>)
            at callAsyncCircusFn (/app/node_modules/.pnpm/jest-circus@29.7.0/node_modules/jest-circus/build/utils.js:231:10)
            at _callCircusTest (/app/node_modules/.pnpm/jest-circus@29.7.0/node_modules/jest-circus/build/run.js:316:40)
            at processTicksAndRejections (node:internal/process/task_queues:103:5)
            at _runTest (/app/node_modules/.pnpm/jest-circus@29.7.0/node_modules/jest-circus/build/run.js:252:3)
            at _runTestsForDescribeBlock (/app/node_modules/.pnpm/jest-circus@29.7.0/node_modules/jest-circus/build/run.js:126:9)
            at _runTestsForDescribeBlock (/app/node_modules/.pnpm/jest-circus@29.7.0/node_modules/jest-circus/build/run.js:121:9)
            at run (/app/node_modules/.pnpm/jest-circus@29.7.0/node_modules/jest-circus/build/run.js:71:3)
            at runAndTransformResultsToJestFormat (/app/node_modules/.pnpm/jest-circus@29.7.0/node_modules/jest-circus/build/legacy-code-todo-rewrite/jestAdapterInit.js:122:21)
            at jestAdapter (/app/node_modules/.pnpm/jest-circus@29.7.0/node_modules/jest-circus/build/legacy-code-todo-rewrite/jestAdapter.js:79:19)
            at runTestInternal (/app/node_modules/.pnpm/jest-runner@29.7.0/node_modules/jest-runner/build/runTest.js:367:16)
            at runTest (/app/node_modules/.pnpm/jest-runner@29.7.0/node_modules/jest-runner/build/runTest.js:444:34)
            at Object.worker (/app/node_modules/.pnpm/jest-runner@29.7.0/node_modules/jest-runner/build/testWorker.js:106:12),
        type: 'unhandled exception'
      }

       97 |       total: 1, page: 1, pageSize: 25,
       98 |     }
    >  99 |     render(withIntl(<PermissionsTable initial={systemInitial} apps={apps} />))
          |           ^
      100 |     // Only View should be present for an isSystem row
      101 |     expect(screen.getAllByRole('menuitem')).toHaveLength(1)
      102 |     expect(screen.getByRole('menuitem', { name: en.permissions.actions.view })).toBeInTheDocument()

      at VirtualConsole.<anonymous> (../../node_modules/.pnpm/jest-environment-jsdom@29.7.0/node_modules/jest-environment-jsdom/build/index.js:63:23)
      at reportException (../../node_modules/.pnpm/jsdom@20.0.3/node_modules/jsdom/lib/jsdom/living/helpers/runtime-script-errors.js:70:28)
      at innerInvokeEventListeners (../../node_modules/.pnpm/jsdom@20.0.3/node_modules/jsdom/lib/jsdom/living/events/EventTarget-impl.js:353:9)
      at invokeEventListeners (../../node_modules/.pnpm/jsdom@20.0.3/node_modules/jsdom/lib/jsdom/living/events/EventTarget-impl.js:286:3)
      at HTMLUnknownElementImpl._dispatch (../../node_modules/.pnpm/jsdom@20.0.3/node_modules/jsdom/lib/jsdom/living/events/EventTarget-impl.js:233:9)
      at HTMLUnknownElementImpl.dispatchEvent (../../node_modules/.pnpm/jsdom@20.0.3/node_modules/jsdom/lib/jsdom/living/events/EventTarget-impl.js:104:17)
      at HTMLUnknownElement.dispatchEvent (../../node_modules/.pnpm/jsdom@20.0.3/node_modules/jsdom/lib/jsdom/living/generated/EventTarget.js:241:34)
      at Object.invokeGuardedCallbackDev (../../node_modules/.pnpm/react-dom@18.3.1_react@18.3.1/node_modules/react-dom/cjs/react-dom.development.js:4213:16)
      at invokeGuardedCallback (../../node_modules/.pnpm/react-dom@18.3.1_react@18.3.1/node_modules/react-dom/cjs/react-dom.development.js:4277:31)
      at beginWork$1 (../../node_modules/.pnpm/react-dom@18.3.1_react@18.3.1/node_modules/react-dom/cjs/react-dom.development.js:27490:7)
      at performUnitOfWork (../../node_modules/.pnpm/react-dom@18.3.1_react@18.3.1/node_modules/react-dom/cjs/react-dom.development.js:26599:12)
      at workLoopSync (../../node_modules/.pnpm/react-dom@18.3.1_react@18.3.1/node_modules/react-dom/cjs/react-dom.development.js:26505:5)
      at renderRootSync (../../node_modules/.pnpm/react-dom@18.3.1_react@18.3.1/node_modules/react-dom/cjs/react-dom.development.js:26473:7)
      at recoverFromConcurrentError (../../node_modules/.pnpm/react-dom@18.3.1_react@18.3.1/node_modules/react-dom/cjs/react-dom.development.js:25889:20)
      at performConcurrentWorkOnRoot (../../node_modules/.pnpm/react-dom@18.3.1_react@18.3.1/node_modules/react-dom/cjs/react-dom.development.js:25789:22)
      at flushActQueue (../../node_modules/.pnpm/react@18.3.1/node_modules/react/cjs/react.development.js:2667:24)
      at act (../../node_modules/.pnpm/react@18.3.1/node_modules/react/cjs/react.development.js:2582:11)
      at ../../node_modules/.pnpm/@testing-library+react@16.3.2_@testing-library+dom@10.4.1_@types+react-dom@18.3.7_@types+reac_3k5f6qynewwmkoqvlvtzlgtsjq/node_modules/@testing-library/react/dist/act-compat.js:46:25
      at renderRoot (../../node_modules/.pnpm/@testing-library+react@16.3.2_@testing-library+dom@10.4.1_@types+react-dom@18.3.7_@types+reac_3k5f6qynewwmkoqvlvtzlgtsjq/node_modules/@testing-library/react/dist/pure.js:189:26)
      at render (../../node_modules/.pnpm/@testing-library+react@16.3.2_@testing-library+dom@10.4.1_@types+react-dom@18.3.7_@types+reac_3k5f6qynewwmkoqvlvtzlgtsjq/node_modules/@testing-library/react/dist/pure.js:291:10)
      at Object.<anonymous> (components/__tests__/permissions-table.test.tsx:99:11)

    console.error
      Error: Uncaught [Error: `Tooltip` must be used within `TooltipProvider`]
          at reportException (/app/node_modules/.pnpm/jsdom@20.0.3/node_modules/jsdom/lib/jsdom/living/helpers/runtime-script-errors.js:66:24)
          at innerInvokeEventListeners (/app/node_modules/.pnpm/jsdom@20.0.3/node_modules/jsdom/lib/jsdom/living/events/EventTarget-impl.js:353:9)
          at invokeEventListeners (/app/node_modules/.pnpm/jsdom@20.0.3/node_modules/jsdom/lib/jsdom/living/events/EventTarget-impl.js:286:3)
          at HTMLUnknownElementImpl._dispatch (/app/node_modules/.pnpm/jsdom@20.0.3/node_modules/jsdom/lib/jsdom/living/events/EventTarget-impl.js:233:9)
          at HTMLUnknownElementImpl.dispatchEvent (/app/node_modules/.pnpm/jsdom@20.0.3/node_modules/jsdom/lib/jsdom/living/events/EventTarget-impl.js:104:17)
          at HTMLUnknownElement.dispatchEvent (/app/node_modules/.pnpm/jsdom@20.0.3/node_modules/jsdom/lib/jsdom/living/generated/EventTarget.js:241:34)
          at Object.invokeGuardedCallbackDev (/app/node_modules/.pnpm/react-dom@18.3.1_react@18.3.1/node_modules/react-dom/cjs/react-dom.development.js:4213:16)
          at invokeGuardedCallback (/app/node_modules/.pnpm/react-dom@18.3.1_react@18.3.1/node_modules/react-dom/cjs/react-dom.development.js:4277:31)
          at beginWork$1 (/app/node_modules/.pnpm/react-dom@18.3.1_react@18.3.1/node_modules/react-dom/cjs/react-dom.development.js:27490:7)
          at performUnitOfWork (/app/node_modules/.pnpm/react-dom@18.3.1_react@18.3.1/node_modules/react-dom/cjs/react-dom.development.js:26599:12)
          at workLoopSync (/app/node_modules/.pnpm/react-dom@18.3.1_react@18.3.1/node_modules/react-dom/cjs/react-dom.development.js:26505:5)
          at renderRootSync (/app/node_modules/.pnpm/react-dom@18.3.1_react@18.3.1/node_modules/react-dom/cjs/react-dom.development.js:26473:7)
          at recoverFromConcurrentError (/app/node_modules/.pnpm/react-dom@18.3.1_react@18.3.1/node_modules/react-dom/cjs/react-dom.development.js:25889:20)
          at performConcurrentWorkOnRoot (/app/node_modules/.pnpm/react-dom@18.3.1_react@18.3.1/node_modules/react-dom/cjs/react-dom.development.js:25789:22)
          at flushActQueue (/app/node_modules/.pnpm/react@18.3.1/node_modules/react/cjs/react.development.js:2667:24)
          at act (/app/node_modules/.pnpm/react@18.3.1/node_modules/react/cjs/react.development.js:2582:11)
          at /app/node_modules/.pnpm/@testing-library+react@16.3.2_@testing-library+dom@10.4.1_@types+react-dom@18.3.7_@types+reac_3k5f6qynewwmkoqvlvtzlgtsjq/node_modules/@testing-library/react/dist/act-compat.js:46:25
          at renderRoot (/app/node_modules/.pnpm/@testing-library+react@16.3.2_@testing-library+dom@10.4.1_@types+react-dom@18.3.7_@types+reac_3k5f6qynewwmkoqvlvtzlgtsjq/node_modules/@testing-library/react/dist/pure.js:189:26)
          at render (/app/node_modules/.pnpm/@testing-library+react@16.3.2_@testing-library+dom@10.4.1_@types+react-dom@18.3.7_@types+reac_3k5f6qynewwmkoqvlvtzlgtsjq/node_modules/@testing-library/react/dist/pure.js:291:10)
          at Object.<anonymous> (/app/apps/admin/components/__tests__/permissions-table.test.tsx:99:11)
          at Promise.then.completed (/app/node_modules/.pnpm/jest-circus@29.7.0/node_modules/jest-circus/build/utils.js:298:28)
          at new Promise (<anonymous>)
          at callAsyncCircusFn (/app/node_modules/.pnpm/jest-circus@29.7.0/node_modules/jest-circus/build/utils.js:231:10)
          at _callCircusTest (/app/node_modules/.pnpm/jest-circus@29.7.0/node_modules/jest-circus/build/run.js:316:40)
          at processTicksAndRejections (node:internal/process/task_queues:103:5)
          at _runTest (/app/node_modules/.pnpm/jest-circus@29.7.0/node_modules/jest-circus/build/run.js:252:3)
          at _runTestsForDescribeBlock (/app/node_modules/.pnpm/jest-circus@29.7.0/node_modules/jest-circus/build/run.js:126:9)
          at _runTestsForDescribeBlock (/app/node_modules/.pnpm/jest-circus@29.7.0/node_modules/jest-circus/build/run.js:121:9)
          at run (/app/node_modules/.pnpm/jest-circus@29.7.0/node_modules/jest-circus/build/run.js:71:3)
          at runAndTransformResultsToJestFormat (/app/node_modules/.pnpm/jest-circus@29.7.0/node_modules/jest-circus/build/legacy-code-todo-rewrite/jestAdapterInit.js:122:21)
          at jestAdapter (/app/node_modules/.pnpm/jest-circus@29.7.0/node_modules/jest-circus/build/legacy-code-todo-rewrite/jestAdapter.js:79:19)
          at runTestInternal (/app/node_modules/.pnpm/jest-runner@29.7.0/node_modules/jest-runner/build/runTest.js:367:16)
          at runTest (/app/node_modules/.pnpm/jest-runner@29.7.0/node_modules/jest-runner/build/runTest.js:444:34)
          at Object.worker (/app/node_modules/.pnpm/jest-runner@29.7.0/node_modules/jest-runner/build/testWorker.js:106:12) {
        detail: Error: `Tooltip` must be used within `TooltipProvider`
            at useContext2 (/app/node_modules/.pnpm/@radix-ui+react-context@1.1.2_@types+react@18.3.29_react@18.3.1/node_modules/@radix-ui/react-context/src/create-context.tsx:75:13)
            at Tooltip (/app/node_modules/.pnpm/@radix-ui+react-tooltip@1.2.8_@types+react-dom@18.3.7_@types+react@18.3.29__@types+react@18.3_xrwsnt2rmlacewwolijhmzdoxi/node_modules/@radix-ui/react-tooltip/src/tooltip.tsx:162:27)
            at renderWithHooks (/app/node_modules/.pnpm/react-dom@18.3.1_react@18.3.1/node_modules/react-dom/cjs/react-dom.development.js:15486:18)
            at mountIndeterminateComponent (/app/node_modules/.pnpm/react-dom@18.3.1_react@18.3.1/node_modules/react-dom/cjs/react-dom.development.js:20103:13)
            at beginWork (/app/node_modules/.pnpm/react-dom@18.3.1_react@18.3.1/node_modules/react-dom/cjs/react-dom.development.js:21626:16)
            at HTMLUnknownElement.callCallback (/app/node_modules/.pnpm/react-dom@18.3.1_react@18.3.1/node_modules/react-dom/cjs/react-dom.development.js:4164:14)
            at HTMLUnknownElement.callTheUserObjectsOperation (/app/node_modules/.pnpm/jsdom@20.0.3/node_modules/jsdom/lib/jsdom/living/generated/EventListener.js:26:30)
            at innerInvokeEventListeners (/app/node_modules/.pnpm/jsdom@20.0.3/node_modules/jsdom/lib/jsdom/living/events/EventTarget-impl.js:350:25)
            at invokeEventListeners (/app/node_modules/.pnpm/jsdom@20.0.3/node_modules/jsdom/lib/jsdom/living/events/EventTarget-impl.js:286:3)
            at HTMLUnknownElementImpl._dispatch (/app/node_modules/.pnpm/jsdom@20.0.3/node_modules/jsdom/lib/jsdom/living/events/EventTarget-impl.js:233:9)
            at HTMLUnknownElementImpl.dispatchEvent (/app/node_modules/.pnpm/jsdom@20.0.3/node_modules/jsdom/lib/jsdom/living/events/EventTarget-impl.js:104:17)
            at HTMLUnknownElement.dispatchEvent (/app/node_modules/.pnpm/jsdom@20.0.3/node_modules/jsdom/lib/jsdom/living/generated/EventTarget.js:241:34)
            at Object.invokeGuardedCallbackDev (/app/node_modules/.pnpm/react-dom@18.3.1_react@18.3.1/node_modules/react-dom/cjs/react-dom.development.js:4213:16)
            at invokeGuardedCallback (/app/node_modules/.pnpm/react-dom@18.3.1_react@18.3.1/node_modules/react-dom/cjs/react-dom.development.js:4277:31)
            at beginWork$1 (/app/node_modules/.pnpm/react-dom@18.3.1_react@18.3.1/node_modules/react-dom/cjs/react-dom.development.js:27490:7)
            at performUnitOfWork (/app/node_modules/.pnpm/react-dom@18.3.1_react@18.3.1/node_modules/react-dom/cjs/react-dom.development.js:26599:12)
            at workLoopSync (/app/node_modules/.pnpm/react-dom@18.3.1_react@18.3.1/node_modules/react-dom/cjs/react-dom.development.js:26505:5)
            at renderRootSync (/app/node_modules/.pnpm/react-dom@18.3.1_react@18.3.1/node_modules/react-dom/cjs/react-dom.development.js:26473:7)
            at recoverFromConcurrentError (/app/node_modules/.pnpm/react-dom@18.3.1_react@18.3.1/node_modules/react-dom/cjs/react-dom.development.js:25889:20)
            at performConcurrentWorkOnRoot (/app/node_modules/.pnpm/react-dom@18.3.1_react@18.3.1/node_modules/react-dom/cjs/react-dom.development.js:25789:22)
            at flushActQueue (/app/node_modules/.pnpm/react@18.3.1/node_modules/react/cjs/react.development.js:2667:24)
            at act (/app/node_modules/.pnpm/react@18.3.1/node_modules/react/cjs/react.development.js:2582:11)
            at /app/node_modules/.pnpm/@testing-library+react@16.3.2_@testing-library+dom@10.4.1_@types+react-dom@18.3.7_@types+reac_3k5f6qynewwmkoqvlvtzlgtsjq/node_modules/@testing-library/react/dist/act-compat.js:46:25
            at renderRoot (/app/node_modules/.pnpm/@testing-library+react@16.3.2_@testing-library+dom@10.4.1_@types+react-dom@18.3.7_@types+reac_3k5f6qynewwmkoqvlvtzlgtsjq/node_modules/@testing-library/react/dist/pure.js:189:26)
            at render (/app/node_modules/.pnpm/@testing-library+react@16.3.2_@testing-library+dom@10.4.1_@types+react-dom@18.3.7_@types+reac_3k5f6qynewwmkoqvlvtzlgtsjq/node_modules/@testing-library/react/dist/pure.js:291:10)
            at Object.<anonymous> (/app/apps/admin/components/__tests__/permissions-table.test.tsx:99:11)
            at Promise.then.completed (/app/node_modules/.pnpm/jest-circus@29.7.0/node_modules/jest-circus/build/utils.js:298:28)
            at new Promise (<anonymous>)
            at callAsyncCircusFn (/app/node_modules/.pnpm/jest-circus@29.7.0/node_modules/jest-circus/build/utils.js:231:10)
            at _callCircusTest (/app/node_modules/.pnpm/jest-circus@29.7.0/node_modules/jest-circus/build/run.js:316:40)
            at processTicksAndRejections (node:internal/process/task_queues:103:5)
            at _runTest (/app/node_modules/.pnpm/jest-circus@29.7.0/node_modules/jest-circus/build/run.js:252:3)
            at _runTestsForDescribeBlock (/app/node_modules/.pnpm/jest-circus@29.7.0/node_modules/jest-circus/build/run.js:126:9)
            at _runTestsForDescribeBlock (/app/node_modules/.pnpm/jest-circus@29.7.0/node_modules/jest-circus/build/run.js:121:9)
            at run (/app/node_modules/.pnpm/jest-circus@29.7.0/node_modules/jest-circus/build/run.js:71:3)
            at runAndTransformResultsToJestFormat (/app/node_modules/.pnpm/jest-circus@29.7.0/node_modules/jest-circus/build/legacy-code-todo-rewrite/jestAdapterInit.js:122:21)
            at jestAdapter (/app/node_modules/.pnpm/jest-circus@29.7.0/node_modules/jest-circus/build/legacy-code-todo-rewrite/jestAdapter.js:79:19)
            at runTestInternal (/app/node_modules/.pnpm/jest-runner@29.7.0/node_modules/jest-runner/build/runTest.js:367:16)
            at runTest (/app/node_modules/.pnpm/jest-runner@29.7.0/node_modules/jest-runner/build/runTest.js:444:34)
            at Object.worker (/app/node_modules/.pnpm/jest-runner@29.7.0/node_modules/jest-runner/build/testWorker.js:106:12),
        type: 'unhandled exception'
      }

       97 |       total: 1, page: 1, pageSize: 25,
       98 |     }
    >  99 |     render(withIntl(<PermissionsTable initial={systemInitial} apps={apps} />))
          |           ^
      100 |     // Only View should be present for an isSystem row
      101 |     expect(screen.getAllByRole('menuitem')).toHaveLength(1)
      102 |     expect(screen.getByRole('menuitem', { name: en.permissions.actions.view })).toBeInTheDocument()

      at VirtualConsole.<anonymous> (../../node_modules/.pnpm/jest-environment-jsdom@29.7.0/node_modules/jest-environment-jsdom/build/index.js:63:23)
      at reportException (../../node_modules/.pnpm/jsdom@20.0.3/node_modules/jsdom/lib/jsdom/living/helpers/runtime-script-errors.js:70:28)
      at innerInvokeEventListeners (../../node_modules/.pnpm/jsdom@20.0.3/node_modules/jsdom/lib/jsdom/living/events/EventTarget-impl.js:353:9)
      at invokeEventListeners (../../node_modules/.pnpm/jsdom@20.0.3/node_modules/jsdom/lib/jsdom/living/events/EventTarget-impl.js:286:3)
      at HTMLUnknownElementImpl._dispatch (../../node_modules/.pnpm/jsdom@20.0.3/node_modules/jsdom/lib/jsdom/living/events/EventTarget-impl.js:233:9)
      at HTMLUnknownElementImpl.dispatchEvent (../../node_modules/.pnpm/jsdom@20.0.3/node_modules/jsdom/lib/jsdom/living/events/EventTarget-impl.js:104:17)
      at HTMLUnknownElement.dispatchEvent (../../node_modules/.pnpm/jsdom@20.0.3/node_modules/jsdom/lib/jsdom/living/generated/EventTarget.js:241:34)
      at Object.invokeGuardedCallbackDev (../../node_modules/.pnpm/react-dom@18.3.1_react@18.3.1/node_modules/react-dom/cjs/react-dom.development.js:4213:16)
      at invokeGuardedCallback (../../node_modules/.pnpm/react-dom@18.3.1_react@18.3.1/node_modules/react-dom/cjs/react-dom.development.js:4277:31)
      at beginWork$1 (../../node_modules/.pnpm/react-dom@18.3.1_react@18.3.1/node_modules/react-dom/cjs/react-dom.development.js:27490:7)
      at performUnitOfWork (../../node_modules/.pnpm/react-dom@18.3.1_react@18.3.1/node_modules/react-dom/cjs/react-dom.development.js:26599:12)
      at workLoopSync (../../node_modules/.pnpm/react-dom@18.3.1_react@18.3.1/node_modules/react-dom/cjs/react-dom.development.js:26505:5)
      at renderRootSync (../../node_modules/.pnpm/react-dom@18.3.1_react@18.3.1/node_modules/react-dom/cjs/react-dom.development.js:26473:7)
      at recoverFromConcurrentError (../../node_modules/.pnpm/react-dom@18.3.1_react@18.3.1/node_modules/react-dom/cjs/react-dom.development.js:25889:20)
      at performConcurrentWorkOnRoot (../../node_modules/.pnpm/react-dom@18.3.1_react@18.3.1/node_modules/react-dom/cjs/react-dom.development.js:25789:22)
      at flushActQueue (../../node_modules/.pnpm/react@18.3.1/node_modules/react/cjs/react.development.js:2667:24)
      at act (../../node_modules/.pnpm/react@18.3.1/node_modules/react/cjs/react.development.js:2582:11)
      at ../../node_modules/.pnpm/@testing-library+react@16.3.2_@testing-library+dom@10.4.1_@types+react-dom@18.3.7_@types+reac_3k5f6qynewwmkoqvlvtzlgtsjq/node_modules/@testing-library/react/dist/act-compat.js:46:25
      at renderRoot (../../node_modules/.pnpm/@testing-library+react@16.3.2_@testing-library+dom@10.4.1_@types+react-dom@18.3.7_@types+reac_3k5f6qynewwmkoqvlvtzlgtsjq/node_modules/@testing-library/react/dist/pure.js:189:26)
      at render (../../node_modules/.pnpm/@testing-library+react@16.3.2_@testing-library+dom@10.4.1_@types+react-dom@18.3.7_@types+reac_3k5f6qynewwmkoqvlvtzlgtsjq/node_modules/@testing-library/react/dist/pure.js:291:10)
      at Object.<anonymous> (components/__tests__/permissions-table.test.tsx:99:11)

    console.error
      The above error occurred in the <Tooltip> component:

          at Tooltip (/app/node_modules/.pnpm/@radix-ui+react-tooltip@1.2.8_@types+react-dom@18.3.7_@types+react@18.3.29__@types+react@18.3_xrwsnt2rmlacewwolijhmzdoxi/node_modules/@radix-ui/react-tooltip/src/tooltip.tsx:154:5)
          at div
          at cell (/app/apps/admin/components/permissions-table.tsx:83:16)
          at td
          at /app/packages/ui/src/components/ui/table.tsx:87:6
          at tr
          at /app/packages/ui/src/components/ui/table.tsx:57:6
          at tbody
          at /app/packages/ui/src/components/ui/table.tsx:30:6
          at table
          at div
          at /app/packages/ui/src/components/ui/table.tsx:8:6
          at DataTable (/app/packages/ui/src/components/data-table.tsx:23:36)
          at div
          at PermissionsTable (/app/apps/admin/components/permissions-table.tsx:22:36)
          at IntlProvider (/app/node_modules/.pnpm/use-intl@3.26.5_react@18.3.1/node_modules/use-intl/dist/development/_IntlProvider.js:16:5)
          at NextIntlClientProvider (/app/node_modules/.pnpm/next-intl@3.26.5_next@15.5.18_@babel+core@7.29.7_@opentelemetry+api@1.9.1_@playwright+test@1._uib3rlo2eksg3yll53rffkx7ea/node_modules/next-intl/dist/development/shared/NextIntlClientProvider.js:16:5)

      Consider adding an error boundary to your tree to customize error handling behavior.
      Visit https://reactjs.org/link/error-boundaries to learn more about error boundaries.

       97 |       total: 1, page: 1, pageSize: 25,
       98 |     }
    >  99 |     render(withIntl(<PermissionsTable initial={systemInitial} apps={apps} />))
          |           ^
      100 |     // Only View should be present for an isSystem row
      101 |     expect(screen.getAllByRole('menuitem')).toHaveLength(1)
      102 |     expect(screen.getByRole('menuitem', { name: en.permissions.actions.view })).toBeInTheDocument()

      at logCapturedError (../../node_modules/.pnpm/react-dom@18.3.1_react@18.3.1/node_modules/react-dom/cjs/react-dom.development.js:18704:23)
      at update.callback (../../node_modules/.pnpm/react-dom@18.3.1_react@18.3.1/node_modules/react-dom/cjs/react-dom.development.js:18737:5)
      at callCallback (../../node_modules/.pnpm/react-dom@18.3.1_react@18.3.1/node_modules/react-dom/cjs/react-dom.development.js:15036:12)
      at commitUpdateQueue (../../node_modules/.pnpm/react-dom@18.3.1_react@18.3.1/node_modules/react-dom/cjs/react-dom.development.js:15057:9)
      at commitLayoutEffectOnFiber (../../node_modules/.pnpm/react-dom@18.3.1_react@18.3.1/node_modules/react-dom/cjs/react-dom.development.js:23430:13)
      at commitLayoutMountEffects_complete (../../node_modules/.pnpm/react-dom@18.3.1_react@18.3.1/node_modules/react-dom/cjs/react-dom.development.js:24727:9)
      at commitLayoutEffects_begin (../../node_modules/.pnpm/react-dom@18.3.1_react@18.3.1/node_modules/react-dom/cjs/react-dom.development.js:24713:7)
      at commitLayoutEffects (../../node_modules/.pnpm/react-dom@18.3.1_react@18.3.1/node_modules/react-dom/cjs/react-dom.development.js:24651:3)
      at commitRootImpl (../../node_modules/.pnpm/react-dom@18.3.1_react@18.3.1/node_modules/react-dom/cjs/react-dom.development.js:26862:5)
      at commitRoot (../../node_modules/.pnpm/react-dom@18.3.1_react@18.3.1/node_modules/react-dom/cjs/react-dom.development.js:26721:5)
      at finishConcurrentRender (../../node_modules/.pnpm/react-dom@18.3.1_react@18.3.1/node_modules/react-dom/cjs/react-dom.development.js:25931:9)
      at performConcurrentWorkOnRoot (../../node_modules/.pnpm/react-dom@18.3.1_react@18.3.1/node_modules/react-dom/cjs/react-dom.development.js:25848:7)
      at flushActQueue (../../node_modules/.pnpm/react@18.3.1/node_modules/react/cjs/react.development.js:2667:24)
      at act (../../node_modules/.pnpm/react@18.3.1/node_modules/react/cjs/react.development.js:2582:11)
      at ../../node_modules/.pnpm/@testing-library+react@16.3.2_@testing-library+dom@10.4.1_@types+react-dom@18.3.7_@types+reac_3k5f6qynewwmkoqvlvtzlgtsjq/node_modules/@testing-library/react/dist/act-compat.js:46:25
      at renderRoot (../../node_modules/.pnpm/@testing-library+react@16.3.2_@testing-library+dom@10.4.1_@types+react-dom@18.3.7_@types+reac_3k5f6qynewwmkoqvlvtzlgtsjq/node_modules/@testing-library/react/dist/pure.js:189:26)
      at render (../../node_modules/.pnpm/@testing-library+react@16.3.2_@testing-library+dom@10.4.1_@types+react-dom@18.3.7_@types+reac_3k5f6qynewwmkoqvlvtzlgtsjq/node_modules/@testing-library/react/dist/pure.js:291:10)
      at Object.<anonymous> (components/__tests__/permissions-table.test.tsx:99:11)

    console.error
      The above error occurred in the <Tooltip> component:

          at Tooltip (/app/node_modules/.pnpm/@radix-ui+react-tooltip@1.2.8_@types+react-dom@18.3.7_@types+react@18.3.29__@types+react@18.3_xrwsnt2rmlacewwolijhmzdoxi/node_modules/@radix-ui/react-tooltip/src/tooltip.tsx:154:5)
          at Passthrough (/app/apps/admin/components/__tests__/permissions-table.test.tsx:17:26)
          at cell (/app/apps/admin/components/permissions-table.tsx:124:16)
          at td
          at /app/packages/ui/src/components/ui/table.tsx:87:6
          at tr
          at /app/packages/ui/src/components/ui/table.tsx:57:6
          at tbody
          at /app/packages/ui/src/components/ui/table.tsx:30:6
          at table
          at div
          at /app/packages/ui/src/components/ui/table.tsx:8:6
          at DataTable (/app/packages/ui/src/components/data-table.tsx:23:36)
          at div
          at PermissionsTable (/app/apps/admin/components/permissions-table.tsx:22:36)
          at IntlProvider (/app/node_modules/.pnpm/use-intl@3.26.5_react@18.3.1/node_modules/use-intl/dist/development/_IntlProvider.js:16:5)
          at NextIntlClientProvider (/app/node_modules/.pnpm/next-intl@3.26.5_next@15.5.18_@babel+core@7.29.7_@opentelemetry+api@1.9.1_@playwright+test@1._uib3rlo2eksg3yll53rffkx7ea/node_modules/next-intl/dist/development/shared/NextIntlClientProvider.js:16:5)

      Consider adding an error boundary to your tree to customize error handling behavior.
      Visit https://reactjs.org/link/error-boundaries to learn more about error boundaries.

       97 |       total: 1, page: 1, pageSize: 25,
       98 |     }
    >  99 |     render(withIntl(<PermissionsTable initial={systemInitial} apps={apps} />))
          |           ^
      100 |     // Only View should be present for an isSystem row
      101 |     expect(screen.getAllByRole('menuitem')).toHaveLength(1)
      102 |     expect(screen.getByRole('menuitem', { name: en.permissions.actions.view })).toBeInTheDocument()

      at logCapturedError (../../node_modules/.pnpm/react-dom@18.3.1_react@18.3.1/node_modules/react-dom/cjs/react-dom.development.js:18704:23)
      at update.callback (../../node_modules/.pnpm/react-dom@18.3.1_react@18.3.1/node_modules/react-dom/cjs/react-dom.development.js:18737:5)
      at callCallback (../../node_modules/.pnpm/react-dom@18.3.1_react@18.3.1/node_modules/react-dom/cjs/react-dom.development.js:15036:12)
      at commitUpdateQueue (../../node_modules/.pnpm/react-dom@18.3.1_react@18.3.1/node_modules/react-dom/cjs/react-dom.development.js:15057:9)
      at commitLayoutEffectOnFiber (../../node_modules/.pnpm/react-dom@18.3.1_react@18.3.1/node_modules/react-dom/cjs/react-dom.development.js:23430:13)
      at commitLayoutMountEffects_complete (../../node_modules/.pnpm/react-dom@18.3.1_react@18.3.1/node_modules/react-dom/cjs/react-dom.development.js:24727:9)
      at commitLayoutEffects_begin (../../node_modules/.pnpm/react-dom@18.3.1_react@18.3.1/node_modules/react-dom/cjs/react-dom.development.js:24713:7)
      at commitLayoutEffects (../../node_modules/.pnpm/react-dom@18.3.1_react@18.3.1/node_modules/react-dom/cjs/react-dom.development.js:24651:3)
      at commitRootImpl (../../node_modules/.pnpm/react-dom@18.3.1_react@18.3.1/node_modules/react-dom/cjs/react-dom.development.js:26862:5)
      at commitRoot (../../node_modules/.pnpm/react-dom@18.3.1_react@18.3.1/node_modules/react-dom/cjs/react-dom.development.js:26721:5)
      at finishConcurrentRender (../../node_modules/.pnpm/react-dom@18.3.1_react@18.3.1/node_modules/react-dom/cjs/react-dom.development.js:25931:9)
      at performConcurrentWorkOnRoot (../../node_modules/.pnpm/react-dom@18.3.1_react@18.3.1/node_modules/react-dom/cjs/react-dom.development.js:25848:7)
      at flushActQueue (../../node_modules/.pnpm/react@18.3.1/node_modules/react/cjs/react.development.js:2667:24)
      at act (../../node_modules/.pnpm/react@18.3.1/node_modules/react/cjs/react.development.js:2582:11)
      at ../../node_modules/.pnpm/@testing-library+react@16.3.2_@testing-library+dom@10.4.1_@types+react-dom@18.3.7_@types+reac_3k5f6qynewwmkoqvlvtzlgtsjq/node_modules/@testing-library/react/dist/act-compat.js:46:25
      at renderRoot (../../node_modules/.pnpm/@testing-library+react@16.3.2_@testing-library+dom@10.4.1_@types+react-dom@18.3.7_@types+reac_3k5f6qynewwmkoqvlvtzlgtsjq/node_modules/@testing-library/react/dist/pure.js:189:26)
      at render (../../node_modules/.pnpm/@testing-library+react@16.3.2_@testing-library+dom@10.4.1_@types+react-dom@18.3.7_@types+reac_3k5f6qynewwmkoqvlvtzlgtsjq/node_modules/@testing-library/react/dist/pure.js:291:10)
      at Object.<anonymous> (components/__tests__/permissions-table.test.tsx:99:11)

    console.error
      Error: Uncaught [Error: `Tooltip` must be used within `TooltipProvider`]
          at reportException (/app/node_modules/.pnpm/jsdom@20.0.3/node_modules/jsdom/lib/jsdom/living/helpers/runtime-script-errors.js:66:24)
          at innerInvokeEventListeners (/app/node_modules/.pnpm/jsdom@20.0.3/node_modules/jsdom/lib/jsdom/living/events/EventTarget-impl.js:353:9)
          at invokeEventListeners (/app/node_modules/.pnpm/jsdom@20.0.3/node_modules/jsdom/lib/jsdom/living/events/EventTarget-impl.js:286:3)
          at HTMLUnknownElementImpl._dispatch (/app/node_modules/.pnpm/jsdom@20.0.3/node_modules/jsdom/lib/jsdom/living/events/EventTarget-impl.js:233:9)
          at HTMLUnknownElementImpl.dispatchEvent (/app/node_modules/.pnpm/jsdom@20.0.3/node_modules/jsdom/lib/jsdom/living/events/EventTarget-impl.js:104:17)
          at HTMLUnknownElement.dispatchEvent (/app/node_modules/.pnpm/jsdom@20.0.3/node_modules/jsdom/lib/jsdom/living/generated/EventTarget.js:241:34)
          at Object.invokeGuardedCallbackDev (/app/node_modules/.pnpm/react-dom@18.3.1_react@18.3.1/node_modules/react-dom/cjs/react-dom.development.js:4213:16)
          at invokeGuardedCallback (/app/node_modules/.pnpm/react-dom@18.3.1_react@18.3.1/node_modules/react-dom/cjs/react-dom.development.js:4277:31)
          at beginWork$1 (/app/node_modules/.pnpm/react-dom@18.3.1_react@18.3.1/node_modules/react-dom/cjs/react-dom.development.js:27490:7)
          at performUnitOfWork (/app/node_modules/.pnpm/react-dom@18.3.1_react@18.3.1/node_modules/react-dom/cjs/react-dom.development.js:26599:12)
          at workLoopSync (/app/node_modules/.pnpm/react-dom@18.3.1_react@18.3.1/node_modules/react-dom/cjs/react-dom.development.js:26505:5)
          at renderRootSync (/app/node_modules/.pnpm/react-dom@18.3.1_react@18.3.1/node_modules/react-dom/cjs/react-dom.development.js:26473:7)
          at performConcurrentWorkOnRoot (/app/node_modules/.pnpm/react-dom@18.3.1_react@18.3.1/node_modules/react-dom/cjs/react-dom.development.js:25777:74)
          at flushActQueue (/app/node_modules/.pnpm/react@18.3.1/node_modules/react/cjs/react.development.js:2667:24)
          at act (/app/node_modules/.pnpm/react@18.3.1/node_modules/react/cjs/react.development.js:2582:11)
          at /app/node_modules/.pnpm/@testing-library+react@16.3.2_@testing-library+dom@10.4.1_@types+react-dom@18.3.7_@types+reac_3k5f6qynewwmkoqvlvtzlgtsjq/node_modules/@testing-library/react/dist/act-compat.js:46:25
          at renderRoot (/app/node_modules/.pnpm/@testing-library+react@16.3.2_@testing-library+dom@10.4.1_@types+react-dom@18.3.7_@types+reac_3k5f6qynewwmkoqvlvtzlgtsjq/node_modules/@testing-library/react/dist/pure.js:189:26)
          at render (/app/node_modules/.pnpm/@testing-library+react@16.3.2_@testing-library+dom@10.4.1_@types+react-dom@18.3.7_@types+reac_3k5f6qynewwmkoqvlvtzlgtsjq/node_modules/@testing-library/react/dist/pure.js:291:10)
          at Object.<anonymous> (/app/apps/admin/components/__tests__/permissions-table.test.tsx:110:11)
          at Promise.then.completed (/app/node_modules/.pnpm/jest-circus@29.7.0/node_modules/jest-circus/build/utils.js:298:28)
          at new Promise (<anonymous>)
          at callAsyncCircusFn (/app/node_modules/.pnpm/jest-circus@29.7.0/node_modules/jest-circus/build/utils.js:231:10)
          at _callCircusTest (/app/node_modules/.pnpm/jest-circus@29.7.0/node_modules/jest-circus/build/run.js:316:40)
          at processTicksAndRejections (node:internal/process/task_queues:103:5)
          at _runTest (/app/node_modules/.pnpm/jest-circus@29.7.0/node_modules/jest-circus/build/run.js:252:3)
          at _runTestsForDescribeBlock (/app/node_modules/.pnpm/jest-circus@29.7.0/node_modules/jest-circus/build/run.js:126:9)
          at _runTestsForDescribeBlock (/app/node_modules/.pnpm/jest-circus@29.7.0/node_modules/jest-circus/build/run.js:121:9)
          at run (/app/node_modules/.pnpm/jest-circus@29.7.0/node_modules/jest-circus/build/run.js:71:3)
          at runAndTransformResultsToJestFormat (/app/node_modules/.pnpm/jest-circus@29.7.0/node_modules/jest-circus/build/legacy-code-todo-rewrite/jestAdapterInit.js:122:21)
          at jestAdapter (/app/node_modules/.pnpm/jest-circus@29.7.0/node_modules/jest-circus/build/legacy-code-todo-rewrite/jestAdapter.js:79:19)
          at runTestInternal (/app/node_modules/.pnpm/jest-runner@29.7.0/node_modules/jest-runner/build/runTest.js:367:16)
          at runTest (/app/node_modules/.pnpm/jest-runner@29.7.0/node_modules/jest-runner/build/runTest.js:444:34)
          at Object.worker (/app/node_modules/.pnpm/jest-runner@29.7.0/node_modules/jest-runner/build/testWorker.js:106:12) {
        detail: Error: `Tooltip` must be used within `TooltipProvider`
            at useContext2 (/app/node_modules/.pnpm/@radix-ui+react-context@1.1.2_@types+react@18.3.29_react@18.3.1/node_modules/@radix-ui/react-context/src/create-context.tsx:75:13)
            at Tooltip (/app/node_modules/.pnpm/@radix-ui+react-tooltip@1.2.8_@types+react-dom@18.3.7_@types+react@18.3.29__@types+react@18.3_xrwsnt2rmlacewwolijhmzdoxi/node_modules/@radix-ui/react-tooltip/src/tooltip.tsx:162:27)
            at renderWithHooks (/app/node_modules/.pnpm/react-dom@18.3.1_react@18.3.1/node_modules/react-dom/cjs/react-dom.development.js:15486:18)
            at mountIndeterminateComponent (/app/node_modules/.pnpm/react-dom@18.3.1_react@18.3.1/node_modules/react-dom/cjs/react-dom.development.js:20103:13)
            at beginWork (/app/node_modules/.pnpm/react-dom@18.3.1_react@18.3.1/node_modules/react-dom/cjs/react-dom.development.js:21626:16)
            at HTMLUnknownElement.callCallback (/app/node_modules/.pnpm/react-dom@18.3.1_react@18.3.1/node_modules/react-dom/cjs/react-dom.development.js:4164:14)
            at HTMLUnknownElement.callTheUserObjectsOperation (/app/node_modules/.pnpm/jsdom@20.0.3/node_modules/jsdom/lib/jsdom/living/generated/EventListener.js:26:30)
            at innerInvokeEventListeners (/app/node_modules/.pnpm/jsdom@20.0.3/node_modules/jsdom/lib/jsdom/living/events/EventTarget-impl.js:350:25)
            at invokeEventListeners (/app/node_modules/.pnpm/jsdom@20.0.3/node_modules/jsdom/lib/jsdom/living/events/EventTarget-impl.js:286:3)
            at HTMLUnknownElementImpl._dispatch (/app/node_modules/.pnpm/jsdom@20.0.3/node_modules/jsdom/lib/jsdom/living/events/EventTarget-impl.js:233:9)
            at HTMLUnknownElementImpl.dispatchEvent (/app/node_modules/.pnpm/jsdom@20.0.3/node_modules/jsdom/lib/jsdom/living/events/EventTarget-impl.js:104:17)
            at HTMLUnknownElement.dispatchEvent (/app/node_modules/.pnpm/jsdom@20.0.3/node_modules/jsdom/lib/jsdom/living/generated/EventTarget.js:241:34)
            at Object.invokeGuardedCallbackDev (/app/node_modules/.pnpm/react-dom@18.3.1_react@18.3.1/node_modules/react-dom/cjs/react-dom.development.js:4213:16)
            at invokeGuardedCallback (/app/node_modules/.pnpm/react-dom@18.3.1_react@18.3.1/node_modules/react-dom/cjs/react-dom.development.js:4277:31)
            at beginWork$1 (/app/node_modules/.pnpm/react-dom@18.3.1_react@18.3.1/node_modules/react-dom/cjs/react-dom.development.js:27490:7)
            at performUnitOfWork (/app/node_modules/.pnpm/react-dom@18.3.1_react@18.3.1/node_modules/react-dom/cjs/react-dom.development.js:26599:12)
            at workLoopSync (/app/node_modules/.pnpm/react-dom@18.3.1_react@18.3.1/node_modules/react-dom/cjs/react-dom.development.js:26505:5)
            at renderRootSync (/app/node_modules/.pnpm/react-dom@18.3.1_react@18.3.1/node_modules/react-dom/cjs/react-dom.development.js:26473:7)
            at performConcurrentWorkOnRoot (/app/node_modules/.pnpm/react-dom@18.3.1_react@18.3.1/node_modules/react-dom/cjs/react-dom.development.js:25777:74)
            at flushActQueue (/app/node_modules/.pnpm/react@18.3.1/node_modules/react/cjs/react.development.js:2667:24)
            at act (/app/node_modules/.pnpm/react@18.3.1/node_modules/react/cjs/react.development.js:2582:11)
            at /app/node_modules/.pnpm/@testing-library+react@16.3.2_@testing-library+dom@10.4.1_@types+react-dom@18.3.7_@types+reac_3k5f6qynewwmkoqvlvtzlgtsjq/node_modules/@testing-library/react/dist/act-compat.js:46:25
            at renderRoot (/app/node_modules/.pnpm/@testing-library+react@16.3.2_@testing-library+dom@10.4.1_@types+react-dom@18.3.7_@types+reac_3k5f6qynewwmkoqvlvtzlgtsjq/node_modules/@testing-library/react/dist/pure.js:189:26)
            at render (/app/node_modules/.pnpm/@testing-library+react@16.3.2_@testing-library+dom@10.4.1_@types+react-dom@18.3.7_@types+reac_3k5f6qynewwmkoqvlvtzlgtsjq/node_modules/@testing-library/react/dist/pure.js:291:10)
            at Object.<anonymous> (/app/apps/admin/components/__tests__/permissions-table.test.tsx:110:11)
            at Promise.then.completed (/app/node_modules/.pnpm/jest-circus@29.7.0/node_modules/jest-circus/build/utils.js:298:28)
            at new Promise (<anonymous>)
            at callAsyncCircusFn (/app/node_modules/.pnpm/jest-circus@29.7.0/node_modules/jest-circus/build/utils.js:231:10)
            at _callCircusTest (/app/node_modules/.pnpm/jest-circus@29.7.0/node_modules/jest-circus/build/run.js:316:40)
            at processTicksAndRejections (node:internal/process/task_queues:103:5)
            at _runTest (/app/node_modules/.pnpm/jest-circus@29.7.0/node_modules/jest-circus/build/run.js:252:3)
            at _runTestsForDescribeBlock (/app/node_modules/.pnpm/jest-circus@29.7.0/node_modules/jest-circus/build/run.js:126:9)
            at _runTestsForDescribeBlock (/app/node_modules/.pnpm/jest-circus@29.7.0/node_modules/jest-circus/build/run.js:121:9)
            at run (/app/node_modules/.pnpm/jest-circus@29.7.0/node_modules/jest-circus/build/run.js:71:3)
            at runAndTransformResultsToJestFormat (/app/node_modules/.pnpm/jest-circus@29.7.0/node_modules/jest-circus/build/legacy-code-todo-rewrite/jestAdapterInit.js:122:21)
            at jestAdapter (/app/node_modules/.pnpm/jest-circus@29.7.0/node_modules/jest-circus/build/legacy-code-todo-rewrite/jestAdapter.js:79:19)
            at runTestInternal (/app/node_modules/.pnpm/jest-runner@29.7.0/node_modules/jest-runner/build/runTest.js:367:16)
            at runTest (/app/node_modules/.pnpm/jest-runner@29.7.0/node_modules/jest-runner/build/runTest.js:444:34)
            at Object.worker (/app/node_modules/.pnpm/jest-runner@29.7.0/node_modules/jest-runner/build/testWorker.js:106:12),
        type: 'unhandled exception'
      }

      108 |     jest.useFakeTimers()
      109 |     ;(actions.listPermissionsAction as jest.Mock).mockResolvedValue({ items: [], total: 0, page: 1, pageSize: 25 })
    > 110 |     render(withIntl(<PermissionsTable initial={initial} apps={apps} />))
          |           ^
      111 |     fireEvent.change(screen.getByLabelText(en.permissions.filter.appLabel), { target: { value: 'sq_a1' } })
      112 |     jest.advanceTimersByTime(400)
      113 |     await waitFor(() => expect(actions.listPermissionsAction).toHaveBeenCalledWith({ appId: 'sq_a1', page: 1, pageSize: 25 }))

      at VirtualConsole.<anonymous> (../../node_modules/.pnpm/jest-environment-jsdom@29.7.0/node_modules/jest-environment-jsdom/build/index.js:63:23)
      at reportException (../../node_modules/.pnpm/jsdom@20.0.3/node_modules/jsdom/lib/jsdom/living/helpers/runtime-script-errors.js:70:28)
      at innerInvokeEventListeners (../../node_modules/.pnpm/jsdom@20.0.3/node_modules/jsdom/lib/jsdom/living/events/EventTarget-impl.js:353:9)
      at invokeEventListeners (../../node_modules/.pnpm/jsdom@20.0.3/node_modules/jsdom/lib/jsdom/living/events/EventTarget-impl.js:286:3)
      at HTMLUnknownElementImpl._dispatch (../../node_modules/.pnpm/jsdom@20.0.3/node_modules/jsdom/lib/jsdom/living/events/EventTarget-impl.js:233:9)
      at HTMLUnknownElementImpl.dispatchEvent (../../node_modules/.pnpm/jsdom@20.0.3/node_modules/jsdom/lib/jsdom/living/events/EventTarget-impl.js:104:17)
      at HTMLUnknownElement.dispatchEvent (../../node_modules/.pnpm/jsdom@20.0.3/node_modules/jsdom/lib/jsdom/living/generated/EventTarget.js:241:34)
      at Object.invokeGuardedCallbackDev (../../node_modules/.pnpm/react-dom@18.3.1_react@18.3.1/node_modules/react-dom/cjs/react-dom.development.js:4213:16)
      at invokeGuardedCallback (../../node_modules/.pnpm/react-dom@18.3.1_react@18.3.1/node_modules/react-dom/cjs/react-dom.development.js:4277:31)
      at beginWork$1 (../../node_modules/.pnpm/react-dom@18.3.1_react@18.3.1/node_modules/react-dom/cjs/react-dom.development.js:27490:7)
      at performUnitOfWork (../../node_modules/.pnpm/react-dom@18.3.1_react@18.3.1/node_modules/react-dom/cjs/react-dom.development.js:26599:12)
      at workLoopSync (../../node_modules/.pnpm/react-dom@18.3.1_react@18.3.1/node_modules/react-dom/cjs/react-dom.development.js:26505:5)
      at renderRootSync (../../node_modules/.pnpm/react-dom@18.3.1_react@18.3.1/node_modules/react-dom/cjs/react-dom.development.js:26473:7)
      at performConcurrentWorkOnRoot (../../node_modules/.pnpm/react-dom@18.3.1_react@18.3.1/node_modules/react-dom/cjs/react-dom.development.js:25777:74)
      at flushActQueue (../../node_modules/.pnpm/react@18.3.1/node_modules/react/cjs/react.development.js:2667:24)
      at act (../../node_modules/.pnpm/react@18.3.1/node_modules/react/cjs/react.development.js:2582:11)
      at ../../node_modules/.pnpm/@testing-library+react@16.3.2_@testing-library+dom@10.4.1_@types+react-dom@18.3.7_@types+reac_3k5f6qynewwmkoqvlvtzlgtsjq/node_modules/@testing-library/react/dist/act-compat.js:46:25
      at renderRoot (../../node_modules/.pnpm/@testing-library+react@16.3.2_@testing-library+dom@10.4.1_@types+react-dom@18.3.7_@types+reac_3k5f6qynewwmkoqvlvtzlgtsjq/node_modules/@testing-library/react/dist/pure.js:189:26)
      at render (../../node_modules/.pnpm/@testing-library+react@16.3.2_@testing-library+dom@10.4.1_@types+react-dom@18.3.7_@types+reac_3k5f6qynewwmkoqvlvtzlgtsjq/node_modules/@testing-library/react/dist/pure.js:291:10)
      at Object.<anonymous> (components/__tests__/permissions-table.test.tsx:110:11)

    console.error
      Error: Uncaught [Error: `Tooltip` must be used within `TooltipProvider`]
          at reportException (/app/node_modules/.pnpm/jsdom@20.0.3/node_modules/jsdom/lib/jsdom/living/helpers/runtime-script-errors.js:66:24)
          at innerInvokeEventListeners (/app/node_modules/.pnpm/jsdom@20.0.3/node_modules/jsdom/lib/jsdom/living/events/EventTarget-impl.js:353:9)
          at invokeEventListeners (/app/node_modules/.pnpm/jsdom@20.0.3/node_modules/jsdom/lib/jsdom/living/events/EventTarget-impl.js:286:3)
          at HTMLUnknownElementImpl._dispatch (/app/node_modules/.pnpm/jsdom@20.0.3/node_modules/jsdom/lib/jsdom/living/events/EventTarget-impl.js:233:9)
          at HTMLUnknownElementImpl.dispatchEvent (/app/node_modules/.pnpm/jsdom@20.0.3/node_modules/jsdom/lib/jsdom/living/events/EventTarget-impl.js:104:17)
          at HTMLUnknownElement.dispatchEvent (/app/node_modules/.pnpm/jsdom@20.0.3/node_modules/jsdom/lib/jsdom/living/generated/EventTarget.js:241:34)
          at Object.invokeGuardedCallbackDev (/app/node_modules/.pnpm/react-dom@18.3.1_react@18.3.1/node_modules/react-dom/cjs/react-dom.development.js:4213:16)
          at invokeGuardedCallback (/app/node_modules/.pnpm/react-dom@18.3.1_react@18.3.1/node_modules/react-dom/cjs/react-dom.development.js:4277:31)
          at beginWork$1 (/app/node_modules/.pnpm/react-dom@18.3.1_react@18.3.1/node_modules/react-dom/cjs/react-dom.development.js:27490:7)
          at performUnitOfWork (/app/node_modules/.pnpm/react-dom@18.3.1_react@18.3.1/node_modules/react-dom/cjs/react-dom.development.js:26599:12)
          at workLoopSync (/app/node_modules/.pnpm/react-dom@18.3.1_react@18.3.1/node_modules/react-dom/cjs/react-dom.development.js:26505:5)
          at renderRootSync (/app/node_modules/.pnpm/react-dom@18.3.1_react@18.3.1/node_modules/react-dom/cjs/react-dom.development.js:26473:7)
          at performConcurrentWorkOnRoot (/app/node_modules/.pnpm/react-dom@18.3.1_react@18.3.1/node_modules/react-dom/cjs/react-dom.development.js:25777:74)
          at flushActQueue (/app/node_modules/.pnpm/react@18.3.1/node_modules/react/cjs/react.development.js:2667:24)
          at act (/app/node_modules/.pnpm/react@18.3.1/node_modules/react/cjs/react.development.js:2582:11)
          at /app/node_modules/.pnpm/@testing-library+react@16.3.2_@testing-library+dom@10.4.1_@types+react-dom@18.3.7_@types+reac_3k5f6qynewwmkoqvlvtzlgtsjq/node_modules/@testing-library/react/dist/act-compat.js:46:25
          at renderRoot (/app/node_modules/.pnpm/@testing-library+react@16.3.2_@testing-library+dom@10.4.1_@types+react-dom@18.3.7_@types+reac_3k5f6qynewwmkoqvlvtzlgtsjq/node_modules/@testing-library/react/dist/pure.js:189:26)
          at render (/app/node_modules/.pnpm/@testing-library+react@16.3.2_@testing-library+dom@10.4.1_@types+react-dom@18.3.7_@types+reac_3k5f6qynewwmkoqvlvtzlgtsjq/node_modules/@testing-library/react/dist/pure.js:291:10)
          at Object.<anonymous> (/app/apps/admin/components/__tests__/permissions-table.test.tsx:110:11)
          at Promise.then.completed (/app/node_modules/.pnpm/jest-circus@29.7.0/node_modules/jest-circus/build/utils.js:298:28)
          at new Promise (<anonymous>)
          at callAsyncCircusFn (/app/node_modules/.pnpm/jest-circus@29.7.0/node_modules/jest-circus/build/utils.js:231:10)
          at _callCircusTest (/app/node_modules/.pnpm/jest-circus@29.7.0/node_modules/jest-circus/build/run.js:316:40)
          at processTicksAndRejections (node:internal/process/task_queues:103:5)
          at _runTest (/app/node_modules/.pnpm/jest-circus@29.7.0/node_modules/jest-circus/build/run.js:252:3)
          at _runTestsForDescribeBlock (/app/node_modules/.pnpm/jest-circus@29.7.0/node_modules/jest-circus/build/run.js:126:9)
          at _runTestsForDescribeBlock (/app/node_modules/.pnpm/jest-circus@29.7.0/node_modules/jest-circus/build/run.js:121:9)
          at run (/app/node_modules/.pnpm/jest-circus@29.7.0/node_modules/jest-circus/build/run.js:71:3)
          at runAndTransformResultsToJestFormat (/app/node_modules/.pnpm/jest-circus@29.7.0/node_modules/jest-circus/build/legacy-code-todo-rewrite/jestAdapterInit.js:122:21)
          at jestAdapter (/app/node_modules/.pnpm/jest-circus@29.7.0/node_modules/jest-circus/build/legacy-code-todo-rewrite/jestAdapter.js:79:19)
          at runTestInternal (/app/node_modules/.pnpm/jest-runner@29.7.0/node_modules/jest-runner/build/runTest.js:367:16)
          at runTest (/app/node_modules/.pnpm/jest-runner@29.7.0/node_modules/jest-runner/build/runTest.js:444:34)
          at Object.worker (/app/node_modules/.pnpm/jest-runner@29.7.0/node_modules/jest-runner/build/testWorker.js:106:12) {
        detail: Error: `Tooltip` must be used within `TooltipProvider`
            at useContext2 (/app/node_modules/.pnpm/@radix-ui+react-context@1.1.2_@types+react@18.3.29_react@18.3.1/node_modules/@radix-ui/react-context/src/create-context.tsx:75:13)
            at Tooltip (/app/node_modules/.pnpm/@radix-ui+react-tooltip@1.2.8_@types+react-dom@18.3.7_@types+react@18.3.29__@types+react@18.3_xrwsnt2rmlacewwolijhmzdoxi/node_modules/@radix-ui/react-tooltip/src/tooltip.tsx:162:27)
            at renderWithHooks (/app/node_modules/.pnpm/react-dom@18.3.1_react@18.3.1/node_modules/react-dom/cjs/react-dom.development.js:15486:18)
            at mountIndeterminateComponent (/app/node_modules/.pnpm/react-dom@18.3.1_react@18.3.1/node_modules/react-dom/cjs/react-dom.development.js:20103:13)
            at beginWork (/app/node_modules/.pnpm/react-dom@18.3.1_react@18.3.1/node_modules/react-dom/cjs/react-dom.development.js:21626:16)
            at HTMLUnknownElement.callCallback (/app/node_modules/.pnpm/react-dom@18.3.1_react@18.3.1/node_modules/react-dom/cjs/react-dom.development.js:4164:14)
            at HTMLUnknownElement.callTheUserObjectsOperation (/app/node_modules/.pnpm/jsdom@20.0.3/node_modules/jsdom/lib/jsdom/living/generated/EventListener.js:26:30)
            at innerInvokeEventListeners (/app/node_modules/.pnpm/jsdom@20.0.3/node_modules/jsdom/lib/jsdom/living/events/EventTarget-impl.js:350:25)
            at invokeEventListeners (/app/node_modules/.pnpm/jsdom@20.0.3/node_modules/jsdom/lib/jsdom/living/events/EventTarget-impl.js:286:3)
            at HTMLUnknownElementImpl._dispatch (/app/node_modules/.pnpm/jsdom@20.0.3/node_modules/jsdom/lib/jsdom/living/events/EventTarget-impl.js:233:9)
            at HTMLUnknownElementImpl.dispatchEvent (/app/node_modules/.pnpm/jsdom@20.0.3/node_modules/jsdom/lib/jsdom/living/events/EventTarget-impl.js:104:17)
            at HTMLUnknownElement.dispatchEvent (/app/node_modules/.pnpm/jsdom@20.0.3/node_modules/jsdom/lib/jsdom/living/generated/EventTarget.js:241:34)
            at Object.invokeGuardedCallbackDev (/app/node_modules/.pnpm/react-dom@18.3.1_react@18.3.1/node_modules/react-dom/cjs/react-dom.development.js:4213:16)
            at invokeGuardedCallback (/app/node_modules/.pnpm/react-dom@18.3.1_react@18.3.1/node_modules/react-dom/cjs/react-dom.development.js:4277:31)
            at beginWork$1 (/app/node_modules/.pnpm/react-dom@18.3.1_react@18.3.1/node_modules/react-dom/cjs/react-dom.development.js:27490:7)
            at performUnitOfWork (/app/node_modules/.pnpm/react-dom@18.3.1_react@18.3.1/node_modules/react-dom/cjs/react-dom.development.js:26599:12)
            at workLoopSync (/app/node_modules/.pnpm/react-dom@18.3.1_react@18.3.1/node_modules/react-dom/cjs/react-dom.development.js:26505:5)
            at renderRootSync (/app/node_modules/.pnpm/react-dom@18.3.1_react@18.3.1/node_modules/react-dom/cjs/react-dom.development.js:26473:7)
            at performConcurrentWorkOnRoot (/app/node_modules/.pnpm/react-dom@18.3.1_react@18.3.1/node_modules/react-dom/cjs/react-dom.development.js:25777:74)
            at flushActQueue (/app/node_modules/.pnpm/react@18.3.1/node_modules/react/cjs/react.development.js:2667:24)
            at act (/app/node_modules/.pnpm/react@18.3.1/node_modules/react/cjs/react.development.js:2582:11)
            at /app/node_modules/.pnpm/@testing-library+react@16.3.2_@testing-library+dom@10.4.1_@types+react-dom@18.3.7_@types+reac_3k5f6qynewwmkoqvlvtzlgtsjq/node_modules/@testing-library/react/dist/act-compat.js:46:25
            at renderRoot (/app/node_modules/.pnpm/@testing-library+react@16.3.2_@testing-library+dom@10.4.1_@types+react-dom@18.3.7_@types+reac_3k5f6qynewwmkoqvlvtzlgtsjq/node_modules/@testing-library/react/dist/pure.js:189:26)
            at render (/app/node_modules/.pnpm/@testing-library+react@16.3.2_@testing-library+dom@10.4.1_@types+react-dom@18.3.7_@types+reac_3k5f6qynewwmkoqvlvtzlgtsjq/node_modules/@testing-library/react/dist/pure.js:291:10)
            at Object.<anonymous> (/app/apps/admin/components/__tests__/permissions-table.test.tsx:110:11)
            at Promise.then.completed (/app/node_modules/.pnpm/jest-circus@29.7.0/node_modules/jest-circus/build/utils.js:298:28)
            at new Promise (<anonymous>)
            at callAsyncCircusFn (/app/node_modules/.pnpm/jest-circus@29.7.0/node_modules/jest-circus/build/utils.js:231:10)
            at _callCircusTest (/app/node_modules/.pnpm/jest-circus@29.7.0/node_modules/jest-circus/build/run.js:316:40)
            at processTicksAndRejections (node:internal/process/task_queues:103:5)
            at _runTest (/app/node_modules/.pnpm/jest-circus@29.7.0/node_modules/jest-circus/build/run.js:252:3)
            at _runTestsForDescribeBlock (/app/node_modules/.pnpm/jest-circus@29.7.0/node_modules/jest-circus/build/run.js:126:9)
            at _runTestsForDescribeBlock (/app/node_modules/.pnpm/jest-circus@29.7.0/node_modules/jest-circus/build/run.js:121:9)
            at run (/app/node_modules/.pnpm/jest-circus@29.7.0/node_modules/jest-circus/build/run.js:71:3)
            at runAndTransformResultsToJestFormat (/app/node_modules/.pnpm/jest-circus@29.7.0/node_modules/jest-circus/build/legacy-code-todo-rewrite/jestAdapterInit.js:122:21)
            at jestAdapter (/app/node_modules/.pnpm/jest-circus@29.7.0/node_modules/jest-circus/build/legacy-code-todo-rewrite/jestAdapter.js:79:19)
            at runTestInternal (/app/node_modules/.pnpm/jest-runner@29.7.0/node_modules/jest-runner/build/runTest.js:367:16)
            at runTest (/app/node_modules/.pnpm/jest-runner@29.7.0/node_modules/jest-runner/build/runTest.js:444:34)
            at Object.worker (/app/node_modules/.pnpm/jest-runner@29.7.0/node_modules/jest-runner/build/testWorker.js:106:12),
        type: 'unhandled exception'
      }

      108 |     jest.useFakeTimers()
      109 |     ;(actions.listPermissionsAction as jest.Mock).mockResolvedValue({ items: [], total: 0, page: 1, pageSize: 25 })
    > 110 |     render(withIntl(<PermissionsTable initial={initial} apps={apps} />))
          |           ^
      111 |     fireEvent.change(screen.getByLabelText(en.permissions.filter.appLabel), { target: { value: 'sq_a1' } })
      112 |     jest.advanceTimersByTime(400)
      113 |     await waitFor(() => expect(actions.listPermissionsAction).toHaveBeenCalledWith({ appId: 'sq_a1', page: 1, pageSize: 25 }))

      at VirtualConsole.<anonymous> (../../node_modules/.pnpm/jest-environment-jsdom@29.7.0/node_modules/jest-environment-jsdom/build/index.js:63:23)
      at reportException (../../node_modules/.pnpm/jsdom@20.0.3/node_modules/jsdom/lib/jsdom/living/helpers/runtime-script-errors.js:70:28)
      at innerInvokeEventListeners (../../node_modules/.pnpm/jsdom@20.0.3/node_modules/jsdom/lib/jsdom/living/events/EventTarget-impl.js:353:9)
      at invokeEventListeners (../../node_modules/.pnpm/jsdom@20.0.3/node_modules/jsdom/lib/jsdom/living/events/EventTarget-impl.js:286:3)
      at HTMLUnknownElementImpl._dispatch (../../node_modules/.pnpm/jsdom@20.0.3/node_modules/jsdom/lib/jsdom/living/events/EventTarget-impl.js:233:9)
      at HTMLUnknownElementImpl.dispatchEvent (../../node_modules/.pnpm/jsdom@20.0.3/node_modules/jsdom/lib/jsdom/living/events/EventTarget-impl.js:104:17)
      at HTMLUnknownElement.dispatchEvent (../../node_modules/.pnpm/jsdom@20.0.3/node_modules/jsdom/lib/jsdom/living/generated/EventTarget.js:241:34)
      at Object.invokeGuardedCallbackDev (../../node_modules/.pnpm/react-dom@18.3.1_react@18.3.1/node_modules/react-dom/cjs/react-dom.development.js:4213:16)
      at invokeGuardedCallback (../../node_modules/.pnpm/react-dom@18.3.1_react@18.3.1/node_modules/react-dom/cjs/react-dom.development.js:4277:31)
      at beginWork$1 (../../node_modules/.pnpm/react-dom@18.3.1_react@18.3.1/node_modules/react-dom/cjs/react-dom.development.js:27490:7)
      at performUnitOfWork (../../node_modules/.pnpm/react-dom@18.3.1_react@18.3.1/node_modules/react-dom/cjs/react-dom.development.js:26599:12)
      at workLoopSync (../../node_modules/.pnpm/react-dom@18.3.1_react@18.3.1/node_modules/react-dom/cjs/react-dom.development.js:26505:5)
      at renderRootSync (../../node_modules/.pnpm/react-dom@18.3.1_react@18.3.1/node_modules/react-dom/cjs/react-dom.development.js:26473:7)
      at performConcurrentWorkOnRoot (../../node_modules/.pnpm/react-dom@18.3.1_react@18.3.1/node_modules/react-dom/cjs/react-dom.development.js:25777:74)
      at flushActQueue (../../node_modules/.pnpm/react@18.3.1/node_modules/react/cjs/react.development.js:2667:24)
      at act (../../node_modules/.pnpm/react@18.3.1/node_modules/react/cjs/react.development.js:2582:11)
      at ../../node_modules/.pnpm/@testing-library+react@16.3.2_@testing-library+dom@10.4.1_@types+react-dom@18.3.7_@types+reac_3k5f6qynewwmkoqvlvtzlgtsjq/node_modules/@testing-library/react/dist/act-compat.js:46:25
      at renderRoot (../../node_modules/.pnpm/@testing-library+react@16.3.2_@testing-library+dom@10.4.1_@types+react-dom@18.3.7_@types+reac_3k5f6qynewwmkoqvlvtzlgtsjq/node_modules/@testing-library/react/dist/pure.js:189:26)
      at render (../../node_modules/.pnpm/@testing-library+react@16.3.2_@testing-library+dom@10.4.1_@types+react-dom@18.3.7_@types+reac_3k5f6qynewwmkoqvlvtzlgtsjq/node_modules/@testing-library/react/dist/pure.js:291:10)
      at Object.<anonymous> (components/__tests__/permissions-table.test.tsx:110:11)

    console.error
      Error: Uncaught [Error: `Tooltip` must be used within `TooltipProvider`]
          at reportException (/app/node_modules/.pnpm/jsdom@20.0.3/node_modules/jsdom/lib/jsdom/living/helpers/runtime-script-errors.js:66:24)
          at innerInvokeEventListeners (/app/node_modules/.pnpm/jsdom@20.0.3/node_modules/jsdom/lib/jsdom/living/events/EventTarget-impl.js:353:9)
          at invokeEventListeners (/app/node_modules/.pnpm/jsdom@20.0.3/node_modules/jsdom/lib/jsdom/living/events/EventTarget-impl.js:286:3)
          at HTMLUnknownElementImpl._dispatch (/app/node_modules/.pnpm/jsdom@20.0.3/node_modules/jsdom/lib/jsdom/living/events/EventTarget-impl.js:233:9)
          at HTMLUnknownElementImpl.dispatchEvent (/app/node_modules/.pnpm/jsdom@20.0.3/node_modules/jsdom/lib/jsdom/living/events/EventTarget-impl.js:104:17)
          at HTMLUnknownElement.dispatchEvent (/app/node_modules/.pnpm/jsdom@20.0.3/node_modules/jsdom/lib/jsdom/living/generated/EventTarget.js:241:34)
          at Object.invokeGuardedCallbackDev (/app/node_modules/.pnpm/react-dom@18.3.1_react@18.3.1/node_modules/react-dom/cjs/react-dom.development.js:4213:16)
          at invokeGuardedCallback (/app/node_modules/.pnpm/react-dom@18.3.1_react@18.3.1/node_modules/react-dom/cjs/react-dom.development.js:4277:31)
          at beginWork$1 (/app/node_modules/.pnpm/react-dom@18.3.1_react@18.3.1/node_modules/react-dom/cjs/react-dom.development.js:27490:7)
          at performUnitOfWork (/app/node_modules/.pnpm/react-dom@18.3.1_react@18.3.1/node_modules/react-dom/cjs/react-dom.development.js:26599:12)
          at workLoopSync (/app/node_modules/.pnpm/react-dom@18.3.1_react@18.3.1/node_modules/react-dom/cjs/react-dom.development.js:26505:5)
          at renderRootSync (/app/node_modules/.pnpm/react-dom@18.3.1_react@18.3.1/node_modules/react-dom/cjs/react-dom.development.js:26473:7)
          at performConcurrentWorkOnRoot (/app/node_modules/.pnpm/react-dom@18.3.1_react@18.3.1/node_modules/react-dom/cjs/react-dom.development.js:25777:74)
          at flushActQueue (/app/node_modules/.pnpm/react@18.3.1/node_modules/react/cjs/react.development.js:2667:24)
          at act (/app/node_modules/.pnpm/react@18.3.1/node_modules/react/cjs/react.development.js:2582:11)
          at /app/node_modules/.pnpm/@testing-library+react@16.3.2_@testing-library+dom@10.4.1_@types+react-dom@18.3.7_@types+reac_3k5f6qynewwmkoqvlvtzlgtsjq/node_modules/@testing-library/react/dist/act-compat.js:46:25
          at renderRoot (/app/node_modules/.pnpm/@testing-library+react@16.3.2_@testing-library+dom@10.4.1_@types+react-dom@18.3.7_@types+reac_3k5f6qynewwmkoqvlvtzlgtsjq/node_modules/@testing-library/react/dist/pure.js:189:26)
          at render (/app/node_modules/.pnpm/@testing-library+react@16.3.2_@testing-library+dom@10.4.1_@types+react-dom@18.3.7_@types+reac_3k5f6qynewwmkoqvlvtzlgtsjq/node_modules/@testing-library/react/dist/pure.js:291:10)
          at Object.<anonymous> (/app/apps/admin/components/__tests__/permissions-table.test.tsx:110:11)
          at Promise.then.completed (/app/node_modules/.pnpm/jest-circus@29.7.0/node_modules/jest-circus/build/utils.js:298:28)
          at new Promise (<anonymous>)
          at callAsyncCircusFn (/app/node_modules/.pnpm/jest-circus@29.7.0/node_modules/jest-circus/build/utils.js:231:10)
          at _callCircusTest (/app/node_modules/.pnpm/jest-circus@29.7.0/node_modules/jest-circus/build/run.js:316:40)
          at processTicksAndRejections (node:internal/process/task_queues:103:5)
          at _runTest (/app/node_modules/.pnpm/jest-circus@29.7.0/node_modules/jest-circus/build/run.js:252:3)
          at _runTestsForDescribeBlock (/app/node_modules/.pnpm/jest-circus@29.7.0/node_modules/jest-circus/build/run.js:126:9)
          at _runTestsForDescribeBlock (/app/node_modules/.pnpm/jest-circus@29.7.0/node_modules/jest-circus/build/run.js:121:9)
          at run (/app/node_modules/.pnpm/jest-circus@29.7.0/node_modules/jest-circus/build/run.js:71:3)
          at runAndTransformResultsToJestFormat (/app/node_modules/.pnpm/jest-circus@29.7.0/node_modules/jest-circus/build/legacy-code-todo-rewrite/jestAdapterInit.js:122:21)
          at jestAdapter (/app/node_modules/.pnpm/jest-circus@29.7.0/node_modules/jest-circus/build/legacy-code-todo-rewrite/jestAdapter.js:79:19)
          at runTestInternal (/app/node_modules/.pnpm/jest-runner@29.7.0/node_modules/jest-runner/build/runTest.js:367:16)
          at runTest (/app/node_modules/.pnpm/jest-runner@29.7.0/node_modules/jest-runner/build/runTest.js:444:34)
          at Object.worker (/app/node_modules/.pnpm/jest-runner@29.7.0/node_modules/jest-runner/build/testWorker.js:106:12) {
        detail: Error: `Tooltip` must be used within `TooltipProvider`
            at useContext2 (/app/node_modules/.pnpm/@radix-ui+react-context@1.1.2_@types+react@18.3.29_react@18.3.1/node_modules/@radix-ui/react-context/src/create-context.tsx:75:13)
            at Tooltip (/app/node_modules/.pnpm/@radix-ui+react-tooltip@1.2.8_@types+react-dom@18.3.7_@types+react@18.3.29__@types+react@18.3_xrwsnt2rmlacewwolijhmzdoxi/node_modules/@radix-ui/react-tooltip/src/tooltip.tsx:162:27)
            at renderWithHooks (/app/node_modules/.pnpm/react-dom@18.3.1_react@18.3.1/node_modules/react-dom/cjs/react-dom.development.js:15486:18)
            at mountIndeterminateComponent (/app/node_modules/.pnpm/react-dom@18.3.1_react@18.3.1/node_modules/react-dom/cjs/react-dom.development.js:20103:13)
            at beginWork (/app/node_modules/.pnpm/react-dom@18.3.1_react@18.3.1/node_modules/react-dom/cjs/react-dom.development.js:21626:16)
            at HTMLUnknownElement.callCallback (/app/node_modules/.pnpm/react-dom@18.3.1_react@18.3.1/node_modules/react-dom/cjs/react-dom.development.js:4164:14)
            at HTMLUnknownElement.callTheUserObjectsOperation (/app/node_modules/.pnpm/jsdom@20.0.3/node_modules/jsdom/lib/jsdom/living/generated/EventListener.js:26:30)
            at innerInvokeEventListeners (/app/node_modules/.pnpm/jsdom@20.0.3/node_modules/jsdom/lib/jsdom/living/events/EventTarget-impl.js:350:25)
            at invokeEventListeners (/app/node_modules/.pnpm/jsdom@20.0.3/node_modules/jsdom/lib/jsdom/living/events/EventTarget-impl.js:286:3)
            at HTMLUnknownElementImpl._dispatch (/app/node_modules/.pnpm/jsdom@20.0.3/node_modules/jsdom/lib/jsdom/living/events/EventTarget-impl.js:233:9)
            at HTMLUnknownElementImpl.dispatchEvent (/app/node_modules/.pnpm/jsdom@20.0.3/node_modules/jsdom/lib/jsdom/living/events/EventTarget-impl.js:104:17)
            at HTMLUnknownElement.dispatchEvent (/app/node_modules/.pnpm/jsdom@20.0.3/node_modules/jsdom/lib/jsdom/living/generated/EventTarget.js:241:34)
            at Object.invokeGuardedCallbackDev (/app/node_modules/.pnpm/react-dom@18.3.1_react@18.3.1/node_modules/react-dom/cjs/react-dom.development.js:4213:16)
            at invokeGuardedCallback (/app/node_modules/.pnpm/react-dom@18.3.1_react@18.3.1/node_modules/react-dom/cjs/react-dom.development.js:4277:31)
            at beginWork$1 (/app/node_modules/.pnpm/react-dom@18.3.1_react@18.3.1/node_modules/react-dom/cjs/react-dom.development.js:27490:7)
            at performUnitOfWork (/app/node_modules/.pnpm/react-dom@18.3.1_react@18.3.1/node_modules/react-dom/cjs/react-dom.development.js:26599:12)
            at workLoopSync (/app/node_modules/.pnpm/react-dom@18.3.1_react@18.3.1/node_modules/react-dom/cjs/react-dom.development.js:26505:5)
            at renderRootSync (/app/node_modules/.pnpm/react-dom@18.3.1_react@18.3.1/node_modules/react-dom/cjs/react-dom.development.js:26473:7)
            at performConcurrentWorkOnRoot (/app/node_modules/.pnpm/react-dom@18.3.1_react@18.3.1/node_modules/react-dom/cjs/react-dom.development.js:25777:74)
            at flushActQueue (/app/node_modules/.pnpm/react@18.3.1/node_modules/react/cjs/react.development.js:2667:24)
            at act (/app/node_modules/.pnpm/react@18.3.1/node_modules/react/cjs/react.development.js:2582:11)
            at /app/node_modules/.pnpm/@testing-library+react@16.3.2_@testing-library+dom@10.4.1_@types+react-dom@18.3.7_@types+reac_3k5f6qynewwmkoqvlvtzlgtsjq/node_modules/@testing-library/react/dist/act-compat.js:46:25
            at renderRoot (/app/node_modules/.pnpm/@testing-library+react@16.3.2_@testing-library+dom@10.4.1_@types+react-dom@18.3.7_@types+reac_3k5f6qynewwmkoqvlvtzlgtsjq/node_modules/@testing-library/react/dist/pure.js:189:26)
            at render (/app/node_modules/.pnpm/@testing-library+react@16.3.2_@testing-library+dom@10.4.1_@types+react-dom@18.3.7_@types+reac_3k5f6qynewwmkoqvlvtzlgtsjq/node_modules/@testing-library/react/dist/pure.js:291:10)
            at Object.<anonymous> (/app/apps/admin/components/__tests__/permissions-table.test.tsx:110:11)
            at Promise.then.completed (/app/node_modules/.pnpm/jest-circus@29.7.0/node_modules/jest-circus/build/utils.js:298:28)
            at new Promise (<anonymous>)
            at callAsyncCircusFn (/app/node_modules/.pnpm/jest-circus@29.7.0/node_modules/jest-circus/build/utils.js:231:10)
            at _callCircusTest (/app/node_modules/.pnpm/jest-circus@29.7.0/node_modules/jest-circus/build/run.js:316:40)
            at processTicksAndRejections (node:internal/process/task_queues:103:5)
            at _runTest (/app/node_modules/.pnpm/jest-circus@29.7.0/node_modules/jest-circus/build/run.js:252:3)
            at _runTestsForDescribeBlock (/app/node_modules/.pnpm/jest-circus@29.7.0/node_modules/jest-circus/build/run.js:126:9)
            at _runTestsForDescribeBlock (/app/node_modules/.pnpm/jest-circus@29.7.0/node_modules/jest-circus/build/run.js:121:9)
            at run (/app/node_modules/.pnpm/jest-circus@29.7.0/node_modules/jest-circus/build/run.js:71:3)
            at runAndTransformResultsToJestFormat (/app/node_modules/.pnpm/jest-circus@29.7.0/node_modules/jest-circus/build/legacy-code-todo-rewrite/jestAdapterInit.js:122:21)
            at jestAdapter (/app/node_modules/.pnpm/jest-circus@29.7.0/node_modules/jest-circus/build/legacy-code-todo-rewrite/jestAdapter.js:79:19)
            at runTestInternal (/app/node_modules/.pnpm/jest-runner@29.7.0/node_modules/jest-runner/build/runTest.js:367:16)
            at runTest (/app/node_modules/.pnpm/jest-runner@29.7.0/node_modules/jest-runner/build/runTest.js:444:34)
            at Object.worker (/app/node_modules/.pnpm/jest-runner@29.7.0/node_modules/jest-runner/build/testWorker.js:106:12),
        type: 'unhandled exception'
      }

      108 |     jest.useFakeTimers()
      109 |     ;(actions.listPermissionsAction as jest.Mock).mockResolvedValue({ items: [], total: 0, page: 1, pageSize: 25 })
    > 110 |     render(withIntl(<PermissionsTable initial={initial} apps={apps} />))
          |           ^
      111 |     fireEvent.change(screen.getByLabelText(en.permissions.filter.appLabel), { target: { value: 'sq_a1' } })
      112 |     jest.advanceTimersByTime(400)
      113 |     await waitFor(() => expect(actions.listPermissionsAction).toHaveBeenCalledWith({ appId: 'sq_a1', page: 1, pageSize: 25 }))

      at VirtualConsole.<anonymous> (../../node_modules/.pnpm/jest-environment-jsdom@29.7.0/node_modules/jest-environment-jsdom/build/index.js:63:23)
      at reportException (../../node_modules/.pnpm/jsdom@20.0.3/node_modules/jsdom/lib/jsdom/living/helpers/runtime-script-errors.js:70:28)
      at innerInvokeEventListeners (../../node_modules/.pnpm/jsdom@20.0.3/node_modules/jsdom/lib/jsdom/living/events/EventTarget-impl.js:353:9)
      at invokeEventListeners (../../node_modules/.pnpm/jsdom@20.0.3/node_modules/jsdom/lib/jsdom/living/events/EventTarget-impl.js:286:3)
      at HTMLUnknownElementImpl._dispatch (../../node_modules/.pnpm/jsdom@20.0.3/node_modules/jsdom/lib/jsdom/living/events/EventTarget-impl.js:233:9)
      at HTMLUnknownElementImpl.dispatchEvent (../../node_modules/.pnpm/jsdom@20.0.3/node_modules/jsdom/lib/jsdom/living/events/EventTarget-impl.js:104:17)
      at HTMLUnknownElement.dispatchEvent (../../node_modules/.pnpm/jsdom@20.0.3/node_modules/jsdom/lib/jsdom/living/generated/EventTarget.js:241:34)
      at Object.invokeGuardedCallbackDev (../../node_modules/.pnpm/react-dom@18.3.1_react@18.3.1/node_modules/react-dom/cjs/react-dom.development.js:4213:16)
      at invokeGuardedCallback (../../node_modules/.pnpm/react-dom@18.3.1_react@18.3.1/node_modules/react-dom/cjs/react-dom.development.js:4277:31)
      at beginWork$1 (../../node_modules/.pnpm/react-dom@18.3.1_react@18.3.1/node_modules/react-dom/cjs/react-dom.development.js:27490:7)
      at performUnitOfWork (../../node_modules/.pnpm/react-dom@18.3.1_react@18.3.1/node_modules/react-dom/cjs/react-dom.development.js:26599:12)
      at workLoopSync (../../node_modules/.pnpm/react-dom@18.3.1_react@18.3.1/node_modules/react-dom/cjs/react-dom.development.js:26505:5)
      at renderRootSync (../../node_modules/.pnpm/react-dom@18.3.1_react@18.3.1/node_modules/react-dom/cjs/react-dom.development.js:26473:7)
      at performConcurrentWorkOnRoot (../../node_modules/.pnpm/react-dom@18.3.1_react@18.3.1/node_modules/react-dom/cjs/react-dom.development.js:25777:74)
      at flushActQueue (../../node_modules/.pnpm/react@18.3.1/node_modules/react/cjs/react.development.js:2667:24)
      at act (../../node_modules/.pnpm/react@18.3.1/node_modules/react/cjs/react.development.js:2582:11)
      at ../../node_modules/.pnpm/@testing-library+react@16.3.2_@testing-library+dom@10.4.1_@types+react-dom@18.3.7_@types+reac_3k5f6qynewwmkoqvlvtzlgtsjq/node_modules/@testing-library/react/dist/act-compat.js:46:25
      at renderRoot (../../node_modules/.pnpm/@testing-library+react@16.3.2_@testing-library+dom@10.4.1_@types+react-dom@18.3.7_@types+reac_3k5f6qynewwmkoqvlvtzlgtsjq/node_modules/@testing-library/react/dist/pure.js:189:26)
      at render (../../node_modules/.pnpm/@testing-library+react@16.3.2_@testing-library+dom@10.4.1_@types+react-dom@18.3.7_@types+reac_3k5f6qynewwmkoqvlvtzlgtsjq/node_modules/@testing-library/react/dist/pure.js:291:10)
      at Object.<anonymous> (components/__tests__/permissions-table.test.tsx:110:11)

    console.error
      Error: Uncaught [Error: `Tooltip` must be used within `TooltipProvider`]
          at reportException (/app/node_modules/.pnpm/jsdom@20.0.3/node_modules/jsdom/lib/jsdom/living/helpers/runtime-script-errors.js:66:24)
          at innerInvokeEventListeners (/app/node_modules/.pnpm/jsdom@20.0.3/node_modules/jsdom/lib/jsdom/living/events/EventTarget-impl.js:353:9)
          at invokeEventListeners (/app/node_modules/.pnpm/jsdom@20.0.3/node_modules/jsdom/lib/jsdom/living/events/EventTarget-impl.js:286:3)
          at HTMLUnknownElementImpl._dispatch (/app/node_modules/.pnpm/jsdom@20.0.3/node_modules/jsdom/lib/jsdom/living/events/EventTarget-impl.js:233:9)
          at HTMLUnknownElementImpl.dispatchEvent (/app/node_modules/.pnpm/jsdom@20.0.3/node_modules/jsdom/lib/jsdom/living/events/EventTarget-impl.js:104:17)
          at HTMLUnknownElement.dispatchEvent (/app/node_modules/.pnpm/jsdom@20.0.3/node_modules/jsdom/lib/jsdom/living/generated/EventTarget.js:241:34)
          at Object.invokeGuardedCallbackDev (/app/node_modules/.pnpm/react-dom@18.3.1_react@18.3.1/node_modules/react-dom/cjs/react-dom.development.js:4213:16)
          at invokeGuardedCallback (/app/node_modules/.pnpm/react-dom@18.3.1_react@18.3.1/node_modules/react-dom/cjs/react-dom.development.js:4277:31)
          at beginWork$1 (/app/node_modules/.pnpm/react-dom@18.3.1_react@18.3.1/node_modules/react-dom/cjs/react-dom.development.js:27490:7)
          at performUnitOfWork (/app/node_modules/.pnpm/react-dom@18.3.1_react@18.3.1/node_modules/react-dom/cjs/react-dom.development.js:26599:12)
          at workLoopSync (/app/node_modules/.pnpm/react-dom@18.3.1_react@18.3.1/node_modules/react-dom/cjs/react-dom.development.js:26505:5)
          at renderRootSync (/app/node_modules/.pnpm/react-dom@18.3.1_react@18.3.1/node_modules/react-dom/cjs/react-dom.development.js:26473:7)
          at performConcurrentWorkOnRoot (/app/node_modules/.pnpm/react-dom@18.3.1_react@18.3.1/node_modules/react-dom/cjs/react-dom.development.js:25777:74)
          at flushActQueue (/app/node_modules/.pnpm/react@18.3.1/node_modules/react/cjs/react.development.js:2667:24)
          at act (/app/node_modules/.pnpm/react@18.3.1/node_modules/react/cjs/react.development.js:2582:11)
          at /app/node_modules/.pnpm/@testing-library+react@16.3.2_@testing-library+dom@10.4.1_@types+react-dom@18.3.7_@types+reac_3k5f6qynewwmkoqvlvtzlgtsjq/node_modules/@testing-library/react/dist/act-compat.js:46:25
          at renderRoot (/app/node_modules/.pnpm/@testing-library+react@16.3.2_@testing-library+dom@10.4.1_@types+react-dom@18.3.7_@types+reac_3k5f6qynewwmkoqvlvtzlgtsjq/node_modules/@testing-library/react/dist/pure.js:189:26)
          at render (/app/node_modules/.pnpm/@testing-library+react@16.3.2_@testing-library+dom@10.4.1_@types+react-dom@18.3.7_@types+reac_3k5f6qynewwmkoqvlvtzlgtsjq/node_modules/@testing-library/react/dist/pure.js:291:10)
          at Object.<anonymous> (/app/apps/admin/components/__tests__/permissions-table.test.tsx:110:11)
          at Promise.then.completed (/app/node_modules/.pnpm/jest-circus@29.7.0/node_modules/jest-circus/build/utils.js:298:28)
          at new Promise (<anonymous>)
          at callAsyncCircusFn (/app/node_modules/.pnpm/jest-circus@29.7.0/node_modules/jest-circus/build/utils.js:231:10)
          at _callCircusTest (/app/node_modules/.pnpm/jest-circus@29.7.0/node_modules/jest-circus/build/run.js:316:40)
          at processTicksAndRejections (node:internal/process/task_queues:103:5)
          at _runTest (/app/node_modules/.pnpm/jest-circus@29.7.0/node_modules/jest-circus/build/run.js:252:3)
          at _runTestsForDescribeBlock (/app/node_modules/.pnpm/jest-circus@29.7.0/node_modules/jest-circus/build/run.js:126:9)
          at _runTestsForDescribeBlock (/app/node_modules/.pnpm/jest-circus@29.7.0/node_modules/jest-circus/build/run.js:121:9)
          at run (/app/node_modules/.pnpm/jest-circus@29.7.0/node_modules/jest-circus/build/run.js:71:3)
          at runAndTransformResultsToJestFormat (/app/node_modules/.pnpm/jest-circus@29.7.0/node_modules/jest-circus/build/legacy-code-todo-rewrite/jestAdapterInit.js:122:21)
          at jestAdapter (/app/node_modules/.pnpm/jest-circus@29.7.0/node_modules/jest-circus/build/legacy-code-todo-rewrite/jestAdapter.js:79:19)
          at runTestInternal (/app/node_modules/.pnpm/jest-runner@29.7.0/node_modules/jest-runner/build/runTest.js:367:16)
          at runTest (/app/node_modules/.pnpm/jest-runner@29.7.0/node_modules/jest-runner/build/runTest.js:444:34)
          at Object.worker (/app/node_modules/.pnpm/jest-runner@29.7.0/node_modules/jest-runner/build/testWorker.js:106:12) {
        detail: Error: `Tooltip` must be used within `TooltipProvider`
            at useContext2 (/app/node_modules/.pnpm/@radix-ui+react-context@1.1.2_@types+react@18.3.29_react@18.3.1/node_modules/@radix-ui/react-context/src/create-context.tsx:75:13)
            at Tooltip (/app/node_modules/.pnpm/@radix-ui+react-tooltip@1.2.8_@types+react-dom@18.3.7_@types+react@18.3.29__@types+react@18.3_xrwsnt2rmlacewwolijhmzdoxi/node_modules/@radix-ui/react-tooltip/src/tooltip.tsx:162:27)
            at renderWithHooks (/app/node_modules/.pnpm/react-dom@18.3.1_react@18.3.1/node_modules/react-dom/cjs/react-dom.development.js:15486:18)
            at mountIndeterminateComponent (/app/node_modules/.pnpm/react-dom@18.3.1_react@18.3.1/node_modules/react-dom/cjs/react-dom.development.js:20103:13)
            at beginWork (/app/node_modules/.pnpm/react-dom@18.3.1_react@18.3.1/node_modules/react-dom/cjs/react-dom.development.js:21626:16)
            at HTMLUnknownElement.callCallback (/app/node_modules/.pnpm/react-dom@18.3.1_react@18.3.1/node_modules/react-dom/cjs/react-dom.development.js:4164:14)
            at HTMLUnknownElement.callTheUserObjectsOperation (/app/node_modules/.pnpm/jsdom@20.0.3/node_modules/jsdom/lib/jsdom/living/generated/EventListener.js:26:30)
            at innerInvokeEventListeners (/app/node_modules/.pnpm/jsdom@20.0.3/node_modules/jsdom/lib/jsdom/living/events/EventTarget-impl.js:350:25)
            at invokeEventListeners (/app/node_modules/.pnpm/jsdom@20.0.3/node_modules/jsdom/lib/jsdom/living/events/EventTarget-impl.js:286:3)
            at HTMLUnknownElementImpl._dispatch (/app/node_modules/.pnpm/jsdom@20.0.3/node_modules/jsdom/lib/jsdom/living/events/EventTarget-impl.js:233:9)
            at HTMLUnknownElementImpl.dispatchEvent (/app/node_modules/.pnpm/jsdom@20.0.3/node_modules/jsdom/lib/jsdom/living/events/EventTarget-impl.js:104:17)
            at HTMLUnknownElement.dispatchEvent (/app/node_modules/.pnpm/jsdom@20.0.3/node_modules/jsdom/lib/jsdom/living/generated/EventTarget.js:241:34)
            at Object.invokeGuardedCallbackDev (/app/node_modules/.pnpm/react-dom@18.3.1_react@18.3.1/node_modules/react-dom/cjs/react-dom.development.js:4213:16)
            at invokeGuardedCallback (/app/node_modules/.pnpm/react-dom@18.3.1_react@18.3.1/node_modules/react-dom/cjs/react-dom.development.js:4277:31)
            at beginWork$1 (/app/node_modules/.pnpm/react-dom@18.3.1_react@18.3.1/node_modules/react-dom/cjs/react-dom.development.js:27490:7)
            at performUnitOfWork (/app/node_modules/.pnpm/react-dom@18.3.1_react@18.3.1/node_modules/react-dom/cjs/react-dom.development.js:26599:12)
            at workLoopSync (/app/node_modules/.pnpm/react-dom@18.3.1_react@18.3.1/node_modules/react-dom/cjs/react-dom.development.js:26505:5)
            at renderRootSync (/app/node_modules/.pnpm/react-dom@18.3.1_react@18.3.1/node_modules/react-dom/cjs/react-dom.development.js:26473:7)
            at performConcurrentWorkOnRoot (/app/node_modules/.pnpm/react-dom@18.3.1_react@18.3.1/node_modules/react-dom/cjs/react-dom.development.js:25777:74)
            at flushActQueue (/app/node_modules/.pnpm/react@18.3.1/node_modules/react/cjs/react.development.js:2667:24)
            at act (/app/node_modules/.pnpm/react@18.3.1/node_modules/react/cjs/react.development.js:2582:11)
            at /app/node_modules/.pnpm/@testing-library+react@16.3.2_@testing-library+dom@10.4.1_@types+react-dom@18.3.7_@types+reac_3k5f6qynewwmkoqvlvtzlgtsjq/node_modules/@testing-library/react/dist/act-compat.js:46:25
            at renderRoot (/app/node_modules/.pnpm/@testing-library+react@16.3.2_@testing-library+dom@10.4.1_@types+react-dom@18.3.7_@types+reac_3k5f6qynewwmkoqvlvtzlgtsjq/node_modules/@testing-library/react/dist/pure.js:189:26)
            at render (/app/node_modules/.pnpm/@testing-library+react@16.3.2_@testing-library+dom@10.4.1_@types+react-dom@18.3.7_@types+reac_3k5f6qynewwmkoqvlvtzlgtsjq/node_modules/@testing-library/react/dist/pure.js:291:10)
            at Object.<anonymous> (/app/apps/admin/components/__tests__/permissions-table.test.tsx:110:11)
            at Promise.then.completed (/app/node_modules/.pnpm/jest-circus@29.7.0/node_modules/jest-circus/build/utils.js:298:28)
            at new Promise (<anonymous>)
            at callAsyncCircusFn (/app/node_modules/.pnpm/jest-circus@29.7.0/node_modules/jest-circus/build/utils.js:231:10)
            at _callCircusTest (/app/node_modules/.pnpm/jest-circus@29.7.0/node_modules/jest-circus/build/run.js:316:40)
            at processTicksAndRejections (node:internal/process/task_queues:103:5)
            at _runTest (/app/node_modules/.pnpm/jest-circus@29.7.0/node_modules/jest-circus/build/run.js:252:3)
            at _runTestsForDescribeBlock (/app/node_modules/.pnpm/jest-circus@29.7.0/node_modules/jest-circus/build/run.js:126:9)
            at _runTestsForDescribeBlock (/app/node_modules/.pnpm/jest-circus@29.7.0/node_modules/jest-circus/build/run.js:121:9)
            at run (/app/node_modules/.pnpm/jest-circus@29.7.0/node_modules/jest-circus/build/run.js:71:3)
            at runAndTransformResultsToJestFormat (/app/node_modules/.pnpm/jest-circus@29.7.0/node_modules/jest-circus/build/legacy-code-todo-rewrite/jestAdapterInit.js:122:21)
            at jestAdapter (/app/node_modules/.pnpm/jest-circus@29.7.0/node_modules/jest-circus/build/legacy-code-todo-rewrite/jestAdapter.js:79:19)
            at runTestInternal (/app/node_modules/.pnpm/jest-runner@29.7.0/node_modules/jest-runner/build/runTest.js:367:16)
            at runTest (/app/node_modules/.pnpm/jest-runner@29.7.0/node_modules/jest-runner/build/runTest.js:444:34)
            at Object.worker (/app/node_modules/.pnpm/jest-runner@29.7.0/node_modules/jest-runner/build/testWorker.js:106:12),
        type: 'unhandled exception'
      }

      108 |     jest.useFakeTimers()
      109 |     ;(actions.listPermissionsAction as jest.Mock).mockResolvedValue({ items: [], total: 0, page: 1, pageSize: 25 })
    > 110 |     render(withIntl(<PermissionsTable initial={initial} apps={apps} />))
          |           ^
      111 |     fireEvent.change(screen.getByLabelText(en.permissions.filter.appLabel), { target: { value: 'sq_a1' } })
      112 |     jest.advanceTimersByTime(400)
      113 |     await waitFor(() => expect(actions.listPermissionsAction).toHaveBeenCalledWith({ appId: 'sq_a1', page: 1, pageSize: 25 }))

      at VirtualConsole.<anonymous> (../../node_modules/.pnpm/jest-environment-jsdom@29.7.0/node_modules/jest-environment-jsdom/build/index.js:63:23)
      at reportException (../../node_modules/.pnpm/jsdom@20.0.3/node_modules/jsdom/lib/jsdom/living/helpers/runtime-script-errors.js:70:28)
      at innerInvokeEventListeners (../../node_modules/.pnpm/jsdom@20.0.3/node_modules/jsdom/lib/jsdom/living/events/EventTarget-impl.js:353:9)
      at invokeEventListeners (../../node_modules/.pnpm/jsdom@20.0.3/node_modules/jsdom/lib/jsdom/living/events/EventTarget-impl.js:286:3)
      at HTMLUnknownElementImpl._dispatch (../../node_modules/.pnpm/jsdom@20.0.3/node_modules/jsdom/lib/jsdom/living/events/EventTarget-impl.js:233:9)
      at HTMLUnknownElementImpl.dispatchEvent (../../node_modules/.pnpm/jsdom@20.0.3/node_modules/jsdom/lib/jsdom/living/events/EventTarget-impl.js:104:17)
      at HTMLUnknownElement.dispatchEvent (../../node_modules/.pnpm/jsdom@20.0.3/node_modules/jsdom/lib/jsdom/living/generated/EventTarget.js:241:34)
      at Object.invokeGuardedCallbackDev (../../node_modules/.pnpm/react-dom@18.3.1_react@18.3.1/node_modules/react-dom/cjs/react-dom.development.js:4213:16)
      at invokeGuardedCallback (../../node_modules/.pnpm/react-dom@18.3.1_react@18.3.1/node_modules/react-dom/cjs/react-dom.development.js:4277:31)
      at beginWork$1 (../../node_modules/.pnpm/react-dom@18.3.1_react@18.3.1/node_modules/react-dom/cjs/react-dom.development.js:27490:7)
      at performUnitOfWork (../../node_modules/.pnpm/react-dom@18.3.1_react@18.3.1/node_modules/react-dom/cjs/react-dom.development.js:26599:12)
      at workLoopSync (../../node_modules/.pnpm/react-dom@18.3.1_react@18.3.1/node_modules/react-dom/cjs/react-dom.development.js:26505:5)
      at renderRootSync (../../node_modules/.pnpm/react-dom@18.3.1_react@18.3.1/node_modules/react-dom/cjs/react-dom.development.js:26473:7)
      at performConcurrentWorkOnRoot (../../node_modules/.pnpm/react-dom@18.3.1_react@18.3.1/node_modules/react-dom/cjs/react-dom.development.js:25777:74)
      at flushActQueue (../../node_modules/.pnpm/react@18.3.1/node_modules/react/cjs/react.development.js:2667:24)
      at act (../../node_modules/.pnpm/react@18.3.1/node_modules/react/cjs/react.development.js:2582:11)
      at ../../node_modules/.pnpm/@testing-library+react@16.3.2_@testing-library+dom@10.4.1_@types+react-dom@18.3.7_@types+reac_3k5f6qynewwmkoqvlvtzlgtsjq/node_modules/@testing-library/react/dist/act-compat.js:46:25
      at renderRoot (../../node_modules/.pnpm/@testing-library+react@16.3.2_@testing-library+dom@10.4.1_@types+react-dom@18.3.7_@types+reac_3k5f6qynewwmkoqvlvtzlgtsjq/node_modules/@testing-library/react/dist/pure.js:189:26)
      at render (../../node_modules/.pnpm/@testing-library+react@16.3.2_@testing-library+dom@10.4.1_@types+react-dom@18.3.7_@types+reac_3k5f6qynewwmkoqvlvtzlgtsjq/node_modules/@testing-library/react/dist/pure.js:291:10)
      at Object.<anonymous> (components/__tests__/permissions-table.test.tsx:110:11)

    console.error
      Error: Uncaught [Error: `Tooltip` must be used within `TooltipProvider`]
          at reportException (/app/node_modules/.pnpm/jsdom@20.0.3/node_modules/jsdom/lib/jsdom/living/helpers/runtime-script-errors.js:66:24)
          at innerInvokeEventListeners (/app/node_modules/.pnpm/jsdom@20.0.3/node_modules/jsdom/lib/jsdom/living/events/EventTarget-impl.js:353:9)
          at invokeEventListeners (/app/node_modules/.pnpm/jsdom@20.0.3/node_modules/jsdom/lib/jsdom/living/events/EventTarget-impl.js:286:3)
          at HTMLUnknownElementImpl._dispatch (/app/node_modules/.pnpm/jsdom@20.0.3/node_modules/jsdom/lib/jsdom/living/events/EventTarget-impl.js:233:9)
          at HTMLUnknownElementImpl.dispatchEvent (/app/node_modules/.pnpm/jsdom@20.0.3/node_modules/jsdom/lib/jsdom/living/events/EventTarget-impl.js:104:17)
          at HTMLUnknownElement.dispatchEvent (/app/node_modules/.pnpm/jsdom@20.0.3/node_modules/jsdom/lib/jsdom/living/generated/EventTarget.js:241:34)
          at Object.invokeGuardedCallbackDev (/app/node_modules/.pnpm/react-dom@18.3.1_react@18.3.1/node_modules/react-dom/cjs/react-dom.development.js:4213:16)
          at invokeGuardedCallback (/app/node_modules/.pnpm/react-dom@18.3.1_react@18.3.1/node_modules/react-dom/cjs/react-dom.development.js:4277:31)
          at beginWork$1 (/app/node_modules/.pnpm/react-dom@18.3.1_react@18.3.1/node_modules/react-dom/cjs/react-dom.development.js:27490:7)
          at performUnitOfWork (/app/node_modules/.pnpm/react-dom@18.3.1_react@18.3.1/node_modules/react-dom/cjs/react-dom.development.js:26599:12)
          at workLoopSync (/app/node_modules/.pnpm/react-dom@18.3.1_react@18.3.1/node_modules/react-dom/cjs/react-dom.development.js:26505:5)
          at renderRootSync (/app/node_modules/.pnpm/react-dom@18.3.1_react@18.3.1/node_modules/react-dom/cjs/react-dom.development.js:26473:7)
          at recoverFromConcurrentError (/app/node_modules/.pnpm/react-dom@18.3.1_react@18.3.1/node_modules/react-dom/cjs/react-dom.development.js:25889:20)
          at performConcurrentWorkOnRoot (/app/node_modules/.pnpm/react-dom@18.3.1_react@18.3.1/node_modules/react-dom/cjs/react-dom.development.js:25789:22)
          at flushActQueue (/app/node_modules/.pnpm/react@18.3.1/node_modules/react/cjs/react.development.js:2667:24)
          at act (/app/node_modules/.pnpm/react@18.3.1/node_modules/react/cjs/react.development.js:2582:11)
          at /app/node_modules/.pnpm/@testing-library+react@16.3.2_@testing-library+dom@10.4.1_@types+react-dom@18.3.7_@types+reac_3k5f6qynewwmkoqvlvtzlgtsjq/node_modules/@testing-library/react/dist/act-compat.js:46:25
          at renderRoot (/app/node_modules/.pnpm/@testing-library+react@16.3.2_@testing-library+dom@10.4.1_@types+react-dom@18.3.7_@types+reac_3k5f6qynewwmkoqvlvtzlgtsjq/node_modules/@testing-library/react/dist/pure.js:189:26)
          at render (/app/node_modules/.pnpm/@testing-library+react@16.3.2_@testing-library+dom@10.4.1_@types+react-dom@18.3.7_@types+reac_3k5f6qynewwmkoqvlvtzlgtsjq/node_modules/@testing-library/react/dist/pure.js:291:10)
          at Object.<anonymous> (/app/apps/admin/components/__tests__/permissions-table.test.tsx:110:11)
          at Promise.then.completed (/app/node_modules/.pnpm/jest-circus@29.7.0/node_modules/jest-circus/build/utils.js:298:28)
          at new Promise (<anonymous>)
          at callAsyncCircusFn (/app/node_modules/.pnpm/jest-circus@29.7.0/node_modules/jest-circus/build/utils.js:231:10)
          at _callCircusTest (/app/node_modules/.pnpm/jest-circus@29.7.0/node_modules/jest-circus/build/run.js:316:40)
          at processTicksAndRejections (node:internal/process/task_queues:103:5)
          at _runTest (/app/node_modules/.pnpm/jest-circus@29.7.0/node_modules/jest-circus/build/run.js:252:3)
          at _runTestsForDescribeBlock (/app/node_modules/.pnpm/jest-circus@29.7.0/node_modules/jest-circus/build/run.js:126:9)
          at _runTestsForDescribeBlock (/app/node_modules/.pnpm/jest-circus@29.7.0/node_modules/jest-circus/build/run.js:121:9)
          at run (/app/node_modules/.pnpm/jest-circus@29.7.0/node_modules/jest-circus/build/run.js:71:3)
          at runAndTransformResultsToJestFormat (/app/node_modules/.pnpm/jest-circus@29.7.0/node_modules/jest-circus/build/legacy-code-todo-rewrite/jestAdapterInit.js:122:21)
          at jestAdapter (/app/node_modules/.pnpm/jest-circus@29.7.0/node_modules/jest-circus/build/legacy-code-todo-rewrite/jestAdapter.js:79:19)
          at runTestInternal (/app/node_modules/.pnpm/jest-runner@29.7.0/node_modules/jest-runner/build/runTest.js:367:16)
          at runTest (/app/node_modules/.pnpm/jest-runner@29.7.0/node_modules/jest-runner/build/runTest.js:444:34)
          at Object.worker (/app/node_modules/.pnpm/jest-runner@29.7.0/node_modules/jest-runner/build/testWorker.js:106:12) {
        detail: Error: `Tooltip` must be used within `TooltipProvider`
            at useContext2 (/app/node_modules/.pnpm/@radix-ui+react-context@1.1.2_@types+react@18.3.29_react@18.3.1/node_modules/@radix-ui/react-context/src/create-context.tsx:75:13)
            at Tooltip (/app/node_modules/.pnpm/@radix-ui+react-tooltip@1.2.8_@types+react-dom@18.3.7_@types+react@18.3.29__@types+react@18.3_xrwsnt2rmlacewwolijhmzdoxi/node_modules/@radix-ui/react-tooltip/src/tooltip.tsx:162:27)
            at renderWithHooks (/app/node_modules/.pnpm/react-dom@18.3.1_react@18.3.1/node_modules/react-dom/cjs/react-dom.development.js:15486:18)
            at mountIndeterminateComponent (/app/node_modules/.pnpm/react-dom@18.3.1_react@18.3.1/node_modules/react-dom/cjs/react-dom.development.js:20103:13)
            at beginWork (/app/node_modules/.pnpm/react-dom@18.3.1_react@18.3.1/node_modules/react-dom/cjs/react-dom.development.js:21626:16)
            at HTMLUnknownElement.callCallback (/app/node_modules/.pnpm/react-dom@18.3.1_react@18.3.1/node_modules/react-dom/cjs/react-dom.development.js:4164:14)
            at HTMLUnknownElement.callTheUserObjectsOperation (/app/node_modules/.pnpm/jsdom@20.0.3/node_modules/jsdom/lib/jsdom/living/generated/EventListener.js:26:30)
            at innerInvokeEventListeners (/app/node_modules/.pnpm/jsdom@20.0.3/node_modules/jsdom/lib/jsdom/living/events/EventTarget-impl.js:350:25)
            at invokeEventListeners (/app/node_modules/.pnpm/jsdom@20.0.3/node_modules/jsdom/lib/jsdom/living/events/EventTarget-impl.js:286:3)
            at HTMLUnknownElementImpl._dispatch (/app/node_modules/.pnpm/jsdom@20.0.3/node_modules/jsdom/lib/jsdom/living/events/EventTarget-impl.js:233:9)
            at HTMLUnknownElementImpl.dispatchEvent (/app/node_modules/.pnpm/jsdom@20.0.3/node_modules/jsdom/lib/jsdom/living/events/EventTarget-impl.js:104:17)
            at HTMLUnknownElement.dispatchEvent (/app/node_modules/.pnpm/jsdom@20.0.3/node_modules/jsdom/lib/jsdom/living/generated/EventTarget.js:241:34)
            at Object.invokeGuardedCallbackDev (/app/node_modules/.pnpm/react-dom@18.3.1_react@18.3.1/node_modules/react-dom/cjs/react-dom.development.js:4213:16)
            at invokeGuardedCallback (/app/node_modules/.pnpm/react-dom@18.3.1_react@18.3.1/node_modules/react-dom/cjs/react-dom.development.js:4277:31)
            at beginWork$1 (/app/node_modules/.pnpm/react-dom@18.3.1_react@18.3.1/node_modules/react-dom/cjs/react-dom.development.js:27490:7)
            at performUnitOfWork (/app/node_modules/.pnpm/react-dom@18.3.1_react@18.3.1/node_modules/react-dom/cjs/react-dom.development.js:26599:12)
            at workLoopSync (/app/node_modules/.pnpm/react-dom@18.3.1_react@18.3.1/node_modules/react-dom/cjs/react-dom.development.js:26505:5)
            at renderRootSync (/app/node_modules/.pnpm/react-dom@18.3.1_react@18.3.1/node_modules/react-dom/cjs/react-dom.development.js:26473:7)
            at recoverFromConcurrentError (/app/node_modules/.pnpm/react-dom@18.3.1_react@18.3.1/node_modules/react-dom/cjs/react-dom.development.js:25889:20)
            at performConcurrentWorkOnRoot (/app/node_modules/.pnpm/react-dom@18.3.1_react@18.3.1/node_modules/react-dom/cjs/react-dom.development.js:25789:22)
            at flushActQueue (/app/node_modules/.pnpm/react@18.3.1/node_modules/react/cjs/react.development.js:2667:24)
            at act (/app/node_modules/.pnpm/react@18.3.1/node_modules/react/cjs/react.development.js:2582:11)
            at /app/node_modules/.pnpm/@testing-library+react@16.3.2_@testing-library+dom@10.4.1_@types+react-dom@18.3.7_@types+reac_3k5f6qynewwmkoqvlvtzlgtsjq/node_modules/@testing-library/react/dist/act-compat.js:46:25
            at renderRoot (/app/node_modules/.pnpm/@testing-library+react@16.3.2_@testing-library+dom@10.4.1_@types+react-dom@18.3.7_@types+reac_3k5f6qynewwmkoqvlvtzlgtsjq/node_modules/@testing-library/react/dist/pure.js:189:26)
            at render (/app/node_modules/.pnpm/@testing-library+react@16.3.2_@testing-library+dom@10.4.1_@types+react-dom@18.3.7_@types+reac_3k5f6qynewwmkoqvlvtzlgtsjq/node_modules/@testing-library/react/dist/pure.js:291:10)
            at Object.<anonymous> (/app/apps/admin/components/__tests__/permissions-table.test.tsx:110:11)
            at Promise.then.completed (/app/node_modules/.pnpm/jest-circus@29.7.0/node_modules/jest-circus/build/utils.js:298:28)
            at new Promise (<anonymous>)
            at callAsyncCircusFn (/app/node_modules/.pnpm/jest-circus@29.7.0/node_modules/jest-circus/build/utils.js:231:10)
            at _callCircusTest (/app/node_modules/.pnpm/jest-circus@29.7.0/node_modules/jest-circus/build/run.js:316:40)
            at processTicksAndRejections (node:internal/process/task_queues:103:5)
            at _runTest (/app/node_modules/.pnpm/jest-circus@29.7.0/node_modules/jest-circus/build/run.js:252:3)
            at _runTestsForDescribeBlock (/app/node_modules/.pnpm/jest-circus@29.7.0/node_modules/jest-circus/build/run.js:126:9)
            at _runTestsForDescribeBlock (/app/node_modules/.pnpm/jest-circus@29.7.0/node_modules/jest-circus/build/run.js:121:9)
            at run (/app/node_modules/.pnpm/jest-circus@29.7.0/node_modules/jest-circus/build/run.js:71:3)
            at runAndTransformResultsToJestFormat (/app/node_modules/.pnpm/jest-circus@29.7.0/node_modules/jest-circus/build/legacy-code-todo-rewrite/jestAdapterInit.js:122:21)
            at jestAdapter (/app/node_modules/.pnpm/jest-circus@29.7.0/node_modules/jest-circus/build/legacy-code-todo-rewrite/jestAdapter.js:79:19)
            at runTestInternal (/app/node_modules/.pnpm/jest-runner@29.7.0/node_modules/jest-runner/build/runTest.js:367:16)
            at runTest (/app/node_modules/.pnpm/jest-runner@29.7.0/node_modules/jest-runner/build/runTest.js:444:34)
            at Object.worker (/app/node_modules/.pnpm/jest-runner@29.7.0/node_modules/jest-runner/build/testWorker.js:106:12),
        type: 'unhandled exception'
      }

      108 |     jest.useFakeTimers()
      109 |     ;(actions.listPermissionsAction as jest.Mock).mockResolvedValue({ items: [], total: 0, page: 1, pageSize: 25 })
    > 110 |     render(withIntl(<PermissionsTable initial={initial} apps={apps} />))
          |           ^
      111 |     fireEvent.change(screen.getByLabelText(en.permissions.filter.appLabel), { target: { value: 'sq_a1' } })
      112 |     jest.advanceTimersByTime(400)
      113 |     await waitFor(() => expect(actions.listPermissionsAction).toHaveBeenCalledWith({ appId: 'sq_a1', page: 1, pageSize: 25 }))

      at VirtualConsole.<anonymous> (../../node_modules/.pnpm/jest-environment-jsdom@29.7.0/node_modules/jest-environment-jsdom/build/index.js:63:23)
      at reportException (../../node_modules/.pnpm/jsdom@20.0.3/node_modules/jsdom/lib/jsdom/living/helpers/runtime-script-errors.js:70:28)
      at innerInvokeEventListeners (../../node_modules/.pnpm/jsdom@20.0.3/node_modules/jsdom/lib/jsdom/living/events/EventTarget-impl.js:353:9)
      at invokeEventListeners (../../node_modules/.pnpm/jsdom@20.0.3/node_modules/jsdom/lib/jsdom/living/events/EventTarget-impl.js:286:3)
      at HTMLUnknownElementImpl._dispatch (../../node_modules/.pnpm/jsdom@20.0.3/node_modules/jsdom/lib/jsdom/living/events/EventTarget-impl.js:233:9)
      at HTMLUnknownElementImpl.dispatchEvent (../../node_modules/.pnpm/jsdom@20.0.3/node_modules/jsdom/lib/jsdom/living/events/EventTarget-impl.js:104:17)
      at HTMLUnknownElement.dispatchEvent (../../node_modules/.pnpm/jsdom@20.0.3/node_modules/jsdom/lib/jsdom/living/generated/EventTarget.js:241:34)
      at Object.invokeGuardedCallbackDev (../../node_modules/.pnpm/react-dom@18.3.1_react@18.3.1/node_modules/react-dom/cjs/react-dom.development.js:4213:16)
      at invokeGuardedCallback (../../node_modules/.pnpm/react-dom@18.3.1_react@18.3.1/node_modules/react-dom/cjs/react-dom.development.js:4277:31)
      at beginWork$1 (../../node_modules/.pnpm/react-dom@18.3.1_react@18.3.1/node_modules/react-dom/cjs/react-dom.development.js:27490:7)
      at performUnitOfWork (../../node_modules/.pnpm/react-dom@18.3.1_react@18.3.1/node_modules/react-dom/cjs/react-dom.development.js:26599:12)
      at workLoopSync (../../node_modules/.pnpm/react-dom@18.3.1_react@18.3.1/node_modules/react-dom/cjs/react-dom.development.js:26505:5)
      at renderRootSync (../../node_modules/.pnpm/react-dom@18.3.1_react@18.3.1/node_modules/react-dom/cjs/react-dom.development.js:26473:7)
      at recoverFromConcurrentError (../../node_modules/.pnpm/react-dom@18.3.1_react@18.3.1/node_modules/react-dom/cjs/react-dom.development.js:25889:20)
      at performConcurrentWorkOnRoot (../../node_modules/.pnpm/react-dom@18.3.1_react@18.3.1/node_modules/react-dom/cjs/react-dom.development.js:25789:22)
      at flushActQueue (../../node_modules/.pnpm/react@18.3.1/node_modules/react/cjs/react.development.js:2667:24)
      at act (../../node_modules/.pnpm/react@18.3.1/node_modules/react/cjs/react.development.js:2582:11)
      at ../../node_modules/.pnpm/@testing-library+react@16.3.2_@testing-library+dom@10.4.1_@types+react-dom@18.3.7_@types+reac_3k5f6qynewwmkoqvlvtzlgtsjq/node_modules/@testing-library/react/dist/act-compat.js:46:25
      at renderRoot (../../node_modules/.pnpm/@testing-library+react@16.3.2_@testing-library+dom@10.4.1_@types+react-dom@18.3.7_@types+reac_3k5f6qynewwmkoqvlvtzlgtsjq/node_modules/@testing-library/react/dist/pure.js:189:26)
      at render (../../node_modules/.pnpm/@testing-library+react@16.3.2_@testing-library+dom@10.4.1_@types+react-dom@18.3.7_@types+reac_3k5f6qynewwmkoqvlvtzlgtsjq/node_modules/@testing-library/react/dist/pure.js:291:10)
      at Object.<anonymous> (components/__tests__/permissions-table.test.tsx:110:11)

    console.error
      Error: Uncaught [Error: `Tooltip` must be used within `TooltipProvider`]
          at reportException (/app/node_modules/.pnpm/jsdom@20.0.3/node_modules/jsdom/lib/jsdom/living/helpers/runtime-script-errors.js:66:24)
          at innerInvokeEventListeners (/app/node_modules/.pnpm/jsdom@20.0.3/node_modules/jsdom/lib/jsdom/living/events/EventTarget-impl.js:353:9)
          at invokeEventListeners (/app/node_modules/.pnpm/jsdom@20.0.3/node_modules/jsdom/lib/jsdom/living/events/EventTarget-impl.js:286:3)
          at HTMLUnknownElementImpl._dispatch (/app/node_modules/.pnpm/jsdom@20.0.3/node_modules/jsdom/lib/jsdom/living/events/EventTarget-impl.js:233:9)
          at HTMLUnknownElementImpl.dispatchEvent (/app/node_modules/.pnpm/jsdom@20.0.3/node_modules/jsdom/lib/jsdom/living/events/EventTarget-impl.js:104:17)
          at HTMLUnknownElement.dispatchEvent (/app/node_modules/.pnpm/jsdom@20.0.3/node_modules/jsdom/lib/jsdom/living/generated/EventTarget.js:241:34)
          at Object.invokeGuardedCallbackDev (/app/node_modules/.pnpm/react-dom@18.3.1_react@18.3.1/node_modules/react-dom/cjs/react-dom.development.js:4213:16)
          at invokeGuardedCallback (/app/node_modules/.pnpm/react-dom@18.3.1_react@18.3.1/node_modules/react-dom/cjs/react-dom.development.js:4277:31)
          at beginWork$1 (/app/node_modules/.pnpm/react-dom@18.3.1_react@18.3.1/node_modules/react-dom/cjs/react-dom.development.js:27490:7)
          at performUnitOfWork (/app/node_modules/.pnpm/react-dom@18.3.1_react@18.3.1/node_modules/react-dom/cjs/react-dom.development.js:26599:12)
          at workLoopSync (/app/node_modules/.pnpm/react-dom@18.3.1_react@18.3.1/node_modules/react-dom/cjs/react-dom.development.js:26505:5)
          at renderRootSync (/app/node_modules/.pnpm/react-dom@18.3.1_react@18.3.1/node_modules/react-dom/cjs/react-dom.development.js:26473:7)
          at recoverFromConcurrentError (/app/node_modules/.pnpm/react-dom@18.3.1_react@18.3.1/node_modules/react-dom/cjs/react-dom.development.js:25889:20)
          at performConcurrentWorkOnRoot (/app/node_modules/.pnpm/react-dom@18.3.1_react@18.3.1/node_modules/react-dom/cjs/react-dom.development.js:25789:22)
          at flushActQueue (/app/node_modules/.pnpm/react@18.3.1/node_modules/react/cjs/react.development.js:2667:24)
          at act (/app/node_modules/.pnpm/react@18.3.1/node_modules/react/cjs/react.development.js:2582:11)
          at /app/node_modules/.pnpm/@testing-library+react@16.3.2_@testing-library+dom@10.4.1_@types+react-dom@18.3.7_@types+reac_3k5f6qynewwmkoqvlvtzlgtsjq/node_modules/@testing-library/react/dist/act-compat.js:46:25
          at renderRoot (/app/node_modules/.pnpm/@testing-library+react@16.3.2_@testing-library+dom@10.4.1_@types+react-dom@18.3.7_@types+reac_3k5f6qynewwmkoqvlvtzlgtsjq/node_modules/@testing-library/react/dist/pure.js:189:26)
          at render (/app/node_modules/.pnpm/@testing-library+react@16.3.2_@testing-library+dom@10.4.1_@types+react-dom@18.3.7_@types+reac_3k5f6qynewwmkoqvlvtzlgtsjq/node_modules/@testing-library/react/dist/pure.js:291:10)
          at Object.<anonymous> (/app/apps/admin/components/__tests__/permissions-table.test.tsx:110:11)
          at Promise.then.completed (/app/node_modules/.pnpm/jest-circus@29.7.0/node_modules/jest-circus/build/utils.js:298:28)
          at new Promise (<anonymous>)
          at callAsyncCircusFn (/app/node_modules/.pnpm/jest-circus@29.7.0/node_modules/jest-circus/build/utils.js:231:10)
          at _callCircusTest (/app/node_modules/.pnpm/jest-circus@29.7.0/node_modules/jest-circus/build/run.js:316:40)
          at processTicksAndRejections (node:internal/process/task_queues:103:5)
          at _runTest (/app/node_modules/.pnpm/jest-circus@29.7.0/node_modules/jest-circus/build/run.js:252:3)
          at _runTestsForDescribeBlock (/app/node_modules/.pnpm/jest-circus@29.7.0/node_modules/jest-circus/build/run.js:126:9)
          at _runTestsForDescribeBlock (/app/node_modules/.pnpm/jest-circus@29.7.0/node_modules/jest-circus/build/run.js:121:9)
          at run (/app/node_modules/.pnpm/jest-circus@29.7.0/node_modules/jest-circus/build/run.js:71:3)
          at runAndTransformResultsToJestFormat (/app/node_modules/.pnpm/jest-circus@29.7.0/node_modules/jest-circus/build/legacy-code-todo-rewrite/jestAdapterInit.js:122:21)
          at jestAdapter (/app/node_modules/.pnpm/jest-circus@29.7.0/node_modules/jest-circus/build/legacy-code-todo-rewrite/jestAdapter.js:79:19)
          at runTestInternal (/app/node_modules/.pnpm/jest-runner@29.7.0/node_modules/jest-runner/build/runTest.js:367:16)
          at runTest (/app/node_modules/.pnpm/jest-runner@29.7.0/node_modules/jest-runner/build/runTest.js:444:34)
          at Object.worker (/app/node_modules/.pnpm/jest-runner@29.7.0/node_modules/jest-runner/build/testWorker.js:106:12) {
        detail: Error: `Tooltip` must be used within `TooltipProvider`
            at useContext2 (/app/node_modules/.pnpm/@radix-ui+react-context@1.1.2_@types+react@18.3.29_react@18.3.1/node_modules/@radix-ui/react-context/src/create-context.tsx:75:13)
            at Tooltip (/app/node_modules/.pnpm/@radix-ui+react-tooltip@1.2.8_@types+react-dom@18.3.7_@types+react@18.3.29__@types+react@18.3_xrwsnt2rmlacewwolijhmzdoxi/node_modules/@radix-ui/react-tooltip/src/tooltip.tsx:162:27)
            at renderWithHooks (/app/node_modules/.pnpm/react-dom@18.3.1_react@18.3.1/node_modules/react-dom/cjs/react-dom.development.js:15486:18)
            at mountIndeterminateComponent (/app/node_modules/.pnpm/react-dom@18.3.1_react@18.3.1/node_modules/react-dom/cjs/react-dom.development.js:20103:13)
            at beginWork (/app/node_modules/.pnpm/react-dom@18.3.1_react@18.3.1/node_modules/react-dom/cjs/react-dom.development.js:21626:16)
            at HTMLUnknownElement.callCallback (/app/node_modules/.pnpm/react-dom@18.3.1_react@18.3.1/node_modules/react-dom/cjs/react-dom.development.js:4164:14)
            at HTMLUnknownElement.callTheUserObjectsOperation (/app/node_modules/.pnpm/jsdom@20.0.3/node_modules/jsdom/lib/jsdom/living/generated/EventListener.js:26:30)
            at innerInvokeEventListeners (/app/node_modules/.pnpm/jsdom@20.0.3/node_modules/jsdom/lib/jsdom/living/events/EventTarget-impl.js:350:25)
            at invokeEventListeners (/app/node_modules/.pnpm/jsdom@20.0.3/node_modules/jsdom/lib/jsdom/living/events/EventTarget-impl.js:286:3)
            at HTMLUnknownElementImpl._dispatch (/app/node_modules/.pnpm/jsdom@20.0.3/node_modules/jsdom/lib/jsdom/living/events/EventTarget-impl.js:233:9)
            at HTMLUnknownElementImpl.dispatchEvent (/app/node_modules/.pnpm/jsdom@20.0.3/node_modules/jsdom/lib/jsdom/living/events/EventTarget-impl.js:104:17)
            at HTMLUnknownElement.dispatchEvent (/app/node_modules/.pnpm/jsdom@20.0.3/node_modules/jsdom/lib/jsdom/living/generated/EventTarget.js:241:34)
            at Object.invokeGuardedCallbackDev (/app/node_modules/.pnpm/react-dom@18.3.1_react@18.3.1/node_modules/react-dom/cjs/react-dom.development.js:4213:16)
            at invokeGuardedCallback (/app/node_modules/.pnpm/react-dom@18.3.1_react@18.3.1/node_modules/react-dom/cjs/react-dom.development.js:4277:31)
            at beginWork$1 (/app/node_modules/.pnpm/react-dom@18.3.1_react@18.3.1/node_modules/react-dom/cjs/react-dom.development.js:27490:7)
            at performUnitOfWork (/app/node_modules/.pnpm/react-dom@18.3.1_react@18.3.1/node_modules/react-dom/cjs/react-dom.development.js:26599:12)
            at workLoopSync (/app/node_modules/.pnpm/react-dom@18.3.1_react@18.3.1/node_modules/react-dom/cjs/react-dom.development.js:26505:5)
            at renderRootSync (/app/node_modules/.pnpm/react-dom@18.3.1_react@18.3.1/node_modules/react-dom/cjs/react-dom.development.js:26473:7)
            at recoverFromConcurrentError (/app/node_modules/.pnpm/react-dom@18.3.1_react@18.3.1/node_modules/react-dom/cjs/react-dom.development.js:25889:20)
            at performConcurrentWorkOnRoot (/app/node_modules/.pnpm/react-dom@18.3.1_react@18.3.1/node_modules/react-dom/cjs/react-dom.development.js:25789:22)
            at flushActQueue (/app/node_modules/.pnpm/react@18.3.1/node_modules/react/cjs/react.development.js:2667:24)
            at act (/app/node_modules/.pnpm/react@18.3.1/node_modules/react/cjs/react.development.js:2582:11)
            at /app/node_modules/.pnpm/@testing-library+react@16.3.2_@testing-library+dom@10.4.1_@types+react-dom@18.3.7_@types+reac_3k5f6qynewwmkoqvlvtzlgtsjq/node_modules/@testing-library/react/dist/act-compat.js:46:25
            at renderRoot (/app/node_modules/.pnpm/@testing-library+react@16.3.2_@testing-library+dom@10.4.1_@types+react-dom@18.3.7_@types+reac_3k5f6qynewwmkoqvlvtzlgtsjq/node_modules/@testing-library/react/dist/pure.js:189:26)
            at render (/app/node_modules/.pnpm/@testing-library+react@16.3.2_@testing-library+dom@10.4.1_@types+react-dom@18.3.7_@types+reac_3k5f6qynewwmkoqvlvtzlgtsjq/node_modules/@testing-library/react/dist/pure.js:291:10)
            at Object.<anonymous> (/app/apps/admin/components/__tests__/permissions-table.test.tsx:110:11)
            at Promise.then.completed (/app/node_modules/.pnpm/jest-circus@29.7.0/node_modules/jest-circus/build/utils.js:298:28)
            at new Promise (<anonymous>)
            at callAsyncCircusFn (/app/node_modules/.pnpm/jest-circus@29.7.0/node_modules/jest-circus/build/utils.js:231:10)
            at _callCircusTest (/app/node_modules/.pnpm/jest-circus@29.7.0/node_modules/jest-circus/build/run.js:316:40)
            at processTicksAndRejections (node:internal/process/task_queues:103:5)
            at _runTest (/app/node_modules/.pnpm/jest-circus@29.7.0/node_modules/jest-circus/build/run.js:252:3)
            at _runTestsForDescribeBlock (/app/node_modules/.pnpm/jest-circus@29.7.0/node_modules/jest-circus/build/run.js:126:9)
            at _runTestsForDescribeBlock (/app/node_modules/.pnpm/jest-circus@29.7.0/node_modules/jest-circus/build/run.js:121:9)
            at run (/app/node_modules/.pnpm/jest-circus@29.7.0/node_modules/jest-circus/build/run.js:71:3)
            at runAndTransformResultsToJestFormat (/app/node_modules/.pnpm/jest-circus@29.7.0/node_modules/jest-circus/build/legacy-code-todo-rewrite/jestAdapterInit.js:122:21)
            at jestAdapter (/app/node_modules/.pnpm/jest-circus@29.7.0/node_modules/jest-circus/build/legacy-code-todo-rewrite/jestAdapter.js:79:19)
            at runTestInternal (/app/node_modules/.pnpm/jest-runner@29.7.0/node_modules/jest-runner/build/runTest.js:367:16)
            at runTest (/app/node_modules/.pnpm/jest-runner@29.7.0/node_modules/jest-runner/build/runTest.js:444:34)
            at Object.worker (/app/node_modules/.pnpm/jest-runner@29.7.0/node_modules/jest-runner/build/testWorker.js:106:12),
        type: 'unhandled exception'
      }

      108 |     jest.useFakeTimers()
      109 |     ;(actions.listPermissionsAction as jest.Mock).mockResolvedValue({ items: [], total: 0, page: 1, pageSize: 25 })
    > 110 |     render(withIntl(<PermissionsTable initial={initial} apps={apps} />))
          |           ^
      111 |     fireEvent.change(screen.getByLabelText(en.permissions.filter.appLabel), { target: { value: 'sq_a1' } })
      112 |     jest.advanceTimersByTime(400)
      113 |     await waitFor(() => expect(actions.listPermissionsAction).toHaveBeenCalledWith({ appId: 'sq_a1', page: 1, pageSize: 25 }))

      at VirtualConsole.<anonymous> (../../node_modules/.pnpm/jest-environment-jsdom@29.7.0/node_modules/jest-environment-jsdom/build/index.js:63:23)
      at reportException (../../node_modules/.pnpm/jsdom@20.0.3/node_modules/jsdom/lib/jsdom/living/helpers/runtime-script-errors.js:70:28)
      at innerInvokeEventListeners (../../node_modules/.pnpm/jsdom@20.0.3/node_modules/jsdom/lib/jsdom/living/events/EventTarget-impl.js:353:9)
      at invokeEventListeners (../../node_modules/.pnpm/jsdom@20.0.3/node_modules/jsdom/lib/jsdom/living/events/EventTarget-impl.js:286:3)
      at HTMLUnknownElementImpl._dispatch (../../node_modules/.pnpm/jsdom@20.0.3/node_modules/jsdom/lib/jsdom/living/events/EventTarget-impl.js:233:9)
      at HTMLUnknownElementImpl.dispatchEvent (../../node_modules/.pnpm/jsdom@20.0.3/node_modules/jsdom/lib/jsdom/living/events/EventTarget-impl.js:104:17)
      at HTMLUnknownElement.dispatchEvent (../../node_modules/.pnpm/jsdom@20.0.3/node_modules/jsdom/lib/jsdom/living/generated/EventTarget.js:241:34)
      at Object.invokeGuardedCallbackDev (../../node_modules/.pnpm/react-dom@18.3.1_react@18.3.1/node_modules/react-dom/cjs/react-dom.development.js:4213:16)
      at invokeGuardedCallback (../../node_modules/.pnpm/react-dom@18.3.1_react@18.3.1/node_modules/react-dom/cjs/react-dom.development.js:4277:31)
      at beginWork$1 (../../node_modules/.pnpm/react-dom@18.3.1_react@18.3.1/node_modules/react-dom/cjs/react-dom.development.js:27490:7)
      at performUnitOfWork (../../node_modules/.pnpm/react-dom@18.3.1_react@18.3.1/node_modules/react-dom/cjs/react-dom.development.js:26599:12)
      at workLoopSync (../../node_modules/.pnpm/react-dom@18.3.1_react@18.3.1/node_modules/react-dom/cjs/react-dom.development.js:26505:5)
      at renderRootSync (../../node_modules/.pnpm/react-dom@18.3.1_react@18.3.1/node_modules/react-dom/cjs/react-dom.development.js:26473:7)
      at recoverFromConcurrentError (../../node_modules/.pnpm/react-dom@18.3.1_react@18.3.1/node_modules/react-dom/cjs/react-dom.development.js:25889:20)
      at performConcurrentWorkOnRoot (../../node_modules/.pnpm/react-dom@18.3.1_react@18.3.1/node_modules/react-dom/cjs/react-dom.development.js:25789:22)
      at flushActQueue (../../node_modules/.pnpm/react@18.3.1/node_modules/react/cjs/react.development.js:2667:24)
      at act (../../node_modules/.pnpm/react@18.3.1/node_modules/react/cjs/react.development.js:2582:11)
      at ../../node_modules/.pnpm/@testing-library+react@16.3.2_@testing-library+dom@10.4.1_@types+react-dom@18.3.7_@types+reac_3k5f6qynewwmkoqvlvtzlgtsjq/node_modules/@testing-library/react/dist/act-compat.js:46:25
      at renderRoot (../../node_modules/.pnpm/@testing-library+react@16.3.2_@testing-library+dom@10.4.1_@types+react-dom@18.3.7_@types+reac_3k5f6qynewwmkoqvlvtzlgtsjq/node_modules/@testing-library/react/dist/pure.js:189:26)
      at render (../../node_modules/.pnpm/@testing-library+react@16.3.2_@testing-library+dom@10.4.1_@types+react-dom@18.3.7_@types+reac_3k5f6qynewwmkoqvlvtzlgtsjq/node_modules/@testing-library/react/dist/pure.js:291:10)
      at Object.<anonymous> (components/__tests__/permissions-table.test.tsx:110:11)

    console.error
      Error: Uncaught [Error: `Tooltip` must be used within `TooltipProvider`]
          at reportException (/app/node_modules/.pnpm/jsdom@20.0.3/node_modules/jsdom/lib/jsdom/living/helpers/runtime-script-errors.js:66:24)
          at innerInvokeEventListeners (/app/node_modules/.pnpm/jsdom@20.0.3/node_modules/jsdom/lib/jsdom/living/events/EventTarget-impl.js:353:9)
          at invokeEventListeners (/app/node_modules/.pnpm/jsdom@20.0.3/node_modules/jsdom/lib/jsdom/living/events/EventTarget-impl.js:286:3)
          at HTMLUnknownElementImpl._dispatch (/app/node_modules/.pnpm/jsdom@20.0.3/node_modules/jsdom/lib/jsdom/living/events/EventTarget-impl.js:233:9)
          at HTMLUnknownElementImpl.dispatchEvent (/app/node_modules/.pnpm/jsdom@20.0.3/node_modules/jsdom/lib/jsdom/living/events/EventTarget-impl.js:104:17)
          at HTMLUnknownElement.dispatchEvent (/app/node_modules/.pnpm/jsdom@20.0.3/node_modules/jsdom/lib/jsdom/living/generated/EventTarget.js:241:34)
          at Object.invokeGuardedCallbackDev (/app/node_modules/.pnpm/react-dom@18.3.1_react@18.3.1/node_modules/react-dom/cjs/react-dom.development.js:4213:16)
          at invokeGuardedCallback (/app/node_modules/.pnpm/react-dom@18.3.1_react@18.3.1/node_modules/react-dom/cjs/react-dom.development.js:4277:31)
          at beginWork$1 (/app/node_modules/.pnpm/react-dom@18.3.1_react@18.3.1/node_modules/react-dom/cjs/react-dom.development.js:27490:7)
          at performUnitOfWork (/app/node_modules/.pnpm/react-dom@18.3.1_react@18.3.1/node_modules/react-dom/cjs/react-dom.development.js:26599:12)
          at workLoopSync (/app/node_modules/.pnpm/react-dom@18.3.1_react@18.3.1/node_modules/react-dom/cjs/react-dom.development.js:26505:5)
          at renderRootSync (/app/node_modules/.pnpm/react-dom@18.3.1_react@18.3.1/node_modules/react-dom/cjs/react-dom.development.js:26473:7)
          at recoverFromConcurrentError (/app/node_modules/.pnpm/react-dom@18.3.1_react@18.3.1/node_modules/react-dom/cjs/react-dom.development.js:25889:20)
          at performConcurrentWorkOnRoot (/app/node_modules/.pnpm/react-dom@18.3.1_react@18.3.1/node_modules/react-dom/cjs/react-dom.development.js:25789:22)
          at flushActQueue (/app/node_modules/.pnpm/react@18.3.1/node_modules/react/cjs/react.development.js:2667:24)
          at act (/app/node_modules/.pnpm/react@18.3.1/node_modules/react/cjs/react.development.js:2582:11)
          at /app/node_modules/.pnpm/@testing-library+react@16.3.2_@testing-library+dom@10.4.1_@types+react-dom@18.3.7_@types+reac_3k5f6qynewwmkoqvlvtzlgtsjq/node_modules/@testing-library/react/dist/act-compat.js:46:25
          at renderRoot (/app/node_modules/.pnpm/@testing-library+react@16.3.2_@testing-library+dom@10.4.1_@types+react-dom@18.3.7_@types+reac_3k5f6qynewwmkoqvlvtzlgtsjq/node_modules/@testing-library/react/dist/pure.js:189:26)
          at render (/app/node_modules/.pnpm/@testing-library+react@16.3.2_@testing-library+dom@10.4.1_@types+react-dom@18.3.7_@types+reac_3k5f6qynewwmkoqvlvtzlgtsjq/node_modules/@testing-library/react/dist/pure.js:291:10)
          at Object.<anonymous> (/app/apps/admin/components/__tests__/permissions-table.test.tsx:110:11)
          at Promise.then.completed (/app/node_modules/.pnpm/jest-circus@29.7.0/node_modules/jest-circus/build/utils.js:298:28)
          at new Promise (<anonymous>)
          at callAsyncCircusFn (/app/node_modules/.pnpm/jest-circus@29.7.0/node_modules/jest-circus/build/utils.js:231:10)
          at _callCircusTest (/app/node_modules/.pnpm/jest-circus@29.7.0/node_modules/jest-circus/build/run.js:316:40)
          at processTicksAndRejections (node:internal/process/task_queues:103:5)
          at _runTest (/app/node_modules/.pnpm/jest-circus@29.7.0/node_modules/jest-circus/build/run.js:252:3)
          at _runTestsForDescribeBlock (/app/node_modules/.pnpm/jest-circus@29.7.0/node_modules/jest-circus/build/run.js:126:9)
          at _runTestsForDescribeBlock (/app/node_modules/.pnpm/jest-circus@29.7.0/node_modules/jest-circus/build/run.js:121:9)
          at run (/app/node_modules/.pnpm/jest-circus@29.7.0/node_modules/jest-circus/build/run.js:71:3)
          at runAndTransformResultsToJestFormat (/app/node_modules/.pnpm/jest-circus@29.7.0/node_modules/jest-circus/build/legacy-code-todo-rewrite/jestAdapterInit.js:122:21)
          at jestAdapter (/app/node_modules/.pnpm/jest-circus@29.7.0/node_modules/jest-circus/build/legacy-code-todo-rewrite/jestAdapter.js:79:19)
          at runTestInternal (/app/node_modules/.pnpm/jest-runner@29.7.0/node_modules/jest-runner/build/runTest.js:367:16)
          at runTest (/app/node_modules/.pnpm/jest-runner@29.7.0/node_modules/jest-runner/build/runTest.js:444:34)
          at Object.worker (/app/node_modules/.pnpm/jest-runner@29.7.0/node_modules/jest-runner/build/testWorker.js:106:12) {
        detail: Error: `Tooltip` must be used within `TooltipProvider`
            at useContext2 (/app/node_modules/.pnpm/@radix-ui+react-context@1.1.2_@types+react@18.3.29_react@18.3.1/node_modules/@radix-ui/react-context/src/create-context.tsx:75:13)
            at Tooltip (/app/node_modules/.pnpm/@radix-ui+react-tooltip@1.2.8_@types+react-dom@18.3.7_@types+react@18.3.29__@types+react@18.3_xrwsnt2rmlacewwolijhmzdoxi/node_modules/@radix-ui/react-tooltip/src/tooltip.tsx:162:27)
            at renderWithHooks (/app/node_modules/.pnpm/react-dom@18.3.1_react@18.3.1/node_modules/react-dom/cjs/react-dom.development.js:15486:18)
            at mountIndeterminateComponent (/app/node_modules/.pnpm/react-dom@18.3.1_react@18.3.1/node_modules/react-dom/cjs/react-dom.development.js:20103:13)
            at beginWork (/app/node_modules/.pnpm/react-dom@18.3.1_react@18.3.1/node_modules/react-dom/cjs/react-dom.development.js:21626:16)
            at HTMLUnknownElement.callCallback (/app/node_modules/.pnpm/react-dom@18.3.1_react@18.3.1/node_modules/react-dom/cjs/react-dom.development.js:4164:14)
            at HTMLUnknownElement.callTheUserObjectsOperation (/app/node_modules/.pnpm/jsdom@20.0.3/node_modules/jsdom/lib/jsdom/living/generated/EventListener.js:26:30)
            at innerInvokeEventListeners (/app/node_modules/.pnpm/jsdom@20.0.3/node_modules/jsdom/lib/jsdom/living/events/EventTarget-impl.js:350:25)
            at invokeEventListeners (/app/node_modules/.pnpm/jsdom@20.0.3/node_modules/jsdom/lib/jsdom/living/events/EventTarget-impl.js:286:3)
            at HTMLUnknownElementImpl._dispatch (/app/node_modules/.pnpm/jsdom@20.0.3/node_modules/jsdom/lib/jsdom/living/events/EventTarget-impl.js:233:9)
            at HTMLUnknownElementImpl.dispatchEvent (/app/node_modules/.pnpm/jsdom@20.0.3/node_modules/jsdom/lib/jsdom/living/events/EventTarget-impl.js:104:17)
            at HTMLUnknownElement.dispatchEvent (/app/node_modules/.pnpm/jsdom@20.0.3/node_modules/jsdom/lib/jsdom/living/generated/EventTarget.js:241:34)
            at Object.invokeGuardedCallbackDev (/app/node_modules/.pnpm/react-dom@18.3.1_react@18.3.1/node_modules/react-dom/cjs/react-dom.development.js:4213:16)
            at invokeGuardedCallback (/app/node_modules/.pnpm/react-dom@18.3.1_react@18.3.1/node_modules/react-dom/cjs/react-dom.development.js:4277:31)
            at beginWork$1 (/app/node_modules/.pnpm/react-dom@18.3.1_react@18.3.1/node_modules/react-dom/cjs/react-dom.development.js:27490:7)
            at performUnitOfWork (/app/node_modules/.pnpm/react-dom@18.3.1_react@18.3.1/node_modules/react-dom/cjs/react-dom.development.js:26599:12)
            at workLoopSync (/app/node_modules/.pnpm/react-dom@18.3.1_react@18.3.1/node_modules/react-dom/cjs/react-dom.development.js:26505:5)
            at renderRootSync (/app/node_modules/.pnpm/react-dom@18.3.1_react@18.3.1/node_modules/react-dom/cjs/react-dom.development.js:26473:7)
            at recoverFromConcurrentError (/app/node_modules/.pnpm/react-dom@18.3.1_react@18.3.1/node_modules/react-dom/cjs/react-dom.development.js:25889:20)
            at performConcurrentWorkOnRoot (/app/node_modules/.pnpm/react-dom@18.3.1_react@18.3.1/node_modules/react-dom/cjs/react-dom.development.js:25789:22)
            at flushActQueue (/app/node_modules/.pnpm/react@18.3.1/node_modules/react/cjs/react.development.js:2667:24)
            at act (/app/node_modules/.pnpm/react@18.3.1/node_modules/react/cjs/react.development.js:2582:11)
            at /app/node_modules/.pnpm/@testing-library+react@16.3.2_@testing-library+dom@10.4.1_@types+react-dom@18.3.7_@types+reac_3k5f6qynewwmkoqvlvtzlgtsjq/node_modules/@testing-library/react/dist/act-compat.js:46:25
            at renderRoot (/app/node_modules/.pnpm/@testing-library+react@16.3.2_@testing-library+dom@10.4.1_@types+react-dom@18.3.7_@types+reac_3k5f6qynewwmkoqvlvtzlgtsjq/node_modules/@testing-library/react/dist/pure.js:189:26)
            at render (/app/node_modules/.pnpm/@testing-library+react@16.3.2_@testing-library+dom@10.4.1_@types+react-dom@18.3.7_@types+reac_3k5f6qynewwmkoqvlvtzlgtsjq/node_modules/@testing-library/react/dist/pure.js:291:10)
            at Object.<anonymous> (/app/apps/admin/components/__tests__/permissions-table.test.tsx:110:11)
            at Promise.then.completed (/app/node_modules/.pnpm/jest-circus@29.7.0/node_modules/jest-circus/build/utils.js:298:28)
            at new Promise (<anonymous>)
            at callAsyncCircusFn (/app/node_modules/.pnpm/jest-circus@29.7.0/node_modules/jest-circus/build/utils.js:231:10)
            at _callCircusTest (/app/node_modules/.pnpm/jest-circus@29.7.0/node_modules/jest-circus/build/run.js:316:40)
            at processTicksAndRejections (node:internal/process/task_queues:103:5)
            at _runTest (/app/node_modules/.pnpm/jest-circus@29.7.0/node_modules/jest-circus/build/run.js:252:3)
            at _runTestsForDescribeBlock (/app/node_modules/.pnpm/jest-circus@29.7.0/node_modules/jest-circus/build/run.js:126:9)
            at _runTestsForDescribeBlock (/app/node_modules/.pnpm/jest-circus@29.7.0/node_modules/jest-circus/build/run.js:121:9)
            at run (/app/node_modules/.pnpm/jest-circus@29.7.0/node_modules/jest-circus/build/run.js:71:3)
            at runAndTransformResultsToJestFormat (/app/node_modules/.pnpm/jest-circus@29.7.0/node_modules/jest-circus/build/legacy-code-todo-rewrite/jestAdapterInit.js:122:21)
            at jestAdapter (/app/node_modules/.pnpm/jest-circus@29.7.0/node_modules/jest-circus/build/legacy-code-todo-rewrite/jestAdapter.js:79:19)
            at runTestInternal (/app/node_modules/.pnpm/jest-runner@29.7.0/node_modules/jest-runner/build/runTest.js:367:16)
            at runTest (/app/node_modules/.pnpm/jest-runner@29.7.0/node_modules/jest-runner/build/runTest.js:444:34)
            at Object.worker (/app/node_modules/.pnpm/jest-runner@29.7.0/node_modules/jest-runner/build/testWorker.js:106:12),
        type: 'unhandled exception'
      }

      108 |     jest.useFakeTimers()
      109 |     ;(actions.listPermissionsAction as jest.Mock).mockResolvedValue({ items: [], total: 0, page: 1, pageSize: 25 })
    > 110 |     render(withIntl(<PermissionsTable initial={initial} apps={apps} />))
          |           ^
      111 |     fireEvent.change(screen.getByLabelText(en.permissions.filter.appLabel), { target: { value: 'sq_a1' } })
      112 |     jest.advanceTimersByTime(400)
      113 |     await waitFor(() => expect(actions.listPermissionsAction).toHaveBeenCalledWith({ appId: 'sq_a1', page: 1, pageSize: 25 }))

      at VirtualConsole.<anonymous> (../../node_modules/.pnpm/jest-environment-jsdom@29.7.0/node_modules/jest-environment-jsdom/build/index.js:63:23)
      at reportException (../../node_modules/.pnpm/jsdom@20.0.3/node_modules/jsdom/lib/jsdom/living/helpers/runtime-script-errors.js:70:28)
      at innerInvokeEventListeners (../../node_modules/.pnpm/jsdom@20.0.3/node_modules/jsdom/lib/jsdom/living/events/EventTarget-impl.js:353:9)
      at invokeEventListeners (../../node_modules/.pnpm/jsdom@20.0.3/node_modules/jsdom/lib/jsdom/living/events/EventTarget-impl.js:286:3)
      at HTMLUnknownElementImpl._dispatch (../../node_modules/.pnpm/jsdom@20.0.3/node_modules/jsdom/lib/jsdom/living/events/EventTarget-impl.js:233:9)
      at HTMLUnknownElementImpl.dispatchEvent (../../node_modules/.pnpm/jsdom@20.0.3/node_modules/jsdom/lib/jsdom/living/events/EventTarget-impl.js:104:17)
      at HTMLUnknownElement.dispatchEvent (../../node_modules/.pnpm/jsdom@20.0.3/node_modules/jsdom/lib/jsdom/living/generated/EventTarget.js:241:34)
      at Object.invokeGuardedCallbackDev (../../node_modules/.pnpm/react-dom@18.3.1_react@18.3.1/node_modules/react-dom/cjs/react-dom.development.js:4213:16)
      at invokeGuardedCallback (../../node_modules/.pnpm/react-dom@18.3.1_react@18.3.1/node_modules/react-dom/cjs/react-dom.development.js:4277:31)
      at beginWork$1 (../../node_modules/.pnpm/react-dom@18.3.1_react@18.3.1/node_modules/react-dom/cjs/react-dom.development.js:27490:7)
      at performUnitOfWork (../../node_modules/.pnpm/react-dom@18.3.1_react@18.3.1/node_modules/react-dom/cjs/react-dom.development.js:26599:12)
      at workLoopSync (../../node_modules/.pnpm/react-dom@18.3.1_react@18.3.1/node_modules/react-dom/cjs/react-dom.development.js:26505:5)
      at renderRootSync (../../node_modules/.pnpm/react-dom@18.3.1_react@18.3.1/node_modules/react-dom/cjs/react-dom.development.js:26473:7)
      at recoverFromConcurrentError (../../node_modules/.pnpm/react-dom@18.3.1_react@18.3.1/node_modules/react-dom/cjs/react-dom.development.js:25889:20)
      at performConcurrentWorkOnRoot (../../node_modules/.pnpm/react-dom@18.3.1_react@18.3.1/node_modules/react-dom/cjs/react-dom.development.js:25789:22)
      at flushActQueue (../../node_modules/.pnpm/react@18.3.1/node_modules/react/cjs/react.development.js:2667:24)
      at act (../../node_modules/.pnpm/react@18.3.1/node_modules/react/cjs/react.development.js:2582:11)
      at ../../node_modules/.pnpm/@testing-library+react@16.3.2_@testing-library+dom@10.4.1_@types+react-dom@18.3.7_@types+reac_3k5f6qynewwmkoqvlvtzlgtsjq/node_modules/@testing-library/react/dist/act-compat.js:46:25
      at renderRoot (../../node_modules/.pnpm/@testing-library+react@16.3.2_@testing-library+dom@10.4.1_@types+react-dom@18.3.7_@types+reac_3k5f6qynewwmkoqvlvtzlgtsjq/node_modules/@testing-library/react/dist/pure.js:189:26)
      at render (../../node_modules/.pnpm/@testing-library+react@16.3.2_@testing-library+dom@10.4.1_@types+react-dom@18.3.7_@types+reac_3k5f6qynewwmkoqvlvtzlgtsjq/node_modules/@testing-library/react/dist/pure.js:291:10)
      at Object.<anonymous> (components/__tests__/permissions-table.test.tsx:110:11)

    console.error
      Error: Uncaught [Error: `Tooltip` must be used within `TooltipProvider`]
          at reportException (/app/node_modules/.pnpm/jsdom@20.0.3/node_modules/jsdom/lib/jsdom/living/helpers/runtime-script-errors.js:66:24)
          at innerInvokeEventListeners (/app/node_modules/.pnpm/jsdom@20.0.3/node_modules/jsdom/lib/jsdom/living/events/EventTarget-impl.js:353:9)
          at invokeEventListeners (/app/node_modules/.pnpm/jsdom@20.0.3/node_modules/jsdom/lib/jsdom/living/events/EventTarget-impl.js:286:3)
          at HTMLUnknownElementImpl._dispatch (/app/node_modules/.pnpm/jsdom@20.0.3/node_modules/jsdom/lib/jsdom/living/events/EventTarget-impl.js:233:9)
          at HTMLUnknownElementImpl.dispatchEvent (/app/node_modules/.pnpm/jsdom@20.0.3/node_modules/jsdom/lib/jsdom/living/events/EventTarget-impl.js:104:17)
          at HTMLUnknownElement.dispatchEvent (/app/node_modules/.pnpm/jsdom@20.0.3/node_modules/jsdom/lib/jsdom/living/generated/EventTarget.js:241:34)
          at Object.invokeGuardedCallbackDev (/app/node_modules/.pnpm/react-dom@18.3.1_react@18.3.1/node_modules/react-dom/cjs/react-dom.development.js:4213:16)
          at invokeGuardedCallback (/app/node_modules/.pnpm/react-dom@18.3.1_react@18.3.1/node_modules/react-dom/cjs/react-dom.development.js:4277:31)
          at beginWork$1 (/app/node_modules/.pnpm/react-dom@18.3.1_react@18.3.1/node_modules/react-dom/cjs/react-dom.development.js:27490:7)
          at performUnitOfWork (/app/node_modules/.pnpm/react-dom@18.3.1_react@18.3.1/node_modules/react-dom/cjs/react-dom.development.js:26599:12)
          at workLoopSync (/app/node_modules/.pnpm/react-dom@18.3.1_react@18.3.1/node_modules/react-dom/cjs/react-dom.development.js:26505:5)
          at renderRootSync (/app/node_modules/.pnpm/react-dom@18.3.1_react@18.3.1/node_modules/react-dom/cjs/react-dom.development.js:26473:7)
          at recoverFromConcurrentError (/app/node_modules/.pnpm/react-dom@18.3.1_react@18.3.1/node_modules/react-dom/cjs/react-dom.development.js:25889:20)
          at performConcurrentWorkOnRoot (/app/node_modules/.pnpm/react-dom@18.3.1_react@18.3.1/node_modules/react-dom/cjs/react-dom.development.js:25789:22)
          at flushActQueue (/app/node_modules/.pnpm/react@18.3.1/node_modules/react/cjs/react.development.js:2667:24)
          at act (/app/node_modules/.pnpm/react@18.3.1/node_modules/react/cjs/react.development.js:2582:11)
          at /app/node_modules/.pnpm/@testing-library+react@16.3.2_@testing-library+dom@10.4.1_@types+react-dom@18.3.7_@types+reac_3k5f6qynewwmkoqvlvtzlgtsjq/node_modules/@testing-library/react/dist/act-compat.js:46:25
          at renderRoot (/app/node_modules/.pnpm/@testing-library+react@16.3.2_@testing-library+dom@10.4.1_@types+react-dom@18.3.7_@types+reac_3k5f6qynewwmkoqvlvtzlgtsjq/node_modules/@testing-library/react/dist/pure.js:189:26)
          at render (/app/node_modules/.pnpm/@testing-library+react@16.3.2_@testing-library+dom@10.4.1_@types+react-dom@18.3.7_@types+reac_3k5f6qynewwmkoqvlvtzlgtsjq/node_modules/@testing-library/react/dist/pure.js:291:10)
          at Object.<anonymous> (/app/apps/admin/components/__tests__/permissions-table.test.tsx:110:11)
          at Promise.then.completed (/app/node_modules/.pnpm/jest-circus@29.7.0/node_modules/jest-circus/build/utils.js:298:28)
          at new Promise (<anonymous>)
          at callAsyncCircusFn (/app/node_modules/.pnpm/jest-circus@29.7.0/node_modules/jest-circus/build/utils.js:231:10)
          at _callCircusTest (/app/node_modules/.pnpm/jest-circus@29.7.0/node_modules/jest-circus/build/run.js:316:40)
          at processTicksAndRejections (node:internal/process/task_queues:103:5)
          at _runTest (/app/node_modules/.pnpm/jest-circus@29.7.0/node_modules/jest-circus/build/run.js:252:3)
          at _runTestsForDescribeBlock (/app/node_modules/.pnpm/jest-circus@29.7.0/node_modules/jest-circus/build/run.js:126:9)
          at _runTestsForDescribeBlock (/app/node_modules/.pnpm/jest-circus@29.7.0/node_modules/jest-circus/build/run.js:121:9)
          at run (/app/node_modules/.pnpm/jest-circus@29.7.0/node_modules/jest-circus/build/run.js:71:3)
          at runAndTransformResultsToJestFormat (/app/node_modules/.pnpm/jest-circus@29.7.0/node_modules/jest-circus/build/legacy-code-todo-rewrite/jestAdapterInit.js:122:21)
          at jestAdapter (/app/node_modules/.pnpm/jest-circus@29.7.0/node_modules/jest-circus/build/legacy-code-todo-rewrite/jestAdapter.js:79:19)
          at runTestInternal (/app/node_modules/.pnpm/jest-runner@29.7.0/node_modules/jest-runner/build/runTest.js:367:16)
          at runTest (/app/node_modules/.pnpm/jest-runner@29.7.0/node_modules/jest-runner/build/runTest.js:444:34)
          at Object.worker (/app/node_modules/.pnpm/jest-runner@29.7.0/node_modules/jest-runner/build/testWorker.js:106:12) {
        detail: Error: `Tooltip` must be used within `TooltipProvider`
            at useContext2 (/app/node_modules/.pnpm/@radix-ui+react-context@1.1.2_@types+react@18.3.29_react@18.3.1/node_modules/@radix-ui/react-context/src/create-context.tsx:75:13)
            at Tooltip (/app/node_modules/.pnpm/@radix-ui+react-tooltip@1.2.8_@types+react-dom@18.3.7_@types+react@18.3.29__@types+react@18.3_xrwsnt2rmlacewwolijhmzdoxi/node_modules/@radix-ui/react-tooltip/src/tooltip.tsx:162:27)
            at renderWithHooks (/app/node_modules/.pnpm/react-dom@18.3.1_react@18.3.1/node_modules/react-dom/cjs/react-dom.development.js:15486:18)
            at mountIndeterminateComponent (/app/node_modules/.pnpm/react-dom@18.3.1_react@18.3.1/node_modules/react-dom/cjs/react-dom.development.js:20103:13)
            at beginWork (/app/node_modules/.pnpm/react-dom@18.3.1_react@18.3.1/node_modules/react-dom/cjs/react-dom.development.js:21626:16)
            at HTMLUnknownElement.callCallback (/app/node_modules/.pnpm/react-dom@18.3.1_react@18.3.1/node_modules/react-dom/cjs/react-dom.development.js:4164:14)
            at HTMLUnknownElement.callTheUserObjectsOperation (/app/node_modules/.pnpm/jsdom@20.0.3/node_modules/jsdom/lib/jsdom/living/generated/EventListener.js:26:30)
            at innerInvokeEventListeners (/app/node_modules/.pnpm/jsdom@20.0.3/node_modules/jsdom/lib/jsdom/living/events/EventTarget-impl.js:350:25)
            at invokeEventListeners (/app/node_modules/.pnpm/jsdom@20.0.3/node_modules/jsdom/lib/jsdom/living/events/EventTarget-impl.js:286:3)
            at HTMLUnknownElementImpl._dispatch (/app/node_modules/.pnpm/jsdom@20.0.3/node_modules/jsdom/lib/jsdom/living/events/EventTarget-impl.js:233:9)
            at HTMLUnknownElementImpl.dispatchEvent (/app/node_modules/.pnpm/jsdom@20.0.3/node_modules/jsdom/lib/jsdom/living/events/EventTarget-impl.js:104:17)
            at HTMLUnknownElement.dispatchEvent (/app/node_modules/.pnpm/jsdom@20.0.3/node_modules/jsdom/lib/jsdom/living/generated/EventTarget.js:241:34)
            at Object.invokeGuardedCallbackDev (/app/node_modules/.pnpm/react-dom@18.3.1_react@18.3.1/node_modules/react-dom/cjs/react-dom.development.js:4213:16)
            at invokeGuardedCallback (/app/node_modules/.pnpm/react-dom@18.3.1_react@18.3.1/node_modules/react-dom/cjs/react-dom.development.js:4277:31)
            at beginWork$1 (/app/node_modules/.pnpm/react-dom@18.3.1_react@18.3.1/node_modules/react-dom/cjs/react-dom.development.js:27490:7)
            at performUnitOfWork (/app/node_modules/.pnpm/react-dom@18.3.1_react@18.3.1/node_modules/react-dom/cjs/react-dom.development.js:26599:12)
            at workLoopSync (/app/node_modules/.pnpm/react-dom@18.3.1_react@18.3.1/node_modules/react-dom/cjs/react-dom.development.js:26505:5)
            at renderRootSync (/app/node_modules/.pnpm/react-dom@18.3.1_react@18.3.1/node_modules/react-dom/cjs/react-dom.development.js:26473:7)
            at recoverFromConcurrentError (/app/node_modules/.pnpm/react-dom@18.3.1_react@18.3.1/node_modules/react-dom/cjs/react-dom.development.js:25889:20)
            at performConcurrentWorkOnRoot (/app/node_modules/.pnpm/react-dom@18.3.1_react@18.3.1/node_modules/react-dom/cjs/react-dom.development.js:25789:22)
            at flushActQueue (/app/node_modules/.pnpm/react@18.3.1/node_modules/react/cjs/react.development.js:2667:24)
            at act (/app/node_modules/.pnpm/react@18.3.1/node_modules/react/cjs/react.development.js:2582:11)
            at /app/node_modules/.pnpm/@testing-library+react@16.3.2_@testing-library+dom@10.4.1_@types+react-dom@18.3.7_@types+reac_3k5f6qynewwmkoqvlvtzlgtsjq/node_modules/@testing-library/react/dist/act-compat.js:46:25
            at renderRoot (/app/node_modules/.pnpm/@testing-library+react@16.3.2_@testing-library+dom@10.4.1_@types+react-dom@18.3.7_@types+reac_3k5f6qynewwmkoqvlvtzlgtsjq/node_modules/@testing-library/react/dist/pure.js:189:26)
            at render (/app/node_modules/.pnpm/@testing-library+react@16.3.2_@testing-library+dom@10.4.1_@types+react-dom@18.3.7_@types+reac_3k5f6qynewwmkoqvlvtzlgtsjq/node_modules/@testing-library/react/dist/pure.js:291:10)
            at Object.<anonymous> (/app/apps/admin/components/__tests__/permissions-table.test.tsx:110:11)
            at Promise.then.completed (/app/node_modules/.pnpm/jest-circus@29.7.0/node_modules/jest-circus/build/utils.js:298:28)
            at new Promise (<anonymous>)
            at callAsyncCircusFn (/app/node_modules/.pnpm/jest-circus@29.7.0/node_modules/jest-circus/build/utils.js:231:10)
            at _callCircusTest (/app/node_modules/.pnpm/jest-circus@29.7.0/node_modules/jest-circus/build/run.js:316:40)
            at processTicksAndRejections (node:internal/process/task_queues:103:5)
            at _runTest (/app/node_modules/.pnpm/jest-circus@29.7.0/node_modules/jest-circus/build/run.js:252:3)
            at _runTestsForDescribeBlock (/app/node_modules/.pnpm/jest-circus@29.7.0/node_modules/jest-circus/build/run.js:126:9)
            at _runTestsForDescribeBlock (/app/node_modules/.pnpm/jest-circus@29.7.0/node_modules/jest-circus/build/run.js:121:9)
            at run (/app/node_modules/.pnpm/jest-circus@29.7.0/node_modules/jest-circus/build/run.js:71:3)
            at runAndTransformResultsToJestFormat (/app/node_modules/.pnpm/jest-circus@29.7.0/node_modules/jest-circus/build/legacy-code-todo-rewrite/jestAdapterInit.js:122:21)
            at jestAdapter (/app/node_modules/.pnpm/jest-circus@29.7.0/node_modules/jest-circus/build/legacy-code-todo-rewrite/jestAdapter.js:79:19)
            at runTestInternal (/app/node_modules/.pnpm/jest-runner@29.7.0/node_modules/jest-runner/build/runTest.js:367:16)
            at runTest (/app/node_modules/.pnpm/jest-runner@29.7.0/node_modules/jest-runner/build/runTest.js:444:34)
            at Object.worker (/app/node_modules/.pnpm/jest-runner@29.7.0/node_modules/jest-runner/build/testWorker.js:106:12),
        type: 'unhandled exception'
      }

      108 |     jest.useFakeTimers()
      109 |     ;(actions.listPermissionsAction as jest.Mock).mockResolvedValue({ items: [], total: 0, page: 1, pageSize: 25 })
    > 110 |     render(withIntl(<PermissionsTable initial={initial} apps={apps} />))
          |           ^
      111 |     fireEvent.change(screen.getByLabelText(en.permissions.filter.appLabel), { target: { value: 'sq_a1' } })
      112 |     jest.advanceTimersByTime(400)
      113 |     await waitFor(() => expect(actions.listPermissionsAction).toHaveBeenCalledWith({ appId: 'sq_a1', page: 1, pageSize: 25 }))

      at VirtualConsole.<anonymous> (../../node_modules/.pnpm/jest-environment-jsdom@29.7.0/node_modules/jest-environment-jsdom/build/index.js:63:23)
      at reportException (../../node_modules/.pnpm/jsdom@20.0.3/node_modules/jsdom/lib/jsdom/living/helpers/runtime-script-errors.js:70:28)
      at innerInvokeEventListeners (../../node_modules/.pnpm/jsdom@20.0.3/node_modules/jsdom/lib/jsdom/living/events/EventTarget-impl.js:353:9)
      at invokeEventListeners (../../node_modules/.pnpm/jsdom@20.0.3/node_modules/jsdom/lib/jsdom/living/events/EventTarget-impl.js:286:3)
      at HTMLUnknownElementImpl._dispatch (../../node_modules/.pnpm/jsdom@20.0.3/node_modules/jsdom/lib/jsdom/living/events/EventTarget-impl.js:233:9)
      at HTMLUnknownElementImpl.dispatchEvent (../../node_modules/.pnpm/jsdom@20.0.3/node_modules/jsdom/lib/jsdom/living/events/EventTarget-impl.js:104:17)
      at HTMLUnknownElement.dispatchEvent (../../node_modules/.pnpm/jsdom@20.0.3/node_modules/jsdom/lib/jsdom/living/generated/EventTarget.js:241:34)
      at Object.invokeGuardedCallbackDev (../../node_modules/.pnpm/react-dom@18.3.1_react@18.3.1/node_modules/react-dom/cjs/react-dom.development.js:4213:16)
      at invokeGuardedCallback (../../node_modules/.pnpm/react-dom@18.3.1_react@18.3.1/node_modules/react-dom/cjs/react-dom.development.js:4277:31)
      at beginWork$1 (../../node_modules/.pnpm/react-dom@18.3.1_react@18.3.1/node_modules/react-dom/cjs/react-dom.development.js:27490:7)
      at performUnitOfWork (../../node_modules/.pnpm/react-dom@18.3.1_react@18.3.1/node_modules/react-dom/cjs/react-dom.development.js:26599:12)
      at workLoopSync (../../node_modules/.pnpm/react-dom@18.3.1_react@18.3.1/node_modules/react-dom/cjs/react-dom.development.js:26505:5)
      at renderRootSync (../../node_modules/.pnpm/react-dom@18.3.1_react@18.3.1/node_modules/react-dom/cjs/react-dom.development.js:26473:7)
      at recoverFromConcurrentError (../../node_modules/.pnpm/react-dom@18.3.1_react@18.3.1/node_modules/react-dom/cjs/react-dom.development.js:25889:20)
      at performConcurrentWorkOnRoot (../../node_modules/.pnpm/react-dom@18.3.1_react@18.3.1/node_modules/react-dom/cjs/react-dom.development.js:25789:22)
      at flushActQueue (../../node_modules/.pnpm/react@18.3.1/node_modules/react/cjs/react.development.js:2667:24)
      at act (../../node_modules/.pnpm/react@18.3.1/node_modules/react/cjs/react.development.js:2582:11)
      at ../../node_modules/.pnpm/@testing-library+react@16.3.2_@testing-library+dom@10.4.1_@types+react-dom@18.3.7_@types+reac_3k5f6qynewwmkoqvlvtzlgtsjq/node_modules/@testing-library/react/dist/act-compat.js:46:25
      at renderRoot (../../node_modules/.pnpm/@testing-library+react@16.3.2_@testing-library+dom@10.4.1_@types+react-dom@18.3.7_@types+reac_3k5f6qynewwmkoqvlvtzlgtsjq/node_modules/@testing-library/react/dist/pure.js:189:26)
      at render (../../node_modules/.pnpm/@testing-library+react@16.3.2_@testing-library+dom@10.4.1_@types+react-dom@18.3.7_@types+reac_3k5f6qynewwmkoqvlvtzlgtsjq/node_modules/@testing-library/react/dist/pure.js:291:10)
      at Object.<anonymous> (components/__tests__/permissions-table.test.tsx:110:11)

    console.error
      The above error occurred in the <Tooltip> component:

          at Tooltip (/app/node_modules/.pnpm/@radix-ui+react-tooltip@1.2.8_@types+react-dom@18.3.7_@types+react@18.3.29__@types+react@18.3_xrwsnt2rmlacewwolijhmzdoxi/node_modules/@radix-ui/react-tooltip/src/tooltip.tsx:154:5)
          at div
          at cell (/app/apps/admin/components/permissions-table.tsx:83:16)
          at td
          at /app/packages/ui/src/components/ui/table.tsx:87:6
          at tr
          at /app/packages/ui/src/components/ui/table.tsx:57:6
          at tbody
          at /app/packages/ui/src/components/ui/table.tsx:30:6
          at table
          at div
          at /app/packages/ui/src/components/ui/table.tsx:8:6
          at DataTable (/app/packages/ui/src/components/data-table.tsx:23:36)
          at div
          at PermissionsTable (/app/apps/admin/components/permissions-table.tsx:22:36)
          at IntlProvider (/app/node_modules/.pnpm/use-intl@3.26.5_react@18.3.1/node_modules/use-intl/dist/development/_IntlProvider.js:16:5)
          at NextIntlClientProvider (/app/node_modules/.pnpm/next-intl@3.26.5_next@15.5.18_@babel+core@7.29.7_@opentelemetry+api@1.9.1_@playwright+test@1._uib3rlo2eksg3yll53rffkx7ea/node_modules/next-intl/dist/development/shared/NextIntlClientProvider.js:16:5)

      Consider adding an error boundary to your tree to customize error handling behavior.
      Visit https://reactjs.org/link/error-boundaries to learn more about error boundaries.

      108 |     jest.useFakeTimers()
      109 |     ;(actions.listPermissionsAction as jest.Mock).mockResolvedValue({ items: [], total: 0, page: 1, pageSize: 25 })
    > 110 |     render(withIntl(<PermissionsTable initial={initial} apps={apps} />))
          |           ^
      111 |     fireEvent.change(screen.getByLabelText(en.permissions.filter.appLabel), { target: { value: 'sq_a1' } })
      112 |     jest.advanceTimersByTime(400)
      113 |     await waitFor(() => expect(actions.listPermissionsAction).toHaveBeenCalledWith({ appId: 'sq_a1', page: 1, pageSize: 25 }))

      at logCapturedError (../../node_modules/.pnpm/react-dom@18.3.1_react@18.3.1/node_modules/react-dom/cjs/react-dom.development.js:18704:23)
      at update.callback (../../node_modules/.pnpm/react-dom@18.3.1_react@18.3.1/node_modules/react-dom/cjs/react-dom.development.js:18737:5)
      at callCallback (../../node_modules/.pnpm/react-dom@18.3.1_react@18.3.1/node_modules/react-dom/cjs/react-dom.development.js:15036:12)
      at commitUpdateQueue (../../node_modules/.pnpm/react-dom@18.3.1_react@18.3.1/node_modules/react-dom/cjs/react-dom.development.js:15057:9)
      at commitLayoutEffectOnFiber (../../node_modules/.pnpm/react-dom@18.3.1_react@18.3.1/node_modules/react-dom/cjs/react-dom.development.js:23430:13)
      at commitLayoutMountEffects_complete (../../node_modules/.pnpm/react-dom@18.3.1_react@18.3.1/node_modules/react-dom/cjs/react-dom.development.js:24727:9)
      at commitLayoutEffects_begin (../../node_modules/.pnpm/react-dom@18.3.1_react@18.3.1/node_modules/react-dom/cjs/react-dom.development.js:24713:7)
      at commitLayoutEffects (../../node_modules/.pnpm/react-dom@18.3.1_react@18.3.1/node_modules/react-dom/cjs/react-dom.development.js:24651:3)
      at commitRootImpl (../../node_modules/.pnpm/react-dom@18.3.1_react@18.3.1/node_modules/react-dom/cjs/react-dom.development.js:26862:5)
      at commitRoot (../../node_modules/.pnpm/react-dom@18.3.1_react@18.3.1/node_modules/react-dom/cjs/react-dom.development.js:26721:5)
      at finishConcurrentRender (../../node_modules/.pnpm/react-dom@18.3.1_react@18.3.1/node_modules/react-dom/cjs/react-dom.development.js:25931:9)
      at performConcurrentWorkOnRoot (../../node_modules/.pnpm/react-dom@18.3.1_react@18.3.1/node_modules/react-dom/cjs/react-dom.development.js:25848:7)
      at flushActQueue (../../node_modules/.pnpm/react@18.3.1/node_modules/react/cjs/react.development.js:2667:24)
      at act (../../node_modules/.pnpm/react@18.3.1/node_modules/react/cjs/react.development.js:2582:11)
      at ../../node_modules/.pnpm/@testing-library+react@16.3.2_@testing-library+dom@10.4.1_@types+react-dom@18.3.7_@types+reac_3k5f6qynewwmkoqvlvtzlgtsjq/node_modules/@testing-library/react/dist/act-compat.js:46:25
      at renderRoot (../../node_modules/.pnpm/@testing-library+react@16.3.2_@testing-library+dom@10.4.1_@types+react-dom@18.3.7_@types+reac_3k5f6qynewwmkoqvlvtzlgtsjq/node_modules/@testing-library/react/dist/pure.js:189:26)
      at render (../../node_modules/.pnpm/@testing-library+react@16.3.2_@testing-library+dom@10.4.1_@types+react-dom@18.3.7_@types+reac_3k5f6qynewwmkoqvlvtzlgtsjq/node_modules/@testing-library/react/dist/pure.js:291:10)
      at Object.<anonymous> (components/__tests__/permissions-table.test.tsx:110:11)

    console.error
      The above error occurred in the <Tooltip> component:

          at Tooltip (/app/node_modules/.pnpm/@radix-ui+react-tooltip@1.2.8_@types+react-dom@18.3.7_@types+react@18.3.29__@types+react@18.3_xrwsnt2rmlacewwolijhmzdoxi/node_modules/@radix-ui/react-tooltip/src/tooltip.tsx:154:5)
          at Passthrough (/app/apps/admin/components/__tests__/permissions-table.test.tsx:17:26)
          at cell (/app/apps/admin/components/permissions-table.tsx:124:16)
          at td
          at /app/packages/ui/src/components/ui/table.tsx:87:6
          at tr
          at /app/packages/ui/src/components/ui/table.tsx:57:6
          at tbody
          at /app/packages/ui/src/components/ui/table.tsx:30:6
          at table
          at div
          at /app/packages/ui/src/components/ui/table.tsx:8:6
          at DataTable (/app/packages/ui/src/components/data-table.tsx:23:36)
          at div
          at PermissionsTable (/app/apps/admin/components/permissions-table.tsx:22:36)
          at IntlProvider (/app/node_modules/.pnpm/use-intl@3.26.5_react@18.3.1/node_modules/use-intl/dist/development/_IntlProvider.js:16:5)
          at NextIntlClientProvider (/app/node_modules/.pnpm/next-intl@3.26.5_next@15.5.18_@babel+core@7.29.7_@opentelemetry+api@1.9.1_@playwright+test@1._uib3rlo2eksg3yll53rffkx7ea/node_modules/next-intl/dist/development/shared/NextIntlClientProvider.js:16:5)

      Consider adding an error boundary to your tree to customize error handling behavior.
      Visit https://reactjs.org/link/error-boundaries to learn more about error boundaries.

      108 |     jest.useFakeTimers()
      109 |     ;(actions.listPermissionsAction as jest.Mock).mockResolvedValue({ items: [], total: 0, page: 1, pageSize: 25 })
    > 110 |     render(withIntl(<PermissionsTable initial={initial} apps={apps} />))
          |           ^
      111 |     fireEvent.change(screen.getByLabelText(en.permissions.filter.appLabel), { target: { value: 'sq_a1' } })
      112 |     jest.advanceTimersByTime(400)
      113 |     await waitFor(() => expect(actions.listPermissionsAction).toHaveBeenCalledWith({ appId: 'sq_a1', page: 1, pageSize: 25 }))

      at logCapturedError (../../node_modules/.pnpm/react-dom@18.3.1_react@18.3.1/node_modules/react-dom/cjs/react-dom.development.js:18704:23)
      at update.callback (../../node_modules/.pnpm/react-dom@18.3.1_react@18.3.1/node_modules/react-dom/cjs/react-dom.development.js:18737:5)
      at callCallback (../../node_modules/.pnpm/react-dom@18.3.1_react@18.3.1/node_modules/react-dom/cjs/react-dom.development.js:15036:12)
      at commitUpdateQueue (../../node_modules/.pnpm/react-dom@18.3.1_react@18.3.1/node_modules/react-dom/cjs/react-dom.development.js:15057:9)
      at commitLayoutEffectOnFiber (../../node_modules/.pnpm/react-dom@18.3.1_react@18.3.1/node_modules/react-dom/cjs/react-dom.development.js:23430:13)
      at commitLayoutMountEffects_complete (../../node_modules/.pnpm/react-dom@18.3.1_react@18.3.1/node_modules/react-dom/cjs/react-dom.development.js:24727:9)
      at commitLayoutEffects_begin (../../node_modules/.pnpm/react-dom@18.3.1_react@18.3.1/node_modules/react-dom/cjs/react-dom.development.js:24713:7)
      at commitLayoutEffects (../../node_modules/.pnpm/react-dom@18.3.1_react@18.3.1/node_modules/react-dom/cjs/react-dom.development.js:24651:3)
      at commitRootImpl (../../node_modules/.pnpm/react-dom@18.3.1_react@18.3.1/node_modules/react-dom/cjs/react-dom.development.js:26862:5)
      at commitRoot (../../node_modules/.pnpm/react-dom@18.3.1_react@18.3.1/node_modules/react-dom/cjs/react-dom.development.js:26721:5)
      at finishConcurrentRender (../../node_modules/.pnpm/react-dom@18.3.1_react@18.3.1/node_modules/react-dom/cjs/react-dom.development.js:25931:9)
      at performConcurrentWorkOnRoot (../../node_modules/.pnpm/react-dom@18.3.1_react@18.3.1/node_modules/react-dom/cjs/react-dom.development.js:25848:7)
      at flushActQueue (../../node_modules/.pnpm/react@18.3.1/node_modules/react/cjs/react.development.js:2667:24)
      at act (../../node_modules/.pnpm/react@18.3.1/node_modules/react/cjs/react.development.js:2582:11)
      at ../../node_modules/.pnpm/@testing-library+react@16.3.2_@testing-library+dom@10.4.1_@types+react-dom@18.3.7_@types+reac_3k5f6qynewwmkoqvlvtzlgtsjq/node_modules/@testing-library/react/dist/act-compat.js:46:25
      at renderRoot (../../node_modules/.pnpm/@testing-library+react@16.3.2_@testing-library+dom@10.4.1_@types+react-dom@18.3.7_@types+reac_3k5f6qynewwmkoqvlvtzlgtsjq/node_modules/@testing-library/react/dist/pure.js:189:26)
      at render (../../node_modules/.pnpm/@testing-library+react@16.3.2_@testing-library+dom@10.4.1_@types+react-dom@18.3.7_@types+reac_3k5f6qynewwmkoqvlvtzlgtsjq/node_modules/@testing-library/react/dist/pure.js:291:10)
      at Object.<anonymous> (components/__tests__/permissions-table.test.tsx:110:11)

    console.error
      The above error occurred in the <Tooltip> component:

          at Tooltip (/app/node_modules/.pnpm/@radix-ui+react-tooltip@1.2.8_@types+react-dom@18.3.7_@types+react@18.3.29__@types+react@18.3_xrwsnt2rmlacewwolijhmzdoxi/node_modules/@radix-ui/react-tooltip/src/tooltip.tsx:154:5)
          at div
          at cell (/app/apps/admin/components/permissions-table.tsx:83:16)
          at td
          at /app/packages/ui/src/components/ui/table.tsx:87:6
          at tr
          at /app/packages/ui/src/components/ui/table.tsx:57:6
          at tbody
          at /app/packages/ui/src/components/ui/table.tsx:30:6
          at table
          at div
          at /app/packages/ui/src/components/ui/table.tsx:8:6
          at DataTable (/app/packages/ui/src/components/data-table.tsx:23:36)
          at div
          at PermissionsTable (/app/apps/admin/components/permissions-table.tsx:22:36)
          at IntlProvider (/app/node_modules/.pnpm/use-intl@3.26.5_react@18.3.1/node_modules/use-intl/dist/development/_IntlProvider.js:16:5)
          at NextIntlClientProvider (/app/node_modules/.pnpm/next-intl@3.26.5_next@15.5.18_@babel+core@7.29.7_@opentelemetry+api@1.9.1_@playwright+test@1._uib3rlo2eksg3yll53rffkx7ea/node_modules/next-intl/dist/development/shared/NextIntlClientProvider.js:16:5)

      Consider adding an error boundary to your tree to customize error handling behavior.
      Visit https://reactjs.org/link/error-boundaries to learn more about error boundaries.

      108 |     jest.useFakeTimers()
      109 |     ;(actions.listPermissionsAction as jest.Mock).mockResolvedValue({ items: [], total: 0, page: 1, pageSize: 25 })
    > 110 |     render(withIntl(<PermissionsTable initial={initial} apps={apps} />))
          |           ^
      111 |     fireEvent.change(screen.getByLabelText(en.permissions.filter.appLabel), { target: { value: 'sq_a1' } })
      112 |     jest.advanceTimersByTime(400)
      113 |     await waitFor(() => expect(actions.listPermissionsAction).toHaveBeenCalledWith({ appId: 'sq_a1', page: 1, pageSize: 25 }))

      at logCapturedError (../../node_modules/.pnpm/react-dom@18.3.1_react@18.3.1/node_modules/react-dom/cjs/react-dom.development.js:18704:23)
      at update.callback (../../node_modules/.pnpm/react-dom@18.3.1_react@18.3.1/node_modules/react-dom/cjs/react-dom.development.js:18737:5)
      at callCallback (../../node_modules/.pnpm/react-dom@18.3.1_react@18.3.1/node_modules/react-dom/cjs/react-dom.development.js:15036:12)
      at commitUpdateQueue (../../node_modules/.pnpm/react-dom@18.3.1_react@18.3.1/node_modules/react-dom/cjs/react-dom.development.js:15057:9)
      at commitLayoutEffectOnFiber (../../node_modules/.pnpm/react-dom@18.3.1_react@18.3.1/node_modules/react-dom/cjs/react-dom.development.js:23430:13)
      at commitLayoutMountEffects_complete (../../node_modules/.pnpm/react-dom@18.3.1_react@18.3.1/node_modules/react-dom/cjs/react-dom.development.js:24727:9)
      at commitLayoutEffects_begin (../../node_modules/.pnpm/react-dom@18.3.1_react@18.3.1/node_modules/react-dom/cjs/react-dom.development.js:24713:7)
      at commitLayoutEffects (../../node_modules/.pnpm/react-dom@18.3.1_react@18.3.1/node_modules/react-dom/cjs/react-dom.development.js:24651:3)
      at commitRootImpl (../../node_modules/.pnpm/react-dom@18.3.1_react@18.3.1/node_modules/react-dom/cjs/react-dom.development.js:26862:5)
      at commitRoot (../../node_modules/.pnpm/react-dom@18.3.1_react@18.3.1/node_modules/react-dom/cjs/react-dom.development.js:26721:5)
      at finishConcurrentRender (../../node_modules/.pnpm/react-dom@18.3.1_react@18.3.1/node_modules/react-dom/cjs/react-dom.development.js:25931:9)
      at performConcurrentWorkOnRoot (../../node_modules/.pnpm/react-dom@18.3.1_react@18.3.1/node_modules/react-dom/cjs/react-dom.development.js:25848:7)
      at flushActQueue (../../node_modules/.pnpm/react@18.3.1/node_modules/react/cjs/react.development.js:2667:24)
      at act (../../node_modules/.pnpm/react@18.3.1/node_modules/react/cjs/react.development.js:2582:11)
      at ../../node_modules/.pnpm/@testing-library+react@16.3.2_@testing-library+dom@10.4.1_@types+react-dom@18.3.7_@types+reac_3k5f6qynewwmkoqvlvtzlgtsjq/node_modules/@testing-library/react/dist/act-compat.js:46:25
      at renderRoot (../../node_modules/.pnpm/@testing-library+react@16.3.2_@testing-library+dom@10.4.1_@types+react-dom@18.3.7_@types+reac_3k5f6qynewwmkoqvlvtzlgtsjq/node_modules/@testing-library/react/dist/pure.js:189:26)
      at render (../../node_modules/.pnpm/@testing-library+react@16.3.2_@testing-library+dom@10.4.1_@types+react-dom@18.3.7_@types+reac_3k5f6qynewwmkoqvlvtzlgtsjq/node_modules/@testing-library/react/dist/pure.js:291:10)
      at Object.<anonymous> (components/__tests__/permissions-table.test.tsx:110:11)

    console.error
      The above error occurred in the <Tooltip> component:

          at Tooltip (/app/node_modules/.pnpm/@radix-ui+react-tooltip@1.2.8_@types+react-dom@18.3.7_@types+react@18.3.29__@types+react@18.3_xrwsnt2rmlacewwolijhmzdoxi/node_modules/@radix-ui/react-tooltip/src/tooltip.tsx:154:5)
          at Passthrough (/app/apps/admin/components/__tests__/permissions-table.test.tsx:17:26)
          at cell (/app/apps/admin/components/permissions-table.tsx:124:16)
          at td
          at /app/packages/ui/src/components/ui/table.tsx:87:6
          at tr
          at /app/packages/ui/src/components/ui/table.tsx:57:6
          at tbody
          at /app/packages/ui/src/components/ui/table.tsx:30:6
          at table
          at div
          at /app/packages/ui/src/components/ui/table.tsx:8:6
          at DataTable (/app/packages/ui/src/components/data-table.tsx:23:36)
          at div
          at PermissionsTable (/app/apps/admin/components/permissions-table.tsx:22:36)
          at IntlProvider (/app/node_modules/.pnpm/use-intl@3.26.5_react@18.3.1/node_modules/use-intl/dist/development/_IntlProvider.js:16:5)
          at NextIntlClientProvider (/app/node_modules/.pnpm/next-intl@3.26.5_next@15.5.18_@babel+core@7.29.7_@opentelemetry+api@1.9.1_@playwright+test@1._uib3rlo2eksg3yll53rffkx7ea/node_modules/next-intl/dist/development/shared/NextIntlClientProvider.js:16:5)

      Consider adding an error boundary to your tree to customize error handling behavior.
      Visit https://reactjs.org/link/error-boundaries to learn more about error boundaries.

      108 |     jest.useFakeTimers()
      109 |     ;(actions.listPermissionsAction as jest.Mock).mockResolvedValue({ items: [], total: 0, page: 1, pageSize: 25 })
    > 110 |     render(withIntl(<PermissionsTable initial={initial} apps={apps} />))
          |           ^
      111 |     fireEvent.change(screen.getByLabelText(en.permissions.filter.appLabel), { target: { value: 'sq_a1' } })
      112 |     jest.advanceTimersByTime(400)
      113 |     await waitFor(() => expect(actions.listPermissionsAction).toHaveBeenCalledWith({ appId: 'sq_a1', page: 1, pageSize: 25 }))

      at logCapturedError (../../node_modules/.pnpm/react-dom@18.3.1_react@18.3.1/node_modules/react-dom/cjs/react-dom.development.js:18704:23)
      at update.callback (../../node_modules/.pnpm/react-dom@18.3.1_react@18.3.1/node_modules/react-dom/cjs/react-dom.development.js:18737:5)
      at callCallback (../../node_modules/.pnpm/react-dom@18.3.1_react@18.3.1/node_modules/react-dom/cjs/react-dom.development.js:15036:12)
      at commitUpdateQueue (../../node_modules/.pnpm/react-dom@18.3.1_react@18.3.1/node_modules/react-dom/cjs/react-dom.development.js:15057:9)
      at commitLayoutEffectOnFiber (../../node_modules/.pnpm/react-dom@18.3.1_react@18.3.1/node_modules/react-dom/cjs/react-dom.development.js:23430:13)
      at commitLayoutMountEffects_complete (../../node_modules/.pnpm/react-dom@18.3.1_react@18.3.1/node_modules/react-dom/cjs/react-dom.development.js:24727:9)
      at commitLayoutEffects_begin (../../node_modules/.pnpm/react-dom@18.3.1_react@18.3.1/node_modules/react-dom/cjs/react-dom.development.js:24713:7)
      at commitLayoutEffects (../../node_modules/.pnpm/react-dom@18.3.1_react@18.3.1/node_modules/react-dom/cjs/react-dom.development.js:24651:3)
      at commitRootImpl (../../node_modules/.pnpm/react-dom@18.3.1_react@18.3.1/node_modules/react-dom/cjs/react-dom.development.js:26862:5)
      at commitRoot (../../node_modules/.pnpm/react-dom@18.3.1_react@18.3.1/node_modules/react-dom/cjs/react-dom.development.js:26721:5)
      at finishConcurrentRender (../../node_modules/.pnpm/react-dom@18.3.1_react@18.3.1/node_modules/react-dom/cjs/react-dom.development.js:25931:9)
      at performConcurrentWorkOnRoot (../../node_modules/.pnpm/react-dom@18.3.1_react@18.3.1/node_modules/react-dom/cjs/react-dom.development.js:25848:7)
      at flushActQueue (../../node_modules/.pnpm/react@18.3.1/node_modules/react/cjs/react.development.js:2667:24)
      at act (../../node_modules/.pnpm/react@18.3.1/node_modules/react/cjs/react.development.js:2582:11)
      at ../../node_modules/.pnpm/@testing-library+react@16.3.2_@testing-library+dom@10.4.1_@types+react-dom@18.3.7_@types+reac_3k5f6qynewwmkoqvlvtzlgtsjq/node_modules/@testing-library/react/dist/act-compat.js:46:25
      at renderRoot (../../node_modules/.pnpm/@testing-library+react@16.3.2_@testing-library+dom@10.4.1_@types+react-dom@18.3.7_@types+reac_3k5f6qynewwmkoqvlvtzlgtsjq/node_modules/@testing-library/react/dist/pure.js:189:26)
      at render (../../node_modules/.pnpm/@testing-library+react@16.3.2_@testing-library+dom@10.4.1_@types+react-dom@18.3.7_@types+reac_3k5f6qynewwmkoqvlvtzlgtsjq/node_modules/@testing-library/react/dist/pure.js:291:10)
      at Object.<anonymous> (components/__tests__/permissions-table.test.tsx:110:11)

  ● PermissionsTable › renders rows with names and the Platform badge for platform.*

    `Tooltip` must be used within `TooltipProvider`

      53 |
      54 |   it('renders rows with names and the Platform badge for platform.*', () => {
    > 55 |     render(withIntl(<PermissionsTable initial={initial} apps={apps} />))
         |           ^
      56 |     expect(screen.getByText('apps.read')).toBeInTheDocument()
      57 |     expect(screen.getByText('platform.users.manage')).toBeInTheDocument()
      58 |     expect(screen.getByText(en.permissions.badges.platform)).toBeInTheDocument()

      at useContext2 (../../node_modules/.pnpm/@radix-ui+react-context@1.1.2_@types+react@18.3.29_react@18.3.1/node_modules/@radix-ui/react-context/src/create-context.tsx:75:13)
      at Tooltip (../../node_modules/.pnpm/@radix-ui+react-tooltip@1.2.8_@types+react-dom@18.3.7_@types+react@18.3.29__@types+react@18.3_xrwsnt2rmlacewwolijhmzdoxi/node_modules/@radix-ui/react-tooltip/src/tooltip.tsx:162:27)
      at renderWithHooks (../../node_modules/.pnpm/react-dom@18.3.1_react@18.3.1/node_modules/react-dom/cjs/react-dom.development.js:15486:18)
      at mountIndeterminateComponent (../../node_modules/.pnpm/react-dom@18.3.1_react@18.3.1/node_modules/react-dom/cjs/react-dom.development.js:20103:13)
      at beginWork (../../node_modules/.pnpm/react-dom@18.3.1_react@18.3.1/node_modules/react-dom/cjs/react-dom.development.js:21626:16)
      at beginWork$1 (../../node_modules/.pnpm/react-dom@18.3.1_react@18.3.1/node_modules/react-dom/cjs/react-dom.development.js:27465:14)
      at performUnitOfWork (../../node_modules/.pnpm/react-dom@18.3.1_react@18.3.1/node_modules/react-dom/cjs/react-dom.development.js:26599:12)
      at workLoopSync (../../node_modules/.pnpm/react-dom@18.3.1_react@18.3.1/node_modules/react-dom/cjs/react-dom.development.js:26505:5)
      at renderRootSync (../../node_modules/.pnpm/react-dom@18.3.1_react@18.3.1/node_modules/react-dom/cjs/react-dom.development.js:26473:7)
      at recoverFromConcurrentError (../../node_modules/.pnpm/react-dom@18.3.1_react@18.3.1/node_modules/react-dom/cjs/react-dom.development.js:25889:20)
      at performConcurrentWorkOnRoot (../../node_modules/.pnpm/react-dom@18.3.1_react@18.3.1/node_modules/react-dom/cjs/react-dom.development.js:25789:22)
      at flushActQueue (../../node_modules/.pnpm/react@18.3.1/node_modules/react/cjs/react.development.js:2667:24)
      at act (../../node_modules/.pnpm/react@18.3.1/node_modules/react/cjs/react.development.js:2582:11)
      at ../../node_modules/.pnpm/@testing-library+react@16.3.2_@testing-library+dom@10.4.1_@types+react-dom@18.3.7_@types+reac_3k5f6qynewwmkoqvlvtzlgtsjq/node_modules/@testing-library/react/dist/act-compat.js:46:25
      at renderRoot (../../node_modules/.pnpm/@testing-library+react@16.3.2_@testing-library+dom@10.4.1_@types+react-dom@18.3.7_@types+reac_3k5f6qynewwmkoqvlvtzlgtsjq/node_modules/@testing-library/react/dist/pure.js:189:26)
      at render (../../node_modules/.pnpm/@testing-library+react@16.3.2_@testing-library+dom@10.4.1_@types+react-dom@18.3.7_@types+reac_3k5f6qynewwmkoqvlvtzlgtsjq/node_modules/@testing-library/react/dist/pure.js:291:10)
      at Object.<anonymous> (components/__tests__/permissions-table.test.tsx:55:11)

  ● PermissionsTable › Edit and Delete menu items are hidden for platform.* rows

    `Tooltip` must be used within `TooltipProvider`

      60 |
      61 |   it('Edit and Delete menu items are hidden for platform.* rows', () => {
    > 62 |     render(withIntl(<PermissionsTable initial={initial} apps={apps} />))
         |           ^
      63 |     // With Dropdown mocked as passthrough, every row's items are in the DOM.
      64 |     // The platform.* row contributes 1 menuitem ("View"). The non-platform
      65 |     // row contributes 3 ("View", "Edit", "Delete"). Total = 4.

      at useContext2 (../../node_modules/.pnpm/@radix-ui+react-context@1.1.2_@types+react@18.3.29_react@18.3.1/node_modules/@radix-ui/react-context/src/create-context.tsx:75:13)
      at Tooltip (../../node_modules/.pnpm/@radix-ui+react-tooltip@1.2.8_@types+react-dom@18.3.7_@types+react@18.3.29__@types+react@18.3_xrwsnt2rmlacewwolijhmzdoxi/node_modules/@radix-ui/react-tooltip/src/tooltip.tsx:162:27)
      at renderWithHooks (../../node_modules/.pnpm/react-dom@18.3.1_react@18.3.1/node_modules/react-dom/cjs/react-dom.development.js:15486:18)
      at mountIndeterminateComponent (../../node_modules/.pnpm/react-dom@18.3.1_react@18.3.1/node_modules/react-dom/cjs/react-dom.development.js:20103:13)
      at beginWork (../../node_modules/.pnpm/react-dom@18.3.1_react@18.3.1/node_modules/react-dom/cjs/react-dom.development.js:21626:16)
      at beginWork$1 (../../node_modules/.pnpm/react-dom@18.3.1_react@18.3.1/node_modules/react-dom/cjs/react-dom.development.js:27465:14)
      at performUnitOfWork (../../node_modules/.pnpm/react-dom@18.3.1_react@18.3.1/node_modules/react-dom/cjs/react-dom.development.js:26599:12)
      at workLoopSync (../../node_modules/.pnpm/react-dom@18.3.1_react@18.3.1/node_modules/react-dom/cjs/react-dom.development.js:26505:5)
      at renderRootSync (../../node_modules/.pnpm/react-dom@18.3.1_react@18.3.1/node_modules/react-dom/cjs/react-dom.development.js:26473:7)
      at recoverFromConcurrentError (../../node_modules/.pnpm/react-dom@18.3.1_react@18.3.1/node_modules/react-dom/cjs/react-dom.development.js:25889:20)
      at performConcurrentWorkOnRoot (../../node_modules/.pnpm/react-dom@18.3.1_react@18.3.1/node_modules/react-dom/cjs/react-dom.development.js:25789:22)
      at flushActQueue (../../node_modules/.pnpm/react@18.3.1/node_modules/react/cjs/react.development.js:2667:24)
      at act (../../node_modules/.pnpm/react@18.3.1/node_modules/react/cjs/react.development.js:2582:11)
      at ../../node_modules/.pnpm/@testing-library+react@16.3.2_@testing-library+dom@10.4.1_@types+react-dom@18.3.7_@types+reac_3k5f6qynewwmkoqvlvtzlgtsjq/node_modules/@testing-library/react/dist/act-compat.js:46:25
      at renderRoot (../../node_modules/.pnpm/@testing-library+react@16.3.2_@testing-library+dom@10.4.1_@types+react-dom@18.3.7_@types+reac_3k5f6qynewwmkoqvlvtzlgtsjq/node_modules/@testing-library/react/dist/pure.js:189:26)
      at render (../../node_modules/.pnpm/@testing-library+react@16.3.2_@testing-library+dom@10.4.1_@types+react-dom@18.3.7_@types+reac_3k5f6qynewwmkoqvlvtzlgtsjq/node_modules/@testing-library/react/dist/pure.js:291:10)
      at Object.<anonymous> (components/__tests__/permissions-table.test.tsx:62:11)

  ● PermissionsTable › clicking Delete opens AlertDialog with the permission name

    `Tooltip` must be used within `TooltipProvider`

      71 |
      72 |   it('clicking Delete opens AlertDialog with the permission name', async () => {
    > 73 |     render(withIntl(<PermissionsTable initial={initial} apps={apps} />))
         |           ^
      74 |     const deleteItems = screen.getAllByRole('menuitem', { name: en.permissions.actions.delete })
      75 |     fireEvent.click(deleteItems[0])
      76 |     const dialog = await screen.findByRole('alertdialog')

      at useContext2 (../../node_modules/.pnpm/@radix-ui+react-context@1.1.2_@types+react@18.3.29_react@18.3.1/node_modules/@radix-ui/react-context/src/create-context.tsx:75:13)
      at Tooltip (../../node_modules/.pnpm/@radix-ui+react-tooltip@1.2.8_@types+react-dom@18.3.7_@types+react@18.3.29__@types+react@18.3_xrwsnt2rmlacewwolijhmzdoxi/node_modules/@radix-ui/react-tooltip/src/tooltip.tsx:162:27)
      at renderWithHooks (../../node_modules/.pnpm/react-dom@18.3.1_react@18.3.1/node_modules/react-dom/cjs/react-dom.development.js:15486:18)
      at mountIndeterminateComponent (../../node_modules/.pnpm/react-dom@18.3.1_react@18.3.1/node_modules/react-dom/cjs/react-dom.development.js:20103:13)
      at beginWork (../../node_modules/.pnpm/react-dom@18.3.1_react@18.3.1/node_modules/react-dom/cjs/react-dom.development.js:21626:16)
      at beginWork$1 (../../node_modules/.pnpm/react-dom@18.3.1_react@18.3.1/node_modules/react-dom/cjs/react-dom.development.js:27465:14)
      at performUnitOfWork (../../node_modules/.pnpm/react-dom@18.3.1_react@18.3.1/node_modules/react-dom/cjs/react-dom.development.js:26599:12)
      at workLoopSync (../../node_modules/.pnpm/react-dom@18.3.1_react@18.3.1/node_modules/react-dom/cjs/react-dom.development.js:26505:5)
      at renderRootSync (../../node_modules/.pnpm/react-dom@18.3.1_react@18.3.1/node_modules/react-dom/cjs/react-dom.development.js:26473:7)
      at recoverFromConcurrentError (../../node_modules/.pnpm/react-dom@18.3.1_react@18.3.1/node_modules/react-dom/cjs/react-dom.development.js:25889:20)
      at performConcurrentWorkOnRoot (../../node_modules/.pnpm/react-dom@18.3.1_react@18.3.1/node_modules/react-dom/cjs/react-dom.development.js:25789:22)
      at flushActQueue (../../node_modules/.pnpm/react@18.3.1/node_modules/react/cjs/react.development.js:2667:24)
      at act (../../node_modules/.pnpm/react@18.3.1/node_modules/react/cjs/react.development.js:2582:11)
      at ../../node_modules/.pnpm/@testing-library+react@16.3.2_@testing-library+dom@10.4.1_@types+react-dom@18.3.7_@types+reac_3k5f6qynewwmkoqvlvtzlgtsjq/node_modules/@testing-library/react/dist/act-compat.js:46:25
      at renderRoot (../../node_modules/.pnpm/@testing-library+react@16.3.2_@testing-library+dom@10.4.1_@types+react-dom@18.3.7_@types+reac_3k5f6qynewwmkoqvlvtzlgtsjq/node_modules/@testing-library/react/dist/pure.js:189:26)
      at render (../../node_modules/.pnpm/@testing-library+react@16.3.2_@testing-library+dom@10.4.1_@types+react-dom@18.3.7_@types+reac_3k5f6qynewwmkoqvlvtzlgtsjq/node_modules/@testing-library/react/dist/pure.js:291:10)
      at Object.<anonymous> (components/__tests__/permissions-table.test.tsx:73:11)

  ● PermissionsTable › renders the System badge for isSystem rows (and not the Platform badge)

    `Tooltip` must be used within `TooltipProvider`

      85 |       total: 1, page: 1, pageSize: 25,
      86 |     }
    > 87 |     render(withIntl(<PermissionsTable initial={systemInitial} apps={apps} />))
         |           ^
      88 |     expect(screen.getByText(en.permissions.badges.system)).toBeInTheDocument()
      89 |     expect(screen.queryByText(en.permissions.badges.platform)).not.toBeInTheDocument()
      90 |   })

      at useContext2 (../../node_modules/.pnpm/@radix-ui+react-context@1.1.2_@types+react@18.3.29_react@18.3.1/node_modules/@radix-ui/react-context/src/create-context.tsx:75:13)
      at Tooltip (../../node_modules/.pnpm/@radix-ui+react-tooltip@1.2.8_@types+react-dom@18.3.7_@types+react@18.3.29__@types+react@18.3_xrwsnt2rmlacewwolijhmzdoxi/node_modules/@radix-ui/react-tooltip/src/tooltip.tsx:162:27)
      at renderWithHooks (../../node_modules/.pnpm/react-dom@18.3.1_react@18.3.1/node_modules/react-dom/cjs/react-dom.development.js:15486:18)
      at mountIndeterminateComponent (../../node_modules/.pnpm/react-dom@18.3.1_react@18.3.1/node_modules/react-dom/cjs/react-dom.development.js:20103:13)
      at beginWork (../../node_modules/.pnpm/react-dom@18.3.1_react@18.3.1/node_modules/react-dom/cjs/react-dom.development.js:21626:16)
      at beginWork$1 (../../node_modules/.pnpm/react-dom@18.3.1_react@18.3.1/node_modules/react-dom/cjs/react-dom.development.js:27465:14)
      at performUnitOfWork (../../node_modules/.pnpm/react-dom@18.3.1_react@18.3.1/node_modules/react-dom/cjs/react-dom.development.js:26599:12)
      at workLoopSync (../../node_modules/.pnpm/react-dom@18.3.1_react@18.3.1/node_modules/react-dom/cjs/react-dom.development.js:26505:5)
      at renderRootSync (../../node_modules/.pnpm/react-dom@18.3.1_react@18.3.1/node_modules/react-dom/cjs/react-dom.development.js:26473:7)
      at recoverFromConcurrentError (../../node_modules/.pnpm/react-dom@18.3.1_react@18.3.1/node_modules/react-dom/cjs/react-dom.development.js:25889:20)
      at performConcurrentWorkOnRoot (../../node_modules/.pnpm/react-dom@18.3.1_react@18.3.1/node_modules/react-dom/cjs/react-dom.development.js:25789:22)
      at flushActQueue (../../node_modules/.pnpm/react@18.3.1/node_modules/react/cjs/react.development.js:2667:24)
      at act (../../node_modules/.pnpm/react@18.3.1/node_modules/react/cjs/react.development.js:2582:11)
      at ../../node_modules/.pnpm/@testing-library+react@16.3.2_@testing-library+dom@10.4.1_@types+react-dom@18.3.7_@types+reac_3k5f6qynewwmkoqvlvtzlgtsjq/node_modules/@testing-library/react/dist/act-compat.js:46:25
      at renderRoot (../../node_modules/.pnpm/@testing-library+react@16.3.2_@testing-library+dom@10.4.1_@types+react-dom@18.3.7_@types+reac_3k5f6qynewwmkoqvlvtzlgtsjq/node_modules/@testing-library/react/dist/pure.js:189:26)
      at render (../../node_modules/.pnpm/@testing-library+react@16.3.2_@testing-library+dom@10.4.1_@types+react-dom@18.3.7_@types+reac_3k5f6qynewwmkoqvlvtzlgtsjq/node_modules/@testing-library/react/dist/pure.js:291:10)
      at Object.<anonymous> (components/__tests__/permissions-table.test.tsx:87:11)

  ● PermissionsTable › hides Edit and Delete menu items for isSystem rows

    `Tooltip` must be used within `TooltipProvider`

       97 |       total: 1, page: 1, pageSize: 25,
       98 |     }
    >  99 |     render(withIntl(<PermissionsTable initial={systemInitial} apps={apps} />))
          |           ^
      100 |     // Only View should be present for an isSystem row
      101 |     expect(screen.getAllByRole('menuitem')).toHaveLength(1)
      102 |     expect(screen.getByRole('menuitem', { name: en.permissions.actions.view })).toBeInTheDocument()

      at useContext2 (../../node_modules/.pnpm/@radix-ui+react-context@1.1.2_@types+react@18.3.29_react@18.3.1/node_modules/@radix-ui/react-context/src/create-context.tsx:75:13)
      at Tooltip (../../node_modules/.pnpm/@radix-ui+react-tooltip@1.2.8_@types+react-dom@18.3.7_@types+react@18.3.29__@types+react@18.3_xrwsnt2rmlacewwolijhmzdoxi/node_modules/@radix-ui/react-tooltip/src/tooltip.tsx:162:27)
      at renderWithHooks (../../node_modules/.pnpm/react-dom@18.3.1_react@18.3.1/node_modules/react-dom/cjs/react-dom.development.js:15486:18)
      at mountIndeterminateComponent (../../node_modules/.pnpm/react-dom@18.3.1_react@18.3.1/node_modules/react-dom/cjs/react-dom.development.js:20103:13)
      at beginWork (../../node_modules/.pnpm/react-dom@18.3.1_react@18.3.1/node_modules/react-dom/cjs/react-dom.development.js:21626:16)
      at beginWork$1 (../../node_modules/.pnpm/react-dom@18.3.1_react@18.3.1/node_modules/react-dom/cjs/react-dom.development.js:27465:14)
      at performUnitOfWork (../../node_modules/.pnpm/react-dom@18.3.1_react@18.3.1/node_modules/react-dom/cjs/react-dom.development.js:26599:12)
      at workLoopSync (../../node_modules/.pnpm/react-dom@18.3.1_react@18.3.1/node_modules/react-dom/cjs/react-dom.development.js:26505:5)
      at renderRootSync (../../node_modules/.pnpm/react-dom@18.3.1_react@18.3.1/node_modules/react-dom/cjs/react-dom.development.js:26473:7)
      at recoverFromConcurrentError (../../node_modules/.pnpm/react-dom@18.3.1_react@18.3.1/node_modules/react-dom/cjs/react-dom.development.js:25889:20)
      at performConcurrentWorkOnRoot (../../node_modules/.pnpm/react-dom@18.3.1_react@18.3.1/node_modules/react-dom/cjs/react-dom.development.js:25789:22)
      at flushActQueue (../../node_modules/.pnpm/react@18.3.1/node_modules/react/cjs/react.development.js:2667:24)
      at act (../../node_modules/.pnpm/react@18.3.1/node_modules/react/cjs/react.development.js:2582:11)
      at ../../node_modules/.pnpm/@testing-library+react@16.3.2_@testing-library+dom@10.4.1_@types+react-dom@18.3.7_@types+reac_3k5f6qynewwmkoqvlvtzlgtsjq/node_modules/@testing-library/react/dist/act-compat.js:46:25
      at renderRoot (../../node_modules/.pnpm/@testing-library+react@16.3.2_@testing-library+dom@10.4.1_@types+react-dom@18.3.7_@types+reac_3k5f6qynewwmkoqvlvtzlgtsjq/node_modules/@testing-library/react/dist/pure.js:189:26)
      at render (../../node_modules/.pnpm/@testing-library+react@16.3.2_@testing-library+dom@10.4.1_@types+react-dom@18.3.7_@types+reac_3k5f6qynewwmkoqvlvtzlgtsjq/node_modules/@testing-library/react/dist/pure.js:291:10)
      at Object.<anonymous> (components/__tests__/permissions-table.test.tsx:99:11)

  ● PermissionsTable › app filter triggers listPermissionsAction with appId

    `Tooltip` must be used within `TooltipProvider`

      108 |     jest.useFakeTimers()
      109 |     ;(actions.listPermissionsAction as jest.Mock).mockResolvedValue({ items: [], total: 0, page: 1, pageSize: 25 })
    > 110 |     render(withIntl(<PermissionsTable initial={initial} apps={apps} />))
          |           ^
      111 |     fireEvent.change(screen.getByLabelText(en.permissions.filter.appLabel), { target: { value: 'sq_a1' } })
      112 |     jest.advanceTimersByTime(400)
      113 |     await waitFor(() => expect(actions.listPermissionsAction).toHaveBeenCalledWith({ appId: 'sq_a1', page: 1, pageSize: 25 }))

      at useContext2 (../../node_modules/.pnpm/@radix-ui+react-context@1.1.2_@types+react@18.3.29_react@18.3.1/node_modules/@radix-ui/react-context/src/create-context.tsx:75:13)
      at Tooltip (../../node_modules/.pnpm/@radix-ui+react-tooltip@1.2.8_@types+react-dom@18.3.7_@types+react@18.3.29__@types+react@18.3_xrwsnt2rmlacewwolijhmzdoxi/node_modules/@radix-ui/react-tooltip/src/tooltip.tsx:162:27)
      at renderWithHooks (../../node_modules/.pnpm/react-dom@18.3.1_react@18.3.1/node_modules/react-dom/cjs/react-dom.development.js:15486:18)
      at mountIndeterminateComponent (../../node_modules/.pnpm/react-dom@18.3.1_react@18.3.1/node_modules/react-dom/cjs/react-dom.development.js:20103:13)
      at beginWork (../../node_modules/.pnpm/react-dom@18.3.1_react@18.3.1/node_modules/react-dom/cjs/react-dom.development.js:21626:16)
      at beginWork$1 (../../node_modules/.pnpm/react-dom@18.3.1_react@18.3.1/node_modules/react-dom/cjs/react-dom.development.js:27465:14)
      at performUnitOfWork (../../node_modules/.pnpm/react-dom@18.3.1_react@18.3.1/node_modules/react-dom/cjs/react-dom.development.js:26599:12)
      at workLoopSync (../../node_modules/.pnpm/react-dom@18.3.1_react@18.3.1/node_modules/react-dom/cjs/react-dom.development.js:26505:5)
      at renderRootSync (../../node_modules/.pnpm/react-dom@18.3.1_react@18.3.1/node_modules/react-dom/cjs/react-dom.development.js:26473:7)
      at recoverFromConcurrentError (../../node_modules/.pnpm/react-dom@18.3.1_react@18.3.1/node_modules/react-dom/cjs/react-dom.development.js:25889:20)
      at performConcurrentWorkOnRoot (../../node_modules/.pnpm/react-dom@18.3.1_react@18.3.1/node_modules/react-dom/cjs/react-dom.development.js:25789:22)
      at flushActQueue (../../node_modules/.pnpm/react@18.3.1/node_modules/react/cjs/react.development.js:2667:24)
      at act (../../node_modules/.pnpm/react@18.3.1/node_modules/react/cjs/react.development.js:2582:11)
      at ../../node_modules/.pnpm/@testing-library+react@16.3.2_@testing-library+dom@10.4.1_@types+react-dom@18.3.7_@types+reac_3k5f6qynewwmkoqvlvtzlgtsjq/node_modules/@testing-library/react/dist/act-compat.js:46:25
      at renderRoot (../../node_modules/.pnpm/@testing-library+react@16.3.2_@testing-library+dom@10.4.1_@types+react-dom@18.3.7_@types+reac_3k5f6qynewwmkoqvlvtzlgtsjq/node_modules/@testing-library/react/dist/pure.js:189:26)
      at render (../../node_modules/.pnpm/@testing-library+react@16.3.2_@testing-library+dom@10.4.1_@types+react-dom@18.3.7_@types+reac_3k5f6qynewwmkoqvlvtzlgtsjq/node_modules/@testing-library/react/dist/pure.js:291:10)
      at Object.<anonymous> (components/__tests__/permissions-table.test.tsx:110:11)

(node:103319) [DEP0040] DeprecationWarning: The `punycode` module is deprecated. Please use a userland alternative instead.
(Use `node --trace-deprecation ...` to show where the warning was created)
FAIL components/__tests__/roles-table.test.tsx
  ● Console

    console.error
      Error: Uncaught [Error: `Tooltip` must be used within `TooltipProvider`]
          at reportException (/app/node_modules/.pnpm/jsdom@20.0.3/node_modules/jsdom/lib/jsdom/living/helpers/runtime-script-errors.js:66:24)
          at innerInvokeEventListeners (/app/node_modules/.pnpm/jsdom@20.0.3/node_modules/jsdom/lib/jsdom/living/events/EventTarget-impl.js:353:9)
          at invokeEventListeners (/app/node_modules/.pnpm/jsdom@20.0.3/node_modules/jsdom/lib/jsdom/living/events/EventTarget-impl.js:286:3)
          at HTMLUnknownElementImpl._dispatch (/app/node_modules/.pnpm/jsdom@20.0.3/node_modules/jsdom/lib/jsdom/living/events/EventTarget-impl.js:233:9)
          at HTMLUnknownElementImpl.dispatchEvent (/app/node_modules/.pnpm/jsdom@20.0.3/node_modules/jsdom/lib/jsdom/living/events/EventTarget-impl.js:104:17)
          at HTMLUnknownElement.dispatchEvent (/app/node_modules/.pnpm/jsdom@20.0.3/node_modules/jsdom/lib/jsdom/living/generated/EventTarget.js:241:34)
          at Object.invokeGuardedCallbackDev (/app/node_modules/.pnpm/react-dom@18.3.1_react@18.3.1/node_modules/react-dom/cjs/react-dom.development.js:4213:16)
          at invokeGuardedCallback (/app/node_modules/.pnpm/react-dom@18.3.1_react@18.3.1/node_modules/react-dom/cjs/react-dom.development.js:4277:31)
          at beginWork$1 (/app/node_modules/.pnpm/react-dom@18.3.1_react@18.3.1/node_modules/react-dom/cjs/react-dom.development.js:27490:7)
          at performUnitOfWork (/app/node_modules/.pnpm/react-dom@18.3.1_react@18.3.1/node_modules/react-dom/cjs/react-dom.development.js:26599:12)
          at workLoopSync (/app/node_modules/.pnpm/react-dom@18.3.1_react@18.3.1/node_modules/react-dom/cjs/react-dom.development.js:26505:5)
          at renderRootSync (/app/node_modules/.pnpm/react-dom@18.3.1_react@18.3.1/node_modules/react-dom/cjs/react-dom.development.js:26473:7)
          at performConcurrentWorkOnRoot (/app/node_modules/.pnpm/react-dom@18.3.1_react@18.3.1/node_modules/react-dom/cjs/react-dom.development.js:25777:74)
          at flushActQueue (/app/node_modules/.pnpm/react@18.3.1/node_modules/react/cjs/react.development.js:2667:24)
          at act (/app/node_modules/.pnpm/react@18.3.1/node_modules/react/cjs/react.development.js:2582:11)
          at /app/node_modules/.pnpm/@testing-library+react@16.3.2_@testing-library+dom@10.4.1_@types+react-dom@18.3.7_@types+reac_3k5f6qynewwmkoqvlvtzlgtsjq/node_modules/@testing-library/react/dist/act-compat.js:46:25
          at renderRoot (/app/node_modules/.pnpm/@testing-library+react@16.3.2_@testing-library+dom@10.4.1_@types+react-dom@18.3.7_@types+reac_3k5f6qynewwmkoqvlvtzlgtsjq/node_modules/@testing-library/react/dist/pure.js:189:26)
          at render (/app/node_modules/.pnpm/@testing-library+react@16.3.2_@testing-library+dom@10.4.1_@types+react-dom@18.3.7_@types+reac_3k5f6qynewwmkoqvlvtzlgtsjq/node_modules/@testing-library/react/dist/pure.js:291:10)
          at Object.<anonymous> (/app/apps/admin/components/__tests__/roles-table.test.tsx:58:11)
          at Promise.then.completed (/app/node_modules/.pnpm/jest-circus@29.7.0/node_modules/jest-circus/build/utils.js:298:28)
          at new Promise (<anonymous>)
          at callAsyncCircusFn (/app/node_modules/.pnpm/jest-circus@29.7.0/node_modules/jest-circus/build/utils.js:231:10)
          at _callCircusTest (/app/node_modules/.pnpm/jest-circus@29.7.0/node_modules/jest-circus/build/run.js:316:40)
          at processTicksAndRejections (node:internal/process/task_queues:103:5)
          at _runTest (/app/node_modules/.pnpm/jest-circus@29.7.0/node_modules/jest-circus/build/run.js:252:3)
          at _runTestsForDescribeBlock (/app/node_modules/.pnpm/jest-circus@29.7.0/node_modules/jest-circus/build/run.js:126:9)
          at _runTestsForDescribeBlock (/app/node_modules/.pnpm/jest-circus@29.7.0/node_modules/jest-circus/build/run.js:121:9)
          at run (/app/node_modules/.pnpm/jest-circus@29.7.0/node_modules/jest-circus/build/run.js:71:3)
          at runAndTransformResultsToJestFormat (/app/node_modules/.pnpm/jest-circus@29.7.0/node_modules/jest-circus/build/legacy-code-todo-rewrite/jestAdapterInit.js:122:21)
          at jestAdapter (/app/node_modules/.pnpm/jest-circus@29.7.0/node_modules/jest-circus/build/legacy-code-todo-rewrite/jestAdapter.js:79:19)
          at runTestInternal (/app/node_modules/.pnpm/jest-runner@29.7.0/node_modules/jest-runner/build/runTest.js:367:16)
          at runTest (/app/node_modules/.pnpm/jest-runner@29.7.0/node_modules/jest-runner/build/runTest.js:444:34)
          at Object.worker (/app/node_modules/.pnpm/jest-runner@29.7.0/node_modules/jest-runner/build/testWorker.js:106:12) {
        detail: Error: `Tooltip` must be used within `TooltipProvider`
            at useContext2 (/app/node_modules/.pnpm/@radix-ui+react-context@1.1.2_@types+react@18.3.29_react@18.3.1/node_modules/@radix-ui/react-context/src/create-context.tsx:75:13)
            at Tooltip (/app/node_modules/.pnpm/@radix-ui+react-tooltip@1.2.8_@types+react-dom@18.3.7_@types+react@18.3.29__@types+react@18.3_xrwsnt2rmlacewwolijhmzdoxi/node_modules/@radix-ui/react-tooltip/src/tooltip.tsx:162:27)
            at renderWithHooks (/app/node_modules/.pnpm/react-dom@18.3.1_react@18.3.1/node_modules/react-dom/cjs/react-dom.development.js:15486:18)
            at mountIndeterminateComponent (/app/node_modules/.pnpm/react-dom@18.3.1_react@18.3.1/node_modules/react-dom/cjs/react-dom.development.js:20103:13)
            at beginWork (/app/node_modules/.pnpm/react-dom@18.3.1_react@18.3.1/node_modules/react-dom/cjs/react-dom.development.js:21626:16)
            at HTMLUnknownElement.callCallback (/app/node_modules/.pnpm/react-dom@18.3.1_react@18.3.1/node_modules/react-dom/cjs/react-dom.development.js:4164:14)
            at HTMLUnknownElement.callTheUserObjectsOperation (/app/node_modules/.pnpm/jsdom@20.0.3/node_modules/jsdom/lib/jsdom/living/generated/EventListener.js:26:30)
            at innerInvokeEventListeners (/app/node_modules/.pnpm/jsdom@20.0.3/node_modules/jsdom/lib/jsdom/living/events/EventTarget-impl.js:350:25)
            at invokeEventListeners (/app/node_modules/.pnpm/jsdom@20.0.3/node_modules/jsdom/lib/jsdom/living/events/EventTarget-impl.js:286:3)
            at HTMLUnknownElementImpl._dispatch (/app/node_modules/.pnpm/jsdom@20.0.3/node_modules/jsdom/lib/jsdom/living/events/EventTarget-impl.js:233:9)
            at HTMLUnknownElementImpl.dispatchEvent (/app/node_modules/.pnpm/jsdom@20.0.3/node_modules/jsdom/lib/jsdom/living/events/EventTarget-impl.js:104:17)
            at HTMLUnknownElement.dispatchEvent (/app/node_modules/.pnpm/jsdom@20.0.3/node_modules/jsdom/lib/jsdom/living/generated/EventTarget.js:241:34)
            at Object.invokeGuardedCallbackDev (/app/node_modules/.pnpm/react-dom@18.3.1_react@18.3.1/node_modules/react-dom/cjs/react-dom.development.js:4213:16)
            at invokeGuardedCallback (/app/node_modules/.pnpm/react-dom@18.3.1_react@18.3.1/node_modules/react-dom/cjs/react-dom.development.js:4277:31)
            at beginWork$1 (/app/node_modules/.pnpm/react-dom@18.3.1_react@18.3.1/node_modules/react-dom/cjs/react-dom.development.js:27490:7)
            at performUnitOfWork (/app/node_modules/.pnpm/react-dom@18.3.1_react@18.3.1/node_modules/react-dom/cjs/react-dom.development.js:26599:12)
            at workLoopSync (/app/node_modules/.pnpm/react-dom@18.3.1_react@18.3.1/node_modules/react-dom/cjs/react-dom.development.js:26505:5)
            at renderRootSync (/app/node_modules/.pnpm/react-dom@18.3.1_react@18.3.1/node_modules/react-dom/cjs/react-dom.development.js:26473:7)
            at performConcurrentWorkOnRoot (/app/node_modules/.pnpm/react-dom@18.3.1_react@18.3.1/node_modules/react-dom/cjs/react-dom.development.js:25777:74)
            at flushActQueue (/app/node_modules/.pnpm/react@18.3.1/node_modules/react/cjs/react.development.js:2667:24)
            at act (/app/node_modules/.pnpm/react@18.3.1/node_modules/react/cjs/react.development.js:2582:11)
            at /app/node_modules/.pnpm/@testing-library+react@16.3.2_@testing-library+dom@10.4.1_@types+react-dom@18.3.7_@types+reac_3k5f6qynewwmkoqvlvtzlgtsjq/node_modules/@testing-library/react/dist/act-compat.js:46:25
            at renderRoot (/app/node_modules/.pnpm/@testing-library+react@16.3.2_@testing-library+dom@10.4.1_@types+react-dom@18.3.7_@types+reac_3k5f6qynewwmkoqvlvtzlgtsjq/node_modules/@testing-library/react/dist/pure.js:189:26)
            at render (/app/node_modules/.pnpm/@testing-library+react@16.3.2_@testing-library+dom@10.4.1_@types+react-dom@18.3.7_@types+reac_3k5f6qynewwmkoqvlvtzlgtsjq/node_modules/@testing-library/react/dist/pure.js:291:10)
            at Object.<anonymous> (/app/apps/admin/components/__tests__/roles-table.test.tsx:58:11)
            at Promise.then.completed (/app/node_modules/.pnpm/jest-circus@29.7.0/node_modules/jest-circus/build/utils.js:298:28)
            at new Promise (<anonymous>)
            at callAsyncCircusFn (/app/node_modules/.pnpm/jest-circus@29.7.0/node_modules/jest-circus/build/utils.js:231:10)
            at _callCircusTest (/app/node_modules/.pnpm/jest-circus@29.7.0/node_modules/jest-circus/build/run.js:316:40)
            at processTicksAndRejections (node:internal/process/task_queues:103:5)
            at _runTest (/app/node_modules/.pnpm/jest-circus@29.7.0/node_modules/jest-circus/build/run.js:252:3)
            at _runTestsForDescribeBlock (/app/node_modules/.pnpm/jest-circus@29.7.0/node_modules/jest-circus/build/run.js:126:9)
            at _runTestsForDescribeBlock (/app/node_modules/.pnpm/jest-circus@29.7.0/node_modules/jest-circus/build/run.js:121:9)
            at run (/app/node_modules/.pnpm/jest-circus@29.7.0/node_modules/jest-circus/build/run.js:71:3)
            at runAndTransformResultsToJestFormat (/app/node_modules/.pnpm/jest-circus@29.7.0/node_modules/jest-circus/build/legacy-code-todo-rewrite/jestAdapterInit.js:122:21)
            at jestAdapter (/app/node_modules/.pnpm/jest-circus@29.7.0/node_modules/jest-circus/build/legacy-code-todo-rewrite/jestAdapter.js:79:19)
            at runTestInternal (/app/node_modules/.pnpm/jest-runner@29.7.0/node_modules/jest-runner/build/runTest.js:367:16)
            at runTest (/app/node_modules/.pnpm/jest-runner@29.7.0/node_modules/jest-runner/build/runTest.js:444:34)
            at Object.worker (/app/node_modules/.pnpm/jest-runner@29.7.0/node_modules/jest-runner/build/testWorker.js:106:12),
        type: 'unhandled exception'
      }

      56 |
      57 |   it('renders rows with role names and app names', () => {
    > 58 |     render(withIntl(<RolesTable initial={initial} apps={apps} />))
         |           ^
      59 |     expect(screen.getByText('Editor')).toBeInTheDocument()
      60 |     expect(screen.getByText('Platform Admin')).toBeInTheDocument()
      61 |     // "Customer Portal" appears in the row AND in the filter <option>; assert >=1.

      at VirtualConsole.<anonymous> (../../node_modules/.pnpm/jest-environment-jsdom@29.7.0/node_modules/jest-environment-jsdom/build/index.js:63:23)
      at reportException (../../node_modules/.pnpm/jsdom@20.0.3/node_modules/jsdom/lib/jsdom/living/helpers/runtime-script-errors.js:70:28)
      at innerInvokeEventListeners (../../node_modules/.pnpm/jsdom@20.0.3/node_modules/jsdom/lib/jsdom/living/events/EventTarget-impl.js:353:9)
      at invokeEventListeners (../../node_modules/.pnpm/jsdom@20.0.3/node_modules/jsdom/lib/jsdom/living/events/EventTarget-impl.js:286:3)
      at HTMLUnknownElementImpl._dispatch (../../node_modules/.pnpm/jsdom@20.0.3/node_modules/jsdom/lib/jsdom/living/events/EventTarget-impl.js:233:9)
      at HTMLUnknownElementImpl.dispatchEvent (../../node_modules/.pnpm/jsdom@20.0.3/node_modules/jsdom/lib/jsdom/living/events/EventTarget-impl.js:104:17)
      at HTMLUnknownElement.dispatchEvent (../../node_modules/.pnpm/jsdom@20.0.3/node_modules/jsdom/lib/jsdom/living/generated/EventTarget.js:241:34)
      at Object.invokeGuardedCallbackDev (../../node_modules/.pnpm/react-dom@18.3.1_react@18.3.1/node_modules/react-dom/cjs/react-dom.development.js:4213:16)
      at invokeGuardedCallback (../../node_modules/.pnpm/react-dom@18.3.1_react@18.3.1/node_modules/react-dom/cjs/react-dom.development.js:4277:31)
      at beginWork$1 (../../node_modules/.pnpm/react-dom@18.3.1_react@18.3.1/node_modules/react-dom/cjs/react-dom.development.js:27490:7)
      at performUnitOfWork (../../node_modules/.pnpm/react-dom@18.3.1_react@18.3.1/node_modules/react-dom/cjs/react-dom.development.js:26599:12)
      at workLoopSync (../../node_modules/.pnpm/react-dom@18.3.1_react@18.3.1/node_modules/react-dom/cjs/react-dom.development.js:26505:5)
      at renderRootSync (../../node_modules/.pnpm/react-dom@18.3.1_react@18.3.1/node_modules/react-dom/cjs/react-dom.development.js:26473:7)
      at performConcurrentWorkOnRoot (../../node_modules/.pnpm/react-dom@18.3.1_react@18.3.1/node_modules/react-dom/cjs/react-dom.development.js:25777:74)
      at flushActQueue (../../node_modules/.pnpm/react@18.3.1/node_modules/react/cjs/react.development.js:2667:24)
      at act (../../node_modules/.pnpm/react@18.3.1/node_modules/react/cjs/react.development.js:2582:11)
      at ../../node_modules/.pnpm/@testing-library+react@16.3.2_@testing-library+dom@10.4.1_@types+react-dom@18.3.7_@types+reac_3k5f6qynewwmkoqvlvtzlgtsjq/node_modules/@testing-library/react/dist/act-compat.js:46:25
      at renderRoot (../../node_modules/.pnpm/@testing-library+react@16.3.2_@testing-library+dom@10.4.1_@types+react-dom@18.3.7_@types+reac_3k5f6qynewwmkoqvlvtzlgtsjq/node_modules/@testing-library/react/dist/pure.js:189:26)
      at render (../../node_modules/.pnpm/@testing-library+react@16.3.2_@testing-library+dom@10.4.1_@types+react-dom@18.3.7_@types+reac_3k5f6qynewwmkoqvlvtzlgtsjq/node_modules/@testing-library/react/dist/pure.js:291:10)
      at Object.<anonymous> (components/__tests__/roles-table.test.tsx:58:11)

    console.error
      Error: Uncaught [Error: `Tooltip` must be used within `TooltipProvider`]
          at reportException (/app/node_modules/.pnpm/jsdom@20.0.3/node_modules/jsdom/lib/jsdom/living/helpers/runtime-script-errors.js:66:24)
          at innerInvokeEventListeners (/app/node_modules/.pnpm/jsdom@20.0.3/node_modules/jsdom/lib/jsdom/living/events/EventTarget-impl.js:353:9)
          at invokeEventListeners (/app/node_modules/.pnpm/jsdom@20.0.3/node_modules/jsdom/lib/jsdom/living/events/EventTarget-impl.js:286:3)
          at HTMLUnknownElementImpl._dispatch (/app/node_modules/.pnpm/jsdom@20.0.3/node_modules/jsdom/lib/jsdom/living/events/EventTarget-impl.js:233:9)
          at HTMLUnknownElementImpl.dispatchEvent (/app/node_modules/.pnpm/jsdom@20.0.3/node_modules/jsdom/lib/jsdom/living/events/EventTarget-impl.js:104:17)
          at HTMLUnknownElement.dispatchEvent (/app/node_modules/.pnpm/jsdom@20.0.3/node_modules/jsdom/lib/jsdom/living/generated/EventTarget.js:241:34)
          at Object.invokeGuardedCallbackDev (/app/node_modules/.pnpm/react-dom@18.3.1_react@18.3.1/node_modules/react-dom/cjs/react-dom.development.js:4213:16)
          at invokeGuardedCallback (/app/node_modules/.pnpm/react-dom@18.3.1_react@18.3.1/node_modules/react-dom/cjs/react-dom.development.js:4277:31)
          at beginWork$1 (/app/node_modules/.pnpm/react-dom@18.3.1_react@18.3.1/node_modules/react-dom/cjs/react-dom.development.js:27490:7)
          at performUnitOfWork (/app/node_modules/.pnpm/react-dom@18.3.1_react@18.3.1/node_modules/react-dom/cjs/react-dom.development.js:26599:12)
          at workLoopSync (/app/node_modules/.pnpm/react-dom@18.3.1_react@18.3.1/node_modules/react-dom/cjs/react-dom.development.js:26505:5)
          at renderRootSync (/app/node_modules/.pnpm/react-dom@18.3.1_react@18.3.1/node_modules/react-dom/cjs/react-dom.development.js:26473:7)
          at performConcurrentWorkOnRoot (/app/node_modules/.pnpm/react-dom@18.3.1_react@18.3.1/node_modules/react-dom/cjs/react-dom.development.js:25777:74)
          at flushActQueue (/app/node_modules/.pnpm/react@18.3.1/node_modules/react/cjs/react.development.js:2667:24)
          at act (/app/node_modules/.pnpm/react@18.3.1/node_modules/react/cjs/react.development.js:2582:11)
          at /app/node_modules/.pnpm/@testing-library+react@16.3.2_@testing-library+dom@10.4.1_@types+react-dom@18.3.7_@types+reac_3k5f6qynewwmkoqvlvtzlgtsjq/node_modules/@testing-library/react/dist/act-compat.js:46:25
          at renderRoot (/app/node_modules/.pnpm/@testing-library+react@16.3.2_@testing-library+dom@10.4.1_@types+react-dom@18.3.7_@types+reac_3k5f6qynewwmkoqvlvtzlgtsjq/node_modules/@testing-library/react/dist/pure.js:189:26)
          at render (/app/node_modules/.pnpm/@testing-library+react@16.3.2_@testing-library+dom@10.4.1_@types+react-dom@18.3.7_@types+reac_3k5f6qynewwmkoqvlvtzlgtsjq/node_modules/@testing-library/react/dist/pure.js:291:10)
          at Object.<anonymous> (/app/apps/admin/components/__tests__/roles-table.test.tsx:58:11)
          at Promise.then.completed (/app/node_modules/.pnpm/jest-circus@29.7.0/node_modules/jest-circus/build/utils.js:298:28)
          at new Promise (<anonymous>)
          at callAsyncCircusFn (/app/node_modules/.pnpm/jest-circus@29.7.0/node_modules/jest-circus/build/utils.js:231:10)
          at _callCircusTest (/app/node_modules/.pnpm/jest-circus@29.7.0/node_modules/jest-circus/build/run.js:316:40)
          at processTicksAndRejections (node:internal/process/task_queues:103:5)
          at _runTest (/app/node_modules/.pnpm/jest-circus@29.7.0/node_modules/jest-circus/build/run.js:252:3)
          at _runTestsForDescribeBlock (/app/node_modules/.pnpm/jest-circus@29.7.0/node_modules/jest-circus/build/run.js:126:9)
          at _runTestsForDescribeBlock (/app/node_modules/.pnpm/jest-circus@29.7.0/node_modules/jest-circus/build/run.js:121:9)
          at run (/app/node_modules/.pnpm/jest-circus@29.7.0/node_modules/jest-circus/build/run.js:71:3)
          at runAndTransformResultsToJestFormat (/app/node_modules/.pnpm/jest-circus@29.7.0/node_modules/jest-circus/build/legacy-code-todo-rewrite/jestAdapterInit.js:122:21)
          at jestAdapter (/app/node_modules/.pnpm/jest-circus@29.7.0/node_modules/jest-circus/build/legacy-code-todo-rewrite/jestAdapter.js:79:19)
          at runTestInternal (/app/node_modules/.pnpm/jest-runner@29.7.0/node_modules/jest-runner/build/runTest.js:367:16)
          at runTest (/app/node_modules/.pnpm/jest-runner@29.7.0/node_modules/jest-runner/build/runTest.js:444:34)
          at Object.worker (/app/node_modules/.pnpm/jest-runner@29.7.0/node_modules/jest-runner/build/testWorker.js:106:12) {
        detail: Error: `Tooltip` must be used within `TooltipProvider`
            at useContext2 (/app/node_modules/.pnpm/@radix-ui+react-context@1.1.2_@types+react@18.3.29_react@18.3.1/node_modules/@radix-ui/react-context/src/create-context.tsx:75:13)
            at Tooltip (/app/node_modules/.pnpm/@radix-ui+react-tooltip@1.2.8_@types+react-dom@18.3.7_@types+react@18.3.29__@types+react@18.3_xrwsnt2rmlacewwolijhmzdoxi/node_modules/@radix-ui/react-tooltip/src/tooltip.tsx:162:27)
            at renderWithHooks (/app/node_modules/.pnpm/react-dom@18.3.1_react@18.3.1/node_modules/react-dom/cjs/react-dom.development.js:15486:18)
            at mountIndeterminateComponent (/app/node_modules/.pnpm/react-dom@18.3.1_react@18.3.1/node_modules/react-dom/cjs/react-dom.development.js:20103:13)
            at beginWork (/app/node_modules/.pnpm/react-dom@18.3.1_react@18.3.1/node_modules/react-dom/cjs/react-dom.development.js:21626:16)
            at HTMLUnknownElement.callCallback (/app/node_modules/.pnpm/react-dom@18.3.1_react@18.3.1/node_modules/react-dom/cjs/react-dom.development.js:4164:14)
            at HTMLUnknownElement.callTheUserObjectsOperation (/app/node_modules/.pnpm/jsdom@20.0.3/node_modules/jsdom/lib/jsdom/living/generated/EventListener.js:26:30)
            at innerInvokeEventListeners (/app/node_modules/.pnpm/jsdom@20.0.3/node_modules/jsdom/lib/jsdom/living/events/EventTarget-impl.js:350:25)
            at invokeEventListeners (/app/node_modules/.pnpm/jsdom@20.0.3/node_modules/jsdom/lib/jsdom/living/events/EventTarget-impl.js:286:3)
            at HTMLUnknownElementImpl._dispatch (/app/node_modules/.pnpm/jsdom@20.0.3/node_modules/jsdom/lib/jsdom/living/events/EventTarget-impl.js:233:9)
            at HTMLUnknownElementImpl.dispatchEvent (/app/node_modules/.pnpm/jsdom@20.0.3/node_modules/jsdom/lib/jsdom/living/events/EventTarget-impl.js:104:17)
            at HTMLUnknownElement.dispatchEvent (/app/node_modules/.pnpm/jsdom@20.0.3/node_modules/jsdom/lib/jsdom/living/generated/EventTarget.js:241:34)
            at Object.invokeGuardedCallbackDev (/app/node_modules/.pnpm/react-dom@18.3.1_react@18.3.1/node_modules/react-dom/cjs/react-dom.development.js:4213:16)
            at invokeGuardedCallback (/app/node_modules/.pnpm/react-dom@18.3.1_react@18.3.1/node_modules/react-dom/cjs/react-dom.development.js:4277:31)
            at beginWork$1 (/app/node_modules/.pnpm/react-dom@18.3.1_react@18.3.1/node_modules/react-dom/cjs/react-dom.development.js:27490:7)
            at performUnitOfWork (/app/node_modules/.pnpm/react-dom@18.3.1_react@18.3.1/node_modules/react-dom/cjs/react-dom.development.js:26599:12)
            at workLoopSync (/app/node_modules/.pnpm/react-dom@18.3.1_react@18.3.1/node_modules/react-dom/cjs/react-dom.development.js:26505:5)
            at renderRootSync (/app/node_modules/.pnpm/react-dom@18.3.1_react@18.3.1/node_modules/react-dom/cjs/react-dom.development.js:26473:7)
            at performConcurrentWorkOnRoot (/app/node_modules/.pnpm/react-dom@18.3.1_react@18.3.1/node_modules/react-dom/cjs/react-dom.development.js:25777:74)
            at flushActQueue (/app/node_modules/.pnpm/react@18.3.1/node_modules/react/cjs/react.development.js:2667:24)
            at act (/app/node_modules/.pnpm/react@18.3.1/node_modules/react/cjs/react.development.js:2582:11)
            at /app/node_modules/.pnpm/@testing-library+react@16.3.2_@testing-library+dom@10.4.1_@types+react-dom@18.3.7_@types+reac_3k5f6qynewwmkoqvlvtzlgtsjq/node_modules/@testing-library/react/dist/act-compat.js:46:25
            at renderRoot (/app/node_modules/.pnpm/@testing-library+react@16.3.2_@testing-library+dom@10.4.1_@types+react-dom@18.3.7_@types+reac_3k5f6qynewwmkoqvlvtzlgtsjq/node_modules/@testing-library/react/dist/pure.js:189:26)
            at render (/app/node_modules/.pnpm/@testing-library+react@16.3.2_@testing-library+dom@10.4.1_@types+react-dom@18.3.7_@types+reac_3k5f6qynewwmkoqvlvtzlgtsjq/node_modules/@testing-library/react/dist/pure.js:291:10)
            at Object.<anonymous> (/app/apps/admin/components/__tests__/roles-table.test.tsx:58:11)
            at Promise.then.completed (/app/node_modules/.pnpm/jest-circus@29.7.0/node_modules/jest-circus/build/utils.js:298:28)
            at new Promise (<anonymous>)
            at callAsyncCircusFn (/app/node_modules/.pnpm/jest-circus@29.7.0/node_modules/jest-circus/build/utils.js:231:10)
            at _callCircusTest (/app/node_modules/.pnpm/jest-circus@29.7.0/node_modules/jest-circus/build/run.js:316:40)
            at processTicksAndRejections (node:internal/process/task_queues:103:5)
            at _runTest (/app/node_modules/.pnpm/jest-circus@29.7.0/node_modules/jest-circus/build/run.js:252:3)
            at _runTestsForDescribeBlock (/app/node_modules/.pnpm/jest-circus@29.7.0/node_modules/jest-circus/build/run.js:126:9)
            at _runTestsForDescribeBlock (/app/node_modules/.pnpm/jest-circus@29.7.0/node_modules/jest-circus/build/run.js:121:9)
            at run (/app/node_modules/.pnpm/jest-circus@29.7.0/node_modules/jest-circus/build/run.js:71:3)
            at runAndTransformResultsToJestFormat (/app/node_modules/.pnpm/jest-circus@29.7.0/node_modules/jest-circus/build/legacy-code-todo-rewrite/jestAdapterInit.js:122:21)
            at jestAdapter (/app/node_modules/.pnpm/jest-circus@29.7.0/node_modules/jest-circus/build/legacy-code-todo-rewrite/jestAdapter.js:79:19)
            at runTestInternal (/app/node_modules/.pnpm/jest-runner@29.7.0/node_modules/jest-runner/build/runTest.js:367:16)
            at runTest (/app/node_modules/.pnpm/jest-runner@29.7.0/node_modules/jest-runner/build/runTest.js:444:34)
            at Object.worker (/app/node_modules/.pnpm/jest-runner@29.7.0/node_modules/jest-runner/build/testWorker.js:106:12),
        type: 'unhandled exception'
      }

      56 |
      57 |   it('renders rows with role names and app names', () => {
    > 58 |     render(withIntl(<RolesTable initial={initial} apps={apps} />))
         |           ^
      59 |     expect(screen.getByText('Editor')).toBeInTheDocument()
      60 |     expect(screen.getByText('Platform Admin')).toBeInTheDocument()
      61 |     // "Customer Portal" appears in the row AND in the filter <option>; assert >=1.

      at VirtualConsole.<anonymous> (../../node_modules/.pnpm/jest-environment-jsdom@29.7.0/node_modules/jest-environment-jsdom/build/index.js:63:23)
      at reportException (../../node_modules/.pnpm/jsdom@20.0.3/node_modules/jsdom/lib/jsdom/living/helpers/runtime-script-errors.js:70:28)
      at innerInvokeEventListeners (../../node_modules/.pnpm/jsdom@20.0.3/node_modules/jsdom/lib/jsdom/living/events/EventTarget-impl.js:353:9)
      at invokeEventListeners (../../node_modules/.pnpm/jsdom@20.0.3/node_modules/jsdom/lib/jsdom/living/events/EventTarget-impl.js:286:3)
      at HTMLUnknownElementImpl._dispatch (../../node_modules/.pnpm/jsdom@20.0.3/node_modules/jsdom/lib/jsdom/living/events/EventTarget-impl.js:233:9)
      at HTMLUnknownElementImpl.dispatchEvent (../../node_modules/.pnpm/jsdom@20.0.3/node_modules/jsdom/lib/jsdom/living/events/EventTarget-impl.js:104:17)
      at HTMLUnknownElement.dispatchEvent (../../node_modules/.pnpm/jsdom@20.0.3/node_modules/jsdom/lib/jsdom/living/generated/EventTarget.js:241:34)
      at Object.invokeGuardedCallbackDev (../../node_modules/.pnpm/react-dom@18.3.1_react@18.3.1/node_modules/react-dom/cjs/react-dom.development.js:4213:16)
      at invokeGuardedCallback (../../node_modules/.pnpm/react-dom@18.3.1_react@18.3.1/node_modules/react-dom/cjs/react-dom.development.js:4277:31)
      at beginWork$1 (../../node_modules/.pnpm/react-dom@18.3.1_react@18.3.1/node_modules/react-dom/cjs/react-dom.development.js:27490:7)
      at performUnitOfWork (../../node_modules/.pnpm/react-dom@18.3.1_react@18.3.1/node_modules/react-dom/cjs/react-dom.development.js:26599:12)
      at workLoopSync (../../node_modules/.pnpm/react-dom@18.3.1_react@18.3.1/node_modules/react-dom/cjs/react-dom.development.js:26505:5)
      at renderRootSync (../../node_modules/.pnpm/react-dom@18.3.1_react@18.3.1/node_modules/react-dom/cjs/react-dom.development.js:26473:7)
      at performConcurrentWorkOnRoot (../../node_modules/.pnpm/react-dom@18.3.1_react@18.3.1/node_modules/react-dom/cjs/react-dom.development.js:25777:74)
      at flushActQueue (../../node_modules/.pnpm/react@18.3.1/node_modules/react/cjs/react.development.js:2667:24)
      at act (../../node_modules/.pnpm/react@18.3.1/node_modules/react/cjs/react.development.js:2582:11)
      at ../../node_modules/.pnpm/@testing-library+react@16.3.2_@testing-library+dom@10.4.1_@types+react-dom@18.3.7_@types+reac_3k5f6qynewwmkoqvlvtzlgtsjq/node_modules/@testing-library/react/dist/act-compat.js:46:25
      at renderRoot (../../node_modules/.pnpm/@testing-library+react@16.3.2_@testing-library+dom@10.4.1_@types+react-dom@18.3.7_@types+reac_3k5f6qynewwmkoqvlvtzlgtsjq/node_modules/@testing-library/react/dist/pure.js:189:26)
      at render (../../node_modules/.pnpm/@testing-library+react@16.3.2_@testing-library+dom@10.4.1_@types+react-dom@18.3.7_@types+reac_3k5f6qynewwmkoqvlvtzlgtsjq/node_modules/@testing-library/react/dist/pure.js:291:10)
      at Object.<anonymous> (components/__tests__/roles-table.test.tsx:58:11)

    console.error
      Error: Uncaught [Error: `Tooltip` must be used within `TooltipProvider`]
          at reportException (/app/node_modules/.pnpm/jsdom@20.0.3/node_modules/jsdom/lib/jsdom/living/helpers/runtime-script-errors.js:66:24)
          at innerInvokeEventListeners (/app/node_modules/.pnpm/jsdom@20.0.3/node_modules/jsdom/lib/jsdom/living/events/EventTarget-impl.js:353:9)
          at invokeEventListeners (/app/node_modules/.pnpm/jsdom@20.0.3/node_modules/jsdom/lib/jsdom/living/events/EventTarget-impl.js:286:3)
          at HTMLUnknownElementImpl._dispatch (/app/node_modules/.pnpm/jsdom@20.0.3/node_modules/jsdom/lib/jsdom/living/events/EventTarget-impl.js:233:9)
          at HTMLUnknownElementImpl.dispatchEvent (/app/node_modules/.pnpm/jsdom@20.0.3/node_modules/jsdom/lib/jsdom/living/events/EventTarget-impl.js:104:17)
          at HTMLUnknownElement.dispatchEvent (/app/node_modules/.pnpm/jsdom@20.0.3/node_modules/jsdom/lib/jsdom/living/generated/EventTarget.js:241:34)
          at Object.invokeGuardedCallbackDev (/app/node_modules/.pnpm/react-dom@18.3.1_react@18.3.1/node_modules/react-dom/cjs/react-dom.development.js:4213:16)
          at invokeGuardedCallback (/app/node_modules/.pnpm/react-dom@18.3.1_react@18.3.1/node_modules/react-dom/cjs/react-dom.development.js:4277:31)
          at beginWork$1 (/app/node_modules/.pnpm/react-dom@18.3.1_react@18.3.1/node_modules/react-dom/cjs/react-dom.development.js:27490:7)
          at performUnitOfWork (/app/node_modules/.pnpm/react-dom@18.3.1_react@18.3.1/node_modules/react-dom/cjs/react-dom.development.js:26599:12)
          at workLoopSync (/app/node_modules/.pnpm/react-dom@18.3.1_react@18.3.1/node_modules/react-dom/cjs/react-dom.development.js:26505:5)
          at renderRootSync (/app/node_modules/.pnpm/react-dom@18.3.1_react@18.3.1/node_modules/react-dom/cjs/react-dom.development.js:26473:7)
          at performConcurrentWorkOnRoot (/app/node_modules/.pnpm/react-dom@18.3.1_react@18.3.1/node_modules/react-dom/cjs/react-dom.development.js:25777:74)
          at flushActQueue (/app/node_modules/.pnpm/react@18.3.1/node_modules/react/cjs/react.development.js:2667:24)
          at act (/app/node_modules/.pnpm/react@18.3.1/node_modules/react/cjs/react.development.js:2582:11)
          at /app/node_modules/.pnpm/@testing-library+react@16.3.2_@testing-library+dom@10.4.1_@types+react-dom@18.3.7_@types+reac_3k5f6qynewwmkoqvlvtzlgtsjq/node_modules/@testing-library/react/dist/act-compat.js:46:25
          at renderRoot (/app/node_modules/.pnpm/@testing-library+react@16.3.2_@testing-library+dom@10.4.1_@types+react-dom@18.3.7_@types+reac_3k5f6qynewwmkoqvlvtzlgtsjq/node_modules/@testing-library/react/dist/pure.js:189:26)
          at render (/app/node_modules/.pnpm/@testing-library+react@16.3.2_@testing-library+dom@10.4.1_@types+react-dom@18.3.7_@types+reac_3k5f6qynewwmkoqvlvtzlgtsjq/node_modules/@testing-library/react/dist/pure.js:291:10)
          at Object.<anonymous> (/app/apps/admin/components/__tests__/roles-table.test.tsx:58:11)
          at Promise.then.completed (/app/node_modules/.pnpm/jest-circus@29.7.0/node_modules/jest-circus/build/utils.js:298:28)
          at new Promise (<anonymous>)
          at callAsyncCircusFn (/app/node_modules/.pnpm/jest-circus@29.7.0/node_modules/jest-circus/build/utils.js:231:10)
          at _callCircusTest (/app/node_modules/.pnpm/jest-circus@29.7.0/node_modules/jest-circus/build/run.js:316:40)
          at processTicksAndRejections (node:internal/process/task_queues:103:5)
          at _runTest (/app/node_modules/.pnpm/jest-circus@29.7.0/node_modules/jest-circus/build/run.js:252:3)
          at _runTestsForDescribeBlock (/app/node_modules/.pnpm/jest-circus@29.7.0/node_modules/jest-circus/build/run.js:126:9)
          at _runTestsForDescribeBlock (/app/node_modules/.pnpm/jest-circus@29.7.0/node_modules/jest-circus/build/run.js:121:9)
          at run (/app/node_modules/.pnpm/jest-circus@29.7.0/node_modules/jest-circus/build/run.js:71:3)
          at runAndTransformResultsToJestFormat (/app/node_modules/.pnpm/jest-circus@29.7.0/node_modules/jest-circus/build/legacy-code-todo-rewrite/jestAdapterInit.js:122:21)
          at jestAdapter (/app/node_modules/.pnpm/jest-circus@29.7.0/node_modules/jest-circus/build/legacy-code-todo-rewrite/jestAdapter.js:79:19)
          at runTestInternal (/app/node_modules/.pnpm/jest-runner@29.7.0/node_modules/jest-runner/build/runTest.js:367:16)
          at runTest (/app/node_modules/.pnpm/jest-runner@29.7.0/node_modules/jest-runner/build/runTest.js:444:34)
          at Object.worker (/app/node_modules/.pnpm/jest-runner@29.7.0/node_modules/jest-runner/build/testWorker.js:106:12) {
        detail: Error: `Tooltip` must be used within `TooltipProvider`
            at useContext2 (/app/node_modules/.pnpm/@radix-ui+react-context@1.1.2_@types+react@18.3.29_react@18.3.1/node_modules/@radix-ui/react-context/src/create-context.tsx:75:13)
            at Tooltip (/app/node_modules/.pnpm/@radix-ui+react-tooltip@1.2.8_@types+react-dom@18.3.7_@types+react@18.3.29__@types+react@18.3_xrwsnt2rmlacewwolijhmzdoxi/node_modules/@radix-ui/react-tooltip/src/tooltip.tsx:162:27)
            at renderWithHooks (/app/node_modules/.pnpm/react-dom@18.3.1_react@18.3.1/node_modules/react-dom/cjs/react-dom.development.js:15486:18)
            at mountIndeterminateComponent (/app/node_modules/.pnpm/react-dom@18.3.1_react@18.3.1/node_modules/react-dom/cjs/react-dom.development.js:20103:13)
            at beginWork (/app/node_modules/.pnpm/react-dom@18.3.1_react@18.3.1/node_modules/react-dom/cjs/react-dom.development.js:21626:16)
            at HTMLUnknownElement.callCallback (/app/node_modules/.pnpm/react-dom@18.3.1_react@18.3.1/node_modules/react-dom/cjs/react-dom.development.js:4164:14)
            at HTMLUnknownElement.callTheUserObjectsOperation (/app/node_modules/.pnpm/jsdom@20.0.3/node_modules/jsdom/lib/jsdom/living/generated/EventListener.js:26:30)
            at innerInvokeEventListeners (/app/node_modules/.pnpm/jsdom@20.0.3/node_modules/jsdom/lib/jsdom/living/events/EventTarget-impl.js:350:25)
            at invokeEventListeners (/app/node_modules/.pnpm/jsdom@20.0.3/node_modules/jsdom/lib/jsdom/living/events/EventTarget-impl.js:286:3)
            at HTMLUnknownElementImpl._dispatch (/app/node_modules/.pnpm/jsdom@20.0.3/node_modules/jsdom/lib/jsdom/living/events/EventTarget-impl.js:233:9)
            at HTMLUnknownElementImpl.dispatchEvent (/app/node_modules/.pnpm/jsdom@20.0.3/node_modules/jsdom/lib/jsdom/living/events/EventTarget-impl.js:104:17)
            at HTMLUnknownElement.dispatchEvent (/app/node_modules/.pnpm/jsdom@20.0.3/node_modules/jsdom/lib/jsdom/living/generated/EventTarget.js:241:34)
            at Object.invokeGuardedCallbackDev (/app/node_modules/.pnpm/react-dom@18.3.1_react@18.3.1/node_modules/react-dom/cjs/react-dom.development.js:4213:16)
            at invokeGuardedCallback (/app/node_modules/.pnpm/react-dom@18.3.1_react@18.3.1/node_modules/react-dom/cjs/react-dom.development.js:4277:31)
            at beginWork$1 (/app/node_modules/.pnpm/react-dom@18.3.1_react@18.3.1/node_modules/react-dom/cjs/react-dom.development.js:27490:7)
            at performUnitOfWork (/app/node_modules/.pnpm/react-dom@18.3.1_react@18.3.1/node_modules/react-dom/cjs/react-dom.development.js:26599:12)
            at workLoopSync (/app/node_modules/.pnpm/react-dom@18.3.1_react@18.3.1/node_modules/react-dom/cjs/react-dom.development.js:26505:5)
            at renderRootSync (/app/node_modules/.pnpm/react-dom@18.3.1_react@18.3.1/node_modules/react-dom/cjs/react-dom.development.js:26473:7)
            at performConcurrentWorkOnRoot (/app/node_modules/.pnpm/react-dom@18.3.1_react@18.3.1/node_modules/react-dom/cjs/react-dom.development.js:25777:74)
            at flushActQueue (/app/node_modules/.pnpm/react@18.3.1/node_modules/react/cjs/react.development.js:2667:24)
            at act (/app/node_modules/.pnpm/react@18.3.1/node_modules/react/cjs/react.development.js:2582:11)
            at /app/node_modules/.pnpm/@testing-library+react@16.3.2_@testing-library+dom@10.4.1_@types+react-dom@18.3.7_@types+reac_3k5f6qynewwmkoqvlvtzlgtsjq/node_modules/@testing-library/react/dist/act-compat.js:46:25
            at renderRoot (/app/node_modules/.pnpm/@testing-library+react@16.3.2_@testing-library+dom@10.4.1_@types+react-dom@18.3.7_@types+reac_3k5f6qynewwmkoqvlvtzlgtsjq/node_modules/@testing-library/react/dist/pure.js:189:26)
            at render (/app/node_modules/.pnpm/@testing-library+react@16.3.2_@testing-library+dom@10.4.1_@types+react-dom@18.3.7_@types+reac_3k5f6qynewwmkoqvlvtzlgtsjq/node_modules/@testing-library/react/dist/pure.js:291:10)
            at Object.<anonymous> (/app/apps/admin/components/__tests__/roles-table.test.tsx:58:11)
            at Promise.then.completed (/app/node_modules/.pnpm/jest-circus@29.7.0/node_modules/jest-circus/build/utils.js:298:28)
            at new Promise (<anonymous>)
            at callAsyncCircusFn (/app/node_modules/.pnpm/jest-circus@29.7.0/node_modules/jest-circus/build/utils.js:231:10)
            at _callCircusTest (/app/node_modules/.pnpm/jest-circus@29.7.0/node_modules/jest-circus/build/run.js:316:40)
            at processTicksAndRejections (node:internal/process/task_queues:103:5)
            at _runTest (/app/node_modules/.pnpm/jest-circus@29.7.0/node_modules/jest-circus/build/run.js:252:3)
            at _runTestsForDescribeBlock (/app/node_modules/.pnpm/jest-circus@29.7.0/node_modules/jest-circus/build/run.js:126:9)
            at _runTestsForDescribeBlock (/app/node_modules/.pnpm/jest-circus@29.7.0/node_modules/jest-circus/build/run.js:121:9)
            at run (/app/node_modules/.pnpm/jest-circus@29.7.0/node_modules/jest-circus/build/run.js:71:3)
            at runAndTransformResultsToJestFormat (/app/node_modules/.pnpm/jest-circus@29.7.0/node_modules/jest-circus/build/legacy-code-todo-rewrite/jestAdapterInit.js:122:21)
            at jestAdapter (/app/node_modules/.pnpm/jest-circus@29.7.0/node_modules/jest-circus/build/legacy-code-todo-rewrite/jestAdapter.js:79:19)
            at runTestInternal (/app/node_modules/.pnpm/jest-runner@29.7.0/node_modules/jest-runner/build/runTest.js:367:16)
            at runTest (/app/node_modules/.pnpm/jest-runner@29.7.0/node_modules/jest-runner/build/runTest.js:444:34)
            at Object.worker (/app/node_modules/.pnpm/jest-runner@29.7.0/node_modules/jest-runner/build/testWorker.js:106:12),
        type: 'unhandled exception'
      }

      56 |
      57 |   it('renders rows with role names and app names', () => {
    > 58 |     render(withIntl(<RolesTable initial={initial} apps={apps} />))
         |           ^
      59 |     expect(screen.getByText('Editor')).toBeInTheDocument()
      60 |     expect(screen.getByText('Platform Admin')).toBeInTheDocument()
      61 |     // "Customer Portal" appears in the row AND in the filter <option>; assert >=1.

      at VirtualConsole.<anonymous> (../../node_modules/.pnpm/jest-environment-jsdom@29.7.0/node_modules/jest-environment-jsdom/build/index.js:63:23)
      at reportException (../../node_modules/.pnpm/jsdom@20.0.3/node_modules/jsdom/lib/jsdom/living/helpers/runtime-script-errors.js:70:28)
      at innerInvokeEventListeners (../../node_modules/.pnpm/jsdom@20.0.3/node_modules/jsdom/lib/jsdom/living/events/EventTarget-impl.js:353:9)
      at invokeEventListeners (../../node_modules/.pnpm/jsdom@20.0.3/node_modules/jsdom/lib/jsdom/living/events/EventTarget-impl.js:286:3)
      at HTMLUnknownElementImpl._dispatch (../../node_modules/.pnpm/jsdom@20.0.3/node_modules/jsdom/lib/jsdom/living/events/EventTarget-impl.js:233:9)
      at HTMLUnknownElementImpl.dispatchEvent (../../node_modules/.pnpm/jsdom@20.0.3/node_modules/jsdom/lib/jsdom/living/events/EventTarget-impl.js:104:17)
      at HTMLUnknownElement.dispatchEvent (../../node_modules/.pnpm/jsdom@20.0.3/node_modules/jsdom/lib/jsdom/living/generated/EventTarget.js:241:34)
      at Object.invokeGuardedCallbackDev (../../node_modules/.pnpm/react-dom@18.3.1_react@18.3.1/node_modules/react-dom/cjs/react-dom.development.js:4213:16)
      at invokeGuardedCallback (../../node_modules/.pnpm/react-dom@18.3.1_react@18.3.1/node_modules/react-dom/cjs/react-dom.development.js:4277:31)
      at beginWork$1 (../../node_modules/.pnpm/react-dom@18.3.1_react@18.3.1/node_modules/react-dom/cjs/react-dom.development.js:27490:7)
      at performUnitOfWork (../../node_modules/.pnpm/react-dom@18.3.1_react@18.3.1/node_modules/react-dom/cjs/react-dom.development.js:26599:12)
      at workLoopSync (../../node_modules/.pnpm/react-dom@18.3.1_react@18.3.1/node_modules/react-dom/cjs/react-dom.development.js:26505:5)
      at renderRootSync (../../node_modules/.pnpm/react-dom@18.3.1_react@18.3.1/node_modules/react-dom/cjs/react-dom.development.js:26473:7)
      at performConcurrentWorkOnRoot (../../node_modules/.pnpm/react-dom@18.3.1_react@18.3.1/node_modules/react-dom/cjs/react-dom.development.js:25777:74)
      at flushActQueue (../../node_modules/.pnpm/react@18.3.1/node_modules/react/cjs/react.development.js:2667:24)
      at act (../../node_modules/.pnpm/react@18.3.1/node_modules/react/cjs/react.development.js:2582:11)
      at ../../node_modules/.pnpm/@testing-library+react@16.3.2_@testing-library+dom@10.4.1_@types+react-dom@18.3.7_@types+reac_3k5f6qynewwmkoqvlvtzlgtsjq/node_modules/@testing-library/react/dist/act-compat.js:46:25
      at renderRoot (../../node_modules/.pnpm/@testing-library+react@16.3.2_@testing-library+dom@10.4.1_@types+react-dom@18.3.7_@types+reac_3k5f6qynewwmkoqvlvtzlgtsjq/node_modules/@testing-library/react/dist/pure.js:189:26)
      at render (../../node_modules/.pnpm/@testing-library+react@16.3.2_@testing-library+dom@10.4.1_@types+react-dom@18.3.7_@types+reac_3k5f6qynewwmkoqvlvtzlgtsjq/node_modules/@testing-library/react/dist/pure.js:291:10)
      at Object.<anonymous> (components/__tests__/roles-table.test.tsx:58:11)

    console.error
      Error: Uncaught [Error: `Tooltip` must be used within `TooltipProvider`]
          at reportException (/app/node_modules/.pnpm/jsdom@20.0.3/node_modules/jsdom/lib/jsdom/living/helpers/runtime-script-errors.js:66:24)
          at innerInvokeEventListeners (/app/node_modules/.pnpm/jsdom@20.0.3/node_modules/jsdom/lib/jsdom/living/events/EventTarget-impl.js:353:9)
          at invokeEventListeners (/app/node_modules/.pnpm/jsdom@20.0.3/node_modules/jsdom/lib/jsdom/living/events/EventTarget-impl.js:286:3)
          at HTMLUnknownElementImpl._dispatch (/app/node_modules/.pnpm/jsdom@20.0.3/node_modules/jsdom/lib/jsdom/living/events/EventTarget-impl.js:233:9)
          at HTMLUnknownElementImpl.dispatchEvent (/app/node_modules/.pnpm/jsdom@20.0.3/node_modules/jsdom/lib/jsdom/living/events/EventTarget-impl.js:104:17)
          at HTMLUnknownElement.dispatchEvent (/app/node_modules/.pnpm/jsdom@20.0.3/node_modules/jsdom/lib/jsdom/living/generated/EventTarget.js:241:34)
          at Object.invokeGuardedCallbackDev (/app/node_modules/.pnpm/react-dom@18.3.1_react@18.3.1/node_modules/react-dom/cjs/react-dom.development.js:4213:16)
          at invokeGuardedCallback (/app/node_modules/.pnpm/react-dom@18.3.1_react@18.3.1/node_modules/react-dom/cjs/react-dom.development.js:4277:31)
          at beginWork$1 (/app/node_modules/.pnpm/react-dom@18.3.1_react@18.3.1/node_modules/react-dom/cjs/react-dom.development.js:27490:7)
          at performUnitOfWork (/app/node_modules/.pnpm/react-dom@18.3.1_react@18.3.1/node_modules/react-dom/cjs/react-dom.development.js:26599:12)
          at workLoopSync (/app/node_modules/.pnpm/react-dom@18.3.1_react@18.3.1/node_modules/react-dom/cjs/react-dom.development.js:26505:5)
          at renderRootSync (/app/node_modules/.pnpm/react-dom@18.3.1_react@18.3.1/node_modules/react-dom/cjs/react-dom.development.js:26473:7)
          at performConcurrentWorkOnRoot (/app/node_modules/.pnpm/react-dom@18.3.1_react@18.3.1/node_modules/react-dom/cjs/react-dom.development.js:25777:74)
          at flushActQueue (/app/node_modules/.pnpm/react@18.3.1/node_modules/react/cjs/react.development.js:2667:24)
          at act (/app/node_modules/.pnpm/react@18.3.1/node_modules/react/cjs/react.development.js:2582:11)
          at /app/node_modules/.pnpm/@testing-library+react@16.3.2_@testing-library+dom@10.4.1_@types+react-dom@18.3.7_@types+reac_3k5f6qynewwmkoqvlvtzlgtsjq/node_modules/@testing-library/react/dist/act-compat.js:46:25
          at renderRoot (/app/node_modules/.pnpm/@testing-library+react@16.3.2_@testing-library+dom@10.4.1_@types+react-dom@18.3.7_@types+reac_3k5f6qynewwmkoqvlvtzlgtsjq/node_modules/@testing-library/react/dist/pure.js:189:26)
          at render (/app/node_modules/.pnpm/@testing-library+react@16.3.2_@testing-library+dom@10.4.1_@types+react-dom@18.3.7_@types+reac_3k5f6qynewwmkoqvlvtzlgtsjq/node_modules/@testing-library/react/dist/pure.js:291:10)
          at Object.<anonymous> (/app/apps/admin/components/__tests__/roles-table.test.tsx:58:11)
          at Promise.then.completed (/app/node_modules/.pnpm/jest-circus@29.7.0/node_modules/jest-circus/build/utils.js:298:28)
          at new Promise (<anonymous>)
          at callAsyncCircusFn (/app/node_modules/.pnpm/jest-circus@29.7.0/node_modules/jest-circus/build/utils.js:231:10)
          at _callCircusTest (/app/node_modules/.pnpm/jest-circus@29.7.0/node_modules/jest-circus/build/run.js:316:40)
          at processTicksAndRejections (node:internal/process/task_queues:103:5)
          at _runTest (/app/node_modules/.pnpm/jest-circus@29.7.0/node_modules/jest-circus/build/run.js:252:3)
          at _runTestsForDescribeBlock (/app/node_modules/.pnpm/jest-circus@29.7.0/node_modules/jest-circus/build/run.js:126:9)
          at _runTestsForDescribeBlock (/app/node_modules/.pnpm/jest-circus@29.7.0/node_modules/jest-circus/build/run.js:121:9)
          at run (/app/node_modules/.pnpm/jest-circus@29.7.0/node_modules/jest-circus/build/run.js:71:3)
          at runAndTransformResultsToJestFormat (/app/node_modules/.pnpm/jest-circus@29.7.0/node_modules/jest-circus/build/legacy-code-todo-rewrite/jestAdapterInit.js:122:21)
          at jestAdapter (/app/node_modules/.pnpm/jest-circus@29.7.0/node_modules/jest-circus/build/legacy-code-todo-rewrite/jestAdapter.js:79:19)
          at runTestInternal (/app/node_modules/.pnpm/jest-runner@29.7.0/node_modules/jest-runner/build/runTest.js:367:16)
          at runTest (/app/node_modules/.pnpm/jest-runner@29.7.0/node_modules/jest-runner/build/runTest.js:444:34)
          at Object.worker (/app/node_modules/.pnpm/jest-runner@29.7.0/node_modules/jest-runner/build/testWorker.js:106:12) {
        detail: Error: `Tooltip` must be used within `TooltipProvider`
            at useContext2 (/app/node_modules/.pnpm/@radix-ui+react-context@1.1.2_@types+react@18.3.29_react@18.3.1/node_modules/@radix-ui/react-context/src/create-context.tsx:75:13)
            at Tooltip (/app/node_modules/.pnpm/@radix-ui+react-tooltip@1.2.8_@types+react-dom@18.3.7_@types+react@18.3.29__@types+react@18.3_xrwsnt2rmlacewwolijhmzdoxi/node_modules/@radix-ui/react-tooltip/src/tooltip.tsx:162:27)
            at renderWithHooks (/app/node_modules/.pnpm/react-dom@18.3.1_react@18.3.1/node_modules/react-dom/cjs/react-dom.development.js:15486:18)
            at mountIndeterminateComponent (/app/node_modules/.pnpm/react-dom@18.3.1_react@18.3.1/node_modules/react-dom/cjs/react-dom.development.js:20103:13)
            at beginWork (/app/node_modules/.pnpm/react-dom@18.3.1_react@18.3.1/node_modules/react-dom/cjs/react-dom.development.js:21626:16)
            at HTMLUnknownElement.callCallback (/app/node_modules/.pnpm/react-dom@18.3.1_react@18.3.1/node_modules/react-dom/cjs/react-dom.development.js:4164:14)
            at HTMLUnknownElement.callTheUserObjectsOperation (/app/node_modules/.pnpm/jsdom@20.0.3/node_modules/jsdom/lib/jsdom/living/generated/EventListener.js:26:30)
            at innerInvokeEventListeners (/app/node_modules/.pnpm/jsdom@20.0.3/node_modules/jsdom/lib/jsdom/living/events/EventTarget-impl.js:350:25)
            at invokeEventListeners (/app/node_modules/.pnpm/jsdom@20.0.3/node_modules/jsdom/lib/jsdom/living/events/EventTarget-impl.js:286:3)
            at HTMLUnknownElementImpl._dispatch (/app/node_modules/.pnpm/jsdom@20.0.3/node_modules/jsdom/lib/jsdom/living/events/EventTarget-impl.js:233:9)
            at HTMLUnknownElementImpl.dispatchEvent (/app/node_modules/.pnpm/jsdom@20.0.3/node_modules/jsdom/lib/jsdom/living/events/EventTarget-impl.js:104:17)
            at HTMLUnknownElement.dispatchEvent (/app/node_modules/.pnpm/jsdom@20.0.3/node_modules/jsdom/lib/jsdom/living/generated/EventTarget.js:241:34)
            at Object.invokeGuardedCallbackDev (/app/node_modules/.pnpm/react-dom@18.3.1_react@18.3.1/node_modules/react-dom/cjs/react-dom.development.js:4213:16)
            at invokeGuardedCallback (/app/node_modules/.pnpm/react-dom@18.3.1_react@18.3.1/node_modules/react-dom/cjs/react-dom.development.js:4277:31)
            at beginWork$1 (/app/node_modules/.pnpm/react-dom@18.3.1_react@18.3.1/node_modules/react-dom/cjs/react-dom.development.js:27490:7)
            at performUnitOfWork (/app/node_modules/.pnpm/react-dom@18.3.1_react@18.3.1/node_modules/react-dom/cjs/react-dom.development.js:26599:12)
            at workLoopSync (/app/node_modules/.pnpm/react-dom@18.3.1_react@18.3.1/node_modules/react-dom/cjs/react-dom.development.js:26505:5)
            at renderRootSync (/app/node_modules/.pnpm/react-dom@18.3.1_react@18.3.1/node_modules/react-dom/cjs/react-dom.development.js:26473:7)
            at performConcurrentWorkOnRoot (/app/node_modules/.pnpm/react-dom@18.3.1_react@18.3.1/node_modules/react-dom/cjs/react-dom.development.js:25777:74)
            at flushActQueue (/app/node_modules/.pnpm/react@18.3.1/node_modules/react/cjs/react.development.js:2667:24)
            at act (/app/node_modules/.pnpm/react@18.3.1/node_modules/react/cjs/react.development.js:2582:11)
            at /app/node_modules/.pnpm/@testing-library+react@16.3.2_@testing-library+dom@10.4.1_@types+react-dom@18.3.7_@types+reac_3k5f6qynewwmkoqvlvtzlgtsjq/node_modules/@testing-library/react/dist/act-compat.js:46:25
            at renderRoot (/app/node_modules/.pnpm/@testing-library+react@16.3.2_@testing-library+dom@10.4.1_@types+react-dom@18.3.7_@types+reac_3k5f6qynewwmkoqvlvtzlgtsjq/node_modules/@testing-library/react/dist/pure.js:189:26)
            at render (/app/node_modules/.pnpm/@testing-library+react@16.3.2_@testing-library+dom@10.4.1_@types+react-dom@18.3.7_@types+reac_3k5f6qynewwmkoqvlvtzlgtsjq/node_modules/@testing-library/react/dist/pure.js:291:10)
            at Object.<anonymous> (/app/apps/admin/components/__tests__/roles-table.test.tsx:58:11)
            at Promise.then.completed (/app/node_modules/.pnpm/jest-circus@29.7.0/node_modules/jest-circus/build/utils.js:298:28)
            at new Promise (<anonymous>)
            at callAsyncCircusFn (/app/node_modules/.pnpm/jest-circus@29.7.0/node_modules/jest-circus/build/utils.js:231:10)
            at _callCircusTest (/app/node_modules/.pnpm/jest-circus@29.7.0/node_modules/jest-circus/build/run.js:316:40)
            at processTicksAndRejections (node:internal/process/task_queues:103:5)
            at _runTest (/app/node_modules/.pnpm/jest-circus@29.7.0/node_modules/jest-circus/build/run.js:252:3)
            at _runTestsForDescribeBlock (/app/node_modules/.pnpm/jest-circus@29.7.0/node_modules/jest-circus/build/run.js:126:9)
            at _runTestsForDescribeBlock (/app/node_modules/.pnpm/jest-circus@29.7.0/node_modules/jest-circus/build/run.js:121:9)
            at run (/app/node_modules/.pnpm/jest-circus@29.7.0/node_modules/jest-circus/build/run.js:71:3)
            at runAndTransformResultsToJestFormat (/app/node_modules/.pnpm/jest-circus@29.7.0/node_modules/jest-circus/build/legacy-code-todo-rewrite/jestAdapterInit.js:122:21)
            at jestAdapter (/app/node_modules/.pnpm/jest-circus@29.7.0/node_modules/jest-circus/build/legacy-code-todo-rewrite/jestAdapter.js:79:19)
            at runTestInternal (/app/node_modules/.pnpm/jest-runner@29.7.0/node_modules/jest-runner/build/runTest.js:367:16)
            at runTest (/app/node_modules/.pnpm/jest-runner@29.7.0/node_modules/jest-runner/build/runTest.js:444:34)
            at Object.worker (/app/node_modules/.pnpm/jest-runner@29.7.0/node_modules/jest-runner/build/testWorker.js:106:12),
        type: 'unhandled exception'
      }

      56 |
      57 |   it('renders rows with role names and app names', () => {
    > 58 |     render(withIntl(<RolesTable initial={initial} apps={apps} />))
         |           ^
      59 |     expect(screen.getByText('Editor')).toBeInTheDocument()
      60 |     expect(screen.getByText('Platform Admin')).toBeInTheDocument()
      61 |     // "Customer Portal" appears in the row AND in the filter <option>; assert >=1.

      at VirtualConsole.<anonymous> (../../node_modules/.pnpm/jest-environment-jsdom@29.7.0/node_modules/jest-environment-jsdom/build/index.js:63:23)
      at reportException (../../node_modules/.pnpm/jsdom@20.0.3/node_modules/jsdom/lib/jsdom/living/helpers/runtime-script-errors.js:70:28)
      at innerInvokeEventListeners (../../node_modules/.pnpm/jsdom@20.0.3/node_modules/jsdom/lib/jsdom/living/events/EventTarget-impl.js:353:9)
      at invokeEventListeners (../../node_modules/.pnpm/jsdom@20.0.3/node_modules/jsdom/lib/jsdom/living/events/EventTarget-impl.js:286:3)
      at HTMLUnknownElementImpl._dispatch (../../node_modules/.pnpm/jsdom@20.0.3/node_modules/jsdom/lib/jsdom/living/events/EventTarget-impl.js:233:9)
      at HTMLUnknownElementImpl.dispatchEvent (../../node_modules/.pnpm/jsdom@20.0.3/node_modules/jsdom/lib/jsdom/living/events/EventTarget-impl.js:104:17)
      at HTMLUnknownElement.dispatchEvent (../../node_modules/.pnpm/jsdom@20.0.3/node_modules/jsdom/lib/jsdom/living/generated/EventTarget.js:241:34)
      at Object.invokeGuardedCallbackDev (../../node_modules/.pnpm/react-dom@18.3.1_react@18.3.1/node_modules/react-dom/cjs/react-dom.development.js:4213:16)
      at invokeGuardedCallback (../../node_modules/.pnpm/react-dom@18.3.1_react@18.3.1/node_modules/react-dom/cjs/react-dom.development.js:4277:31)
      at beginWork$1 (../../node_modules/.pnpm/react-dom@18.3.1_react@18.3.1/node_modules/react-dom/cjs/react-dom.development.js:27490:7)
      at performUnitOfWork (../../node_modules/.pnpm/react-dom@18.3.1_react@18.3.1/node_modules/react-dom/cjs/react-dom.development.js:26599:12)
      at workLoopSync (../../node_modules/.pnpm/react-dom@18.3.1_react@18.3.1/node_modules/react-dom/cjs/react-dom.development.js:26505:5)
      at renderRootSync (../../node_modules/.pnpm/react-dom@18.3.1_react@18.3.1/node_modules/react-dom/cjs/react-dom.development.js:26473:7)
      at performConcurrentWorkOnRoot (../../node_modules/.pnpm/react-dom@18.3.1_react@18.3.1/node_modules/react-dom/cjs/react-dom.development.js:25777:74)
      at flushActQueue (../../node_modules/.pnpm/react@18.3.1/node_modules/react/cjs/react.development.js:2667:24)
      at act (../../node_modules/.pnpm/react@18.3.1/node_modules/react/cjs/react.development.js:2582:11)
      at ../../node_modules/.pnpm/@testing-library+react@16.3.2_@testing-library+dom@10.4.1_@types+react-dom@18.3.7_@types+reac_3k5f6qynewwmkoqvlvtzlgtsjq/node_modules/@testing-library/react/dist/act-compat.js:46:25
      at renderRoot (../../node_modules/.pnpm/@testing-library+react@16.3.2_@testing-library+dom@10.4.1_@types+react-dom@18.3.7_@types+reac_3k5f6qynewwmkoqvlvtzlgtsjq/node_modules/@testing-library/react/dist/pure.js:189:26)
      at render (../../node_modules/.pnpm/@testing-library+react@16.3.2_@testing-library+dom@10.4.1_@types+react-dom@18.3.7_@types+reac_3k5f6qynewwmkoqvlvtzlgtsjq/node_modules/@testing-library/react/dist/pure.js:291:10)
      at Object.<anonymous> (components/__tests__/roles-table.test.tsx:58:11)

    console.error
      Error: Uncaught [Error: `Tooltip` must be used within `TooltipProvider`]
          at reportException (/app/node_modules/.pnpm/jsdom@20.0.3/node_modules/jsdom/lib/jsdom/living/helpers/runtime-script-errors.js:66:24)
          at innerInvokeEventListeners (/app/node_modules/.pnpm/jsdom@20.0.3/node_modules/jsdom/lib/jsdom/living/events/EventTarget-impl.js:353:9)
          at invokeEventListeners (/app/node_modules/.pnpm/jsdom@20.0.3/node_modules/jsdom/lib/jsdom/living/events/EventTarget-impl.js:286:3)
          at HTMLUnknownElementImpl._dispatch (/app/node_modules/.pnpm/jsdom@20.0.3/node_modules/jsdom/lib/jsdom/living/events/EventTarget-impl.js:233:9)
          at HTMLUnknownElementImpl.dispatchEvent (/app/node_modules/.pnpm/jsdom@20.0.3/node_modules/jsdom/lib/jsdom/living/events/EventTarget-impl.js:104:17)
          at HTMLUnknownElement.dispatchEvent (/app/node_modules/.pnpm/jsdom@20.0.3/node_modules/jsdom/lib/jsdom/living/generated/EventTarget.js:241:34)
          at Object.invokeGuardedCallbackDev (/app/node_modules/.pnpm/react-dom@18.3.1_react@18.3.1/node_modules/react-dom/cjs/react-dom.development.js:4213:16)
          at invokeGuardedCallback (/app/node_modules/.pnpm/react-dom@18.3.1_react@18.3.1/node_modules/react-dom/cjs/react-dom.development.js:4277:31)
          at beginWork$1 (/app/node_modules/.pnpm/react-dom@18.3.1_react@18.3.1/node_modules/react-dom/cjs/react-dom.development.js:27490:7)
          at performUnitOfWork (/app/node_modules/.pnpm/react-dom@18.3.1_react@18.3.1/node_modules/react-dom/cjs/react-dom.development.js:26599:12)
          at workLoopSync (/app/node_modules/.pnpm/react-dom@18.3.1_react@18.3.1/node_modules/react-dom/cjs/react-dom.development.js:26505:5)
          at renderRootSync (/app/node_modules/.pnpm/react-dom@18.3.1_react@18.3.1/node_modules/react-dom/cjs/react-dom.development.js:26473:7)
          at recoverFromConcurrentError (/app/node_modules/.pnpm/react-dom@18.3.1_react@18.3.1/node_modules/react-dom/cjs/react-dom.development.js:25889:20)
          at performConcurrentWorkOnRoot (/app/node_modules/.pnpm/react-dom@18.3.1_react@18.3.1/node_modules/react-dom/cjs/react-dom.development.js:25789:22)
          at flushActQueue (/app/node_modules/.pnpm/react@18.3.1/node_modules/react/cjs/react.development.js:2667:24)
          at act (/app/node_modules/.pnpm/react@18.3.1/node_modules/react/cjs/react.development.js:2582:11)
          at /app/node_modules/.pnpm/@testing-library+react@16.3.2_@testing-library+dom@10.4.1_@types+react-dom@18.3.7_@types+reac_3k5f6qynewwmkoqvlvtzlgtsjq/node_modules/@testing-library/react/dist/act-compat.js:46:25
          at renderRoot (/app/node_modules/.pnpm/@testing-library+react@16.3.2_@testing-library+dom@10.4.1_@types+react-dom@18.3.7_@types+reac_3k5f6qynewwmkoqvlvtzlgtsjq/node_modules/@testing-library/react/dist/pure.js:189:26)
          at render (/app/node_modules/.pnpm/@testing-library+react@16.3.2_@testing-library+dom@10.4.1_@types+react-dom@18.3.7_@types+reac_3k5f6qynewwmkoqvlvtzlgtsjq/node_modules/@testing-library/react/dist/pure.js:291:10)
          at Object.<anonymous> (/app/apps/admin/components/__tests__/roles-table.test.tsx:58:11)
          at Promise.then.completed (/app/node_modules/.pnpm/jest-circus@29.7.0/node_modules/jest-circus/build/utils.js:298:28)
          at new Promise (<anonymous>)
          at callAsyncCircusFn (/app/node_modules/.pnpm/jest-circus@29.7.0/node_modules/jest-circus/build/utils.js:231:10)
          at _callCircusTest (/app/node_modules/.pnpm/jest-circus@29.7.0/node_modules/jest-circus/build/run.js:316:40)
          at processTicksAndRejections (node:internal/process/task_queues:103:5)
          at _runTest (/app/node_modules/.pnpm/jest-circus@29.7.0/node_modules/jest-circus/build/run.js:252:3)
          at _runTestsForDescribeBlock (/app/node_modules/.pnpm/jest-circus@29.7.0/node_modules/jest-circus/build/run.js:126:9)
          at _runTestsForDescribeBlock (/app/node_modules/.pnpm/jest-circus@29.7.0/node_modules/jest-circus/build/run.js:121:9)
          at run (/app/node_modules/.pnpm/jest-circus@29.7.0/node_modules/jest-circus/build/run.js:71:3)
          at runAndTransformResultsToJestFormat (/app/node_modules/.pnpm/jest-circus@29.7.0/node_modules/jest-circus/build/legacy-code-todo-rewrite/jestAdapterInit.js:122:21)
          at jestAdapter (/app/node_modules/.pnpm/jest-circus@29.7.0/node_modules/jest-circus/build/legacy-code-todo-rewrite/jestAdapter.js:79:19)
          at runTestInternal (/app/node_modules/.pnpm/jest-runner@29.7.0/node_modules/jest-runner/build/runTest.js:367:16)
          at runTest (/app/node_modules/.pnpm/jest-runner@29.7.0/node_modules/jest-runner/build/runTest.js:444:34)
          at Object.worker (/app/node_modules/.pnpm/jest-runner@29.7.0/node_modules/jest-runner/build/testWorker.js:106:12) {
        detail: Error: `Tooltip` must be used within `TooltipProvider`
            at useContext2 (/app/node_modules/.pnpm/@radix-ui+react-context@1.1.2_@types+react@18.3.29_react@18.3.1/node_modules/@radix-ui/react-context/src/create-context.tsx:75:13)
            at Tooltip (/app/node_modules/.pnpm/@radix-ui+react-tooltip@1.2.8_@types+react-dom@18.3.7_@types+react@18.3.29__@types+react@18.3_xrwsnt2rmlacewwolijhmzdoxi/node_modules/@radix-ui/react-tooltip/src/tooltip.tsx:162:27)
            at renderWithHooks (/app/node_modules/.pnpm/react-dom@18.3.1_react@18.3.1/node_modules/react-dom/cjs/react-dom.development.js:15486:18)
            at mountIndeterminateComponent (/app/node_modules/.pnpm/react-dom@18.3.1_react@18.3.1/node_modules/react-dom/cjs/react-dom.development.js:20103:13)
            at beginWork (/app/node_modules/.pnpm/react-dom@18.3.1_react@18.3.1/node_modules/react-dom/cjs/react-dom.development.js:21626:16)
            at HTMLUnknownElement.callCallback (/app/node_modules/.pnpm/react-dom@18.3.1_react@18.3.1/node_modules/react-dom/cjs/react-dom.development.js:4164:14)
            at HTMLUnknownElement.callTheUserObjectsOperation (/app/node_modules/.pnpm/jsdom@20.0.3/node_modules/jsdom/lib/jsdom/living/generated/EventListener.js:26:30)
            at innerInvokeEventListeners (/app/node_modules/.pnpm/jsdom@20.0.3/node_modules/jsdom/lib/jsdom/living/events/EventTarget-impl.js:350:25)
            at invokeEventListeners (/app/node_modules/.pnpm/jsdom@20.0.3/node_modules/jsdom/lib/jsdom/living/events/EventTarget-impl.js:286:3)
            at HTMLUnknownElementImpl._dispatch (/app/node_modules/.pnpm/jsdom@20.0.3/node_modules/jsdom/lib/jsdom/living/events/EventTarget-impl.js:233:9)
            at HTMLUnknownElementImpl.dispatchEvent (/app/node_modules/.pnpm/jsdom@20.0.3/node_modules/jsdom/lib/jsdom/living/events/EventTarget-impl.js:104:17)
            at HTMLUnknownElement.dispatchEvent (/app/node_modules/.pnpm/jsdom@20.0.3/node_modules/jsdom/lib/jsdom/living/generated/EventTarget.js:241:34)
            at Object.invokeGuardedCallbackDev (/app/node_modules/.pnpm/react-dom@18.3.1_react@18.3.1/node_modules/react-dom/cjs/react-dom.development.js:4213:16)
            at invokeGuardedCallback (/app/node_modules/.pnpm/react-dom@18.3.1_react@18.3.1/node_modules/react-dom/cjs/react-dom.development.js:4277:31)
            at beginWork$1 (/app/node_modules/.pnpm/react-dom@18.3.1_react@18.3.1/node_modules/react-dom/cjs/react-dom.development.js:27490:7)
            at performUnitOfWork (/app/node_modules/.pnpm/react-dom@18.3.1_react@18.3.1/node_modules/react-dom/cjs/react-dom.development.js:26599:12)
            at workLoopSync (/app/node_modules/.pnpm/react-dom@18.3.1_react@18.3.1/node_modules/react-dom/cjs/react-dom.development.js:26505:5)
            at renderRootSync (/app/node_modules/.pnpm/react-dom@18.3.1_react@18.3.1/node_modules/react-dom/cjs/react-dom.development.js:26473:7)
            at recoverFromConcurrentError (/app/node_modules/.pnpm/react-dom@18.3.1_react@18.3.1/node_modules/react-dom/cjs/react-dom.development.js:25889:20)
            at performConcurrentWorkOnRoot (/app/node_modules/.pnpm/react-dom@18.3.1_react@18.3.1/node_modules/react-dom/cjs/react-dom.development.js:25789:22)
            at flushActQueue (/app/node_modules/.pnpm/react@18.3.1/node_modules/react/cjs/react.development.js:2667:24)
            at act (/app/node_modules/.pnpm/react@18.3.1/node_modules/react/cjs/react.development.js:2582:11)
            at /app/node_modules/.pnpm/@testing-library+react@16.3.2_@testing-library+dom@10.4.1_@types+react-dom@18.3.7_@types+reac_3k5f6qynewwmkoqvlvtzlgtsjq/node_modules/@testing-library/react/dist/act-compat.js:46:25
            at renderRoot (/app/node_modules/.pnpm/@testing-library+react@16.3.2_@testing-library+dom@10.4.1_@types+react-dom@18.3.7_@types+reac_3k5f6qynewwmkoqvlvtzlgtsjq/node_modules/@testing-library/react/dist/pure.js:189:26)
            at render (/app/node_modules/.pnpm/@testing-library+react@16.3.2_@testing-library+dom@10.4.1_@types+react-dom@18.3.7_@types+reac_3k5f6qynewwmkoqvlvtzlgtsjq/node_modules/@testing-library/react/dist/pure.js:291:10)
            at Object.<anonymous> (/app/apps/admin/components/__tests__/roles-table.test.tsx:58:11)
            at Promise.then.completed (/app/node_modules/.pnpm/jest-circus@29.7.0/node_modules/jest-circus/build/utils.js:298:28)
            at new Promise (<anonymous>)
            at callAsyncCircusFn (/app/node_modules/.pnpm/jest-circus@29.7.0/node_modules/jest-circus/build/utils.js:231:10)
            at _callCircusTest (/app/node_modules/.pnpm/jest-circus@29.7.0/node_modules/jest-circus/build/run.js:316:40)
            at processTicksAndRejections (node:internal/process/task_queues:103:5)
            at _runTest (/app/node_modules/.pnpm/jest-circus@29.7.0/node_modules/jest-circus/build/run.js:252:3)
            at _runTestsForDescribeBlock (/app/node_modules/.pnpm/jest-circus@29.7.0/node_modules/jest-circus/build/run.js:126:9)
            at _runTestsForDescribeBlock (/app/node_modules/.pnpm/jest-circus@29.7.0/node_modules/jest-circus/build/run.js:121:9)
            at run (/app/node_modules/.pnpm/jest-circus@29.7.0/node_modules/jest-circus/build/run.js:71:3)
            at runAndTransformResultsToJestFormat (/app/node_modules/.pnpm/jest-circus@29.7.0/node_modules/jest-circus/build/legacy-code-todo-rewrite/jestAdapterInit.js:122:21)
            at jestAdapter (/app/node_modules/.pnpm/jest-circus@29.7.0/node_modules/jest-circus/build/legacy-code-todo-rewrite/jestAdapter.js:79:19)
            at runTestInternal (/app/node_modules/.pnpm/jest-runner@29.7.0/node_modules/jest-runner/build/runTest.js:367:16)
            at runTest (/app/node_modules/.pnpm/jest-runner@29.7.0/node_modules/jest-runner/build/runTest.js:444:34)
            at Object.worker (/app/node_modules/.pnpm/jest-runner@29.7.0/node_modules/jest-runner/build/testWorker.js:106:12),
        type: 'unhandled exception'
      }

      56 |
      57 |   it('renders rows with role names and app names', () => {
    > 58 |     render(withIntl(<RolesTable initial={initial} apps={apps} />))
         |           ^
      59 |     expect(screen.getByText('Editor')).toBeInTheDocument()
      60 |     expect(screen.getByText('Platform Admin')).toBeInTheDocument()
      61 |     // "Customer Portal" appears in the row AND in the filter <option>; assert >=1.

      at VirtualConsole.<anonymous> (../../node_modules/.pnpm/jest-environment-jsdom@29.7.0/node_modules/jest-environment-jsdom/build/index.js:63:23)
      at reportException (../../node_modules/.pnpm/jsdom@20.0.3/node_modules/jsdom/lib/jsdom/living/helpers/runtime-script-errors.js:70:28)
      at innerInvokeEventListeners (../../node_modules/.pnpm/jsdom@20.0.3/node_modules/jsdom/lib/jsdom/living/events/EventTarget-impl.js:353:9)
      at invokeEventListeners (../../node_modules/.pnpm/jsdom@20.0.3/node_modules/jsdom/lib/jsdom/living/events/EventTarget-impl.js:286:3)
      at HTMLUnknownElementImpl._dispatch (../../node_modules/.pnpm/jsdom@20.0.3/node_modules/jsdom/lib/jsdom/living/events/EventTarget-impl.js:233:9)
      at HTMLUnknownElementImpl.dispatchEvent (../../node_modules/.pnpm/jsdom@20.0.3/node_modules/jsdom/lib/jsdom/living/events/EventTarget-impl.js:104:17)
      at HTMLUnknownElement.dispatchEvent (../../node_modules/.pnpm/jsdom@20.0.3/node_modules/jsdom/lib/jsdom/living/generated/EventTarget.js:241:34)
      at Object.invokeGuardedCallbackDev (../../node_modules/.pnpm/react-dom@18.3.1_react@18.3.1/node_modules/react-dom/cjs/react-dom.development.js:4213:16)
      at invokeGuardedCallback (../../node_modules/.pnpm/react-dom@18.3.1_react@18.3.1/node_modules/react-dom/cjs/react-dom.development.js:4277:31)
      at beginWork$1 (../../node_modules/.pnpm/react-dom@18.3.1_react@18.3.1/node_modules/react-dom/cjs/react-dom.development.js:27490:7)
      at performUnitOfWork (../../node_modules/.pnpm/react-dom@18.3.1_react@18.3.1/node_modules/react-dom/cjs/react-dom.development.js:26599:12)
      at workLoopSync (../../node_modules/.pnpm/react-dom@18.3.1_react@18.3.1/node_modules/react-dom/cjs/react-dom.development.js:26505:5)
      at renderRootSync (../../node_modules/.pnpm/react-dom@18.3.1_react@18.3.1/node_modules/react-dom/cjs/react-dom.development.js:26473:7)
      at recoverFromConcurrentError (../../node_modules/.pnpm/react-dom@18.3.1_react@18.3.1/node_modules/react-dom/cjs/react-dom.development.js:25889:20)
      at performConcurrentWorkOnRoot (../../node_modules/.pnpm/react-dom@18.3.1_react@18.3.1/node_modules/react-dom/cjs/react-dom.development.js:25789:22)
      at flushActQueue (../../node_modules/.pnpm/react@18.3.1/node_modules/react/cjs/react.development.js:2667:24)
      at act (../../node_modules/.pnpm/react@18.3.1/node_modules/react/cjs/react.development.js:2582:11)
      at ../../node_modules/.pnpm/@testing-library+react@16.3.2_@testing-library+dom@10.4.1_@types+react-dom@18.3.7_@types+reac_3k5f6qynewwmkoqvlvtzlgtsjq/node_modules/@testing-library/react/dist/act-compat.js:46:25
      at renderRoot (../../node_modules/.pnpm/@testing-library+react@16.3.2_@testing-library+dom@10.4.1_@types+react-dom@18.3.7_@types+reac_3k5f6qynewwmkoqvlvtzlgtsjq/node_modules/@testing-library/react/dist/pure.js:189:26)
      at render (../../node_modules/.pnpm/@testing-library+react@16.3.2_@testing-library+dom@10.4.1_@types+react-dom@18.3.7_@types+reac_3k5f6qynewwmkoqvlvtzlgtsjq/node_modules/@testing-library/react/dist/pure.js:291:10)
      at Object.<anonymous> (components/__tests__/roles-table.test.tsx:58:11)

    console.error
      Error: Uncaught [Error: `Tooltip` must be used within `TooltipProvider`]
          at reportException (/app/node_modules/.pnpm/jsdom@20.0.3/node_modules/jsdom/lib/jsdom/living/helpers/runtime-script-errors.js:66:24)
          at innerInvokeEventListeners (/app/node_modules/.pnpm/jsdom@20.0.3/node_modules/jsdom/lib/jsdom/living/events/EventTarget-impl.js:353:9)
          at invokeEventListeners (/app/node_modules/.pnpm/jsdom@20.0.3/node_modules/jsdom/lib/jsdom/living/events/EventTarget-impl.js:286:3)
          at HTMLUnknownElementImpl._dispatch (/app/node_modules/.pnpm/jsdom@20.0.3/node_modules/jsdom/lib/jsdom/living/events/EventTarget-impl.js:233:9)
          at HTMLUnknownElementImpl.dispatchEvent (/app/node_modules/.pnpm/jsdom@20.0.3/node_modules/jsdom/lib/jsdom/living/events/EventTarget-impl.js:104:17)
          at HTMLUnknownElement.dispatchEvent (/app/node_modules/.pnpm/jsdom@20.0.3/node_modules/jsdom/lib/jsdom/living/generated/EventTarget.js:241:34)
          at Object.invokeGuardedCallbackDev (/app/node_modules/.pnpm/react-dom@18.3.1_react@18.3.1/node_modules/react-dom/cjs/react-dom.development.js:4213:16)
          at invokeGuardedCallback (/app/node_modules/.pnpm/react-dom@18.3.1_react@18.3.1/node_modules/react-dom/cjs/react-dom.development.js:4277:31)
          at beginWork$1 (/app/node_modules/.pnpm/react-dom@18.3.1_react@18.3.1/node_modules/react-dom/cjs/react-dom.development.js:27490:7)
          at performUnitOfWork (/app/node_modules/.pnpm/react-dom@18.3.1_react@18.3.1/node_modules/react-dom/cjs/react-dom.development.js:26599:12)
          at workLoopSync (/app/node_modules/.pnpm/react-dom@18.3.1_react@18.3.1/node_modules/react-dom/cjs/react-dom.development.js:26505:5)
          at renderRootSync (/app/node_modules/.pnpm/react-dom@18.3.1_react@18.3.1/node_modules/react-dom/cjs/react-dom.development.js:26473:7)
          at recoverFromConcurrentError (/app/node_modules/.pnpm/react-dom@18.3.1_react@18.3.1/node_modules/react-dom/cjs/react-dom.development.js:25889:20)
          at performConcurrentWorkOnRoot (/app/node_modules/.pnpm/react-dom@18.3.1_react@18.3.1/node_modules/react-dom/cjs/react-dom.development.js:25789:22)
          at flushActQueue (/app/node_modules/.pnpm/react@18.3.1/node_modules/react/cjs/react.development.js:2667:24)
          at act (/app/node_modules/.pnpm/react@18.3.1/node_modules/react/cjs/react.development.js:2582:11)
          at /app/node_modules/.pnpm/@testing-library+react@16.3.2_@testing-library+dom@10.4.1_@types+react-dom@18.3.7_@types+reac_3k5f6qynewwmkoqvlvtzlgtsjq/node_modules/@testing-library/react/dist/act-compat.js:46:25
          at renderRoot (/app/node_modules/.pnpm/@testing-library+react@16.3.2_@testing-library+dom@10.4.1_@types+react-dom@18.3.7_@types+reac_3k5f6qynewwmkoqvlvtzlgtsjq/node_modules/@testing-library/react/dist/pure.js:189:26)
          at render (/app/node_modules/.pnpm/@testing-library+react@16.3.2_@testing-library+dom@10.4.1_@types+react-dom@18.3.7_@types+reac_3k5f6qynewwmkoqvlvtzlgtsjq/node_modules/@testing-library/react/dist/pure.js:291:10)
          at Object.<anonymous> (/app/apps/admin/components/__tests__/roles-table.test.tsx:58:11)
          at Promise.then.completed (/app/node_modules/.pnpm/jest-circus@29.7.0/node_modules/jest-circus/build/utils.js:298:28)
          at new Promise (<anonymous>)
          at callAsyncCircusFn (/app/node_modules/.pnpm/jest-circus@29.7.0/node_modules/jest-circus/build/utils.js:231:10)
          at _callCircusTest (/app/node_modules/.pnpm/jest-circus@29.7.0/node_modules/jest-circus/build/run.js:316:40)
          at processTicksAndRejections (node:internal/process/task_queues:103:5)
          at _runTest (/app/node_modules/.pnpm/jest-circus@29.7.0/node_modules/jest-circus/build/run.js:252:3)
          at _runTestsForDescribeBlock (/app/node_modules/.pnpm/jest-circus@29.7.0/node_modules/jest-circus/build/run.js:126:9)
          at _runTestsForDescribeBlock (/app/node_modules/.pnpm/jest-circus@29.7.0/node_modules/jest-circus/build/run.js:121:9)
          at run (/app/node_modules/.pnpm/jest-circus@29.7.0/node_modules/jest-circus/build/run.js:71:3)
          at runAndTransformResultsToJestFormat (/app/node_modules/.pnpm/jest-circus@29.7.0/node_modules/jest-circus/build/legacy-code-todo-rewrite/jestAdapterInit.js:122:21)
          at jestAdapter (/app/node_modules/.pnpm/jest-circus@29.7.0/node_modules/jest-circus/build/legacy-code-todo-rewrite/jestAdapter.js:79:19)
          at runTestInternal (/app/node_modules/.pnpm/jest-runner@29.7.0/node_modules/jest-runner/build/runTest.js:367:16)
          at runTest (/app/node_modules/.pnpm/jest-runner@29.7.0/node_modules/jest-runner/build/runTest.js:444:34)
          at Object.worker (/app/node_modules/.pnpm/jest-runner@29.7.0/node_modules/jest-runner/build/testWorker.js:106:12) {
        detail: Error: `Tooltip` must be used within `TooltipProvider`
            at useContext2 (/app/node_modules/.pnpm/@radix-ui+react-context@1.1.2_@types+react@18.3.29_react@18.3.1/node_modules/@radix-ui/react-context/src/create-context.tsx:75:13)
            at Tooltip (/app/node_modules/.pnpm/@radix-ui+react-tooltip@1.2.8_@types+react-dom@18.3.7_@types+react@18.3.29__@types+react@18.3_xrwsnt2rmlacewwolijhmzdoxi/node_modules/@radix-ui/react-tooltip/src/tooltip.tsx:162:27)
            at renderWithHooks (/app/node_modules/.pnpm/react-dom@18.3.1_react@18.3.1/node_modules/react-dom/cjs/react-dom.development.js:15486:18)
            at mountIndeterminateComponent (/app/node_modules/.pnpm/react-dom@18.3.1_react@18.3.1/node_modules/react-dom/cjs/react-dom.development.js:20103:13)
            at beginWork (/app/node_modules/.pnpm/react-dom@18.3.1_react@18.3.1/node_modules/react-dom/cjs/react-dom.development.js:21626:16)
            at HTMLUnknownElement.callCallback (/app/node_modules/.pnpm/react-dom@18.3.1_react@18.3.1/node_modules/react-dom/cjs/react-dom.development.js:4164:14)
            at HTMLUnknownElement.callTheUserObjectsOperation (/app/node_modules/.pnpm/jsdom@20.0.3/node_modules/jsdom/lib/jsdom/living/generated/EventListener.js:26:30)
            at innerInvokeEventListeners (/app/node_modules/.pnpm/jsdom@20.0.3/node_modules/jsdom/lib/jsdom/living/events/EventTarget-impl.js:350:25)
            at invokeEventListeners (/app/node_modules/.pnpm/jsdom@20.0.3/node_modules/jsdom/lib/jsdom/living/events/EventTarget-impl.js:286:3)
            at HTMLUnknownElementImpl._dispatch (/app/node_modules/.pnpm/jsdom@20.0.3/node_modules/jsdom/lib/jsdom/living/events/EventTarget-impl.js:233:9)
            at HTMLUnknownElementImpl.dispatchEvent (/app/node_modules/.pnpm/jsdom@20.0.3/node_modules/jsdom/lib/jsdom/living/events/EventTarget-impl.js:104:17)
            at HTMLUnknownElement.dispatchEvent (/app/node_modules/.pnpm/jsdom@20.0.3/node_modules/jsdom/lib/jsdom/living/generated/EventTarget.js:241:34)
            at Object.invokeGuardedCallbackDev (/app/node_modules/.pnpm/react-dom@18.3.1_react@18.3.1/node_modules/react-dom/cjs/react-dom.development.js:4213:16)
            at invokeGuardedCallback (/app/node_modules/.pnpm/react-dom@18.3.1_react@18.3.1/node_modules/react-dom/cjs/react-dom.development.js:4277:31)
            at beginWork$1 (/app/node_modules/.pnpm/react-dom@18.3.1_react@18.3.1/node_modules/react-dom/cjs/react-dom.development.js:27490:7)
            at performUnitOfWork (/app/node_modules/.pnpm/react-dom@18.3.1_react@18.3.1/node_modules/react-dom/cjs/react-dom.development.js:26599:12)
            at workLoopSync (/app/node_modules/.pnpm/react-dom@18.3.1_react@18.3.1/node_modules/react-dom/cjs/react-dom.development.js:26505:5)
            at renderRootSync (/app/node_modules/.pnpm/react-dom@18.3.1_react@18.3.1/node_modules/react-dom/cjs/react-dom.development.js:26473:7)
            at recoverFromConcurrentError (/app/node_modules/.pnpm/react-dom@18.3.1_react@18.3.1/node_modules/react-dom/cjs/react-dom.development.js:25889:20)
            at performConcurrentWorkOnRoot (/app/node_modules/.pnpm/react-dom@18.3.1_react@18.3.1/node_modules/react-dom/cjs/react-dom.development.js:25789:22)
            at flushActQueue (/app/node_modules/.pnpm/react@18.3.1/node_modules/react/cjs/react.development.js:2667:24)
            at act (/app/node_modules/.pnpm/react@18.3.1/node_modules/react/cjs/react.development.js:2582:11)
            at /app/node_modules/.pnpm/@testing-library+react@16.3.2_@testing-library+dom@10.4.1_@types+react-dom@18.3.7_@types+reac_3k5f6qynewwmkoqvlvtzlgtsjq/node_modules/@testing-library/react/dist/act-compat.js:46:25
            at renderRoot (/app/node_modules/.pnpm/@testing-library+react@16.3.2_@testing-library+dom@10.4.1_@types+react-dom@18.3.7_@types+reac_3k5f6qynewwmkoqvlvtzlgtsjq/node_modules/@testing-library/react/dist/pure.js:189:26)
            at render (/app/node_modules/.pnpm/@testing-library+react@16.3.2_@testing-library+dom@10.4.1_@types+react-dom@18.3.7_@types+reac_3k5f6qynewwmkoqvlvtzlgtsjq/node_modules/@testing-library/react/dist/pure.js:291:10)
            at Object.<anonymous> (/app/apps/admin/components/__tests__/roles-table.test.tsx:58:11)
            at Promise.then.completed (/app/node_modules/.pnpm/jest-circus@29.7.0/node_modules/jest-circus/build/utils.js:298:28)
            at new Promise (<anonymous>)
            at callAsyncCircusFn (/app/node_modules/.pnpm/jest-circus@29.7.0/node_modules/jest-circus/build/utils.js:231:10)
            at _callCircusTest (/app/node_modules/.pnpm/jest-circus@29.7.0/node_modules/jest-circus/build/run.js:316:40)
            at processTicksAndRejections (node:internal/process/task_queues:103:5)
            at _runTest (/app/node_modules/.pnpm/jest-circus@29.7.0/node_modules/jest-circus/build/run.js:252:3)
            at _runTestsForDescribeBlock (/app/node_modules/.pnpm/jest-circus@29.7.0/node_modules/jest-circus/build/run.js:126:9)
            at _runTestsForDescribeBlock (/app/node_modules/.pnpm/jest-circus@29.7.0/node_modules/jest-circus/build/run.js:121:9)
            at run (/app/node_modules/.pnpm/jest-circus@29.7.0/node_modules/jest-circus/build/run.js:71:3)
            at runAndTransformResultsToJestFormat (/app/node_modules/.pnpm/jest-circus@29.7.0/node_modules/jest-circus/build/legacy-code-todo-rewrite/jestAdapterInit.js:122:21)
            at jestAdapter (/app/node_modules/.pnpm/jest-circus@29.7.0/node_modules/jest-circus/build/legacy-code-todo-rewrite/jestAdapter.js:79:19)
            at runTestInternal (/app/node_modules/.pnpm/jest-runner@29.7.0/node_modules/jest-runner/build/runTest.js:367:16)
            at runTest (/app/node_modules/.pnpm/jest-runner@29.7.0/node_modules/jest-runner/build/runTest.js:444:34)
            at Object.worker (/app/node_modules/.pnpm/jest-runner@29.7.0/node_modules/jest-runner/build/testWorker.js:106:12),
        type: 'unhandled exception'
      }

      56 |
      57 |   it('renders rows with role names and app names', () => {
    > 58 |     render(withIntl(<RolesTable initial={initial} apps={apps} />))
         |           ^
      59 |     expect(screen.getByText('Editor')).toBeInTheDocument()
      60 |     expect(screen.getByText('Platform Admin')).toBeInTheDocument()
      61 |     // "Customer Portal" appears in the row AND in the filter <option>; assert >=1.

      at VirtualConsole.<anonymous> (../../node_modules/.pnpm/jest-environment-jsdom@29.7.0/node_modules/jest-environment-jsdom/build/index.js:63:23)
      at reportException (../../node_modules/.pnpm/jsdom@20.0.3/node_modules/jsdom/lib/jsdom/living/helpers/runtime-script-errors.js:70:28)
      at innerInvokeEventListeners (../../node_modules/.pnpm/jsdom@20.0.3/node_modules/jsdom/lib/jsdom/living/events/EventTarget-impl.js:353:9)
      at invokeEventListeners (../../node_modules/.pnpm/jsdom@20.0.3/node_modules/jsdom/lib/jsdom/living/events/EventTarget-impl.js:286:3)
      at HTMLUnknownElementImpl._dispatch (../../node_modules/.pnpm/jsdom@20.0.3/node_modules/jsdom/lib/jsdom/living/events/EventTarget-impl.js:233:9)
      at HTMLUnknownElementImpl.dispatchEvent (../../node_modules/.pnpm/jsdom@20.0.3/node_modules/jsdom/lib/jsdom/living/events/EventTarget-impl.js:104:17)
      at HTMLUnknownElement.dispatchEvent (../../node_modules/.pnpm/jsdom@20.0.3/node_modules/jsdom/lib/jsdom/living/generated/EventTarget.js:241:34)
      at Object.invokeGuardedCallbackDev (../../node_modules/.pnpm/react-dom@18.3.1_react@18.3.1/node_modules/react-dom/cjs/react-dom.development.js:4213:16)
      at invokeGuardedCallback (../../node_modules/.pnpm/react-dom@18.3.1_react@18.3.1/node_modules/react-dom/cjs/react-dom.development.js:4277:31)
      at beginWork$1 (../../node_modules/.pnpm/react-dom@18.3.1_react@18.3.1/node_modules/react-dom/cjs/react-dom.development.js:27490:7)
      at performUnitOfWork (../../node_modules/.pnpm/react-dom@18.3.1_react@18.3.1/node_modules/react-dom/cjs/react-dom.development.js:26599:12)
      at workLoopSync (../../node_modules/.pnpm/react-dom@18.3.1_react@18.3.1/node_modules/react-dom/cjs/react-dom.development.js:26505:5)
      at renderRootSync (../../node_modules/.pnpm/react-dom@18.3.1_react@18.3.1/node_modules/react-dom/cjs/react-dom.development.js:26473:7)
      at recoverFromConcurrentError (../../node_modules/.pnpm/react-dom@18.3.1_react@18.3.1/node_modules/react-dom/cjs/react-dom.development.js:25889:20)
      at performConcurrentWorkOnRoot (../../node_modules/.pnpm/react-dom@18.3.1_react@18.3.1/node_modules/react-dom/cjs/react-dom.development.js:25789:22)
      at flushActQueue (../../node_modules/.pnpm/react@18.3.1/node_modules/react/cjs/react.development.js:2667:24)
      at act (../../node_modules/.pnpm/react@18.3.1/node_modules/react/cjs/react.development.js:2582:11)
      at ../../node_modules/.pnpm/@testing-library+react@16.3.2_@testing-library+dom@10.4.1_@types+react-dom@18.3.7_@types+reac_3k5f6qynewwmkoqvlvtzlgtsjq/node_modules/@testing-library/react/dist/act-compat.js:46:25
      at renderRoot (../../node_modules/.pnpm/@testing-library+react@16.3.2_@testing-library+dom@10.4.1_@types+react-dom@18.3.7_@types+reac_3k5f6qynewwmkoqvlvtzlgtsjq/node_modules/@testing-library/react/dist/pure.js:189:26)
      at render (../../node_modules/.pnpm/@testing-library+react@16.3.2_@testing-library+dom@10.4.1_@types+react-dom@18.3.7_@types+reac_3k5f6qynewwmkoqvlvtzlgtsjq/node_modules/@testing-library/react/dist/pure.js:291:10)
      at Object.<anonymous> (components/__tests__/roles-table.test.tsx:58:11)

    console.error
      Error: Uncaught [Error: `Tooltip` must be used within `TooltipProvider`]
          at reportException (/app/node_modules/.pnpm/jsdom@20.0.3/node_modules/jsdom/lib/jsdom/living/helpers/runtime-script-errors.js:66:24)
          at innerInvokeEventListeners (/app/node_modules/.pnpm/jsdom@20.0.3/node_modules/jsdom/lib/jsdom/living/events/EventTarget-impl.js:353:9)
          at invokeEventListeners (/app/node_modules/.pnpm/jsdom@20.0.3/node_modules/jsdom/lib/jsdom/living/events/EventTarget-impl.js:286:3)
          at HTMLUnknownElementImpl._dispatch (/app/node_modules/.pnpm/jsdom@20.0.3/node_modules/jsdom/lib/jsdom/living/events/EventTarget-impl.js:233:9)
          at HTMLUnknownElementImpl.dispatchEvent (/app/node_modules/.pnpm/jsdom@20.0.3/node_modules/jsdom/lib/jsdom/living/events/EventTarget-impl.js:104:17)
          at HTMLUnknownElement.dispatchEvent (/app/node_modules/.pnpm/jsdom@20.0.3/node_modules/jsdom/lib/jsdom/living/generated/EventTarget.js:241:34)
          at Object.invokeGuardedCallbackDev (/app/node_modules/.pnpm/react-dom@18.3.1_react@18.3.1/node_modules/react-dom/cjs/react-dom.development.js:4213:16)
          at invokeGuardedCallback (/app/node_modules/.pnpm/react-dom@18.3.1_react@18.3.1/node_modules/react-dom/cjs/react-dom.development.js:4277:31)
          at beginWork$1 (/app/node_modules/.pnpm/react-dom@18.3.1_react@18.3.1/node_modules/react-dom/cjs/react-dom.development.js:27490:7)
          at performUnitOfWork (/app/node_modules/.pnpm/react-dom@18.3.1_react@18.3.1/node_modules/react-dom/cjs/react-dom.development.js:26599:12)
          at workLoopSync (/app/node_modules/.pnpm/react-dom@18.3.1_react@18.3.1/node_modules/react-dom/cjs/react-dom.development.js:26505:5)
          at renderRootSync (/app/node_modules/.pnpm/react-dom@18.3.1_react@18.3.1/node_modules/react-dom/cjs/react-dom.development.js:26473:7)
          at recoverFromConcurrentError (/app/node_modules/.pnpm/react-dom@18.3.1_react@18.3.1/node_modules/react-dom/cjs/react-dom.development.js:25889:20)
          at performConcurrentWorkOnRoot (/app/node_modules/.pnpm/react-dom@18.3.1_react@18.3.1/node_modules/react-dom/cjs/react-dom.development.js:25789:22)
          at flushActQueue (/app/node_modules/.pnpm/react@18.3.1/node_modules/react/cjs/react.development.js:2667:24)
          at act (/app/node_modules/.pnpm/react@18.3.1/node_modules/react/cjs/react.development.js:2582:11)
          at /app/node_modules/.pnpm/@testing-library+react@16.3.2_@testing-library+dom@10.4.1_@types+react-dom@18.3.7_@types+reac_3k5f6qynewwmkoqvlvtzlgtsjq/node_modules/@testing-library/react/dist/act-compat.js:46:25
          at renderRoot (/app/node_modules/.pnpm/@testing-library+react@16.3.2_@testing-library+dom@10.4.1_@types+react-dom@18.3.7_@types+reac_3k5f6qynewwmkoqvlvtzlgtsjq/node_modules/@testing-library/react/dist/pure.js:189:26)
          at render (/app/node_modules/.pnpm/@testing-library+react@16.3.2_@testing-library+dom@10.4.1_@types+react-dom@18.3.7_@types+reac_3k5f6qynewwmkoqvlvtzlgtsjq/node_modules/@testing-library/react/dist/pure.js:291:10)
          at Object.<anonymous> (/app/apps/admin/components/__tests__/roles-table.test.tsx:58:11)
          at Promise.then.completed (/app/node_modules/.pnpm/jest-circus@29.7.0/node_modules/jest-circus/build/utils.js:298:28)
          at new Promise (<anonymous>)
          at callAsyncCircusFn (/app/node_modules/.pnpm/jest-circus@29.7.0/node_modules/jest-circus/build/utils.js:231:10)
          at _callCircusTest (/app/node_modules/.pnpm/jest-circus@29.7.0/node_modules/jest-circus/build/run.js:316:40)
          at processTicksAndRejections (node:internal/process/task_queues:103:5)
          at _runTest (/app/node_modules/.pnpm/jest-circus@29.7.0/node_modules/jest-circus/build/run.js:252:3)
          at _runTestsForDescribeBlock (/app/node_modules/.pnpm/jest-circus@29.7.0/node_modules/jest-circus/build/run.js:126:9)
          at _runTestsForDescribeBlock (/app/node_modules/.pnpm/jest-circus@29.7.0/node_modules/jest-circus/build/run.js:121:9)
          at run (/app/node_modules/.pnpm/jest-circus@29.7.0/node_modules/jest-circus/build/run.js:71:3)
          at runAndTransformResultsToJestFormat (/app/node_modules/.pnpm/jest-circus@29.7.0/node_modules/jest-circus/build/legacy-code-todo-rewrite/jestAdapterInit.js:122:21)
          at jestAdapter (/app/node_modules/.pnpm/jest-circus@29.7.0/node_modules/jest-circus/build/legacy-code-todo-rewrite/jestAdapter.js:79:19)
          at runTestInternal (/app/node_modules/.pnpm/jest-runner@29.7.0/node_modules/jest-runner/build/runTest.js:367:16)
          at runTest (/app/node_modules/.pnpm/jest-runner@29.7.0/node_modules/jest-runner/build/runTest.js:444:34)
          at Object.worker (/app/node_modules/.pnpm/jest-runner@29.7.0/node_modules/jest-runner/build/testWorker.js:106:12) {
        detail: Error: `Tooltip` must be used within `TooltipProvider`
            at useContext2 (/app/node_modules/.pnpm/@radix-ui+react-context@1.1.2_@types+react@18.3.29_react@18.3.1/node_modules/@radix-ui/react-context/src/create-context.tsx:75:13)
            at Tooltip (/app/node_modules/.pnpm/@radix-ui+react-tooltip@1.2.8_@types+react-dom@18.3.7_@types+react@18.3.29__@types+react@18.3_xrwsnt2rmlacewwolijhmzdoxi/node_modules/@radix-ui/react-tooltip/src/tooltip.tsx:162:27)
            at renderWithHooks (/app/node_modules/.pnpm/react-dom@18.3.1_react@18.3.1/node_modules/react-dom/cjs/react-dom.development.js:15486:18)
            at mountIndeterminateComponent (/app/node_modules/.pnpm/react-dom@18.3.1_react@18.3.1/node_modules/react-dom/cjs/react-dom.development.js:20103:13)
            at beginWork (/app/node_modules/.pnpm/react-dom@18.3.1_react@18.3.1/node_modules/react-dom/cjs/react-dom.development.js:21626:16)
            at HTMLUnknownElement.callCallback (/app/node_modules/.pnpm/react-dom@18.3.1_react@18.3.1/node_modules/react-dom/cjs/react-dom.development.js:4164:14)
            at HTMLUnknownElement.callTheUserObjectsOperation (/app/node_modules/.pnpm/jsdom@20.0.3/node_modules/jsdom/lib/jsdom/living/generated/EventListener.js:26:30)
            at innerInvokeEventListeners (/app/node_modules/.pnpm/jsdom@20.0.3/node_modules/jsdom/lib/jsdom/living/events/EventTarget-impl.js:350:25)
            at invokeEventListeners (/app/node_modules/.pnpm/jsdom@20.0.3/node_modules/jsdom/lib/jsdom/living/events/EventTarget-impl.js:286:3)
            at HTMLUnknownElementImpl._dispatch (/app/node_modules/.pnpm/jsdom@20.0.3/node_modules/jsdom/lib/jsdom/living/events/EventTarget-impl.js:233:9)
            at HTMLUnknownElementImpl.dispatchEvent (/app/node_modules/.pnpm/jsdom@20.0.3/node_modules/jsdom/lib/jsdom/living/events/EventTarget-impl.js:104:17)
            at HTMLUnknownElement.dispatchEvent (/app/node_modules/.pnpm/jsdom@20.0.3/node_modules/jsdom/lib/jsdom/living/generated/EventTarget.js:241:34)
            at Object.invokeGuardedCallbackDev (/app/node_modules/.pnpm/react-dom@18.3.1_react@18.3.1/node_modules/react-dom/cjs/react-dom.development.js:4213:16)
            at invokeGuardedCallback (/app/node_modules/.pnpm/react-dom@18.3.1_react@18.3.1/node_modules/react-dom/cjs/react-dom.development.js:4277:31)
            at beginWork$1 (/app/node_modules/.pnpm/react-dom@18.3.1_react@18.3.1/node_modules/react-dom/cjs/react-dom.development.js:27490:7)
            at performUnitOfWork (/app/node_modules/.pnpm/react-dom@18.3.1_react@18.3.1/node_modules/react-dom/cjs/react-dom.development.js:26599:12)
            at workLoopSync (/app/node_modules/.pnpm/react-dom@18.3.1_react@18.3.1/node_modules/react-dom/cjs/react-dom.development.js:26505:5)
            at renderRootSync (/app/node_modules/.pnpm/react-dom@18.3.1_react@18.3.1/node_modules/react-dom/cjs/react-dom.development.js:26473:7)
            at recoverFromConcurrentError (/app/node_modules/.pnpm/react-dom@18.3.1_react@18.3.1/node_modules/react-dom/cjs/react-dom.development.js:25889:20)
            at performConcurrentWorkOnRoot (/app/node_modules/.pnpm/react-dom@18.3.1_react@18.3.1/node_modules/react-dom/cjs/react-dom.development.js:25789:22)
            at flushActQueue (/app/node_modules/.pnpm/react@18.3.1/node_modules/react/cjs/react.development.js:2667:24)
            at act (/app/node_modules/.pnpm/react@18.3.1/node_modules/react/cjs/react.development.js:2582:11)
            at /app/node_modules/.pnpm/@testing-library+react@16.3.2_@testing-library+dom@10.4.1_@types+react-dom@18.3.7_@types+reac_3k5f6qynewwmkoqvlvtzlgtsjq/node_modules/@testing-library/react/dist/act-compat.js:46:25
            at renderRoot (/app/node_modules/.pnpm/@testing-library+react@16.3.2_@testing-library+dom@10.4.1_@types+react-dom@18.3.7_@types+reac_3k5f6qynewwmkoqvlvtzlgtsjq/node_modules/@testing-library/react/dist/pure.js:189:26)
            at render (/app/node_modules/.pnpm/@testing-library+react@16.3.2_@testing-library+dom@10.4.1_@types+react-dom@18.3.7_@types+reac_3k5f6qynewwmkoqvlvtzlgtsjq/node_modules/@testing-library/react/dist/pure.js:291:10)
            at Object.<anonymous> (/app/apps/admin/components/__tests__/roles-table.test.tsx:58:11)
            at Promise.then.completed (/app/node_modules/.pnpm/jest-circus@29.7.0/node_modules/jest-circus/build/utils.js:298:28)
            at new Promise (<anonymous>)
            at callAsyncCircusFn (/app/node_modules/.pnpm/jest-circus@29.7.0/node_modules/jest-circus/build/utils.js:231:10)
            at _callCircusTest (/app/node_modules/.pnpm/jest-circus@29.7.0/node_modules/jest-circus/build/run.js:316:40)
            at processTicksAndRejections (node:internal/process/task_queues:103:5)
            at _runTest (/app/node_modules/.pnpm/jest-circus@29.7.0/node_modules/jest-circus/build/run.js:252:3)
            at _runTestsForDescribeBlock (/app/node_modules/.pnpm/jest-circus@29.7.0/node_modules/jest-circus/build/run.js:126:9)
            at _runTestsForDescribeBlock (/app/node_modules/.pnpm/jest-circus@29.7.0/node_modules/jest-circus/build/run.js:121:9)
            at run (/app/node_modules/.pnpm/jest-circus@29.7.0/node_modules/jest-circus/build/run.js:71:3)
            at runAndTransformResultsToJestFormat (/app/node_modules/.pnpm/jest-circus@29.7.0/node_modules/jest-circus/build/legacy-code-todo-rewrite/jestAdapterInit.js:122:21)
            at jestAdapter (/app/node_modules/.pnpm/jest-circus@29.7.0/node_modules/jest-circus/build/legacy-code-todo-rewrite/jestAdapter.js:79:19)
            at runTestInternal (/app/node_modules/.pnpm/jest-runner@29.7.0/node_modules/jest-runner/build/runTest.js:367:16)
            at runTest (/app/node_modules/.pnpm/jest-runner@29.7.0/node_modules/jest-runner/build/runTest.js:444:34)
            at Object.worker (/app/node_modules/.pnpm/jest-runner@29.7.0/node_modules/jest-runner/build/testWorker.js:106:12),
        type: 'unhandled exception'
      }

      56 |
      57 |   it('renders rows with role names and app names', () => {
    > 58 |     render(withIntl(<RolesTable initial={initial} apps={apps} />))
         |           ^
      59 |     expect(screen.getByText('Editor')).toBeInTheDocument()
      60 |     expect(screen.getByText('Platform Admin')).toBeInTheDocument()
      61 |     // "Customer Portal" appears in the row AND in the filter <option>; assert >=1.

      at VirtualConsole.<anonymous> (../../node_modules/.pnpm/jest-environment-jsdom@29.7.0/node_modules/jest-environment-jsdom/build/index.js:63:23)
      at reportException (../../node_modules/.pnpm/jsdom@20.0.3/node_modules/jsdom/lib/jsdom/living/helpers/runtime-script-errors.js:70:28)
      at innerInvokeEventListeners (../../node_modules/.pnpm/jsdom@20.0.3/node_modules/jsdom/lib/jsdom/living/events/EventTarget-impl.js:353:9)
      at invokeEventListeners (../../node_modules/.pnpm/jsdom@20.0.3/node_modules/jsdom/lib/jsdom/living/events/EventTarget-impl.js:286:3)
      at HTMLUnknownElementImpl._dispatch (../../node_modules/.pnpm/jsdom@20.0.3/node_modules/jsdom/lib/jsdom/living/events/EventTarget-impl.js:233:9)
      at HTMLUnknownElementImpl.dispatchEvent (../../node_modules/.pnpm/jsdom@20.0.3/node_modules/jsdom/lib/jsdom/living/events/EventTarget-impl.js:104:17)
      at HTMLUnknownElement.dispatchEvent (../../node_modules/.pnpm/jsdom@20.0.3/node_modules/jsdom/lib/jsdom/living/generated/EventTarget.js:241:34)
      at Object.invokeGuardedCallbackDev (../../node_modules/.pnpm/react-dom@18.3.1_react@18.3.1/node_modules/react-dom/cjs/react-dom.development.js:4213:16)
      at invokeGuardedCallback (../../node_modules/.pnpm/react-dom@18.3.1_react@18.3.1/node_modules/react-dom/cjs/react-dom.development.js:4277:31)
      at beginWork$1 (../../node_modules/.pnpm/react-dom@18.3.1_react@18.3.1/node_modules/react-dom/cjs/react-dom.development.js:27490:7)
      at performUnitOfWork (../../node_modules/.pnpm/react-dom@18.3.1_react@18.3.1/node_modules/react-dom/cjs/react-dom.development.js:26599:12)
      at workLoopSync (../../node_modules/.pnpm/react-dom@18.3.1_react@18.3.1/node_modules/react-dom/cjs/react-dom.development.js:26505:5)
      at renderRootSync (../../node_modules/.pnpm/react-dom@18.3.1_react@18.3.1/node_modules/react-dom/cjs/react-dom.development.js:26473:7)
      at recoverFromConcurrentError (../../node_modules/.pnpm/react-dom@18.3.1_react@18.3.1/node_modules/react-dom/cjs/react-dom.development.js:25889:20)
      at performConcurrentWorkOnRoot (../../node_modules/.pnpm/react-dom@18.3.1_react@18.3.1/node_modules/react-dom/cjs/react-dom.development.js:25789:22)
      at flushActQueue (../../node_modules/.pnpm/react@18.3.1/node_modules/react/cjs/react.development.js:2667:24)
      at act (../../node_modules/.pnpm/react@18.3.1/node_modules/react/cjs/react.development.js:2582:11)
      at ../../node_modules/.pnpm/@testing-library+react@16.3.2_@testing-library+dom@10.4.1_@types+react-dom@18.3.7_@types+reac_3k5f6qynewwmkoqvlvtzlgtsjq/node_modules/@testing-library/react/dist/act-compat.js:46:25
      at renderRoot (../../node_modules/.pnpm/@testing-library+react@16.3.2_@testing-library+dom@10.4.1_@types+react-dom@18.3.7_@types+reac_3k5f6qynewwmkoqvlvtzlgtsjq/node_modules/@testing-library/react/dist/pure.js:189:26)
      at render (../../node_modules/.pnpm/@testing-library+react@16.3.2_@testing-library+dom@10.4.1_@types+react-dom@18.3.7_@types+reac_3k5f6qynewwmkoqvlvtzlgtsjq/node_modules/@testing-library/react/dist/pure.js:291:10)
      at Object.<anonymous> (components/__tests__/roles-table.test.tsx:58:11)

    console.error
      Error: Uncaught [Error: `Tooltip` must be used within `TooltipProvider`]
          at reportException (/app/node_modules/.pnpm/jsdom@20.0.3/node_modules/jsdom/lib/jsdom/living/helpers/runtime-script-errors.js:66:24)
          at innerInvokeEventListeners (/app/node_modules/.pnpm/jsdom@20.0.3/node_modules/jsdom/lib/jsdom/living/events/EventTarget-impl.js:353:9)
          at invokeEventListeners (/app/node_modules/.pnpm/jsdom@20.0.3/node_modules/jsdom/lib/jsdom/living/events/EventTarget-impl.js:286:3)
          at HTMLUnknownElementImpl._dispatch (/app/node_modules/.pnpm/jsdom@20.0.3/node_modules/jsdom/lib/jsdom/living/events/EventTarget-impl.js:233:9)
          at HTMLUnknownElementImpl.dispatchEvent (/app/node_modules/.pnpm/jsdom@20.0.3/node_modules/jsdom/lib/jsdom/living/events/EventTarget-impl.js:104:17)
          at HTMLUnknownElement.dispatchEvent (/app/node_modules/.pnpm/jsdom@20.0.3/node_modules/jsdom/lib/jsdom/living/generated/EventTarget.js:241:34)
          at Object.invokeGuardedCallbackDev (/app/node_modules/.pnpm/react-dom@18.3.1_react@18.3.1/node_modules/react-dom/cjs/react-dom.development.js:4213:16)
          at invokeGuardedCallback (/app/node_modules/.pnpm/react-dom@18.3.1_react@18.3.1/node_modules/react-dom/cjs/react-dom.development.js:4277:31)
          at beginWork$1 (/app/node_modules/.pnpm/react-dom@18.3.1_react@18.3.1/node_modules/react-dom/cjs/react-dom.development.js:27490:7)
          at performUnitOfWork (/app/node_modules/.pnpm/react-dom@18.3.1_react@18.3.1/node_modules/react-dom/cjs/react-dom.development.js:26599:12)
          at workLoopSync (/app/node_modules/.pnpm/react-dom@18.3.1_react@18.3.1/node_modules/react-dom/cjs/react-dom.development.js:26505:5)
          at renderRootSync (/app/node_modules/.pnpm/react-dom@18.3.1_react@18.3.1/node_modules/react-dom/cjs/react-dom.development.js:26473:7)
          at recoverFromConcurrentError (/app/node_modules/.pnpm/react-dom@18.3.1_react@18.3.1/node_modules/react-dom/cjs/react-dom.development.js:25889:20)
          at performConcurrentWorkOnRoot (/app/node_modules/.pnpm/react-dom@18.3.1_react@18.3.1/node_modules/react-dom/cjs/react-dom.development.js:25789:22)
          at flushActQueue (/app/node_modules/.pnpm/react@18.3.1/node_modules/react/cjs/react.development.js:2667:24)
          at act (/app/node_modules/.pnpm/react@18.3.1/node_modules/react/cjs/react.development.js:2582:11)
          at /app/node_modules/.pnpm/@testing-library+react@16.3.2_@testing-library+dom@10.4.1_@types+react-dom@18.3.7_@types+reac_3k5f6qynewwmkoqvlvtzlgtsjq/node_modules/@testing-library/react/dist/act-compat.js:46:25
          at renderRoot (/app/node_modules/.pnpm/@testing-library+react@16.3.2_@testing-library+dom@10.4.1_@types+react-dom@18.3.7_@types+reac_3k5f6qynewwmkoqvlvtzlgtsjq/node_modules/@testing-library/react/dist/pure.js:189:26)
          at render (/app/node_modules/.pnpm/@testing-library+react@16.3.2_@testing-library+dom@10.4.1_@types+react-dom@18.3.7_@types+reac_3k5f6qynewwmkoqvlvtzlgtsjq/node_modules/@testing-library/react/dist/pure.js:291:10)
          at Object.<anonymous> (/app/apps/admin/components/__tests__/roles-table.test.tsx:58:11)
          at Promise.then.completed (/app/node_modules/.pnpm/jest-circus@29.7.0/node_modules/jest-circus/build/utils.js:298:28)
          at new Promise (<anonymous>)
          at callAsyncCircusFn (/app/node_modules/.pnpm/jest-circus@29.7.0/node_modules/jest-circus/build/utils.js:231:10)
          at _callCircusTest (/app/node_modules/.pnpm/jest-circus@29.7.0/node_modules/jest-circus/build/run.js:316:40)
          at processTicksAndRejections (node:internal/process/task_queues:103:5)
          at _runTest (/app/node_modules/.pnpm/jest-circus@29.7.0/node_modules/jest-circus/build/run.js:252:3)
          at _runTestsForDescribeBlock (/app/node_modules/.pnpm/jest-circus@29.7.0/node_modules/jest-circus/build/run.js:126:9)
          at _runTestsForDescribeBlock (/app/node_modules/.pnpm/jest-circus@29.7.0/node_modules/jest-circus/build/run.js:121:9)
          at run (/app/node_modules/.pnpm/jest-circus@29.7.0/node_modules/jest-circus/build/run.js:71:3)
          at runAndTransformResultsToJestFormat (/app/node_modules/.pnpm/jest-circus@29.7.0/node_modules/jest-circus/build/legacy-code-todo-rewrite/jestAdapterInit.js:122:21)
          at jestAdapter (/app/node_modules/.pnpm/jest-circus@29.7.0/node_modules/jest-circus/build/legacy-code-todo-rewrite/jestAdapter.js:79:19)
          at runTestInternal (/app/node_modules/.pnpm/jest-runner@29.7.0/node_modules/jest-runner/build/runTest.js:367:16)
          at runTest (/app/node_modules/.pnpm/jest-runner@29.7.0/node_modules/jest-runner/build/runTest.js:444:34)
          at Object.worker (/app/node_modules/.pnpm/jest-runner@29.7.0/node_modules/jest-runner/build/testWorker.js:106:12) {
        detail: Error: `Tooltip` must be used within `TooltipProvider`
            at useContext2 (/app/node_modules/.pnpm/@radix-ui+react-context@1.1.2_@types+react@18.3.29_react@18.3.1/node_modules/@radix-ui/react-context/src/create-context.tsx:75:13)
            at Tooltip (/app/node_modules/.pnpm/@radix-ui+react-tooltip@1.2.8_@types+react-dom@18.3.7_@types+react@18.3.29__@types+react@18.3_xrwsnt2rmlacewwolijhmzdoxi/node_modules/@radix-ui/react-tooltip/src/tooltip.tsx:162:27)
            at renderWithHooks (/app/node_modules/.pnpm/react-dom@18.3.1_react@18.3.1/node_modules/react-dom/cjs/react-dom.development.js:15486:18)
            at mountIndeterminateComponent (/app/node_modules/.pnpm/react-dom@18.3.1_react@18.3.1/node_modules/react-dom/cjs/react-dom.development.js:20103:13)
            at beginWork (/app/node_modules/.pnpm/react-dom@18.3.1_react@18.3.1/node_modules/react-dom/cjs/react-dom.development.js:21626:16)
            at HTMLUnknownElement.callCallback (/app/node_modules/.pnpm/react-dom@18.3.1_react@18.3.1/node_modules/react-dom/cjs/react-dom.development.js:4164:14)
            at HTMLUnknownElement.callTheUserObjectsOperation (/app/node_modules/.pnpm/jsdom@20.0.3/node_modules/jsdom/lib/jsdom/living/generated/EventListener.js:26:30)
            at innerInvokeEventListeners (/app/node_modules/.pnpm/jsdom@20.0.3/node_modules/jsdom/lib/jsdom/living/events/EventTarget-impl.js:350:25)
            at invokeEventListeners (/app/node_modules/.pnpm/jsdom@20.0.3/node_modules/jsdom/lib/jsdom/living/events/EventTarget-impl.js:286:3)
            at HTMLUnknownElementImpl._dispatch (/app/node_modules/.pnpm/jsdom@20.0.3/node_modules/jsdom/lib/jsdom/living/events/EventTarget-impl.js:233:9)
            at HTMLUnknownElementImpl.dispatchEvent (/app/node_modules/.pnpm/jsdom@20.0.3/node_modules/jsdom/lib/jsdom/living/events/EventTarget-impl.js:104:17)
            at HTMLUnknownElement.dispatchEvent (/app/node_modules/.pnpm/jsdom@20.0.3/node_modules/jsdom/lib/jsdom/living/generated/EventTarget.js:241:34)
            at Object.invokeGuardedCallbackDev (/app/node_modules/.pnpm/react-dom@18.3.1_react@18.3.1/node_modules/react-dom/cjs/react-dom.development.js:4213:16)
            at invokeGuardedCallback (/app/node_modules/.pnpm/react-dom@18.3.1_react@18.3.1/node_modules/react-dom/cjs/react-dom.development.js:4277:31)
            at beginWork$1 (/app/node_modules/.pnpm/react-dom@18.3.1_react@18.3.1/node_modules/react-dom/cjs/react-dom.development.js:27490:7)
            at performUnitOfWork (/app/node_modules/.pnpm/react-dom@18.3.1_react@18.3.1/node_modules/react-dom/cjs/react-dom.development.js:26599:12)
            at workLoopSync (/app/node_modules/.pnpm/react-dom@18.3.1_react@18.3.1/node_modules/react-dom/cjs/react-dom.development.js:26505:5)
            at renderRootSync (/app/node_modules/.pnpm/react-dom@18.3.1_react@18.3.1/node_modules/react-dom/cjs/react-dom.development.js:26473:7)
            at recoverFromConcurrentError (/app/node_modules/.pnpm/react-dom@18.3.1_react@18.3.1/node_modules/react-dom/cjs/react-dom.development.js:25889:20)
            at performConcurrentWorkOnRoot (/app/node_modules/.pnpm/react-dom@18.3.1_react@18.3.1/node_modules/react-dom/cjs/react-dom.development.js:25789:22)
            at flushActQueue (/app/node_modules/.pnpm/react@18.3.1/node_modules/react/cjs/react.development.js:2667:24)
            at act (/app/node_modules/.pnpm/react@18.3.1/node_modules/react/cjs/react.development.js:2582:11)
            at /app/node_modules/.pnpm/@testing-library+react@16.3.2_@testing-library+dom@10.4.1_@types+react-dom@18.3.7_@types+reac_3k5f6qynewwmkoqvlvtzlgtsjq/node_modules/@testing-library/react/dist/act-compat.js:46:25
            at renderRoot (/app/node_modules/.pnpm/@testing-library+react@16.3.2_@testing-library+dom@10.4.1_@types+react-dom@18.3.7_@types+reac_3k5f6qynewwmkoqvlvtzlgtsjq/node_modules/@testing-library/react/dist/pure.js:189:26)
            at render (/app/node_modules/.pnpm/@testing-library+react@16.3.2_@testing-library+dom@10.4.1_@types+react-dom@18.3.7_@types+reac_3k5f6qynewwmkoqvlvtzlgtsjq/node_modules/@testing-library/react/dist/pure.js:291:10)
            at Object.<anonymous> (/app/apps/admin/components/__tests__/roles-table.test.tsx:58:11)
            at Promise.then.completed (/app/node_modules/.pnpm/jest-circus@29.7.0/node_modules/jest-circus/build/utils.js:298:28)
            at new Promise (<anonymous>)
            at callAsyncCircusFn (/app/node_modules/.pnpm/jest-circus@29.7.0/node_modules/jest-circus/build/utils.js:231:10)
            at _callCircusTest (/app/node_modules/.pnpm/jest-circus@29.7.0/node_modules/jest-circus/build/run.js:316:40)
            at processTicksAndRejections (node:internal/process/task_queues:103:5)
            at _runTest (/app/node_modules/.pnpm/jest-circus@29.7.0/node_modules/jest-circus/build/run.js:252:3)
            at _runTestsForDescribeBlock (/app/node_modules/.pnpm/jest-circus@29.7.0/node_modules/jest-circus/build/run.js:126:9)
            at _runTestsForDescribeBlock (/app/node_modules/.pnpm/jest-circus@29.7.0/node_modules/jest-circus/build/run.js:121:9)
            at run (/app/node_modules/.pnpm/jest-circus@29.7.0/node_modules/jest-circus/build/run.js:71:3)
            at runAndTransformResultsToJestFormat (/app/node_modules/.pnpm/jest-circus@29.7.0/node_modules/jest-circus/build/legacy-code-todo-rewrite/jestAdapterInit.js:122:21)
            at jestAdapter (/app/node_modules/.pnpm/jest-circus@29.7.0/node_modules/jest-circus/build/legacy-code-todo-rewrite/jestAdapter.js:79:19)
            at runTestInternal (/app/node_modules/.pnpm/jest-runner@29.7.0/node_modules/jest-runner/build/runTest.js:367:16)
            at runTest (/app/node_modules/.pnpm/jest-runner@29.7.0/node_modules/jest-runner/build/runTest.js:444:34)
            at Object.worker (/app/node_modules/.pnpm/jest-runner@29.7.0/node_modules/jest-runner/build/testWorker.js:106:12),
        type: 'unhandled exception'
      }

      56 |
      57 |   it('renders rows with role names and app names', () => {
    > 58 |     render(withIntl(<RolesTable initial={initial} apps={apps} />))
         |           ^
      59 |     expect(screen.getByText('Editor')).toBeInTheDocument()
      60 |     expect(screen.getByText('Platform Admin')).toBeInTheDocument()
      61 |     // "Customer Portal" appears in the row AND in the filter <option>; assert >=1.

      at VirtualConsole.<anonymous> (../../node_modules/.pnpm/jest-environment-jsdom@29.7.0/node_modules/jest-environment-jsdom/build/index.js:63:23)
      at reportException (../../node_modules/.pnpm/jsdom@20.0.3/node_modules/jsdom/lib/jsdom/living/helpers/runtime-script-errors.js:70:28)
      at innerInvokeEventListeners (../../node_modules/.pnpm/jsdom@20.0.3/node_modules/jsdom/lib/jsdom/living/events/EventTarget-impl.js:353:9)
      at invokeEventListeners (../../node_modules/.pnpm/jsdom@20.0.3/node_modules/jsdom/lib/jsdom/living/events/EventTarget-impl.js:286:3)
      at HTMLUnknownElementImpl._dispatch (../../node_modules/.pnpm/jsdom@20.0.3/node_modules/jsdom/lib/jsdom/living/events/EventTarget-impl.js:233:9)
      at HTMLUnknownElementImpl.dispatchEvent (../../node_modules/.pnpm/jsdom@20.0.3/node_modules/jsdom/lib/jsdom/living/events/EventTarget-impl.js:104:17)
      at HTMLUnknownElement.dispatchEvent (../../node_modules/.pnpm/jsdom@20.0.3/node_modules/jsdom/lib/jsdom/living/generated/EventTarget.js:241:34)
      at Object.invokeGuardedCallbackDev (../../node_modules/.pnpm/react-dom@18.3.1_react@18.3.1/node_modules/react-dom/cjs/react-dom.development.js:4213:16)
      at invokeGuardedCallback (../../node_modules/.pnpm/react-dom@18.3.1_react@18.3.1/node_modules/react-dom/cjs/react-dom.development.js:4277:31)
      at beginWork$1 (../../node_modules/.pnpm/react-dom@18.3.1_react@18.3.1/node_modules/react-dom/cjs/react-dom.development.js:27490:7)
      at performUnitOfWork (../../node_modules/.pnpm/react-dom@18.3.1_react@18.3.1/node_modules/react-dom/cjs/react-dom.development.js:26599:12)
      at workLoopSync (../../node_modules/.pnpm/react-dom@18.3.1_react@18.3.1/node_modules/react-dom/cjs/react-dom.development.js:26505:5)
      at renderRootSync (../../node_modules/.pnpm/react-dom@18.3.1_react@18.3.1/node_modules/react-dom/cjs/react-dom.development.js:26473:7)
      at recoverFromConcurrentError (../../node_modules/.pnpm/react-dom@18.3.1_react@18.3.1/node_modules/react-dom/cjs/react-dom.development.js:25889:20)
      at performConcurrentWorkOnRoot (../../node_modules/.pnpm/react-dom@18.3.1_react@18.3.1/node_modules/react-dom/cjs/react-dom.development.js:25789:22)
      at flushActQueue (../../node_modules/.pnpm/react@18.3.1/node_modules/react/cjs/react.development.js:2667:24)
      at act (../../node_modules/.pnpm/react@18.3.1/node_modules/react/cjs/react.development.js:2582:11)
      at ../../node_modules/.pnpm/@testing-library+react@16.3.2_@testing-library+dom@10.4.1_@types+react-dom@18.3.7_@types+reac_3k5f6qynewwmkoqvlvtzlgtsjq/node_modules/@testing-library/react/dist/act-compat.js:46:25
      at renderRoot (../../node_modules/.pnpm/@testing-library+react@16.3.2_@testing-library+dom@10.4.1_@types+react-dom@18.3.7_@types+reac_3k5f6qynewwmkoqvlvtzlgtsjq/node_modules/@testing-library/react/dist/pure.js:189:26)
      at render (../../node_modules/.pnpm/@testing-library+react@16.3.2_@testing-library+dom@10.4.1_@types+react-dom@18.3.7_@types+reac_3k5f6qynewwmkoqvlvtzlgtsjq/node_modules/@testing-library/react/dist/pure.js:291:10)
      at Object.<anonymous> (components/__tests__/roles-table.test.tsx:58:11)

    console.error
      The above error occurred in the <Tooltip> component:

          at Tooltip (/app/node_modules/.pnpm/@radix-ui+react-tooltip@1.2.8_@types+react-dom@18.3.7_@types+react@18.3.29__@types+react@18.3_xrwsnt2rmlacewwolijhmzdoxi/node_modules/@radix-ui/react-tooltip/src/tooltip.tsx:154:5)
          at div
          at cell (/app/apps/admin/components/roles-table.tsx:82:16)
          at td
          at /app/packages/ui/src/components/ui/table.tsx:87:6
          at tr
          at /app/packages/ui/src/components/ui/table.tsx:57:6
          at tbody
          at /app/packages/ui/src/components/ui/table.tsx:30:6
          at table
          at div
          at /app/packages/ui/src/components/ui/table.tsx:8:6
          at DataTable (/app/packages/ui/src/components/data-table.tsx:23:36)
          at div
          at RolesTable (/app/apps/admin/components/roles-table.tsx:27:30)
          at IntlProvider (/app/node_modules/.pnpm/use-intl@3.26.5_react@18.3.1/node_modules/use-intl/dist/development/_IntlProvider.js:16:5)
          at NextIntlClientProvider (/app/node_modules/.pnpm/next-intl@3.26.5_next@15.5.18_@babel+core@7.29.7_@opentelemetry+api@1.9.1_@playwright+test@1._uib3rlo2eksg3yll53rffkx7ea/node_modules/next-intl/dist/development/shared/NextIntlClientProvider.js:16:5)

      Consider adding an error boundary to your tree to customize error handling behavior.
      Visit https://reactjs.org/link/error-boundaries to learn more about error boundaries.

      56 |
      57 |   it('renders rows with role names and app names', () => {
    > 58 |     render(withIntl(<RolesTable initial={initial} apps={apps} />))
         |           ^
      59 |     expect(screen.getByText('Editor')).toBeInTheDocument()
      60 |     expect(screen.getByText('Platform Admin')).toBeInTheDocument()
      61 |     // "Customer Portal" appears in the row AND in the filter <option>; assert >=1.

      at logCapturedError (../../node_modules/.pnpm/react-dom@18.3.1_react@18.3.1/node_modules/react-dom/cjs/react-dom.development.js:18704:23)
      at update.callback (../../node_modules/.pnpm/react-dom@18.3.1_react@18.3.1/node_modules/react-dom/cjs/react-dom.development.js:18737:5)
      at callCallback (../../node_modules/.pnpm/react-dom@18.3.1_react@18.3.1/node_modules/react-dom/cjs/react-dom.development.js:15036:12)
      at commitUpdateQueue (../../node_modules/.pnpm/react-dom@18.3.1_react@18.3.1/node_modules/react-dom/cjs/react-dom.development.js:15057:9)
      at commitLayoutEffectOnFiber (../../node_modules/.pnpm/react-dom@18.3.1_react@18.3.1/node_modules/react-dom/cjs/react-dom.development.js:23430:13)
      at commitLayoutMountEffects_complete (../../node_modules/.pnpm/react-dom@18.3.1_react@18.3.1/node_modules/react-dom/cjs/react-dom.development.js:24727:9)
      at commitLayoutEffects_begin (../../node_modules/.pnpm/react-dom@18.3.1_react@18.3.1/node_modules/react-dom/cjs/react-dom.development.js:24713:7)
      at commitLayoutEffects (../../node_modules/.pnpm/react-dom@18.3.1_react@18.3.1/node_modules/react-dom/cjs/react-dom.development.js:24651:3)
      at commitRootImpl (../../node_modules/.pnpm/react-dom@18.3.1_react@18.3.1/node_modules/react-dom/cjs/react-dom.development.js:26862:5)
      at commitRoot (../../node_modules/.pnpm/react-dom@18.3.1_react@18.3.1/node_modules/react-dom/cjs/react-dom.development.js:26721:5)
      at finishConcurrentRender (../../node_modules/.pnpm/react-dom@18.3.1_react@18.3.1/node_modules/react-dom/cjs/react-dom.development.js:25931:9)
      at performConcurrentWorkOnRoot (../../node_modules/.pnpm/react-dom@18.3.1_react@18.3.1/node_modules/react-dom/cjs/react-dom.development.js:25848:7)
      at flushActQueue (../../node_modules/.pnpm/react@18.3.1/node_modules/react/cjs/react.development.js:2667:24)
      at act (../../node_modules/.pnpm/react@18.3.1/node_modules/react/cjs/react.development.js:2582:11)
      at ../../node_modules/.pnpm/@testing-library+react@16.3.2_@testing-library+dom@10.4.1_@types+react-dom@18.3.7_@types+reac_3k5f6qynewwmkoqvlvtzlgtsjq/node_modules/@testing-library/react/dist/act-compat.js:46:25
      at renderRoot (../../node_modules/.pnpm/@testing-library+react@16.3.2_@testing-library+dom@10.4.1_@types+react-dom@18.3.7_@types+reac_3k5f6qynewwmkoqvlvtzlgtsjq/node_modules/@testing-library/react/dist/pure.js:189:26)
      at render (../../node_modules/.pnpm/@testing-library+react@16.3.2_@testing-library+dom@10.4.1_@types+react-dom@18.3.7_@types+reac_3k5f6qynewwmkoqvlvtzlgtsjq/node_modules/@testing-library/react/dist/pure.js:291:10)
      at Object.<anonymous> (components/__tests__/roles-table.test.tsx:58:11)

    console.error
      The above error occurred in the <Tooltip> component:

          at Tooltip (/app/node_modules/.pnpm/@radix-ui+react-tooltip@1.2.8_@types+react-dom@18.3.7_@types+react@18.3.29__@types+react@18.3_xrwsnt2rmlacewwolijhmzdoxi/node_modules/@radix-ui/react-tooltip/src/tooltip.tsx:154:5)
          at Passthrough (/app/apps/admin/components/__tests__/roles-table.test.tsx:20:26)
          at cell (/app/apps/admin/components/roles-table.tsx:123:16)
          at td
          at /app/packages/ui/src/components/ui/table.tsx:87:6
          at tr
          at /app/packages/ui/src/components/ui/table.tsx:57:6
          at tbody
          at /app/packages/ui/src/components/ui/table.tsx:30:6
          at table
          at div
          at /app/packages/ui/src/components/ui/table.tsx:8:6
          at DataTable (/app/packages/ui/src/components/data-table.tsx:23:36)
          at div
          at RolesTable (/app/apps/admin/components/roles-table.tsx:27:30)
          at IntlProvider (/app/node_modules/.pnpm/use-intl@3.26.5_react@18.3.1/node_modules/use-intl/dist/development/_IntlProvider.js:16:5)
          at NextIntlClientProvider (/app/node_modules/.pnpm/next-intl@3.26.5_next@15.5.18_@babel+core@7.29.7_@opentelemetry+api@1.9.1_@playwright+test@1._uib3rlo2eksg3yll53rffkx7ea/node_modules/next-intl/dist/development/shared/NextIntlClientProvider.js:16:5)

      Consider adding an error boundary to your tree to customize error handling behavior.
      Visit https://reactjs.org/link/error-boundaries to learn more about error boundaries.

      56 |
      57 |   it('renders rows with role names and app names', () => {
    > 58 |     render(withIntl(<RolesTable initial={initial} apps={apps} />))
         |           ^
      59 |     expect(screen.getByText('Editor')).toBeInTheDocument()
      60 |     expect(screen.getByText('Platform Admin')).toBeInTheDocument()
      61 |     // "Customer Portal" appears in the row AND in the filter <option>; assert >=1.

      at logCapturedError (../../node_modules/.pnpm/react-dom@18.3.1_react@18.3.1/node_modules/react-dom/cjs/react-dom.development.js:18704:23)
      at update.callback (../../node_modules/.pnpm/react-dom@18.3.1_react@18.3.1/node_modules/react-dom/cjs/react-dom.development.js:18737:5)
      at callCallback (../../node_modules/.pnpm/react-dom@18.3.1_react@18.3.1/node_modules/react-dom/cjs/react-dom.development.js:15036:12)
      at commitUpdateQueue (../../node_modules/.pnpm/react-dom@18.3.1_react@18.3.1/node_modules/react-dom/cjs/react-dom.development.js:15057:9)
      at commitLayoutEffectOnFiber (../../node_modules/.pnpm/react-dom@18.3.1_react@18.3.1/node_modules/react-dom/cjs/react-dom.development.js:23430:13)
      at commitLayoutMountEffects_complete (../../node_modules/.pnpm/react-dom@18.3.1_react@18.3.1/node_modules/react-dom/cjs/react-dom.development.js:24727:9)
      at commitLayoutEffects_begin (../../node_modules/.pnpm/react-dom@18.3.1_react@18.3.1/node_modules/react-dom/cjs/react-dom.development.js:24713:7)
      at commitLayoutEffects (../../node_modules/.pnpm/react-dom@18.3.1_react@18.3.1/node_modules/react-dom/cjs/react-dom.development.js:24651:3)
      at commitRootImpl (../../node_modules/.pnpm/react-dom@18.3.1_react@18.3.1/node_modules/react-dom/cjs/react-dom.development.js:26862:5)
      at commitRoot (../../node_modules/.pnpm/react-dom@18.3.1_react@18.3.1/node_modules/react-dom/cjs/react-dom.development.js:26721:5)
      at finishConcurrentRender (../../node_modules/.pnpm/react-dom@18.3.1_react@18.3.1/node_modules/react-dom/cjs/react-dom.development.js:25931:9)
      at performConcurrentWorkOnRoot (../../node_modules/.pnpm/react-dom@18.3.1_react@18.3.1/node_modules/react-dom/cjs/react-dom.development.js:25848:7)
      at flushActQueue (../../node_modules/.pnpm/react@18.3.1/node_modules/react/cjs/react.development.js:2667:24)
      at act (../../node_modules/.pnpm/react@18.3.1/node_modules/react/cjs/react.development.js:2582:11)
      at ../../node_modules/.pnpm/@testing-library+react@16.3.2_@testing-library+dom@10.4.1_@types+react-dom@18.3.7_@types+reac_3k5f6qynewwmkoqvlvtzlgtsjq/node_modules/@testing-library/react/dist/act-compat.js:46:25
      at renderRoot (../../node_modules/.pnpm/@testing-library+react@16.3.2_@testing-library+dom@10.4.1_@types+react-dom@18.3.7_@types+reac_3k5f6qynewwmkoqvlvtzlgtsjq/node_modules/@testing-library/react/dist/pure.js:189:26)
      at render (../../node_modules/.pnpm/@testing-library+react@16.3.2_@testing-library+dom@10.4.1_@types+react-dom@18.3.7_@types+reac_3k5f6qynewwmkoqvlvtzlgtsjq/node_modules/@testing-library/react/dist/pure.js:291:10)
      at Object.<anonymous> (components/__tests__/roles-table.test.tsx:58:11)

    console.error
      The above error occurred in the <Tooltip> component:

          at Tooltip (/app/node_modules/.pnpm/@radix-ui+react-tooltip@1.2.8_@types+react-dom@18.3.7_@types+react@18.3.29__@types+react@18.3_xrwsnt2rmlacewwolijhmzdoxi/node_modules/@radix-ui/react-tooltip/src/tooltip.tsx:154:5)
          at div
          at cell (/app/apps/admin/components/roles-table.tsx:82:16)
          at td
          at /app/packages/ui/src/components/ui/table.tsx:87:6
          at tr
          at /app/packages/ui/src/components/ui/table.tsx:57:6
          at tbody
          at /app/packages/ui/src/components/ui/table.tsx:30:6
          at table
          at div
          at /app/packages/ui/src/components/ui/table.tsx:8:6
          at DataTable (/app/packages/ui/src/components/data-table.tsx:23:36)
          at div
          at RolesTable (/app/apps/admin/components/roles-table.tsx:27:30)
          at IntlProvider (/app/node_modules/.pnpm/use-intl@3.26.5_react@18.3.1/node_modules/use-intl/dist/development/_IntlProvider.js:16:5)
          at NextIntlClientProvider (/app/node_modules/.pnpm/next-intl@3.26.5_next@15.5.18_@babel+core@7.29.7_@opentelemetry+api@1.9.1_@playwright+test@1._uib3rlo2eksg3yll53rffkx7ea/node_modules/next-intl/dist/development/shared/NextIntlClientProvider.js:16:5)

      Consider adding an error boundary to your tree to customize error handling behavior.
      Visit https://reactjs.org/link/error-boundaries to learn more about error boundaries.

      56 |
      57 |   it('renders rows with role names and app names', () => {
    > 58 |     render(withIntl(<RolesTable initial={initial} apps={apps} />))
         |           ^
      59 |     expect(screen.getByText('Editor')).toBeInTheDocument()
      60 |     expect(screen.getByText('Platform Admin')).toBeInTheDocument()
      61 |     // "Customer Portal" appears in the row AND in the filter <option>; assert >=1.

      at logCapturedError (../../node_modules/.pnpm/react-dom@18.3.1_react@18.3.1/node_modules/react-dom/cjs/react-dom.development.js:18704:23)
      at update.callback (../../node_modules/.pnpm/react-dom@18.3.1_react@18.3.1/node_modules/react-dom/cjs/react-dom.development.js:18737:5)
      at callCallback (../../node_modules/.pnpm/react-dom@18.3.1_react@18.3.1/node_modules/react-dom/cjs/react-dom.development.js:15036:12)
      at commitUpdateQueue (../../node_modules/.pnpm/react-dom@18.3.1_react@18.3.1/node_modules/react-dom/cjs/react-dom.development.js:15057:9)
      at commitLayoutEffectOnFiber (../../node_modules/.pnpm/react-dom@18.3.1_react@18.3.1/node_modules/react-dom/cjs/react-dom.development.js:23430:13)
      at commitLayoutMountEffects_complete (../../node_modules/.pnpm/react-dom@18.3.1_react@18.3.1/node_modules/react-dom/cjs/react-dom.development.js:24727:9)
      at commitLayoutEffects_begin (../../node_modules/.pnpm/react-dom@18.3.1_react@18.3.1/node_modules/react-dom/cjs/react-dom.development.js:24713:7)
      at commitLayoutEffects (../../node_modules/.pnpm/react-dom@18.3.1_react@18.3.1/node_modules/react-dom/cjs/react-dom.development.js:24651:3)
      at commitRootImpl (../../node_modules/.pnpm/react-dom@18.3.1_react@18.3.1/node_modules/react-dom/cjs/react-dom.development.js:26862:5)
      at commitRoot (../../node_modules/.pnpm/react-dom@18.3.1_react@18.3.1/node_modules/react-dom/cjs/react-dom.development.js:26721:5)
      at finishConcurrentRender (../../node_modules/.pnpm/react-dom@18.3.1_react@18.3.1/node_modules/react-dom/cjs/react-dom.development.js:25931:9)
      at performConcurrentWorkOnRoot (../../node_modules/.pnpm/react-dom@18.3.1_react@18.3.1/node_modules/react-dom/cjs/react-dom.development.js:25848:7)
      at flushActQueue (../../node_modules/.pnpm/react@18.3.1/node_modules/react/cjs/react.development.js:2667:24)
      at act (../../node_modules/.pnpm/react@18.3.1/node_modules/react/cjs/react.development.js:2582:11)
      at ../../node_modules/.pnpm/@testing-library+react@16.3.2_@testing-library+dom@10.4.1_@types+react-dom@18.3.7_@types+reac_3k5f6qynewwmkoqvlvtzlgtsjq/node_modules/@testing-library/react/dist/act-compat.js:46:25
      at renderRoot (../../node_modules/.pnpm/@testing-library+react@16.3.2_@testing-library+dom@10.4.1_@types+react-dom@18.3.7_@types+reac_3k5f6qynewwmkoqvlvtzlgtsjq/node_modules/@testing-library/react/dist/pure.js:189:26)
      at render (../../node_modules/.pnpm/@testing-library+react@16.3.2_@testing-library+dom@10.4.1_@types+react-dom@18.3.7_@types+reac_3k5f6qynewwmkoqvlvtzlgtsjq/node_modules/@testing-library/react/dist/pure.js:291:10)
      at Object.<anonymous> (components/__tests__/roles-table.test.tsx:58:11)

    console.error
      The above error occurred in the <Tooltip> component:

          at Tooltip (/app/node_modules/.pnpm/@radix-ui+react-tooltip@1.2.8_@types+react-dom@18.3.7_@types+react@18.3.29__@types+react@18.3_xrwsnt2rmlacewwolijhmzdoxi/node_modules/@radix-ui/react-tooltip/src/tooltip.tsx:154:5)
          at Passthrough (/app/apps/admin/components/__tests__/roles-table.test.tsx:20:26)
          at cell (/app/apps/admin/components/roles-table.tsx:123:16)
          at td
          at /app/packages/ui/src/components/ui/table.tsx:87:6
          at tr
          at /app/packages/ui/src/components/ui/table.tsx:57:6
          at tbody
          at /app/packages/ui/src/components/ui/table.tsx:30:6
          at table
          at div
          at /app/packages/ui/src/components/ui/table.tsx:8:6
          at DataTable (/app/packages/ui/src/components/data-table.tsx:23:36)
          at div
          at RolesTable (/app/apps/admin/components/roles-table.tsx:27:30)
          at IntlProvider (/app/node_modules/.pnpm/use-intl@3.26.5_react@18.3.1/node_modules/use-intl/dist/development/_IntlProvider.js:16:5)
          at NextIntlClientProvider (/app/node_modules/.pnpm/next-intl@3.26.5_next@15.5.18_@babel+core@7.29.7_@opentelemetry+api@1.9.1_@playwright+test@1._uib3rlo2eksg3yll53rffkx7ea/node_modules/next-intl/dist/development/shared/NextIntlClientProvider.js:16:5)

      Consider adding an error boundary to your tree to customize error handling behavior.
      Visit https://reactjs.org/link/error-boundaries to learn more about error boundaries.

      56 |
      57 |   it('renders rows with role names and app names', () => {
    > 58 |     render(withIntl(<RolesTable initial={initial} apps={apps} />))
         |           ^
      59 |     expect(screen.getByText('Editor')).toBeInTheDocument()
      60 |     expect(screen.getByText('Platform Admin')).toBeInTheDocument()
      61 |     // "Customer Portal" appears in the row AND in the filter <option>; assert >=1.

      at logCapturedError (../../node_modules/.pnpm/react-dom@18.3.1_react@18.3.1/node_modules/react-dom/cjs/react-dom.development.js:18704:23)
      at update.callback (../../node_modules/.pnpm/react-dom@18.3.1_react@18.3.1/node_modules/react-dom/cjs/react-dom.development.js:18737:5)
      at callCallback (../../node_modules/.pnpm/react-dom@18.3.1_react@18.3.1/node_modules/react-dom/cjs/react-dom.development.js:15036:12)
      at commitUpdateQueue (../../node_modules/.pnpm/react-dom@18.3.1_react@18.3.1/node_modules/react-dom/cjs/react-dom.development.js:15057:9)
      at commitLayoutEffectOnFiber (../../node_modules/.pnpm/react-dom@18.3.1_react@18.3.1/node_modules/react-dom/cjs/react-dom.development.js:23430:13)
      at commitLayoutMountEffects_complete (../../node_modules/.pnpm/react-dom@18.3.1_react@18.3.1/node_modules/react-dom/cjs/react-dom.development.js:24727:9)
      at commitLayoutEffects_begin (../../node_modules/.pnpm/react-dom@18.3.1_react@18.3.1/node_modules/react-dom/cjs/react-dom.development.js:24713:7)
      at commitLayoutEffects (../../node_modules/.pnpm/react-dom@18.3.1_react@18.3.1/node_modules/react-dom/cjs/react-dom.development.js:24651:3)
      at commitRootImpl (../../node_modules/.pnpm/react-dom@18.3.1_react@18.3.1/node_modules/react-dom/cjs/react-dom.development.js:26862:5)
      at commitRoot (../../node_modules/.pnpm/react-dom@18.3.1_react@18.3.1/node_modules/react-dom/cjs/react-dom.development.js:26721:5)
      at finishConcurrentRender (../../node_modules/.pnpm/react-dom@18.3.1_react@18.3.1/node_modules/react-dom/cjs/react-dom.development.js:25931:9)
      at performConcurrentWorkOnRoot (../../node_modules/.pnpm/react-dom@18.3.1_react@18.3.1/node_modules/react-dom/cjs/react-dom.development.js:25848:7)
      at flushActQueue (../../node_modules/.pnpm/react@18.3.1/node_modules/react/cjs/react.development.js:2667:24)
      at act (../../node_modules/.pnpm/react@18.3.1/node_modules/react/cjs/react.development.js:2582:11)
      at ../../node_modules/.pnpm/@testing-library+react@16.3.2_@testing-library+dom@10.4.1_@types+react-dom@18.3.7_@types+reac_3k5f6qynewwmkoqvlvtzlgtsjq/node_modules/@testing-library/react/dist/act-compat.js:46:25
      at renderRoot (../../node_modules/.pnpm/@testing-library+react@16.3.2_@testing-library+dom@10.4.1_@types+react-dom@18.3.7_@types+reac_3k5f6qynewwmkoqvlvtzlgtsjq/node_modules/@testing-library/react/dist/pure.js:189:26)
      at render (../../node_modules/.pnpm/@testing-library+react@16.3.2_@testing-library+dom@10.4.1_@types+react-dom@18.3.7_@types+reac_3k5f6qynewwmkoqvlvtzlgtsjq/node_modules/@testing-library/react/dist/pure.js:291:10)
      at Object.<anonymous> (components/__tests__/roles-table.test.tsx:58:11)

    console.error
      Error: Uncaught [Error: `Tooltip` must be used within `TooltipProvider`]
          at reportException (/app/node_modules/.pnpm/jsdom@20.0.3/node_modules/jsdom/lib/jsdom/living/helpers/runtime-script-errors.js:66:24)
          at innerInvokeEventListeners (/app/node_modules/.pnpm/jsdom@20.0.3/node_modules/jsdom/lib/jsdom/living/events/EventTarget-impl.js:353:9)
          at invokeEventListeners (/app/node_modules/.pnpm/jsdom@20.0.3/node_modules/jsdom/lib/jsdom/living/events/EventTarget-impl.js:286:3)
          at HTMLUnknownElementImpl._dispatch (/app/node_modules/.pnpm/jsdom@20.0.3/node_modules/jsdom/lib/jsdom/living/events/EventTarget-impl.js:233:9)
          at HTMLUnknownElementImpl.dispatchEvent (/app/node_modules/.pnpm/jsdom@20.0.3/node_modules/jsdom/lib/jsdom/living/events/EventTarget-impl.js:104:17)
          at HTMLUnknownElement.dispatchEvent (/app/node_modules/.pnpm/jsdom@20.0.3/node_modules/jsdom/lib/jsdom/living/generated/EventTarget.js:241:34)
          at Object.invokeGuardedCallbackDev (/app/node_modules/.pnpm/react-dom@18.3.1_react@18.3.1/node_modules/react-dom/cjs/react-dom.development.js:4213:16)
          at invokeGuardedCallback (/app/node_modules/.pnpm/react-dom@18.3.1_react@18.3.1/node_modules/react-dom/cjs/react-dom.development.js:4277:31)
          at beginWork$1 (/app/node_modules/.pnpm/react-dom@18.3.1_react@18.3.1/node_modules/react-dom/cjs/react-dom.development.js:27490:7)
          at performUnitOfWork (/app/node_modules/.pnpm/react-dom@18.3.1_react@18.3.1/node_modules/react-dom/cjs/react-dom.development.js:26599:12)
          at workLoopSync (/app/node_modules/.pnpm/react-dom@18.3.1_react@18.3.1/node_modules/react-dom/cjs/react-dom.development.js:26505:5)
          at renderRootSync (/app/node_modules/.pnpm/react-dom@18.3.1_react@18.3.1/node_modules/react-dom/cjs/react-dom.development.js:26473:7)
          at performConcurrentWorkOnRoot (/app/node_modules/.pnpm/react-dom@18.3.1_react@18.3.1/node_modules/react-dom/cjs/react-dom.development.js:25777:74)
          at flushActQueue (/app/node_modules/.pnpm/react@18.3.1/node_modules/react/cjs/react.development.js:2667:24)
          at act (/app/node_modules/.pnpm/react@18.3.1/node_modules/react/cjs/react.development.js:2582:11)
          at /app/node_modules/.pnpm/@testing-library+react@16.3.2_@testing-library+dom@10.4.1_@types+react-dom@18.3.7_@types+reac_3k5f6qynewwmkoqvlvtzlgtsjq/node_modules/@testing-library/react/dist/act-compat.js:46:25
          at renderRoot (/app/node_modules/.pnpm/@testing-library+react@16.3.2_@testing-library+dom@10.4.1_@types+react-dom@18.3.7_@types+reac_3k5f6qynewwmkoqvlvtzlgtsjq/node_modules/@testing-library/react/dist/pure.js:189:26)
          at render (/app/node_modules/.pnpm/@testing-library+react@16.3.2_@testing-library+dom@10.4.1_@types+react-dom@18.3.7_@types+reac_3k5f6qynewwmkoqvlvtzlgtsjq/node_modules/@testing-library/react/dist/pure.js:291:10)
          at Object.<anonymous> (/app/apps/admin/components/__tests__/roles-table.test.tsx:66:11)
          at Promise.then.completed (/app/node_modules/.pnpm/jest-circus@29.7.0/node_modules/jest-circus/build/utils.js:298:28)
          at new Promise (<anonymous>)
          at callAsyncCircusFn (/app/node_modules/.pnpm/jest-circus@29.7.0/node_modules/jest-circus/build/utils.js:231:10)
          at _callCircusTest (/app/node_modules/.pnpm/jest-circus@29.7.0/node_modules/jest-circus/build/run.js:316:40)
          at processTicksAndRejections (node:internal/process/task_queues:103:5)
          at _runTest (/app/node_modules/.pnpm/jest-circus@29.7.0/node_modules/jest-circus/build/run.js:252:3)
          at _runTestsForDescribeBlock (/app/node_modules/.pnpm/jest-circus@29.7.0/node_modules/jest-circus/build/run.js:126:9)
          at _runTestsForDescribeBlock (/app/node_modules/.pnpm/jest-circus@29.7.0/node_modules/jest-circus/build/run.js:121:9)
          at run (/app/node_modules/.pnpm/jest-circus@29.7.0/node_modules/jest-circus/build/run.js:71:3)
          at runAndTransformResultsToJestFormat (/app/node_modules/.pnpm/jest-circus@29.7.0/node_modules/jest-circus/build/legacy-code-todo-rewrite/jestAdapterInit.js:122:21)
          at jestAdapter (/app/node_modules/.pnpm/jest-circus@29.7.0/node_modules/jest-circus/build/legacy-code-todo-rewrite/jestAdapter.js:79:19)
          at runTestInternal (/app/node_modules/.pnpm/jest-runner@29.7.0/node_modules/jest-runner/build/runTest.js:367:16)
          at runTest (/app/node_modules/.pnpm/jest-runner@29.7.0/node_modules/jest-runner/build/runTest.js:444:34)
          at Object.worker (/app/node_modules/.pnpm/jest-runner@29.7.0/node_modules/jest-runner/build/testWorker.js:106:12) {
        detail: Error: `Tooltip` must be used within `TooltipProvider`
            at useContext2 (/app/node_modules/.pnpm/@radix-ui+react-context@1.1.2_@types+react@18.3.29_react@18.3.1/node_modules/@radix-ui/react-context/src/create-context.tsx:75:13)
            at Tooltip (/app/node_modules/.pnpm/@radix-ui+react-tooltip@1.2.8_@types+react-dom@18.3.7_@types+react@18.3.29__@types+react@18.3_xrwsnt2rmlacewwolijhmzdoxi/node_modules/@radix-ui/react-tooltip/src/tooltip.tsx:162:27)
            at renderWithHooks (/app/node_modules/.pnpm/react-dom@18.3.1_react@18.3.1/node_modules/react-dom/cjs/react-dom.development.js:15486:18)
            at mountIndeterminateComponent (/app/node_modules/.pnpm/react-dom@18.3.1_react@18.3.1/node_modules/react-dom/cjs/react-dom.development.js:20103:13)
            at beginWork (/app/node_modules/.pnpm/react-dom@18.3.1_react@18.3.1/node_modules/react-dom/cjs/react-dom.development.js:21626:16)
            at HTMLUnknownElement.callCallback (/app/node_modules/.pnpm/react-dom@18.3.1_react@18.3.1/node_modules/react-dom/cjs/react-dom.development.js:4164:14)
            at HTMLUnknownElement.callTheUserObjectsOperation (/app/node_modules/.pnpm/jsdom@20.0.3/node_modules/jsdom/lib/jsdom/living/generated/EventListener.js:26:30)
            at innerInvokeEventListeners (/app/node_modules/.pnpm/jsdom@20.0.3/node_modules/jsdom/lib/jsdom/living/events/EventTarget-impl.js:350:25)
            at invokeEventListeners (/app/node_modules/.pnpm/jsdom@20.0.3/node_modules/jsdom/lib/jsdom/living/events/EventTarget-impl.js:286:3)
            at HTMLUnknownElementImpl._dispatch (/app/node_modules/.pnpm/jsdom@20.0.3/node_modules/jsdom/lib/jsdom/living/events/EventTarget-impl.js:233:9)
            at HTMLUnknownElementImpl.dispatchEvent (/app/node_modules/.pnpm/jsdom@20.0.3/node_modules/jsdom/lib/jsdom/living/events/EventTarget-impl.js:104:17)
            at HTMLUnknownElement.dispatchEvent (/app/node_modules/.pnpm/jsdom@20.0.3/node_modules/jsdom/lib/jsdom/living/generated/EventTarget.js:241:34)
            at Object.invokeGuardedCallbackDev (/app/node_modules/.pnpm/react-dom@18.3.1_react@18.3.1/node_modules/react-dom/cjs/react-dom.development.js:4213:16)
            at invokeGuardedCallback (/app/node_modules/.pnpm/react-dom@18.3.1_react@18.3.1/node_modules/react-dom/cjs/react-dom.development.js:4277:31)
            at beginWork$1 (/app/node_modules/.pnpm/react-dom@18.3.1_react@18.3.1/node_modules/react-dom/cjs/react-dom.development.js:27490:7)
            at performUnitOfWork (/app/node_modules/.pnpm/react-dom@18.3.1_react@18.3.1/node_modules/react-dom/cjs/react-dom.development.js:26599:12)
            at workLoopSync (/app/node_modules/.pnpm/react-dom@18.3.1_react@18.3.1/node_modules/react-dom/cjs/react-dom.development.js:26505:5)
            at renderRootSync (/app/node_modules/.pnpm/react-dom@18.3.1_react@18.3.1/node_modules/react-dom/cjs/react-dom.development.js:26473:7)
            at performConcurrentWorkOnRoot (/app/node_modules/.pnpm/react-dom@18.3.1_react@18.3.1/node_modules/react-dom/cjs/react-dom.development.js:25777:74)
            at flushActQueue (/app/node_modules/.pnpm/react@18.3.1/node_modules/react/cjs/react.development.js:2667:24)
            at act (/app/node_modules/.pnpm/react@18.3.1/node_modules/react/cjs/react.development.js:2582:11)
            at /app/node_modules/.pnpm/@testing-library+react@16.3.2_@testing-library+dom@10.4.1_@types+react-dom@18.3.7_@types+reac_3k5f6qynewwmkoqvlvtzlgtsjq/node_modules/@testing-library/react/dist/act-compat.js:46:25
            at renderRoot (/app/node_modules/.pnpm/@testing-library+react@16.3.2_@testing-library+dom@10.4.1_@types+react-dom@18.3.7_@types+reac_3k5f6qynewwmkoqvlvtzlgtsjq/node_modules/@testing-library/react/dist/pure.js:189:26)
            at render (/app/node_modules/.pnpm/@testing-library+react@16.3.2_@testing-library+dom@10.4.1_@types+react-dom@18.3.7_@types+reac_3k5f6qynewwmkoqvlvtzlgtsjq/node_modules/@testing-library/react/dist/pure.js:291:10)
            at Object.<anonymous> (/app/apps/admin/components/__tests__/roles-table.test.tsx:66:11)
            at Promise.then.completed (/app/node_modules/.pnpm/jest-circus@29.7.0/node_modules/jest-circus/build/utils.js:298:28)
            at new Promise (<anonymous>)
            at callAsyncCircusFn (/app/node_modules/.pnpm/jest-circus@29.7.0/node_modules/jest-circus/build/utils.js:231:10)
            at _callCircusTest (/app/node_modules/.pnpm/jest-circus@29.7.0/node_modules/jest-circus/build/run.js:316:40)
            at processTicksAndRejections (node:internal/process/task_queues:103:5)
            at _runTest (/app/node_modules/.pnpm/jest-circus@29.7.0/node_modules/jest-circus/build/run.js:252:3)
            at _runTestsForDescribeBlock (/app/node_modules/.pnpm/jest-circus@29.7.0/node_modules/jest-circus/build/run.js:126:9)
            at _runTestsForDescribeBlock (/app/node_modules/.pnpm/jest-circus@29.7.0/node_modules/jest-circus/build/run.js:121:9)
            at run (/app/node_modules/.pnpm/jest-circus@29.7.0/node_modules/jest-circus/build/run.js:71:3)
            at runAndTransformResultsToJestFormat (/app/node_modules/.pnpm/jest-circus@29.7.0/node_modules/jest-circus/build/legacy-code-todo-rewrite/jestAdapterInit.js:122:21)
            at jestAdapter (/app/node_modules/.pnpm/jest-circus@29.7.0/node_modules/jest-circus/build/legacy-code-todo-rewrite/jestAdapter.js:79:19)
            at runTestInternal (/app/node_modules/.pnpm/jest-runner@29.7.0/node_modules/jest-runner/build/runTest.js:367:16)
            at runTest (/app/node_modules/.pnpm/jest-runner@29.7.0/node_modules/jest-runner/build/runTest.js:444:34)
            at Object.worker (/app/node_modules/.pnpm/jest-runner@29.7.0/node_modules/jest-runner/build/testWorker.js:106:12),
        type: 'unhandled exception'
      }

      64 |
      65 |   it('shows View/Edit/Delete menu items per row', () => {
    > 66 |     render(withIntl(<RolesTable initial={initial} apps={apps} />))
         |           ^
      67 |     expect(screen.getAllByRole('menuitem', { name: en.roles.actions.view })).toHaveLength(2)
      68 |     expect(screen.getAllByRole('menuitem', { name: en.roles.actions.edit })).toHaveLength(2)
      69 |     expect(screen.getAllByRole('menuitem', { name: en.roles.actions.delete })).toHaveLength(2)

      at VirtualConsole.<anonymous> (../../node_modules/.pnpm/jest-environment-jsdom@29.7.0/node_modules/jest-environment-jsdom/build/index.js:63:23)
      at reportException (../../node_modules/.pnpm/jsdom@20.0.3/node_modules/jsdom/lib/jsdom/living/helpers/runtime-script-errors.js:70:28)
      at innerInvokeEventListeners (../../node_modules/.pnpm/jsdom@20.0.3/node_modules/jsdom/lib/jsdom/living/events/EventTarget-impl.js:353:9)
      at invokeEventListeners (../../node_modules/.pnpm/jsdom@20.0.3/node_modules/jsdom/lib/jsdom/living/events/EventTarget-impl.js:286:3)
      at HTMLUnknownElementImpl._dispatch (../../node_modules/.pnpm/jsdom@20.0.3/node_modules/jsdom/lib/jsdom/living/events/EventTarget-impl.js:233:9)
      at HTMLUnknownElementImpl.dispatchEvent (../../node_modules/.pnpm/jsdom@20.0.3/node_modules/jsdom/lib/jsdom/living/events/EventTarget-impl.js:104:17)
      at HTMLUnknownElement.dispatchEvent (../../node_modules/.pnpm/jsdom@20.0.3/node_modules/jsdom/lib/jsdom/living/generated/EventTarget.js:241:34)
      at Object.invokeGuardedCallbackDev (../../node_modules/.pnpm/react-dom@18.3.1_react@18.3.1/node_modules/react-dom/cjs/react-dom.development.js:4213:16)
      at invokeGuardedCallback (../../node_modules/.pnpm/react-dom@18.3.1_react@18.3.1/node_modules/react-dom/cjs/react-dom.development.js:4277:31)
      at beginWork$1 (../../node_modules/.pnpm/react-dom@18.3.1_react@18.3.1/node_modules/react-dom/cjs/react-dom.development.js:27490:7)
      at performUnitOfWork (../../node_modules/.pnpm/react-dom@18.3.1_react@18.3.1/node_modules/react-dom/cjs/react-dom.development.js:26599:12)
      at workLoopSync (../../node_modules/.pnpm/react-dom@18.3.1_react@18.3.1/node_modules/react-dom/cjs/react-dom.development.js:26505:5)
      at renderRootSync (../../node_modules/.pnpm/react-dom@18.3.1_react@18.3.1/node_modules/react-dom/cjs/react-dom.development.js:26473:7)
      at performConcurrentWorkOnRoot (../../node_modules/.pnpm/react-dom@18.3.1_react@18.3.1/node_modules/react-dom/cjs/react-dom.development.js:25777:74)
      at flushActQueue (../../node_modules/.pnpm/react@18.3.1/node_modules/react/cjs/react.development.js:2667:24)
      at act (../../node_modules/.pnpm/react@18.3.1/node_modules/react/cjs/react.development.js:2582:11)
      at ../../node_modules/.pnpm/@testing-library+react@16.3.2_@testing-library+dom@10.4.1_@types+react-dom@18.3.7_@types+reac_3k5f6qynewwmkoqvlvtzlgtsjq/node_modules/@testing-library/react/dist/act-compat.js:46:25
      at renderRoot (../../node_modules/.pnpm/@testing-library+react@16.3.2_@testing-library+dom@10.4.1_@types+react-dom@18.3.7_@types+reac_3k5f6qynewwmkoqvlvtzlgtsjq/node_modules/@testing-library/react/dist/pure.js:189:26)
      at render (../../node_modules/.pnpm/@testing-library+react@16.3.2_@testing-library+dom@10.4.1_@types+react-dom@18.3.7_@types+reac_3k5f6qynewwmkoqvlvtzlgtsjq/node_modules/@testing-library/react/dist/pure.js:291:10)
      at Object.<anonymous> (components/__tests__/roles-table.test.tsx:66:11)

    console.error
      Error: Uncaught [Error: `Tooltip` must be used within `TooltipProvider`]
          at reportException (/app/node_modules/.pnpm/jsdom@20.0.3/node_modules/jsdom/lib/jsdom/living/helpers/runtime-script-errors.js:66:24)
          at innerInvokeEventListeners (/app/node_modules/.pnpm/jsdom@20.0.3/node_modules/jsdom/lib/jsdom/living/events/EventTarget-impl.js:353:9)
          at invokeEventListeners (/app/node_modules/.pnpm/jsdom@20.0.3/node_modules/jsdom/lib/jsdom/living/events/EventTarget-impl.js:286:3)
          at HTMLUnknownElementImpl._dispatch (/app/node_modules/.pnpm/jsdom@20.0.3/node_modules/jsdom/lib/jsdom/living/events/EventTarget-impl.js:233:9)
          at HTMLUnknownElementImpl.dispatchEvent (/app/node_modules/.pnpm/jsdom@20.0.3/node_modules/jsdom/lib/jsdom/living/events/EventTarget-impl.js:104:17)
          at HTMLUnknownElement.dispatchEvent (/app/node_modules/.pnpm/jsdom@20.0.3/node_modules/jsdom/lib/jsdom/living/generated/EventTarget.js:241:34)
          at Object.invokeGuardedCallbackDev (/app/node_modules/.pnpm/react-dom@18.3.1_react@18.3.1/node_modules/react-dom/cjs/react-dom.development.js:4213:16)
          at invokeGuardedCallback (/app/node_modules/.pnpm/react-dom@18.3.1_react@18.3.1/node_modules/react-dom/cjs/react-dom.development.js:4277:31)
          at beginWork$1 (/app/node_modules/.pnpm/react-dom@18.3.1_react@18.3.1/node_modules/react-dom/cjs/react-dom.development.js:27490:7)
          at performUnitOfWork (/app/node_modules/.pnpm/react-dom@18.3.1_react@18.3.1/node_modules/react-dom/cjs/react-dom.development.js:26599:12)
          at workLoopSync (/app/node_modules/.pnpm/react-dom@18.3.1_react@18.3.1/node_modules/react-dom/cjs/react-dom.development.js:26505:5)
          at renderRootSync (/app/node_modules/.pnpm/react-dom@18.3.1_react@18.3.1/node_modules/react-dom/cjs/react-dom.development.js:26473:7)
          at performConcurrentWorkOnRoot (/app/node_modules/.pnpm/react-dom@18.3.1_react@18.3.1/node_modules/react-dom/cjs/react-dom.development.js:25777:74)
          at flushActQueue (/app/node_modules/.pnpm/react@18.3.1/node_modules/react/cjs/react.development.js:2667:24)
          at act (/app/node_modules/.pnpm/react@18.3.1/node_modules/react/cjs/react.development.js:2582:11)
          at /app/node_modules/.pnpm/@testing-library+react@16.3.2_@testing-library+dom@10.4.1_@types+react-dom@18.3.7_@types+reac_3k5f6qynewwmkoqvlvtzlgtsjq/node_modules/@testing-library/react/dist/act-compat.js:46:25
          at renderRoot (/app/node_modules/.pnpm/@testing-library+react@16.3.2_@testing-library+dom@10.4.1_@types+react-dom@18.3.7_@types+reac_3k5f6qynewwmkoqvlvtzlgtsjq/node_modules/@testing-library/react/dist/pure.js:189:26)
          at render (/app/node_modules/.pnpm/@testing-library+react@16.3.2_@testing-library+dom@10.4.1_@types+react-dom@18.3.7_@types+reac_3k5f6qynewwmkoqvlvtzlgtsjq/node_modules/@testing-library/react/dist/pure.js:291:10)
          at Object.<anonymous> (/app/apps/admin/components/__tests__/roles-table.test.tsx:66:11)
          at Promise.then.completed (/app/node_modules/.pnpm/jest-circus@29.7.0/node_modules/jest-circus/build/utils.js:298:28)
          at new Promise (<anonymous>)
          at callAsyncCircusFn (/app/node_modules/.pnpm/jest-circus@29.7.0/node_modules/jest-circus/build/utils.js:231:10)
          at _callCircusTest (/app/node_modules/.pnpm/jest-circus@29.7.0/node_modules/jest-circus/build/run.js:316:40)
          at processTicksAndRejections (node:internal/process/task_queues:103:5)
          at _runTest (/app/node_modules/.pnpm/jest-circus@29.7.0/node_modules/jest-circus/build/run.js:252:3)
          at _runTestsForDescribeBlock (/app/node_modules/.pnpm/jest-circus@29.7.0/node_modules/jest-circus/build/run.js:126:9)
          at _runTestsForDescribeBlock (/app/node_modules/.pnpm/jest-circus@29.7.0/node_modules/jest-circus/build/run.js:121:9)
          at run (/app/node_modules/.pnpm/jest-circus@29.7.0/node_modules/jest-circus/build/run.js:71:3)
          at runAndTransformResultsToJestFormat (/app/node_modules/.pnpm/jest-circus@29.7.0/node_modules/jest-circus/build/legacy-code-todo-rewrite/jestAdapterInit.js:122:21)
          at jestAdapter (/app/node_modules/.pnpm/jest-circus@29.7.0/node_modules/jest-circus/build/legacy-code-todo-rewrite/jestAdapter.js:79:19)
          at runTestInternal (/app/node_modules/.pnpm/jest-runner@29.7.0/node_modules/jest-runner/build/runTest.js:367:16)
          at runTest (/app/node_modules/.pnpm/jest-runner@29.7.0/node_modules/jest-runner/build/runTest.js:444:34)
          at Object.worker (/app/node_modules/.pnpm/jest-runner@29.7.0/node_modules/jest-runner/build/testWorker.js:106:12) {
        detail: Error: `Tooltip` must be used within `TooltipProvider`
            at useContext2 (/app/node_modules/.pnpm/@radix-ui+react-context@1.1.2_@types+react@18.3.29_react@18.3.1/node_modules/@radix-ui/react-context/src/create-context.tsx:75:13)
            at Tooltip (/app/node_modules/.pnpm/@radix-ui+react-tooltip@1.2.8_@types+react-dom@18.3.7_@types+react@18.3.29__@types+react@18.3_xrwsnt2rmlacewwolijhmzdoxi/node_modules/@radix-ui/react-tooltip/src/tooltip.tsx:162:27)
            at renderWithHooks (/app/node_modules/.pnpm/react-dom@18.3.1_react@18.3.1/node_modules/react-dom/cjs/react-dom.development.js:15486:18)
            at mountIndeterminateComponent (/app/node_modules/.pnpm/react-dom@18.3.1_react@18.3.1/node_modules/react-dom/cjs/react-dom.development.js:20103:13)
            at beginWork (/app/node_modules/.pnpm/react-dom@18.3.1_react@18.3.1/node_modules/react-dom/cjs/react-dom.development.js:21626:16)
            at HTMLUnknownElement.callCallback (/app/node_modules/.pnpm/react-dom@18.3.1_react@18.3.1/node_modules/react-dom/cjs/react-dom.development.js:4164:14)
            at HTMLUnknownElement.callTheUserObjectsOperation (/app/node_modules/.pnpm/jsdom@20.0.3/node_modules/jsdom/lib/jsdom/living/generated/EventListener.js:26:30)
            at innerInvokeEventListeners (/app/node_modules/.pnpm/jsdom@20.0.3/node_modules/jsdom/lib/jsdom/living/events/EventTarget-impl.js:350:25)
            at invokeEventListeners (/app/node_modules/.pnpm/jsdom@20.0.3/node_modules/jsdom/lib/jsdom/living/events/EventTarget-impl.js:286:3)
            at HTMLUnknownElementImpl._dispatch (/app/node_modules/.pnpm/jsdom@20.0.3/node_modules/jsdom/lib/jsdom/living/events/EventTarget-impl.js:233:9)
            at HTMLUnknownElementImpl.dispatchEvent (/app/node_modules/.pnpm/jsdom@20.0.3/node_modules/jsdom/lib/jsdom/living/events/EventTarget-impl.js:104:17)
            at HTMLUnknownElement.dispatchEvent (/app/node_modules/.pnpm/jsdom@20.0.3/node_modules/jsdom/lib/jsdom/living/generated/EventTarget.js:241:34)
            at Object.invokeGuardedCallbackDev (/app/node_modules/.pnpm/react-dom@18.3.1_react@18.3.1/node_modules/react-dom/cjs/react-dom.development.js:4213:16)
            at invokeGuardedCallback (/app/node_modules/.pnpm/react-dom@18.3.1_react@18.3.1/node_modules/react-dom/cjs/react-dom.development.js:4277:31)
            at beginWork$1 (/app/node_modules/.pnpm/react-dom@18.3.1_react@18.3.1/node_modules/react-dom/cjs/react-dom.development.js:27490:7)
            at performUnitOfWork (/app/node_modules/.pnpm/react-dom@18.3.1_react@18.3.1/node_modules/react-dom/cjs/react-dom.development.js:26599:12)
            at workLoopSync (/app/node_modules/.pnpm/react-dom@18.3.1_react@18.3.1/node_modules/react-dom/cjs/react-dom.development.js:26505:5)
            at renderRootSync (/app/node_modules/.pnpm/react-dom@18.3.1_react@18.3.1/node_modules/react-dom/cjs/react-dom.development.js:26473:7)
            at performConcurrentWorkOnRoot (/app/node_modules/.pnpm/react-dom@18.3.1_react@18.3.1/node_modules/react-dom/cjs/react-dom.development.js:25777:74)
            at flushActQueue (/app/node_modules/.pnpm/react@18.3.1/node_modules/react/cjs/react.development.js:2667:24)
            at act (/app/node_modules/.pnpm/react@18.3.1/node_modules/react/cjs/react.development.js:2582:11)
            at /app/node_modules/.pnpm/@testing-library+react@16.3.2_@testing-library+dom@10.4.1_@types+react-dom@18.3.7_@types+reac_3k5f6qynewwmkoqvlvtzlgtsjq/node_modules/@testing-library/react/dist/act-compat.js:46:25
            at renderRoot (/app/node_modules/.pnpm/@testing-library+react@16.3.2_@testing-library+dom@10.4.1_@types+react-dom@18.3.7_@types+reac_3k5f6qynewwmkoqvlvtzlgtsjq/node_modules/@testing-library/react/dist/pure.js:189:26)
            at render (/app/node_modules/.pnpm/@testing-library+react@16.3.2_@testing-library+dom@10.4.1_@types+react-dom@18.3.7_@types+reac_3k5f6qynewwmkoqvlvtzlgtsjq/node_modules/@testing-library/react/dist/pure.js:291:10)
            at Object.<anonymous> (/app/apps/admin/components/__tests__/roles-table.test.tsx:66:11)
            at Promise.then.completed (/app/node_modules/.pnpm/jest-circus@29.7.0/node_modules/jest-circus/build/utils.js:298:28)
            at new Promise (<anonymous>)
            at callAsyncCircusFn (/app/node_modules/.pnpm/jest-circus@29.7.0/node_modules/jest-circus/build/utils.js:231:10)
            at _callCircusTest (/app/node_modules/.pnpm/jest-circus@29.7.0/node_modules/jest-circus/build/run.js:316:40)
            at processTicksAndRejections (node:internal/process/task_queues:103:5)
            at _runTest (/app/node_modules/.pnpm/jest-circus@29.7.0/node_modules/jest-circus/build/run.js:252:3)
            at _runTestsForDescribeBlock (/app/node_modules/.pnpm/jest-circus@29.7.0/node_modules/jest-circus/build/run.js:126:9)
            at _runTestsForDescribeBlock (/app/node_modules/.pnpm/jest-circus@29.7.0/node_modules/jest-circus/build/run.js:121:9)
            at run (/app/node_modules/.pnpm/jest-circus@29.7.0/node_modules/jest-circus/build/run.js:71:3)
            at runAndTransformResultsToJestFormat (/app/node_modules/.pnpm/jest-circus@29.7.0/node_modules/jest-circus/build/legacy-code-todo-rewrite/jestAdapterInit.js:122:21)
            at jestAdapter (/app/node_modules/.pnpm/jest-circus@29.7.0/node_modules/jest-circus/build/legacy-code-todo-rewrite/jestAdapter.js:79:19)
            at runTestInternal (/app/node_modules/.pnpm/jest-runner@29.7.0/node_modules/jest-runner/build/runTest.js:367:16)
            at runTest (/app/node_modules/.pnpm/jest-runner@29.7.0/node_modules/jest-runner/build/runTest.js:444:34)
            at Object.worker (/app/node_modules/.pnpm/jest-runner@29.7.0/node_modules/jest-runner/build/testWorker.js:106:12),
        type: 'unhandled exception'
      }

      64 |
      65 |   it('shows View/Edit/Delete menu items per row', () => {
    > 66 |     render(withIntl(<RolesTable initial={initial} apps={apps} />))
         |           ^
      67 |     expect(screen.getAllByRole('menuitem', { name: en.roles.actions.view })).toHaveLength(2)
      68 |     expect(screen.getAllByRole('menuitem', { name: en.roles.actions.edit })).toHaveLength(2)
      69 |     expect(screen.getAllByRole('menuitem', { name: en.roles.actions.delete })).toHaveLength(2)

      at VirtualConsole.<anonymous> (../../node_modules/.pnpm/jest-environment-jsdom@29.7.0/node_modules/jest-environment-jsdom/build/index.js:63:23)
      at reportException (../../node_modules/.pnpm/jsdom@20.0.3/node_modules/jsdom/lib/jsdom/living/helpers/runtime-script-errors.js:70:28)
      at innerInvokeEventListeners (../../node_modules/.pnpm/jsdom@20.0.3/node_modules/jsdom/lib/jsdom/living/events/EventTarget-impl.js:353:9)
      at invokeEventListeners (../../node_modules/.pnpm/jsdom@20.0.3/node_modules/jsdom/lib/jsdom/living/events/EventTarget-impl.js:286:3)
      at HTMLUnknownElementImpl._dispatch (../../node_modules/.pnpm/jsdom@20.0.3/node_modules/jsdom/lib/jsdom/living/events/EventTarget-impl.js:233:9)
      at HTMLUnknownElementImpl.dispatchEvent (../../node_modules/.pnpm/jsdom@20.0.3/node_modules/jsdom/lib/jsdom/living/events/EventTarget-impl.js:104:17)
      at HTMLUnknownElement.dispatchEvent (../../node_modules/.pnpm/jsdom@20.0.3/node_modules/jsdom/lib/jsdom/living/generated/EventTarget.js:241:34)
      at Object.invokeGuardedCallbackDev (../../node_modules/.pnpm/react-dom@18.3.1_react@18.3.1/node_modules/react-dom/cjs/react-dom.development.js:4213:16)
      at invokeGuardedCallback (../../node_modules/.pnpm/react-dom@18.3.1_react@18.3.1/node_modules/react-dom/cjs/react-dom.development.js:4277:31)
      at beginWork$1 (../../node_modules/.pnpm/react-dom@18.3.1_react@18.3.1/node_modules/react-dom/cjs/react-dom.development.js:27490:7)
      at performUnitOfWork (../../node_modules/.pnpm/react-dom@18.3.1_react@18.3.1/node_modules/react-dom/cjs/react-dom.development.js:26599:12)
      at workLoopSync (../../node_modules/.pnpm/react-dom@18.3.1_react@18.3.1/node_modules/react-dom/cjs/react-dom.development.js:26505:5)
      at renderRootSync (../../node_modules/.pnpm/react-dom@18.3.1_react@18.3.1/node_modules/react-dom/cjs/react-dom.development.js:26473:7)
      at performConcurrentWorkOnRoot (../../node_modules/.pnpm/react-dom@18.3.1_react@18.3.1/node_modules/react-dom/cjs/react-dom.development.js:25777:74)
      at flushActQueue (../../node_modules/.pnpm/react@18.3.1/node_modules/react/cjs/react.development.js:2667:24)
      at act (../../node_modules/.pnpm/react@18.3.1/node_modules/react/cjs/react.development.js:2582:11)
      at ../../node_modules/.pnpm/@testing-library+react@16.3.2_@testing-library+dom@10.4.1_@types+react-dom@18.3.7_@types+reac_3k5f6qynewwmkoqvlvtzlgtsjq/node_modules/@testing-library/react/dist/act-compat.js:46:25
      at renderRoot (../../node_modules/.pnpm/@testing-library+react@16.3.2_@testing-library+dom@10.4.1_@types+react-dom@18.3.7_@types+reac_3k5f6qynewwmkoqvlvtzlgtsjq/node_modules/@testing-library/react/dist/pure.js:189:26)
      at render (../../node_modules/.pnpm/@testing-library+react@16.3.2_@testing-library+dom@10.4.1_@types+react-dom@18.3.7_@types+reac_3k5f6qynewwmkoqvlvtzlgtsjq/node_modules/@testing-library/react/dist/pure.js:291:10)
      at Object.<anonymous> (components/__tests__/roles-table.test.tsx:66:11)

    console.error
      Error: Uncaught [Error: `Tooltip` must be used within `TooltipProvider`]
          at reportException (/app/node_modules/.pnpm/jsdom@20.0.3/node_modules/jsdom/lib/jsdom/living/helpers/runtime-script-errors.js:66:24)
          at innerInvokeEventListeners (/app/node_modules/.pnpm/jsdom@20.0.3/node_modules/jsdom/lib/jsdom/living/events/EventTarget-impl.js:353:9)
          at invokeEventListeners (/app/node_modules/.pnpm/jsdom@20.0.3/node_modules/jsdom/lib/jsdom/living/events/EventTarget-impl.js:286:3)
          at HTMLUnknownElementImpl._dispatch (/app/node_modules/.pnpm/jsdom@20.0.3/node_modules/jsdom/lib/jsdom/living/events/EventTarget-impl.js:233:9)
          at HTMLUnknownElementImpl.dispatchEvent (/app/node_modules/.pnpm/jsdom@20.0.3/node_modules/jsdom/lib/jsdom/living/events/EventTarget-impl.js:104:17)
          at HTMLUnknownElement.dispatchEvent (/app/node_modules/.pnpm/jsdom@20.0.3/node_modules/jsdom/lib/jsdom/living/generated/EventTarget.js:241:34)
          at Object.invokeGuardedCallbackDev (/app/node_modules/.pnpm/react-dom@18.3.1_react@18.3.1/node_modules/react-dom/cjs/react-dom.development.js:4213:16)
          at invokeGuardedCallback (/app/node_modules/.pnpm/react-dom@18.3.1_react@18.3.1/node_modules/react-dom/cjs/react-dom.development.js:4277:31)
          at beginWork$1 (/app/node_modules/.pnpm/react-dom@18.3.1_react@18.3.1/node_modules/react-dom/cjs/react-dom.development.js:27490:7)
          at performUnitOfWork (/app/node_modules/.pnpm/react-dom@18.3.1_react@18.3.1/node_modules/react-dom/cjs/react-dom.development.js:26599:12)
          at workLoopSync (/app/node_modules/.pnpm/react-dom@18.3.1_react@18.3.1/node_modules/react-dom/cjs/react-dom.development.js:26505:5)
          at renderRootSync (/app/node_modules/.pnpm/react-dom@18.3.1_react@18.3.1/node_modules/react-dom/cjs/react-dom.development.js:26473:7)
          at performConcurrentWorkOnRoot (/app/node_modules/.pnpm/react-dom@18.3.1_react@18.3.1/node_modules/react-dom/cjs/react-dom.development.js:25777:74)
          at flushActQueue (/app/node_modules/.pnpm/react@18.3.1/node_modules/react/cjs/react.development.js:2667:24)
          at act (/app/node_modules/.pnpm/react@18.3.1/node_modules/react/cjs/react.development.js:2582:11)
          at /app/node_modules/.pnpm/@testing-library+react@16.3.2_@testing-library+dom@10.4.1_@types+react-dom@18.3.7_@types+reac_3k5f6qynewwmkoqvlvtzlgtsjq/node_modules/@testing-library/react/dist/act-compat.js:46:25
          at renderRoot (/app/node_modules/.pnpm/@testing-library+react@16.3.2_@testing-library+dom@10.4.1_@types+react-dom@18.3.7_@types+reac_3k5f6qynewwmkoqvlvtzlgtsjq/node_modules/@testing-library/react/dist/pure.js:189:26)
          at render (/app/node_modules/.pnpm/@testing-library+react@16.3.2_@testing-library+dom@10.4.1_@types+react-dom@18.3.7_@types+reac_3k5f6qynewwmkoqvlvtzlgtsjq/node_modules/@testing-library/react/dist/pure.js:291:10)
          at Object.<anonymous> (/app/apps/admin/components/__tests__/roles-table.test.tsx:66:11)
          at Promise.then.completed (/app/node_modules/.pnpm/jest-circus@29.7.0/node_modules/jest-circus/build/utils.js:298:28)
          at new Promise (<anonymous>)
          at callAsyncCircusFn (/app/node_modules/.pnpm/jest-circus@29.7.0/node_modules/jest-circus/build/utils.js:231:10)
          at _callCircusTest (/app/node_modules/.pnpm/jest-circus@29.7.0/node_modules/jest-circus/build/run.js:316:40)
          at processTicksAndRejections (node:internal/process/task_queues:103:5)
          at _runTest (/app/node_modules/.pnpm/jest-circus@29.7.0/node_modules/jest-circus/build/run.js:252:3)
          at _runTestsForDescribeBlock (/app/node_modules/.pnpm/jest-circus@29.7.0/node_modules/jest-circus/build/run.js:126:9)
          at _runTestsForDescribeBlock (/app/node_modules/.pnpm/jest-circus@29.7.0/node_modules/jest-circus/build/run.js:121:9)
          at run (/app/node_modules/.pnpm/jest-circus@29.7.0/node_modules/jest-circus/build/run.js:71:3)
          at runAndTransformResultsToJestFormat (/app/node_modules/.pnpm/jest-circus@29.7.0/node_modules/jest-circus/build/legacy-code-todo-rewrite/jestAdapterInit.js:122:21)
          at jestAdapter (/app/node_modules/.pnpm/jest-circus@29.7.0/node_modules/jest-circus/build/legacy-code-todo-rewrite/jestAdapter.js:79:19)
          at runTestInternal (/app/node_modules/.pnpm/jest-runner@29.7.0/node_modules/jest-runner/build/runTest.js:367:16)
          at runTest (/app/node_modules/.pnpm/jest-runner@29.7.0/node_modules/jest-runner/build/runTest.js:444:34)
          at Object.worker (/app/node_modules/.pnpm/jest-runner@29.7.0/node_modules/jest-runner/build/testWorker.js:106:12) {
        detail: Error: `Tooltip` must be used within `TooltipProvider`
            at useContext2 (/app/node_modules/.pnpm/@radix-ui+react-context@1.1.2_@types+react@18.3.29_react@18.3.1/node_modules/@radix-ui/react-context/src/create-context.tsx:75:13)
            at Tooltip (/app/node_modules/.pnpm/@radix-ui+react-tooltip@1.2.8_@types+react-dom@18.3.7_@types+react@18.3.29__@types+react@18.3_xrwsnt2rmlacewwolijhmzdoxi/node_modules/@radix-ui/react-tooltip/src/tooltip.tsx:162:27)
            at renderWithHooks (/app/node_modules/.pnpm/react-dom@18.3.1_react@18.3.1/node_modules/react-dom/cjs/react-dom.development.js:15486:18)
            at mountIndeterminateComponent (/app/node_modules/.pnpm/react-dom@18.3.1_react@18.3.1/node_modules/react-dom/cjs/react-dom.development.js:20103:13)
            at beginWork (/app/node_modules/.pnpm/react-dom@18.3.1_react@18.3.1/node_modules/react-dom/cjs/react-dom.development.js:21626:16)
            at HTMLUnknownElement.callCallback (/app/node_modules/.pnpm/react-dom@18.3.1_react@18.3.1/node_modules/react-dom/cjs/react-dom.development.js:4164:14)
            at HTMLUnknownElement.callTheUserObjectsOperation (/app/node_modules/.pnpm/jsdom@20.0.3/node_modules/jsdom/lib/jsdom/living/generated/EventListener.js:26:30)
            at innerInvokeEventListeners (/app/node_modules/.pnpm/jsdom@20.0.3/node_modules/jsdom/lib/jsdom/living/events/EventTarget-impl.js:350:25)
            at invokeEventListeners (/app/node_modules/.pnpm/jsdom@20.0.3/node_modules/jsdom/lib/jsdom/living/events/EventTarget-impl.js:286:3)
            at HTMLUnknownElementImpl._dispatch (/app/node_modules/.pnpm/jsdom@20.0.3/node_modules/jsdom/lib/jsdom/living/events/EventTarget-impl.js:233:9)
            at HTMLUnknownElementImpl.dispatchEvent (/app/node_modules/.pnpm/jsdom@20.0.3/node_modules/jsdom/lib/jsdom/living/events/EventTarget-impl.js:104:17)
            at HTMLUnknownElement.dispatchEvent (/app/node_modules/.pnpm/jsdom@20.0.3/node_modules/jsdom/lib/jsdom/living/generated/EventTarget.js:241:34)
            at Object.invokeGuardedCallbackDev (/app/node_modules/.pnpm/react-dom@18.3.1_react@18.3.1/node_modules/react-dom/cjs/react-dom.development.js:4213:16)
            at invokeGuardedCallback (/app/node_modules/.pnpm/react-dom@18.3.1_react@18.3.1/node_modules/react-dom/cjs/react-dom.development.js:4277:31)
            at beginWork$1 (/app/node_modules/.pnpm/react-dom@18.3.1_react@18.3.1/node_modules/react-dom/cjs/react-dom.development.js:27490:7)
            at performUnitOfWork (/app/node_modules/.pnpm/react-dom@18.3.1_react@18.3.1/node_modules/react-dom/cjs/react-dom.development.js:26599:12)
            at workLoopSync (/app/node_modules/.pnpm/react-dom@18.3.1_react@18.3.1/node_modules/react-dom/cjs/react-dom.development.js:26505:5)
            at renderRootSync (/app/node_modules/.pnpm/react-dom@18.3.1_react@18.3.1/node_modules/react-dom/cjs/react-dom.development.js:26473:7)
            at performConcurrentWorkOnRoot (/app/node_modules/.pnpm/react-dom@18.3.1_react@18.3.1/node_modules/react-dom/cjs/react-dom.development.js:25777:74)
            at flushActQueue (/app/node_modules/.pnpm/react@18.3.1/node_modules/react/cjs/react.development.js:2667:24)
            at act (/app/node_modules/.pnpm/react@18.3.1/node_modules/react/cjs/react.development.js:2582:11)
            at /app/node_modules/.pnpm/@testing-library+react@16.3.2_@testing-library+dom@10.4.1_@types+react-dom@18.3.7_@types+reac_3k5f6qynewwmkoqvlvtzlgtsjq/node_modules/@testing-library/react/dist/act-compat.js:46:25
            at renderRoot (/app/node_modules/.pnpm/@testing-library+react@16.3.2_@testing-library+dom@10.4.1_@types+react-dom@18.3.7_@types+reac_3k5f6qynewwmkoqvlvtzlgtsjq/node_modules/@testing-library/react/dist/pure.js:189:26)
            at render (/app/node_modules/.pnpm/@testing-library+react@16.3.2_@testing-library+dom@10.4.1_@types+react-dom@18.3.7_@types+reac_3k5f6qynewwmkoqvlvtzlgtsjq/node_modules/@testing-library/react/dist/pure.js:291:10)
            at Object.<anonymous> (/app/apps/admin/components/__tests__/roles-table.test.tsx:66:11)
            at Promise.then.completed (/app/node_modules/.pnpm/jest-circus@29.7.0/node_modules/jest-circus/build/utils.js:298:28)
            at new Promise (<anonymous>)
            at callAsyncCircusFn (/app/node_modules/.pnpm/jest-circus@29.7.0/node_modules/jest-circus/build/utils.js:231:10)
            at _callCircusTest (/app/node_modules/.pnpm/jest-circus@29.7.0/node_modules/jest-circus/build/run.js:316:40)
            at processTicksAndRejections (node:internal/process/task_queues:103:5)
            at _runTest (/app/node_modules/.pnpm/jest-circus@29.7.0/node_modules/jest-circus/build/run.js:252:3)
            at _runTestsForDescribeBlock (/app/node_modules/.pnpm/jest-circus@29.7.0/node_modules/jest-circus/build/run.js:126:9)
            at _runTestsForDescribeBlock (/app/node_modules/.pnpm/jest-circus@29.7.0/node_modules/jest-circus/build/run.js:121:9)
            at run (/app/node_modules/.pnpm/jest-circus@29.7.0/node_modules/jest-circus/build/run.js:71:3)
            at runAndTransformResultsToJestFormat (/app/node_modules/.pnpm/jest-circus@29.7.0/node_modules/jest-circus/build/legacy-code-todo-rewrite/jestAdapterInit.js:122:21)
            at jestAdapter (/app/node_modules/.pnpm/jest-circus@29.7.0/node_modules/jest-circus/build/legacy-code-todo-rewrite/jestAdapter.js:79:19)
            at runTestInternal (/app/node_modules/.pnpm/jest-runner@29.7.0/node_modules/jest-runner/build/runTest.js:367:16)
            at runTest (/app/node_modules/.pnpm/jest-runner@29.7.0/node_modules/jest-runner/build/runTest.js:444:34)
            at Object.worker (/app/node_modules/.pnpm/jest-runner@29.7.0/node_modules/jest-runner/build/testWorker.js:106:12),
        type: 'unhandled exception'
      }

      64 |
      65 |   it('shows View/Edit/Delete menu items per row', () => {
    > 66 |     render(withIntl(<RolesTable initial={initial} apps={apps} />))
         |           ^
      67 |     expect(screen.getAllByRole('menuitem', { name: en.roles.actions.view })).toHaveLength(2)
      68 |     expect(screen.getAllByRole('menuitem', { name: en.roles.actions.edit })).toHaveLength(2)
      69 |     expect(screen.getAllByRole('menuitem', { name: en.roles.actions.delete })).toHaveLength(2)

      at VirtualConsole.<anonymous> (../../node_modules/.pnpm/jest-environment-jsdom@29.7.0/node_modules/jest-environment-jsdom/build/index.js:63:23)
      at reportException (../../node_modules/.pnpm/jsdom@20.0.3/node_modules/jsdom/lib/jsdom/living/helpers/runtime-script-errors.js:70:28)
      at innerInvokeEventListeners (../../node_modules/.pnpm/jsdom@20.0.3/node_modules/jsdom/lib/jsdom/living/events/EventTarget-impl.js:353:9)
      at invokeEventListeners (../../node_modules/.pnpm/jsdom@20.0.3/node_modules/jsdom/lib/jsdom/living/events/EventTarget-impl.js:286:3)
      at HTMLUnknownElementImpl._dispatch (../../node_modules/.pnpm/jsdom@20.0.3/node_modules/jsdom/lib/jsdom/living/events/EventTarget-impl.js:233:9)
      at HTMLUnknownElementImpl.dispatchEvent (../../node_modules/.pnpm/jsdom@20.0.3/node_modules/jsdom/lib/jsdom/living/events/EventTarget-impl.js:104:17)
      at HTMLUnknownElement.dispatchEvent (../../node_modules/.pnpm/jsdom@20.0.3/node_modules/jsdom/lib/jsdom/living/generated/EventTarget.js:241:34)
      at Object.invokeGuardedCallbackDev (../../node_modules/.pnpm/react-dom@18.3.1_react@18.3.1/node_modules/react-dom/cjs/react-dom.development.js:4213:16)
      at invokeGuardedCallback (../../node_modules/.pnpm/react-dom@18.3.1_react@18.3.1/node_modules/react-dom/cjs/react-dom.development.js:4277:31)
      at beginWork$1 (../../node_modules/.pnpm/react-dom@18.3.1_react@18.3.1/node_modules/react-dom/cjs/react-dom.development.js:27490:7)
      at performUnitOfWork (../../node_modules/.pnpm/react-dom@18.3.1_react@18.3.1/node_modules/react-dom/cjs/react-dom.development.js:26599:12)
      at workLoopSync (../../node_modules/.pnpm/react-dom@18.3.1_react@18.3.1/node_modules/react-dom/cjs/react-dom.development.js:26505:5)
      at renderRootSync (../../node_modules/.pnpm/react-dom@18.3.1_react@18.3.1/node_modules/react-dom/cjs/react-dom.development.js:26473:7)
      at performConcurrentWorkOnRoot (../../node_modules/.pnpm/react-dom@18.3.1_react@18.3.1/node_modules/react-dom/cjs/react-dom.development.js:25777:74)
      at flushActQueue (../../node_modules/.pnpm/react@18.3.1/node_modules/react/cjs/react.development.js:2667:24)
      at act (../../node_modules/.pnpm/react@18.3.1/node_modules/react/cjs/react.development.js:2582:11)
      at ../../node_modules/.pnpm/@testing-library+react@16.3.2_@testing-library+dom@10.4.1_@types+react-dom@18.3.7_@types+reac_3k5f6qynewwmkoqvlvtzlgtsjq/node_modules/@testing-library/react/dist/act-compat.js:46:25
      at renderRoot (../../node_modules/.pnpm/@testing-library+react@16.3.2_@testing-library+dom@10.4.1_@types+react-dom@18.3.7_@types+reac_3k5f6qynewwmkoqvlvtzlgtsjq/node_modules/@testing-library/react/dist/pure.js:189:26)
      at render (../../node_modules/.pnpm/@testing-library+react@16.3.2_@testing-library+dom@10.4.1_@types+react-dom@18.3.7_@types+reac_3k5f6qynewwmkoqvlvtzlgtsjq/node_modules/@testing-library/react/dist/pure.js:291:10)
      at Object.<anonymous> (components/__tests__/roles-table.test.tsx:66:11)

    console.error
      Error: Uncaught [Error: `Tooltip` must be used within `TooltipProvider`]
          at reportException (/app/node_modules/.pnpm/jsdom@20.0.3/node_modules/jsdom/lib/jsdom/living/helpers/runtime-script-errors.js:66:24)
          at innerInvokeEventListeners (/app/node_modules/.pnpm/jsdom@20.0.3/node_modules/jsdom/lib/jsdom/living/events/EventTarget-impl.js:353:9)
          at invokeEventListeners (/app/node_modules/.pnpm/jsdom@20.0.3/node_modules/jsdom/lib/jsdom/living/events/EventTarget-impl.js:286:3)
          at HTMLUnknownElementImpl._dispatch (/app/node_modules/.pnpm/jsdom@20.0.3/node_modules/jsdom/lib/jsdom/living/events/EventTarget-impl.js:233:9)
          at HTMLUnknownElementImpl.dispatchEvent (/app/node_modules/.pnpm/jsdom@20.0.3/node_modules/jsdom/lib/jsdom/living/events/EventTarget-impl.js:104:17)
          at HTMLUnknownElement.dispatchEvent (/app/node_modules/.pnpm/jsdom@20.0.3/node_modules/jsdom/lib/jsdom/living/generated/EventTarget.js:241:34)
          at Object.invokeGuardedCallbackDev (/app/node_modules/.pnpm/react-dom@18.3.1_react@18.3.1/node_modules/react-dom/cjs/react-dom.development.js:4213:16)
          at invokeGuardedCallback (/app/node_modules/.pnpm/react-dom@18.3.1_react@18.3.1/node_modules/react-dom/cjs/react-dom.development.js:4277:31)
          at beginWork$1 (/app/node_modules/.pnpm/react-dom@18.3.1_react@18.3.1/node_modules/react-dom/cjs/react-dom.development.js:27490:7)
          at performUnitOfWork (/app/node_modules/.pnpm/react-dom@18.3.1_react@18.3.1/node_modules/react-dom/cjs/react-dom.development.js:26599:12)
          at workLoopSync (/app/node_modules/.pnpm/react-dom@18.3.1_react@18.3.1/node_modules/react-dom/cjs/react-dom.development.js:26505:5)
          at renderRootSync (/app/node_modules/.pnpm/react-dom@18.3.1_react@18.3.1/node_modules/react-dom/cjs/react-dom.development.js:26473:7)
          at performConcurrentWorkOnRoot (/app/node_modules/.pnpm/react-dom@18.3.1_react@18.3.1/node_modules/react-dom/cjs/react-dom.development.js:25777:74)
          at flushActQueue (/app/node_modules/.pnpm/react@18.3.1/node_modules/react/cjs/react.development.js:2667:24)
          at act (/app/node_modules/.pnpm/react@18.3.1/node_modules/react/cjs/react.development.js:2582:11)
          at /app/node_modules/.pnpm/@testing-library+react@16.3.2_@testing-library+dom@10.4.1_@types+react-dom@18.3.7_@types+reac_3k5f6qynewwmkoqvlvtzlgtsjq/node_modules/@testing-library/react/dist/act-compat.js:46:25
          at renderRoot (/app/node_modules/.pnpm/@testing-library+react@16.3.2_@testing-library+dom@10.4.1_@types+react-dom@18.3.7_@types+reac_3k5f6qynewwmkoqvlvtzlgtsjq/node_modules/@testing-library/react/dist/pure.js:189:26)
          at render (/app/node_modules/.pnpm/@testing-library+react@16.3.2_@testing-library+dom@10.4.1_@types+react-dom@18.3.7_@types+reac_3k5f6qynewwmkoqvlvtzlgtsjq/node_modules/@testing-library/react/dist/pure.js:291:10)
          at Object.<anonymous> (/app/apps/admin/components/__tests__/roles-table.test.tsx:66:11)
          at Promise.then.completed (/app/node_modules/.pnpm/jest-circus@29.7.0/node_modules/jest-circus/build/utils.js:298:28)
          at new Promise (<anonymous>)
          at callAsyncCircusFn (/app/node_modules/.pnpm/jest-circus@29.7.0/node_modules/jest-circus/build/utils.js:231:10)
          at _callCircusTest (/app/node_modules/.pnpm/jest-circus@29.7.0/node_modules/jest-circus/build/run.js:316:40)
          at processTicksAndRejections (node:internal/process/task_queues:103:5)
          at _runTest (/app/node_modules/.pnpm/jest-circus@29.7.0/node_modules/jest-circus/build/run.js:252:3)
          at _runTestsForDescribeBlock (/app/node_modules/.pnpm/jest-circus@29.7.0/node_modules/jest-circus/build/run.js:126:9)
          at _runTestsForDescribeBlock (/app/node_modules/.pnpm/jest-circus@29.7.0/node_modules/jest-circus/build/run.js:121:9)
          at run (/app/node_modules/.pnpm/jest-circus@29.7.0/node_modules/jest-circus/build/run.js:71:3)
          at runAndTransformResultsToJestFormat (/app/node_modules/.pnpm/jest-circus@29.7.0/node_modules/jest-circus/build/legacy-code-todo-rewrite/jestAdapterInit.js:122:21)
          at jestAdapter (/app/node_modules/.pnpm/jest-circus@29.7.0/node_modules/jest-circus/build/legacy-code-todo-rewrite/jestAdapter.js:79:19)
          at runTestInternal (/app/node_modules/.pnpm/jest-runner@29.7.0/node_modules/jest-runner/build/runTest.js:367:16)
          at runTest (/app/node_modules/.pnpm/jest-runner@29.7.0/node_modules/jest-runner/build/runTest.js:444:34)
          at Object.worker (/app/node_modules/.pnpm/jest-runner@29.7.0/node_modules/jest-runner/build/testWorker.js:106:12) {
        detail: Error: `Tooltip` must be used within `TooltipProvider`
            at useContext2 (/app/node_modules/.pnpm/@radix-ui+react-context@1.1.2_@types+react@18.3.29_react@18.3.1/node_modules/@radix-ui/react-context/src/create-context.tsx:75:13)
            at Tooltip (/app/node_modules/.pnpm/@radix-ui+react-tooltip@1.2.8_@types+react-dom@18.3.7_@types+react@18.3.29__@types+react@18.3_xrwsnt2rmlacewwolijhmzdoxi/node_modules/@radix-ui/react-tooltip/src/tooltip.tsx:162:27)
            at renderWithHooks (/app/node_modules/.pnpm/react-dom@18.3.1_react@18.3.1/node_modules/react-dom/cjs/react-dom.development.js:15486:18)
            at mountIndeterminateComponent (/app/node_modules/.pnpm/react-dom@18.3.1_react@18.3.1/node_modules/react-dom/cjs/react-dom.development.js:20103:13)
            at beginWork (/app/node_modules/.pnpm/react-dom@18.3.1_react@18.3.1/node_modules/react-dom/cjs/react-dom.development.js:21626:16)
            at HTMLUnknownElement.callCallback (/app/node_modules/.pnpm/react-dom@18.3.1_react@18.3.1/node_modules/react-dom/cjs/react-dom.development.js:4164:14)
            at HTMLUnknownElement.callTheUserObjectsOperation (/app/node_modules/.pnpm/jsdom@20.0.3/node_modules/jsdom/lib/jsdom/living/generated/EventListener.js:26:30)
            at innerInvokeEventListeners (/app/node_modules/.pnpm/jsdom@20.0.3/node_modules/jsdom/lib/jsdom/living/events/EventTarget-impl.js:350:25)
            at invokeEventListeners (/app/node_modules/.pnpm/jsdom@20.0.3/node_modules/jsdom/lib/jsdom/living/events/EventTarget-impl.js:286:3)
            at HTMLUnknownElementImpl._dispatch (/app/node_modules/.pnpm/jsdom@20.0.3/node_modules/jsdom/lib/jsdom/living/events/EventTarget-impl.js:233:9)
            at HTMLUnknownElementImpl.dispatchEvent (/app/node_modules/.pnpm/jsdom@20.0.3/node_modules/jsdom/lib/jsdom/living/events/EventTarget-impl.js:104:17)
            at HTMLUnknownElement.dispatchEvent (/app/node_modules/.pnpm/jsdom@20.0.3/node_modules/jsdom/lib/jsdom/living/generated/EventTarget.js:241:34)
            at Object.invokeGuardedCallbackDev (/app/node_modules/.pnpm/react-dom@18.3.1_react@18.3.1/node_modules/react-dom/cjs/react-dom.development.js:4213:16)
            at invokeGuardedCallback (/app/node_modules/.pnpm/react-dom@18.3.1_react@18.3.1/node_modules/react-dom/cjs/react-dom.development.js:4277:31)
            at beginWork$1 (/app/node_modules/.pnpm/react-dom@18.3.1_react@18.3.1/node_modules/react-dom/cjs/react-dom.development.js:27490:7)
            at performUnitOfWork (/app/node_modules/.pnpm/react-dom@18.3.1_react@18.3.1/node_modules/react-dom/cjs/react-dom.development.js:26599:12)
            at workLoopSync (/app/node_modules/.pnpm/react-dom@18.3.1_react@18.3.1/node_modules/react-dom/cjs/react-dom.development.js:26505:5)
            at renderRootSync (/app/node_modules/.pnpm/react-dom@18.3.1_react@18.3.1/node_modules/react-dom/cjs/react-dom.development.js:26473:7)
            at performConcurrentWorkOnRoot (/app/node_modules/.pnpm/react-dom@18.3.1_react@18.3.1/node_modules/react-dom/cjs/react-dom.development.js:25777:74)
            at flushActQueue (/app/node_modules/.pnpm/react@18.3.1/node_modules/react/cjs/react.development.js:2667:24)
            at act (/app/node_modules/.pnpm/react@18.3.1/node_modules/react/cjs/react.development.js:2582:11)
            at /app/node_modules/.pnpm/@testing-library+react@16.3.2_@testing-library+dom@10.4.1_@types+react-dom@18.3.7_@types+reac_3k5f6qynewwmkoqvlvtzlgtsjq/node_modules/@testing-library/react/dist/act-compat.js:46:25
            at renderRoot (/app/node_modules/.pnpm/@testing-library+react@16.3.2_@testing-library+dom@10.4.1_@types+react-dom@18.3.7_@types+reac_3k5f6qynewwmkoqvlvtzlgtsjq/node_modules/@testing-library/react/dist/pure.js:189:26)
            at render (/app/node_modules/.pnpm/@testing-library+react@16.3.2_@testing-library+dom@10.4.1_@types+react-dom@18.3.7_@types+reac_3k5f6qynewwmkoqvlvtzlgtsjq/node_modules/@testing-library/react/dist/pure.js:291:10)
            at Object.<anonymous> (/app/apps/admin/components/__tests__/roles-table.test.tsx:66:11)
            at Promise.then.completed (/app/node_modules/.pnpm/jest-circus@29.7.0/node_modules/jest-circus/build/utils.js:298:28)
            at new Promise (<anonymous>)
            at callAsyncCircusFn (/app/node_modules/.pnpm/jest-circus@29.7.0/node_modules/jest-circus/build/utils.js:231:10)
            at _callCircusTest (/app/node_modules/.pnpm/jest-circus@29.7.0/node_modules/jest-circus/build/run.js:316:40)
            at processTicksAndRejections (node:internal/process/task_queues:103:5)
            at _runTest (/app/node_modules/.pnpm/jest-circus@29.7.0/node_modules/jest-circus/build/run.js:252:3)
            at _runTestsForDescribeBlock (/app/node_modules/.pnpm/jest-circus@29.7.0/node_modules/jest-circus/build/run.js:126:9)
            at _runTestsForDescribeBlock (/app/node_modules/.pnpm/jest-circus@29.7.0/node_modules/jest-circus/build/run.js:121:9)
            at run (/app/node_modules/.pnpm/jest-circus@29.7.0/node_modules/jest-circus/build/run.js:71:3)
            at runAndTransformResultsToJestFormat (/app/node_modules/.pnpm/jest-circus@29.7.0/node_modules/jest-circus/build/legacy-code-todo-rewrite/jestAdapterInit.js:122:21)
            at jestAdapter (/app/node_modules/.pnpm/jest-circus@29.7.0/node_modules/jest-circus/build/legacy-code-todo-rewrite/jestAdapter.js:79:19)
            at runTestInternal (/app/node_modules/.pnpm/jest-runner@29.7.0/node_modules/jest-runner/build/runTest.js:367:16)
            at runTest (/app/node_modules/.pnpm/jest-runner@29.7.0/node_modules/jest-runner/build/runTest.js:444:34)
            at Object.worker (/app/node_modules/.pnpm/jest-runner@29.7.0/node_modules/jest-runner/build/testWorker.js:106:12),
        type: 'unhandled exception'
      }

      64 |
      65 |   it('shows View/Edit/Delete menu items per row', () => {
    > 66 |     render(withIntl(<RolesTable initial={initial} apps={apps} />))
         |           ^
      67 |     expect(screen.getAllByRole('menuitem', { name: en.roles.actions.view })).toHaveLength(2)
      68 |     expect(screen.getAllByRole('menuitem', { name: en.roles.actions.edit })).toHaveLength(2)
      69 |     expect(screen.getAllByRole('menuitem', { name: en.roles.actions.delete })).toHaveLength(2)

      at VirtualConsole.<anonymous> (../../node_modules/.pnpm/jest-environment-jsdom@29.7.0/node_modules/jest-environment-jsdom/build/index.js:63:23)
      at reportException (../../node_modules/.pnpm/jsdom@20.0.3/node_modules/jsdom/lib/jsdom/living/helpers/runtime-script-errors.js:70:28)
      at innerInvokeEventListeners (../../node_modules/.pnpm/jsdom@20.0.3/node_modules/jsdom/lib/jsdom/living/events/EventTarget-impl.js:353:9)
      at invokeEventListeners (../../node_modules/.pnpm/jsdom@20.0.3/node_modules/jsdom/lib/jsdom/living/events/EventTarget-impl.js:286:3)
      at HTMLUnknownElementImpl._dispatch (../../node_modules/.pnpm/jsdom@20.0.3/node_modules/jsdom/lib/jsdom/living/events/EventTarget-impl.js:233:9)
      at HTMLUnknownElementImpl.dispatchEvent (../../node_modules/.pnpm/jsdom@20.0.3/node_modules/jsdom/lib/jsdom/living/events/EventTarget-impl.js:104:17)
      at HTMLUnknownElement.dispatchEvent (../../node_modules/.pnpm/jsdom@20.0.3/node_modules/jsdom/lib/jsdom/living/generated/EventTarget.js:241:34)
      at Object.invokeGuardedCallbackDev (../../node_modules/.pnpm/react-dom@18.3.1_react@18.3.1/node_modules/react-dom/cjs/react-dom.development.js:4213:16)
      at invokeGuardedCallback (../../node_modules/.pnpm/react-dom@18.3.1_react@18.3.1/node_modules/react-dom/cjs/react-dom.development.js:4277:31)
      at beginWork$1 (../../node_modules/.pnpm/react-dom@18.3.1_react@18.3.1/node_modules/react-dom/cjs/react-dom.development.js:27490:7)
      at performUnitOfWork (../../node_modules/.pnpm/react-dom@18.3.1_react@18.3.1/node_modules/react-dom/cjs/react-dom.development.js:26599:12)
      at workLoopSync (../../node_modules/.pnpm/react-dom@18.3.1_react@18.3.1/node_modules/react-dom/cjs/react-dom.development.js:26505:5)
      at renderRootSync (../../node_modules/.pnpm/react-dom@18.3.1_react@18.3.1/node_modules/react-dom/cjs/react-dom.development.js:26473:7)
      at performConcurrentWorkOnRoot (../../node_modules/.pnpm/react-dom@18.3.1_react@18.3.1/node_modules/react-dom/cjs/react-dom.development.js:25777:74)
      at flushActQueue (../../node_modules/.pnpm/react@18.3.1/node_modules/react/cjs/react.development.js:2667:24)
      at act (../../node_modules/.pnpm/react@18.3.1/node_modules/react/cjs/react.development.js:2582:11)
      at ../../node_modules/.pnpm/@testing-library+react@16.3.2_@testing-library+dom@10.4.1_@types+react-dom@18.3.7_@types+reac_3k5f6qynewwmkoqvlvtzlgtsjq/node_modules/@testing-library/react/dist/act-compat.js:46:25
      at renderRoot (../../node_modules/.pnpm/@testing-library+react@16.3.2_@testing-library+dom@10.4.1_@types+react-dom@18.3.7_@types+reac_3k5f6qynewwmkoqvlvtzlgtsjq/node_modules/@testing-library/react/dist/pure.js:189:26)
      at render (../../node_modules/.pnpm/@testing-library+react@16.3.2_@testing-library+dom@10.4.1_@types+react-dom@18.3.7_@types+reac_3k5f6qynewwmkoqvlvtzlgtsjq/node_modules/@testing-library/react/dist/pure.js:291:10)
      at Object.<anonymous> (components/__tests__/roles-table.test.tsx:66:11)

    console.error
      Error: Uncaught [Error: `Tooltip` must be used within `TooltipProvider`]
          at reportException (/app/node_modules/.pnpm/jsdom@20.0.3/node_modules/jsdom/lib/jsdom/living/helpers/runtime-script-errors.js:66:24)
          at innerInvokeEventListeners (/app/node_modules/.pnpm/jsdom@20.0.3/node_modules/jsdom/lib/jsdom/living/events/EventTarget-impl.js:353:9)
          at invokeEventListeners (/app/node_modules/.pnpm/jsdom@20.0.3/node_modules/jsdom/lib/jsdom/living/events/EventTarget-impl.js:286:3)
          at HTMLUnknownElementImpl._dispatch (/app/node_modules/.pnpm/jsdom@20.0.3/node_modules/jsdom/lib/jsdom/living/events/EventTarget-impl.js:233:9)
          at HTMLUnknownElementImpl.dispatchEvent (/app/node_modules/.pnpm/jsdom@20.0.3/node_modules/jsdom/lib/jsdom/living/events/EventTarget-impl.js:104:17)
          at HTMLUnknownElement.dispatchEvent (/app/node_modules/.pnpm/jsdom@20.0.3/node_modules/jsdom/lib/jsdom/living/generated/EventTarget.js:241:34)
          at Object.invokeGuardedCallbackDev (/app/node_modules/.pnpm/react-dom@18.3.1_react@18.3.1/node_modules/react-dom/cjs/react-dom.development.js:4213:16)
          at invokeGuardedCallback (/app/node_modules/.pnpm/react-dom@18.3.1_react@18.3.1/node_modules/react-dom/cjs/react-dom.development.js:4277:31)
          at beginWork$1 (/app/node_modules/.pnpm/react-dom@18.3.1_react@18.3.1/node_modules/react-dom/cjs/react-dom.development.js:27490:7)
          at performUnitOfWork (/app/node_modules/.pnpm/react-dom@18.3.1_react@18.3.1/node_modules/react-dom/cjs/react-dom.development.js:26599:12)
          at workLoopSync (/app/node_modules/.pnpm/react-dom@18.3.1_react@18.3.1/node_modules/react-dom/cjs/react-dom.development.js:26505:5)
          at renderRootSync (/app/node_modules/.pnpm/react-dom@18.3.1_react@18.3.1/node_modules/react-dom/cjs/react-dom.development.js:26473:7)
          at recoverFromConcurrentError (/app/node_modules/.pnpm/react-dom@18.3.1_react@18.3.1/node_modules/react-dom/cjs/react-dom.development.js:25889:20)
          at performConcurrentWorkOnRoot (/app/node_modules/.pnpm/react-dom@18.3.1_react@18.3.1/node_modules/react-dom/cjs/react-dom.development.js:25789:22)
          at flushActQueue (/app/node_modules/.pnpm/react@18.3.1/node_modules/react/cjs/react.development.js:2667:24)
          at act (/app/node_modules/.pnpm/react@18.3.1/node_modules/react/cjs/react.development.js:2582:11)
          at /app/node_modules/.pnpm/@testing-library+react@16.3.2_@testing-library+dom@10.4.1_@types+react-dom@18.3.7_@types+reac_3k5f6qynewwmkoqvlvtzlgtsjq/node_modules/@testing-library/react/dist/act-compat.js:46:25
          at renderRoot (/app/node_modules/.pnpm/@testing-library+react@16.3.2_@testing-library+dom@10.4.1_@types+react-dom@18.3.7_@types+reac_3k5f6qynewwmkoqvlvtzlgtsjq/node_modules/@testing-library/react/dist/pure.js:189:26)
          at render (/app/node_modules/.pnpm/@testing-library+react@16.3.2_@testing-library+dom@10.4.1_@types+react-dom@18.3.7_@types+reac_3k5f6qynewwmkoqvlvtzlgtsjq/node_modules/@testing-library/react/dist/pure.js:291:10)
          at Object.<anonymous> (/app/apps/admin/components/__tests__/roles-table.test.tsx:66:11)
          at Promise.then.completed (/app/node_modules/.pnpm/jest-circus@29.7.0/node_modules/jest-circus/build/utils.js:298:28)
          at new Promise (<anonymous>)
          at callAsyncCircusFn (/app/node_modules/.pnpm/jest-circus@29.7.0/node_modules/jest-circus/build/utils.js:231:10)
          at _callCircusTest (/app/node_modules/.pnpm/jest-circus@29.7.0/node_modules/jest-circus/build/run.js:316:40)
          at processTicksAndRejections (node:internal/process/task_queues:103:5)
          at _runTest (/app/node_modules/.pnpm/jest-circus@29.7.0/node_modules/jest-circus/build/run.js:252:3)
          at _runTestsForDescribeBlock (/app/node_modules/.pnpm/jest-circus@29.7.0/node_modules/jest-circus/build/run.js:126:9)
          at _runTestsForDescribeBlock (/app/node_modules/.pnpm/jest-circus@29.7.0/node_modules/jest-circus/build/run.js:121:9)
          at run (/app/node_modules/.pnpm/jest-circus@29.7.0/node_modules/jest-circus/build/run.js:71:3)
          at runAndTransformResultsToJestFormat (/app/node_modules/.pnpm/jest-circus@29.7.0/node_modules/jest-circus/build/legacy-code-todo-rewrite/jestAdapterInit.js:122:21)
          at jestAdapter (/app/node_modules/.pnpm/jest-circus@29.7.0/node_modules/jest-circus/build/legacy-code-todo-rewrite/jestAdapter.js:79:19)
          at runTestInternal (/app/node_modules/.pnpm/jest-runner@29.7.0/node_modules/jest-runner/build/runTest.js:367:16)
          at runTest (/app/node_modules/.pnpm/jest-runner@29.7.0/node_modules/jest-runner/build/runTest.js:444:34)
          at Object.worker (/app/node_modules/.pnpm/jest-runner@29.7.0/node_modules/jest-runner/build/testWorker.js:106:12) {
        detail: Error: `Tooltip` must be used within `TooltipProvider`
            at useContext2 (/app/node_modules/.pnpm/@radix-ui+react-context@1.1.2_@types+react@18.3.29_react@18.3.1/node_modules/@radix-ui/react-context/src/create-context.tsx:75:13)
            at Tooltip (/app/node_modules/.pnpm/@radix-ui+react-tooltip@1.2.8_@types+react-dom@18.3.7_@types+react@18.3.29__@types+react@18.3_xrwsnt2rmlacewwolijhmzdoxi/node_modules/@radix-ui/react-tooltip/src/tooltip.tsx:162:27)
            at renderWithHooks (/app/node_modules/.pnpm/react-dom@18.3.1_react@18.3.1/node_modules/react-dom/cjs/react-dom.development.js:15486:18)
            at mountIndeterminateComponent (/app/node_modules/.pnpm/react-dom@18.3.1_react@18.3.1/node_modules/react-dom/cjs/react-dom.development.js:20103:13)
            at beginWork (/app/node_modules/.pnpm/react-dom@18.3.1_react@18.3.1/node_modules/react-dom/cjs/react-dom.development.js:21626:16)
            at HTMLUnknownElement.callCallback (/app/node_modules/.pnpm/react-dom@18.3.1_react@18.3.1/node_modules/react-dom/cjs/react-dom.development.js:4164:14)
            at HTMLUnknownElement.callTheUserObjectsOperation (/app/node_modules/.pnpm/jsdom@20.0.3/node_modules/jsdom/lib/jsdom/living/generated/EventListener.js:26:30)
            at innerInvokeEventListeners (/app/node_modules/.pnpm/jsdom@20.0.3/node_modules/jsdom/lib/jsdom/living/events/EventTarget-impl.js:350:25)
            at invokeEventListeners (/app/node_modules/.pnpm/jsdom@20.0.3/node_modules/jsdom/lib/jsdom/living/events/EventTarget-impl.js:286:3)
            at HTMLUnknownElementImpl._dispatch (/app/node_modules/.pnpm/jsdom@20.0.3/node_modules/jsdom/lib/jsdom/living/events/EventTarget-impl.js:233:9)
            at HTMLUnknownElementImpl.dispatchEvent (/app/node_modules/.pnpm/jsdom@20.0.3/node_modules/jsdom/lib/jsdom/living/events/EventTarget-impl.js:104:17)
            at HTMLUnknownElement.dispatchEvent (/app/node_modules/.pnpm/jsdom@20.0.3/node_modules/jsdom/lib/jsdom/living/generated/EventTarget.js:241:34)
            at Object.invokeGuardedCallbackDev (/app/node_modules/.pnpm/react-dom@18.3.1_react@18.3.1/node_modules/react-dom/cjs/react-dom.development.js:4213:16)
            at invokeGuardedCallback (/app/node_modules/.pnpm/react-dom@18.3.1_react@18.3.1/node_modules/react-dom/cjs/react-dom.development.js:4277:31)
            at beginWork$1 (/app/node_modules/.pnpm/react-dom@18.3.1_react@18.3.1/node_modules/react-dom/cjs/react-dom.development.js:27490:7)
            at performUnitOfWork (/app/node_modules/.pnpm/react-dom@18.3.1_react@18.3.1/node_modules/react-dom/cjs/react-dom.development.js:26599:12)
            at workLoopSync (/app/node_modules/.pnpm/react-dom@18.3.1_react@18.3.1/node_modules/react-dom/cjs/react-dom.development.js:26505:5)
            at renderRootSync (/app/node_modules/.pnpm/react-dom@18.3.1_react@18.3.1/node_modules/react-dom/cjs/react-dom.development.js:26473:7)
            at recoverFromConcurrentError (/app/node_modules/.pnpm/react-dom@18.3.1_react@18.3.1/node_modules/react-dom/cjs/react-dom.development.js:25889:20)
            at performConcurrentWorkOnRoot (/app/node_modules/.pnpm/react-dom@18.3.1_react@18.3.1/node_modules/react-dom/cjs/react-dom.development.js:25789:22)
            at flushActQueue (/app/node_modules/.pnpm/react@18.3.1/node_modules/react/cjs/react.development.js:2667:24)
            at act (/app/node_modules/.pnpm/react@18.3.1/node_modules/react/cjs/react.development.js:2582:11)
            at /app/node_modules/.pnpm/@testing-library+react@16.3.2_@testing-library+dom@10.4.1_@types+react-dom@18.3.7_@types+reac_3k5f6qynewwmkoqvlvtzlgtsjq/node_modules/@testing-library/react/dist/act-compat.js:46:25
            at renderRoot (/app/node_modules/.pnpm/@testing-library+react@16.3.2_@testing-library+dom@10.4.1_@types+react-dom@18.3.7_@types+reac_3k5f6qynewwmkoqvlvtzlgtsjq/node_modules/@testing-library/react/dist/pure.js:189:26)
            at render (/app/node_modules/.pnpm/@testing-library+react@16.3.2_@testing-library+dom@10.4.1_@types+react-dom@18.3.7_@types+reac_3k5f6qynewwmkoqvlvtzlgtsjq/node_modules/@testing-library/react/dist/pure.js:291:10)
            at Object.<anonymous> (/app/apps/admin/components/__tests__/roles-table.test.tsx:66:11)
            at Promise.then.completed (/app/node_modules/.pnpm/jest-circus@29.7.0/node_modules/jest-circus/build/utils.js:298:28)
            at new Promise (<anonymous>)
            at callAsyncCircusFn (/app/node_modules/.pnpm/jest-circus@29.7.0/node_modules/jest-circus/build/utils.js:231:10)
            at _callCircusTest (/app/node_modules/.pnpm/jest-circus@29.7.0/node_modules/jest-circus/build/run.js:316:40)
            at processTicksAndRejections (node:internal/process/task_queues:103:5)
            at _runTest (/app/node_modules/.pnpm/jest-circus@29.7.0/node_modules/jest-circus/build/run.js:252:3)
            at _runTestsForDescribeBlock (/app/node_modules/.pnpm/jest-circus@29.7.0/node_modules/jest-circus/build/run.js:126:9)
            at _runTestsForDescribeBlock (/app/node_modules/.pnpm/jest-circus@29.7.0/node_modules/jest-circus/build/run.js:121:9)
            at run (/app/node_modules/.pnpm/jest-circus@29.7.0/node_modules/jest-circus/build/run.js:71:3)
            at runAndTransformResultsToJestFormat (/app/node_modules/.pnpm/jest-circus@29.7.0/node_modules/jest-circus/build/legacy-code-todo-rewrite/jestAdapterInit.js:122:21)
            at jestAdapter (/app/node_modules/.pnpm/jest-circus@29.7.0/node_modules/jest-circus/build/legacy-code-todo-rewrite/jestAdapter.js:79:19)
            at runTestInternal (/app/node_modules/.pnpm/jest-runner@29.7.0/node_modules/jest-runner/build/runTest.js:367:16)
            at runTest (/app/node_modules/.pnpm/jest-runner@29.7.0/node_modules/jest-runner/build/runTest.js:444:34)
            at Object.worker (/app/node_modules/.pnpm/jest-runner@29.7.0/node_modules/jest-runner/build/testWorker.js:106:12),
        type: 'unhandled exception'
      }

      64 |
      65 |   it('shows View/Edit/Delete menu items per row', () => {
    > 66 |     render(withIntl(<RolesTable initial={initial} apps={apps} />))
         |           ^
      67 |     expect(screen.getAllByRole('menuitem', { name: en.roles.actions.view })).toHaveLength(2)
      68 |     expect(screen.getAllByRole('menuitem', { name: en.roles.actions.edit })).toHaveLength(2)
      69 |     expect(screen.getAllByRole('menuitem', { name: en.roles.actions.delete })).toHaveLength(2)

      at VirtualConsole.<anonymous> (../../node_modules/.pnpm/jest-environment-jsdom@29.7.0/node_modules/jest-environment-jsdom/build/index.js:63:23)
      at reportException (../../node_modules/.pnpm/jsdom@20.0.3/node_modules/jsdom/lib/jsdom/living/helpers/runtime-script-errors.js:70:28)
      at innerInvokeEventListeners (../../node_modules/.pnpm/jsdom@20.0.3/node_modules/jsdom/lib/jsdom/living/events/EventTarget-impl.js:353:9)
      at invokeEventListeners (../../node_modules/.pnpm/jsdom@20.0.3/node_modules/jsdom/lib/jsdom/living/events/EventTarget-impl.js:286:3)
      at HTMLUnknownElementImpl._dispatch (../../node_modules/.pnpm/jsdom@20.0.3/node_modules/jsdom/lib/jsdom/living/events/EventTarget-impl.js:233:9)
      at HTMLUnknownElementImpl.dispatchEvent (../../node_modules/.pnpm/jsdom@20.0.3/node_modules/jsdom/lib/jsdom/living/events/EventTarget-impl.js:104:17)
      at HTMLUnknownElement.dispatchEvent (../../node_modules/.pnpm/jsdom@20.0.3/node_modules/jsdom/lib/jsdom/living/generated/EventTarget.js:241:34)
      at Object.invokeGuardedCallbackDev (../../node_modules/.pnpm/react-dom@18.3.1_react@18.3.1/node_modules/react-dom/cjs/react-dom.development.js:4213:16)
      at invokeGuardedCallback (../../node_modules/.pnpm/react-dom@18.3.1_react@18.3.1/node_modules/react-dom/cjs/react-dom.development.js:4277:31)
      at beginWork$1 (../../node_modules/.pnpm/react-dom@18.3.1_react@18.3.1/node_modules/react-dom/cjs/react-dom.development.js:27490:7)
      at performUnitOfWork (../../node_modules/.pnpm/react-dom@18.3.1_react@18.3.1/node_modules/react-dom/cjs/react-dom.development.js:26599:12)
      at workLoopSync (../../node_modules/.pnpm/react-dom@18.3.1_react@18.3.1/node_modules/react-dom/cjs/react-dom.development.js:26505:5)
      at renderRootSync (../../node_modules/.pnpm/react-dom@18.3.1_react@18.3.1/node_modules/react-dom/cjs/react-dom.development.js:26473:7)
      at recoverFromConcurrentError (../../node_modules/.pnpm/react-dom@18.3.1_react@18.3.1/node_modules/react-dom/cjs/react-dom.development.js:25889:20)
      at performConcurrentWorkOnRoot (../../node_modules/.pnpm/react-dom@18.3.1_react@18.3.1/node_modules/react-dom/cjs/react-dom.development.js:25789:22)
      at flushActQueue (../../node_modules/.pnpm/react@18.3.1/node_modules/react/cjs/react.development.js:2667:24)
      at act (../../node_modules/.pnpm/react@18.3.1/node_modules/react/cjs/react.development.js:2582:11)
      at ../../node_modules/.pnpm/@testing-library+react@16.3.2_@testing-library+dom@10.4.1_@types+react-dom@18.3.7_@types+reac_3k5f6qynewwmkoqvlvtzlgtsjq/node_modules/@testing-library/react/dist/act-compat.js:46:25
      at renderRoot (../../node_modules/.pnpm/@testing-library+react@16.3.2_@testing-library+dom@10.4.1_@types+react-dom@18.3.7_@types+reac_3k5f6qynewwmkoqvlvtzlgtsjq/node_modules/@testing-library/react/dist/pure.js:189:26)
      at render (../../node_modules/.pnpm/@testing-library+react@16.3.2_@testing-library+dom@10.4.1_@types+react-dom@18.3.7_@types+reac_3k5f6qynewwmkoqvlvtzlgtsjq/node_modules/@testing-library/react/dist/pure.js:291:10)
      at Object.<anonymous> (components/__tests__/roles-table.test.tsx:66:11)

    console.error
      Error: Uncaught [Error: `Tooltip` must be used within `TooltipProvider`]
          at reportException (/app/node_modules/.pnpm/jsdom@20.0.3/node_modules/jsdom/lib/jsdom/living/helpers/runtime-script-errors.js:66:24)
          at innerInvokeEventListeners (/app/node_modules/.pnpm/jsdom@20.0.3/node_modules/jsdom/lib/jsdom/living/events/EventTarget-impl.js:353:9)
          at invokeEventListeners (/app/node_modules/.pnpm/jsdom@20.0.3/node_modules/jsdom/lib/jsdom/living/events/EventTarget-impl.js:286:3)
          at HTMLUnknownElementImpl._dispatch (/app/node_modules/.pnpm/jsdom@20.0.3/node_modules/jsdom/lib/jsdom/living/events/EventTarget-impl.js:233:9)
          at HTMLUnknownElementImpl.dispatchEvent (/app/node_modules/.pnpm/jsdom@20.0.3/node_modules/jsdom/lib/jsdom/living/events/EventTarget-impl.js:104:17)
          at HTMLUnknownElement.dispatchEvent (/app/node_modules/.pnpm/jsdom@20.0.3/node_modules/jsdom/lib/jsdom/living/generated/EventTarget.js:241:34)
          at Object.invokeGuardedCallbackDev (/app/node_modules/.pnpm/react-dom@18.3.1_react@18.3.1/node_modules/react-dom/cjs/react-dom.development.js:4213:16)
          at invokeGuardedCallback (/app/node_modules/.pnpm/react-dom@18.3.1_react@18.3.1/node_modules/react-dom/cjs/react-dom.development.js:4277:31)
          at beginWork$1 (/app/node_modules/.pnpm/react-dom@18.3.1_react@18.3.1/node_modules/react-dom/cjs/react-dom.development.js:27490:7)
          at performUnitOfWork (/app/node_modules/.pnpm/react-dom@18.3.1_react@18.3.1/node_modules/react-dom/cjs/react-dom.development.js:26599:12)
          at workLoopSync (/app/node_modules/.pnpm/react-dom@18.3.1_react@18.3.1/node_modules/react-dom/cjs/react-dom.development.js:26505:5)
          at renderRootSync (/app/node_modules/.pnpm/react-dom@18.3.1_react@18.3.1/node_modules/react-dom/cjs/react-dom.development.js:26473:7)
          at recoverFromConcurrentError (/app/node_modules/.pnpm/react-dom@18.3.1_react@18.3.1/node_modules/react-dom/cjs/react-dom.development.js:25889:20)
          at performConcurrentWorkOnRoot (/app/node_modules/.pnpm/react-dom@18.3.1_react@18.3.1/node_modules/react-dom/cjs/react-dom.development.js:25789:22)
          at flushActQueue (/app/node_modules/.pnpm/react@18.3.1/node_modules/react/cjs/react.development.js:2667:24)
          at act (/app/node_modules/.pnpm/react@18.3.1/node_modules/react/cjs/react.development.js:2582:11)
          at /app/node_modules/.pnpm/@testing-library+react@16.3.2_@testing-library+dom@10.4.1_@types+react-dom@18.3.7_@types+reac_3k5f6qynewwmkoqvlvtzlgtsjq/node_modules/@testing-library/react/dist/act-compat.js:46:25
          at renderRoot (/app/node_modules/.pnpm/@testing-library+react@16.3.2_@testing-library+dom@10.4.1_@types+react-dom@18.3.7_@types+reac_3k5f6qynewwmkoqvlvtzlgtsjq/node_modules/@testing-library/react/dist/pure.js:189:26)
          at render (/app/node_modules/.pnpm/@testing-library+react@16.3.2_@testing-library+dom@10.4.1_@types+react-dom@18.3.7_@types+reac_3k5f6qynewwmkoqvlvtzlgtsjq/node_modules/@testing-library/react/dist/pure.js:291:10)
          at Object.<anonymous> (/app/apps/admin/components/__tests__/roles-table.test.tsx:66:11)
          at Promise.then.completed (/app/node_modules/.pnpm/jest-circus@29.7.0/node_modules/jest-circus/build/utils.js:298:28)
          at new Promise (<anonymous>)
          at callAsyncCircusFn (/app/node_modules/.pnpm/jest-circus@29.7.0/node_modules/jest-circus/build/utils.js:231:10)
          at _callCircusTest (/app/node_modules/.pnpm/jest-circus@29.7.0/node_modules/jest-circus/build/run.js:316:40)
          at processTicksAndRejections (node:internal/process/task_queues:103:5)
          at _runTest (/app/node_modules/.pnpm/jest-circus@29.7.0/node_modules/jest-circus/build/run.js:252:3)
          at _runTestsForDescribeBlock (/app/node_modules/.pnpm/jest-circus@29.7.0/node_modules/jest-circus/build/run.js:126:9)
          at _runTestsForDescribeBlock (/app/node_modules/.pnpm/jest-circus@29.7.0/node_modules/jest-circus/build/run.js:121:9)
          at run (/app/node_modules/.pnpm/jest-circus@29.7.0/node_modules/jest-circus/build/run.js:71:3)
          at runAndTransformResultsToJestFormat (/app/node_modules/.pnpm/jest-circus@29.7.0/node_modules/jest-circus/build/legacy-code-todo-rewrite/jestAdapterInit.js:122:21)
          at jestAdapter (/app/node_modules/.pnpm/jest-circus@29.7.0/node_modules/jest-circus/build/legacy-code-todo-rewrite/jestAdapter.js:79:19)
          at runTestInternal (/app/node_modules/.pnpm/jest-runner@29.7.0/node_modules/jest-runner/build/runTest.js:367:16)
          at runTest (/app/node_modules/.pnpm/jest-runner@29.7.0/node_modules/jest-runner/build/runTest.js:444:34)
          at Object.worker (/app/node_modules/.pnpm/jest-runner@29.7.0/node_modules/jest-runner/build/testWorker.js:106:12) {
        detail: Error: `Tooltip` must be used within `TooltipProvider`
            at useContext2 (/app/node_modules/.pnpm/@radix-ui+react-context@1.1.2_@types+react@18.3.29_react@18.3.1/node_modules/@radix-ui/react-context/src/create-context.tsx:75:13)
            at Tooltip (/app/node_modules/.pnpm/@radix-ui+react-tooltip@1.2.8_@types+react-dom@18.3.7_@types+react@18.3.29__@types+react@18.3_xrwsnt2rmlacewwolijhmzdoxi/node_modules/@radix-ui/react-tooltip/src/tooltip.tsx:162:27)
            at renderWithHooks (/app/node_modules/.pnpm/react-dom@18.3.1_react@18.3.1/node_modules/react-dom/cjs/react-dom.development.js:15486:18)
            at mountIndeterminateComponent (/app/node_modules/.pnpm/react-dom@18.3.1_react@18.3.1/node_modules/react-dom/cjs/react-dom.development.js:20103:13)
            at beginWork (/app/node_modules/.pnpm/react-dom@18.3.1_react@18.3.1/node_modules/react-dom/cjs/react-dom.development.js:21626:16)
            at HTMLUnknownElement.callCallback (/app/node_modules/.pnpm/react-dom@18.3.1_react@18.3.1/node_modules/react-dom/cjs/react-dom.development.js:4164:14)
            at HTMLUnknownElement.callTheUserObjectsOperation (/app/node_modules/.pnpm/jsdom@20.0.3/node_modules/jsdom/lib/jsdom/living/generated/EventListener.js:26:30)
            at innerInvokeEventListeners (/app/node_modules/.pnpm/jsdom@20.0.3/node_modules/jsdom/lib/jsdom/living/events/EventTarget-impl.js:350:25)
            at invokeEventListeners (/app/node_modules/.pnpm/jsdom@20.0.3/node_modules/jsdom/lib/jsdom/living/events/EventTarget-impl.js:286:3)
            at HTMLUnknownElementImpl._dispatch (/app/node_modules/.pnpm/jsdom@20.0.3/node_modules/jsdom/lib/jsdom/living/events/EventTarget-impl.js:233:9)
            at HTMLUnknownElementImpl.dispatchEvent (/app/node_modules/.pnpm/jsdom@20.0.3/node_modules/jsdom/lib/jsdom/living/events/EventTarget-impl.js:104:17)
            at HTMLUnknownElement.dispatchEvent (/app/node_modules/.pnpm/jsdom@20.0.3/node_modules/jsdom/lib/jsdom/living/generated/EventTarget.js:241:34)
            at Object.invokeGuardedCallbackDev (/app/node_modules/.pnpm/react-dom@18.3.1_react@18.3.1/node_modules/react-dom/cjs/react-dom.development.js:4213:16)
            at invokeGuardedCallback (/app/node_modules/.pnpm/react-dom@18.3.1_react@18.3.1/node_modules/react-dom/cjs/react-dom.development.js:4277:31)
            at beginWork$1 (/app/node_modules/.pnpm/react-dom@18.3.1_react@18.3.1/node_modules/react-dom/cjs/react-dom.development.js:27490:7)
            at performUnitOfWork (/app/node_modules/.pnpm/react-dom@18.3.1_react@18.3.1/node_modules/react-dom/cjs/react-dom.development.js:26599:12)
            at workLoopSync (/app/node_modules/.pnpm/react-dom@18.3.1_react@18.3.1/node_modules/react-dom/cjs/react-dom.development.js:26505:5)
            at renderRootSync (/app/node_modules/.pnpm/react-dom@18.3.1_react@18.3.1/node_modules/react-dom/cjs/react-dom.development.js:26473:7)
            at recoverFromConcurrentError (/app/node_modules/.pnpm/react-dom@18.3.1_react@18.3.1/node_modules/react-dom/cjs/react-dom.development.js:25889:20)
            at performConcurrentWorkOnRoot (/app/node_modules/.pnpm/react-dom@18.3.1_react@18.3.1/node_modules/react-dom/cjs/react-dom.development.js:25789:22)
            at flushActQueue (/app/node_modules/.pnpm/react@18.3.1/node_modules/react/cjs/react.development.js:2667:24)
            at act (/app/node_modules/.pnpm/react@18.3.1/node_modules/react/cjs/react.development.js:2582:11)
            at /app/node_modules/.pnpm/@testing-library+react@16.3.2_@testing-library+dom@10.4.1_@types+react-dom@18.3.7_@types+reac_3k5f6qynewwmkoqvlvtzlgtsjq/node_modules/@testing-library/react/dist/act-compat.js:46:25
            at renderRoot (/app/node_modules/.pnpm/@testing-library+react@16.3.2_@testing-library+dom@10.4.1_@types+react-dom@18.3.7_@types+reac_3k5f6qynewwmkoqvlvtzlgtsjq/node_modules/@testing-library/react/dist/pure.js:189:26)
            at render (/app/node_modules/.pnpm/@testing-library+react@16.3.2_@testing-library+dom@10.4.1_@types+react-dom@18.3.7_@types+reac_3k5f6qynewwmkoqvlvtzlgtsjq/node_modules/@testing-library/react/dist/pure.js:291:10)
            at Object.<anonymous> (/app/apps/admin/components/__tests__/roles-table.test.tsx:66:11)
            at Promise.then.completed (/app/node_modules/.pnpm/jest-circus@29.7.0/node_modules/jest-circus/build/utils.js:298:28)
            at new Promise (<anonymous>)
            at callAsyncCircusFn (/app/node_modules/.pnpm/jest-circus@29.7.0/node_modules/jest-circus/build/utils.js:231:10)
            at _callCircusTest (/app/node_modules/.pnpm/jest-circus@29.7.0/node_modules/jest-circus/build/run.js:316:40)
            at processTicksAndRejections (node:internal/process/task_queues:103:5)
            at _runTest (/app/node_modules/.pnpm/jest-circus@29.7.0/node_modules/jest-circus/build/run.js:252:3)
            at _runTestsForDescribeBlock (/app/node_modules/.pnpm/jest-circus@29.7.0/node_modules/jest-circus/build/run.js:126:9)
            at _runTestsForDescribeBlock (/app/node_modules/.pnpm/jest-circus@29.7.0/node_modules/jest-circus/build/run.js:121:9)
            at run (/app/node_modules/.pnpm/jest-circus@29.7.0/node_modules/jest-circus/build/run.js:71:3)
            at runAndTransformResultsToJestFormat (/app/node_modules/.pnpm/jest-circus@29.7.0/node_modules/jest-circus/build/legacy-code-todo-rewrite/jestAdapterInit.js:122:21)
            at jestAdapter (/app/node_modules/.pnpm/jest-circus@29.7.0/node_modules/jest-circus/build/legacy-code-todo-rewrite/jestAdapter.js:79:19)
            at runTestInternal (/app/node_modules/.pnpm/jest-runner@29.7.0/node_modules/jest-runner/build/runTest.js:367:16)
            at runTest (/app/node_modules/.pnpm/jest-runner@29.7.0/node_modules/jest-runner/build/runTest.js:444:34)
            at Object.worker (/app/node_modules/.pnpm/jest-runner@29.7.0/node_modules/jest-runner/build/testWorker.js:106:12),
        type: 'unhandled exception'
      }

      64 |
      65 |   it('shows View/Edit/Delete menu items per row', () => {
    > 66 |     render(withIntl(<RolesTable initial={initial} apps={apps} />))
         |           ^
      67 |     expect(screen.getAllByRole('menuitem', { name: en.roles.actions.view })).toHaveLength(2)
      68 |     expect(screen.getAllByRole('menuitem', { name: en.roles.actions.edit })).toHaveLength(2)
      69 |     expect(screen.getAllByRole('menuitem', { name: en.roles.actions.delete })).toHaveLength(2)

      at VirtualConsole.<anonymous> (../../node_modules/.pnpm/jest-environment-jsdom@29.7.0/node_modules/jest-environment-jsdom/build/index.js:63:23)
      at reportException (../../node_modules/.pnpm/jsdom@20.0.3/node_modules/jsdom/lib/jsdom/living/helpers/runtime-script-errors.js:70:28)
      at innerInvokeEventListeners (../../node_modules/.pnpm/jsdom@20.0.3/node_modules/jsdom/lib/jsdom/living/events/EventTarget-impl.js:353:9)
      at invokeEventListeners (../../node_modules/.pnpm/jsdom@20.0.3/node_modules/jsdom/lib/jsdom/living/events/EventTarget-impl.js:286:3)
      at HTMLUnknownElementImpl._dispatch (../../node_modules/.pnpm/jsdom@20.0.3/node_modules/jsdom/lib/jsdom/living/events/EventTarget-impl.js:233:9)
      at HTMLUnknownElementImpl.dispatchEvent (../../node_modules/.pnpm/jsdom@20.0.3/node_modules/jsdom/lib/jsdom/living/events/EventTarget-impl.js:104:17)
      at HTMLUnknownElement.dispatchEvent (../../node_modules/.pnpm/jsdom@20.0.3/node_modules/jsdom/lib/jsdom/living/generated/EventTarget.js:241:34)
      at Object.invokeGuardedCallbackDev (../../node_modules/.pnpm/react-dom@18.3.1_react@18.3.1/node_modules/react-dom/cjs/react-dom.development.js:4213:16)
      at invokeGuardedCallback (../../node_modules/.pnpm/react-dom@18.3.1_react@18.3.1/node_modules/react-dom/cjs/react-dom.development.js:4277:31)
      at beginWork$1 (../../node_modules/.pnpm/react-dom@18.3.1_react@18.3.1/node_modules/react-dom/cjs/react-dom.development.js:27490:7)
      at performUnitOfWork (../../node_modules/.pnpm/react-dom@18.3.1_react@18.3.1/node_modules/react-dom/cjs/react-dom.development.js:26599:12)
      at workLoopSync (../../node_modules/.pnpm/react-dom@18.3.1_react@18.3.1/node_modules/react-dom/cjs/react-dom.development.js:26505:5)
      at renderRootSync (../../node_modules/.pnpm/react-dom@18.3.1_react@18.3.1/node_modules/react-dom/cjs/react-dom.development.js:26473:7)
      at recoverFromConcurrentError (../../node_modules/.pnpm/react-dom@18.3.1_react@18.3.1/node_modules/react-dom/cjs/react-dom.development.js:25889:20)
      at performConcurrentWorkOnRoot (../../node_modules/.pnpm/react-dom@18.3.1_react@18.3.1/node_modules/react-dom/cjs/react-dom.development.js:25789:22)
      at flushActQueue (../../node_modules/.pnpm/react@18.3.1/node_modules/react/cjs/react.development.js:2667:24)
      at act (../../node_modules/.pnpm/react@18.3.1/node_modules/react/cjs/react.development.js:2582:11)
      at ../../node_modules/.pnpm/@testing-library+react@16.3.2_@testing-library+dom@10.4.1_@types+react-dom@18.3.7_@types+reac_3k5f6qynewwmkoqvlvtzlgtsjq/node_modules/@testing-library/react/dist/act-compat.js:46:25
      at renderRoot (../../node_modules/.pnpm/@testing-library+react@16.3.2_@testing-library+dom@10.4.1_@types+react-dom@18.3.7_@types+reac_3k5f6qynewwmkoqvlvtzlgtsjq/node_modules/@testing-library/react/dist/pure.js:189:26)
      at render (../../node_modules/.pnpm/@testing-library+react@16.3.2_@testing-library+dom@10.4.1_@types+react-dom@18.3.7_@types+reac_3k5f6qynewwmkoqvlvtzlgtsjq/node_modules/@testing-library/react/dist/pure.js:291:10)
      at Object.<anonymous> (components/__tests__/roles-table.test.tsx:66:11)

    console.error
      Error: Uncaught [Error: `Tooltip` must be used within `TooltipProvider`]
          at reportException (/app/node_modules/.pnpm/jsdom@20.0.3/node_modules/jsdom/lib/jsdom/living/helpers/runtime-script-errors.js:66:24)
          at innerInvokeEventListeners (/app/node_modules/.pnpm/jsdom@20.0.3/node_modules/jsdom/lib/jsdom/living/events/EventTarget-impl.js:353:9)
          at invokeEventListeners (/app/node_modules/.pnpm/jsdom@20.0.3/node_modules/jsdom/lib/jsdom/living/events/EventTarget-impl.js:286:3)
          at HTMLUnknownElementImpl._dispatch (/app/node_modules/.pnpm/jsdom@20.0.3/node_modules/jsdom/lib/jsdom/living/events/EventTarget-impl.js:233:9)
          at HTMLUnknownElementImpl.dispatchEvent (/app/node_modules/.pnpm/jsdom@20.0.3/node_modules/jsdom/lib/jsdom/living/events/EventTarget-impl.js:104:17)
          at HTMLUnknownElement.dispatchEvent (/app/node_modules/.pnpm/jsdom@20.0.3/node_modules/jsdom/lib/jsdom/living/generated/EventTarget.js:241:34)
          at Object.invokeGuardedCallbackDev (/app/node_modules/.pnpm/react-dom@18.3.1_react@18.3.1/node_modules/react-dom/cjs/react-dom.development.js:4213:16)
          at invokeGuardedCallback (/app/node_modules/.pnpm/react-dom@18.3.1_react@18.3.1/node_modules/react-dom/cjs/react-dom.development.js:4277:31)
          at beginWork$1 (/app/node_modules/.pnpm/react-dom@18.3.1_react@18.3.1/node_modules/react-dom/cjs/react-dom.development.js:27490:7)
          at performUnitOfWork (/app/node_modules/.pnpm/react-dom@18.3.1_react@18.3.1/node_modules/react-dom/cjs/react-dom.development.js:26599:12)
          at workLoopSync (/app/node_modules/.pnpm/react-dom@18.3.1_react@18.3.1/node_modules/react-dom/cjs/react-dom.development.js:26505:5)
          at renderRootSync (/app/node_modules/.pnpm/react-dom@18.3.1_react@18.3.1/node_modules/react-dom/cjs/react-dom.development.js:26473:7)
          at recoverFromConcurrentError (/app/node_modules/.pnpm/react-dom@18.3.1_react@18.3.1/node_modules/react-dom/cjs/react-dom.development.js:25889:20)
          at performConcurrentWorkOnRoot (/app/node_modules/.pnpm/react-dom@18.3.1_react@18.3.1/node_modules/react-dom/cjs/react-dom.development.js:25789:22)
          at flushActQueue (/app/node_modules/.pnpm/react@18.3.1/node_modules/react/cjs/react.development.js:2667:24)
          at act (/app/node_modules/.pnpm/react@18.3.1/node_modules/react/cjs/react.development.js:2582:11)
          at /app/node_modules/.pnpm/@testing-library+react@16.3.2_@testing-library+dom@10.4.1_@types+react-dom@18.3.7_@types+reac_3k5f6qynewwmkoqvlvtzlgtsjq/node_modules/@testing-library/react/dist/act-compat.js:46:25
          at renderRoot (/app/node_modules/.pnpm/@testing-library+react@16.3.2_@testing-library+dom@10.4.1_@types+react-dom@18.3.7_@types+reac_3k5f6qynewwmkoqvlvtzlgtsjq/node_modules/@testing-library/react/dist/pure.js:189:26)
          at render (/app/node_modules/.pnpm/@testing-library+react@16.3.2_@testing-library+dom@10.4.1_@types+react-dom@18.3.7_@types+reac_3k5f6qynewwmkoqvlvtzlgtsjq/node_modules/@testing-library/react/dist/pure.js:291:10)
          at Object.<anonymous> (/app/apps/admin/components/__tests__/roles-table.test.tsx:66:11)
          at Promise.then.completed (/app/node_modules/.pnpm/jest-circus@29.7.0/node_modules/jest-circus/build/utils.js:298:28)
          at new Promise (<anonymous>)
          at callAsyncCircusFn (/app/node_modules/.pnpm/jest-circus@29.7.0/node_modules/jest-circus/build/utils.js:231:10)
          at _callCircusTest (/app/node_modules/.pnpm/jest-circus@29.7.0/node_modules/jest-circus/build/run.js:316:40)
          at processTicksAndRejections (node:internal/process/task_queues:103:5)
          at _runTest (/app/node_modules/.pnpm/jest-circus@29.7.0/node_modules/jest-circus/build/run.js:252:3)
          at _runTestsForDescribeBlock (/app/node_modules/.pnpm/jest-circus@29.7.0/node_modules/jest-circus/build/run.js:126:9)
          at _runTestsForDescribeBlock (/app/node_modules/.pnpm/jest-circus@29.7.0/node_modules/jest-circus/build/run.js:121:9)
          at run (/app/node_modules/.pnpm/jest-circus@29.7.0/node_modules/jest-circus/build/run.js:71:3)
          at runAndTransformResultsToJestFormat (/app/node_modules/.pnpm/jest-circus@29.7.0/node_modules/jest-circus/build/legacy-code-todo-rewrite/jestAdapterInit.js:122:21)
          at jestAdapter (/app/node_modules/.pnpm/jest-circus@29.7.0/node_modules/jest-circus/build/legacy-code-todo-rewrite/jestAdapter.js:79:19)
          at runTestInternal (/app/node_modules/.pnpm/jest-runner@29.7.0/node_modules/jest-runner/build/runTest.js:367:16)
          at runTest (/app/node_modules/.pnpm/jest-runner@29.7.0/node_modules/jest-runner/build/runTest.js:444:34)
          at Object.worker (/app/node_modules/.pnpm/jest-runner@29.7.0/node_modules/jest-runner/build/testWorker.js:106:12) {
        detail: Error: `Tooltip` must be used within `TooltipProvider`
            at useContext2 (/app/node_modules/.pnpm/@radix-ui+react-context@1.1.2_@types+react@18.3.29_react@18.3.1/node_modules/@radix-ui/react-context/src/create-context.tsx:75:13)
            at Tooltip (/app/node_modules/.pnpm/@radix-ui+react-tooltip@1.2.8_@types+react-dom@18.3.7_@types+react@18.3.29__@types+react@18.3_xrwsnt2rmlacewwolijhmzdoxi/node_modules/@radix-ui/react-tooltip/src/tooltip.tsx:162:27)
            at renderWithHooks (/app/node_modules/.pnpm/react-dom@18.3.1_react@18.3.1/node_modules/react-dom/cjs/react-dom.development.js:15486:18)
            at mountIndeterminateComponent (/app/node_modules/.pnpm/react-dom@18.3.1_react@18.3.1/node_modules/react-dom/cjs/react-dom.development.js:20103:13)
            at beginWork (/app/node_modules/.pnpm/react-dom@18.3.1_react@18.3.1/node_modules/react-dom/cjs/react-dom.development.js:21626:16)
            at HTMLUnknownElement.callCallback (/app/node_modules/.pnpm/react-dom@18.3.1_react@18.3.1/node_modules/react-dom/cjs/react-dom.development.js:4164:14)
            at HTMLUnknownElement.callTheUserObjectsOperation (/app/node_modules/.pnpm/jsdom@20.0.3/node_modules/jsdom/lib/jsdom/living/generated/EventListener.js:26:30)
            at innerInvokeEventListeners (/app/node_modules/.pnpm/jsdom@20.0.3/node_modules/jsdom/lib/jsdom/living/events/EventTarget-impl.js:350:25)
            at invokeEventListeners (/app/node_modules/.pnpm/jsdom@20.0.3/node_modules/jsdom/lib/jsdom/living/events/EventTarget-impl.js:286:3)
            at HTMLUnknownElementImpl._dispatch (/app/node_modules/.pnpm/jsdom@20.0.3/node_modules/jsdom/lib/jsdom/living/events/EventTarget-impl.js:233:9)
            at HTMLUnknownElementImpl.dispatchEvent (/app/node_modules/.pnpm/jsdom@20.0.3/node_modules/jsdom/lib/jsdom/living/events/EventTarget-impl.js:104:17)
            at HTMLUnknownElement.dispatchEvent (/app/node_modules/.pnpm/jsdom@20.0.3/node_modules/jsdom/lib/jsdom/living/generated/EventTarget.js:241:34)
            at Object.invokeGuardedCallbackDev (/app/node_modules/.pnpm/react-dom@18.3.1_react@18.3.1/node_modules/react-dom/cjs/react-dom.development.js:4213:16)
            at invokeGuardedCallback (/app/node_modules/.pnpm/react-dom@18.3.1_react@18.3.1/node_modules/react-dom/cjs/react-dom.development.js:4277:31)
            at beginWork$1 (/app/node_modules/.pnpm/react-dom@18.3.1_react@18.3.1/node_modules/react-dom/cjs/react-dom.development.js:27490:7)
            at performUnitOfWork (/app/node_modules/.pnpm/react-dom@18.3.1_react@18.3.1/node_modules/react-dom/cjs/react-dom.development.js:26599:12)
            at workLoopSync (/app/node_modules/.pnpm/react-dom@18.3.1_react@18.3.1/node_modules/react-dom/cjs/react-dom.development.js:26505:5)
            at renderRootSync (/app/node_modules/.pnpm/react-dom@18.3.1_react@18.3.1/node_modules/react-dom/cjs/react-dom.development.js:26473:7)
            at recoverFromConcurrentError (/app/node_modules/.pnpm/react-dom@18.3.1_react@18.3.1/node_modules/react-dom/cjs/react-dom.development.js:25889:20)
            at performConcurrentWorkOnRoot (/app/node_modules/.pnpm/react-dom@18.3.1_react@18.3.1/node_modules/react-dom/cjs/react-dom.development.js:25789:22)
            at flushActQueue (/app/node_modules/.pnpm/react@18.3.1/node_modules/react/cjs/react.development.js:2667:24)
            at act (/app/node_modules/.pnpm/react@18.3.1/node_modules/react/cjs/react.development.js:2582:11)
            at /app/node_modules/.pnpm/@testing-library+react@16.3.2_@testing-library+dom@10.4.1_@types+react-dom@18.3.7_@types+reac_3k5f6qynewwmkoqvlvtzlgtsjq/node_modules/@testing-library/react/dist/act-compat.js:46:25
            at renderRoot (/app/node_modules/.pnpm/@testing-library+react@16.3.2_@testing-library+dom@10.4.1_@types+react-dom@18.3.7_@types+reac_3k5f6qynewwmkoqvlvtzlgtsjq/node_modules/@testing-library/react/dist/pure.js:189:26)
            at render (/app/node_modules/.pnpm/@testing-library+react@16.3.2_@testing-library+dom@10.4.1_@types+react-dom@18.3.7_@types+reac_3k5f6qynewwmkoqvlvtzlgtsjq/node_modules/@testing-library/react/dist/pure.js:291:10)
            at Object.<anonymous> (/app/apps/admin/components/__tests__/roles-table.test.tsx:66:11)
            at Promise.then.completed (/app/node_modules/.pnpm/jest-circus@29.7.0/node_modules/jest-circus/build/utils.js:298:28)
            at new Promise (<anonymous>)
            at callAsyncCircusFn (/app/node_modules/.pnpm/jest-circus@29.7.0/node_modules/jest-circus/build/utils.js:231:10)
            at _callCircusTest (/app/node_modules/.pnpm/jest-circus@29.7.0/node_modules/jest-circus/build/run.js:316:40)
            at processTicksAndRejections (node:internal/process/task_queues:103:5)
            at _runTest (/app/node_modules/.pnpm/jest-circus@29.7.0/node_modules/jest-circus/build/run.js:252:3)
            at _runTestsForDescribeBlock (/app/node_modules/.pnpm/jest-circus@29.7.0/node_modules/jest-circus/build/run.js:126:9)
            at _runTestsForDescribeBlock (/app/node_modules/.pnpm/jest-circus@29.7.0/node_modules/jest-circus/build/run.js:121:9)
            at run (/app/node_modules/.pnpm/jest-circus@29.7.0/node_modules/jest-circus/build/run.js:71:3)
            at runAndTransformResultsToJestFormat (/app/node_modules/.pnpm/jest-circus@29.7.0/node_modules/jest-circus/build/legacy-code-todo-rewrite/jestAdapterInit.js:122:21)
            at jestAdapter (/app/node_modules/.pnpm/jest-circus@29.7.0/node_modules/jest-circus/build/legacy-code-todo-rewrite/jestAdapter.js:79:19)
            at runTestInternal (/app/node_modules/.pnpm/jest-runner@29.7.0/node_modules/jest-runner/build/runTest.js:367:16)
            at runTest (/app/node_modules/.pnpm/jest-runner@29.7.0/node_modules/jest-runner/build/runTest.js:444:34)
            at Object.worker (/app/node_modules/.pnpm/jest-runner@29.7.0/node_modules/jest-runner/build/testWorker.js:106:12),
        type: 'unhandled exception'
      }

      64 |
      65 |   it('shows View/Edit/Delete menu items per row', () => {
    > 66 |     render(withIntl(<RolesTable initial={initial} apps={apps} />))
         |           ^
      67 |     expect(screen.getAllByRole('menuitem', { name: en.roles.actions.view })).toHaveLength(2)
      68 |     expect(screen.getAllByRole('menuitem', { name: en.roles.actions.edit })).toHaveLength(2)
      69 |     expect(screen.getAllByRole('menuitem', { name: en.roles.actions.delete })).toHaveLength(2)

      at VirtualConsole.<anonymous> (../../node_modules/.pnpm/jest-environment-jsdom@29.7.0/node_modules/jest-environment-jsdom/build/index.js:63:23)
      at reportException (../../node_modules/.pnpm/jsdom@20.0.3/node_modules/jsdom/lib/jsdom/living/helpers/runtime-script-errors.js:70:28)
      at innerInvokeEventListeners (../../node_modules/.pnpm/jsdom@20.0.3/node_modules/jsdom/lib/jsdom/living/events/EventTarget-impl.js:353:9)
      at invokeEventListeners (../../node_modules/.pnpm/jsdom@20.0.3/node_modules/jsdom/lib/jsdom/living/events/EventTarget-impl.js:286:3)
      at HTMLUnknownElementImpl._dispatch (../../node_modules/.pnpm/jsdom@20.0.3/node_modules/jsdom/lib/jsdom/living/events/EventTarget-impl.js:233:9)
      at HTMLUnknownElementImpl.dispatchEvent (../../node_modules/.pnpm/jsdom@20.0.3/node_modules/jsdom/lib/jsdom/living/events/EventTarget-impl.js:104:17)
      at HTMLUnknownElement.dispatchEvent (../../node_modules/.pnpm/jsdom@20.0.3/node_modules/jsdom/lib/jsdom/living/generated/EventTarget.js:241:34)
      at Object.invokeGuardedCallbackDev (../../node_modules/.pnpm/react-dom@18.3.1_react@18.3.1/node_modules/react-dom/cjs/react-dom.development.js:4213:16)
      at invokeGuardedCallback (../../node_modules/.pnpm/react-dom@18.3.1_react@18.3.1/node_modules/react-dom/cjs/react-dom.development.js:4277:31)
      at beginWork$1 (../../node_modules/.pnpm/react-dom@18.3.1_react@18.3.1/node_modules/react-dom/cjs/react-dom.development.js:27490:7)
      at performUnitOfWork (../../node_modules/.pnpm/react-dom@18.3.1_react@18.3.1/node_modules/react-dom/cjs/react-dom.development.js:26599:12)
      at workLoopSync (../../node_modules/.pnpm/react-dom@18.3.1_react@18.3.1/node_modules/react-dom/cjs/react-dom.development.js:26505:5)
      at renderRootSync (../../node_modules/.pnpm/react-dom@18.3.1_react@18.3.1/node_modules/react-dom/cjs/react-dom.development.js:26473:7)
      at recoverFromConcurrentError (../../node_modules/.pnpm/react-dom@18.3.1_react@18.3.1/node_modules/react-dom/cjs/react-dom.development.js:25889:20)
      at performConcurrentWorkOnRoot (../../node_modules/.pnpm/react-dom@18.3.1_react@18.3.1/node_modules/react-dom/cjs/react-dom.development.js:25789:22)
      at flushActQueue (../../node_modules/.pnpm/react@18.3.1/node_modules/react/cjs/react.development.js:2667:24)
      at act (../../node_modules/.pnpm/react@18.3.1/node_modules/react/cjs/react.development.js:2582:11)
      at ../../node_modules/.pnpm/@testing-library+react@16.3.2_@testing-library+dom@10.4.1_@types+react-dom@18.3.7_@types+reac_3k5f6qynewwmkoqvlvtzlgtsjq/node_modules/@testing-library/react/dist/act-compat.js:46:25
      at renderRoot (../../node_modules/.pnpm/@testing-library+react@16.3.2_@testing-library+dom@10.4.1_@types+react-dom@18.3.7_@types+reac_3k5f6qynewwmkoqvlvtzlgtsjq/node_modules/@testing-library/react/dist/pure.js:189:26)
      at render (../../node_modules/.pnpm/@testing-library+react@16.3.2_@testing-library+dom@10.4.1_@types+react-dom@18.3.7_@types+reac_3k5f6qynewwmkoqvlvtzlgtsjq/node_modules/@testing-library/react/dist/pure.js:291:10)
      at Object.<anonymous> (components/__tests__/roles-table.test.tsx:66:11)

    console.error
      Error: Uncaught [Error: `Tooltip` must be used within `TooltipProvider`]
          at reportException (/app/node_modules/.pnpm/jsdom@20.0.3/node_modules/jsdom/lib/jsdom/living/helpers/runtime-script-errors.js:66:24)
          at innerInvokeEventListeners (/app/node_modules/.pnpm/jsdom@20.0.3/node_modules/jsdom/lib/jsdom/living/events/EventTarget-impl.js:353:9)
          at invokeEventListeners (/app/node_modules/.pnpm/jsdom@20.0.3/node_modules/jsdom/lib/jsdom/living/events/EventTarget-impl.js:286:3)
          at HTMLUnknownElementImpl._dispatch (/app/node_modules/.pnpm/jsdom@20.0.3/node_modules/jsdom/lib/jsdom/living/events/EventTarget-impl.js:233:9)
          at HTMLUnknownElementImpl.dispatchEvent (/app/node_modules/.pnpm/jsdom@20.0.3/node_modules/jsdom/lib/jsdom/living/events/EventTarget-impl.js:104:17)
          at HTMLUnknownElement.dispatchEvent (/app/node_modules/.pnpm/jsdom@20.0.3/node_modules/jsdom/lib/jsdom/living/generated/EventTarget.js:241:34)
          at Object.invokeGuardedCallbackDev (/app/node_modules/.pnpm/react-dom@18.3.1_react@18.3.1/node_modules/react-dom/cjs/react-dom.development.js:4213:16)
          at invokeGuardedCallback (/app/node_modules/.pnpm/react-dom@18.3.1_react@18.3.1/node_modules/react-dom/cjs/react-dom.development.js:4277:31)
          at beginWork$1 (/app/node_modules/.pnpm/react-dom@18.3.1_react@18.3.1/node_modules/react-dom/cjs/react-dom.development.js:27490:7)
          at performUnitOfWork (/app/node_modules/.pnpm/react-dom@18.3.1_react@18.3.1/node_modules/react-dom/cjs/react-dom.development.js:26599:12)
          at workLoopSync (/app/node_modules/.pnpm/react-dom@18.3.1_react@18.3.1/node_modules/react-dom/cjs/react-dom.development.js:26505:5)
          at renderRootSync (/app/node_modules/.pnpm/react-dom@18.3.1_react@18.3.1/node_modules/react-dom/cjs/react-dom.development.js:26473:7)
          at recoverFromConcurrentError (/app/node_modules/.pnpm/react-dom@18.3.1_react@18.3.1/node_modules/react-dom/cjs/react-dom.development.js:25889:20)
          at performConcurrentWorkOnRoot (/app/node_modules/.pnpm/react-dom@18.3.1_react@18.3.1/node_modules/react-dom/cjs/react-dom.development.js:25789:22)
          at flushActQueue (/app/node_modules/.pnpm/react@18.3.1/node_modules/react/cjs/react.development.js:2667:24)
          at act (/app/node_modules/.pnpm/react@18.3.1/node_modules/react/cjs/react.development.js:2582:11)
          at /app/node_modules/.pnpm/@testing-library+react@16.3.2_@testing-library+dom@10.4.1_@types+react-dom@18.3.7_@types+reac_3k5f6qynewwmkoqvlvtzlgtsjq/node_modules/@testing-library/react/dist/act-compat.js:46:25
          at renderRoot (/app/node_modules/.pnpm/@testing-library+react@16.3.2_@testing-library+dom@10.4.1_@types+react-dom@18.3.7_@types+reac_3k5f6qynewwmkoqvlvtzlgtsjq/node_modules/@testing-library/react/dist/pure.js:189:26)
          at render (/app/node_modules/.pnpm/@testing-library+react@16.3.2_@testing-library+dom@10.4.1_@types+react-dom@18.3.7_@types+reac_3k5f6qynewwmkoqvlvtzlgtsjq/node_modules/@testing-library/react/dist/pure.js:291:10)
          at Object.<anonymous> (/app/apps/admin/components/__tests__/roles-table.test.tsx:66:11)
          at Promise.then.completed (/app/node_modules/.pnpm/jest-circus@29.7.0/node_modules/jest-circus/build/utils.js:298:28)
          at new Promise (<anonymous>)
          at callAsyncCircusFn (/app/node_modules/.pnpm/jest-circus@29.7.0/node_modules/jest-circus/build/utils.js:231:10)
          at _callCircusTest (/app/node_modules/.pnpm/jest-circus@29.7.0/node_modules/jest-circus/build/run.js:316:40)
          at processTicksAndRejections (node:internal/process/task_queues:103:5)
          at _runTest (/app/node_modules/.pnpm/jest-circus@29.7.0/node_modules/jest-circus/build/run.js:252:3)
          at _runTestsForDescribeBlock (/app/node_modules/.pnpm/jest-circus@29.7.0/node_modules/jest-circus/build/run.js:126:9)
          at _runTestsForDescribeBlock (/app/node_modules/.pnpm/jest-circus@29.7.0/node_modules/jest-circus/build/run.js:121:9)
          at run (/app/node_modules/.pnpm/jest-circus@29.7.0/node_modules/jest-circus/build/run.js:71:3)
          at runAndTransformResultsToJestFormat (/app/node_modules/.pnpm/jest-circus@29.7.0/node_modules/jest-circus/build/legacy-code-todo-rewrite/jestAdapterInit.js:122:21)
          at jestAdapter (/app/node_modules/.pnpm/jest-circus@29.7.0/node_modules/jest-circus/build/legacy-code-todo-rewrite/jestAdapter.js:79:19)
          at runTestInternal (/app/node_modules/.pnpm/jest-runner@29.7.0/node_modules/jest-runner/build/runTest.js:367:16)
          at runTest (/app/node_modules/.pnpm/jest-runner@29.7.0/node_modules/jest-runner/build/runTest.js:444:34)
          at Object.worker (/app/node_modules/.pnpm/jest-runner@29.7.0/node_modules/jest-runner/build/testWorker.js:106:12) {
        detail: Error: `Tooltip` must be used within `TooltipProvider`
            at useContext2 (/app/node_modules/.pnpm/@radix-ui+react-context@1.1.2_@types+react@18.3.29_react@18.3.1/node_modules/@radix-ui/react-context/src/create-context.tsx:75:13)
            at Tooltip (/app/node_modules/.pnpm/@radix-ui+react-tooltip@1.2.8_@types+react-dom@18.3.7_@types+react@18.3.29__@types+react@18.3_xrwsnt2rmlacewwolijhmzdoxi/node_modules/@radix-ui/react-tooltip/src/tooltip.tsx:162:27)
            at renderWithHooks (/app/node_modules/.pnpm/react-dom@18.3.1_react@18.3.1/node_modules/react-dom/cjs/react-dom.development.js:15486:18)
            at mountIndeterminateComponent (/app/node_modules/.pnpm/react-dom@18.3.1_react@18.3.1/node_modules/react-dom/cjs/react-dom.development.js:20103:13)
            at beginWork (/app/node_modules/.pnpm/react-dom@18.3.1_react@18.3.1/node_modules/react-dom/cjs/react-dom.development.js:21626:16)
            at HTMLUnknownElement.callCallback (/app/node_modules/.pnpm/react-dom@18.3.1_react@18.3.1/node_modules/react-dom/cjs/react-dom.development.js:4164:14)
            at HTMLUnknownElement.callTheUserObjectsOperation (/app/node_modules/.pnpm/jsdom@20.0.3/node_modules/jsdom/lib/jsdom/living/generated/EventListener.js:26:30)
            at innerInvokeEventListeners (/app/node_modules/.pnpm/jsdom@20.0.3/node_modules/jsdom/lib/jsdom/living/events/EventTarget-impl.js:350:25)
            at invokeEventListeners (/app/node_modules/.pnpm/jsdom@20.0.3/node_modules/jsdom/lib/jsdom/living/events/EventTarget-impl.js:286:3)
            at HTMLUnknownElementImpl._dispatch (/app/node_modules/.pnpm/jsdom@20.0.3/node_modules/jsdom/lib/jsdom/living/events/EventTarget-impl.js:233:9)
            at HTMLUnknownElementImpl.dispatchEvent (/app/node_modules/.pnpm/jsdom@20.0.3/node_modules/jsdom/lib/jsdom/living/events/EventTarget-impl.js:104:17)
            at HTMLUnknownElement.dispatchEvent (/app/node_modules/.pnpm/jsdom@20.0.3/node_modules/jsdom/lib/jsdom/living/generated/EventTarget.js:241:34)
            at Object.invokeGuardedCallbackDev (/app/node_modules/.pnpm/react-dom@18.3.1_react@18.3.1/node_modules/react-dom/cjs/react-dom.development.js:4213:16)
            at invokeGuardedCallback (/app/node_modules/.pnpm/react-dom@18.3.1_react@18.3.1/node_modules/react-dom/cjs/react-dom.development.js:4277:31)
            at beginWork$1 (/app/node_modules/.pnpm/react-dom@18.3.1_react@18.3.1/node_modules/react-dom/cjs/react-dom.development.js:27490:7)
            at performUnitOfWork (/app/node_modules/.pnpm/react-dom@18.3.1_react@18.3.1/node_modules/react-dom/cjs/react-dom.development.js:26599:12)
            at workLoopSync (/app/node_modules/.pnpm/react-dom@18.3.1_react@18.3.1/node_modules/react-dom/cjs/react-dom.development.js:26505:5)
            at renderRootSync (/app/node_modules/.pnpm/react-dom@18.3.1_react@18.3.1/node_modules/react-dom/cjs/react-dom.development.js:26473:7)
            at recoverFromConcurrentError (/app/node_modules/.pnpm/react-dom@18.3.1_react@18.3.1/node_modules/react-dom/cjs/react-dom.development.js:25889:20)
            at performConcurrentWorkOnRoot (/app/node_modules/.pnpm/react-dom@18.3.1_react@18.3.1/node_modules/react-dom/cjs/react-dom.development.js:25789:22)
            at flushActQueue (/app/node_modules/.pnpm/react@18.3.1/node_modules/react/cjs/react.development.js:2667:24)
            at act (/app/node_modules/.pnpm/react@18.3.1/node_modules/react/cjs/react.development.js:2582:11)
            at /app/node_modules/.pnpm/@testing-library+react@16.3.2_@testing-library+dom@10.4.1_@types+react-dom@18.3.7_@types+reac_3k5f6qynewwmkoqvlvtzlgtsjq/node_modules/@testing-library/react/dist/act-compat.js:46:25
            at renderRoot (/app/node_modules/.pnpm/@testing-library+react@16.3.2_@testing-library+dom@10.4.1_@types+react-dom@18.3.7_@types+reac_3k5f6qynewwmkoqvlvtzlgtsjq/node_modules/@testing-library/react/dist/pure.js:189:26)
            at render (/app/node_modules/.pnpm/@testing-library+react@16.3.2_@testing-library+dom@10.4.1_@types+react-dom@18.3.7_@types+reac_3k5f6qynewwmkoqvlvtzlgtsjq/node_modules/@testing-library/react/dist/pure.js:291:10)
            at Object.<anonymous> (/app/apps/admin/components/__tests__/roles-table.test.tsx:66:11)
            at Promise.then.completed (/app/node_modules/.pnpm/jest-circus@29.7.0/node_modules/jest-circus/build/utils.js:298:28)
            at new Promise (<anonymous>)
            at callAsyncCircusFn (/app/node_modules/.pnpm/jest-circus@29.7.0/node_modules/jest-circus/build/utils.js:231:10)
            at _callCircusTest (/app/node_modules/.pnpm/jest-circus@29.7.0/node_modules/jest-circus/build/run.js:316:40)
            at processTicksAndRejections (node:internal/process/task_queues:103:5)
            at _runTest (/app/node_modules/.pnpm/jest-circus@29.7.0/node_modules/jest-circus/build/run.js:252:3)
            at _runTestsForDescribeBlock (/app/node_modules/.pnpm/jest-circus@29.7.0/node_modules/jest-circus/build/run.js:126:9)
            at _runTestsForDescribeBlock (/app/node_modules/.pnpm/jest-circus@29.7.0/node_modules/jest-circus/build/run.js:121:9)
            at run (/app/node_modules/.pnpm/jest-circus@29.7.0/node_modules/jest-circus/build/run.js:71:3)
            at runAndTransformResultsToJestFormat (/app/node_modules/.pnpm/jest-circus@29.7.0/node_modules/jest-circus/build/legacy-code-todo-rewrite/jestAdapterInit.js:122:21)
            at jestAdapter (/app/node_modules/.pnpm/jest-circus@29.7.0/node_modules/jest-circus/build/legacy-code-todo-rewrite/jestAdapter.js:79:19)
            at runTestInternal (/app/node_modules/.pnpm/jest-runner@29.7.0/node_modules/jest-runner/build/runTest.js:367:16)
            at runTest (/app/node_modules/.pnpm/jest-runner@29.7.0/node_modules/jest-runner/build/runTest.js:444:34)
            at Object.worker (/app/node_modules/.pnpm/jest-runner@29.7.0/node_modules/jest-runner/build/testWorker.js:106:12),
        type: 'unhandled exception'
      }

      64 |
      65 |   it('shows View/Edit/Delete menu items per row', () => {
    > 66 |     render(withIntl(<RolesTable initial={initial} apps={apps} />))
         |           ^
      67 |     expect(screen.getAllByRole('menuitem', { name: en.roles.actions.view })).toHaveLength(2)
      68 |     expect(screen.getAllByRole('menuitem', { name: en.roles.actions.edit })).toHaveLength(2)
      69 |     expect(screen.getAllByRole('menuitem', { name: en.roles.actions.delete })).toHaveLength(2)

      at VirtualConsole.<anonymous> (../../node_modules/.pnpm/jest-environment-jsdom@29.7.0/node_modules/jest-environment-jsdom/build/index.js:63:23)
      at reportException (../../node_modules/.pnpm/jsdom@20.0.3/node_modules/jsdom/lib/jsdom/living/helpers/runtime-script-errors.js:70:28)
      at innerInvokeEventListeners (../../node_modules/.pnpm/jsdom@20.0.3/node_modules/jsdom/lib/jsdom/living/events/EventTarget-impl.js:353:9)
      at invokeEventListeners (../../node_modules/.pnpm/jsdom@20.0.3/node_modules/jsdom/lib/jsdom/living/events/EventTarget-impl.js:286:3)
      at HTMLUnknownElementImpl._dispatch (../../node_modules/.pnpm/jsdom@20.0.3/node_modules/jsdom/lib/jsdom/living/events/EventTarget-impl.js:233:9)
      at HTMLUnknownElementImpl.dispatchEvent (../../node_modules/.pnpm/jsdom@20.0.3/node_modules/jsdom/lib/jsdom/living/events/EventTarget-impl.js:104:17)
      at HTMLUnknownElement.dispatchEvent (../../node_modules/.pnpm/jsdom@20.0.3/node_modules/jsdom/lib/jsdom/living/generated/EventTarget.js:241:34)
      at Object.invokeGuardedCallbackDev (../../node_modules/.pnpm/react-dom@18.3.1_react@18.3.1/node_modules/react-dom/cjs/react-dom.development.js:4213:16)
      at invokeGuardedCallback (../../node_modules/.pnpm/react-dom@18.3.1_react@18.3.1/node_modules/react-dom/cjs/react-dom.development.js:4277:31)
      at beginWork$1 (../../node_modules/.pnpm/react-dom@18.3.1_react@18.3.1/node_modules/react-dom/cjs/react-dom.development.js:27490:7)
      at performUnitOfWork (../../node_modules/.pnpm/react-dom@18.3.1_react@18.3.1/node_modules/react-dom/cjs/react-dom.development.js:26599:12)
      at workLoopSync (../../node_modules/.pnpm/react-dom@18.3.1_react@18.3.1/node_modules/react-dom/cjs/react-dom.development.js:26505:5)
      at renderRootSync (../../node_modules/.pnpm/react-dom@18.3.1_react@18.3.1/node_modules/react-dom/cjs/react-dom.development.js:26473:7)
      at recoverFromConcurrentError (../../node_modules/.pnpm/react-dom@18.3.1_react@18.3.1/node_modules/react-dom/cjs/react-dom.development.js:25889:20)
      at performConcurrentWorkOnRoot (../../node_modules/.pnpm/react-dom@18.3.1_react@18.3.1/node_modules/react-dom/cjs/react-dom.development.js:25789:22)
      at flushActQueue (../../node_modules/.pnpm/react@18.3.1/node_modules/react/cjs/react.development.js:2667:24)
      at act (../../node_modules/.pnpm/react@18.3.1/node_modules/react/cjs/react.development.js:2582:11)
      at ../../node_modules/.pnpm/@testing-library+react@16.3.2_@testing-library+dom@10.4.1_@types+react-dom@18.3.7_@types+reac_3k5f6qynewwmkoqvlvtzlgtsjq/node_modules/@testing-library/react/dist/act-compat.js:46:25
      at renderRoot (../../node_modules/.pnpm/@testing-library+react@16.3.2_@testing-library+dom@10.4.1_@types+react-dom@18.3.7_@types+reac_3k5f6qynewwmkoqvlvtzlgtsjq/node_modules/@testing-library/react/dist/pure.js:189:26)
      at render (../../node_modules/.pnpm/@testing-library+react@16.3.2_@testing-library+dom@10.4.1_@types+react-dom@18.3.7_@types+reac_3k5f6qynewwmkoqvlvtzlgtsjq/node_modules/@testing-library/react/dist/pure.js:291:10)
      at Object.<anonymous> (components/__tests__/roles-table.test.tsx:66:11)

    console.error
      The above error occurred in the <Tooltip> component:

          at Tooltip (/app/node_modules/.pnpm/@radix-ui+react-tooltip@1.2.8_@types+react-dom@18.3.7_@types+react@18.3.29__@types+react@18.3_xrwsnt2rmlacewwolijhmzdoxi/node_modules/@radix-ui/react-tooltip/src/tooltip.tsx:154:5)
          at div
          at cell (/app/apps/admin/components/roles-table.tsx:82:16)
          at td
          at /app/packages/ui/src/components/ui/table.tsx:87:6
          at tr
          at /app/packages/ui/src/components/ui/table.tsx:57:6
          at tbody
          at /app/packages/ui/src/components/ui/table.tsx:30:6
          at table
          at div
          at /app/packages/ui/src/components/ui/table.tsx:8:6
          at DataTable (/app/packages/ui/src/components/data-table.tsx:23:36)
          at div
          at RolesTable (/app/apps/admin/components/roles-table.tsx:27:30)
          at IntlProvider (/app/node_modules/.pnpm/use-intl@3.26.5_react@18.3.1/node_modules/use-intl/dist/development/_IntlProvider.js:16:5)
          at NextIntlClientProvider (/app/node_modules/.pnpm/next-intl@3.26.5_next@15.5.18_@babel+core@7.29.7_@opentelemetry+api@1.9.1_@playwright+test@1._uib3rlo2eksg3yll53rffkx7ea/node_modules/next-intl/dist/development/shared/NextIntlClientProvider.js:16:5)

      Consider adding an error boundary to your tree to customize error handling behavior.
      Visit https://reactjs.org/link/error-boundaries to learn more about error boundaries.

      64 |
      65 |   it('shows View/Edit/Delete menu items per row', () => {
    > 66 |     render(withIntl(<RolesTable initial={initial} apps={apps} />))
         |           ^
      67 |     expect(screen.getAllByRole('menuitem', { name: en.roles.actions.view })).toHaveLength(2)
      68 |     expect(screen.getAllByRole('menuitem', { name: en.roles.actions.edit })).toHaveLength(2)
      69 |     expect(screen.getAllByRole('menuitem', { name: en.roles.actions.delete })).toHaveLength(2)

      at logCapturedError (../../node_modules/.pnpm/react-dom@18.3.1_react@18.3.1/node_modules/react-dom/cjs/react-dom.development.js:18704:23)
      at update.callback (../../node_modules/.pnpm/react-dom@18.3.1_react@18.3.1/node_modules/react-dom/cjs/react-dom.development.js:18737:5)
      at callCallback (../../node_modules/.pnpm/react-dom@18.3.1_react@18.3.1/node_modules/react-dom/cjs/react-dom.development.js:15036:12)
      at commitUpdateQueue (../../node_modules/.pnpm/react-dom@18.3.1_react@18.3.1/node_modules/react-dom/cjs/react-dom.development.js:15057:9)
      at commitLayoutEffectOnFiber (../../node_modules/.pnpm/react-dom@18.3.1_react@18.3.1/node_modules/react-dom/cjs/react-dom.development.js:23430:13)
      at commitLayoutMountEffects_complete (../../node_modules/.pnpm/react-dom@18.3.1_react@18.3.1/node_modules/react-dom/cjs/react-dom.development.js:24727:9)
      at commitLayoutEffects_begin (../../node_modules/.pnpm/react-dom@18.3.1_react@18.3.1/node_modules/react-dom/cjs/react-dom.development.js:24713:7)
      at commitLayoutEffects (../../node_modules/.pnpm/react-dom@18.3.1_react@18.3.1/node_modules/react-dom/cjs/react-dom.development.js:24651:3)
      at commitRootImpl (../../node_modules/.pnpm/react-dom@18.3.1_react@18.3.1/node_modules/react-dom/cjs/react-dom.development.js:26862:5)
      at commitRoot (../../node_modules/.pnpm/react-dom@18.3.1_react@18.3.1/node_modules/react-dom/cjs/react-dom.development.js:26721:5)
      at finishConcurrentRender (../../node_modules/.pnpm/react-dom@18.3.1_react@18.3.1/node_modules/react-dom/cjs/react-dom.development.js:25931:9)
      at performConcurrentWorkOnRoot (../../node_modules/.pnpm/react-dom@18.3.1_react@18.3.1/node_modules/react-dom/cjs/react-dom.development.js:25848:7)
      at flushActQueue (../../node_modules/.pnpm/react@18.3.1/node_modules/react/cjs/react.development.js:2667:24)
      at act (../../node_modules/.pnpm/react@18.3.1/node_modules/react/cjs/react.development.js:2582:11)
      at ../../node_modules/.pnpm/@testing-library+react@16.3.2_@testing-library+dom@10.4.1_@types+react-dom@18.3.7_@types+reac_3k5f6qynewwmkoqvlvtzlgtsjq/node_modules/@testing-library/react/dist/act-compat.js:46:25
      at renderRoot (../../node_modules/.pnpm/@testing-library+react@16.3.2_@testing-library+dom@10.4.1_@types+react-dom@18.3.7_@types+reac_3k5f6qynewwmkoqvlvtzlgtsjq/node_modules/@testing-library/react/dist/pure.js:189:26)
      at render (../../node_modules/.pnpm/@testing-library+react@16.3.2_@testing-library+dom@10.4.1_@types+react-dom@18.3.7_@types+reac_3k5f6qynewwmkoqvlvtzlgtsjq/node_modules/@testing-library/react/dist/pure.js:291:10)
      at Object.<anonymous> (components/__tests__/roles-table.test.tsx:66:11)

    console.error
      The above error occurred in the <Tooltip> component:

          at Tooltip (/app/node_modules/.pnpm/@radix-ui+react-tooltip@1.2.8_@types+react-dom@18.3.7_@types+react@18.3.29__@types+react@18.3_xrwsnt2rmlacewwolijhmzdoxi/node_modules/@radix-ui/react-tooltip/src/tooltip.tsx:154:5)
          at Passthrough (/app/apps/admin/components/__tests__/roles-table.test.tsx:20:26)
          at cell (/app/apps/admin/components/roles-table.tsx:123:16)
          at td
          at /app/packages/ui/src/components/ui/table.tsx:87:6
          at tr
          at /app/packages/ui/src/components/ui/table.tsx:57:6
          at tbody
          at /app/packages/ui/src/components/ui/table.tsx:30:6
          at table
          at div
          at /app/packages/ui/src/components/ui/table.tsx:8:6
          at DataTable (/app/packages/ui/src/components/data-table.tsx:23:36)
          at div
          at RolesTable (/app/apps/admin/components/roles-table.tsx:27:30)
          at IntlProvider (/app/node_modules/.pnpm/use-intl@3.26.5_react@18.3.1/node_modules/use-intl/dist/development/_IntlProvider.js:16:5)
          at NextIntlClientProvider (/app/node_modules/.pnpm/next-intl@3.26.5_next@15.5.18_@babel+core@7.29.7_@opentelemetry+api@1.9.1_@playwright+test@1._uib3rlo2eksg3yll53rffkx7ea/node_modules/next-intl/dist/development/shared/NextIntlClientProvider.js:16:5)

      Consider adding an error boundary to your tree to customize error handling behavior.
      Visit https://reactjs.org/link/error-boundaries to learn more about error boundaries.

      64 |
      65 |   it('shows View/Edit/Delete menu items per row', () => {
    > 66 |     render(withIntl(<RolesTable initial={initial} apps={apps} />))
         |           ^
      67 |     expect(screen.getAllByRole('menuitem', { name: en.roles.actions.view })).toHaveLength(2)
      68 |     expect(screen.getAllByRole('menuitem', { name: en.roles.actions.edit })).toHaveLength(2)
      69 |     expect(screen.getAllByRole('menuitem', { name: en.roles.actions.delete })).toHaveLength(2)

      at logCapturedError (../../node_modules/.pnpm/react-dom@18.3.1_react@18.3.1/node_modules/react-dom/cjs/react-dom.development.js:18704:23)
      at update.callback (../../node_modules/.pnpm/react-dom@18.3.1_react@18.3.1/node_modules/react-dom/cjs/react-dom.development.js:18737:5)
      at callCallback (../../node_modules/.pnpm/react-dom@18.3.1_react@18.3.1/node_modules/react-dom/cjs/react-dom.development.js:15036:12)
      at commitUpdateQueue (../../node_modules/.pnpm/react-dom@18.3.1_react@18.3.1/node_modules/react-dom/cjs/react-dom.development.js:15057:9)
      at commitLayoutEffectOnFiber (../../node_modules/.pnpm/react-dom@18.3.1_react@18.3.1/node_modules/react-dom/cjs/react-dom.development.js:23430:13)
      at commitLayoutMountEffects_complete (../../node_modules/.pnpm/react-dom@18.3.1_react@18.3.1/node_modules/react-dom/cjs/react-dom.development.js:24727:9)
      at commitLayoutEffects_begin (../../node_modules/.pnpm/react-dom@18.3.1_react@18.3.1/node_modules/react-dom/cjs/react-dom.development.js:24713:7)
      at commitLayoutEffects (../../node_modules/.pnpm/react-dom@18.3.1_react@18.3.1/node_modules/react-dom/cjs/react-dom.development.js:24651:3)
      at commitRootImpl (../../node_modules/.pnpm/react-dom@18.3.1_react@18.3.1/node_modules/react-dom/cjs/react-dom.development.js:26862:5)
      at commitRoot (../../node_modules/.pnpm/react-dom@18.3.1_react@18.3.1/node_modules/react-dom/cjs/react-dom.development.js:26721:5)
      at finishConcurrentRender (../../node_modules/.pnpm/react-dom@18.3.1_react@18.3.1/node_modules/react-dom/cjs/react-dom.development.js:25931:9)
      at performConcurrentWorkOnRoot (../../node_modules/.pnpm/react-dom@18.3.1_react@18.3.1/node_modules/react-dom/cjs/react-dom.development.js:25848:7)
      at flushActQueue (../../node_modules/.pnpm/react@18.3.1/node_modules/react/cjs/react.development.js:2667:24)
      at act (../../node_modules/.pnpm/react@18.3.1/node_modules/react/cjs/react.development.js:2582:11)
      at ../../node_modules/.pnpm/@testing-library+react@16.3.2_@testing-library+dom@10.4.1_@types+react-dom@18.3.7_@types+reac_3k5f6qynewwmkoqvlvtzlgtsjq/node_modules/@testing-library/react/dist/act-compat.js:46:25
      at renderRoot (../../node_modules/.pnpm/@testing-library+react@16.3.2_@testing-library+dom@10.4.1_@types+react-dom@18.3.7_@types+reac_3k5f6qynewwmkoqvlvtzlgtsjq/node_modules/@testing-library/react/dist/pure.js:189:26)
      at render (../../node_modules/.pnpm/@testing-library+react@16.3.2_@testing-library+dom@10.4.1_@types+react-dom@18.3.7_@types+reac_3k5f6qynewwmkoqvlvtzlgtsjq/node_modules/@testing-library/react/dist/pure.js:291:10)
      at Object.<anonymous> (components/__tests__/roles-table.test.tsx:66:11)

    console.error
      The above error occurred in the <Tooltip> component:

          at Tooltip (/app/node_modules/.pnpm/@radix-ui+react-tooltip@1.2.8_@types+react-dom@18.3.7_@types+react@18.3.29__@types+react@18.3_xrwsnt2rmlacewwolijhmzdoxi/node_modules/@radix-ui/react-tooltip/src/tooltip.tsx:154:5)
          at div
          at cell (/app/apps/admin/components/roles-table.tsx:82:16)
          at td
          at /app/packages/ui/src/components/ui/table.tsx:87:6
          at tr
          at /app/packages/ui/src/components/ui/table.tsx:57:6
          at tbody
          at /app/packages/ui/src/components/ui/table.tsx:30:6
          at table
          at div
          at /app/packages/ui/src/components/ui/table.tsx:8:6
          at DataTable (/app/packages/ui/src/components/data-table.tsx:23:36)
          at div
          at RolesTable (/app/apps/admin/components/roles-table.tsx:27:30)
          at IntlProvider (/app/node_modules/.pnpm/use-intl@3.26.5_react@18.3.1/node_modules/use-intl/dist/development/_IntlProvider.js:16:5)
          at NextIntlClientProvider (/app/node_modules/.pnpm/next-intl@3.26.5_next@15.5.18_@babel+core@7.29.7_@opentelemetry+api@1.9.1_@playwright+test@1._uib3rlo2eksg3yll53rffkx7ea/node_modules/next-intl/dist/development/shared/NextIntlClientProvider.js:16:5)

      Consider adding an error boundary to your tree to customize error handling behavior.
      Visit https://reactjs.org/link/error-boundaries to learn more about error boundaries.

      64 |
      65 |   it('shows View/Edit/Delete menu items per row', () => {
    > 66 |     render(withIntl(<RolesTable initial={initial} apps={apps} />))
         |           ^
      67 |     expect(screen.getAllByRole('menuitem', { name: en.roles.actions.view })).toHaveLength(2)
      68 |     expect(screen.getAllByRole('menuitem', { name: en.roles.actions.edit })).toHaveLength(2)
      69 |     expect(screen.getAllByRole('menuitem', { name: en.roles.actions.delete })).toHaveLength(2)

      at logCapturedError (../../node_modules/.pnpm/react-dom@18.3.1_react@18.3.1/node_modules/react-dom/cjs/react-dom.development.js:18704:23)
      at update.callback (../../node_modules/.pnpm/react-dom@18.3.1_react@18.3.1/node_modules/react-dom/cjs/react-dom.development.js:18737:5)
      at callCallback (../../node_modules/.pnpm/react-dom@18.3.1_react@18.3.1/node_modules/react-dom/cjs/react-dom.development.js:15036:12)
      at commitUpdateQueue (../../node_modules/.pnpm/react-dom@18.3.1_react@18.3.1/node_modules/react-dom/cjs/react-dom.development.js:15057:9)
      at commitLayoutEffectOnFiber (../../node_modules/.pnpm/react-dom@18.3.1_react@18.3.1/node_modules/react-dom/cjs/react-dom.development.js:23430:13)
      at commitLayoutMountEffects_complete (../../node_modules/.pnpm/react-dom@18.3.1_react@18.3.1/node_modules/react-dom/cjs/react-dom.development.js:24727:9)
      at commitLayoutEffects_begin (../../node_modules/.pnpm/react-dom@18.3.1_react@18.3.1/node_modules/react-dom/cjs/react-dom.development.js:24713:7)
      at commitLayoutEffects (../../node_modules/.pnpm/react-dom@18.3.1_react@18.3.1/node_modules/react-dom/cjs/react-dom.development.js:24651:3)
      at commitRootImpl (../../node_modules/.pnpm/react-dom@18.3.1_react@18.3.1/node_modules/react-dom/cjs/react-dom.development.js:26862:5)
      at commitRoot (../../node_modules/.pnpm/react-dom@18.3.1_react@18.3.1/node_modules/react-dom/cjs/react-dom.development.js:26721:5)
      at finishConcurrentRender (../../node_modules/.pnpm/react-dom@18.3.1_react@18.3.1/node_modules/react-dom/cjs/react-dom.development.js:25931:9)
      at performConcurrentWorkOnRoot (../../node_modules/.pnpm/react-dom@18.3.1_react@18.3.1/node_modules/react-dom/cjs/react-dom.development.js:25848:7)
      at flushActQueue (../../node_modules/.pnpm/react@18.3.1/node_modules/react/cjs/react.development.js:2667:24)
      at act (../../node_modules/.pnpm/react@18.3.1/node_modules/react/cjs/react.development.js:2582:11)
      at ../../node_modules/.pnpm/@testing-library+react@16.3.2_@testing-library+dom@10.4.1_@types+react-dom@18.3.7_@types+reac_3k5f6qynewwmkoqvlvtzlgtsjq/node_modules/@testing-library/react/dist/act-compat.js:46:25
      at renderRoot (../../node_modules/.pnpm/@testing-library+react@16.3.2_@testing-library+dom@10.4.1_@types+react-dom@18.3.7_@types+reac_3k5f6qynewwmkoqvlvtzlgtsjq/node_modules/@testing-library/react/dist/pure.js:189:26)
      at render (../../node_modules/.pnpm/@testing-library+react@16.3.2_@testing-library+dom@10.4.1_@types+react-dom@18.3.7_@types+reac_3k5f6qynewwmkoqvlvtzlgtsjq/node_modules/@testing-library/react/dist/pure.js:291:10)
      at Object.<anonymous> (components/__tests__/roles-table.test.tsx:66:11)

    console.error
      The above error occurred in the <Tooltip> component:

          at Tooltip (/app/node_modules/.pnpm/@radix-ui+react-tooltip@1.2.8_@types+react-dom@18.3.7_@types+react@18.3.29__@types+react@18.3_xrwsnt2rmlacewwolijhmzdoxi/node_modules/@radix-ui/react-tooltip/src/tooltip.tsx:154:5)
          at Passthrough (/app/apps/admin/components/__tests__/roles-table.test.tsx:20:26)
          at cell (/app/apps/admin/components/roles-table.tsx:123:16)
          at td
          at /app/packages/ui/src/components/ui/table.tsx:87:6
          at tr
          at /app/packages/ui/src/components/ui/table.tsx:57:6
          at tbody
          at /app/packages/ui/src/components/ui/table.tsx:30:6
          at table
          at div
          at /app/packages/ui/src/components/ui/table.tsx:8:6
          at DataTable (/app/packages/ui/src/components/data-table.tsx:23:36)
          at div
          at RolesTable (/app/apps/admin/components/roles-table.tsx:27:30)
          at IntlProvider (/app/node_modules/.pnpm/use-intl@3.26.5_react@18.3.1/node_modules/use-intl/dist/development/_IntlProvider.js:16:5)
          at NextIntlClientProvider (/app/node_modules/.pnpm/next-intl@3.26.5_next@15.5.18_@babel+core@7.29.7_@opentelemetry+api@1.9.1_@playwright+test@1._uib3rlo2eksg3yll53rffkx7ea/node_modules/next-intl/dist/development/shared/NextIntlClientProvider.js:16:5)

      Consider adding an error boundary to your tree to customize error handling behavior.
      Visit https://reactjs.org/link/error-boundaries to learn more about error boundaries.

      64 |
      65 |   it('shows View/Edit/Delete menu items per row', () => {
    > 66 |     render(withIntl(<RolesTable initial={initial} apps={apps} />))
         |           ^
      67 |     expect(screen.getAllByRole('menuitem', { name: en.roles.actions.view })).toHaveLength(2)
      68 |     expect(screen.getAllByRole('menuitem', { name: en.roles.actions.edit })).toHaveLength(2)
      69 |     expect(screen.getAllByRole('menuitem', { name: en.roles.actions.delete })).toHaveLength(2)

      at logCapturedError (../../node_modules/.pnpm/react-dom@18.3.1_react@18.3.1/node_modules/react-dom/cjs/react-dom.development.js:18704:23)
      at update.callback (../../node_modules/.pnpm/react-dom@18.3.1_react@18.3.1/node_modules/react-dom/cjs/react-dom.development.js:18737:5)
      at callCallback (../../node_modules/.pnpm/react-dom@18.3.1_react@18.3.1/node_modules/react-dom/cjs/react-dom.development.js:15036:12)
      at commitUpdateQueue (../../node_modules/.pnpm/react-dom@18.3.1_react@18.3.1/node_modules/react-dom/cjs/react-dom.development.js:15057:9)
      at commitLayoutEffectOnFiber (../../node_modules/.pnpm/react-dom@18.3.1_react@18.3.1/node_modules/react-dom/cjs/react-dom.development.js:23430:13)
      at commitLayoutMountEffects_complete (../../node_modules/.pnpm/react-dom@18.3.1_react@18.3.1/node_modules/react-dom/cjs/react-dom.development.js:24727:9)
      at commitLayoutEffects_begin (../../node_modules/.pnpm/react-dom@18.3.1_react@18.3.1/node_modules/react-dom/cjs/react-dom.development.js:24713:7)
      at commitLayoutEffects (../../node_modules/.pnpm/react-dom@18.3.1_react@18.3.1/node_modules/react-dom/cjs/react-dom.development.js:24651:3)
      at commitRootImpl (../../node_modules/.pnpm/react-dom@18.3.1_react@18.3.1/node_modules/react-dom/cjs/react-dom.development.js:26862:5)
      at commitRoot (../../node_modules/.pnpm/react-dom@18.3.1_react@18.3.1/node_modules/react-dom/cjs/react-dom.development.js:26721:5)
      at finishConcurrentRender (../../node_modules/.pnpm/react-dom@18.3.1_react@18.3.1/node_modules/react-dom/cjs/react-dom.development.js:25931:9)
      at performConcurrentWorkOnRoot (../../node_modules/.pnpm/react-dom@18.3.1_react@18.3.1/node_modules/react-dom/cjs/react-dom.development.js:25848:7)
      at flushActQueue (../../node_modules/.pnpm/react@18.3.1/node_modules/react/cjs/react.development.js:2667:24)
      at act (../../node_modules/.pnpm/react@18.3.1/node_modules/react/cjs/react.development.js:2582:11)
      at ../../node_modules/.pnpm/@testing-library+react@16.3.2_@testing-library+dom@10.4.1_@types+react-dom@18.3.7_@types+reac_3k5f6qynewwmkoqvlvtzlgtsjq/node_modules/@testing-library/react/dist/act-compat.js:46:25
      at renderRoot (../../node_modules/.pnpm/@testing-library+react@16.3.2_@testing-library+dom@10.4.1_@types+react-dom@18.3.7_@types+reac_3k5f6qynewwmkoqvlvtzlgtsjq/node_modules/@testing-library/react/dist/pure.js:189:26)
      at render (../../node_modules/.pnpm/@testing-library+react@16.3.2_@testing-library+dom@10.4.1_@types+react-dom@18.3.7_@types+reac_3k5f6qynewwmkoqvlvtzlgtsjq/node_modules/@testing-library/react/dist/pure.js:291:10)
      at Object.<anonymous> (components/__tests__/roles-table.test.tsx:66:11)

    console.error
      Error: Uncaught [Error: `Tooltip` must be used within `TooltipProvider`]
          at reportException (/app/node_modules/.pnpm/jsdom@20.0.3/node_modules/jsdom/lib/jsdom/living/helpers/runtime-script-errors.js:66:24)
          at innerInvokeEventListeners (/app/node_modules/.pnpm/jsdom@20.0.3/node_modules/jsdom/lib/jsdom/living/events/EventTarget-impl.js:353:9)
          at invokeEventListeners (/app/node_modules/.pnpm/jsdom@20.0.3/node_modules/jsdom/lib/jsdom/living/events/EventTarget-impl.js:286:3)
          at HTMLUnknownElementImpl._dispatch (/app/node_modules/.pnpm/jsdom@20.0.3/node_modules/jsdom/lib/jsdom/living/events/EventTarget-impl.js:233:9)
          at HTMLUnknownElementImpl.dispatchEvent (/app/node_modules/.pnpm/jsdom@20.0.3/node_modules/jsdom/lib/jsdom/living/events/EventTarget-impl.js:104:17)
          at HTMLUnknownElement.dispatchEvent (/app/node_modules/.pnpm/jsdom@20.0.3/node_modules/jsdom/lib/jsdom/living/generated/EventTarget.js:241:34)
          at Object.invokeGuardedCallbackDev (/app/node_modules/.pnpm/react-dom@18.3.1_react@18.3.1/node_modules/react-dom/cjs/react-dom.development.js:4213:16)
          at invokeGuardedCallback (/app/node_modules/.pnpm/react-dom@18.3.1_react@18.3.1/node_modules/react-dom/cjs/react-dom.development.js:4277:31)
          at beginWork$1 (/app/node_modules/.pnpm/react-dom@18.3.1_react@18.3.1/node_modules/react-dom/cjs/react-dom.development.js:27490:7)
          at performUnitOfWork (/app/node_modules/.pnpm/react-dom@18.3.1_react@18.3.1/node_modules/react-dom/cjs/react-dom.development.js:26599:12)
          at workLoopSync (/app/node_modules/.pnpm/react-dom@18.3.1_react@18.3.1/node_modules/react-dom/cjs/react-dom.development.js:26505:5)
          at renderRootSync (/app/node_modules/.pnpm/react-dom@18.3.1_react@18.3.1/node_modules/react-dom/cjs/react-dom.development.js:26473:7)
          at performConcurrentWorkOnRoot (/app/node_modules/.pnpm/react-dom@18.3.1_react@18.3.1/node_modules/react-dom/cjs/react-dom.development.js:25777:74)
          at flushActQueue (/app/node_modules/.pnpm/react@18.3.1/node_modules/react/cjs/react.development.js:2667:24)
          at act (/app/node_modules/.pnpm/react@18.3.1/node_modules/react/cjs/react.development.js:2582:11)
          at /app/node_modules/.pnpm/@testing-library+react@16.3.2_@testing-library+dom@10.4.1_@types+react-dom@18.3.7_@types+reac_3k5f6qynewwmkoqvlvtzlgtsjq/node_modules/@testing-library/react/dist/act-compat.js:46:25
          at renderRoot (/app/node_modules/.pnpm/@testing-library+react@16.3.2_@testing-library+dom@10.4.1_@types+react-dom@18.3.7_@types+reac_3k5f6qynewwmkoqvlvtzlgtsjq/node_modules/@testing-library/react/dist/pure.js:189:26)
          at render (/app/node_modules/.pnpm/@testing-library+react@16.3.2_@testing-library+dom@10.4.1_@types+react-dom@18.3.7_@types+reac_3k5f6qynewwmkoqvlvtzlgtsjq/node_modules/@testing-library/react/dist/pure.js:291:10)
          at Object.<anonymous> (/app/apps/admin/components/__tests__/roles-table.test.tsx:73:11)
          at Promise.then.completed (/app/node_modules/.pnpm/jest-circus@29.7.0/node_modules/jest-circus/build/utils.js:298:28)
          at new Promise (<anonymous>)
          at callAsyncCircusFn (/app/node_modules/.pnpm/jest-circus@29.7.0/node_modules/jest-circus/build/utils.js:231:10)
          at _callCircusTest (/app/node_modules/.pnpm/jest-circus@29.7.0/node_modules/jest-circus/build/run.js:316:40)
          at processTicksAndRejections (node:internal/process/task_queues:103:5)
          at _runTest (/app/node_modules/.pnpm/jest-circus@29.7.0/node_modules/jest-circus/build/run.js:252:3)
          at _runTestsForDescribeBlock (/app/node_modules/.pnpm/jest-circus@29.7.0/node_modules/jest-circus/build/run.js:126:9)
          at _runTestsForDescribeBlock (/app/node_modules/.pnpm/jest-circus@29.7.0/node_modules/jest-circus/build/run.js:121:9)
          at run (/app/node_modules/.pnpm/jest-circus@29.7.0/node_modules/jest-circus/build/run.js:71:3)
          at runAndTransformResultsToJestFormat (/app/node_modules/.pnpm/jest-circus@29.7.0/node_modules/jest-circus/build/legacy-code-todo-rewrite/jestAdapterInit.js:122:21)
          at jestAdapter (/app/node_modules/.pnpm/jest-circus@29.7.0/node_modules/jest-circus/build/legacy-code-todo-rewrite/jestAdapter.js:79:19)
          at runTestInternal (/app/node_modules/.pnpm/jest-runner@29.7.0/node_modules/jest-runner/build/runTest.js:367:16)
          at runTest (/app/node_modules/.pnpm/jest-runner@29.7.0/node_modules/jest-runner/build/runTest.js:444:34)
          at Object.worker (/app/node_modules/.pnpm/jest-runner@29.7.0/node_modules/jest-runner/build/testWorker.js:106:12) {
        detail: Error: `Tooltip` must be used within `TooltipProvider`
            at useContext2 (/app/node_modules/.pnpm/@radix-ui+react-context@1.1.2_@types+react@18.3.29_react@18.3.1/node_modules/@radix-ui/react-context/src/create-context.tsx:75:13)
            at Tooltip (/app/node_modules/.pnpm/@radix-ui+react-tooltip@1.2.8_@types+react-dom@18.3.7_@types+react@18.3.29__@types+react@18.3_xrwsnt2rmlacewwolijhmzdoxi/node_modules/@radix-ui/react-tooltip/src/tooltip.tsx:162:27)
            at renderWithHooks (/app/node_modules/.pnpm/react-dom@18.3.1_react@18.3.1/node_modules/react-dom/cjs/react-dom.development.js:15486:18)
            at mountIndeterminateComponent (/app/node_modules/.pnpm/react-dom@18.3.1_react@18.3.1/node_modules/react-dom/cjs/react-dom.development.js:20103:13)
            at beginWork (/app/node_modules/.pnpm/react-dom@18.3.1_react@18.3.1/node_modules/react-dom/cjs/react-dom.development.js:21626:16)
            at HTMLUnknownElement.callCallback (/app/node_modules/.pnpm/react-dom@18.3.1_react@18.3.1/node_modules/react-dom/cjs/react-dom.development.js:4164:14)
            at HTMLUnknownElement.callTheUserObjectsOperation (/app/node_modules/.pnpm/jsdom@20.0.3/node_modules/jsdom/lib/jsdom/living/generated/EventListener.js:26:30)
            at innerInvokeEventListeners (/app/node_modules/.pnpm/jsdom@20.0.3/node_modules/jsdom/lib/jsdom/living/events/EventTarget-impl.js:350:25)
            at invokeEventListeners (/app/node_modules/.pnpm/jsdom@20.0.3/node_modules/jsdom/lib/jsdom/living/events/EventTarget-impl.js:286:3)
            at HTMLUnknownElementImpl._dispatch (/app/node_modules/.pnpm/jsdom@20.0.3/node_modules/jsdom/lib/jsdom/living/events/EventTarget-impl.js:233:9)
            at HTMLUnknownElementImpl.dispatchEvent (/app/node_modules/.pnpm/jsdom@20.0.3/node_modules/jsdom/lib/jsdom/living/events/EventTarget-impl.js:104:17)
            at HTMLUnknownElement.dispatchEvent (/app/node_modules/.pnpm/jsdom@20.0.3/node_modules/jsdom/lib/jsdom/living/generated/EventTarget.js:241:34)
            at Object.invokeGuardedCallbackDev (/app/node_modules/.pnpm/react-dom@18.3.1_react@18.3.1/node_modules/react-dom/cjs/react-dom.development.js:4213:16)
            at invokeGuardedCallback (/app/node_modules/.pnpm/react-dom@18.3.1_react@18.3.1/node_modules/react-dom/cjs/react-dom.development.js:4277:31)
            at beginWork$1 (/app/node_modules/.pnpm/react-dom@18.3.1_react@18.3.1/node_modules/react-dom/cjs/react-dom.development.js:27490:7)
            at performUnitOfWork (/app/node_modules/.pnpm/react-dom@18.3.1_react@18.3.1/node_modules/react-dom/cjs/react-dom.development.js:26599:12)
            at workLoopSync (/app/node_modules/.pnpm/react-dom@18.3.1_react@18.3.1/node_modules/react-dom/cjs/react-dom.development.js:26505:5)
            at renderRootSync (/app/node_modules/.pnpm/react-dom@18.3.1_react@18.3.1/node_modules/react-dom/cjs/react-dom.development.js:26473:7)
            at performConcurrentWorkOnRoot (/app/node_modules/.pnpm/react-dom@18.3.1_react@18.3.1/node_modules/react-dom/cjs/react-dom.development.js:25777:74)
            at flushActQueue (/app/node_modules/.pnpm/react@18.3.1/node_modules/react/cjs/react.development.js:2667:24)
            at act (/app/node_modules/.pnpm/react@18.3.1/node_modules/react/cjs/react.development.js:2582:11)
            at /app/node_modules/.pnpm/@testing-library+react@16.3.2_@testing-library+dom@10.4.1_@types+react-dom@18.3.7_@types+reac_3k5f6qynewwmkoqvlvtzlgtsjq/node_modules/@testing-library/react/dist/act-compat.js:46:25
            at renderRoot (/app/node_modules/.pnpm/@testing-library+react@16.3.2_@testing-library+dom@10.4.1_@types+react-dom@18.3.7_@types+reac_3k5f6qynewwmkoqvlvtzlgtsjq/node_modules/@testing-library/react/dist/pure.js:189:26)
            at render (/app/node_modules/.pnpm/@testing-library+react@16.3.2_@testing-library+dom@10.4.1_@types+react-dom@18.3.7_@types+reac_3k5f6qynewwmkoqvlvtzlgtsjq/node_modules/@testing-library/react/dist/pure.js:291:10)
            at Object.<anonymous> (/app/apps/admin/components/__tests__/roles-table.test.tsx:73:11)
            at Promise.then.completed (/app/node_modules/.pnpm/jest-circus@29.7.0/node_modules/jest-circus/build/utils.js:298:28)
            at new Promise (<anonymous>)
            at callAsyncCircusFn (/app/node_modules/.pnpm/jest-circus@29.7.0/node_modules/jest-circus/build/utils.js:231:10)
            at _callCircusTest (/app/node_modules/.pnpm/jest-circus@29.7.0/node_modules/jest-circus/build/run.js:316:40)
            at processTicksAndRejections (node:internal/process/task_queues:103:5)
            at _runTest (/app/node_modules/.pnpm/jest-circus@29.7.0/node_modules/jest-circus/build/run.js:252:3)
            at _runTestsForDescribeBlock (/app/node_modules/.pnpm/jest-circus@29.7.0/node_modules/jest-circus/build/run.js:126:9)
            at _runTestsForDescribeBlock (/app/node_modules/.pnpm/jest-circus@29.7.0/node_modules/jest-circus/build/run.js:121:9)
            at run (/app/node_modules/.pnpm/jest-circus@29.7.0/node_modules/jest-circus/build/run.js:71:3)
            at runAndTransformResultsToJestFormat (/app/node_modules/.pnpm/jest-circus@29.7.0/node_modules/jest-circus/build/legacy-code-todo-rewrite/jestAdapterInit.js:122:21)
            at jestAdapter (/app/node_modules/.pnpm/jest-circus@29.7.0/node_modules/jest-circus/build/legacy-code-todo-rewrite/jestAdapter.js:79:19)
            at runTestInternal (/app/node_modules/.pnpm/jest-runner@29.7.0/node_modules/jest-runner/build/runTest.js:367:16)
            at runTest (/app/node_modules/.pnpm/jest-runner@29.7.0/node_modules/jest-runner/build/runTest.js:444:34)
            at Object.worker (/app/node_modules/.pnpm/jest-runner@29.7.0/node_modules/jest-runner/build/testWorker.js:106:12),
        type: 'unhandled exception'
      }

      71 |
      72 |   it('clicking Delete on the unassigned role opens AlertDialog with the role name', async () => {
    > 73 |     render(withIntl(<RolesTable initial={initial} apps={apps} />))
         |           ^
      74 |     // Editor is the row with userCount 0 (deletable).
      75 |     const deleteItems = screen.getAllByRole('menuitem', { name: en.roles.actions.delete })
      76 |     fireEvent.click(deleteItems[0])

      at VirtualConsole.<anonymous> (../../node_modules/.pnpm/jest-environment-jsdom@29.7.0/node_modules/jest-environment-jsdom/build/index.js:63:23)
      at reportException (../../node_modules/.pnpm/jsdom@20.0.3/node_modules/jsdom/lib/jsdom/living/helpers/runtime-script-errors.js:70:28)
      at innerInvokeEventListeners (../../node_modules/.pnpm/jsdom@20.0.3/node_modules/jsdom/lib/jsdom/living/events/EventTarget-impl.js:353:9)
      at invokeEventListeners (../../node_modules/.pnpm/jsdom@20.0.3/node_modules/jsdom/lib/jsdom/living/events/EventTarget-impl.js:286:3)
      at HTMLUnknownElementImpl._dispatch (../../node_modules/.pnpm/jsdom@20.0.3/node_modules/jsdom/lib/jsdom/living/events/EventTarget-impl.js:233:9)
      at HTMLUnknownElementImpl.dispatchEvent (../../node_modules/.pnpm/jsdom@20.0.3/node_modules/jsdom/lib/jsdom/living/events/EventTarget-impl.js:104:17)
      at HTMLUnknownElement.dispatchEvent (../../node_modules/.pnpm/jsdom@20.0.3/node_modules/jsdom/lib/jsdom/living/generated/EventTarget.js:241:34)
      at Object.invokeGuardedCallbackDev (../../node_modules/.pnpm/react-dom@18.3.1_react@18.3.1/node_modules/react-dom/cjs/react-dom.development.js:4213:16)
      at invokeGuardedCallback (../../node_modules/.pnpm/react-dom@18.3.1_react@18.3.1/node_modules/react-dom/cjs/react-dom.development.js:4277:31)
      at beginWork$1 (../../node_modules/.pnpm/react-dom@18.3.1_react@18.3.1/node_modules/react-dom/cjs/react-dom.development.js:27490:7)
      at performUnitOfWork (../../node_modules/.pnpm/react-dom@18.3.1_react@18.3.1/node_modules/react-dom/cjs/react-dom.development.js:26599:12)
      at workLoopSync (../../node_modules/.pnpm/react-dom@18.3.1_react@18.3.1/node_modules/react-dom/cjs/react-dom.development.js:26505:5)
      at renderRootSync (../../node_modules/.pnpm/react-dom@18.3.1_react@18.3.1/node_modules/react-dom/cjs/react-dom.development.js:26473:7)
      at performConcurrentWorkOnRoot (../../node_modules/.pnpm/react-dom@18.3.1_react@18.3.1/node_modules/react-dom/cjs/react-dom.development.js:25777:74)
      at flushActQueue (../../node_modules/.pnpm/react@18.3.1/node_modules/react/cjs/react.development.js:2667:24)
      at act (../../node_modules/.pnpm/react@18.3.1/node_modules/react/cjs/react.development.js:2582:11)
      at ../../node_modules/.pnpm/@testing-library+react@16.3.2_@testing-library+dom@10.4.1_@types+react-dom@18.3.7_@types+reac_3k5f6qynewwmkoqvlvtzlgtsjq/node_modules/@testing-library/react/dist/act-compat.js:46:25
      at renderRoot (../../node_modules/.pnpm/@testing-library+react@16.3.2_@testing-library+dom@10.4.1_@types+react-dom@18.3.7_@types+reac_3k5f6qynewwmkoqvlvtzlgtsjq/node_modules/@testing-library/react/dist/pure.js:189:26)
      at render (../../node_modules/.pnpm/@testing-library+react@16.3.2_@testing-library+dom@10.4.1_@types+react-dom@18.3.7_@types+reac_3k5f6qynewwmkoqvlvtzlgtsjq/node_modules/@testing-library/react/dist/pure.js:291:10)
      at Object.<anonymous> (components/__tests__/roles-table.test.tsx:73:11)

    console.error
      Error: Uncaught [Error: `Tooltip` must be used within `TooltipProvider`]
          at reportException (/app/node_modules/.pnpm/jsdom@20.0.3/node_modules/jsdom/lib/jsdom/living/helpers/runtime-script-errors.js:66:24)
          at innerInvokeEventListeners (/app/node_modules/.pnpm/jsdom@20.0.3/node_modules/jsdom/lib/jsdom/living/events/EventTarget-impl.js:353:9)
          at invokeEventListeners (/app/node_modules/.pnpm/jsdom@20.0.3/node_modules/jsdom/lib/jsdom/living/events/EventTarget-impl.js:286:3)
          at HTMLUnknownElementImpl._dispatch (/app/node_modules/.pnpm/jsdom@20.0.3/node_modules/jsdom/lib/jsdom/living/events/EventTarget-impl.js:233:9)
          at HTMLUnknownElementImpl.dispatchEvent (/app/node_modules/.pnpm/jsdom@20.0.3/node_modules/jsdom/lib/jsdom/living/events/EventTarget-impl.js:104:17)
          at HTMLUnknownElement.dispatchEvent (/app/node_modules/.pnpm/jsdom@20.0.3/node_modules/jsdom/lib/jsdom/living/generated/EventTarget.js:241:34)
          at Object.invokeGuardedCallbackDev (/app/node_modules/.pnpm/react-dom@18.3.1_react@18.3.1/node_modules/react-dom/cjs/react-dom.development.js:4213:16)
          at invokeGuardedCallback (/app/node_modules/.pnpm/react-dom@18.3.1_react@18.3.1/node_modules/react-dom/cjs/react-dom.development.js:4277:31)
          at beginWork$1 (/app/node_modules/.pnpm/react-dom@18.3.1_react@18.3.1/node_modules/react-dom/cjs/react-dom.development.js:27490:7)
          at performUnitOfWork (/app/node_modules/.pnpm/react-dom@18.3.1_react@18.3.1/node_modules/react-dom/cjs/react-dom.development.js:26599:12)
          at workLoopSync (/app/node_modules/.pnpm/react-dom@18.3.1_react@18.3.1/node_modules/react-dom/cjs/react-dom.development.js:26505:5)
          at renderRootSync (/app/node_modules/.pnpm/react-dom@18.3.1_react@18.3.1/node_modules/react-dom/cjs/react-dom.development.js:26473:7)
          at performConcurrentWorkOnRoot (/app/node_modules/.pnpm/react-dom@18.3.1_react@18.3.1/node_modules/react-dom/cjs/react-dom.development.js:25777:74)
          at flushActQueue (/app/node_modules/.pnpm/react@18.3.1/node_modules/react/cjs/react.development.js:2667:24)
          at act (/app/node_modules/.pnpm/react@18.3.1/node_modules/react/cjs/react.development.js:2582:11)
          at /app/node_modules/.pnpm/@testing-library+react@16.3.2_@testing-library+dom@10.4.1_@types+react-dom@18.3.7_@types+reac_3k5f6qynewwmkoqvlvtzlgtsjq/node_modules/@testing-library/react/dist/act-compat.js:46:25
          at renderRoot (/app/node_modules/.pnpm/@testing-library+react@16.3.2_@testing-library+dom@10.4.1_@types+react-dom@18.3.7_@types+reac_3k5f6qynewwmkoqvlvtzlgtsjq/node_modules/@testing-library/react/dist/pure.js:189:26)
          at render (/app/node_modules/.pnpm/@testing-library+react@16.3.2_@testing-library+dom@10.4.1_@types+react-dom@18.3.7_@types+reac_3k5f6qynewwmkoqvlvtzlgtsjq/node_modules/@testing-library/react/dist/pure.js:291:10)
          at Object.<anonymous> (/app/apps/admin/components/__tests__/roles-table.test.tsx:73:11)
          at Promise.then.completed (/app/node_modules/.pnpm/jest-circus@29.7.0/node_modules/jest-circus/build/utils.js:298:28)
          at new Promise (<anonymous>)
          at callAsyncCircusFn (/app/node_modules/.pnpm/jest-circus@29.7.0/node_modules/jest-circus/build/utils.js:231:10)
          at _callCircusTest (/app/node_modules/.pnpm/jest-circus@29.7.0/node_modules/jest-circus/build/run.js:316:40)
          at processTicksAndRejections (node:internal/process/task_queues:103:5)
          at _runTest (/app/node_modules/.pnpm/jest-circus@29.7.0/node_modules/jest-circus/build/run.js:252:3)
          at _runTestsForDescribeBlock (/app/node_modules/.pnpm/jest-circus@29.7.0/node_modules/jest-circus/build/run.js:126:9)
          at _runTestsForDescribeBlock (/app/node_modules/.pnpm/jest-circus@29.7.0/node_modules/jest-circus/build/run.js:121:9)
          at run (/app/node_modules/.pnpm/jest-circus@29.7.0/node_modules/jest-circus/build/run.js:71:3)
          at runAndTransformResultsToJestFormat (/app/node_modules/.pnpm/jest-circus@29.7.0/node_modules/jest-circus/build/legacy-code-todo-rewrite/jestAdapterInit.js:122:21)
          at jestAdapter (/app/node_modules/.pnpm/jest-circus@29.7.0/node_modules/jest-circus/build/legacy-code-todo-rewrite/jestAdapter.js:79:19)
          at runTestInternal (/app/node_modules/.pnpm/jest-runner@29.7.0/node_modules/jest-runner/build/runTest.js:367:16)
          at runTest (/app/node_modules/.pnpm/jest-runner@29.7.0/node_modules/jest-runner/build/runTest.js:444:34)
          at Object.worker (/app/node_modules/.pnpm/jest-runner@29.7.0/node_modules/jest-runner/build/testWorker.js:106:12) {
        detail: Error: `Tooltip` must be used within `TooltipProvider`
            at useContext2 (/app/node_modules/.pnpm/@radix-ui+react-context@1.1.2_@types+react@18.3.29_react@18.3.1/node_modules/@radix-ui/react-context/src/create-context.tsx:75:13)
            at Tooltip (/app/node_modules/.pnpm/@radix-ui+react-tooltip@1.2.8_@types+react-dom@18.3.7_@types+react@18.3.29__@types+react@18.3_xrwsnt2rmlacewwolijhmzdoxi/node_modules/@radix-ui/react-tooltip/src/tooltip.tsx:162:27)
            at renderWithHooks (/app/node_modules/.pnpm/react-dom@18.3.1_react@18.3.1/node_modules/react-dom/cjs/react-dom.development.js:15486:18)
            at mountIndeterminateComponent (/app/node_modules/.pnpm/react-dom@18.3.1_react@18.3.1/node_modules/react-dom/cjs/react-dom.development.js:20103:13)
            at beginWork (/app/node_modules/.pnpm/react-dom@18.3.1_react@18.3.1/node_modules/react-dom/cjs/react-dom.development.js:21626:16)
            at HTMLUnknownElement.callCallback (/app/node_modules/.pnpm/react-dom@18.3.1_react@18.3.1/node_modules/react-dom/cjs/react-dom.development.js:4164:14)
            at HTMLUnknownElement.callTheUserObjectsOperation (/app/node_modules/.pnpm/jsdom@20.0.3/node_modules/jsdom/lib/jsdom/living/generated/EventListener.js:26:30)
            at innerInvokeEventListeners (/app/node_modules/.pnpm/jsdom@20.0.3/node_modules/jsdom/lib/jsdom/living/events/EventTarget-impl.js:350:25)
            at invokeEventListeners (/app/node_modules/.pnpm/jsdom@20.0.3/node_modules/jsdom/lib/jsdom/living/events/EventTarget-impl.js:286:3)
            at HTMLUnknownElementImpl._dispatch (/app/node_modules/.pnpm/jsdom@20.0.3/node_modules/jsdom/lib/jsdom/living/events/EventTarget-impl.js:233:9)
            at HTMLUnknownElementImpl.dispatchEvent (/app/node_modules/.pnpm/jsdom@20.0.3/node_modules/jsdom/lib/jsdom/living/events/EventTarget-impl.js:104:17)
            at HTMLUnknownElement.dispatchEvent (/app/node_modules/.pnpm/jsdom@20.0.3/node_modules/jsdom/lib/jsdom/living/generated/EventTarget.js:241:34)
            at Object.invokeGuardedCallbackDev (/app/node_modules/.pnpm/react-dom@18.3.1_react@18.3.1/node_modules/react-dom/cjs/react-dom.development.js:4213:16)
            at invokeGuardedCallback (/app/node_modules/.pnpm/react-dom@18.3.1_react@18.3.1/node_modules/react-dom/cjs/react-dom.development.js:4277:31)
            at beginWork$1 (/app/node_modules/.pnpm/react-dom@18.3.1_react@18.3.1/node_modules/react-dom/cjs/react-dom.development.js:27490:7)
            at performUnitOfWork (/app/node_modules/.pnpm/react-dom@18.3.1_react@18.3.1/node_modules/react-dom/cjs/react-dom.development.js:26599:12)
            at workLoopSync (/app/node_modules/.pnpm/react-dom@18.3.1_react@18.3.1/node_modules/react-dom/cjs/react-dom.development.js:26505:5)
            at renderRootSync (/app/node_modules/.pnpm/react-dom@18.3.1_react@18.3.1/node_modules/react-dom/cjs/react-dom.development.js:26473:7)
            at performConcurrentWorkOnRoot (/app/node_modules/.pnpm/react-dom@18.3.1_react@18.3.1/node_modules/react-dom/cjs/react-dom.development.js:25777:74)
            at flushActQueue (/app/node_modules/.pnpm/react@18.3.1/node_modules/react/cjs/react.development.js:2667:24)
            at act (/app/node_modules/.pnpm/react@18.3.1/node_modules/react/cjs/react.development.js:2582:11)
            at /app/node_modules/.pnpm/@testing-library+react@16.3.2_@testing-library+dom@10.4.1_@types+react-dom@18.3.7_@types+reac_3k5f6qynewwmkoqvlvtzlgtsjq/node_modules/@testing-library/react/dist/act-compat.js:46:25
            at renderRoot (/app/node_modules/.pnpm/@testing-library+react@16.3.2_@testing-library+dom@10.4.1_@types+react-dom@18.3.7_@types+reac_3k5f6qynewwmkoqvlvtzlgtsjq/node_modules/@testing-library/react/dist/pure.js:189:26)
            at render (/app/node_modules/.pnpm/@testing-library+react@16.3.2_@testing-library+dom@10.4.1_@types+react-dom@18.3.7_@types+reac_3k5f6qynewwmkoqvlvtzlgtsjq/node_modules/@testing-library/react/dist/pure.js:291:10)
            at Object.<anonymous> (/app/apps/admin/components/__tests__/roles-table.test.tsx:73:11)
            at Promise.then.completed (/app/node_modules/.pnpm/jest-circus@29.7.0/node_modules/jest-circus/build/utils.js:298:28)
            at new Promise (<anonymous>)
            at callAsyncCircusFn (/app/node_modules/.pnpm/jest-circus@29.7.0/node_modules/jest-circus/build/utils.js:231:10)
            at _callCircusTest (/app/node_modules/.pnpm/jest-circus@29.7.0/node_modules/jest-circus/build/run.js:316:40)
            at processTicksAndRejections (node:internal/process/task_queues:103:5)
            at _runTest (/app/node_modules/.pnpm/jest-circus@29.7.0/node_modules/jest-circus/build/run.js:252:3)
            at _runTestsForDescribeBlock (/app/node_modules/.pnpm/jest-circus@29.7.0/node_modules/jest-circus/build/run.js:126:9)
            at _runTestsForDescribeBlock (/app/node_modules/.pnpm/jest-circus@29.7.0/node_modules/jest-circus/build/run.js:121:9)
            at run (/app/node_modules/.pnpm/jest-circus@29.7.0/node_modules/jest-circus/build/run.js:71:3)
            at runAndTransformResultsToJestFormat (/app/node_modules/.pnpm/jest-circus@29.7.0/node_modules/jest-circus/build/legacy-code-todo-rewrite/jestAdapterInit.js:122:21)
            at jestAdapter (/app/node_modules/.pnpm/jest-circus@29.7.0/node_modules/jest-circus/build/legacy-code-todo-rewrite/jestAdapter.js:79:19)
            at runTestInternal (/app/node_modules/.pnpm/jest-runner@29.7.0/node_modules/jest-runner/build/runTest.js:367:16)
            at runTest (/app/node_modules/.pnpm/jest-runner@29.7.0/node_modules/jest-runner/build/runTest.js:444:34)
            at Object.worker (/app/node_modules/.pnpm/jest-runner@29.7.0/node_modules/jest-runner/build/testWorker.js:106:12),
        type: 'unhandled exception'
      }

      71 |
      72 |   it('clicking Delete on the unassigned role opens AlertDialog with the role name', async () => {
    > 73 |     render(withIntl(<RolesTable initial={initial} apps={apps} />))
         |           ^
      74 |     // Editor is the row with userCount 0 (deletable).
      75 |     const deleteItems = screen.getAllByRole('menuitem', { name: en.roles.actions.delete })
      76 |     fireEvent.click(deleteItems[0])

      at VirtualConsole.<anonymous> (../../node_modules/.pnpm/jest-environment-jsdom@29.7.0/node_modules/jest-environment-jsdom/build/index.js:63:23)
      at reportException (../../node_modules/.pnpm/jsdom@20.0.3/node_modules/jsdom/lib/jsdom/living/helpers/runtime-script-errors.js:70:28)
      at innerInvokeEventListeners (../../node_modules/.pnpm/jsdom@20.0.3/node_modules/jsdom/lib/jsdom/living/events/EventTarget-impl.js:353:9)
      at invokeEventListeners (../../node_modules/.pnpm/jsdom@20.0.3/node_modules/jsdom/lib/jsdom/living/events/EventTarget-impl.js:286:3)
      at HTMLUnknownElementImpl._dispatch (../../node_modules/.pnpm/jsdom@20.0.3/node_modules/jsdom/lib/jsdom/living/events/EventTarget-impl.js:233:9)
      at HTMLUnknownElementImpl.dispatchEvent (../../node_modules/.pnpm/jsdom@20.0.3/node_modules/jsdom/lib/jsdom/living/events/EventTarget-impl.js:104:17)
      at HTMLUnknownElement.dispatchEvent (../../node_modules/.pnpm/jsdom@20.0.3/node_modules/jsdom/lib/jsdom/living/generated/EventTarget.js:241:34)
      at Object.invokeGuardedCallbackDev (../../node_modules/.pnpm/react-dom@18.3.1_react@18.3.1/node_modules/react-dom/cjs/react-dom.development.js:4213:16)
      at invokeGuardedCallback (../../node_modules/.pnpm/react-dom@18.3.1_react@18.3.1/node_modules/react-dom/cjs/react-dom.development.js:4277:31)
      at beginWork$1 (../../node_modules/.pnpm/react-dom@18.3.1_react@18.3.1/node_modules/react-dom/cjs/react-dom.development.js:27490:7)
      at performUnitOfWork (../../node_modules/.pnpm/react-dom@18.3.1_react@18.3.1/node_modules/react-dom/cjs/react-dom.development.js:26599:12)
      at workLoopSync (../../node_modules/.pnpm/react-dom@18.3.1_react@18.3.1/node_modules/react-dom/cjs/react-dom.development.js:26505:5)
      at renderRootSync (../../node_modules/.pnpm/react-dom@18.3.1_react@18.3.1/node_modules/react-dom/cjs/react-dom.development.js:26473:7)
      at performConcurrentWorkOnRoot (../../node_modules/.pnpm/react-dom@18.3.1_react@18.3.1/node_modules/react-dom/cjs/react-dom.development.js:25777:74)
      at flushActQueue (../../node_modules/.pnpm/react@18.3.1/node_modules/react/cjs/react.development.js:2667:24)
      at act (../../node_modules/.pnpm/react@18.3.1/node_modules/react/cjs/react.development.js:2582:11)
      at ../../node_modules/.pnpm/@testing-library+react@16.3.2_@testing-library+dom@10.4.1_@types+react-dom@18.3.7_@types+reac_3k5f6qynewwmkoqvlvtzlgtsjq/node_modules/@testing-library/react/dist/act-compat.js:46:25
      at renderRoot (../../node_modules/.pnpm/@testing-library+react@16.3.2_@testing-library+dom@10.4.1_@types+react-dom@18.3.7_@types+reac_3k5f6qynewwmkoqvlvtzlgtsjq/node_modules/@testing-library/react/dist/pure.js:189:26)
      at render (../../node_modules/.pnpm/@testing-library+react@16.3.2_@testing-library+dom@10.4.1_@types+react-dom@18.3.7_@types+reac_3k5f6qynewwmkoqvlvtzlgtsjq/node_modules/@testing-library/react/dist/pure.js:291:10)
      at Object.<anonymous> (components/__tests__/roles-table.test.tsx:73:11)

    console.error
      Error: Uncaught [Error: `Tooltip` must be used within `TooltipProvider`]
          at reportException (/app/node_modules/.pnpm/jsdom@20.0.3/node_modules/jsdom/lib/jsdom/living/helpers/runtime-script-errors.js:66:24)
          at innerInvokeEventListeners (/app/node_modules/.pnpm/jsdom@20.0.3/node_modules/jsdom/lib/jsdom/living/events/EventTarget-impl.js:353:9)
          at invokeEventListeners (/app/node_modules/.pnpm/jsdom@20.0.3/node_modules/jsdom/lib/jsdom/living/events/EventTarget-impl.js:286:3)
          at HTMLUnknownElementImpl._dispatch (/app/node_modules/.pnpm/jsdom@20.0.3/node_modules/jsdom/lib/jsdom/living/events/EventTarget-impl.js:233:9)
          at HTMLUnknownElementImpl.dispatchEvent (/app/node_modules/.pnpm/jsdom@20.0.3/node_modules/jsdom/lib/jsdom/living/events/EventTarget-impl.js:104:17)
          at HTMLUnknownElement.dispatchEvent (/app/node_modules/.pnpm/jsdom@20.0.3/node_modules/jsdom/lib/jsdom/living/generated/EventTarget.js:241:34)
          at Object.invokeGuardedCallbackDev (/app/node_modules/.pnpm/react-dom@18.3.1_react@18.3.1/node_modules/react-dom/cjs/react-dom.development.js:4213:16)
          at invokeGuardedCallback (/app/node_modules/.pnpm/react-dom@18.3.1_react@18.3.1/node_modules/react-dom/cjs/react-dom.development.js:4277:31)
          at beginWork$1 (/app/node_modules/.pnpm/react-dom@18.3.1_react@18.3.1/node_modules/react-dom/cjs/react-dom.development.js:27490:7)
          at performUnitOfWork (/app/node_modules/.pnpm/react-dom@18.3.1_react@18.3.1/node_modules/react-dom/cjs/react-dom.development.js:26599:12)
          at workLoopSync (/app/node_modules/.pnpm/react-dom@18.3.1_react@18.3.1/node_modules/react-dom/cjs/react-dom.development.js:26505:5)
          at renderRootSync (/app/node_modules/.pnpm/react-dom@18.3.1_react@18.3.1/node_modules/react-dom/cjs/react-dom.development.js:26473:7)
          at performConcurrentWorkOnRoot (/app/node_modules/.pnpm/react-dom@18.3.1_react@18.3.1/node_modules/react-dom/cjs/react-dom.development.js:25777:74)
          at flushActQueue (/app/node_modules/.pnpm/react@18.3.1/node_modules/react/cjs/react.development.js:2667:24)
          at act (/app/node_modules/.pnpm/react@18.3.1/node_modules/react/cjs/react.development.js:2582:11)
          at /app/node_modules/.pnpm/@testing-library+react@16.3.2_@testing-library+dom@10.4.1_@types+react-dom@18.3.7_@types+reac_3k5f6qynewwmkoqvlvtzlgtsjq/node_modules/@testing-library/react/dist/act-compat.js:46:25
          at renderRoot (/app/node_modules/.pnpm/@testing-library+react@16.3.2_@testing-library+dom@10.4.1_@types+react-dom@18.3.7_@types+reac_3k5f6qynewwmkoqvlvtzlgtsjq/node_modules/@testing-library/react/dist/pure.js:189:26)
          at render (/app/node_modules/.pnpm/@testing-library+react@16.3.2_@testing-library+dom@10.4.1_@types+react-dom@18.3.7_@types+reac_3k5f6qynewwmkoqvlvtzlgtsjq/node_modules/@testing-library/react/dist/pure.js:291:10)
          at Object.<anonymous> (/app/apps/admin/components/__tests__/roles-table.test.tsx:73:11)
          at Promise.then.completed (/app/node_modules/.pnpm/jest-circus@29.7.0/node_modules/jest-circus/build/utils.js:298:28)
          at new Promise (<anonymous>)
          at callAsyncCircusFn (/app/node_modules/.pnpm/jest-circus@29.7.0/node_modules/jest-circus/build/utils.js:231:10)
          at _callCircusTest (/app/node_modules/.pnpm/jest-circus@29.7.0/node_modules/jest-circus/build/run.js:316:40)
          at processTicksAndRejections (node:internal/process/task_queues:103:5)
          at _runTest (/app/node_modules/.pnpm/jest-circus@29.7.0/node_modules/jest-circus/build/run.js:252:3)
          at _runTestsForDescribeBlock (/app/node_modules/.pnpm/jest-circus@29.7.0/node_modules/jest-circus/build/run.js:126:9)
          at _runTestsForDescribeBlock (/app/node_modules/.pnpm/jest-circus@29.7.0/node_modules/jest-circus/build/run.js:121:9)
          at run (/app/node_modules/.pnpm/jest-circus@29.7.0/node_modules/jest-circus/build/run.js:71:3)
          at runAndTransformResultsToJestFormat (/app/node_modules/.pnpm/jest-circus@29.7.0/node_modules/jest-circus/build/legacy-code-todo-rewrite/jestAdapterInit.js:122:21)
          at jestAdapter (/app/node_modules/.pnpm/jest-circus@29.7.0/node_modules/jest-circus/build/legacy-code-todo-rewrite/jestAdapter.js:79:19)
          at runTestInternal (/app/node_modules/.pnpm/jest-runner@29.7.0/node_modules/jest-runner/build/runTest.js:367:16)
          at runTest (/app/node_modules/.pnpm/jest-runner@29.7.0/node_modules/jest-runner/build/runTest.js:444:34)
          at Object.worker (/app/node_modules/.pnpm/jest-runner@29.7.0/node_modules/jest-runner/build/testWorker.js:106:12) {
        detail: Error: `Tooltip` must be used within `TooltipProvider`
            at useContext2 (/app/node_modules/.pnpm/@radix-ui+react-context@1.1.2_@types+react@18.3.29_react@18.3.1/node_modules/@radix-ui/react-context/src/create-context.tsx:75:13)
            at Tooltip (/app/node_modules/.pnpm/@radix-ui+react-tooltip@1.2.8_@types+react-dom@18.3.7_@types+react@18.3.29__@types+react@18.3_xrwsnt2rmlacewwolijhmzdoxi/node_modules/@radix-ui/react-tooltip/src/tooltip.tsx:162:27)
            at renderWithHooks (/app/node_modules/.pnpm/react-dom@18.3.1_react@18.3.1/node_modules/react-dom/cjs/react-dom.development.js:15486:18)
            at mountIndeterminateComponent (/app/node_modules/.pnpm/react-dom@18.3.1_react@18.3.1/node_modules/react-dom/cjs/react-dom.development.js:20103:13)
            at beginWork (/app/node_modules/.pnpm/react-dom@18.3.1_react@18.3.1/node_modules/react-dom/cjs/react-dom.development.js:21626:16)
            at HTMLUnknownElement.callCallback (/app/node_modules/.pnpm/react-dom@18.3.1_react@18.3.1/node_modules/react-dom/cjs/react-dom.development.js:4164:14)
            at HTMLUnknownElement.callTheUserObjectsOperation (/app/node_modules/.pnpm/jsdom@20.0.3/node_modules/jsdom/lib/jsdom/living/generated/EventListener.js:26:30)
            at innerInvokeEventListeners (/app/node_modules/.pnpm/jsdom@20.0.3/node_modules/jsdom/lib/jsdom/living/events/EventTarget-impl.js:350:25)
            at invokeEventListeners (/app/node_modules/.pnpm/jsdom@20.0.3/node_modules/jsdom/lib/jsdom/living/events/EventTarget-impl.js:286:3)
            at HTMLUnknownElementImpl._dispatch (/app/node_modules/.pnpm/jsdom@20.0.3/node_modules/jsdom/lib/jsdom/living/events/EventTarget-impl.js:233:9)
            at HTMLUnknownElementImpl.dispatchEvent (/app/node_modules/.pnpm/jsdom@20.0.3/node_modules/jsdom/lib/jsdom/living/events/EventTarget-impl.js:104:17)
            at HTMLUnknownElement.dispatchEvent (/app/node_modules/.pnpm/jsdom@20.0.3/node_modules/jsdom/lib/jsdom/living/generated/EventTarget.js:241:34)
            at Object.invokeGuardedCallbackDev (/app/node_modules/.pnpm/react-dom@18.3.1_react@18.3.1/node_modules/react-dom/cjs/react-dom.development.js:4213:16)
            at invokeGuardedCallback (/app/node_modules/.pnpm/react-dom@18.3.1_react@18.3.1/node_modules/react-dom/cjs/react-dom.development.js:4277:31)
            at beginWork$1 (/app/node_modules/.pnpm/react-dom@18.3.1_react@18.3.1/node_modules/react-dom/cjs/react-dom.development.js:27490:7)
            at performUnitOfWork (/app/node_modules/.pnpm/react-dom@18.3.1_react@18.3.1/node_modules/react-dom/cjs/react-dom.development.js:26599:12)
            at workLoopSync (/app/node_modules/.pnpm/react-dom@18.3.1_react@18.3.1/node_modules/react-dom/cjs/react-dom.development.js:26505:5)
            at renderRootSync (/app/node_modules/.pnpm/react-dom@18.3.1_react@18.3.1/node_modules/react-dom/cjs/react-dom.development.js:26473:7)
            at performConcurrentWorkOnRoot (/app/node_modules/.pnpm/react-dom@18.3.1_react@18.3.1/node_modules/react-dom/cjs/react-dom.development.js:25777:74)
            at flushActQueue (/app/node_modules/.pnpm/react@18.3.1/node_modules/react/cjs/react.development.js:2667:24)
            at act (/app/node_modules/.pnpm/react@18.3.1/node_modules/react/cjs/react.development.js:2582:11)
            at /app/node_modules/.pnpm/@testing-library+react@16.3.2_@testing-library+dom@10.4.1_@types+react-dom@18.3.7_@types+reac_3k5f6qynewwmkoqvlvtzlgtsjq/node_modules/@testing-library/react/dist/act-compat.js:46:25
            at renderRoot (/app/node_modules/.pnpm/@testing-library+react@16.3.2_@testing-library+dom@10.4.1_@types+react-dom@18.3.7_@types+reac_3k5f6qynewwmkoqvlvtzlgtsjq/node_modules/@testing-library/react/dist/pure.js:189:26)
            at render (/app/node_modules/.pnpm/@testing-library+react@16.3.2_@testing-library+dom@10.4.1_@types+react-dom@18.3.7_@types+reac_3k5f6qynewwmkoqvlvtzlgtsjq/node_modules/@testing-library/react/dist/pure.js:291:10)
            at Object.<anonymous> (/app/apps/admin/components/__tests__/roles-table.test.tsx:73:11)
            at Promise.then.completed (/app/node_modules/.pnpm/jest-circus@29.7.0/node_modules/jest-circus/build/utils.js:298:28)
            at new Promise (<anonymous>)
            at callAsyncCircusFn (/app/node_modules/.pnpm/jest-circus@29.7.0/node_modules/jest-circus/build/utils.js:231:10)
            at _callCircusTest (/app/node_modules/.pnpm/jest-circus@29.7.0/node_modules/jest-circus/build/run.js:316:40)
            at processTicksAndRejections (node:internal/process/task_queues:103:5)
            at _runTest (/app/node_modules/.pnpm/jest-circus@29.7.0/node_modules/jest-circus/build/run.js:252:3)
            at _runTestsForDescribeBlock (/app/node_modules/.pnpm/jest-circus@29.7.0/node_modules/jest-circus/build/run.js:126:9)
            at _runTestsForDescribeBlock (/app/node_modules/.pnpm/jest-circus@29.7.0/node_modules/jest-circus/build/run.js:121:9)
            at run (/app/node_modules/.pnpm/jest-circus@29.7.0/node_modules/jest-circus/build/run.js:71:3)
            at runAndTransformResultsToJestFormat (/app/node_modules/.pnpm/jest-circus@29.7.0/node_modules/jest-circus/build/legacy-code-todo-rewrite/jestAdapterInit.js:122:21)
            at jestAdapter (/app/node_modules/.pnpm/jest-circus@29.7.0/node_modules/jest-circus/build/legacy-code-todo-rewrite/jestAdapter.js:79:19)
            at runTestInternal (/app/node_modules/.pnpm/jest-runner@29.7.0/node_modules/jest-runner/build/runTest.js:367:16)
            at runTest (/app/node_modules/.pnpm/jest-runner@29.7.0/node_modules/jest-runner/build/runTest.js:444:34)
            at Object.worker (/app/node_modules/.pnpm/jest-runner@29.7.0/node_modules/jest-runner/build/testWorker.js:106:12),
        type: 'unhandled exception'
      }

      71 |
      72 |   it('clicking Delete on the unassigned role opens AlertDialog with the role name', async () => {
    > 73 |     render(withIntl(<RolesTable initial={initial} apps={apps} />))
         |           ^
      74 |     // Editor is the row with userCount 0 (deletable).
      75 |     const deleteItems = screen.getAllByRole('menuitem', { name: en.roles.actions.delete })
      76 |     fireEvent.click(deleteItems[0])

      at VirtualConsole.<anonymous> (../../node_modules/.pnpm/jest-environment-jsdom@29.7.0/node_modules/jest-environment-jsdom/build/index.js:63:23)
      at reportException (../../node_modules/.pnpm/jsdom@20.0.3/node_modules/jsdom/lib/jsdom/living/helpers/runtime-script-errors.js:70:28)
      at innerInvokeEventListeners (../../node_modules/.pnpm/jsdom@20.0.3/node_modules/jsdom/lib/jsdom/living/events/EventTarget-impl.js:353:9)
      at invokeEventListeners (../../node_modules/.pnpm/jsdom@20.0.3/node_modules/jsdom/lib/jsdom/living/events/EventTarget-impl.js:286:3)
      at HTMLUnknownElementImpl._dispatch (../../node_modules/.pnpm/jsdom@20.0.3/node_modules/jsdom/lib/jsdom/living/events/EventTarget-impl.js:233:9)
      at HTMLUnknownElementImpl.dispatchEvent (../../node_modules/.pnpm/jsdom@20.0.3/node_modules/jsdom/lib/jsdom/living/events/EventTarget-impl.js:104:17)
      at HTMLUnknownElement.dispatchEvent (../../node_modules/.pnpm/jsdom@20.0.3/node_modules/jsdom/lib/jsdom/living/generated/EventTarget.js:241:34)
      at Object.invokeGuardedCallbackDev (../../node_modules/.pnpm/react-dom@18.3.1_react@18.3.1/node_modules/react-dom/cjs/react-dom.development.js:4213:16)
      at invokeGuardedCallback (../../node_modules/.pnpm/react-dom@18.3.1_react@18.3.1/node_modules/react-dom/cjs/react-dom.development.js:4277:31)
      at beginWork$1 (../../node_modules/.pnpm/react-dom@18.3.1_react@18.3.1/node_modules/react-dom/cjs/react-dom.development.js:27490:7)
      at performUnitOfWork (../../node_modules/.pnpm/react-dom@18.3.1_react@18.3.1/node_modules/react-dom/cjs/react-dom.development.js:26599:12)
      at workLoopSync (../../node_modules/.pnpm/react-dom@18.3.1_react@18.3.1/node_modules/react-dom/cjs/react-dom.development.js:26505:5)
      at renderRootSync (../../node_modules/.pnpm/react-dom@18.3.1_react@18.3.1/node_modules/react-dom/cjs/react-dom.development.js:26473:7)
      at performConcurrentWorkOnRoot (../../node_modules/.pnpm/react-dom@18.3.1_react@18.3.1/node_modules/react-dom/cjs/react-dom.development.js:25777:74)
      at flushActQueue (../../node_modules/.pnpm/react@18.3.1/node_modules/react/cjs/react.development.js:2667:24)
      at act (../../node_modules/.pnpm/react@18.3.1/node_modules/react/cjs/react.development.js:2582:11)
      at ../../node_modules/.pnpm/@testing-library+react@16.3.2_@testing-library+dom@10.4.1_@types+react-dom@18.3.7_@types+reac_3k5f6qynewwmkoqvlvtzlgtsjq/node_modules/@testing-library/react/dist/act-compat.js:46:25
      at renderRoot (../../node_modules/.pnpm/@testing-library+react@16.3.2_@testing-library+dom@10.4.1_@types+react-dom@18.3.7_@types+reac_3k5f6qynewwmkoqvlvtzlgtsjq/node_modules/@testing-library/react/dist/pure.js:189:26)
      at render (../../node_modules/.pnpm/@testing-library+react@16.3.2_@testing-library+dom@10.4.1_@types+react-dom@18.3.7_@types+reac_3k5f6qynewwmkoqvlvtzlgtsjq/node_modules/@testing-library/react/dist/pure.js:291:10)
      at Object.<anonymous> (components/__tests__/roles-table.test.tsx:73:11)

    console.error
      Error: Uncaught [Error: `Tooltip` must be used within `TooltipProvider`]
          at reportException (/app/node_modules/.pnpm/jsdom@20.0.3/node_modules/jsdom/lib/jsdom/living/helpers/runtime-script-errors.js:66:24)
          at innerInvokeEventListeners (/app/node_modules/.pnpm/jsdom@20.0.3/node_modules/jsdom/lib/jsdom/living/events/EventTarget-impl.js:353:9)
          at invokeEventListeners (/app/node_modules/.pnpm/jsdom@20.0.3/node_modules/jsdom/lib/jsdom/living/events/EventTarget-impl.js:286:3)
          at HTMLUnknownElementImpl._dispatch (/app/node_modules/.pnpm/jsdom@20.0.3/node_modules/jsdom/lib/jsdom/living/events/EventTarget-impl.js:233:9)
          at HTMLUnknownElementImpl.dispatchEvent (/app/node_modules/.pnpm/jsdom@20.0.3/node_modules/jsdom/lib/jsdom/living/events/EventTarget-impl.js:104:17)
          at HTMLUnknownElement.dispatchEvent (/app/node_modules/.pnpm/jsdom@20.0.3/node_modules/jsdom/lib/jsdom/living/generated/EventTarget.js:241:34)
          at Object.invokeGuardedCallbackDev (/app/node_modules/.pnpm/react-dom@18.3.1_react@18.3.1/node_modules/react-dom/cjs/react-dom.development.js:4213:16)
          at invokeGuardedCallback (/app/node_modules/.pnpm/react-dom@18.3.1_react@18.3.1/node_modules/react-dom/cjs/react-dom.development.js:4277:31)
          at beginWork$1 (/app/node_modules/.pnpm/react-dom@18.3.1_react@18.3.1/node_modules/react-dom/cjs/react-dom.development.js:27490:7)
          at performUnitOfWork (/app/node_modules/.pnpm/react-dom@18.3.1_react@18.3.1/node_modules/react-dom/cjs/react-dom.development.js:26599:12)
          at workLoopSync (/app/node_modules/.pnpm/react-dom@18.3.1_react@18.3.1/node_modules/react-dom/cjs/react-dom.development.js:26505:5)
          at renderRootSync (/app/node_modules/.pnpm/react-dom@18.3.1_react@18.3.1/node_modules/react-dom/cjs/react-dom.development.js:26473:7)
          at performConcurrentWorkOnRoot (/app/node_modules/.pnpm/react-dom@18.3.1_react@18.3.1/node_modules/react-dom/cjs/react-dom.development.js:25777:74)
          at flushActQueue (/app/node_modules/.pnpm/react@18.3.1/node_modules/react/cjs/react.development.js:2667:24)
          at act (/app/node_modules/.pnpm/react@18.3.1/node_modules/react/cjs/react.development.js:2582:11)
          at /app/node_modules/.pnpm/@testing-library+react@16.3.2_@testing-library+dom@10.4.1_@types+react-dom@18.3.7_@types+reac_3k5f6qynewwmkoqvlvtzlgtsjq/node_modules/@testing-library/react/dist/act-compat.js:46:25
          at renderRoot (/app/node_modules/.pnpm/@testing-library+react@16.3.2_@testing-library+dom@10.4.1_@types+react-dom@18.3.7_@types+reac_3k5f6qynewwmkoqvlvtzlgtsjq/node_modules/@testing-library/react/dist/pure.js:189:26)
          at render (/app/node_modules/.pnpm/@testing-library+react@16.3.2_@testing-library+dom@10.4.1_@types+react-dom@18.3.7_@types+reac_3k5f6qynewwmkoqvlvtzlgtsjq/node_modules/@testing-library/react/dist/pure.js:291:10)
          at Object.<anonymous> (/app/apps/admin/components/__tests__/roles-table.test.tsx:73:11)
          at Promise.then.completed (/app/node_modules/.pnpm/jest-circus@29.7.0/node_modules/jest-circus/build/utils.js:298:28)
          at new Promise (<anonymous>)
          at callAsyncCircusFn (/app/node_modules/.pnpm/jest-circus@29.7.0/node_modules/jest-circus/build/utils.js:231:10)
          at _callCircusTest (/app/node_modules/.pnpm/jest-circus@29.7.0/node_modules/jest-circus/build/run.js:316:40)
          at processTicksAndRejections (node:internal/process/task_queues:103:5)
          at _runTest (/app/node_modules/.pnpm/jest-circus@29.7.0/node_modules/jest-circus/build/run.js:252:3)
          at _runTestsForDescribeBlock (/app/node_modules/.pnpm/jest-circus@29.7.0/node_modules/jest-circus/build/run.js:126:9)
          at _runTestsForDescribeBlock (/app/node_modules/.pnpm/jest-circus@29.7.0/node_modules/jest-circus/build/run.js:121:9)
          at run (/app/node_modules/.pnpm/jest-circus@29.7.0/node_modules/jest-circus/build/run.js:71:3)
          at runAndTransformResultsToJestFormat (/app/node_modules/.pnpm/jest-circus@29.7.0/node_modules/jest-circus/build/legacy-code-todo-rewrite/jestAdapterInit.js:122:21)
          at jestAdapter (/app/node_modules/.pnpm/jest-circus@29.7.0/node_modules/jest-circus/build/legacy-code-todo-rewrite/jestAdapter.js:79:19)
          at runTestInternal (/app/node_modules/.pnpm/jest-runner@29.7.0/node_modules/jest-runner/build/runTest.js:367:16)
          at runTest (/app/node_modules/.pnpm/jest-runner@29.7.0/node_modules/jest-runner/build/runTest.js:444:34)
          at Object.worker (/app/node_modules/.pnpm/jest-runner@29.7.0/node_modules/jest-runner/build/testWorker.js:106:12) {
        detail: Error: `Tooltip` must be used within `TooltipProvider`
            at useContext2 (/app/node_modules/.pnpm/@radix-ui+react-context@1.1.2_@types+react@18.3.29_react@18.3.1/node_modules/@radix-ui/react-context/src/create-context.tsx:75:13)
            at Tooltip (/app/node_modules/.pnpm/@radix-ui+react-tooltip@1.2.8_@types+react-dom@18.3.7_@types+react@18.3.29__@types+react@18.3_xrwsnt2rmlacewwolijhmzdoxi/node_modules/@radix-ui/react-tooltip/src/tooltip.tsx:162:27)
            at renderWithHooks (/app/node_modules/.pnpm/react-dom@18.3.1_react@18.3.1/node_modules/react-dom/cjs/react-dom.development.js:15486:18)
            at mountIndeterminateComponent (/app/node_modules/.pnpm/react-dom@18.3.1_react@18.3.1/node_modules/react-dom/cjs/react-dom.development.js:20103:13)
            at beginWork (/app/node_modules/.pnpm/react-dom@18.3.1_react@18.3.1/node_modules/react-dom/cjs/react-dom.development.js:21626:16)
            at HTMLUnknownElement.callCallback (/app/node_modules/.pnpm/react-dom@18.3.1_react@18.3.1/node_modules/react-dom/cjs/react-dom.development.js:4164:14)
            at HTMLUnknownElement.callTheUserObjectsOperation (/app/node_modules/.pnpm/jsdom@20.0.3/node_modules/jsdom/lib/jsdom/living/generated/EventListener.js:26:30)
            at innerInvokeEventListeners (/app/node_modules/.pnpm/jsdom@20.0.3/node_modules/jsdom/lib/jsdom/living/events/EventTarget-impl.js:350:25)
            at invokeEventListeners (/app/node_modules/.pnpm/jsdom@20.0.3/node_modules/jsdom/lib/jsdom/living/events/EventTarget-impl.js:286:3)
            at HTMLUnknownElementImpl._dispatch (/app/node_modules/.pnpm/jsdom@20.0.3/node_modules/jsdom/lib/jsdom/living/events/EventTarget-impl.js:233:9)
            at HTMLUnknownElementImpl.dispatchEvent (/app/node_modules/.pnpm/jsdom@20.0.3/node_modules/jsdom/lib/jsdom/living/events/EventTarget-impl.js:104:17)
            at HTMLUnknownElement.dispatchEvent (/app/node_modules/.pnpm/jsdom@20.0.3/node_modules/jsdom/lib/jsdom/living/generated/EventTarget.js:241:34)
            at Object.invokeGuardedCallbackDev (/app/node_modules/.pnpm/react-dom@18.3.1_react@18.3.1/node_modules/react-dom/cjs/react-dom.development.js:4213:16)
            at invokeGuardedCallback (/app/node_modules/.pnpm/react-dom@18.3.1_react@18.3.1/node_modules/react-dom/cjs/react-dom.development.js:4277:31)
            at beginWork$1 (/app/node_modules/.pnpm/react-dom@18.3.1_react@18.3.1/node_modules/react-dom/cjs/react-dom.development.js:27490:7)
            at performUnitOfWork (/app/node_modules/.pnpm/react-dom@18.3.1_react@18.3.1/node_modules/react-dom/cjs/react-dom.development.js:26599:12)
            at workLoopSync (/app/node_modules/.pnpm/react-dom@18.3.1_react@18.3.1/node_modules/react-dom/cjs/react-dom.development.js:26505:5)
            at renderRootSync (/app/node_modules/.pnpm/react-dom@18.3.1_react@18.3.1/node_modules/react-dom/cjs/react-dom.development.js:26473:7)
            at performConcurrentWorkOnRoot (/app/node_modules/.pnpm/react-dom@18.3.1_react@18.3.1/node_modules/react-dom/cjs/react-dom.development.js:25777:74)
            at flushActQueue (/app/node_modules/.pnpm/react@18.3.1/node_modules/react/cjs/react.development.js:2667:24)
            at act (/app/node_modules/.pnpm/react@18.3.1/node_modules/react/cjs/react.development.js:2582:11)
            at /app/node_modules/.pnpm/@testing-library+react@16.3.2_@testing-library+dom@10.4.1_@types+react-dom@18.3.7_@types+reac_3k5f6qynewwmkoqvlvtzlgtsjq/node_modules/@testing-library/react/dist/act-compat.js:46:25
            at renderRoot (/app/node_modules/.pnpm/@testing-library+react@16.3.2_@testing-library+dom@10.4.1_@types+react-dom@18.3.7_@types+reac_3k5f6qynewwmkoqvlvtzlgtsjq/node_modules/@testing-library/react/dist/pure.js:189:26)
            at render (/app/node_modules/.pnpm/@testing-library+react@16.3.2_@testing-library+dom@10.4.1_@types+react-dom@18.3.7_@types+reac_3k5f6qynewwmkoqvlvtzlgtsjq/node_modules/@testing-library/react/dist/pure.js:291:10)
            at Object.<anonymous> (/app/apps/admin/components/__tests__/roles-table.test.tsx:73:11)
            at Promise.then.completed (/app/node_modules/.pnpm/jest-circus@29.7.0/node_modules/jest-circus/build/utils.js:298:28)
            at new Promise (<anonymous>)
            at callAsyncCircusFn (/app/node_modules/.pnpm/jest-circus@29.7.0/node_modules/jest-circus/build/utils.js:231:10)
            at _callCircusTest (/app/node_modules/.pnpm/jest-circus@29.7.0/node_modules/jest-circus/build/run.js:316:40)
            at processTicksAndRejections (node:internal/process/task_queues:103:5)
            at _runTest (/app/node_modules/.pnpm/jest-circus@29.7.0/node_modules/jest-circus/build/run.js:252:3)
            at _runTestsForDescribeBlock (/app/node_modules/.pnpm/jest-circus@29.7.0/node_modules/jest-circus/build/run.js:126:9)
            at _runTestsForDescribeBlock (/app/node_modules/.pnpm/jest-circus@29.7.0/node_modules/jest-circus/build/run.js:121:9)
            at run (/app/node_modules/.pnpm/jest-circus@29.7.0/node_modules/jest-circus/build/run.js:71:3)
            at runAndTransformResultsToJestFormat (/app/node_modules/.pnpm/jest-circus@29.7.0/node_modules/jest-circus/build/legacy-code-todo-rewrite/jestAdapterInit.js:122:21)
            at jestAdapter (/app/node_modules/.pnpm/jest-circus@29.7.0/node_modules/jest-circus/build/legacy-code-todo-rewrite/jestAdapter.js:79:19)
            at runTestInternal (/app/node_modules/.pnpm/jest-runner@29.7.0/node_modules/jest-runner/build/runTest.js:367:16)
            at runTest (/app/node_modules/.pnpm/jest-runner@29.7.0/node_modules/jest-runner/build/runTest.js:444:34)
            at Object.worker (/app/node_modules/.pnpm/jest-runner@29.7.0/node_modules/jest-runner/build/testWorker.js:106:12),
        type: 'unhandled exception'
      }

      71 |
      72 |   it('clicking Delete on the unassigned role opens AlertDialog with the role name', async () => {
    > 73 |     render(withIntl(<RolesTable initial={initial} apps={apps} />))
         |           ^
      74 |     // Editor is the row with userCount 0 (deletable).
      75 |     const deleteItems = screen.getAllByRole('menuitem', { name: en.roles.actions.delete })
      76 |     fireEvent.click(deleteItems[0])

      at VirtualConsole.<anonymous> (../../node_modules/.pnpm/jest-environment-jsdom@29.7.0/node_modules/jest-environment-jsdom/build/index.js:63:23)
      at reportException (../../node_modules/.pnpm/jsdom@20.0.3/node_modules/jsdom/lib/jsdom/living/helpers/runtime-script-errors.js:70:28)
      at innerInvokeEventListeners (../../node_modules/.pnpm/jsdom@20.0.3/node_modules/jsdom/lib/jsdom/living/events/EventTarget-impl.js:353:9)
      at invokeEventListeners (../../node_modules/.pnpm/jsdom@20.0.3/node_modules/jsdom/lib/jsdom/living/events/EventTarget-impl.js:286:3)
      at HTMLUnknownElementImpl._dispatch (../../node_modules/.pnpm/jsdom@20.0.3/node_modules/jsdom/lib/jsdom/living/events/EventTarget-impl.js:233:9)
      at HTMLUnknownElementImpl.dispatchEvent (../../node_modules/.pnpm/jsdom@20.0.3/node_modules/jsdom/lib/jsdom/living/events/EventTarget-impl.js:104:17)
      at HTMLUnknownElement.dispatchEvent (../../node_modules/.pnpm/jsdom@20.0.3/node_modules/jsdom/lib/jsdom/living/generated/EventTarget.js:241:34)
      at Object.invokeGuardedCallbackDev (../../node_modules/.pnpm/react-dom@18.3.1_react@18.3.1/node_modules/react-dom/cjs/react-dom.development.js:4213:16)
      at invokeGuardedCallback (../../node_modules/.pnpm/react-dom@18.3.1_react@18.3.1/node_modules/react-dom/cjs/react-dom.development.js:4277:31)
      at beginWork$1 (../../node_modules/.pnpm/react-dom@18.3.1_react@18.3.1/node_modules/react-dom/cjs/react-dom.development.js:27490:7)
      at performUnitOfWork (../../node_modules/.pnpm/react-dom@18.3.1_react@18.3.1/node_modules/react-dom/cjs/react-dom.development.js:26599:12)
      at workLoopSync (../../node_modules/.pnpm/react-dom@18.3.1_react@18.3.1/node_modules/react-dom/cjs/react-dom.development.js:26505:5)
      at renderRootSync (../../node_modules/.pnpm/react-dom@18.3.1_react@18.3.1/node_modules/react-dom/cjs/react-dom.development.js:26473:7)
      at performConcurrentWorkOnRoot (../../node_modules/.pnpm/react-dom@18.3.1_react@18.3.1/node_modules/react-dom/cjs/react-dom.development.js:25777:74)
      at flushActQueue (../../node_modules/.pnpm/react@18.3.1/node_modules/react/cjs/react.development.js:2667:24)
      at act (../../node_modules/.pnpm/react@18.3.1/node_modules/react/cjs/react.development.js:2582:11)
      at ../../node_modules/.pnpm/@testing-library+react@16.3.2_@testing-library+dom@10.4.1_@types+react-dom@18.3.7_@types+reac_3k5f6qynewwmkoqvlvtzlgtsjq/node_modules/@testing-library/react/dist/act-compat.js:46:25
      at renderRoot (../../node_modules/.pnpm/@testing-library+react@16.3.2_@testing-library+dom@10.4.1_@types+react-dom@18.3.7_@types+reac_3k5f6qynewwmkoqvlvtzlgtsjq/node_modules/@testing-library/react/dist/pure.js:189:26)
      at render (../../node_modules/.pnpm/@testing-library+react@16.3.2_@testing-library+dom@10.4.1_@types+react-dom@18.3.7_@types+reac_3k5f6qynewwmkoqvlvtzlgtsjq/node_modules/@testing-library/react/dist/pure.js:291:10)
      at Object.<anonymous> (components/__tests__/roles-table.test.tsx:73:11)

    console.error
      Error: Uncaught [Error: `Tooltip` must be used within `TooltipProvider`]
          at reportException (/app/node_modules/.pnpm/jsdom@20.0.3/node_modules/jsdom/lib/jsdom/living/helpers/runtime-script-errors.js:66:24)
          at innerInvokeEventListeners (/app/node_modules/.pnpm/jsdom@20.0.3/node_modules/jsdom/lib/jsdom/living/events/EventTarget-impl.js:353:9)
          at invokeEventListeners (/app/node_modules/.pnpm/jsdom@20.0.3/node_modules/jsdom/lib/jsdom/living/events/EventTarget-impl.js:286:3)
          at HTMLUnknownElementImpl._dispatch (/app/node_modules/.pnpm/jsdom@20.0.3/node_modules/jsdom/lib/jsdom/living/events/EventTarget-impl.js:233:9)
          at HTMLUnknownElementImpl.dispatchEvent (/app/node_modules/.pnpm/jsdom@20.0.3/node_modules/jsdom/lib/jsdom/living/events/EventTarget-impl.js:104:17)
          at HTMLUnknownElement.dispatchEvent (/app/node_modules/.pnpm/jsdom@20.0.3/node_modules/jsdom/lib/jsdom/living/generated/EventTarget.js:241:34)
          at Object.invokeGuardedCallbackDev (/app/node_modules/.pnpm/react-dom@18.3.1_react@18.3.1/node_modules/react-dom/cjs/react-dom.development.js:4213:16)
          at invokeGuardedCallback (/app/node_modules/.pnpm/react-dom@18.3.1_react@18.3.1/node_modules/react-dom/cjs/react-dom.development.js:4277:31)
          at beginWork$1 (/app/node_modules/.pnpm/react-dom@18.3.1_react@18.3.1/node_modules/react-dom/cjs/react-dom.development.js:27490:7)
          at performUnitOfWork (/app/node_modules/.pnpm/react-dom@18.3.1_react@18.3.1/node_modules/react-dom/cjs/react-dom.development.js:26599:12)
          at workLoopSync (/app/node_modules/.pnpm/react-dom@18.3.1_react@18.3.1/node_modules/react-dom/cjs/react-dom.development.js:26505:5)
          at renderRootSync (/app/node_modules/.pnpm/react-dom@18.3.1_react@18.3.1/node_modules/react-dom/cjs/react-dom.development.js:26473:7)
          at recoverFromConcurrentError (/app/node_modules/.pnpm/react-dom@18.3.1_react@18.3.1/node_modules/react-dom/cjs/react-dom.development.js:25889:20)
          at performConcurrentWorkOnRoot (/app/node_modules/.pnpm/react-dom@18.3.1_react@18.3.1/node_modules/react-dom/cjs/react-dom.development.js:25789:22)
          at flushActQueue (/app/node_modules/.pnpm/react@18.3.1/node_modules/react/cjs/react.development.js:2667:24)
          at act (/app/node_modules/.pnpm/react@18.3.1/node_modules/react/cjs/react.development.js:2582:11)
          at /app/node_modules/.pnpm/@testing-library+react@16.3.2_@testing-library+dom@10.4.1_@types+react-dom@18.3.7_@types+reac_3k5f6qynewwmkoqvlvtzlgtsjq/node_modules/@testing-library/react/dist/act-compat.js:46:25
          at renderRoot (/app/node_modules/.pnpm/@testing-library+react@16.3.2_@testing-library+dom@10.4.1_@types+react-dom@18.3.7_@types+reac_3k5f6qynewwmkoqvlvtzlgtsjq/node_modules/@testing-library/react/dist/pure.js:189:26)
          at render (/app/node_modules/.pnpm/@testing-library+react@16.3.2_@testing-library+dom@10.4.1_@types+react-dom@18.3.7_@types+reac_3k5f6qynewwmkoqvlvtzlgtsjq/node_modules/@testing-library/react/dist/pure.js:291:10)
          at Object.<anonymous> (/app/apps/admin/components/__tests__/roles-table.test.tsx:73:11)
          at Promise.then.completed (/app/node_modules/.pnpm/jest-circus@29.7.0/node_modules/jest-circus/build/utils.js:298:28)
          at new Promise (<anonymous>)
          at callAsyncCircusFn (/app/node_modules/.pnpm/jest-circus@29.7.0/node_modules/jest-circus/build/utils.js:231:10)
          at _callCircusTest (/app/node_modules/.pnpm/jest-circus@29.7.0/node_modules/jest-circus/build/run.js:316:40)
          at processTicksAndRejections (node:internal/process/task_queues:103:5)
          at _runTest (/app/node_modules/.pnpm/jest-circus@29.7.0/node_modules/jest-circus/build/run.js:252:3)
          at _runTestsForDescribeBlock (/app/node_modules/.pnpm/jest-circus@29.7.0/node_modules/jest-circus/build/run.js:126:9)
          at _runTestsForDescribeBlock (/app/node_modules/.pnpm/jest-circus@29.7.0/node_modules/jest-circus/build/run.js:121:9)
          at run (/app/node_modules/.pnpm/jest-circus@29.7.0/node_modules/jest-circus/build/run.js:71:3)
          at runAndTransformResultsToJestFormat (/app/node_modules/.pnpm/jest-circus@29.7.0/node_modules/jest-circus/build/legacy-code-todo-rewrite/jestAdapterInit.js:122:21)
          at jestAdapter (/app/node_modules/.pnpm/jest-circus@29.7.0/node_modules/jest-circus/build/legacy-code-todo-rewrite/jestAdapter.js:79:19)
          at runTestInternal (/app/node_modules/.pnpm/jest-runner@29.7.0/node_modules/jest-runner/build/runTest.js:367:16)
          at runTest (/app/node_modules/.pnpm/jest-runner@29.7.0/node_modules/jest-runner/build/runTest.js:444:34)
          at Object.worker (/app/node_modules/.pnpm/jest-runner@29.7.0/node_modules/jest-runner/build/testWorker.js:106:12) {
        detail: Error: `Tooltip` must be used within `TooltipProvider`
            at useContext2 (/app/node_modules/.pnpm/@radix-ui+react-context@1.1.2_@types+react@18.3.29_react@18.3.1/node_modules/@radix-ui/react-context/src/create-context.tsx:75:13)
            at Tooltip (/app/node_modules/.pnpm/@radix-ui+react-tooltip@1.2.8_@types+react-dom@18.3.7_@types+react@18.3.29__@types+react@18.3_xrwsnt2rmlacewwolijhmzdoxi/node_modules/@radix-ui/react-tooltip/src/tooltip.tsx:162:27)
            at renderWithHooks (/app/node_modules/.pnpm/react-dom@18.3.1_react@18.3.1/node_modules/react-dom/cjs/react-dom.development.js:15486:18)
            at mountIndeterminateComponent (/app/node_modules/.pnpm/react-dom@18.3.1_react@18.3.1/node_modules/react-dom/cjs/react-dom.development.js:20103:13)
            at beginWork (/app/node_modules/.pnpm/react-dom@18.3.1_react@18.3.1/node_modules/react-dom/cjs/react-dom.development.js:21626:16)
            at HTMLUnknownElement.callCallback (/app/node_modules/.pnpm/react-dom@18.3.1_react@18.3.1/node_modules/react-dom/cjs/react-dom.development.js:4164:14)
            at HTMLUnknownElement.callTheUserObjectsOperation (/app/node_modules/.pnpm/jsdom@20.0.3/node_modules/jsdom/lib/jsdom/living/generated/EventListener.js:26:30)
            at innerInvokeEventListeners (/app/node_modules/.pnpm/jsdom@20.0.3/node_modules/jsdom/lib/jsdom/living/events/EventTarget-impl.js:350:25)
            at invokeEventListeners (/app/node_modules/.pnpm/jsdom@20.0.3/node_modules/jsdom/lib/jsdom/living/events/EventTarget-impl.js:286:3)
            at HTMLUnknownElementImpl._dispatch (/app/node_modules/.pnpm/jsdom@20.0.3/node_modules/jsdom/lib/jsdom/living/events/EventTarget-impl.js:233:9)
            at HTMLUnknownElementImpl.dispatchEvent (/app/node_modules/.pnpm/jsdom@20.0.3/node_modules/jsdom/lib/jsdom/living/events/EventTarget-impl.js:104:17)
            at HTMLUnknownElement.dispatchEvent (/app/node_modules/.pnpm/jsdom@20.0.3/node_modules/jsdom/lib/jsdom/living/generated/EventTarget.js:241:34)
            at Object.invokeGuardedCallbackDev (/app/node_modules/.pnpm/react-dom@18.3.1_react@18.3.1/node_modules/react-dom/cjs/react-dom.development.js:4213:16)
            at invokeGuardedCallback (/app/node_modules/.pnpm/react-dom@18.3.1_react@18.3.1/node_modules/react-dom/cjs/react-dom.development.js:4277:31)
            at beginWork$1 (/app/node_modules/.pnpm/react-dom@18.3.1_react@18.3.1/node_modules/react-dom/cjs/react-dom.development.js:27490:7)
            at performUnitOfWork (/app/node_modules/.pnpm/react-dom@18.3.1_react@18.3.1/node_modules/react-dom/cjs/react-dom.development.js:26599:12)
            at workLoopSync (/app/node_modules/.pnpm/react-dom@18.3.1_react@18.3.1/node_modules/react-dom/cjs/react-dom.development.js:26505:5)
            at renderRootSync (/app/node_modules/.pnpm/react-dom@18.3.1_react@18.3.1/node_modules/react-dom/cjs/react-dom.development.js:26473:7)
            at recoverFromConcurrentError (/app/node_modules/.pnpm/react-dom@18.3.1_react@18.3.1/node_modules/react-dom/cjs/react-dom.development.js:25889:20)
            at performConcurrentWorkOnRoot (/app/node_modules/.pnpm/react-dom@18.3.1_react@18.3.1/node_modules/react-dom/cjs/react-dom.development.js:25789:22)
            at flushActQueue (/app/node_modules/.pnpm/react@18.3.1/node_modules/react/cjs/react.development.js:2667:24)
            at act (/app/node_modules/.pnpm/react@18.3.1/node_modules/react/cjs/react.development.js:2582:11)
            at /app/node_modules/.pnpm/@testing-library+react@16.3.2_@testing-library+dom@10.4.1_@types+react-dom@18.3.7_@types+reac_3k5f6qynewwmkoqvlvtzlgtsjq/node_modules/@testing-library/react/dist/act-compat.js:46:25
            at renderRoot (/app/node_modules/.pnpm/@testing-library+react@16.3.2_@testing-library+dom@10.4.1_@types+react-dom@18.3.7_@types+reac_3k5f6qynewwmkoqvlvtzlgtsjq/node_modules/@testing-library/react/dist/pure.js:189:26)
            at render (/app/node_modules/.pnpm/@testing-library+react@16.3.2_@testing-library+dom@10.4.1_@types+react-dom@18.3.7_@types+reac_3k5f6qynewwmkoqvlvtzlgtsjq/node_modules/@testing-library/react/dist/pure.js:291:10)
            at Object.<anonymous> (/app/apps/admin/components/__tests__/roles-table.test.tsx:73:11)
            at Promise.then.completed (/app/node_modules/.pnpm/jest-circus@29.7.0/node_modules/jest-circus/build/utils.js:298:28)
            at new Promise (<anonymous>)
            at callAsyncCircusFn (/app/node_modules/.pnpm/jest-circus@29.7.0/node_modules/jest-circus/build/utils.js:231:10)
            at _callCircusTest (/app/node_modules/.pnpm/jest-circus@29.7.0/node_modules/jest-circus/build/run.js:316:40)
            at processTicksAndRejections (node:internal/process/task_queues:103:5)
            at _runTest (/app/node_modules/.pnpm/jest-circus@29.7.0/node_modules/jest-circus/build/run.js:252:3)
            at _runTestsForDescribeBlock (/app/node_modules/.pnpm/jest-circus@29.7.0/node_modules/jest-circus/build/run.js:126:9)
            at _runTestsForDescribeBlock (/app/node_modules/.pnpm/jest-circus@29.7.0/node_modules/jest-circus/build/run.js:121:9)
            at run (/app/node_modules/.pnpm/jest-circus@29.7.0/node_modules/jest-circus/build/run.js:71:3)
            at runAndTransformResultsToJestFormat (/app/node_modules/.pnpm/jest-circus@29.7.0/node_modules/jest-circus/build/legacy-code-todo-rewrite/jestAdapterInit.js:122:21)
            at jestAdapter (/app/node_modules/.pnpm/jest-circus@29.7.0/node_modules/jest-circus/build/legacy-code-todo-rewrite/jestAdapter.js:79:19)
            at runTestInternal (/app/node_modules/.pnpm/jest-runner@29.7.0/node_modules/jest-runner/build/runTest.js:367:16)
            at runTest (/app/node_modules/.pnpm/jest-runner@29.7.0/node_modules/jest-runner/build/runTest.js:444:34)
            at Object.worker (/app/node_modules/.pnpm/jest-runner@29.7.0/node_modules/jest-runner/build/testWorker.js:106:12),
        type: 'unhandled exception'
      }

      71 |
      72 |   it('clicking Delete on the unassigned role opens AlertDialog with the role name', async () => {
    > 73 |     render(withIntl(<RolesTable initial={initial} apps={apps} />))
         |           ^
      74 |     // Editor is the row with userCount 0 (deletable).
      75 |     const deleteItems = screen.getAllByRole('menuitem', { name: en.roles.actions.delete })
      76 |     fireEvent.click(deleteItems[0])

      at VirtualConsole.<anonymous> (../../node_modules/.pnpm/jest-environment-jsdom@29.7.0/node_modules/jest-environment-jsdom/build/index.js:63:23)
      at reportException (../../node_modules/.pnpm/jsdom@20.0.3/node_modules/jsdom/lib/jsdom/living/helpers/runtime-script-errors.js:70:28)
      at innerInvokeEventListeners (../../node_modules/.pnpm/jsdom@20.0.3/node_modules/jsdom/lib/jsdom/living/events/EventTarget-impl.js:353:9)
      at invokeEventListeners (../../node_modules/.pnpm/jsdom@20.0.3/node_modules/jsdom/lib/jsdom/living/events/EventTarget-impl.js:286:3)
      at HTMLUnknownElementImpl._dispatch (../../node_modules/.pnpm/jsdom@20.0.3/node_modules/jsdom/lib/jsdom/living/events/EventTarget-impl.js:233:9)
      at HTMLUnknownElementImpl.dispatchEvent (../../node_modules/.pnpm/jsdom@20.0.3/node_modules/jsdom/lib/jsdom/living/events/EventTarget-impl.js:104:17)
      at HTMLUnknownElement.dispatchEvent (../../node_modules/.pnpm/jsdom@20.0.3/node_modules/jsdom/lib/jsdom/living/generated/EventTarget.js:241:34)
      at Object.invokeGuardedCallbackDev (../../node_modules/.pnpm/react-dom@18.3.1_react@18.3.1/node_modules/react-dom/cjs/react-dom.development.js:4213:16)
      at invokeGuardedCallback (../../node_modules/.pnpm/react-dom@18.3.1_react@18.3.1/node_modules/react-dom/cjs/react-dom.development.js:4277:31)
      at beginWork$1 (../../node_modules/.pnpm/react-dom@18.3.1_react@18.3.1/node_modules/react-dom/cjs/react-dom.development.js:27490:7)
      at performUnitOfWork (../../node_modules/.pnpm/react-dom@18.3.1_react@18.3.1/node_modules/react-dom/cjs/react-dom.development.js:26599:12)
      at workLoopSync (../../node_modules/.pnpm/react-dom@18.3.1_react@18.3.1/node_modules/react-dom/cjs/react-dom.development.js:26505:5)
      at renderRootSync (../../node_modules/.pnpm/react-dom@18.3.1_react@18.3.1/node_modules/react-dom/cjs/react-dom.development.js:26473:7)
      at recoverFromConcurrentError (../../node_modules/.pnpm/react-dom@18.3.1_react@18.3.1/node_modules/react-dom/cjs/react-dom.development.js:25889:20)
      at performConcurrentWorkOnRoot (../../node_modules/.pnpm/react-dom@18.3.1_react@18.3.1/node_modules/react-dom/cjs/react-dom.development.js:25789:22)
      at flushActQueue (../../node_modules/.pnpm/react@18.3.1/node_modules/react/cjs/react.development.js:2667:24)
      at act (../../node_modules/.pnpm/react@18.3.1/node_modules/react/cjs/react.development.js:2582:11)
      at ../../node_modules/.pnpm/@testing-library+react@16.3.2_@testing-library+dom@10.4.1_@types+react-dom@18.3.7_@types+reac_3k5f6qynewwmkoqvlvtzlgtsjq/node_modules/@testing-library/react/dist/act-compat.js:46:25
      at renderRoot (../../node_modules/.pnpm/@testing-library+react@16.3.2_@testing-library+dom@10.4.1_@types+react-dom@18.3.7_@types+reac_3k5f6qynewwmkoqvlvtzlgtsjq/node_modules/@testing-library/react/dist/pure.js:189:26)
      at render (../../node_modules/.pnpm/@testing-library+react@16.3.2_@testing-library+dom@10.4.1_@types+react-dom@18.3.7_@types+reac_3k5f6qynewwmkoqvlvtzlgtsjq/node_modules/@testing-library/react/dist/pure.js:291:10)
      at Object.<anonymous> (components/__tests__/roles-table.test.tsx:73:11)

    console.error
      Error: Uncaught [Error: `Tooltip` must be used within `TooltipProvider`]
          at reportException (/app/node_modules/.pnpm/jsdom@20.0.3/node_modules/jsdom/lib/jsdom/living/helpers/runtime-script-errors.js:66:24)
          at innerInvokeEventListeners (/app/node_modules/.pnpm/jsdom@20.0.3/node_modules/jsdom/lib/jsdom/living/events/EventTarget-impl.js:353:9)
          at invokeEventListeners (/app/node_modules/.pnpm/jsdom@20.0.3/node_modules/jsdom/lib/jsdom/living/events/EventTarget-impl.js:286:3)
          at HTMLUnknownElementImpl._dispatch (/app/node_modules/.pnpm/jsdom@20.0.3/node_modules/jsdom/lib/jsdom/living/events/EventTarget-impl.js:233:9)
          at HTMLUnknownElementImpl.dispatchEvent (/app/node_modules/.pnpm/jsdom@20.0.3/node_modules/jsdom/lib/jsdom/living/events/EventTarget-impl.js:104:17)
          at HTMLUnknownElement.dispatchEvent (/app/node_modules/.pnpm/jsdom@20.0.3/node_modules/jsdom/lib/jsdom/living/generated/EventTarget.js:241:34)
          at Object.invokeGuardedCallbackDev (/app/node_modules/.pnpm/react-dom@18.3.1_react@18.3.1/node_modules/react-dom/cjs/react-dom.development.js:4213:16)
          at invokeGuardedCallback (/app/node_modules/.pnpm/react-dom@18.3.1_react@18.3.1/node_modules/react-dom/cjs/react-dom.development.js:4277:31)
          at beginWork$1 (/app/node_modules/.pnpm/react-dom@18.3.1_react@18.3.1/node_modules/react-dom/cjs/react-dom.development.js:27490:7)
          at performUnitOfWork (/app/node_modules/.pnpm/react-dom@18.3.1_react@18.3.1/node_modules/react-dom/cjs/react-dom.development.js:26599:12)
          at workLoopSync (/app/node_modules/.pnpm/react-dom@18.3.1_react@18.3.1/node_modules/react-dom/cjs/react-dom.development.js:26505:5)
          at renderRootSync (/app/node_modules/.pnpm/react-dom@18.3.1_react@18.3.1/node_modules/react-dom/cjs/react-dom.development.js:26473:7)
          at recoverFromConcurrentError (/app/node_modules/.pnpm/react-dom@18.3.1_react@18.3.1/node_modules/react-dom/cjs/react-dom.development.js:25889:20)
          at performConcurrentWorkOnRoot (/app/node_modules/.pnpm/react-dom@18.3.1_react@18.3.1/node_modules/react-dom/cjs/react-dom.development.js:25789:22)
          at flushActQueue (/app/node_modules/.pnpm/react@18.3.1/node_modules/react/cjs/react.development.js:2667:24)
          at act (/app/node_modules/.pnpm/react@18.3.1/node_modules/react/cjs/react.development.js:2582:11)
          at /app/node_modules/.pnpm/@testing-library+react@16.3.2_@testing-library+dom@10.4.1_@types+react-dom@18.3.7_@types+reac_3k5f6qynewwmkoqvlvtzlgtsjq/node_modules/@testing-library/react/dist/act-compat.js:46:25
          at renderRoot (/app/node_modules/.pnpm/@testing-library+react@16.3.2_@testing-library+dom@10.4.1_@types+react-dom@18.3.7_@types+reac_3k5f6qynewwmkoqvlvtzlgtsjq/node_modules/@testing-library/react/dist/pure.js:189:26)
          at render (/app/node_modules/.pnpm/@testing-library+react@16.3.2_@testing-library+dom@10.4.1_@types+react-dom@18.3.7_@types+reac_3k5f6qynewwmkoqvlvtzlgtsjq/node_modules/@testing-library/react/dist/pure.js:291:10)
          at Object.<anonymous> (/app/apps/admin/components/__tests__/roles-table.test.tsx:73:11)
          at Promise.then.completed (/app/node_modules/.pnpm/jest-circus@29.7.0/node_modules/jest-circus/build/utils.js:298:28)
          at new Promise (<anonymous>)
          at callAsyncCircusFn (/app/node_modules/.pnpm/jest-circus@29.7.0/node_modules/jest-circus/build/utils.js:231:10)
          at _callCircusTest (/app/node_modules/.pnpm/jest-circus@29.7.0/node_modules/jest-circus/build/run.js:316:40)
          at processTicksAndRejections (node:internal/process/task_queues:103:5)
          at _runTest (/app/node_modules/.pnpm/jest-circus@29.7.0/node_modules/jest-circus/build/run.js:252:3)
          at _runTestsForDescribeBlock (/app/node_modules/.pnpm/jest-circus@29.7.0/node_modules/jest-circus/build/run.js:126:9)
          at _runTestsForDescribeBlock (/app/node_modules/.pnpm/jest-circus@29.7.0/node_modules/jest-circus/build/run.js:121:9)
          at run (/app/node_modules/.pnpm/jest-circus@29.7.0/node_modules/jest-circus/build/run.js:71:3)
          at runAndTransformResultsToJestFormat (/app/node_modules/.pnpm/jest-circus@29.7.0/node_modules/jest-circus/build/legacy-code-todo-rewrite/jestAdapterInit.js:122:21)
          at jestAdapter (/app/node_modules/.pnpm/jest-circus@29.7.0/node_modules/jest-circus/build/legacy-code-todo-rewrite/jestAdapter.js:79:19)
          at runTestInternal (/app/node_modules/.pnpm/jest-runner@29.7.0/node_modules/jest-runner/build/runTest.js:367:16)
          at runTest (/app/node_modules/.pnpm/jest-runner@29.7.0/node_modules/jest-runner/build/runTest.js:444:34)
          at Object.worker (/app/node_modules/.pnpm/jest-runner@29.7.0/node_modules/jest-runner/build/testWorker.js:106:12) {
        detail: Error: `Tooltip` must be used within `TooltipProvider`
            at useContext2 (/app/node_modules/.pnpm/@radix-ui+react-context@1.1.2_@types+react@18.3.29_react@18.3.1/node_modules/@radix-ui/react-context/src/create-context.tsx:75:13)
            at Tooltip (/app/node_modules/.pnpm/@radix-ui+react-tooltip@1.2.8_@types+react-dom@18.3.7_@types+react@18.3.29__@types+react@18.3_xrwsnt2rmlacewwolijhmzdoxi/node_modules/@radix-ui/react-tooltip/src/tooltip.tsx:162:27)
            at renderWithHooks (/app/node_modules/.pnpm/react-dom@18.3.1_react@18.3.1/node_modules/react-dom/cjs/react-dom.development.js:15486:18)
            at mountIndeterminateComponent (/app/node_modules/.pnpm/react-dom@18.3.1_react@18.3.1/node_modules/react-dom/cjs/react-dom.development.js:20103:13)
            at beginWork (/app/node_modules/.pnpm/react-dom@18.3.1_react@18.3.1/node_modules/react-dom/cjs/react-dom.development.js:21626:16)
            at HTMLUnknownElement.callCallback (/app/node_modules/.pnpm/react-dom@18.3.1_react@18.3.1/node_modules/react-dom/cjs/react-dom.development.js:4164:14)
            at HTMLUnknownElement.callTheUserObjectsOperation (/app/node_modules/.pnpm/jsdom@20.0.3/node_modules/jsdom/lib/jsdom/living/generated/EventListener.js:26:30)
            at innerInvokeEventListeners (/app/node_modules/.pnpm/jsdom@20.0.3/node_modules/jsdom/lib/jsdom/living/events/EventTarget-impl.js:350:25)
            at invokeEventListeners (/app/node_modules/.pnpm/jsdom@20.0.3/node_modules/jsdom/lib/jsdom/living/events/EventTarget-impl.js:286:3)
            at HTMLUnknownElementImpl._dispatch (/app/node_modules/.pnpm/jsdom@20.0.3/node_modules/jsdom/lib/jsdom/living/events/EventTarget-impl.js:233:9)
            at HTMLUnknownElementImpl.dispatchEvent (/app/node_modules/.pnpm/jsdom@20.0.3/node_modules/jsdom/lib/jsdom/living/events/EventTarget-impl.js:104:17)
            at HTMLUnknownElement.dispatchEvent (/app/node_modules/.pnpm/jsdom@20.0.3/node_modules/jsdom/lib/jsdom/living/generated/EventTarget.js:241:34)
            at Object.invokeGuardedCallbackDev (/app/node_modules/.pnpm/react-dom@18.3.1_react@18.3.1/node_modules/react-dom/cjs/react-dom.development.js:4213:16)
            at invokeGuardedCallback (/app/node_modules/.pnpm/react-dom@18.3.1_react@18.3.1/node_modules/react-dom/cjs/react-dom.development.js:4277:31)
            at beginWork$1 (/app/node_modules/.pnpm/react-dom@18.3.1_react@18.3.1/node_modules/react-dom/cjs/react-dom.development.js:27490:7)
            at performUnitOfWork (/app/node_modules/.pnpm/react-dom@18.3.1_react@18.3.1/node_modules/react-dom/cjs/react-dom.development.js:26599:12)
            at workLoopSync (/app/node_modules/.pnpm/react-dom@18.3.1_react@18.3.1/node_modules/react-dom/cjs/react-dom.development.js:26505:5)
            at renderRootSync (/app/node_modules/.pnpm/react-dom@18.3.1_react@18.3.1/node_modules/react-dom/cjs/react-dom.development.js:26473:7)
            at recoverFromConcurrentError (/app/node_modules/.pnpm/react-dom@18.3.1_react@18.3.1/node_modules/react-dom/cjs/react-dom.development.js:25889:20)
            at performConcurrentWorkOnRoot (/app/node_modules/.pnpm/react-dom@18.3.1_react@18.3.1/node_modules/react-dom/cjs/react-dom.development.js:25789:22)
            at flushActQueue (/app/node_modules/.pnpm/react@18.3.1/node_modules/react/cjs/react.development.js:2667:24)
            at act (/app/node_modules/.pnpm/react@18.3.1/node_modules/react/cjs/react.development.js:2582:11)
            at /app/node_modules/.pnpm/@testing-library+react@16.3.2_@testing-library+dom@10.4.1_@types+react-dom@18.3.7_@types+reac_3k5f6qynewwmkoqvlvtzlgtsjq/node_modules/@testing-library/react/dist/act-compat.js:46:25
            at renderRoot (/app/node_modules/.pnpm/@testing-library+react@16.3.2_@testing-library+dom@10.4.1_@types+react-dom@18.3.7_@types+reac_3k5f6qynewwmkoqvlvtzlgtsjq/node_modules/@testing-library/react/dist/pure.js:189:26)
            at render (/app/node_modules/.pnpm/@testing-library+react@16.3.2_@testing-library+dom@10.4.1_@types+react-dom@18.3.7_@types+reac_3k5f6qynewwmkoqvlvtzlgtsjq/node_modules/@testing-library/react/dist/pure.js:291:10)
            at Object.<anonymous> (/app/apps/admin/components/__tests__/roles-table.test.tsx:73:11)
            at Promise.then.completed (/app/node_modules/.pnpm/jest-circus@29.7.0/node_modules/jest-circus/build/utils.js:298:28)
            at new Promise (<anonymous>)
            at callAsyncCircusFn (/app/node_modules/.pnpm/jest-circus@29.7.0/node_modules/jest-circus/build/utils.js:231:10)
            at _callCircusTest (/app/node_modules/.pnpm/jest-circus@29.7.0/node_modules/jest-circus/build/run.js:316:40)
            at processTicksAndRejections (node:internal/process/task_queues:103:5)
            at _runTest (/app/node_modules/.pnpm/jest-circus@29.7.0/node_modules/jest-circus/build/run.js:252:3)
            at _runTestsForDescribeBlock (/app/node_modules/.pnpm/jest-circus@29.7.0/node_modules/jest-circus/build/run.js:126:9)
            at _runTestsForDescribeBlock (/app/node_modules/.pnpm/jest-circus@29.7.0/node_modules/jest-circus/build/run.js:121:9)
            at run (/app/node_modules/.pnpm/jest-circus@29.7.0/node_modules/jest-circus/build/run.js:71:3)
            at runAndTransformResultsToJestFormat (/app/node_modules/.pnpm/jest-circus@29.7.0/node_modules/jest-circus/build/legacy-code-todo-rewrite/jestAdapterInit.js:122:21)
            at jestAdapter (/app/node_modules/.pnpm/jest-circus@29.7.0/node_modules/jest-circus/build/legacy-code-todo-rewrite/jestAdapter.js:79:19)
            at runTestInternal (/app/node_modules/.pnpm/jest-runner@29.7.0/node_modules/jest-runner/build/runTest.js:367:16)
            at runTest (/app/node_modules/.pnpm/jest-runner@29.7.0/node_modules/jest-runner/build/runTest.js:444:34)
            at Object.worker (/app/node_modules/.pnpm/jest-runner@29.7.0/node_modules/jest-runner/build/testWorker.js:106:12),
        type: 'unhandled exception'
      }

      71 |
      72 |   it('clicking Delete on the unassigned role opens AlertDialog with the role name', async () => {
    > 73 |     render(withIntl(<RolesTable initial={initial} apps={apps} />))
         |           ^
      74 |     // Editor is the row with userCount 0 (deletable).
      75 |     const deleteItems = screen.getAllByRole('menuitem', { name: en.roles.actions.delete })
      76 |     fireEvent.click(deleteItems[0])

      at VirtualConsole.<anonymous> (../../node_modules/.pnpm/jest-environment-jsdom@29.7.0/node_modules/jest-environment-jsdom/build/index.js:63:23)
      at reportException (../../node_modules/.pnpm/jsdom@20.0.3/node_modules/jsdom/lib/jsdom/living/helpers/runtime-script-errors.js:70:28)
      at innerInvokeEventListeners (../../node_modules/.pnpm/jsdom@20.0.3/node_modules/jsdom/lib/jsdom/living/events/EventTarget-impl.js:353:9)
      at invokeEventListeners (../../node_modules/.pnpm/jsdom@20.0.3/node_modules/jsdom/lib/jsdom/living/events/EventTarget-impl.js:286:3)
      at HTMLUnknownElementImpl._dispatch (../../node_modules/.pnpm/jsdom@20.0.3/node_modules/jsdom/lib/jsdom/living/events/EventTarget-impl.js:233:9)
      at HTMLUnknownElementImpl.dispatchEvent (../../node_modules/.pnpm/jsdom@20.0.3/node_modules/jsdom/lib/jsdom/living/events/EventTarget-impl.js:104:17)
      at HTMLUnknownElement.dispatchEvent (../../node_modules/.pnpm/jsdom@20.0.3/node_modules/jsdom/lib/jsdom/living/generated/EventTarget.js:241:34)
      at Object.invokeGuardedCallbackDev (../../node_modules/.pnpm/react-dom@18.3.1_react@18.3.1/node_modules/react-dom/cjs/react-dom.development.js:4213:16)
      at invokeGuardedCallback (../../node_modules/.pnpm/react-dom@18.3.1_react@18.3.1/node_modules/react-dom/cjs/react-dom.development.js:4277:31)
      at beginWork$1 (../../node_modules/.pnpm/react-dom@18.3.1_react@18.3.1/node_modules/react-dom/cjs/react-dom.development.js:27490:7)
      at performUnitOfWork (../../node_modules/.pnpm/react-dom@18.3.1_react@18.3.1/node_modules/react-dom/cjs/react-dom.development.js:26599:12)
      at workLoopSync (../../node_modules/.pnpm/react-dom@18.3.1_react@18.3.1/node_modules/react-dom/cjs/react-dom.development.js:26505:5)
      at renderRootSync (../../node_modules/.pnpm/react-dom@18.3.1_react@18.3.1/node_modules/react-dom/cjs/react-dom.development.js:26473:7)
      at recoverFromConcurrentError (../../node_modules/.pnpm/react-dom@18.3.1_react@18.3.1/node_modules/react-dom/cjs/react-dom.development.js:25889:20)
      at performConcurrentWorkOnRoot (../../node_modules/.pnpm/react-dom@18.3.1_react@18.3.1/node_modules/react-dom/cjs/react-dom.development.js:25789:22)
      at flushActQueue (../../node_modules/.pnpm/react@18.3.1/node_modules/react/cjs/react.development.js:2667:24)
      at act (../../node_modules/.pnpm/react@18.3.1/node_modules/react/cjs/react.development.js:2582:11)
      at ../../node_modules/.pnpm/@testing-library+react@16.3.2_@testing-library+dom@10.4.1_@types+react-dom@18.3.7_@types+reac_3k5f6qynewwmkoqvlvtzlgtsjq/node_modules/@testing-library/react/dist/act-compat.js:46:25
      at renderRoot (../../node_modules/.pnpm/@testing-library+react@16.3.2_@testing-library+dom@10.4.1_@types+react-dom@18.3.7_@types+reac_3k5f6qynewwmkoqvlvtzlgtsjq/node_modules/@testing-library/react/dist/pure.js:189:26)
      at render (../../node_modules/.pnpm/@testing-library+react@16.3.2_@testing-library+dom@10.4.1_@types+react-dom@18.3.7_@types+reac_3k5f6qynewwmkoqvlvtzlgtsjq/node_modules/@testing-library/react/dist/pure.js:291:10)
      at Object.<anonymous> (components/__tests__/roles-table.test.tsx:73:11)

    console.error
      Error: Uncaught [Error: `Tooltip` must be used within `TooltipProvider`]
          at reportException (/app/node_modules/.pnpm/jsdom@20.0.3/node_modules/jsdom/lib/jsdom/living/helpers/runtime-script-errors.js:66:24)
          at innerInvokeEventListeners (/app/node_modules/.pnpm/jsdom@20.0.3/node_modules/jsdom/lib/jsdom/living/events/EventTarget-impl.js:353:9)
          at invokeEventListeners (/app/node_modules/.pnpm/jsdom@20.0.3/node_modules/jsdom/lib/jsdom/living/events/EventTarget-impl.js:286:3)
          at HTMLUnknownElementImpl._dispatch (/app/node_modules/.pnpm/jsdom@20.0.3/node_modules/jsdom/lib/jsdom/living/events/EventTarget-impl.js:233:9)
          at HTMLUnknownElementImpl.dispatchEvent (/app/node_modules/.pnpm/jsdom@20.0.3/node_modules/jsdom/lib/jsdom/living/events/EventTarget-impl.js:104:17)
          at HTMLUnknownElement.dispatchEvent (/app/node_modules/.pnpm/jsdom@20.0.3/node_modules/jsdom/lib/jsdom/living/generated/EventTarget.js:241:34)
          at Object.invokeGuardedCallbackDev (/app/node_modules/.pnpm/react-dom@18.3.1_react@18.3.1/node_modules/react-dom/cjs/react-dom.development.js:4213:16)
          at invokeGuardedCallback (/app/node_modules/.pnpm/react-dom@18.3.1_react@18.3.1/node_modules/react-dom/cjs/react-dom.development.js:4277:31)
          at beginWork$1 (/app/node_modules/.pnpm/react-dom@18.3.1_react@18.3.1/node_modules/react-dom/cjs/react-dom.development.js:27490:7)
          at performUnitOfWork (/app/node_modules/.pnpm/react-dom@18.3.1_react@18.3.1/node_modules/react-dom/cjs/react-dom.development.js:26599:12)
          at workLoopSync (/app/node_modules/.pnpm/react-dom@18.3.1_react@18.3.1/node_modules/react-dom/cjs/react-dom.development.js:26505:5)
          at renderRootSync (/app/node_modules/.pnpm/react-dom@18.3.1_react@18.3.1/node_modules/react-dom/cjs/react-dom.development.js:26473:7)
          at recoverFromConcurrentError (/app/node_modules/.pnpm/react-dom@18.3.1_react@18.3.1/node_modules/react-dom/cjs/react-dom.development.js:25889:20)
          at performConcurrentWorkOnRoot (/app/node_modules/.pnpm/react-dom@18.3.1_react@18.3.1/node_modules/react-dom/cjs/react-dom.development.js:25789:22)
          at flushActQueue (/app/node_modules/.pnpm/react@18.3.1/node_modules/react/cjs/react.development.js:2667:24)
          at act (/app/node_modules/.pnpm/react@18.3.1/node_modules/react/cjs/react.development.js:2582:11)
          at /app/node_modules/.pnpm/@testing-library+react@16.3.2_@testing-library+dom@10.4.1_@types+react-dom@18.3.7_@types+reac_3k5f6qynewwmkoqvlvtzlgtsjq/node_modules/@testing-library/react/dist/act-compat.js:46:25
          at renderRoot (/app/node_modules/.pnpm/@testing-library+react@16.3.2_@testing-library+dom@10.4.1_@types+react-dom@18.3.7_@types+reac_3k5f6qynewwmkoqvlvtzlgtsjq/node_modules/@testing-library/react/dist/pure.js:189:26)
          at render (/app/node_modules/.pnpm/@testing-library+react@16.3.2_@testing-library+dom@10.4.1_@types+react-dom@18.3.7_@types+reac_3k5f6qynewwmkoqvlvtzlgtsjq/node_modules/@testing-library/react/dist/pure.js:291:10)
          at Object.<anonymous> (/app/apps/admin/components/__tests__/roles-table.test.tsx:73:11)
          at Promise.then.completed (/app/node_modules/.pnpm/jest-circus@29.7.0/node_modules/jest-circus/build/utils.js:298:28)
          at new Promise (<anonymous>)
          at callAsyncCircusFn (/app/node_modules/.pnpm/jest-circus@29.7.0/node_modules/jest-circus/build/utils.js:231:10)
          at _callCircusTest (/app/node_modules/.pnpm/jest-circus@29.7.0/node_modules/jest-circus/build/run.js:316:40)
          at processTicksAndRejections (node:internal/process/task_queues:103:5)
          at _runTest (/app/node_modules/.pnpm/jest-circus@29.7.0/node_modules/jest-circus/build/run.js:252:3)
          at _runTestsForDescribeBlock (/app/node_modules/.pnpm/jest-circus@29.7.0/node_modules/jest-circus/build/run.js:126:9)
          at _runTestsForDescribeBlock (/app/node_modules/.pnpm/jest-circus@29.7.0/node_modules/jest-circus/build/run.js:121:9)
          at run (/app/node_modules/.pnpm/jest-circus@29.7.0/node_modules/jest-circus/build/run.js:71:3)
          at runAndTransformResultsToJestFormat (/app/node_modules/.pnpm/jest-circus@29.7.0/node_modules/jest-circus/build/legacy-code-todo-rewrite/jestAdapterInit.js:122:21)
          at jestAdapter (/app/node_modules/.pnpm/jest-circus@29.7.0/node_modules/jest-circus/build/legacy-code-todo-rewrite/jestAdapter.js:79:19)
          at runTestInternal (/app/node_modules/.pnpm/jest-runner@29.7.0/node_modules/jest-runner/build/runTest.js:367:16)
          at runTest (/app/node_modules/.pnpm/jest-runner@29.7.0/node_modules/jest-runner/build/runTest.js:444:34)
          at Object.worker (/app/node_modules/.pnpm/jest-runner@29.7.0/node_modules/jest-runner/build/testWorker.js:106:12) {
        detail: Error: `Tooltip` must be used within `TooltipProvider`
            at useContext2 (/app/node_modules/.pnpm/@radix-ui+react-context@1.1.2_@types+react@18.3.29_react@18.3.1/node_modules/@radix-ui/react-context/src/create-context.tsx:75:13)
            at Tooltip (/app/node_modules/.pnpm/@radix-ui+react-tooltip@1.2.8_@types+react-dom@18.3.7_@types+react@18.3.29__@types+react@18.3_xrwsnt2rmlacewwolijhmzdoxi/node_modules/@radix-ui/react-tooltip/src/tooltip.tsx:162:27)
            at renderWithHooks (/app/node_modules/.pnpm/react-dom@18.3.1_react@18.3.1/node_modules/react-dom/cjs/react-dom.development.js:15486:18)
            at mountIndeterminateComponent (/app/node_modules/.pnpm/react-dom@18.3.1_react@18.3.1/node_modules/react-dom/cjs/react-dom.development.js:20103:13)
            at beginWork (/app/node_modules/.pnpm/react-dom@18.3.1_react@18.3.1/node_modules/react-dom/cjs/react-dom.development.js:21626:16)
            at HTMLUnknownElement.callCallback (/app/node_modules/.pnpm/react-dom@18.3.1_react@18.3.1/node_modules/react-dom/cjs/react-dom.development.js:4164:14)
            at HTMLUnknownElement.callTheUserObjectsOperation (/app/node_modules/.pnpm/jsdom@20.0.3/node_modules/jsdom/lib/jsdom/living/generated/EventListener.js:26:30)
            at innerInvokeEventListeners (/app/node_modules/.pnpm/jsdom@20.0.3/node_modules/jsdom/lib/jsdom/living/events/EventTarget-impl.js:350:25)
            at invokeEventListeners (/app/node_modules/.pnpm/jsdom@20.0.3/node_modules/jsdom/lib/jsdom/living/events/EventTarget-impl.js:286:3)
            at HTMLUnknownElementImpl._dispatch (/app/node_modules/.pnpm/jsdom@20.0.3/node_modules/jsdom/lib/jsdom/living/events/EventTarget-impl.js:233:9)
            at HTMLUnknownElementImpl.dispatchEvent (/app/node_modules/.pnpm/jsdom@20.0.3/node_modules/jsdom/lib/jsdom/living/events/EventTarget-impl.js:104:17)
            at HTMLUnknownElement.dispatchEvent (/app/node_modules/.pnpm/jsdom@20.0.3/node_modules/jsdom/lib/jsdom/living/generated/EventTarget.js:241:34)
            at Object.invokeGuardedCallbackDev (/app/node_modules/.pnpm/react-dom@18.3.1_react@18.3.1/node_modules/react-dom/cjs/react-dom.development.js:4213:16)
            at invokeGuardedCallback (/app/node_modules/.pnpm/react-dom@18.3.1_react@18.3.1/node_modules/react-dom/cjs/react-dom.development.js:4277:31)
            at beginWork$1 (/app/node_modules/.pnpm/react-dom@18.3.1_react@18.3.1/node_modules/react-dom/cjs/react-dom.development.js:27490:7)
            at performUnitOfWork (/app/node_modules/.pnpm/react-dom@18.3.1_react@18.3.1/node_modules/react-dom/cjs/react-dom.development.js:26599:12)
            at workLoopSync (/app/node_modules/.pnpm/react-dom@18.3.1_react@18.3.1/node_modules/react-dom/cjs/react-dom.development.js:26505:5)
            at renderRootSync (/app/node_modules/.pnpm/react-dom@18.3.1_react@18.3.1/node_modules/react-dom/cjs/react-dom.development.js:26473:7)
            at recoverFromConcurrentError (/app/node_modules/.pnpm/react-dom@18.3.1_react@18.3.1/node_modules/react-dom/cjs/react-dom.development.js:25889:20)
            at performConcurrentWorkOnRoot (/app/node_modules/.pnpm/react-dom@18.3.1_react@18.3.1/node_modules/react-dom/cjs/react-dom.development.js:25789:22)
            at flushActQueue (/app/node_modules/.pnpm/react@18.3.1/node_modules/react/cjs/react.development.js:2667:24)
            at act (/app/node_modules/.pnpm/react@18.3.1/node_modules/react/cjs/react.development.js:2582:11)
            at /app/node_modules/.pnpm/@testing-library+react@16.3.2_@testing-library+dom@10.4.1_@types+react-dom@18.3.7_@types+reac_3k5f6qynewwmkoqvlvtzlgtsjq/node_modules/@testing-library/react/dist/act-compat.js:46:25
            at renderRoot (/app/node_modules/.pnpm/@testing-library+react@16.3.2_@testing-library+dom@10.4.1_@types+react-dom@18.3.7_@types+reac_3k5f6qynewwmkoqvlvtzlgtsjq/node_modules/@testing-library/react/dist/pure.js:189:26)
            at render (/app/node_modules/.pnpm/@testing-library+react@16.3.2_@testing-library+dom@10.4.1_@types+react-dom@18.3.7_@types+reac_3k5f6qynewwmkoqvlvtzlgtsjq/node_modules/@testing-library/react/dist/pure.js:291:10)
            at Object.<anonymous> (/app/apps/admin/components/__tests__/roles-table.test.tsx:73:11)
            at Promise.then.completed (/app/node_modules/.pnpm/jest-circus@29.7.0/node_modules/jest-circus/build/utils.js:298:28)
            at new Promise (<anonymous>)
            at callAsyncCircusFn (/app/node_modules/.pnpm/jest-circus@29.7.0/node_modules/jest-circus/build/utils.js:231:10)
            at _callCircusTest (/app/node_modules/.pnpm/jest-circus@29.7.0/node_modules/jest-circus/build/run.js:316:40)
            at processTicksAndRejections (node:internal/process/task_queues:103:5)
            at _runTest (/app/node_modules/.pnpm/jest-circus@29.7.0/node_modules/jest-circus/build/run.js:252:3)
            at _runTestsForDescribeBlock (/app/node_modules/.pnpm/jest-circus@29.7.0/node_modules/jest-circus/build/run.js:126:9)
            at _runTestsForDescribeBlock (/app/node_modules/.pnpm/jest-circus@29.7.0/node_modules/jest-circus/build/run.js:121:9)
            at run (/app/node_modules/.pnpm/jest-circus@29.7.0/node_modules/jest-circus/build/run.js:71:3)
            at runAndTransformResultsToJestFormat (/app/node_modules/.pnpm/jest-circus@29.7.0/node_modules/jest-circus/build/legacy-code-todo-rewrite/jestAdapterInit.js:122:21)
            at jestAdapter (/app/node_modules/.pnpm/jest-circus@29.7.0/node_modules/jest-circus/build/legacy-code-todo-rewrite/jestAdapter.js:79:19)
            at runTestInternal (/app/node_modules/.pnpm/jest-runner@29.7.0/node_modules/jest-runner/build/runTest.js:367:16)
            at runTest (/app/node_modules/.pnpm/jest-runner@29.7.0/node_modules/jest-runner/build/runTest.js:444:34)
            at Object.worker (/app/node_modules/.pnpm/jest-runner@29.7.0/node_modules/jest-runner/build/testWorker.js:106:12),
        type: 'unhandled exception'
      }

      71 |
      72 |   it('clicking Delete on the unassigned role opens AlertDialog with the role name', async () => {
    > 73 |     render(withIntl(<RolesTable initial={initial} apps={apps} />))
         |           ^
      74 |     // Editor is the row with userCount 0 (deletable).
      75 |     const deleteItems = screen.getAllByRole('menuitem', { name: en.roles.actions.delete })
      76 |     fireEvent.click(deleteItems[0])

      at VirtualConsole.<anonymous> (../../node_modules/.pnpm/jest-environment-jsdom@29.7.0/node_modules/jest-environment-jsdom/build/index.js:63:23)
      at reportException (../../node_modules/.pnpm/jsdom@20.0.3/node_modules/jsdom/lib/jsdom/living/helpers/runtime-script-errors.js:70:28)
      at innerInvokeEventListeners (../../node_modules/.pnpm/jsdom@20.0.3/node_modules/jsdom/lib/jsdom/living/events/EventTarget-impl.js:353:9)
      at invokeEventListeners (../../node_modules/.pnpm/jsdom@20.0.3/node_modules/jsdom/lib/jsdom/living/events/EventTarget-impl.js:286:3)
      at HTMLUnknownElementImpl._dispatch (../../node_modules/.pnpm/jsdom@20.0.3/node_modules/jsdom/lib/jsdom/living/events/EventTarget-impl.js:233:9)
      at HTMLUnknownElementImpl.dispatchEvent (../../node_modules/.pnpm/jsdom@20.0.3/node_modules/jsdom/lib/jsdom/living/events/EventTarget-impl.js:104:17)
      at HTMLUnknownElement.dispatchEvent (../../node_modules/.pnpm/jsdom@20.0.3/node_modules/jsdom/lib/jsdom/living/generated/EventTarget.js:241:34)
      at Object.invokeGuardedCallbackDev (../../node_modules/.pnpm/react-dom@18.3.1_react@18.3.1/node_modules/react-dom/cjs/react-dom.development.js:4213:16)
      at invokeGuardedCallback (../../node_modules/.pnpm/react-dom@18.3.1_react@18.3.1/node_modules/react-dom/cjs/react-dom.development.js:4277:31)
      at beginWork$1 (../../node_modules/.pnpm/react-dom@18.3.1_react@18.3.1/node_modules/react-dom/cjs/react-dom.development.js:27490:7)
      at performUnitOfWork (../../node_modules/.pnpm/react-dom@18.3.1_react@18.3.1/node_modules/react-dom/cjs/react-dom.development.js:26599:12)
      at workLoopSync (../../node_modules/.pnpm/react-dom@18.3.1_react@18.3.1/node_modules/react-dom/cjs/react-dom.development.js:26505:5)
      at renderRootSync (../../node_modules/.pnpm/react-dom@18.3.1_react@18.3.1/node_modules/react-dom/cjs/react-dom.development.js:26473:7)
      at recoverFromConcurrentError (../../node_modules/.pnpm/react-dom@18.3.1_react@18.3.1/node_modules/react-dom/cjs/react-dom.development.js:25889:20)
      at performConcurrentWorkOnRoot (../../node_modules/.pnpm/react-dom@18.3.1_react@18.3.1/node_modules/react-dom/cjs/react-dom.development.js:25789:22)
      at flushActQueue (../../node_modules/.pnpm/react@18.3.1/node_modules/react/cjs/react.development.js:2667:24)
      at act (../../node_modules/.pnpm/react@18.3.1/node_modules/react/cjs/react.development.js:2582:11)
      at ../../node_modules/.pnpm/@testing-library+react@16.3.2_@testing-library+dom@10.4.1_@types+react-dom@18.3.7_@types+reac_3k5f6qynewwmkoqvlvtzlgtsjq/node_modules/@testing-library/react/dist/act-compat.js:46:25
      at renderRoot (../../node_modules/.pnpm/@testing-library+react@16.3.2_@testing-library+dom@10.4.1_@types+react-dom@18.3.7_@types+reac_3k5f6qynewwmkoqvlvtzlgtsjq/node_modules/@testing-library/react/dist/pure.js:189:26)
      at render (../../node_modules/.pnpm/@testing-library+react@16.3.2_@testing-library+dom@10.4.1_@types+react-dom@18.3.7_@types+reac_3k5f6qynewwmkoqvlvtzlgtsjq/node_modules/@testing-library/react/dist/pure.js:291:10)
      at Object.<anonymous> (components/__tests__/roles-table.test.tsx:73:11)

    console.error
      Error: Uncaught [Error: `Tooltip` must be used within `TooltipProvider`]
          at reportException (/app/node_modules/.pnpm/jsdom@20.0.3/node_modules/jsdom/lib/jsdom/living/helpers/runtime-script-errors.js:66:24)
          at innerInvokeEventListeners (/app/node_modules/.pnpm/jsdom@20.0.3/node_modules/jsdom/lib/jsdom/living/events/EventTarget-impl.js:353:9)
          at invokeEventListeners (/app/node_modules/.pnpm/jsdom@20.0.3/node_modules/jsdom/lib/jsdom/living/events/EventTarget-impl.js:286:3)
          at HTMLUnknownElementImpl._dispatch (/app/node_modules/.pnpm/jsdom@20.0.3/node_modules/jsdom/lib/jsdom/living/events/EventTarget-impl.js:233:9)
          at HTMLUnknownElementImpl.dispatchEvent (/app/node_modules/.pnpm/jsdom@20.0.3/node_modules/jsdom/lib/jsdom/living/events/EventTarget-impl.js:104:17)
          at HTMLUnknownElement.dispatchEvent (/app/node_modules/.pnpm/jsdom@20.0.3/node_modules/jsdom/lib/jsdom/living/generated/EventTarget.js:241:34)
          at Object.invokeGuardedCallbackDev (/app/node_modules/.pnpm/react-dom@18.3.1_react@18.3.1/node_modules/react-dom/cjs/react-dom.development.js:4213:16)
          at invokeGuardedCallback (/app/node_modules/.pnpm/react-dom@18.3.1_react@18.3.1/node_modules/react-dom/cjs/react-dom.development.js:4277:31)
          at beginWork$1 (/app/node_modules/.pnpm/react-dom@18.3.1_react@18.3.1/node_modules/react-dom/cjs/react-dom.development.js:27490:7)
          at performUnitOfWork (/app/node_modules/.pnpm/react-dom@18.3.1_react@18.3.1/node_modules/react-dom/cjs/react-dom.development.js:26599:12)
          at workLoopSync (/app/node_modules/.pnpm/react-dom@18.3.1_react@18.3.1/node_modules/react-dom/cjs/react-dom.development.js:26505:5)
          at renderRootSync (/app/node_modules/.pnpm/react-dom@18.3.1_react@18.3.1/node_modules/react-dom/cjs/react-dom.development.js:26473:7)
          at recoverFromConcurrentError (/app/node_modules/.pnpm/react-dom@18.3.1_react@18.3.1/node_modules/react-dom/cjs/react-dom.development.js:25889:20)
          at performConcurrentWorkOnRoot (/app/node_modules/.pnpm/react-dom@18.3.1_react@18.3.1/node_modules/react-dom/cjs/react-dom.development.js:25789:22)
          at flushActQueue (/app/node_modules/.pnpm/react@18.3.1/node_modules/react/cjs/react.development.js:2667:24)
          at act (/app/node_modules/.pnpm/react@18.3.1/node_modules/react/cjs/react.development.js:2582:11)
          at /app/node_modules/.pnpm/@testing-library+react@16.3.2_@testing-library+dom@10.4.1_@types+react-dom@18.3.7_@types+reac_3k5f6qynewwmkoqvlvtzlgtsjq/node_modules/@testing-library/react/dist/act-compat.js:46:25
          at renderRoot (/app/node_modules/.pnpm/@testing-library+react@16.3.2_@testing-library+dom@10.4.1_@types+react-dom@18.3.7_@types+reac_3k5f6qynewwmkoqvlvtzlgtsjq/node_modules/@testing-library/react/dist/pure.js:189:26)
          at render (/app/node_modules/.pnpm/@testing-library+react@16.3.2_@testing-library+dom@10.4.1_@types+react-dom@18.3.7_@types+reac_3k5f6qynewwmkoqvlvtzlgtsjq/node_modules/@testing-library/react/dist/pure.js:291:10)
          at Object.<anonymous> (/app/apps/admin/components/__tests__/roles-table.test.tsx:73:11)
          at Promise.then.completed (/app/node_modules/.pnpm/jest-circus@29.7.0/node_modules/jest-circus/build/utils.js:298:28)
          at new Promise (<anonymous>)
          at callAsyncCircusFn (/app/node_modules/.pnpm/jest-circus@29.7.0/node_modules/jest-circus/build/utils.js:231:10)
          at _callCircusTest (/app/node_modules/.pnpm/jest-circus@29.7.0/node_modules/jest-circus/build/run.js:316:40)
          at processTicksAndRejections (node:internal/process/task_queues:103:5)
          at _runTest (/app/node_modules/.pnpm/jest-circus@29.7.0/node_modules/jest-circus/build/run.js:252:3)
          at _runTestsForDescribeBlock (/app/node_modules/.pnpm/jest-circus@29.7.0/node_modules/jest-circus/build/run.js:126:9)
          at _runTestsForDescribeBlock (/app/node_modules/.pnpm/jest-circus@29.7.0/node_modules/jest-circus/build/run.js:121:9)
          at run (/app/node_modules/.pnpm/jest-circus@29.7.0/node_modules/jest-circus/build/run.js:71:3)
          at runAndTransformResultsToJestFormat (/app/node_modules/.pnpm/jest-circus@29.7.0/node_modules/jest-circus/build/legacy-code-todo-rewrite/jestAdapterInit.js:122:21)
          at jestAdapter (/app/node_modules/.pnpm/jest-circus@29.7.0/node_modules/jest-circus/build/legacy-code-todo-rewrite/jestAdapter.js:79:19)
          at runTestInternal (/app/node_modules/.pnpm/jest-runner@29.7.0/node_modules/jest-runner/build/runTest.js:367:16)
          at runTest (/app/node_modules/.pnpm/jest-runner@29.7.0/node_modules/jest-runner/build/runTest.js:444:34)
          at Object.worker (/app/node_modules/.pnpm/jest-runner@29.7.0/node_modules/jest-runner/build/testWorker.js:106:12) {
        detail: Error: `Tooltip` must be used within `TooltipProvider`
            at useContext2 (/app/node_modules/.pnpm/@radix-ui+react-context@1.1.2_@types+react@18.3.29_react@18.3.1/node_modules/@radix-ui/react-context/src/create-context.tsx:75:13)
            at Tooltip (/app/node_modules/.pnpm/@radix-ui+react-tooltip@1.2.8_@types+react-dom@18.3.7_@types+react@18.3.29__@types+react@18.3_xrwsnt2rmlacewwolijhmzdoxi/node_modules/@radix-ui/react-tooltip/src/tooltip.tsx:162:27)
            at renderWithHooks (/app/node_modules/.pnpm/react-dom@18.3.1_react@18.3.1/node_modules/react-dom/cjs/react-dom.development.js:15486:18)
            at mountIndeterminateComponent (/app/node_modules/.pnpm/react-dom@18.3.1_react@18.3.1/node_modules/react-dom/cjs/react-dom.development.js:20103:13)
            at beginWork (/app/node_modules/.pnpm/react-dom@18.3.1_react@18.3.1/node_modules/react-dom/cjs/react-dom.development.js:21626:16)
            at HTMLUnknownElement.callCallback (/app/node_modules/.pnpm/react-dom@18.3.1_react@18.3.1/node_modules/react-dom/cjs/react-dom.development.js:4164:14)
            at HTMLUnknownElement.callTheUserObjectsOperation (/app/node_modules/.pnpm/jsdom@20.0.3/node_modules/jsdom/lib/jsdom/living/generated/EventListener.js:26:30)
            at innerInvokeEventListeners (/app/node_modules/.pnpm/jsdom@20.0.3/node_modules/jsdom/lib/jsdom/living/events/EventTarget-impl.js:350:25)
            at invokeEventListeners (/app/node_modules/.pnpm/jsdom@20.0.3/node_modules/jsdom/lib/jsdom/living/events/EventTarget-impl.js:286:3)
            at HTMLUnknownElementImpl._dispatch (/app/node_modules/.pnpm/jsdom@20.0.3/node_modules/jsdom/lib/jsdom/living/events/EventTarget-impl.js:233:9)
            at HTMLUnknownElementImpl.dispatchEvent (/app/node_modules/.pnpm/jsdom@20.0.3/node_modules/jsdom/lib/jsdom/living/events/EventTarget-impl.js:104:17)
            at HTMLUnknownElement.dispatchEvent (/app/node_modules/.pnpm/jsdom@20.0.3/node_modules/jsdom/lib/jsdom/living/generated/EventTarget.js:241:34)
            at Object.invokeGuardedCallbackDev (/app/node_modules/.pnpm/react-dom@18.3.1_react@18.3.1/node_modules/react-dom/cjs/react-dom.development.js:4213:16)
            at invokeGuardedCallback (/app/node_modules/.pnpm/react-dom@18.3.1_react@18.3.1/node_modules/react-dom/cjs/react-dom.development.js:4277:31)
            at beginWork$1 (/app/node_modules/.pnpm/react-dom@18.3.1_react@18.3.1/node_modules/react-dom/cjs/react-dom.development.js:27490:7)
            at performUnitOfWork (/app/node_modules/.pnpm/react-dom@18.3.1_react@18.3.1/node_modules/react-dom/cjs/react-dom.development.js:26599:12)
            at workLoopSync (/app/node_modules/.pnpm/react-dom@18.3.1_react@18.3.1/node_modules/react-dom/cjs/react-dom.development.js:26505:5)
            at renderRootSync (/app/node_modules/.pnpm/react-dom@18.3.1_react@18.3.1/node_modules/react-dom/cjs/react-dom.development.js:26473:7)
            at recoverFromConcurrentError (/app/node_modules/.pnpm/react-dom@18.3.1_react@18.3.1/node_modules/react-dom/cjs/react-dom.development.js:25889:20)
            at performConcurrentWorkOnRoot (/app/node_modules/.pnpm/react-dom@18.3.1_react@18.3.1/node_modules/react-dom/cjs/react-dom.development.js:25789:22)
            at flushActQueue (/app/node_modules/.pnpm/react@18.3.1/node_modules/react/cjs/react.development.js:2667:24)
            at act (/app/node_modules/.pnpm/react@18.3.1/node_modules/react/cjs/react.development.js:2582:11)
            at /app/node_modules/.pnpm/@testing-library+react@16.3.2_@testing-library+dom@10.4.1_@types+react-dom@18.3.7_@types+reac_3k5f6qynewwmkoqvlvtzlgtsjq/node_modules/@testing-library/react/dist/act-compat.js:46:25
            at renderRoot (/app/node_modules/.pnpm/@testing-library+react@16.3.2_@testing-library+dom@10.4.1_@types+react-dom@18.3.7_@types+reac_3k5f6qynewwmkoqvlvtzlgtsjq/node_modules/@testing-library/react/dist/pure.js:189:26)
            at render (/app/node_modules/.pnpm/@testing-library+react@16.3.2_@testing-library+dom@10.4.1_@types+react-dom@18.3.7_@types+reac_3k5f6qynewwmkoqvlvtzlgtsjq/node_modules/@testing-library/react/dist/pure.js:291:10)
            at Object.<anonymous> (/app/apps/admin/components/__tests__/roles-table.test.tsx:73:11)
            at Promise.then.completed (/app/node_modules/.pnpm/jest-circus@29.7.0/node_modules/jest-circus/build/utils.js:298:28)
            at new Promise (<anonymous>)
            at callAsyncCircusFn (/app/node_modules/.pnpm/jest-circus@29.7.0/node_modules/jest-circus/build/utils.js:231:10)
            at _callCircusTest (/app/node_modules/.pnpm/jest-circus@29.7.0/node_modules/jest-circus/build/run.js:316:40)
            at processTicksAndRejections (node:internal/process/task_queues:103:5)
            at _runTest (/app/node_modules/.pnpm/jest-circus@29.7.0/node_modules/jest-circus/build/run.js:252:3)
            at _runTestsForDescribeBlock (/app/node_modules/.pnpm/jest-circus@29.7.0/node_modules/jest-circus/build/run.js:126:9)
            at _runTestsForDescribeBlock (/app/node_modules/.pnpm/jest-circus@29.7.0/node_modules/jest-circus/build/run.js:121:9)
            at run (/app/node_modules/.pnpm/jest-circus@29.7.0/node_modules/jest-circus/build/run.js:71:3)
            at runAndTransformResultsToJestFormat (/app/node_modules/.pnpm/jest-circus@29.7.0/node_modules/jest-circus/build/legacy-code-todo-rewrite/jestAdapterInit.js:122:21)
            at jestAdapter (/app/node_modules/.pnpm/jest-circus@29.7.0/node_modules/jest-circus/build/legacy-code-todo-rewrite/jestAdapter.js:79:19)
            at runTestInternal (/app/node_modules/.pnpm/jest-runner@29.7.0/node_modules/jest-runner/build/runTest.js:367:16)
            at runTest (/app/node_modules/.pnpm/jest-runner@29.7.0/node_modules/jest-runner/build/runTest.js:444:34)
            at Object.worker (/app/node_modules/.pnpm/jest-runner@29.7.0/node_modules/jest-runner/build/testWorker.js:106:12),
        type: 'unhandled exception'
      }

      71 |
      72 |   it('clicking Delete on the unassigned role opens AlertDialog with the role name', async () => {
    > 73 |     render(withIntl(<RolesTable initial={initial} apps={apps} />))
         |           ^
      74 |     // Editor is the row with userCount 0 (deletable).
      75 |     const deleteItems = screen.getAllByRole('menuitem', { name: en.roles.actions.delete })
      76 |     fireEvent.click(deleteItems[0])

      at VirtualConsole.<anonymous> (../../node_modules/.pnpm/jest-environment-jsdom@29.7.0/node_modules/jest-environment-jsdom/build/index.js:63:23)
      at reportException (../../node_modules/.pnpm/jsdom@20.0.3/node_modules/jsdom/lib/jsdom/living/helpers/runtime-script-errors.js:70:28)
      at innerInvokeEventListeners (../../node_modules/.pnpm/jsdom@20.0.3/node_modules/jsdom/lib/jsdom/living/events/EventTarget-impl.js:353:9)
      at invokeEventListeners (../../node_modules/.pnpm/jsdom@20.0.3/node_modules/jsdom/lib/jsdom/living/events/EventTarget-impl.js:286:3)
      at HTMLUnknownElementImpl._dispatch (../../node_modules/.pnpm/jsdom@20.0.3/node_modules/jsdom/lib/jsdom/living/events/EventTarget-impl.js:233:9)
      at HTMLUnknownElementImpl.dispatchEvent (../../node_modules/.pnpm/jsdom@20.0.3/node_modules/jsdom/lib/jsdom/living/events/EventTarget-impl.js:104:17)
      at HTMLUnknownElement.dispatchEvent (../../node_modules/.pnpm/jsdom@20.0.3/node_modules/jsdom/lib/jsdom/living/generated/EventTarget.js:241:34)
      at Object.invokeGuardedCallbackDev (../../node_modules/.pnpm/react-dom@18.3.1_react@18.3.1/node_modules/react-dom/cjs/react-dom.development.js:4213:16)
      at invokeGuardedCallback (../../node_modules/.pnpm/react-dom@18.3.1_react@18.3.1/node_modules/react-dom/cjs/react-dom.development.js:4277:31)
      at beginWork$1 (../../node_modules/.pnpm/react-dom@18.3.1_react@18.3.1/node_modules/react-dom/cjs/react-dom.development.js:27490:7)
      at performUnitOfWork (../../node_modules/.pnpm/react-dom@18.3.1_react@18.3.1/node_modules/react-dom/cjs/react-dom.development.js:26599:12)
      at workLoopSync (../../node_modules/.pnpm/react-dom@18.3.1_react@18.3.1/node_modules/react-dom/cjs/react-dom.development.js:26505:5)
      at renderRootSync (../../node_modules/.pnpm/react-dom@18.3.1_react@18.3.1/node_modules/react-dom/cjs/react-dom.development.js:26473:7)
      at recoverFromConcurrentError (../../node_modules/.pnpm/react-dom@18.3.1_react@18.3.1/node_modules/react-dom/cjs/react-dom.development.js:25889:20)
      at performConcurrentWorkOnRoot (../../node_modules/.pnpm/react-dom@18.3.1_react@18.3.1/node_modules/react-dom/cjs/react-dom.development.js:25789:22)
      at flushActQueue (../../node_modules/.pnpm/react@18.3.1/node_modules/react/cjs/react.development.js:2667:24)
      at act (../../node_modules/.pnpm/react@18.3.1/node_modules/react/cjs/react.development.js:2582:11)
      at ../../node_modules/.pnpm/@testing-library+react@16.3.2_@testing-library+dom@10.4.1_@types+react-dom@18.3.7_@types+reac_3k5f6qynewwmkoqvlvtzlgtsjq/node_modules/@testing-library/react/dist/act-compat.js:46:25
      at renderRoot (../../node_modules/.pnpm/@testing-library+react@16.3.2_@testing-library+dom@10.4.1_@types+react-dom@18.3.7_@types+reac_3k5f6qynewwmkoqvlvtzlgtsjq/node_modules/@testing-library/react/dist/pure.js:189:26)
      at render (../../node_modules/.pnpm/@testing-library+react@16.3.2_@testing-library+dom@10.4.1_@types+react-dom@18.3.7_@types+reac_3k5f6qynewwmkoqvlvtzlgtsjq/node_modules/@testing-library/react/dist/pure.js:291:10)
      at Object.<anonymous> (components/__tests__/roles-table.test.tsx:73:11)

    console.error
      The above error occurred in the <Tooltip> component:

          at Tooltip (/app/node_modules/.pnpm/@radix-ui+react-tooltip@1.2.8_@types+react-dom@18.3.7_@types+react@18.3.29__@types+react@18.3_xrwsnt2rmlacewwolijhmzdoxi/node_modules/@radix-ui/react-tooltip/src/tooltip.tsx:154:5)
          at div
          at cell (/app/apps/admin/components/roles-table.tsx:82:16)
          at td
          at /app/packages/ui/src/components/ui/table.tsx:87:6
          at tr
          at /app/packages/ui/src/components/ui/table.tsx:57:6
          at tbody
          at /app/packages/ui/src/components/ui/table.tsx:30:6
          at table
          at div
          at /app/packages/ui/src/components/ui/table.tsx:8:6
          at DataTable (/app/packages/ui/src/components/data-table.tsx:23:36)
          at div
          at RolesTable (/app/apps/admin/components/roles-table.tsx:27:30)
          at IntlProvider (/app/node_modules/.pnpm/use-intl@3.26.5_react@18.3.1/node_modules/use-intl/dist/development/_IntlProvider.js:16:5)
          at NextIntlClientProvider (/app/node_modules/.pnpm/next-intl@3.26.5_next@15.5.18_@babel+core@7.29.7_@opentelemetry+api@1.9.1_@playwright+test@1._uib3rlo2eksg3yll53rffkx7ea/node_modules/next-intl/dist/development/shared/NextIntlClientProvider.js:16:5)

      Consider adding an error boundary to your tree to customize error handling behavior.
      Visit https://reactjs.org/link/error-boundaries to learn more about error boundaries.

      71 |
      72 |   it('clicking Delete on the unassigned role opens AlertDialog with the role name', async () => {
    > 73 |     render(withIntl(<RolesTable initial={initial} apps={apps} />))
         |           ^
      74 |     // Editor is the row with userCount 0 (deletable).
      75 |     const deleteItems = screen.getAllByRole('menuitem', { name: en.roles.actions.delete })
      76 |     fireEvent.click(deleteItems[0])

      at logCapturedError (../../node_modules/.pnpm/react-dom@18.3.1_react@18.3.1/node_modules/react-dom/cjs/react-dom.development.js:18704:23)
      at update.callback (../../node_modules/.pnpm/react-dom@18.3.1_react@18.3.1/node_modules/react-dom/cjs/react-dom.development.js:18737:5)
      at callCallback (../../node_modules/.pnpm/react-dom@18.3.1_react@18.3.1/node_modules/react-dom/cjs/react-dom.development.js:15036:12)
      at commitUpdateQueue (../../node_modules/.pnpm/react-dom@18.3.1_react@18.3.1/node_modules/react-dom/cjs/react-dom.development.js:15057:9)
      at commitLayoutEffectOnFiber (../../node_modules/.pnpm/react-dom@18.3.1_react@18.3.1/node_modules/react-dom/cjs/react-dom.development.js:23430:13)
      at commitLayoutMountEffects_complete (../../node_modules/.pnpm/react-dom@18.3.1_react@18.3.1/node_modules/react-dom/cjs/react-dom.development.js:24727:9)
      at commitLayoutEffects_begin (../../node_modules/.pnpm/react-dom@18.3.1_react@18.3.1/node_modules/react-dom/cjs/react-dom.development.js:24713:7)
      at commitLayoutEffects (../../node_modules/.pnpm/react-dom@18.3.1_react@18.3.1/node_modules/react-dom/cjs/react-dom.development.js:24651:3)
      at commitRootImpl (../../node_modules/.pnpm/react-dom@18.3.1_react@18.3.1/node_modules/react-dom/cjs/react-dom.development.js:26862:5)
      at commitRoot (../../node_modules/.pnpm/react-dom@18.3.1_react@18.3.1/node_modules/react-dom/cjs/react-dom.development.js:26721:5)
      at finishConcurrentRender (../../node_modules/.pnpm/react-dom@18.3.1_react@18.3.1/node_modules/react-dom/cjs/react-dom.development.js:25931:9)
      at performConcurrentWorkOnRoot (../../node_modules/.pnpm/react-dom@18.3.1_react@18.3.1/node_modules/react-dom/cjs/react-dom.development.js:25848:7)
      at flushActQueue (../../node_modules/.pnpm/react@18.3.1/node_modules/react/cjs/react.development.js:2667:24)
      at act (../../node_modules/.pnpm/react@18.3.1/node_modules/react/cjs/react.development.js:2582:11)
      at ../../node_modules/.pnpm/@testing-library+react@16.3.2_@testing-library+dom@10.4.1_@types+react-dom@18.3.7_@types+reac_3k5f6qynewwmkoqvlvtzlgtsjq/node_modules/@testing-library/react/dist/act-compat.js:46:25
      at renderRoot (../../node_modules/.pnpm/@testing-library+react@16.3.2_@testing-library+dom@10.4.1_@types+react-dom@18.3.7_@types+reac_3k5f6qynewwmkoqvlvtzlgtsjq/node_modules/@testing-library/react/dist/pure.js:189:26)
      at render (../../node_modules/.pnpm/@testing-library+react@16.3.2_@testing-library+dom@10.4.1_@types+react-dom@18.3.7_@types+reac_3k5f6qynewwmkoqvlvtzlgtsjq/node_modules/@testing-library/react/dist/pure.js:291:10)
      at Object.<anonymous> (components/__tests__/roles-table.test.tsx:73:11)

    console.error
      The above error occurred in the <Tooltip> component:

          at Tooltip (/app/node_modules/.pnpm/@radix-ui+react-tooltip@1.2.8_@types+react-dom@18.3.7_@types+react@18.3.29__@types+react@18.3_xrwsnt2rmlacewwolijhmzdoxi/node_modules/@radix-ui/react-tooltip/src/tooltip.tsx:154:5)
          at Passthrough (/app/apps/admin/components/__tests__/roles-table.test.tsx:20:26)
          at cell (/app/apps/admin/components/roles-table.tsx:123:16)
          at td
          at /app/packages/ui/src/components/ui/table.tsx:87:6
          at tr
          at /app/packages/ui/src/components/ui/table.tsx:57:6
          at tbody
          at /app/packages/ui/src/components/ui/table.tsx:30:6
          at table
          at div
          at /app/packages/ui/src/components/ui/table.tsx:8:6
          at DataTable (/app/packages/ui/src/components/data-table.tsx:23:36)
          at div
          at RolesTable (/app/apps/admin/components/roles-table.tsx:27:30)
          at IntlProvider (/app/node_modules/.pnpm/use-intl@3.26.5_react@18.3.1/node_modules/use-intl/dist/development/_IntlProvider.js:16:5)
          at NextIntlClientProvider (/app/node_modules/.pnpm/next-intl@3.26.5_next@15.5.18_@babel+core@7.29.7_@opentelemetry+api@1.9.1_@playwright+test@1._uib3rlo2eksg3yll53rffkx7ea/node_modules/next-intl/dist/development/shared/NextIntlClientProvider.js:16:5)

      Consider adding an error boundary to your tree to customize error handling behavior.
      Visit https://reactjs.org/link/error-boundaries to learn more about error boundaries.

      71 |
      72 |   it('clicking Delete on the unassigned role opens AlertDialog with the role name', async () => {
    > 73 |     render(withIntl(<RolesTable initial={initial} apps={apps} />))
         |           ^
      74 |     // Editor is the row with userCount 0 (deletable).
      75 |     const deleteItems = screen.getAllByRole('menuitem', { name: en.roles.actions.delete })
      76 |     fireEvent.click(deleteItems[0])

      at logCapturedError (../../node_modules/.pnpm/react-dom@18.3.1_react@18.3.1/node_modules/react-dom/cjs/react-dom.development.js:18704:23)
      at update.callback (../../node_modules/.pnpm/react-dom@18.3.1_react@18.3.1/node_modules/react-dom/cjs/react-dom.development.js:18737:5)
      at callCallback (../../node_modules/.pnpm/react-dom@18.3.1_react@18.3.1/node_modules/react-dom/cjs/react-dom.development.js:15036:12)
      at commitUpdateQueue (../../node_modules/.pnpm/react-dom@18.3.1_react@18.3.1/node_modules/react-dom/cjs/react-dom.development.js:15057:9)
      at commitLayoutEffectOnFiber (../../node_modules/.pnpm/react-dom@18.3.1_react@18.3.1/node_modules/react-dom/cjs/react-dom.development.js:23430:13)
      at commitLayoutMountEffects_complete (../../node_modules/.pnpm/react-dom@18.3.1_react@18.3.1/node_modules/react-dom/cjs/react-dom.development.js:24727:9)
      at commitLayoutEffects_begin (../../node_modules/.pnpm/react-dom@18.3.1_react@18.3.1/node_modules/react-dom/cjs/react-dom.development.js:24713:7)
      at commitLayoutEffects (../../node_modules/.pnpm/react-dom@18.3.1_react@18.3.1/node_modules/react-dom/cjs/react-dom.development.js:24651:3)
      at commitRootImpl (../../node_modules/.pnpm/react-dom@18.3.1_react@18.3.1/node_modules/react-dom/cjs/react-dom.development.js:26862:5)
      at commitRoot (../../node_modules/.pnpm/react-dom@18.3.1_react@18.3.1/node_modules/react-dom/cjs/react-dom.development.js:26721:5)
      at finishConcurrentRender (../../node_modules/.pnpm/react-dom@18.3.1_react@18.3.1/node_modules/react-dom/cjs/react-dom.development.js:25931:9)
      at performConcurrentWorkOnRoot (../../node_modules/.pnpm/react-dom@18.3.1_react@18.3.1/node_modules/react-dom/cjs/react-dom.development.js:25848:7)
      at flushActQueue (../../node_modules/.pnpm/react@18.3.1/node_modules/react/cjs/react.development.js:2667:24)
      at act (../../node_modules/.pnpm/react@18.3.1/node_modules/react/cjs/react.development.js:2582:11)
      at ../../node_modules/.pnpm/@testing-library+react@16.3.2_@testing-library+dom@10.4.1_@types+react-dom@18.3.7_@types+reac_3k5f6qynewwmkoqvlvtzlgtsjq/node_modules/@testing-library/react/dist/act-compat.js:46:25
      at renderRoot (../../node_modules/.pnpm/@testing-library+react@16.3.2_@testing-library+dom@10.4.1_@types+react-dom@18.3.7_@types+reac_3k5f6qynewwmkoqvlvtzlgtsjq/node_modules/@testing-library/react/dist/pure.js:189:26)
      at render (../../node_modules/.pnpm/@testing-library+react@16.3.2_@testing-library+dom@10.4.1_@types+react-dom@18.3.7_@types+reac_3k5f6qynewwmkoqvlvtzlgtsjq/node_modules/@testing-library/react/dist/pure.js:291:10)
      at Object.<anonymous> (components/__tests__/roles-table.test.tsx:73:11)

    console.error
      The above error occurred in the <Tooltip> component:

          at Tooltip (/app/node_modules/.pnpm/@radix-ui+react-tooltip@1.2.8_@types+react-dom@18.3.7_@types+react@18.3.29__@types+react@18.3_xrwsnt2rmlacewwolijhmzdoxi/node_modules/@radix-ui/react-tooltip/src/tooltip.tsx:154:5)
          at div
          at cell (/app/apps/admin/components/roles-table.tsx:82:16)
          at td
          at /app/packages/ui/src/components/ui/table.tsx:87:6
          at tr
          at /app/packages/ui/src/components/ui/table.tsx:57:6
          at tbody
          at /app/packages/ui/src/components/ui/table.tsx:30:6
          at table
          at div
          at /app/packages/ui/src/components/ui/table.tsx:8:6
          at DataTable (/app/packages/ui/src/components/data-table.tsx:23:36)
          at div
          at RolesTable (/app/apps/admin/components/roles-table.tsx:27:30)
          at IntlProvider (/app/node_modules/.pnpm/use-intl@3.26.5_react@18.3.1/node_modules/use-intl/dist/development/_IntlProvider.js:16:5)
          at NextIntlClientProvider (/app/node_modules/.pnpm/next-intl@3.26.5_next@15.5.18_@babel+core@7.29.7_@opentelemetry+api@1.9.1_@playwright+test@1._uib3rlo2eksg3yll53rffkx7ea/node_modules/next-intl/dist/development/shared/NextIntlClientProvider.js:16:5)

      Consider adding an error boundary to your tree to customize error handling behavior.
      Visit https://reactjs.org/link/error-boundaries to learn more about error boundaries.

      71 |
      72 |   it('clicking Delete on the unassigned role opens AlertDialog with the role name', async () => {
    > 73 |     render(withIntl(<RolesTable initial={initial} apps={apps} />))
         |           ^
      74 |     // Editor is the row with userCount 0 (deletable).
      75 |     const deleteItems = screen.getAllByRole('menuitem', { name: en.roles.actions.delete })
      76 |     fireEvent.click(deleteItems[0])

      at logCapturedError (../../node_modules/.pnpm/react-dom@18.3.1_react@18.3.1/node_modules/react-dom/cjs/react-dom.development.js:18704:23)
      at update.callback (../../node_modules/.pnpm/react-dom@18.3.1_react@18.3.1/node_modules/react-dom/cjs/react-dom.development.js:18737:5)
      at callCallback (../../node_modules/.pnpm/react-dom@18.3.1_react@18.3.1/node_modules/react-dom/cjs/react-dom.development.js:15036:12)
      at commitUpdateQueue (../../node_modules/.pnpm/react-dom@18.3.1_react@18.3.1/node_modules/react-dom/cjs/react-dom.development.js:15057:9)
      at commitLayoutEffectOnFiber (../../node_modules/.pnpm/react-dom@18.3.1_react@18.3.1/node_modules/react-dom/cjs/react-dom.development.js:23430:13)
      at commitLayoutMountEffects_complete (../../node_modules/.pnpm/react-dom@18.3.1_react@18.3.1/node_modules/react-dom/cjs/react-dom.development.js:24727:9)
      at commitLayoutEffects_begin (../../node_modules/.pnpm/react-dom@18.3.1_react@18.3.1/node_modules/react-dom/cjs/react-dom.development.js:24713:7)
      at commitLayoutEffects (../../node_modules/.pnpm/react-dom@18.3.1_react@18.3.1/node_modules/react-dom/cjs/react-dom.development.js:24651:3)
      at commitRootImpl (../../node_modules/.pnpm/react-dom@18.3.1_react@18.3.1/node_modules/react-dom/cjs/react-dom.development.js:26862:5)
      at commitRoot (../../node_modules/.pnpm/react-dom@18.3.1_react@18.3.1/node_modules/react-dom/cjs/react-dom.development.js:26721:5)
      at finishConcurrentRender (../../node_modules/.pnpm/react-dom@18.3.1_react@18.3.1/node_modules/react-dom/cjs/react-dom.development.js:25931:9)
      at performConcurrentWorkOnRoot (../../node_modules/.pnpm/react-dom@18.3.1_react@18.3.1/node_modules/react-dom/cjs/react-dom.development.js:25848:7)
      at flushActQueue (../../node_modules/.pnpm/react@18.3.1/node_modules/react/cjs/react.development.js:2667:24)
      at act (../../node_modules/.pnpm/react@18.3.1/node_modules/react/cjs/react.development.js:2582:11)
      at ../../node_modules/.pnpm/@testing-library+react@16.3.2_@testing-library+dom@10.4.1_@types+react-dom@18.3.7_@types+reac_3k5f6qynewwmkoqvlvtzlgtsjq/node_modules/@testing-library/react/dist/act-compat.js:46:25
      at renderRoot (../../node_modules/.pnpm/@testing-library+react@16.3.2_@testing-library+dom@10.4.1_@types+react-dom@18.3.7_@types+reac_3k5f6qynewwmkoqvlvtzlgtsjq/node_modules/@testing-library/react/dist/pure.js:189:26)
      at render (../../node_modules/.pnpm/@testing-library+react@16.3.2_@testing-library+dom@10.4.1_@types+react-dom@18.3.7_@types+reac_3k5f6qynewwmkoqvlvtzlgtsjq/node_modules/@testing-library/react/dist/pure.js:291:10)
      at Object.<anonymous> (components/__tests__/roles-table.test.tsx:73:11)

    console.error
      The above error occurred in the <Tooltip> component:

          at Tooltip (/app/node_modules/.pnpm/@radix-ui+react-tooltip@1.2.8_@types+react-dom@18.3.7_@types+react@18.3.29__@types+react@18.3_xrwsnt2rmlacewwolijhmzdoxi/node_modules/@radix-ui/react-tooltip/src/tooltip.tsx:154:5)
          at Passthrough (/app/apps/admin/components/__tests__/roles-table.test.tsx:20:26)
          at cell (/app/apps/admin/components/roles-table.tsx:123:16)
          at td
          at /app/packages/ui/src/components/ui/table.tsx:87:6
          at tr
          at /app/packages/ui/src/components/ui/table.tsx:57:6
          at tbody
          at /app/packages/ui/src/components/ui/table.tsx:30:6
          at table
          at div
          at /app/packages/ui/src/components/ui/table.tsx:8:6
          at DataTable (/app/packages/ui/src/components/data-table.tsx:23:36)
          at div
          at RolesTable (/app/apps/admin/components/roles-table.tsx:27:30)
          at IntlProvider (/app/node_modules/.pnpm/use-intl@3.26.5_react@18.3.1/node_modules/use-intl/dist/development/_IntlProvider.js:16:5)
          at NextIntlClientProvider (/app/node_modules/.pnpm/next-intl@3.26.5_next@15.5.18_@babel+core@7.29.7_@opentelemetry+api@1.9.1_@playwright+test@1._uib3rlo2eksg3yll53rffkx7ea/node_modules/next-intl/dist/development/shared/NextIntlClientProvider.js:16:5)

      Consider adding an error boundary to your tree to customize error handling behavior.
      Visit https://reactjs.org/link/error-boundaries to learn more about error boundaries.

      71 |
      72 |   it('clicking Delete on the unassigned role opens AlertDialog with the role name', async () => {
    > 73 |     render(withIntl(<RolesTable initial={initial} apps={apps} />))
         |           ^
      74 |     // Editor is the row with userCount 0 (deletable).
      75 |     const deleteItems = screen.getAllByRole('menuitem', { name: en.roles.actions.delete })
      76 |     fireEvent.click(deleteItems[0])

      at logCapturedError (../../node_modules/.pnpm/react-dom@18.3.1_react@18.3.1/node_modules/react-dom/cjs/react-dom.development.js:18704:23)
      at update.callback (../../node_modules/.pnpm/react-dom@18.3.1_react@18.3.1/node_modules/react-dom/cjs/react-dom.development.js:18737:5)
      at callCallback (../../node_modules/.pnpm/react-dom@18.3.1_react@18.3.1/node_modules/react-dom/cjs/react-dom.development.js:15036:12)
      at commitUpdateQueue (../../node_modules/.pnpm/react-dom@18.3.1_react@18.3.1/node_modules/react-dom/cjs/react-dom.development.js:15057:9)
      at commitLayoutEffectOnFiber (../../node_modules/.pnpm/react-dom@18.3.1_react@18.3.1/node_modules/react-dom/cjs/react-dom.development.js:23430:13)
      at commitLayoutMountEffects_complete (../../node_modules/.pnpm/react-dom@18.3.1_react@18.3.1/node_modules/react-dom/cjs/react-dom.development.js:24727:9)
      at commitLayoutEffects_begin (../../node_modules/.pnpm/react-dom@18.3.1_react@18.3.1/node_modules/react-dom/cjs/react-dom.development.js:24713:7)
      at commitLayoutEffects (../../node_modules/.pnpm/react-dom@18.3.1_react@18.3.1/node_modules/react-dom/cjs/react-dom.development.js:24651:3)
      at commitRootImpl (../../node_modules/.pnpm/react-dom@18.3.1_react@18.3.1/node_modules/react-dom/cjs/react-dom.development.js:26862:5)
      at commitRoot (../../node_modules/.pnpm/react-dom@18.3.1_react@18.3.1/node_modules/react-dom/cjs/react-dom.development.js:26721:5)
      at finishConcurrentRender (../../node_modules/.pnpm/react-dom@18.3.1_react@18.3.1/node_modules/react-dom/cjs/react-dom.development.js:25931:9)
      at performConcurrentWorkOnRoot (../../node_modules/.pnpm/react-dom@18.3.1_react@18.3.1/node_modules/react-dom/cjs/react-dom.development.js:25848:7)
      at flushActQueue (../../node_modules/.pnpm/react@18.3.1/node_modules/react/cjs/react.development.js:2667:24)
      at act (../../node_modules/.pnpm/react@18.3.1/node_modules/react/cjs/react.development.js:2582:11)
      at ../../node_modules/.pnpm/@testing-library+react@16.3.2_@testing-library+dom@10.4.1_@types+react-dom@18.3.7_@types+reac_3k5f6qynewwmkoqvlvtzlgtsjq/node_modules/@testing-library/react/dist/act-compat.js:46:25
      at renderRoot (../../node_modules/.pnpm/@testing-library+react@16.3.2_@testing-library+dom@10.4.1_@types+react-dom@18.3.7_@types+reac_3k5f6qynewwmkoqvlvtzlgtsjq/node_modules/@testing-library/react/dist/pure.js:189:26)
      at render (../../node_modules/.pnpm/@testing-library+react@16.3.2_@testing-library+dom@10.4.1_@types+react-dom@18.3.7_@types+reac_3k5f6qynewwmkoqvlvtzlgtsjq/node_modules/@testing-library/react/dist/pure.js:291:10)
      at Object.<anonymous> (components/__tests__/roles-table.test.tsx:73:11)

    console.error
      Error: Uncaught [Error: `Tooltip` must be used within `TooltipProvider`]
          at reportException (/app/node_modules/.pnpm/jsdom@20.0.3/node_modules/jsdom/lib/jsdom/living/helpers/runtime-script-errors.js:66:24)
          at innerInvokeEventListeners (/app/node_modules/.pnpm/jsdom@20.0.3/node_modules/jsdom/lib/jsdom/living/events/EventTarget-impl.js:353:9)
          at invokeEventListeners (/app/node_modules/.pnpm/jsdom@20.0.3/node_modules/jsdom/lib/jsdom/living/events/EventTarget-impl.js:286:3)
          at HTMLUnknownElementImpl._dispatch (/app/node_modules/.pnpm/jsdom@20.0.3/node_modules/jsdom/lib/jsdom/living/events/EventTarget-impl.js:233:9)
          at HTMLUnknownElementImpl.dispatchEvent (/app/node_modules/.pnpm/jsdom@20.0.3/node_modules/jsdom/lib/jsdom/living/events/EventTarget-impl.js:104:17)
          at HTMLUnknownElement.dispatchEvent (/app/node_modules/.pnpm/jsdom@20.0.3/node_modules/jsdom/lib/jsdom/living/generated/EventTarget.js:241:34)
          at Object.invokeGuardedCallbackDev (/app/node_modules/.pnpm/react-dom@18.3.1_react@18.3.1/node_modules/react-dom/cjs/react-dom.development.js:4213:16)
          at invokeGuardedCallback (/app/node_modules/.pnpm/react-dom@18.3.1_react@18.3.1/node_modules/react-dom/cjs/react-dom.development.js:4277:31)
          at beginWork$1 (/app/node_modules/.pnpm/react-dom@18.3.1_react@18.3.1/node_modules/react-dom/cjs/react-dom.development.js:27490:7)
          at performUnitOfWork (/app/node_modules/.pnpm/react-dom@18.3.1_react@18.3.1/node_modules/react-dom/cjs/react-dom.development.js:26599:12)
          at workLoopSync (/app/node_modules/.pnpm/react-dom@18.3.1_react@18.3.1/node_modules/react-dom/cjs/react-dom.development.js:26505:5)
          at renderRootSync (/app/node_modules/.pnpm/react-dom@18.3.1_react@18.3.1/node_modules/react-dom/cjs/react-dom.development.js:26473:7)
          at performConcurrentWorkOnRoot (/app/node_modules/.pnpm/react-dom@18.3.1_react@18.3.1/node_modules/react-dom/cjs/react-dom.development.js:25777:74)
          at flushActQueue (/app/node_modules/.pnpm/react@18.3.1/node_modules/react/cjs/react.development.js:2667:24)
          at act (/app/node_modules/.pnpm/react@18.3.1/node_modules/react/cjs/react.development.js:2582:11)
          at /app/node_modules/.pnpm/@testing-library+react@16.3.2_@testing-library+dom@10.4.1_@types+react-dom@18.3.7_@types+reac_3k5f6qynewwmkoqvlvtzlgtsjq/node_modules/@testing-library/react/dist/act-compat.js:46:25
          at renderRoot (/app/node_modules/.pnpm/@testing-library+react@16.3.2_@testing-library+dom@10.4.1_@types+react-dom@18.3.7_@types+reac_3k5f6qynewwmkoqvlvtzlgtsjq/node_modules/@testing-library/react/dist/pure.js:189:26)
          at render (/app/node_modules/.pnpm/@testing-library+react@16.3.2_@testing-library+dom@10.4.1_@types+react-dom@18.3.7_@types+reac_3k5f6qynewwmkoqvlvtzlgtsjq/node_modules/@testing-library/react/dist/pure.js:291:10)
          at Object.<anonymous> (/app/apps/admin/components/__tests__/roles-table.test.tsx:82:11)
          at Promise.then.completed (/app/node_modules/.pnpm/jest-circus@29.7.0/node_modules/jest-circus/build/utils.js:298:28)
          at new Promise (<anonymous>)
          at callAsyncCircusFn (/app/node_modules/.pnpm/jest-circus@29.7.0/node_modules/jest-circus/build/utils.js:231:10)
          at _callCircusTest (/app/node_modules/.pnpm/jest-circus@29.7.0/node_modules/jest-circus/build/run.js:316:40)
          at processTicksAndRejections (node:internal/process/task_queues:103:5)
          at _runTest (/app/node_modules/.pnpm/jest-circus@29.7.0/node_modules/jest-circus/build/run.js:252:3)
          at _runTestsForDescribeBlock (/app/node_modules/.pnpm/jest-circus@29.7.0/node_modules/jest-circus/build/run.js:126:9)
          at _runTestsForDescribeBlock (/app/node_modules/.pnpm/jest-circus@29.7.0/node_modules/jest-circus/build/run.js:121:9)
          at run (/app/node_modules/.pnpm/jest-circus@29.7.0/node_modules/jest-circus/build/run.js:71:3)
          at runAndTransformResultsToJestFormat (/app/node_modules/.pnpm/jest-circus@29.7.0/node_modules/jest-circus/build/legacy-code-todo-rewrite/jestAdapterInit.js:122:21)
          at jestAdapter (/app/node_modules/.pnpm/jest-circus@29.7.0/node_modules/jest-circus/build/legacy-code-todo-rewrite/jestAdapter.js:79:19)
          at runTestInternal (/app/node_modules/.pnpm/jest-runner@29.7.0/node_modules/jest-runner/build/runTest.js:367:16)
          at runTest (/app/node_modules/.pnpm/jest-runner@29.7.0/node_modules/jest-runner/build/runTest.js:444:34)
          at Object.worker (/app/node_modules/.pnpm/jest-runner@29.7.0/node_modules/jest-runner/build/testWorker.js:106:12) {
        detail: Error: `Tooltip` must be used within `TooltipProvider`
            at useContext2 (/app/node_modules/.pnpm/@radix-ui+react-context@1.1.2_@types+react@18.3.29_react@18.3.1/node_modules/@radix-ui/react-context/src/create-context.tsx:75:13)
            at Tooltip (/app/node_modules/.pnpm/@radix-ui+react-tooltip@1.2.8_@types+react-dom@18.3.7_@types+react@18.3.29__@types+react@18.3_xrwsnt2rmlacewwolijhmzdoxi/node_modules/@radix-ui/react-tooltip/src/tooltip.tsx:162:27)
            at renderWithHooks (/app/node_modules/.pnpm/react-dom@18.3.1_react@18.3.1/node_modules/react-dom/cjs/react-dom.development.js:15486:18)
            at mountIndeterminateComponent (/app/node_modules/.pnpm/react-dom@18.3.1_react@18.3.1/node_modules/react-dom/cjs/react-dom.development.js:20103:13)
            at beginWork (/app/node_modules/.pnpm/react-dom@18.3.1_react@18.3.1/node_modules/react-dom/cjs/react-dom.development.js:21626:16)
            at HTMLUnknownElement.callCallback (/app/node_modules/.pnpm/react-dom@18.3.1_react@18.3.1/node_modules/react-dom/cjs/react-dom.development.js:4164:14)
            at HTMLUnknownElement.callTheUserObjectsOperation (/app/node_modules/.pnpm/jsdom@20.0.3/node_modules/jsdom/lib/jsdom/living/generated/EventListener.js:26:30)
            at innerInvokeEventListeners (/app/node_modules/.pnpm/jsdom@20.0.3/node_modules/jsdom/lib/jsdom/living/events/EventTarget-impl.js:350:25)
            at invokeEventListeners (/app/node_modules/.pnpm/jsdom@20.0.3/node_modules/jsdom/lib/jsdom/living/events/EventTarget-impl.js:286:3)
            at HTMLUnknownElementImpl._dispatch (/app/node_modules/.pnpm/jsdom@20.0.3/node_modules/jsdom/lib/jsdom/living/events/EventTarget-impl.js:233:9)
            at HTMLUnknownElementImpl.dispatchEvent (/app/node_modules/.pnpm/jsdom@20.0.3/node_modules/jsdom/lib/jsdom/living/events/EventTarget-impl.js:104:17)
            at HTMLUnknownElement.dispatchEvent (/app/node_modules/.pnpm/jsdom@20.0.3/node_modules/jsdom/lib/jsdom/living/generated/EventTarget.js:241:34)
            at Object.invokeGuardedCallbackDev (/app/node_modules/.pnpm/react-dom@18.3.1_react@18.3.1/node_modules/react-dom/cjs/react-dom.development.js:4213:16)
            at invokeGuardedCallback (/app/node_modules/.pnpm/react-dom@18.3.1_react@18.3.1/node_modules/react-dom/cjs/react-dom.development.js:4277:31)
            at beginWork$1 (/app/node_modules/.pnpm/react-dom@18.3.1_react@18.3.1/node_modules/react-dom/cjs/react-dom.development.js:27490:7)
            at performUnitOfWork (/app/node_modules/.pnpm/react-dom@18.3.1_react@18.3.1/node_modules/react-dom/cjs/react-dom.development.js:26599:12)
            at workLoopSync (/app/node_modules/.pnpm/react-dom@18.3.1_react@18.3.1/node_modules/react-dom/cjs/react-dom.development.js:26505:5)
            at renderRootSync (/app/node_modules/.pnpm/react-dom@18.3.1_react@18.3.1/node_modules/react-dom/cjs/react-dom.development.js:26473:7)
            at performConcurrentWorkOnRoot (/app/node_modules/.pnpm/react-dom@18.3.1_react@18.3.1/node_modules/react-dom/cjs/react-dom.development.js:25777:74)
            at flushActQueue (/app/node_modules/.pnpm/react@18.3.1/node_modules/react/cjs/react.development.js:2667:24)
            at act (/app/node_modules/.pnpm/react@18.3.1/node_modules/react/cjs/react.development.js:2582:11)
            at /app/node_modules/.pnpm/@testing-library+react@16.3.2_@testing-library+dom@10.4.1_@types+react-dom@18.3.7_@types+reac_3k5f6qynewwmkoqvlvtzlgtsjq/node_modules/@testing-library/react/dist/act-compat.js:46:25
            at renderRoot (/app/node_modules/.pnpm/@testing-library+react@16.3.2_@testing-library+dom@10.4.1_@types+react-dom@18.3.7_@types+reac_3k5f6qynewwmkoqvlvtzlgtsjq/node_modules/@testing-library/react/dist/pure.js:189:26)
            at render (/app/node_modules/.pnpm/@testing-library+react@16.3.2_@testing-library+dom@10.4.1_@types+react-dom@18.3.7_@types+reac_3k5f6qynewwmkoqvlvtzlgtsjq/node_modules/@testing-library/react/dist/pure.js:291:10)
            at Object.<anonymous> (/app/apps/admin/components/__tests__/roles-table.test.tsx:82:11)
            at Promise.then.completed (/app/node_modules/.pnpm/jest-circus@29.7.0/node_modules/jest-circus/build/utils.js:298:28)
            at new Promise (<anonymous>)
            at callAsyncCircusFn (/app/node_modules/.pnpm/jest-circus@29.7.0/node_modules/jest-circus/build/utils.js:231:10)
            at _callCircusTest (/app/node_modules/.pnpm/jest-circus@29.7.0/node_modules/jest-circus/build/run.js:316:40)
            at processTicksAndRejections (node:internal/process/task_queues:103:5)
            at _runTest (/app/node_modules/.pnpm/jest-circus@29.7.0/node_modules/jest-circus/build/run.js:252:3)
            at _runTestsForDescribeBlock (/app/node_modules/.pnpm/jest-circus@29.7.0/node_modules/jest-circus/build/run.js:126:9)
            at _runTestsForDescribeBlock (/app/node_modules/.pnpm/jest-circus@29.7.0/node_modules/jest-circus/build/run.js:121:9)
            at run (/app/node_modules/.pnpm/jest-circus@29.7.0/node_modules/jest-circus/build/run.js:71:3)
            at runAndTransformResultsToJestFormat (/app/node_modules/.pnpm/jest-circus@29.7.0/node_modules/jest-circus/build/legacy-code-todo-rewrite/jestAdapterInit.js:122:21)
            at jestAdapter (/app/node_modules/.pnpm/jest-circus@29.7.0/node_modules/jest-circus/build/legacy-code-todo-rewrite/jestAdapter.js:79:19)
            at runTestInternal (/app/node_modules/.pnpm/jest-runner@29.7.0/node_modules/jest-runner/build/runTest.js:367:16)
            at runTest (/app/node_modules/.pnpm/jest-runner@29.7.0/node_modules/jest-runner/build/runTest.js:444:34)
            at Object.worker (/app/node_modules/.pnpm/jest-runner@29.7.0/node_modules/jest-runner/build/testWorker.js:106:12),
        type: 'unhandled exception'
      }

      80 |
      81 |   it('Delete on an in-use role is disabled (no AlertDialog opens)', () => {
    > 82 |     render(withIntl(<RolesTable initial={initial} apps={apps} />))
         |           ^
      83 |     const deleteItems = screen.getAllByRole('menuitem', { name: en.roles.actions.delete })
      84 |     // Second row (Platform Admin) has userCount 3.
      85 |     fireEvent.click(deleteItems[1])

      at VirtualConsole.<anonymous> (../../node_modules/.pnpm/jest-environment-jsdom@29.7.0/node_modules/jest-environment-jsdom/build/index.js:63:23)
      at reportException (../../node_modules/.pnpm/jsdom@20.0.3/node_modules/jsdom/lib/jsdom/living/helpers/runtime-script-errors.js:70:28)
      at innerInvokeEventListeners (../../node_modules/.pnpm/jsdom@20.0.3/node_modules/jsdom/lib/jsdom/living/events/EventTarget-impl.js:353:9)
      at invokeEventListeners (../../node_modules/.pnpm/jsdom@20.0.3/node_modules/jsdom/lib/jsdom/living/events/EventTarget-impl.js:286:3)
      at HTMLUnknownElementImpl._dispatch (../../node_modules/.pnpm/jsdom@20.0.3/node_modules/jsdom/lib/jsdom/living/events/EventTarget-impl.js:233:9)
      at HTMLUnknownElementImpl.dispatchEvent (../../node_modules/.pnpm/jsdom@20.0.3/node_modules/jsdom/lib/jsdom/living/events/EventTarget-impl.js:104:17)
      at HTMLUnknownElement.dispatchEvent (../../node_modules/.pnpm/jsdom@20.0.3/node_modules/jsdom/lib/jsdom/living/generated/EventTarget.js:241:34)
      at Object.invokeGuardedCallbackDev (../../node_modules/.pnpm/react-dom@18.3.1_react@18.3.1/node_modules/react-dom/cjs/react-dom.development.js:4213:16)
      at invokeGuardedCallback (../../node_modules/.pnpm/react-dom@18.3.1_react@18.3.1/node_modules/react-dom/cjs/react-dom.development.js:4277:31)
      at beginWork$1 (../../node_modules/.pnpm/react-dom@18.3.1_react@18.3.1/node_modules/react-dom/cjs/react-dom.development.js:27490:7)
      at performUnitOfWork (../../node_modules/.pnpm/react-dom@18.3.1_react@18.3.1/node_modules/react-dom/cjs/react-dom.development.js:26599:12)
      at workLoopSync (../../node_modules/.pnpm/react-dom@18.3.1_react@18.3.1/node_modules/react-dom/cjs/react-dom.development.js:26505:5)
      at renderRootSync (../../node_modules/.pnpm/react-dom@18.3.1_react@18.3.1/node_modules/react-dom/cjs/react-dom.development.js:26473:7)
      at performConcurrentWorkOnRoot (../../node_modules/.pnpm/react-dom@18.3.1_react@18.3.1/node_modules/react-dom/cjs/react-dom.development.js:25777:74)
      at flushActQueue (../../node_modules/.pnpm/react@18.3.1/node_modules/react/cjs/react.development.js:2667:24)
      at act (../../node_modules/.pnpm/react@18.3.1/node_modules/react/cjs/react.development.js:2582:11)
      at ../../node_modules/.pnpm/@testing-library+react@16.3.2_@testing-library+dom@10.4.1_@types+react-dom@18.3.7_@types+reac_3k5f6qynewwmkoqvlvtzlgtsjq/node_modules/@testing-library/react/dist/act-compat.js:46:25
      at renderRoot (../../node_modules/.pnpm/@testing-library+react@16.3.2_@testing-library+dom@10.4.1_@types+react-dom@18.3.7_@types+reac_3k5f6qynewwmkoqvlvtzlgtsjq/node_modules/@testing-library/react/dist/pure.js:189:26)
      at render (../../node_modules/.pnpm/@testing-library+react@16.3.2_@testing-library+dom@10.4.1_@types+react-dom@18.3.7_@types+reac_3k5f6qynewwmkoqvlvtzlgtsjq/node_modules/@testing-library/react/dist/pure.js:291:10)
      at Object.<anonymous> (components/__tests__/roles-table.test.tsx:82:11)

    console.error
      Error: Uncaught [Error: `Tooltip` must be used within `TooltipProvider`]
          at reportException (/app/node_modules/.pnpm/jsdom@20.0.3/node_modules/jsdom/lib/jsdom/living/helpers/runtime-script-errors.js:66:24)
          at innerInvokeEventListeners (/app/node_modules/.pnpm/jsdom@20.0.3/node_modules/jsdom/lib/jsdom/living/events/EventTarget-impl.js:353:9)
          at invokeEventListeners (/app/node_modules/.pnpm/jsdom@20.0.3/node_modules/jsdom/lib/jsdom/living/events/EventTarget-impl.js:286:3)
          at HTMLUnknownElementImpl._dispatch (/app/node_modules/.pnpm/jsdom@20.0.3/node_modules/jsdom/lib/jsdom/living/events/EventTarget-impl.js:233:9)
          at HTMLUnknownElementImpl.dispatchEvent (/app/node_modules/.pnpm/jsdom@20.0.3/node_modules/jsdom/lib/jsdom/living/events/EventTarget-impl.js:104:17)
          at HTMLUnknownElement.dispatchEvent (/app/node_modules/.pnpm/jsdom@20.0.3/node_modules/jsdom/lib/jsdom/living/generated/EventTarget.js:241:34)
          at Object.invokeGuardedCallbackDev (/app/node_modules/.pnpm/react-dom@18.3.1_react@18.3.1/node_modules/react-dom/cjs/react-dom.development.js:4213:16)
          at invokeGuardedCallback (/app/node_modules/.pnpm/react-dom@18.3.1_react@18.3.1/node_modules/react-dom/cjs/react-dom.development.js:4277:31)
          at beginWork$1 (/app/node_modules/.pnpm/react-dom@18.3.1_react@18.3.1/node_modules/react-dom/cjs/react-dom.development.js:27490:7)
          at performUnitOfWork (/app/node_modules/.pnpm/react-dom@18.3.1_react@18.3.1/node_modules/react-dom/cjs/react-dom.development.js:26599:12)
          at workLoopSync (/app/node_modules/.pnpm/react-dom@18.3.1_react@18.3.1/node_modules/react-dom/cjs/react-dom.development.js:26505:5)
          at renderRootSync (/app/node_modules/.pnpm/react-dom@18.3.1_react@18.3.1/node_modules/react-dom/cjs/react-dom.development.js:26473:7)
          at performConcurrentWorkOnRoot (/app/node_modules/.pnpm/react-dom@18.3.1_react@18.3.1/node_modules/react-dom/cjs/react-dom.development.js:25777:74)
          at flushActQueue (/app/node_modules/.pnpm/react@18.3.1/node_modules/react/cjs/react.development.js:2667:24)
          at act (/app/node_modules/.pnpm/react@18.3.1/node_modules/react/cjs/react.development.js:2582:11)
          at /app/node_modules/.pnpm/@testing-library+react@16.3.2_@testing-library+dom@10.4.1_@types+react-dom@18.3.7_@types+reac_3k5f6qynewwmkoqvlvtzlgtsjq/node_modules/@testing-library/react/dist/act-compat.js:46:25
          at renderRoot (/app/node_modules/.pnpm/@testing-library+react@16.3.2_@testing-library+dom@10.4.1_@types+react-dom@18.3.7_@types+reac_3k5f6qynewwmkoqvlvtzlgtsjq/node_modules/@testing-library/react/dist/pure.js:189:26)
          at render (/app/node_modules/.pnpm/@testing-library+react@16.3.2_@testing-library+dom@10.4.1_@types+react-dom@18.3.7_@types+reac_3k5f6qynewwmkoqvlvtzlgtsjq/node_modules/@testing-library/react/dist/pure.js:291:10)
          at Object.<anonymous> (/app/apps/admin/components/__tests__/roles-table.test.tsx:82:11)
          at Promise.then.completed (/app/node_modules/.pnpm/jest-circus@29.7.0/node_modules/jest-circus/build/utils.js:298:28)
          at new Promise (<anonymous>)
          at callAsyncCircusFn (/app/node_modules/.pnpm/jest-circus@29.7.0/node_modules/jest-circus/build/utils.js:231:10)
          at _callCircusTest (/app/node_modules/.pnpm/jest-circus@29.7.0/node_modules/jest-circus/build/run.js:316:40)
          at processTicksAndRejections (node:internal/process/task_queues:103:5)
          at _runTest (/app/node_modules/.pnpm/jest-circus@29.7.0/node_modules/jest-circus/build/run.js:252:3)
          at _runTestsForDescribeBlock (/app/node_modules/.pnpm/jest-circus@29.7.0/node_modules/jest-circus/build/run.js:126:9)
          at _runTestsForDescribeBlock (/app/node_modules/.pnpm/jest-circus@29.7.0/node_modules/jest-circus/build/run.js:121:9)
          at run (/app/node_modules/.pnpm/jest-circus@29.7.0/node_modules/jest-circus/build/run.js:71:3)
          at runAndTransformResultsToJestFormat (/app/node_modules/.pnpm/jest-circus@29.7.0/node_modules/jest-circus/build/legacy-code-todo-rewrite/jestAdapterInit.js:122:21)
          at jestAdapter (/app/node_modules/.pnpm/jest-circus@29.7.0/node_modules/jest-circus/build/legacy-code-todo-rewrite/jestAdapter.js:79:19)
          at runTestInternal (/app/node_modules/.pnpm/jest-runner@29.7.0/node_modules/jest-runner/build/runTest.js:367:16)
          at runTest (/app/node_modules/.pnpm/jest-runner@29.7.0/node_modules/jest-runner/build/runTest.js:444:34)
          at Object.worker (/app/node_modules/.pnpm/jest-runner@29.7.0/node_modules/jest-runner/build/testWorker.js:106:12) {
        detail: Error: `Tooltip` must be used within `TooltipProvider`
            at useContext2 (/app/node_modules/.pnpm/@radix-ui+react-context@1.1.2_@types+react@18.3.29_react@18.3.1/node_modules/@radix-ui/react-context/src/create-context.tsx:75:13)
            at Tooltip (/app/node_modules/.pnpm/@radix-ui+react-tooltip@1.2.8_@types+react-dom@18.3.7_@types+react@18.3.29__@types+react@18.3_xrwsnt2rmlacewwolijhmzdoxi/node_modules/@radix-ui/react-tooltip/src/tooltip.tsx:162:27)
            at renderWithHooks (/app/node_modules/.pnpm/react-dom@18.3.1_react@18.3.1/node_modules/react-dom/cjs/react-dom.development.js:15486:18)
            at mountIndeterminateComponent (/app/node_modules/.pnpm/react-dom@18.3.1_react@18.3.1/node_modules/react-dom/cjs/react-dom.development.js:20103:13)
            at beginWork (/app/node_modules/.pnpm/react-dom@18.3.1_react@18.3.1/node_modules/react-dom/cjs/react-dom.development.js:21626:16)
            at HTMLUnknownElement.callCallback (/app/node_modules/.pnpm/react-dom@18.3.1_react@18.3.1/node_modules/react-dom/cjs/react-dom.development.js:4164:14)
            at HTMLUnknownElement.callTheUserObjectsOperation (/app/node_modules/.pnpm/jsdom@20.0.3/node_modules/jsdom/lib/jsdom/living/generated/EventListener.js:26:30)
            at innerInvokeEventListeners (/app/node_modules/.pnpm/jsdom@20.0.3/node_modules/jsdom/lib/jsdom/living/events/EventTarget-impl.js:350:25)
            at invokeEventListeners (/app/node_modules/.pnpm/jsdom@20.0.3/node_modules/jsdom/lib/jsdom/living/events/EventTarget-impl.js:286:3)
            at HTMLUnknownElementImpl._dispatch (/app/node_modules/.pnpm/jsdom@20.0.3/node_modules/jsdom/lib/jsdom/living/events/EventTarget-impl.js:233:9)
            at HTMLUnknownElementImpl.dispatchEvent (/app/node_modules/.pnpm/jsdom@20.0.3/node_modules/jsdom/lib/jsdom/living/events/EventTarget-impl.js:104:17)
            at HTMLUnknownElement.dispatchEvent (/app/node_modules/.pnpm/jsdom@20.0.3/node_modules/jsdom/lib/jsdom/living/generated/EventTarget.js:241:34)
            at Object.invokeGuardedCallbackDev (/app/node_modules/.pnpm/react-dom@18.3.1_react@18.3.1/node_modules/react-dom/cjs/react-dom.development.js:4213:16)
            at invokeGuardedCallback (/app/node_modules/.pnpm/react-dom@18.3.1_react@18.3.1/node_modules/react-dom/cjs/react-dom.development.js:4277:31)
            at beginWork$1 (/app/node_modules/.pnpm/react-dom@18.3.1_react@18.3.1/node_modules/react-dom/cjs/react-dom.development.js:27490:7)
            at performUnitOfWork (/app/node_modules/.pnpm/react-dom@18.3.1_react@18.3.1/node_modules/react-dom/cjs/react-dom.development.js:26599:12)
            at workLoopSync (/app/node_modules/.pnpm/react-dom@18.3.1_react@18.3.1/node_modules/react-dom/cjs/react-dom.development.js:26505:5)
            at renderRootSync (/app/node_modules/.pnpm/react-dom@18.3.1_react@18.3.1/node_modules/react-dom/cjs/react-dom.development.js:26473:7)
            at performConcurrentWorkOnRoot (/app/node_modules/.pnpm/react-dom@18.3.1_react@18.3.1/node_modules/react-dom/cjs/react-dom.development.js:25777:74)
            at flushActQueue (/app/node_modules/.pnpm/react@18.3.1/node_modules/react/cjs/react.development.js:2667:24)
            at act (/app/node_modules/.pnpm/react@18.3.1/node_modules/react/cjs/react.development.js:2582:11)
            at /app/node_modules/.pnpm/@testing-library+react@16.3.2_@testing-library+dom@10.4.1_@types+react-dom@18.3.7_@types+reac_3k5f6qynewwmkoqvlvtzlgtsjq/node_modules/@testing-library/react/dist/act-compat.js:46:25
            at renderRoot (/app/node_modules/.pnpm/@testing-library+react@16.3.2_@testing-library+dom@10.4.1_@types+react-dom@18.3.7_@types+reac_3k5f6qynewwmkoqvlvtzlgtsjq/node_modules/@testing-library/react/dist/pure.js:189:26)
            at render (/app/node_modules/.pnpm/@testing-library+react@16.3.2_@testing-library+dom@10.4.1_@types+react-dom@18.3.7_@types+reac_3k5f6qynewwmkoqvlvtzlgtsjq/node_modules/@testing-library/react/dist/pure.js:291:10)
            at Object.<anonymous> (/app/apps/admin/components/__tests__/roles-table.test.tsx:82:11)
            at Promise.then.completed (/app/node_modules/.pnpm/jest-circus@29.7.0/node_modules/jest-circus/build/utils.js:298:28)
            at new Promise (<anonymous>)
            at callAsyncCircusFn (/app/node_modules/.pnpm/jest-circus@29.7.0/node_modules/jest-circus/build/utils.js:231:10)
            at _callCircusTest (/app/node_modules/.pnpm/jest-circus@29.7.0/node_modules/jest-circus/build/run.js:316:40)
            at processTicksAndRejections (node:internal/process/task_queues:103:5)
            at _runTest (/app/node_modules/.pnpm/jest-circus@29.7.0/node_modules/jest-circus/build/run.js:252:3)
            at _runTestsForDescribeBlock (/app/node_modules/.pnpm/jest-circus@29.7.0/node_modules/jest-circus/build/run.js:126:9)
            at _runTestsForDescribeBlock (/app/node_modules/.pnpm/jest-circus@29.7.0/node_modules/jest-circus/build/run.js:121:9)
            at run (/app/node_modules/.pnpm/jest-circus@29.7.0/node_modules/jest-circus/build/run.js:71:3)
            at runAndTransformResultsToJestFormat (/app/node_modules/.pnpm/jest-circus@29.7.0/node_modules/jest-circus/build/legacy-code-todo-rewrite/jestAdapterInit.js:122:21)
            at jestAdapter (/app/node_modules/.pnpm/jest-circus@29.7.0/node_modules/jest-circus/build/legacy-code-todo-rewrite/jestAdapter.js:79:19)
            at runTestInternal (/app/node_modules/.pnpm/jest-runner@29.7.0/node_modules/jest-runner/build/runTest.js:367:16)
            at runTest (/app/node_modules/.pnpm/jest-runner@29.7.0/node_modules/jest-runner/build/runTest.js:444:34)
            at Object.worker (/app/node_modules/.pnpm/jest-runner@29.7.0/node_modules/jest-runner/build/testWorker.js:106:12),
        type: 'unhandled exception'
      }

      80 |
      81 |   it('Delete on an in-use role is disabled (no AlertDialog opens)', () => {
    > 82 |     render(withIntl(<RolesTable initial={initial} apps={apps} />))
         |           ^
      83 |     const deleteItems = screen.getAllByRole('menuitem', { name: en.roles.actions.delete })
      84 |     // Second row (Platform Admin) has userCount 3.
      85 |     fireEvent.click(deleteItems[1])

      at VirtualConsole.<anonymous> (../../node_modules/.pnpm/jest-environment-jsdom@29.7.0/node_modules/jest-environment-jsdom/build/index.js:63:23)
      at reportException (../../node_modules/.pnpm/jsdom@20.0.3/node_modules/jsdom/lib/jsdom/living/helpers/runtime-script-errors.js:70:28)
      at innerInvokeEventListeners (../../node_modules/.pnpm/jsdom@20.0.3/node_modules/jsdom/lib/jsdom/living/events/EventTarget-impl.js:353:9)
      at invokeEventListeners (../../node_modules/.pnpm/jsdom@20.0.3/node_modules/jsdom/lib/jsdom/living/events/EventTarget-impl.js:286:3)
      at HTMLUnknownElementImpl._dispatch (../../node_modules/.pnpm/jsdom@20.0.3/node_modules/jsdom/lib/jsdom/living/events/EventTarget-impl.js:233:9)
      at HTMLUnknownElementImpl.dispatchEvent (../../node_modules/.pnpm/jsdom@20.0.3/node_modules/jsdom/lib/jsdom/living/events/EventTarget-impl.js:104:17)
      at HTMLUnknownElement.dispatchEvent (../../node_modules/.pnpm/jsdom@20.0.3/node_modules/jsdom/lib/jsdom/living/generated/EventTarget.js:241:34)
      at Object.invokeGuardedCallbackDev (../../node_modules/.pnpm/react-dom@18.3.1_react@18.3.1/node_modules/react-dom/cjs/react-dom.development.js:4213:16)
      at invokeGuardedCallback (../../node_modules/.pnpm/react-dom@18.3.1_react@18.3.1/node_modules/react-dom/cjs/react-dom.development.js:4277:31)
      at beginWork$1 (../../node_modules/.pnpm/react-dom@18.3.1_react@18.3.1/node_modules/react-dom/cjs/react-dom.development.js:27490:7)
      at performUnitOfWork (../../node_modules/.pnpm/react-dom@18.3.1_react@18.3.1/node_modules/react-dom/cjs/react-dom.development.js:26599:12)
      at workLoopSync (../../node_modules/.pnpm/react-dom@18.3.1_react@18.3.1/node_modules/react-dom/cjs/react-dom.development.js:26505:5)
      at renderRootSync (../../node_modules/.pnpm/react-dom@18.3.1_react@18.3.1/node_modules/react-dom/cjs/react-dom.development.js:26473:7)
      at performConcurrentWorkOnRoot (../../node_modules/.pnpm/react-dom@18.3.1_react@18.3.1/node_modules/react-dom/cjs/react-dom.development.js:25777:74)
      at flushActQueue (../../node_modules/.pnpm/react@18.3.1/node_modules/react/cjs/react.development.js:2667:24)
      at act (../../node_modules/.pnpm/react@18.3.1/node_modules/react/cjs/react.development.js:2582:11)
      at ../../node_modules/.pnpm/@testing-library+react@16.3.2_@testing-library+dom@10.4.1_@types+react-dom@18.3.7_@types+reac_3k5f6qynewwmkoqvlvtzlgtsjq/node_modules/@testing-library/react/dist/act-compat.js:46:25
      at renderRoot (../../node_modules/.pnpm/@testing-library+react@16.3.2_@testing-library+dom@10.4.1_@types+react-dom@18.3.7_@types+reac_3k5f6qynewwmkoqvlvtzlgtsjq/node_modules/@testing-library/react/dist/pure.js:189:26)
      at render (../../node_modules/.pnpm/@testing-library+react@16.3.2_@testing-library+dom@10.4.1_@types+react-dom@18.3.7_@types+reac_3k5f6qynewwmkoqvlvtzlgtsjq/node_modules/@testing-library/react/dist/pure.js:291:10)
      at Object.<anonymous> (components/__tests__/roles-table.test.tsx:82:11)

    console.error
      Error: Uncaught [Error: `Tooltip` must be used within `TooltipProvider`]
          at reportException (/app/node_modules/.pnpm/jsdom@20.0.3/node_modules/jsdom/lib/jsdom/living/helpers/runtime-script-errors.js:66:24)
          at innerInvokeEventListeners (/app/node_modules/.pnpm/jsdom@20.0.3/node_modules/jsdom/lib/jsdom/living/events/EventTarget-impl.js:353:9)
          at invokeEventListeners (/app/node_modules/.pnpm/jsdom@20.0.3/node_modules/jsdom/lib/jsdom/living/events/EventTarget-impl.js:286:3)
          at HTMLUnknownElementImpl._dispatch (/app/node_modules/.pnpm/jsdom@20.0.3/node_modules/jsdom/lib/jsdom/living/events/EventTarget-impl.js:233:9)
          at HTMLUnknownElementImpl.dispatchEvent (/app/node_modules/.pnpm/jsdom@20.0.3/node_modules/jsdom/lib/jsdom/living/events/EventTarget-impl.js:104:17)
          at HTMLUnknownElement.dispatchEvent (/app/node_modules/.pnpm/jsdom@20.0.3/node_modules/jsdom/lib/jsdom/living/generated/EventTarget.js:241:34)
          at Object.invokeGuardedCallbackDev (/app/node_modules/.pnpm/react-dom@18.3.1_react@18.3.1/node_modules/react-dom/cjs/react-dom.development.js:4213:16)
          at invokeGuardedCallback (/app/node_modules/.pnpm/react-dom@18.3.1_react@18.3.1/node_modules/react-dom/cjs/react-dom.development.js:4277:31)
          at beginWork$1 (/app/node_modules/.pnpm/react-dom@18.3.1_react@18.3.1/node_modules/react-dom/cjs/react-dom.development.js:27490:7)
          at performUnitOfWork (/app/node_modules/.pnpm/react-dom@18.3.1_react@18.3.1/node_modules/react-dom/cjs/react-dom.development.js:26599:12)
          at workLoopSync (/app/node_modules/.pnpm/react-dom@18.3.1_react@18.3.1/node_modules/react-dom/cjs/react-dom.development.js:26505:5)
          at renderRootSync (/app/node_modules/.pnpm/react-dom@18.3.1_react@18.3.1/node_modules/react-dom/cjs/react-dom.development.js:26473:7)
          at performConcurrentWorkOnRoot (/app/node_modules/.pnpm/react-dom@18.3.1_react@18.3.1/node_modules/react-dom/cjs/react-dom.development.js:25777:74)
          at flushActQueue (/app/node_modules/.pnpm/react@18.3.1/node_modules/react/cjs/react.development.js:2667:24)
          at act (/app/node_modules/.pnpm/react@18.3.1/node_modules/react/cjs/react.development.js:2582:11)
          at /app/node_modules/.pnpm/@testing-library+react@16.3.2_@testing-library+dom@10.4.1_@types+react-dom@18.3.7_@types+reac_3k5f6qynewwmkoqvlvtzlgtsjq/node_modules/@testing-library/react/dist/act-compat.js:46:25
          at renderRoot (/app/node_modules/.pnpm/@testing-library+react@16.3.2_@testing-library+dom@10.4.1_@types+react-dom@18.3.7_@types+reac_3k5f6qynewwmkoqvlvtzlgtsjq/node_modules/@testing-library/react/dist/pure.js:189:26)
          at render (/app/node_modules/.pnpm/@testing-library+react@16.3.2_@testing-library+dom@10.4.1_@types+react-dom@18.3.7_@types+reac_3k5f6qynewwmkoqvlvtzlgtsjq/node_modules/@testing-library/react/dist/pure.js:291:10)
          at Object.<anonymous> (/app/apps/admin/components/__tests__/roles-table.test.tsx:82:11)
          at Promise.then.completed (/app/node_modules/.pnpm/jest-circus@29.7.0/node_modules/jest-circus/build/utils.js:298:28)
          at new Promise (<anonymous>)
          at callAsyncCircusFn (/app/node_modules/.pnpm/jest-circus@29.7.0/node_modules/jest-circus/build/utils.js:231:10)
          at _callCircusTest (/app/node_modules/.pnpm/jest-circus@29.7.0/node_modules/jest-circus/build/run.js:316:40)
          at processTicksAndRejections (node:internal/process/task_queues:103:5)
          at _runTest (/app/node_modules/.pnpm/jest-circus@29.7.0/node_modules/jest-circus/build/run.js:252:3)
          at _runTestsForDescribeBlock (/app/node_modules/.pnpm/jest-circus@29.7.0/node_modules/jest-circus/build/run.js:126:9)
          at _runTestsForDescribeBlock (/app/node_modules/.pnpm/jest-circus@29.7.0/node_modules/jest-circus/build/run.js:121:9)
          at run (/app/node_modules/.pnpm/jest-circus@29.7.0/node_modules/jest-circus/build/run.js:71:3)
          at runAndTransformResultsToJestFormat (/app/node_modules/.pnpm/jest-circus@29.7.0/node_modules/jest-circus/build/legacy-code-todo-rewrite/jestAdapterInit.js:122:21)
          at jestAdapter (/app/node_modules/.pnpm/jest-circus@29.7.0/node_modules/jest-circus/build/legacy-code-todo-rewrite/jestAdapter.js:79:19)
          at runTestInternal (/app/node_modules/.pnpm/jest-runner@29.7.0/node_modules/jest-runner/build/runTest.js:367:16)
          at runTest (/app/node_modules/.pnpm/jest-runner@29.7.0/node_modules/jest-runner/build/runTest.js:444:34)
          at Object.worker (/app/node_modules/.pnpm/jest-runner@29.7.0/node_modules/jest-runner/build/testWorker.js:106:12) {
        detail: Error: `Tooltip` must be used within `TooltipProvider`
            at useContext2 (/app/node_modules/.pnpm/@radix-ui+react-context@1.1.2_@types+react@18.3.29_react@18.3.1/node_modules/@radix-ui/react-context/src/create-context.tsx:75:13)
            at Tooltip (/app/node_modules/.pnpm/@radix-ui+react-tooltip@1.2.8_@types+react-dom@18.3.7_@types+react@18.3.29__@types+react@18.3_xrwsnt2rmlacewwolijhmzdoxi/node_modules/@radix-ui/react-tooltip/src/tooltip.tsx:162:27)
            at renderWithHooks (/app/node_modules/.pnpm/react-dom@18.3.1_react@18.3.1/node_modules/react-dom/cjs/react-dom.development.js:15486:18)
            at mountIndeterminateComponent (/app/node_modules/.pnpm/react-dom@18.3.1_react@18.3.1/node_modules/react-dom/cjs/react-dom.development.js:20103:13)
            at beginWork (/app/node_modules/.pnpm/react-dom@18.3.1_react@18.3.1/node_modules/react-dom/cjs/react-dom.development.js:21626:16)
            at HTMLUnknownElement.callCallback (/app/node_modules/.pnpm/react-dom@18.3.1_react@18.3.1/node_modules/react-dom/cjs/react-dom.development.js:4164:14)
            at HTMLUnknownElement.callTheUserObjectsOperation (/app/node_modules/.pnpm/jsdom@20.0.3/node_modules/jsdom/lib/jsdom/living/generated/EventListener.js:26:30)
            at innerInvokeEventListeners (/app/node_modules/.pnpm/jsdom@20.0.3/node_modules/jsdom/lib/jsdom/living/events/EventTarget-impl.js:350:25)
            at invokeEventListeners (/app/node_modules/.pnpm/jsdom@20.0.3/node_modules/jsdom/lib/jsdom/living/events/EventTarget-impl.js:286:3)
            at HTMLUnknownElementImpl._dispatch (/app/node_modules/.pnpm/jsdom@20.0.3/node_modules/jsdom/lib/jsdom/living/events/EventTarget-impl.js:233:9)
            at HTMLUnknownElementImpl.dispatchEvent (/app/node_modules/.pnpm/jsdom@20.0.3/node_modules/jsdom/lib/jsdom/living/events/EventTarget-impl.js:104:17)
            at HTMLUnknownElement.dispatchEvent (/app/node_modules/.pnpm/jsdom@20.0.3/node_modules/jsdom/lib/jsdom/living/generated/EventTarget.js:241:34)
            at Object.invokeGuardedCallbackDev (/app/node_modules/.pnpm/react-dom@18.3.1_react@18.3.1/node_modules/react-dom/cjs/react-dom.development.js:4213:16)
            at invokeGuardedCallback (/app/node_modules/.pnpm/react-dom@18.3.1_react@18.3.1/node_modules/react-dom/cjs/react-dom.development.js:4277:31)
            at beginWork$1 (/app/node_modules/.pnpm/react-dom@18.3.1_react@18.3.1/node_modules/react-dom/cjs/react-dom.development.js:27490:7)
            at performUnitOfWork (/app/node_modules/.pnpm/react-dom@18.3.1_react@18.3.1/node_modules/react-dom/cjs/react-dom.development.js:26599:12)
            at workLoopSync (/app/node_modules/.pnpm/react-dom@18.3.1_react@18.3.1/node_modules/react-dom/cjs/react-dom.development.js:26505:5)
            at renderRootSync (/app/node_modules/.pnpm/react-dom@18.3.1_react@18.3.1/node_modules/react-dom/cjs/react-dom.development.js:26473:7)
            at performConcurrentWorkOnRoot (/app/node_modules/.pnpm/react-dom@18.3.1_react@18.3.1/node_modules/react-dom/cjs/react-dom.development.js:25777:74)
            at flushActQueue (/app/node_modules/.pnpm/react@18.3.1/node_modules/react/cjs/react.development.js:2667:24)
            at act (/app/node_modules/.pnpm/react@18.3.1/node_modules/react/cjs/react.development.js:2582:11)
            at /app/node_modules/.pnpm/@testing-library+react@16.3.2_@testing-library+dom@10.4.1_@types+react-dom@18.3.7_@types+reac_3k5f6qynewwmkoqvlvtzlgtsjq/node_modules/@testing-library/react/dist/act-compat.js:46:25
            at renderRoot (/app/node_modules/.pnpm/@testing-library+react@16.3.2_@testing-library+dom@10.4.1_@types+react-dom@18.3.7_@types+reac_3k5f6qynewwmkoqvlvtzlgtsjq/node_modules/@testing-library/react/dist/pure.js:189:26)
            at render (/app/node_modules/.pnpm/@testing-library+react@16.3.2_@testing-library+dom@10.4.1_@types+react-dom@18.3.7_@types+reac_3k5f6qynewwmkoqvlvtzlgtsjq/node_modules/@testing-library/react/dist/pure.js:291:10)
            at Object.<anonymous> (/app/apps/admin/components/__tests__/roles-table.test.tsx:82:11)
            at Promise.then.completed (/app/node_modules/.pnpm/jest-circus@29.7.0/node_modules/jest-circus/build/utils.js:298:28)
            at new Promise (<anonymous>)
            at callAsyncCircusFn (/app/node_modules/.pnpm/jest-circus@29.7.0/node_modules/jest-circus/build/utils.js:231:10)
            at _callCircusTest (/app/node_modules/.pnpm/jest-circus@29.7.0/node_modules/jest-circus/build/run.js:316:40)
            at processTicksAndRejections (node:internal/process/task_queues:103:5)
            at _runTest (/app/node_modules/.pnpm/jest-circus@29.7.0/node_modules/jest-circus/build/run.js:252:3)
            at _runTestsForDescribeBlock (/app/node_modules/.pnpm/jest-circus@29.7.0/node_modules/jest-circus/build/run.js:126:9)
            at _runTestsForDescribeBlock (/app/node_modules/.pnpm/jest-circus@29.7.0/node_modules/jest-circus/build/run.js:121:9)
            at run (/app/node_modules/.pnpm/jest-circus@29.7.0/node_modules/jest-circus/build/run.js:71:3)
            at runAndTransformResultsToJestFormat (/app/node_modules/.pnpm/jest-circus@29.7.0/node_modules/jest-circus/build/legacy-code-todo-rewrite/jestAdapterInit.js:122:21)
            at jestAdapter (/app/node_modules/.pnpm/jest-circus@29.7.0/node_modules/jest-circus/build/legacy-code-todo-rewrite/jestAdapter.js:79:19)
            at runTestInternal (/app/node_modules/.pnpm/jest-runner@29.7.0/node_modules/jest-runner/build/runTest.js:367:16)
            at runTest (/app/node_modules/.pnpm/jest-runner@29.7.0/node_modules/jest-runner/build/runTest.js:444:34)
            at Object.worker (/app/node_modules/.pnpm/jest-runner@29.7.0/node_modules/jest-runner/build/testWorker.js:106:12),
        type: 'unhandled exception'
      }

      80 |
      81 |   it('Delete on an in-use role is disabled (no AlertDialog opens)', () => {
    > 82 |     render(withIntl(<RolesTable initial={initial} apps={apps} />))
         |           ^
      83 |     const deleteItems = screen.getAllByRole('menuitem', { name: en.roles.actions.delete })
      84 |     // Second row (Platform Admin) has userCount 3.
      85 |     fireEvent.click(deleteItems[1])

      at VirtualConsole.<anonymous> (../../node_modules/.pnpm/jest-environment-jsdom@29.7.0/node_modules/jest-environment-jsdom/build/index.js:63:23)
      at reportException (../../node_modules/.pnpm/jsdom@20.0.3/node_modules/jsdom/lib/jsdom/living/helpers/runtime-script-errors.js:70:28)
      at innerInvokeEventListeners (../../node_modules/.pnpm/jsdom@20.0.3/node_modules/jsdom/lib/jsdom/living/events/EventTarget-impl.js:353:9)
      at invokeEventListeners (../../node_modules/.pnpm/jsdom@20.0.3/node_modules/jsdom/lib/jsdom/living/events/EventTarget-impl.js:286:3)
      at HTMLUnknownElementImpl._dispatch (../../node_modules/.pnpm/jsdom@20.0.3/node_modules/jsdom/lib/jsdom/living/events/EventTarget-impl.js:233:9)
      at HTMLUnknownElementImpl.dispatchEvent (../../node_modules/.pnpm/jsdom@20.0.3/node_modules/jsdom/lib/jsdom/living/events/EventTarget-impl.js:104:17)
      at HTMLUnknownElement.dispatchEvent (../../node_modules/.pnpm/jsdom@20.0.3/node_modules/jsdom/lib/jsdom/living/generated/EventTarget.js:241:34)
      at Object.invokeGuardedCallbackDev (../../node_modules/.pnpm/react-dom@18.3.1_react@18.3.1/node_modules/react-dom/cjs/react-dom.development.js:4213:16)
      at invokeGuardedCallback (../../node_modules/.pnpm/react-dom@18.3.1_react@18.3.1/node_modules/react-dom/cjs/react-dom.development.js:4277:31)
      at beginWork$1 (../../node_modules/.pnpm/react-dom@18.3.1_react@18.3.1/node_modules/react-dom/cjs/react-dom.development.js:27490:7)
      at performUnitOfWork (../../node_modules/.pnpm/react-dom@18.3.1_react@18.3.1/node_modules/react-dom/cjs/react-dom.development.js:26599:12)
      at workLoopSync (../../node_modules/.pnpm/react-dom@18.3.1_react@18.3.1/node_modules/react-dom/cjs/react-dom.development.js:26505:5)
      at renderRootSync (../../node_modules/.pnpm/react-dom@18.3.1_react@18.3.1/node_modules/react-dom/cjs/react-dom.development.js:26473:7)
      at performConcurrentWorkOnRoot (../../node_modules/.pnpm/react-dom@18.3.1_react@18.3.1/node_modules/react-dom/cjs/react-dom.development.js:25777:74)
      at flushActQueue (../../node_modules/.pnpm/react@18.3.1/node_modules/react/cjs/react.development.js:2667:24)
      at act (../../node_modules/.pnpm/react@18.3.1/node_modules/react/cjs/react.development.js:2582:11)
      at ../../node_modules/.pnpm/@testing-library+react@16.3.2_@testing-library+dom@10.4.1_@types+react-dom@18.3.7_@types+reac_3k5f6qynewwmkoqvlvtzlgtsjq/node_modules/@testing-library/react/dist/act-compat.js:46:25
      at renderRoot (../../node_modules/.pnpm/@testing-library+react@16.3.2_@testing-library+dom@10.4.1_@types+react-dom@18.3.7_@types+reac_3k5f6qynewwmkoqvlvtzlgtsjq/node_modules/@testing-library/react/dist/pure.js:189:26)
      at render (../../node_modules/.pnpm/@testing-library+react@16.3.2_@testing-library+dom@10.4.1_@types+react-dom@18.3.7_@types+reac_3k5f6qynewwmkoqvlvtzlgtsjq/node_modules/@testing-library/react/dist/pure.js:291:10)
      at Object.<anonymous> (components/__tests__/roles-table.test.tsx:82:11)

    console.error
      Error: Uncaught [Error: `Tooltip` must be used within `TooltipProvider`]
          at reportException (/app/node_modules/.pnpm/jsdom@20.0.3/node_modules/jsdom/lib/jsdom/living/helpers/runtime-script-errors.js:66:24)
          at innerInvokeEventListeners (/app/node_modules/.pnpm/jsdom@20.0.3/node_modules/jsdom/lib/jsdom/living/events/EventTarget-impl.js:353:9)
          at invokeEventListeners (/app/node_modules/.pnpm/jsdom@20.0.3/node_modules/jsdom/lib/jsdom/living/events/EventTarget-impl.js:286:3)
          at HTMLUnknownElementImpl._dispatch (/app/node_modules/.pnpm/jsdom@20.0.3/node_modules/jsdom/lib/jsdom/living/events/EventTarget-impl.js:233:9)
          at HTMLUnknownElementImpl.dispatchEvent (/app/node_modules/.pnpm/jsdom@20.0.3/node_modules/jsdom/lib/jsdom/living/events/EventTarget-impl.js:104:17)
          at HTMLUnknownElement.dispatchEvent (/app/node_modules/.pnpm/jsdom@20.0.3/node_modules/jsdom/lib/jsdom/living/generated/EventTarget.js:241:34)
          at Object.invokeGuardedCallbackDev (/app/node_modules/.pnpm/react-dom@18.3.1_react@18.3.1/node_modules/react-dom/cjs/react-dom.development.js:4213:16)
          at invokeGuardedCallback (/app/node_modules/.pnpm/react-dom@18.3.1_react@18.3.1/node_modules/react-dom/cjs/react-dom.development.js:4277:31)
          at beginWork$1 (/app/node_modules/.pnpm/react-dom@18.3.1_react@18.3.1/node_modules/react-dom/cjs/react-dom.development.js:27490:7)
          at performUnitOfWork (/app/node_modules/.pnpm/react-dom@18.3.1_react@18.3.1/node_modules/react-dom/cjs/react-dom.development.js:26599:12)
          at workLoopSync (/app/node_modules/.pnpm/react-dom@18.3.1_react@18.3.1/node_modules/react-dom/cjs/react-dom.development.js:26505:5)
          at renderRootSync (/app/node_modules/.pnpm/react-dom@18.3.1_react@18.3.1/node_modules/react-dom/cjs/react-dom.development.js:26473:7)
          at performConcurrentWorkOnRoot (/app/node_modules/.pnpm/react-dom@18.3.1_react@18.3.1/node_modules/react-dom/cjs/react-dom.development.js:25777:74)
          at flushActQueue (/app/node_modules/.pnpm/react@18.3.1/node_modules/react/cjs/react.development.js:2667:24)
          at act (/app/node_modules/.pnpm/react@18.3.1/node_modules/react/cjs/react.development.js:2582:11)
          at /app/node_modules/.pnpm/@testing-library+react@16.3.2_@testing-library+dom@10.4.1_@types+react-dom@18.3.7_@types+reac_3k5f6qynewwmkoqvlvtzlgtsjq/node_modules/@testing-library/react/dist/act-compat.js:46:25
          at renderRoot (/app/node_modules/.pnpm/@testing-library+react@16.3.2_@testing-library+dom@10.4.1_@types+react-dom@18.3.7_@types+reac_3k5f6qynewwmkoqvlvtzlgtsjq/node_modules/@testing-library/react/dist/pure.js:189:26)
          at render (/app/node_modules/.pnpm/@testing-library+react@16.3.2_@testing-library+dom@10.4.1_@types+react-dom@18.3.7_@types+reac_3k5f6qynewwmkoqvlvtzlgtsjq/node_modules/@testing-library/react/dist/pure.js:291:10)
          at Object.<anonymous> (/app/apps/admin/components/__tests__/roles-table.test.tsx:82:11)
          at Promise.then.completed (/app/node_modules/.pnpm/jest-circus@29.7.0/node_modules/jest-circus/build/utils.js:298:28)
          at new Promise (<anonymous>)
          at callAsyncCircusFn (/app/node_modules/.pnpm/jest-circus@29.7.0/node_modules/jest-circus/build/utils.js:231:10)
          at _callCircusTest (/app/node_modules/.pnpm/jest-circus@29.7.0/node_modules/jest-circus/build/run.js:316:40)
          at processTicksAndRejections (node:internal/process/task_queues:103:5)
          at _runTest (/app/node_modules/.pnpm/jest-circus@29.7.0/node_modules/jest-circus/build/run.js:252:3)
          at _runTestsForDescribeBlock (/app/node_modules/.pnpm/jest-circus@29.7.0/node_modules/jest-circus/build/run.js:126:9)
          at _runTestsForDescribeBlock (/app/node_modules/.pnpm/jest-circus@29.7.0/node_modules/jest-circus/build/run.js:121:9)
          at run (/app/node_modules/.pnpm/jest-circus@29.7.0/node_modules/jest-circus/build/run.js:71:3)
          at runAndTransformResultsToJestFormat (/app/node_modules/.pnpm/jest-circus@29.7.0/node_modules/jest-circus/build/legacy-code-todo-rewrite/jestAdapterInit.js:122:21)
          at jestAdapter (/app/node_modules/.pnpm/jest-circus@29.7.0/node_modules/jest-circus/build/legacy-code-todo-rewrite/jestAdapter.js:79:19)
          at runTestInternal (/app/node_modules/.pnpm/jest-runner@29.7.0/node_modules/jest-runner/build/runTest.js:367:16)
          at runTest (/app/node_modules/.pnpm/jest-runner@29.7.0/node_modules/jest-runner/build/runTest.js:444:34)
          at Object.worker (/app/node_modules/.pnpm/jest-runner@29.7.0/node_modules/jest-runner/build/testWorker.js:106:12) {
        detail: Error: `Tooltip` must be used within `TooltipProvider`
            at useContext2 (/app/node_modules/.pnpm/@radix-ui+react-context@1.1.2_@types+react@18.3.29_react@18.3.1/node_modules/@radix-ui/react-context/src/create-context.tsx:75:13)
            at Tooltip (/app/node_modules/.pnpm/@radix-ui+react-tooltip@1.2.8_@types+react-dom@18.3.7_@types+react@18.3.29__@types+react@18.3_xrwsnt2rmlacewwolijhmzdoxi/node_modules/@radix-ui/react-tooltip/src/tooltip.tsx:162:27)
            at renderWithHooks (/app/node_modules/.pnpm/react-dom@18.3.1_react@18.3.1/node_modules/react-dom/cjs/react-dom.development.js:15486:18)
            at mountIndeterminateComponent (/app/node_modules/.pnpm/react-dom@18.3.1_react@18.3.1/node_modules/react-dom/cjs/react-dom.development.js:20103:13)
            at beginWork (/app/node_modules/.pnpm/react-dom@18.3.1_react@18.3.1/node_modules/react-dom/cjs/react-dom.development.js:21626:16)
            at HTMLUnknownElement.callCallback (/app/node_modules/.pnpm/react-dom@18.3.1_react@18.3.1/node_modules/react-dom/cjs/react-dom.development.js:4164:14)
            at HTMLUnknownElement.callTheUserObjectsOperation (/app/node_modules/.pnpm/jsdom@20.0.3/node_modules/jsdom/lib/jsdom/living/generated/EventListener.js:26:30)
            at innerInvokeEventListeners (/app/node_modules/.pnpm/jsdom@20.0.3/node_modules/jsdom/lib/jsdom/living/events/EventTarget-impl.js:350:25)
            at invokeEventListeners (/app/node_modules/.pnpm/jsdom@20.0.3/node_modules/jsdom/lib/jsdom/living/events/EventTarget-impl.js:286:3)
            at HTMLUnknownElementImpl._dispatch (/app/node_modules/.pnpm/jsdom@20.0.3/node_modules/jsdom/lib/jsdom/living/events/EventTarget-impl.js:233:9)
            at HTMLUnknownElementImpl.dispatchEvent (/app/node_modules/.pnpm/jsdom@20.0.3/node_modules/jsdom/lib/jsdom/living/events/EventTarget-impl.js:104:17)
            at HTMLUnknownElement.dispatchEvent (/app/node_modules/.pnpm/jsdom@20.0.3/node_modules/jsdom/lib/jsdom/living/generated/EventTarget.js:241:34)
            at Object.invokeGuardedCallbackDev (/app/node_modules/.pnpm/react-dom@18.3.1_react@18.3.1/node_modules/react-dom/cjs/react-dom.development.js:4213:16)
            at invokeGuardedCallback (/app/node_modules/.pnpm/react-dom@18.3.1_react@18.3.1/node_modules/react-dom/cjs/react-dom.development.js:4277:31)
            at beginWork$1 (/app/node_modules/.pnpm/react-dom@18.3.1_react@18.3.1/node_modules/react-dom/cjs/react-dom.development.js:27490:7)
            at performUnitOfWork (/app/node_modules/.pnpm/react-dom@18.3.1_react@18.3.1/node_modules/react-dom/cjs/react-dom.development.js:26599:12)
            at workLoopSync (/app/node_modules/.pnpm/react-dom@18.3.1_react@18.3.1/node_modules/react-dom/cjs/react-dom.development.js:26505:5)
            at renderRootSync (/app/node_modules/.pnpm/react-dom@18.3.1_react@18.3.1/node_modules/react-dom/cjs/react-dom.development.js:26473:7)
            at performConcurrentWorkOnRoot (/app/node_modules/.pnpm/react-dom@18.3.1_react@18.3.1/node_modules/react-dom/cjs/react-dom.development.js:25777:74)
            at flushActQueue (/app/node_modules/.pnpm/react@18.3.1/node_modules/react/cjs/react.development.js:2667:24)
            at act (/app/node_modules/.pnpm/react@18.3.1/node_modules/react/cjs/react.development.js:2582:11)
            at /app/node_modules/.pnpm/@testing-library+react@16.3.2_@testing-library+dom@10.4.1_@types+react-dom@18.3.7_@types+reac_3k5f6qynewwmkoqvlvtzlgtsjq/node_modules/@testing-library/react/dist/act-compat.js:46:25
            at renderRoot (/app/node_modules/.pnpm/@testing-library+react@16.3.2_@testing-library+dom@10.4.1_@types+react-dom@18.3.7_@types+reac_3k5f6qynewwmkoqvlvtzlgtsjq/node_modules/@testing-library/react/dist/pure.js:189:26)
            at render (/app/node_modules/.pnpm/@testing-library+react@16.3.2_@testing-library+dom@10.4.1_@types+react-dom@18.3.7_@types+reac_3k5f6qynewwmkoqvlvtzlgtsjq/node_modules/@testing-library/react/dist/pure.js:291:10)
            at Object.<anonymous> (/app/apps/admin/components/__tests__/roles-table.test.tsx:82:11)
            at Promise.then.completed (/app/node_modules/.pnpm/jest-circus@29.7.0/node_modules/jest-circus/build/utils.js:298:28)
            at new Promise (<anonymous>)
            at callAsyncCircusFn (/app/node_modules/.pnpm/jest-circus@29.7.0/node_modules/jest-circus/build/utils.js:231:10)
            at _callCircusTest (/app/node_modules/.pnpm/jest-circus@29.7.0/node_modules/jest-circus/build/run.js:316:40)
            at processTicksAndRejections (node:internal/process/task_queues:103:5)
            at _runTest (/app/node_modules/.pnpm/jest-circus@29.7.0/node_modules/jest-circus/build/run.js:252:3)
            at _runTestsForDescribeBlock (/app/node_modules/.pnpm/jest-circus@29.7.0/node_modules/jest-circus/build/run.js:126:9)
            at _runTestsForDescribeBlock (/app/node_modules/.pnpm/jest-circus@29.7.0/node_modules/jest-circus/build/run.js:121:9)
            at run (/app/node_modules/.pnpm/jest-circus@29.7.0/node_modules/jest-circus/build/run.js:71:3)
            at runAndTransformResultsToJestFormat (/app/node_modules/.pnpm/jest-circus@29.7.0/node_modules/jest-circus/build/legacy-code-todo-rewrite/jestAdapterInit.js:122:21)
            at jestAdapter (/app/node_modules/.pnpm/jest-circus@29.7.0/node_modules/jest-circus/build/legacy-code-todo-rewrite/jestAdapter.js:79:19)
            at runTestInternal (/app/node_modules/.pnpm/jest-runner@29.7.0/node_modules/jest-runner/build/runTest.js:367:16)
            at runTest (/app/node_modules/.pnpm/jest-runner@29.7.0/node_modules/jest-runner/build/runTest.js:444:34)
            at Object.worker (/app/node_modules/.pnpm/jest-runner@29.7.0/node_modules/jest-runner/build/testWorker.js:106:12),
        type: 'unhandled exception'
      }

      80 |
      81 |   it('Delete on an in-use role is disabled (no AlertDialog opens)', () => {
    > 82 |     render(withIntl(<RolesTable initial={initial} apps={apps} />))
         |           ^
      83 |     const deleteItems = screen.getAllByRole('menuitem', { name: en.roles.actions.delete })
      84 |     // Second row (Platform Admin) has userCount 3.
      85 |     fireEvent.click(deleteItems[1])

      at VirtualConsole.<anonymous> (../../node_modules/.pnpm/jest-environment-jsdom@29.7.0/node_modules/jest-environment-jsdom/build/index.js:63:23)
      at reportException (../../node_modules/.pnpm/jsdom@20.0.3/node_modules/jsdom/lib/jsdom/living/helpers/runtime-script-errors.js:70:28)
      at innerInvokeEventListeners (../../node_modules/.pnpm/jsdom@20.0.3/node_modules/jsdom/lib/jsdom/living/events/EventTarget-impl.js:353:9)
      at invokeEventListeners (../../node_modules/.pnpm/jsdom@20.0.3/node_modules/jsdom/lib/jsdom/living/events/EventTarget-impl.js:286:3)
      at HTMLUnknownElementImpl._dispatch (../../node_modules/.pnpm/jsdom@20.0.3/node_modules/jsdom/lib/jsdom/living/events/EventTarget-impl.js:233:9)
      at HTMLUnknownElementImpl.dispatchEvent (../../node_modules/.pnpm/jsdom@20.0.3/node_modules/jsdom/lib/jsdom/living/events/EventTarget-impl.js:104:17)
      at HTMLUnknownElement.dispatchEvent (../../node_modules/.pnpm/jsdom@20.0.3/node_modules/jsdom/lib/jsdom/living/generated/EventTarget.js:241:34)
      at Object.invokeGuardedCallbackDev (../../node_modules/.pnpm/react-dom@18.3.1_react@18.3.1/node_modules/react-dom/cjs/react-dom.development.js:4213:16)
      at invokeGuardedCallback (../../node_modules/.pnpm/react-dom@18.3.1_react@18.3.1/node_modules/react-dom/cjs/react-dom.development.js:4277:31)
      at beginWork$1 (../../node_modules/.pnpm/react-dom@18.3.1_react@18.3.1/node_modules/react-dom/cjs/react-dom.development.js:27490:7)
      at performUnitOfWork (../../node_modules/.pnpm/react-dom@18.3.1_react@18.3.1/node_modules/react-dom/cjs/react-dom.development.js:26599:12)
      at workLoopSync (../../node_modules/.pnpm/react-dom@18.3.1_react@18.3.1/node_modules/react-dom/cjs/react-dom.development.js:26505:5)
      at renderRootSync (../../node_modules/.pnpm/react-dom@18.3.1_react@18.3.1/node_modules/react-dom/cjs/react-dom.development.js:26473:7)
      at performConcurrentWorkOnRoot (../../node_modules/.pnpm/react-dom@18.3.1_react@18.3.1/node_modules/react-dom/cjs/react-dom.development.js:25777:74)
      at flushActQueue (../../node_modules/.pnpm/react@18.3.1/node_modules/react/cjs/react.development.js:2667:24)
      at act (../../node_modules/.pnpm/react@18.3.1/node_modules/react/cjs/react.development.js:2582:11)
      at ../../node_modules/.pnpm/@testing-library+react@16.3.2_@testing-library+dom@10.4.1_@types+react-dom@18.3.7_@types+reac_3k5f6qynewwmkoqvlvtzlgtsjq/node_modules/@testing-library/react/dist/act-compat.js:46:25
      at renderRoot (../../node_modules/.pnpm/@testing-library+react@16.3.2_@testing-library+dom@10.4.1_@types+react-dom@18.3.7_@types+reac_3k5f6qynewwmkoqvlvtzlgtsjq/node_modules/@testing-library/react/dist/pure.js:189:26)
      at render (../../node_modules/.pnpm/@testing-library+react@16.3.2_@testing-library+dom@10.4.1_@types+react-dom@18.3.7_@types+reac_3k5f6qynewwmkoqvlvtzlgtsjq/node_modules/@testing-library/react/dist/pure.js:291:10)
      at Object.<anonymous> (components/__tests__/roles-table.test.tsx:82:11)

    console.error
      Error: Uncaught [Error: `Tooltip` must be used within `TooltipProvider`]
          at reportException (/app/node_modules/.pnpm/jsdom@20.0.3/node_modules/jsdom/lib/jsdom/living/helpers/runtime-script-errors.js:66:24)
          at innerInvokeEventListeners (/app/node_modules/.pnpm/jsdom@20.0.3/node_modules/jsdom/lib/jsdom/living/events/EventTarget-impl.js:353:9)
          at invokeEventListeners (/app/node_modules/.pnpm/jsdom@20.0.3/node_modules/jsdom/lib/jsdom/living/events/EventTarget-impl.js:286:3)
          at HTMLUnknownElementImpl._dispatch (/app/node_modules/.pnpm/jsdom@20.0.3/node_modules/jsdom/lib/jsdom/living/events/EventTarget-impl.js:233:9)
          at HTMLUnknownElementImpl.dispatchEvent (/app/node_modules/.pnpm/jsdom@20.0.3/node_modules/jsdom/lib/jsdom/living/events/EventTarget-impl.js:104:17)
          at HTMLUnknownElement.dispatchEvent (/app/node_modules/.pnpm/jsdom@20.0.3/node_modules/jsdom/lib/jsdom/living/generated/EventTarget.js:241:34)
          at Object.invokeGuardedCallbackDev (/app/node_modules/.pnpm/react-dom@18.3.1_react@18.3.1/node_modules/react-dom/cjs/react-dom.development.js:4213:16)
          at invokeGuardedCallback (/app/node_modules/.pnpm/react-dom@18.3.1_react@18.3.1/node_modules/react-dom/cjs/react-dom.development.js:4277:31)
          at beginWork$1 (/app/node_modules/.pnpm/react-dom@18.3.1_react@18.3.1/node_modules/react-dom/cjs/react-dom.development.js:27490:7)
          at performUnitOfWork (/app/node_modules/.pnpm/react-dom@18.3.1_react@18.3.1/node_modules/react-dom/cjs/react-dom.development.js:26599:12)
          at workLoopSync (/app/node_modules/.pnpm/react-dom@18.3.1_react@18.3.1/node_modules/react-dom/cjs/react-dom.development.js:26505:5)
          at renderRootSync (/app/node_modules/.pnpm/react-dom@18.3.1_react@18.3.1/node_modules/react-dom/cjs/react-dom.development.js:26473:7)
          at recoverFromConcurrentError (/app/node_modules/.pnpm/react-dom@18.3.1_react@18.3.1/node_modules/react-dom/cjs/react-dom.development.js:25889:20)
          at performConcurrentWorkOnRoot (/app/node_modules/.pnpm/react-dom@18.3.1_react@18.3.1/node_modules/react-dom/cjs/react-dom.development.js:25789:22)
          at flushActQueue (/app/node_modules/.pnpm/react@18.3.1/node_modules/react/cjs/react.development.js:2667:24)
          at act (/app/node_modules/.pnpm/react@18.3.1/node_modules/react/cjs/react.development.js:2582:11)
          at /app/node_modules/.pnpm/@testing-library+react@16.3.2_@testing-library+dom@10.4.1_@types+react-dom@18.3.7_@types+reac_3k5f6qynewwmkoqvlvtzlgtsjq/node_modules/@testing-library/react/dist/act-compat.js:46:25
          at renderRoot (/app/node_modules/.pnpm/@testing-library+react@16.3.2_@testing-library+dom@10.4.1_@types+react-dom@18.3.7_@types+reac_3k5f6qynewwmkoqvlvtzlgtsjq/node_modules/@testing-library/react/dist/pure.js:189:26)
          at render (/app/node_modules/.pnpm/@testing-library+react@16.3.2_@testing-library+dom@10.4.1_@types+react-dom@18.3.7_@types+reac_3k5f6qynewwmkoqvlvtzlgtsjq/node_modules/@testing-library/react/dist/pure.js:291:10)
          at Object.<anonymous> (/app/apps/admin/components/__tests__/roles-table.test.tsx:82:11)
          at Promise.then.completed (/app/node_modules/.pnpm/jest-circus@29.7.0/node_modules/jest-circus/build/utils.js:298:28)
          at new Promise (<anonymous>)
          at callAsyncCircusFn (/app/node_modules/.pnpm/jest-circus@29.7.0/node_modules/jest-circus/build/utils.js:231:10)
          at _callCircusTest (/app/node_modules/.pnpm/jest-circus@29.7.0/node_modules/jest-circus/build/run.js:316:40)
          at processTicksAndRejections (node:internal/process/task_queues:103:5)
          at _runTest (/app/node_modules/.pnpm/jest-circus@29.7.0/node_modules/jest-circus/build/run.js:252:3)
          at _runTestsForDescribeBlock (/app/node_modules/.pnpm/jest-circus@29.7.0/node_modules/jest-circus/build/run.js:126:9)
          at _runTestsForDescribeBlock (/app/node_modules/.pnpm/jest-circus@29.7.0/node_modules/jest-circus/build/run.js:121:9)
          at run (/app/node_modules/.pnpm/jest-circus@29.7.0/node_modules/jest-circus/build/run.js:71:3)
          at runAndTransformResultsToJestFormat (/app/node_modules/.pnpm/jest-circus@29.7.0/node_modules/jest-circus/build/legacy-code-todo-rewrite/jestAdapterInit.js:122:21)
          at jestAdapter (/app/node_modules/.pnpm/jest-circus@29.7.0/node_modules/jest-circus/build/legacy-code-todo-rewrite/jestAdapter.js:79:19)
          at runTestInternal (/app/node_modules/.pnpm/jest-runner@29.7.0/node_modules/jest-runner/build/runTest.js:367:16)
          at runTest (/app/node_modules/.pnpm/jest-runner@29.7.0/node_modules/jest-runner/build/runTest.js:444:34)
          at Object.worker (/app/node_modules/.pnpm/jest-runner@29.7.0/node_modules/jest-runner/build/testWorker.js:106:12) {
        detail: Error: `Tooltip` must be used within `TooltipProvider`
            at useContext2 (/app/node_modules/.pnpm/@radix-ui+react-context@1.1.2_@types+react@18.3.29_react@18.3.1/node_modules/@radix-ui/react-context/src/create-context.tsx:75:13)
            at Tooltip (/app/node_modules/.pnpm/@radix-ui+react-tooltip@1.2.8_@types+react-dom@18.3.7_@types+react@18.3.29__@types+react@18.3_xrwsnt2rmlacewwolijhmzdoxi/node_modules/@radix-ui/react-tooltip/src/tooltip.tsx:162:27)
            at renderWithHooks (/app/node_modules/.pnpm/react-dom@18.3.1_react@18.3.1/node_modules/react-dom/cjs/react-dom.development.js:15486:18)
            at mountIndeterminateComponent (/app/node_modules/.pnpm/react-dom@18.3.1_react@18.3.1/node_modules/react-dom/cjs/react-dom.development.js:20103:13)
            at beginWork (/app/node_modules/.pnpm/react-dom@18.3.1_react@18.3.1/node_modules/react-dom/cjs/react-dom.development.js:21626:16)
            at HTMLUnknownElement.callCallback (/app/node_modules/.pnpm/react-dom@18.3.1_react@18.3.1/node_modules/react-dom/cjs/react-dom.development.js:4164:14)
            at HTMLUnknownElement.callTheUserObjectsOperation (/app/node_modules/.pnpm/jsdom@20.0.3/node_modules/jsdom/lib/jsdom/living/generated/EventListener.js:26:30)
            at innerInvokeEventListeners (/app/node_modules/.pnpm/jsdom@20.0.3/node_modules/jsdom/lib/jsdom/living/events/EventTarget-impl.js:350:25)
            at invokeEventListeners (/app/node_modules/.pnpm/jsdom@20.0.3/node_modules/jsdom/lib/jsdom/living/events/EventTarget-impl.js:286:3)
            at HTMLUnknownElementImpl._dispatch (/app/node_modules/.pnpm/jsdom@20.0.3/node_modules/jsdom/lib/jsdom/living/events/EventTarget-impl.js:233:9)
            at HTMLUnknownElementImpl.dispatchEvent (/app/node_modules/.pnpm/jsdom@20.0.3/node_modules/jsdom/lib/jsdom/living/events/EventTarget-impl.js:104:17)
            at HTMLUnknownElement.dispatchEvent (/app/node_modules/.pnpm/jsdom@20.0.3/node_modules/jsdom/lib/jsdom/living/generated/EventTarget.js:241:34)
            at Object.invokeGuardedCallbackDev (/app/node_modules/.pnpm/react-dom@18.3.1_react@18.3.1/node_modules/react-dom/cjs/react-dom.development.js:4213:16)
            at invokeGuardedCallback (/app/node_modules/.pnpm/react-dom@18.3.1_react@18.3.1/node_modules/react-dom/cjs/react-dom.development.js:4277:31)
            at beginWork$1 (/app/node_modules/.pnpm/react-dom@18.3.1_react@18.3.1/node_modules/react-dom/cjs/react-dom.development.js:27490:7)
            at performUnitOfWork (/app/node_modules/.pnpm/react-dom@18.3.1_react@18.3.1/node_modules/react-dom/cjs/react-dom.development.js:26599:12)
            at workLoopSync (/app/node_modules/.pnpm/react-dom@18.3.1_react@18.3.1/node_modules/react-dom/cjs/react-dom.development.js:26505:5)
            at renderRootSync (/app/node_modules/.pnpm/react-dom@18.3.1_react@18.3.1/node_modules/react-dom/cjs/react-dom.development.js:26473:7)
            at recoverFromConcurrentError (/app/node_modules/.pnpm/react-dom@18.3.1_react@18.3.1/node_modules/react-dom/cjs/react-dom.development.js:25889:20)
            at performConcurrentWorkOnRoot (/app/node_modules/.pnpm/react-dom@18.3.1_react@18.3.1/node_modules/react-dom/cjs/react-dom.development.js:25789:22)
            at flushActQueue (/app/node_modules/.pnpm/react@18.3.1/node_modules/react/cjs/react.development.js:2667:24)
            at act (/app/node_modules/.pnpm/react@18.3.1/node_modules/react/cjs/react.development.js:2582:11)
            at /app/node_modules/.pnpm/@testing-library+react@16.3.2_@testing-library+dom@10.4.1_@types+react-dom@18.3.7_@types+reac_3k5f6qynewwmkoqvlvtzlgtsjq/node_modules/@testing-library/react/dist/act-compat.js:46:25
            at renderRoot (/app/node_modules/.pnpm/@testing-library+react@16.3.2_@testing-library+dom@10.4.1_@types+react-dom@18.3.7_@types+reac_3k5f6qynewwmkoqvlvtzlgtsjq/node_modules/@testing-library/react/dist/pure.js:189:26)
            at render (/app/node_modules/.pnpm/@testing-library+react@16.3.2_@testing-library+dom@10.4.1_@types+react-dom@18.3.7_@types+reac_3k5f6qynewwmkoqvlvtzlgtsjq/node_modules/@testing-library/react/dist/pure.js:291:10)
            at Object.<anonymous> (/app/apps/admin/components/__tests__/roles-table.test.tsx:82:11)
            at Promise.then.completed (/app/node_modules/.pnpm/jest-circus@29.7.0/node_modules/jest-circus/build/utils.js:298:28)
            at new Promise (<anonymous>)
            at callAsyncCircusFn (/app/node_modules/.pnpm/jest-circus@29.7.0/node_modules/jest-circus/build/utils.js:231:10)
            at _callCircusTest (/app/node_modules/.pnpm/jest-circus@29.7.0/node_modules/jest-circus/build/run.js:316:40)
            at processTicksAndRejections (node:internal/process/task_queues:103:5)
            at _runTest (/app/node_modules/.pnpm/jest-circus@29.7.0/node_modules/jest-circus/build/run.js:252:3)
            at _runTestsForDescribeBlock (/app/node_modules/.pnpm/jest-circus@29.7.0/node_modules/jest-circus/build/run.js:126:9)
            at _runTestsForDescribeBlock (/app/node_modules/.pnpm/jest-circus@29.7.0/node_modules/jest-circus/build/run.js:121:9)
            at run (/app/node_modules/.pnpm/jest-circus@29.7.0/node_modules/jest-circus/build/run.js:71:3)
            at runAndTransformResultsToJestFormat (/app/node_modules/.pnpm/jest-circus@29.7.0/node_modules/jest-circus/build/legacy-code-todo-rewrite/jestAdapterInit.js:122:21)
            at jestAdapter (/app/node_modules/.pnpm/jest-circus@29.7.0/node_modules/jest-circus/build/legacy-code-todo-rewrite/jestAdapter.js:79:19)
            at runTestInternal (/app/node_modules/.pnpm/jest-runner@29.7.0/node_modules/jest-runner/build/runTest.js:367:16)
            at runTest (/app/node_modules/.pnpm/jest-runner@29.7.0/node_modules/jest-runner/build/runTest.js:444:34)
            at Object.worker (/app/node_modules/.pnpm/jest-runner@29.7.0/node_modules/jest-runner/build/testWorker.js:106:12),
        type: 'unhandled exception'
      }

      80 |
      81 |   it('Delete on an in-use role is disabled (no AlertDialog opens)', () => {
    > 82 |     render(withIntl(<RolesTable initial={initial} apps={apps} />))
         |           ^
      83 |     const deleteItems = screen.getAllByRole('menuitem', { name: en.roles.actions.delete })
      84 |     // Second row (Platform Admin) has userCount 3.
      85 |     fireEvent.click(deleteItems[1])

      at VirtualConsole.<anonymous> (../../node_modules/.pnpm/jest-environment-jsdom@29.7.0/node_modules/jest-environment-jsdom/build/index.js:63:23)
      at reportException (../../node_modules/.pnpm/jsdom@20.0.3/node_modules/jsdom/lib/jsdom/living/helpers/runtime-script-errors.js:70:28)
      at innerInvokeEventListeners (../../node_modules/.pnpm/jsdom@20.0.3/node_modules/jsdom/lib/jsdom/living/events/EventTarget-impl.js:353:9)
      at invokeEventListeners (../../node_modules/.pnpm/jsdom@20.0.3/node_modules/jsdom/lib/jsdom/living/events/EventTarget-impl.js:286:3)
      at HTMLUnknownElementImpl._dispatch (../../node_modules/.pnpm/jsdom@20.0.3/node_modules/jsdom/lib/jsdom/living/events/EventTarget-impl.js:233:9)
      at HTMLUnknownElementImpl.dispatchEvent (../../node_modules/.pnpm/jsdom@20.0.3/node_modules/jsdom/lib/jsdom/living/events/EventTarget-impl.js:104:17)
      at HTMLUnknownElement.dispatchEvent (../../node_modules/.pnpm/jsdom@20.0.3/node_modules/jsdom/lib/jsdom/living/generated/EventTarget.js:241:34)
      at Object.invokeGuardedCallbackDev (../../node_modules/.pnpm/react-dom@18.3.1_react@18.3.1/node_modules/react-dom/cjs/react-dom.development.js:4213:16)
      at invokeGuardedCallback (../../node_modules/.pnpm/react-dom@18.3.1_react@18.3.1/node_modules/react-dom/cjs/react-dom.development.js:4277:31)
      at beginWork$1 (../../node_modules/.pnpm/react-dom@18.3.1_react@18.3.1/node_modules/react-dom/cjs/react-dom.development.js:27490:7)
      at performUnitOfWork (../../node_modules/.pnpm/react-dom@18.3.1_react@18.3.1/node_modules/react-dom/cjs/react-dom.development.js:26599:12)
      at workLoopSync (../../node_modules/.pnpm/react-dom@18.3.1_react@18.3.1/node_modules/react-dom/cjs/react-dom.development.js:26505:5)
      at renderRootSync (../../node_modules/.pnpm/react-dom@18.3.1_react@18.3.1/node_modules/react-dom/cjs/react-dom.development.js:26473:7)
      at recoverFromConcurrentError (../../node_modules/.pnpm/react-dom@18.3.1_react@18.3.1/node_modules/react-dom/cjs/react-dom.development.js:25889:20)
      at performConcurrentWorkOnRoot (../../node_modules/.pnpm/react-dom@18.3.1_react@18.3.1/node_modules/react-dom/cjs/react-dom.development.js:25789:22)
      at flushActQueue (../../node_modules/.pnpm/react@18.3.1/node_modules/react/cjs/react.development.js:2667:24)
      at act (../../node_modules/.pnpm/react@18.3.1/node_modules/react/cjs/react.development.js:2582:11)
      at ../../node_modules/.pnpm/@testing-library+react@16.3.2_@testing-library+dom@10.4.1_@types+react-dom@18.3.7_@types+reac_3k5f6qynewwmkoqvlvtzlgtsjq/node_modules/@testing-library/react/dist/act-compat.js:46:25
      at renderRoot (../../node_modules/.pnpm/@testing-library+react@16.3.2_@testing-library+dom@10.4.1_@types+react-dom@18.3.7_@types+reac_3k5f6qynewwmkoqvlvtzlgtsjq/node_modules/@testing-library/react/dist/pure.js:189:26)
      at render (../../node_modules/.pnpm/@testing-library+react@16.3.2_@testing-library+dom@10.4.1_@types+react-dom@18.3.7_@types+reac_3k5f6qynewwmkoqvlvtzlgtsjq/node_modules/@testing-library/react/dist/pure.js:291:10)
      at Object.<anonymous> (components/__tests__/roles-table.test.tsx:82:11)

    console.error
      Error: Uncaught [Error: `Tooltip` must be used within `TooltipProvider`]
          at reportException (/app/node_modules/.pnpm/jsdom@20.0.3/node_modules/jsdom/lib/jsdom/living/helpers/runtime-script-errors.js:66:24)
          at innerInvokeEventListeners (/app/node_modules/.pnpm/jsdom@20.0.3/node_modules/jsdom/lib/jsdom/living/events/EventTarget-impl.js:353:9)
          at invokeEventListeners (/app/node_modules/.pnpm/jsdom@20.0.3/node_modules/jsdom/lib/jsdom/living/events/EventTarget-impl.js:286:3)
          at HTMLUnknownElementImpl._dispatch (/app/node_modules/.pnpm/jsdom@20.0.3/node_modules/jsdom/lib/jsdom/living/events/EventTarget-impl.js:233:9)
          at HTMLUnknownElementImpl.dispatchEvent (/app/node_modules/.pnpm/jsdom@20.0.3/node_modules/jsdom/lib/jsdom/living/events/EventTarget-impl.js:104:17)
          at HTMLUnknownElement.dispatchEvent (/app/node_modules/.pnpm/jsdom@20.0.3/node_modules/jsdom/lib/jsdom/living/generated/EventTarget.js:241:34)
          at Object.invokeGuardedCallbackDev (/app/node_modules/.pnpm/react-dom@18.3.1_react@18.3.1/node_modules/react-dom/cjs/react-dom.development.js:4213:16)
          at invokeGuardedCallback (/app/node_modules/.pnpm/react-dom@18.3.1_react@18.3.1/node_modules/react-dom/cjs/react-dom.development.js:4277:31)
          at beginWork$1 (/app/node_modules/.pnpm/react-dom@18.3.1_react@18.3.1/node_modules/react-dom/cjs/react-dom.development.js:27490:7)
          at performUnitOfWork (/app/node_modules/.pnpm/react-dom@18.3.1_react@18.3.1/node_modules/react-dom/cjs/react-dom.development.js:26599:12)
          at workLoopSync (/app/node_modules/.pnpm/react-dom@18.3.1_react@18.3.1/node_modules/react-dom/cjs/react-dom.development.js:26505:5)
          at renderRootSync (/app/node_modules/.pnpm/react-dom@18.3.1_react@18.3.1/node_modules/react-dom/cjs/react-dom.development.js:26473:7)
          at recoverFromConcurrentError (/app/node_modules/.pnpm/react-dom@18.3.1_react@18.3.1/node_modules/react-dom/cjs/react-dom.development.js:25889:20)
          at performConcurrentWorkOnRoot (/app/node_modules/.pnpm/react-dom@18.3.1_react@18.3.1/node_modules/react-dom/cjs/react-dom.development.js:25789:22)
          at flushActQueue (/app/node_modules/.pnpm/react@18.3.1/node_modules/react/cjs/react.development.js:2667:24)
          at act (/app/node_modules/.pnpm/react@18.3.1/node_modules/react/cjs/react.development.js:2582:11)
          at /app/node_modules/.pnpm/@testing-library+react@16.3.2_@testing-library+dom@10.4.1_@types+react-dom@18.3.7_@types+reac_3k5f6qynewwmkoqvlvtzlgtsjq/node_modules/@testing-library/react/dist/act-compat.js:46:25
          at renderRoot (/app/node_modules/.pnpm/@testing-library+react@16.3.2_@testing-library+dom@10.4.1_@types+react-dom@18.3.7_@types+reac_3k5f6qynewwmkoqvlvtzlgtsjq/node_modules/@testing-library/react/dist/pure.js:189:26)
          at render (/app/node_modules/.pnpm/@testing-library+react@16.3.2_@testing-library+dom@10.4.1_@types+react-dom@18.3.7_@types+reac_3k5f6qynewwmkoqvlvtzlgtsjq/node_modules/@testing-library/react/dist/pure.js:291:10)
          at Object.<anonymous> (/app/apps/admin/components/__tests__/roles-table.test.tsx:82:11)
          at Promise.then.completed (/app/node_modules/.pnpm/jest-circus@29.7.0/node_modules/jest-circus/build/utils.js:298:28)
          at new Promise (<anonymous>)
          at callAsyncCircusFn (/app/node_modules/.pnpm/jest-circus@29.7.0/node_modules/jest-circus/build/utils.js:231:10)
          at _callCircusTest (/app/node_modules/.pnpm/jest-circus@29.7.0/node_modules/jest-circus/build/run.js:316:40)
          at processTicksAndRejections (node:internal/process/task_queues:103:5)
          at _runTest (/app/node_modules/.pnpm/jest-circus@29.7.0/node_modules/jest-circus/build/run.js:252:3)
          at _runTestsForDescribeBlock (/app/node_modules/.pnpm/jest-circus@29.7.0/node_modules/jest-circus/build/run.js:126:9)
          at _runTestsForDescribeBlock (/app/node_modules/.pnpm/jest-circus@29.7.0/node_modules/jest-circus/build/run.js:121:9)
          at run (/app/node_modules/.pnpm/jest-circus@29.7.0/node_modules/jest-circus/build/run.js:71:3)
          at runAndTransformResultsToJestFormat (/app/node_modules/.pnpm/jest-circus@29.7.0/node_modules/jest-circus/build/legacy-code-todo-rewrite/jestAdapterInit.js:122:21)
          at jestAdapter (/app/node_modules/.pnpm/jest-circus@29.7.0/node_modules/jest-circus/build/legacy-code-todo-rewrite/jestAdapter.js:79:19)
          at runTestInternal (/app/node_modules/.pnpm/jest-runner@29.7.0/node_modules/jest-runner/build/runTest.js:367:16)
          at runTest (/app/node_modules/.pnpm/jest-runner@29.7.0/node_modules/jest-runner/build/runTest.js:444:34)
          at Object.worker (/app/node_modules/.pnpm/jest-runner@29.7.0/node_modules/jest-runner/build/testWorker.js:106:12) {
        detail: Error: `Tooltip` must be used within `TooltipProvider`
            at useContext2 (/app/node_modules/.pnpm/@radix-ui+react-context@1.1.2_@types+react@18.3.29_react@18.3.1/node_modules/@radix-ui/react-context/src/create-context.tsx:75:13)
            at Tooltip (/app/node_modules/.pnpm/@radix-ui+react-tooltip@1.2.8_@types+react-dom@18.3.7_@types+react@18.3.29__@types+react@18.3_xrwsnt2rmlacewwolijhmzdoxi/node_modules/@radix-ui/react-tooltip/src/tooltip.tsx:162:27)
            at renderWithHooks (/app/node_modules/.pnpm/react-dom@18.3.1_react@18.3.1/node_modules/react-dom/cjs/react-dom.development.js:15486:18)
            at mountIndeterminateComponent (/app/node_modules/.pnpm/react-dom@18.3.1_react@18.3.1/node_modules/react-dom/cjs/react-dom.development.js:20103:13)
            at beginWork (/app/node_modules/.pnpm/react-dom@18.3.1_react@18.3.1/node_modules/react-dom/cjs/react-dom.development.js:21626:16)
            at HTMLUnknownElement.callCallback (/app/node_modules/.pnpm/react-dom@18.3.1_react@18.3.1/node_modules/react-dom/cjs/react-dom.development.js:4164:14)
            at HTMLUnknownElement.callTheUserObjectsOperation (/app/node_modules/.pnpm/jsdom@20.0.3/node_modules/jsdom/lib/jsdom/living/generated/EventListener.js:26:30)
            at innerInvokeEventListeners (/app/node_modules/.pnpm/jsdom@20.0.3/node_modules/jsdom/lib/jsdom/living/events/EventTarget-impl.js:350:25)
            at invokeEventListeners (/app/node_modules/.pnpm/jsdom@20.0.3/node_modules/jsdom/lib/jsdom/living/events/EventTarget-impl.js:286:3)
            at HTMLUnknownElementImpl._dispatch (/app/node_modules/.pnpm/jsdom@20.0.3/node_modules/jsdom/lib/jsdom/living/events/EventTarget-impl.js:233:9)
            at HTMLUnknownElementImpl.dispatchEvent (/app/node_modules/.pnpm/jsdom@20.0.3/node_modules/jsdom/lib/jsdom/living/events/EventTarget-impl.js:104:17)
            at HTMLUnknownElement.dispatchEvent (/app/node_modules/.pnpm/jsdom@20.0.3/node_modules/jsdom/lib/jsdom/living/generated/EventTarget.js:241:34)
            at Object.invokeGuardedCallbackDev (/app/node_modules/.pnpm/react-dom@18.3.1_react@18.3.1/node_modules/react-dom/cjs/react-dom.development.js:4213:16)
            at invokeGuardedCallback (/app/node_modules/.pnpm/react-dom@18.3.1_react@18.3.1/node_modules/react-dom/cjs/react-dom.development.js:4277:31)
            at beginWork$1 (/app/node_modules/.pnpm/react-dom@18.3.1_react@18.3.1/node_modules/react-dom/cjs/react-dom.development.js:27490:7)
            at performUnitOfWork (/app/node_modules/.pnpm/react-dom@18.3.1_react@18.3.1/node_modules/react-dom/cjs/react-dom.development.js:26599:12)
            at workLoopSync (/app/node_modules/.pnpm/react-dom@18.3.1_react@18.3.1/node_modules/react-dom/cjs/react-dom.development.js:26505:5)
            at renderRootSync (/app/node_modules/.pnpm/react-dom@18.3.1_react@18.3.1/node_modules/react-dom/cjs/react-dom.development.js:26473:7)
            at recoverFromConcurrentError (/app/node_modules/.pnpm/react-dom@18.3.1_react@18.3.1/node_modules/react-dom/cjs/react-dom.development.js:25889:20)
            at performConcurrentWorkOnRoot (/app/node_modules/.pnpm/react-dom@18.3.1_react@18.3.1/node_modules/react-dom/cjs/react-dom.development.js:25789:22)
            at flushActQueue (/app/node_modules/.pnpm/react@18.3.1/node_modules/react/cjs/react.development.js:2667:24)
            at act (/app/node_modules/.pnpm/react@18.3.1/node_modules/react/cjs/react.development.js:2582:11)
            at /app/node_modules/.pnpm/@testing-library+react@16.3.2_@testing-library+dom@10.4.1_@types+react-dom@18.3.7_@types+reac_3k5f6qynewwmkoqvlvtzlgtsjq/node_modules/@testing-library/react/dist/act-compat.js:46:25
            at renderRoot (/app/node_modules/.pnpm/@testing-library+react@16.3.2_@testing-library+dom@10.4.1_@types+react-dom@18.3.7_@types+reac_3k5f6qynewwmkoqvlvtzlgtsjq/node_modules/@testing-library/react/dist/pure.js:189:26)
            at render (/app/node_modules/.pnpm/@testing-library+react@16.3.2_@testing-library+dom@10.4.1_@types+react-dom@18.3.7_@types+reac_3k5f6qynewwmkoqvlvtzlgtsjq/node_modules/@testing-library/react/dist/pure.js:291:10)
            at Object.<anonymous> (/app/apps/admin/components/__tests__/roles-table.test.tsx:82:11)
            at Promise.then.completed (/app/node_modules/.pnpm/jest-circus@29.7.0/node_modules/jest-circus/build/utils.js:298:28)
            at new Promise (<anonymous>)
            at callAsyncCircusFn (/app/node_modules/.pnpm/jest-circus@29.7.0/node_modules/jest-circus/build/utils.js:231:10)
            at _callCircusTest (/app/node_modules/.pnpm/jest-circus@29.7.0/node_modules/jest-circus/build/run.js:316:40)
            at processTicksAndRejections (node:internal/process/task_queues:103:5)
            at _runTest (/app/node_modules/.pnpm/jest-circus@29.7.0/node_modules/jest-circus/build/run.js:252:3)
            at _runTestsForDescribeBlock (/app/node_modules/.pnpm/jest-circus@29.7.0/node_modules/jest-circus/build/run.js:126:9)
            at _runTestsForDescribeBlock (/app/node_modules/.pnpm/jest-circus@29.7.0/node_modules/jest-circus/build/run.js:121:9)
            at run (/app/node_modules/.pnpm/jest-circus@29.7.0/node_modules/jest-circus/build/run.js:71:3)
            at runAndTransformResultsToJestFormat (/app/node_modules/.pnpm/jest-circus@29.7.0/node_modules/jest-circus/build/legacy-code-todo-rewrite/jestAdapterInit.js:122:21)
            at jestAdapter (/app/node_modules/.pnpm/jest-circus@29.7.0/node_modules/jest-circus/build/legacy-code-todo-rewrite/jestAdapter.js:79:19)
            at runTestInternal (/app/node_modules/.pnpm/jest-runner@29.7.0/node_modules/jest-runner/build/runTest.js:367:16)
            at runTest (/app/node_modules/.pnpm/jest-runner@29.7.0/node_modules/jest-runner/build/runTest.js:444:34)
            at Object.worker (/app/node_modules/.pnpm/jest-runner@29.7.0/node_modules/jest-runner/build/testWorker.js:106:12),
        type: 'unhandled exception'
      }

      80 |
      81 |   it('Delete on an in-use role is disabled (no AlertDialog opens)', () => {
    > 82 |     render(withIntl(<RolesTable initial={initial} apps={apps} />))
         |           ^
      83 |     const deleteItems = screen.getAllByRole('menuitem', { name: en.roles.actions.delete })
      84 |     // Second row (Platform Admin) has userCount 3.
      85 |     fireEvent.click(deleteItems[1])

      at VirtualConsole.<anonymous> (../../node_modules/.pnpm/jest-environment-jsdom@29.7.0/node_modules/jest-environment-jsdom/build/index.js:63:23)
      at reportException (../../node_modules/.pnpm/jsdom@20.0.3/node_modules/jsdom/lib/jsdom/living/helpers/runtime-script-errors.js:70:28)
      at innerInvokeEventListeners (../../node_modules/.pnpm/jsdom@20.0.3/node_modules/jsdom/lib/jsdom/living/events/EventTarget-impl.js:353:9)
      at invokeEventListeners (../../node_modules/.pnpm/jsdom@20.0.3/node_modules/jsdom/lib/jsdom/living/events/EventTarget-impl.js:286:3)
      at HTMLUnknownElementImpl._dispatch (../../node_modules/.pnpm/jsdom@20.0.3/node_modules/jsdom/lib/jsdom/living/events/EventTarget-impl.js:233:9)
      at HTMLUnknownElementImpl.dispatchEvent (../../node_modules/.pnpm/jsdom@20.0.3/node_modules/jsdom/lib/jsdom/living/events/EventTarget-impl.js:104:17)
      at HTMLUnknownElement.dispatchEvent (../../node_modules/.pnpm/jsdom@20.0.3/node_modules/jsdom/lib/jsdom/living/generated/EventTarget.js:241:34)
      at Object.invokeGuardedCallbackDev (../../node_modules/.pnpm/react-dom@18.3.1_react@18.3.1/node_modules/react-dom/cjs/react-dom.development.js:4213:16)
      at invokeGuardedCallback (../../node_modules/.pnpm/react-dom@18.3.1_react@18.3.1/node_modules/react-dom/cjs/react-dom.development.js:4277:31)
      at beginWork$1 (../../node_modules/.pnpm/react-dom@18.3.1_react@18.3.1/node_modules/react-dom/cjs/react-dom.development.js:27490:7)
      at performUnitOfWork (../../node_modules/.pnpm/react-dom@18.3.1_react@18.3.1/node_modules/react-dom/cjs/react-dom.development.js:26599:12)
      at workLoopSync (../../node_modules/.pnpm/react-dom@18.3.1_react@18.3.1/node_modules/react-dom/cjs/react-dom.development.js:26505:5)
      at renderRootSync (../../node_modules/.pnpm/react-dom@18.3.1_react@18.3.1/node_modules/react-dom/cjs/react-dom.development.js:26473:7)
      at recoverFromConcurrentError (../../node_modules/.pnpm/react-dom@18.3.1_react@18.3.1/node_modules/react-dom/cjs/react-dom.development.js:25889:20)
      at performConcurrentWorkOnRoot (../../node_modules/.pnpm/react-dom@18.3.1_react@18.3.1/node_modules/react-dom/cjs/react-dom.development.js:25789:22)
      at flushActQueue (../../node_modules/.pnpm/react@18.3.1/node_modules/react/cjs/react.development.js:2667:24)
      at act (../../node_modules/.pnpm/react@18.3.1/node_modules/react/cjs/react.development.js:2582:11)
      at ../../node_modules/.pnpm/@testing-library+react@16.3.2_@testing-library+dom@10.4.1_@types+react-dom@18.3.7_@types+reac_3k5f6qynewwmkoqvlvtzlgtsjq/node_modules/@testing-library/react/dist/act-compat.js:46:25
      at renderRoot (../../node_modules/.pnpm/@testing-library+react@16.3.2_@testing-library+dom@10.4.1_@types+react-dom@18.3.7_@types+reac_3k5f6qynewwmkoqvlvtzlgtsjq/node_modules/@testing-library/react/dist/pure.js:189:26)
      at render (../../node_modules/.pnpm/@testing-library+react@16.3.2_@testing-library+dom@10.4.1_@types+react-dom@18.3.7_@types+reac_3k5f6qynewwmkoqvlvtzlgtsjq/node_modules/@testing-library/react/dist/pure.js:291:10)
      at Object.<anonymous> (components/__tests__/roles-table.test.tsx:82:11)

    console.error
      Error: Uncaught [Error: `Tooltip` must be used within `TooltipProvider`]
          at reportException (/app/node_modules/.pnpm/jsdom@20.0.3/node_modules/jsdom/lib/jsdom/living/helpers/runtime-script-errors.js:66:24)
          at innerInvokeEventListeners (/app/node_modules/.pnpm/jsdom@20.0.3/node_modules/jsdom/lib/jsdom/living/events/EventTarget-impl.js:353:9)
          at invokeEventListeners (/app/node_modules/.pnpm/jsdom@20.0.3/node_modules/jsdom/lib/jsdom/living/events/EventTarget-impl.js:286:3)
          at HTMLUnknownElementImpl._dispatch (/app/node_modules/.pnpm/jsdom@20.0.3/node_modules/jsdom/lib/jsdom/living/events/EventTarget-impl.js:233:9)
          at HTMLUnknownElementImpl.dispatchEvent (/app/node_modules/.pnpm/jsdom@20.0.3/node_modules/jsdom/lib/jsdom/living/events/EventTarget-impl.js:104:17)
          at HTMLUnknownElement.dispatchEvent (/app/node_modules/.pnpm/jsdom@20.0.3/node_modules/jsdom/lib/jsdom/living/generated/EventTarget.js:241:34)
          at Object.invokeGuardedCallbackDev (/app/node_modules/.pnpm/react-dom@18.3.1_react@18.3.1/node_modules/react-dom/cjs/react-dom.development.js:4213:16)
          at invokeGuardedCallback (/app/node_modules/.pnpm/react-dom@18.3.1_react@18.3.1/node_modules/react-dom/cjs/react-dom.development.js:4277:31)
          at beginWork$1 (/app/node_modules/.pnpm/react-dom@18.3.1_react@18.3.1/node_modules/react-dom/cjs/react-dom.development.js:27490:7)
          at performUnitOfWork (/app/node_modules/.pnpm/react-dom@18.3.1_react@18.3.1/node_modules/react-dom/cjs/react-dom.development.js:26599:12)
          at workLoopSync (/app/node_modules/.pnpm/react-dom@18.3.1_react@18.3.1/node_modules/react-dom/cjs/react-dom.development.js:26505:5)
          at renderRootSync (/app/node_modules/.pnpm/react-dom@18.3.1_react@18.3.1/node_modules/react-dom/cjs/react-dom.development.js:26473:7)
          at recoverFromConcurrentError (/app/node_modules/.pnpm/react-dom@18.3.1_react@18.3.1/node_modules/react-dom/cjs/react-dom.development.js:25889:20)
          at performConcurrentWorkOnRoot (/app/node_modules/.pnpm/react-dom@18.3.1_react@18.3.1/node_modules/react-dom/cjs/react-dom.development.js:25789:22)
          at flushActQueue (/app/node_modules/.pnpm/react@18.3.1/node_modules/react/cjs/react.development.js:2667:24)
          at act (/app/node_modules/.pnpm/react@18.3.1/node_modules/react/cjs/react.development.js:2582:11)
          at /app/node_modules/.pnpm/@testing-library+react@16.3.2_@testing-library+dom@10.4.1_@types+react-dom@18.3.7_@types+reac_3k5f6qynewwmkoqvlvtzlgtsjq/node_modules/@testing-library/react/dist/act-compat.js:46:25
          at renderRoot (/app/node_modules/.pnpm/@testing-library+react@16.3.2_@testing-library+dom@10.4.1_@types+react-dom@18.3.7_@types+reac_3k5f6qynewwmkoqvlvtzlgtsjq/node_modules/@testing-library/react/dist/pure.js:189:26)
          at render (/app/node_modules/.pnpm/@testing-library+react@16.3.2_@testing-library+dom@10.4.1_@types+react-dom@18.3.7_@types+reac_3k5f6qynewwmkoqvlvtzlgtsjq/node_modules/@testing-library/react/dist/pure.js:291:10)
          at Object.<anonymous> (/app/apps/admin/components/__tests__/roles-table.test.tsx:82:11)
          at Promise.then.completed (/app/node_modules/.pnpm/jest-circus@29.7.0/node_modules/jest-circus/build/utils.js:298:28)
          at new Promise (<anonymous>)
          at callAsyncCircusFn (/app/node_modules/.pnpm/jest-circus@29.7.0/node_modules/jest-circus/build/utils.js:231:10)
          at _callCircusTest (/app/node_modules/.pnpm/jest-circus@29.7.0/node_modules/jest-circus/build/run.js:316:40)
          at processTicksAndRejections (node:internal/process/task_queues:103:5)
          at _runTest (/app/node_modules/.pnpm/jest-circus@29.7.0/node_modules/jest-circus/build/run.js:252:3)
          at _runTestsForDescribeBlock (/app/node_modules/.pnpm/jest-circus@29.7.0/node_modules/jest-circus/build/run.js:126:9)
          at _runTestsForDescribeBlock (/app/node_modules/.pnpm/jest-circus@29.7.0/node_modules/jest-circus/build/run.js:121:9)
          at run (/app/node_modules/.pnpm/jest-circus@29.7.0/node_modules/jest-circus/build/run.js:71:3)
          at runAndTransformResultsToJestFormat (/app/node_modules/.pnpm/jest-circus@29.7.0/node_modules/jest-circus/build/legacy-code-todo-rewrite/jestAdapterInit.js:122:21)
          at jestAdapter (/app/node_modules/.pnpm/jest-circus@29.7.0/node_modules/jest-circus/build/legacy-code-todo-rewrite/jestAdapter.js:79:19)
          at runTestInternal (/app/node_modules/.pnpm/jest-runner@29.7.0/node_modules/jest-runner/build/runTest.js:367:16)
          at runTest (/app/node_modules/.pnpm/jest-runner@29.7.0/node_modules/jest-runner/build/runTest.js:444:34)
          at Object.worker (/app/node_modules/.pnpm/jest-runner@29.7.0/node_modules/jest-runner/build/testWorker.js:106:12) {
        detail: Error: `Tooltip` must be used within `TooltipProvider`
            at useContext2 (/app/node_modules/.pnpm/@radix-ui+react-context@1.1.2_@types+react@18.3.29_react@18.3.1/node_modules/@radix-ui/react-context/src/create-context.tsx:75:13)
            at Tooltip (/app/node_modules/.pnpm/@radix-ui+react-tooltip@1.2.8_@types+react-dom@18.3.7_@types+react@18.3.29__@types+react@18.3_xrwsnt2rmlacewwolijhmzdoxi/node_modules/@radix-ui/react-tooltip/src/tooltip.tsx:162:27)
            at renderWithHooks (/app/node_modules/.pnpm/react-dom@18.3.1_react@18.3.1/node_modules/react-dom/cjs/react-dom.development.js:15486:18)
            at mountIndeterminateComponent (/app/node_modules/.pnpm/react-dom@18.3.1_react@18.3.1/node_modules/react-dom/cjs/react-dom.development.js:20103:13)
            at beginWork (/app/node_modules/.pnpm/react-dom@18.3.1_react@18.3.1/node_modules/react-dom/cjs/react-dom.development.js:21626:16)
            at HTMLUnknownElement.callCallback (/app/node_modules/.pnpm/react-dom@18.3.1_react@18.3.1/node_modules/react-dom/cjs/react-dom.development.js:4164:14)
            at HTMLUnknownElement.callTheUserObjectsOperation (/app/node_modules/.pnpm/jsdom@20.0.3/node_modules/jsdom/lib/jsdom/living/generated/EventListener.js:26:30)
            at innerInvokeEventListeners (/app/node_modules/.pnpm/jsdom@20.0.3/node_modules/jsdom/lib/jsdom/living/events/EventTarget-impl.js:350:25)
            at invokeEventListeners (/app/node_modules/.pnpm/jsdom@20.0.3/node_modules/jsdom/lib/jsdom/living/events/EventTarget-impl.js:286:3)
            at HTMLUnknownElementImpl._dispatch (/app/node_modules/.pnpm/jsdom@20.0.3/node_modules/jsdom/lib/jsdom/living/events/EventTarget-impl.js:233:9)
            at HTMLUnknownElementImpl.dispatchEvent (/app/node_modules/.pnpm/jsdom@20.0.3/node_modules/jsdom/lib/jsdom/living/events/EventTarget-impl.js:104:17)
            at HTMLUnknownElement.dispatchEvent (/app/node_modules/.pnpm/jsdom@20.0.3/node_modules/jsdom/lib/jsdom/living/generated/EventTarget.js:241:34)
            at Object.invokeGuardedCallbackDev (/app/node_modules/.pnpm/react-dom@18.3.1_react@18.3.1/node_modules/react-dom/cjs/react-dom.development.js:4213:16)
            at invokeGuardedCallback (/app/node_modules/.pnpm/react-dom@18.3.1_react@18.3.1/node_modules/react-dom/cjs/react-dom.development.js:4277:31)
            at beginWork$1 (/app/node_modules/.pnpm/react-dom@18.3.1_react@18.3.1/node_modules/react-dom/cjs/react-dom.development.js:27490:7)
            at performUnitOfWork (/app/node_modules/.pnpm/react-dom@18.3.1_react@18.3.1/node_modules/react-dom/cjs/react-dom.development.js:26599:12)
            at workLoopSync (/app/node_modules/.pnpm/react-dom@18.3.1_react@18.3.1/node_modules/react-dom/cjs/react-dom.development.js:26505:5)
            at renderRootSync (/app/node_modules/.pnpm/react-dom@18.3.1_react@18.3.1/node_modules/react-dom/cjs/react-dom.development.js:26473:7)
            at recoverFromConcurrentError (/app/node_modules/.pnpm/react-dom@18.3.1_react@18.3.1/node_modules/react-dom/cjs/react-dom.development.js:25889:20)
            at performConcurrentWorkOnRoot (/app/node_modules/.pnpm/react-dom@18.3.1_react@18.3.1/node_modules/react-dom/cjs/react-dom.development.js:25789:22)
            at flushActQueue (/app/node_modules/.pnpm/react@18.3.1/node_modules/react/cjs/react.development.js:2667:24)
            at act (/app/node_modules/.pnpm/react@18.3.1/node_modules/react/cjs/react.development.js:2582:11)
            at /app/node_modules/.pnpm/@testing-library+react@16.3.2_@testing-library+dom@10.4.1_@types+react-dom@18.3.7_@types+reac_3k5f6qynewwmkoqvlvtzlgtsjq/node_modules/@testing-library/react/dist/act-compat.js:46:25
            at renderRoot (/app/node_modules/.pnpm/@testing-library+react@16.3.2_@testing-library+dom@10.4.1_@types+react-dom@18.3.7_@types+reac_3k5f6qynewwmkoqvlvtzlgtsjq/node_modules/@testing-library/react/dist/pure.js:189:26)
            at render (/app/node_modules/.pnpm/@testing-library+react@16.3.2_@testing-library+dom@10.4.1_@types+react-dom@18.3.7_@types+reac_3k5f6qynewwmkoqvlvtzlgtsjq/node_modules/@testing-library/react/dist/pure.js:291:10)
            at Object.<anonymous> (/app/apps/admin/components/__tests__/roles-table.test.tsx:82:11)
            at Promise.then.completed (/app/node_modules/.pnpm/jest-circus@29.7.0/node_modules/jest-circus/build/utils.js:298:28)
            at new Promise (<anonymous>)
            at callAsyncCircusFn (/app/node_modules/.pnpm/jest-circus@29.7.0/node_modules/jest-circus/build/utils.js:231:10)
            at _callCircusTest (/app/node_modules/.pnpm/jest-circus@29.7.0/node_modules/jest-circus/build/run.js:316:40)
            at processTicksAndRejections (node:internal/process/task_queues:103:5)
            at _runTest (/app/node_modules/.pnpm/jest-circus@29.7.0/node_modules/jest-circus/build/run.js:252:3)
            at _runTestsForDescribeBlock (/app/node_modules/.pnpm/jest-circus@29.7.0/node_modules/jest-circus/build/run.js:126:9)
            at _runTestsForDescribeBlock (/app/node_modules/.pnpm/jest-circus@29.7.0/node_modules/jest-circus/build/run.js:121:9)
            at run (/app/node_modules/.pnpm/jest-circus@29.7.0/node_modules/jest-circus/build/run.js:71:3)
            at runAndTransformResultsToJestFormat (/app/node_modules/.pnpm/jest-circus@29.7.0/node_modules/jest-circus/build/legacy-code-todo-rewrite/jestAdapterInit.js:122:21)
            at jestAdapter (/app/node_modules/.pnpm/jest-circus@29.7.0/node_modules/jest-circus/build/legacy-code-todo-rewrite/jestAdapter.js:79:19)
            at runTestInternal (/app/node_modules/.pnpm/jest-runner@29.7.0/node_modules/jest-runner/build/runTest.js:367:16)
            at runTest (/app/node_modules/.pnpm/jest-runner@29.7.0/node_modules/jest-runner/build/runTest.js:444:34)
            at Object.worker (/app/node_modules/.pnpm/jest-runner@29.7.0/node_modules/jest-runner/build/testWorker.js:106:12),
        type: 'unhandled exception'
      }

      80 |
      81 |   it('Delete on an in-use role is disabled (no AlertDialog opens)', () => {
    > 82 |     render(withIntl(<RolesTable initial={initial} apps={apps} />))
         |           ^
      83 |     const deleteItems = screen.getAllByRole('menuitem', { name: en.roles.actions.delete })
      84 |     // Second row (Platform Admin) has userCount 3.
      85 |     fireEvent.click(deleteItems[1])

      at VirtualConsole.<anonymous> (../../node_modules/.pnpm/jest-environment-jsdom@29.7.0/node_modules/jest-environment-jsdom/build/index.js:63:23)
      at reportException (../../node_modules/.pnpm/jsdom@20.0.3/node_modules/jsdom/lib/jsdom/living/helpers/runtime-script-errors.js:70:28)
      at innerInvokeEventListeners (../../node_modules/.pnpm/jsdom@20.0.3/node_modules/jsdom/lib/jsdom/living/events/EventTarget-impl.js:353:9)
      at invokeEventListeners (../../node_modules/.pnpm/jsdom@20.0.3/node_modules/jsdom/lib/jsdom/living/events/EventTarget-impl.js:286:3)
      at HTMLUnknownElementImpl._dispatch (../../node_modules/.pnpm/jsdom@20.0.3/node_modules/jsdom/lib/jsdom/living/events/EventTarget-impl.js:233:9)
      at HTMLUnknownElementImpl.dispatchEvent (../../node_modules/.pnpm/jsdom@20.0.3/node_modules/jsdom/lib/jsdom/living/events/EventTarget-impl.js:104:17)
      at HTMLUnknownElement.dispatchEvent (../../node_modules/.pnpm/jsdom@20.0.3/node_modules/jsdom/lib/jsdom/living/generated/EventTarget.js:241:34)
      at Object.invokeGuardedCallbackDev (../../node_modules/.pnpm/react-dom@18.3.1_react@18.3.1/node_modules/react-dom/cjs/react-dom.development.js:4213:16)
      at invokeGuardedCallback (../../node_modules/.pnpm/react-dom@18.3.1_react@18.3.1/node_modules/react-dom/cjs/react-dom.development.js:4277:31)
      at beginWork$1 (../../node_modules/.pnpm/react-dom@18.3.1_react@18.3.1/node_modules/react-dom/cjs/react-dom.development.js:27490:7)
      at performUnitOfWork (../../node_modules/.pnpm/react-dom@18.3.1_react@18.3.1/node_modules/react-dom/cjs/react-dom.development.js:26599:12)
      at workLoopSync (../../node_modules/.pnpm/react-dom@18.3.1_react@18.3.1/node_modules/react-dom/cjs/react-dom.development.js:26505:5)
      at renderRootSync (../../node_modules/.pnpm/react-dom@18.3.1_react@18.3.1/node_modules/react-dom/cjs/react-dom.development.js:26473:7)
      at recoverFromConcurrentError (../../node_modules/.pnpm/react-dom@18.3.1_react@18.3.1/node_modules/react-dom/cjs/react-dom.development.js:25889:20)
      at performConcurrentWorkOnRoot (../../node_modules/.pnpm/react-dom@18.3.1_react@18.3.1/node_modules/react-dom/cjs/react-dom.development.js:25789:22)
      at flushActQueue (../../node_modules/.pnpm/react@18.3.1/node_modules/react/cjs/react.development.js:2667:24)
      at act (../../node_modules/.pnpm/react@18.3.1/node_modules/react/cjs/react.development.js:2582:11)
      at ../../node_modules/.pnpm/@testing-library+react@16.3.2_@testing-library+dom@10.4.1_@types+react-dom@18.3.7_@types+reac_3k5f6qynewwmkoqvlvtzlgtsjq/node_modules/@testing-library/react/dist/act-compat.js:46:25
      at renderRoot (../../node_modules/.pnpm/@testing-library+react@16.3.2_@testing-library+dom@10.4.1_@types+react-dom@18.3.7_@types+reac_3k5f6qynewwmkoqvlvtzlgtsjq/node_modules/@testing-library/react/dist/pure.js:189:26)
      at render (../../node_modules/.pnpm/@testing-library+react@16.3.2_@testing-library+dom@10.4.1_@types+react-dom@18.3.7_@types+reac_3k5f6qynewwmkoqvlvtzlgtsjq/node_modules/@testing-library/react/dist/pure.js:291:10)
      at Object.<anonymous> (components/__tests__/roles-table.test.tsx:82:11)

    console.error
      Error: Uncaught [Error: `Tooltip` must be used within `TooltipProvider`]
          at reportException (/app/node_modules/.pnpm/jsdom@20.0.3/node_modules/jsdom/lib/jsdom/living/helpers/runtime-script-errors.js:66:24)
          at innerInvokeEventListeners (/app/node_modules/.pnpm/jsdom@20.0.3/node_modules/jsdom/lib/jsdom/living/events/EventTarget-impl.js:353:9)
          at invokeEventListeners (/app/node_modules/.pnpm/jsdom@20.0.3/node_modules/jsdom/lib/jsdom/living/events/EventTarget-impl.js:286:3)
          at HTMLUnknownElementImpl._dispatch (/app/node_modules/.pnpm/jsdom@20.0.3/node_modules/jsdom/lib/jsdom/living/events/EventTarget-impl.js:233:9)
          at HTMLUnknownElementImpl.dispatchEvent (/app/node_modules/.pnpm/jsdom@20.0.3/node_modules/jsdom/lib/jsdom/living/events/EventTarget-impl.js:104:17)
          at HTMLUnknownElement.dispatchEvent (/app/node_modules/.pnpm/jsdom@20.0.3/node_modules/jsdom/lib/jsdom/living/generated/EventTarget.js:241:34)
          at Object.invokeGuardedCallbackDev (/app/node_modules/.pnpm/react-dom@18.3.1_react@18.3.1/node_modules/react-dom/cjs/react-dom.development.js:4213:16)
          at invokeGuardedCallback (/app/node_modules/.pnpm/react-dom@18.3.1_react@18.3.1/node_modules/react-dom/cjs/react-dom.development.js:4277:31)
          at beginWork$1 (/app/node_modules/.pnpm/react-dom@18.3.1_react@18.3.1/node_modules/react-dom/cjs/react-dom.development.js:27490:7)
          at performUnitOfWork (/app/node_modules/.pnpm/react-dom@18.3.1_react@18.3.1/node_modules/react-dom/cjs/react-dom.development.js:26599:12)
          at workLoopSync (/app/node_modules/.pnpm/react-dom@18.3.1_react@18.3.1/node_modules/react-dom/cjs/react-dom.development.js:26505:5)
          at renderRootSync (/app/node_modules/.pnpm/react-dom@18.3.1_react@18.3.1/node_modules/react-dom/cjs/react-dom.development.js:26473:7)
          at recoverFromConcurrentError (/app/node_modules/.pnpm/react-dom@18.3.1_react@18.3.1/node_modules/react-dom/cjs/react-dom.development.js:25889:20)
          at performConcurrentWorkOnRoot (/app/node_modules/.pnpm/react-dom@18.3.1_react@18.3.1/node_modules/react-dom/cjs/react-dom.development.js:25789:22)
          at flushActQueue (/app/node_modules/.pnpm/react@18.3.1/node_modules/react/cjs/react.development.js:2667:24)
          at act (/app/node_modules/.pnpm/react@18.3.1/node_modules/react/cjs/react.development.js:2582:11)
          at /app/node_modules/.pnpm/@testing-library+react@16.3.2_@testing-library+dom@10.4.1_@types+react-dom@18.3.7_@types+reac_3k5f6qynewwmkoqvlvtzlgtsjq/node_modules/@testing-library/react/dist/act-compat.js:46:25
          at renderRoot (/app/node_modules/.pnpm/@testing-library+react@16.3.2_@testing-library+dom@10.4.1_@types+react-dom@18.3.7_@types+reac_3k5f6qynewwmkoqvlvtzlgtsjq/node_modules/@testing-library/react/dist/pure.js:189:26)
          at render (/app/node_modules/.pnpm/@testing-library+react@16.3.2_@testing-library+dom@10.4.1_@types+react-dom@18.3.7_@types+reac_3k5f6qynewwmkoqvlvtzlgtsjq/node_modules/@testing-library/react/dist/pure.js:291:10)
          at Object.<anonymous> (/app/apps/admin/components/__tests__/roles-table.test.tsx:82:11)
          at Promise.then.completed (/app/node_modules/.pnpm/jest-circus@29.7.0/node_modules/jest-circus/build/utils.js:298:28)
          at new Promise (<anonymous>)
          at callAsyncCircusFn (/app/node_modules/.pnpm/jest-circus@29.7.0/node_modules/jest-circus/build/utils.js:231:10)
          at _callCircusTest (/app/node_modules/.pnpm/jest-circus@29.7.0/node_modules/jest-circus/build/run.js:316:40)
          at processTicksAndRejections (node:internal/process/task_queues:103:5)
          at _runTest (/app/node_modules/.pnpm/jest-circus@29.7.0/node_modules/jest-circus/build/run.js:252:3)
          at _runTestsForDescribeBlock (/app/node_modules/.pnpm/jest-circus@29.7.0/node_modules/jest-circus/build/run.js:126:9)
          at _runTestsForDescribeBlock (/app/node_modules/.pnpm/jest-circus@29.7.0/node_modules/jest-circus/build/run.js:121:9)
          at run (/app/node_modules/.pnpm/jest-circus@29.7.0/node_modules/jest-circus/build/run.js:71:3)
          at runAndTransformResultsToJestFormat (/app/node_modules/.pnpm/jest-circus@29.7.0/node_modules/jest-circus/build/legacy-code-todo-rewrite/jestAdapterInit.js:122:21)
          at jestAdapter (/app/node_modules/.pnpm/jest-circus@29.7.0/node_modules/jest-circus/build/legacy-code-todo-rewrite/jestAdapter.js:79:19)
          at runTestInternal (/app/node_modules/.pnpm/jest-runner@29.7.0/node_modules/jest-runner/build/runTest.js:367:16)
          at runTest (/app/node_modules/.pnpm/jest-runner@29.7.0/node_modules/jest-runner/build/runTest.js:444:34)
          at Object.worker (/app/node_modules/.pnpm/jest-runner@29.7.0/node_modules/jest-runner/build/testWorker.js:106:12) {
        detail: Error: `Tooltip` must be used within `TooltipProvider`
            at useContext2 (/app/node_modules/.pnpm/@radix-ui+react-context@1.1.2_@types+react@18.3.29_react@18.3.1/node_modules/@radix-ui/react-context/src/create-context.tsx:75:13)
            at Tooltip (/app/node_modules/.pnpm/@radix-ui+react-tooltip@1.2.8_@types+react-dom@18.3.7_@types+react@18.3.29__@types+react@18.3_xrwsnt2rmlacewwolijhmzdoxi/node_modules/@radix-ui/react-tooltip/src/tooltip.tsx:162:27)
            at renderWithHooks (/app/node_modules/.pnpm/react-dom@18.3.1_react@18.3.1/node_modules/react-dom/cjs/react-dom.development.js:15486:18)
            at mountIndeterminateComponent (/app/node_modules/.pnpm/react-dom@18.3.1_react@18.3.1/node_modules/react-dom/cjs/react-dom.development.js:20103:13)
            at beginWork (/app/node_modules/.pnpm/react-dom@18.3.1_react@18.3.1/node_modules/react-dom/cjs/react-dom.development.js:21626:16)
            at HTMLUnknownElement.callCallback (/app/node_modules/.pnpm/react-dom@18.3.1_react@18.3.1/node_modules/react-dom/cjs/react-dom.development.js:4164:14)
            at HTMLUnknownElement.callTheUserObjectsOperation (/app/node_modules/.pnpm/jsdom@20.0.3/node_modules/jsdom/lib/jsdom/living/generated/EventListener.js:26:30)
            at innerInvokeEventListeners (/app/node_modules/.pnpm/jsdom@20.0.3/node_modules/jsdom/lib/jsdom/living/events/EventTarget-impl.js:350:25)
            at invokeEventListeners (/app/node_modules/.pnpm/jsdom@20.0.3/node_modules/jsdom/lib/jsdom/living/events/EventTarget-impl.js:286:3)
            at HTMLUnknownElementImpl._dispatch (/app/node_modules/.pnpm/jsdom@20.0.3/node_modules/jsdom/lib/jsdom/living/events/EventTarget-impl.js:233:9)
            at HTMLUnknownElementImpl.dispatchEvent (/app/node_modules/.pnpm/jsdom@20.0.3/node_modules/jsdom/lib/jsdom/living/events/EventTarget-impl.js:104:17)
            at HTMLUnknownElement.dispatchEvent (/app/node_modules/.pnpm/jsdom@20.0.3/node_modules/jsdom/lib/jsdom/living/generated/EventTarget.js:241:34)
            at Object.invokeGuardedCallbackDev (/app/node_modules/.pnpm/react-dom@18.3.1_react@18.3.1/node_modules/react-dom/cjs/react-dom.development.js:4213:16)
            at invokeGuardedCallback (/app/node_modules/.pnpm/react-dom@18.3.1_react@18.3.1/node_modules/react-dom/cjs/react-dom.development.js:4277:31)
            at beginWork$1 (/app/node_modules/.pnpm/react-dom@18.3.1_react@18.3.1/node_modules/react-dom/cjs/react-dom.development.js:27490:7)
            at performUnitOfWork (/app/node_modules/.pnpm/react-dom@18.3.1_react@18.3.1/node_modules/react-dom/cjs/react-dom.development.js:26599:12)
            at workLoopSync (/app/node_modules/.pnpm/react-dom@18.3.1_react@18.3.1/node_modules/react-dom/cjs/react-dom.development.js:26505:5)
            at renderRootSync (/app/node_modules/.pnpm/react-dom@18.3.1_react@18.3.1/node_modules/react-dom/cjs/react-dom.development.js:26473:7)
            at recoverFromConcurrentError (/app/node_modules/.pnpm/react-dom@18.3.1_react@18.3.1/node_modules/react-dom/cjs/react-dom.development.js:25889:20)
            at performConcurrentWorkOnRoot (/app/node_modules/.pnpm/react-dom@18.3.1_react@18.3.1/node_modules/react-dom/cjs/react-dom.development.js:25789:22)
            at flushActQueue (/app/node_modules/.pnpm/react@18.3.1/node_modules/react/cjs/react.development.js:2667:24)
            at act (/app/node_modules/.pnpm/react@18.3.1/node_modules/react/cjs/react.development.js:2582:11)
            at /app/node_modules/.pnpm/@testing-library+react@16.3.2_@testing-library+dom@10.4.1_@types+react-dom@18.3.7_@types+reac_3k5f6qynewwmkoqvlvtzlgtsjq/node_modules/@testing-library/react/dist/act-compat.js:46:25
            at renderRoot (/app/node_modules/.pnpm/@testing-library+react@16.3.2_@testing-library+dom@10.4.1_@types+react-dom@18.3.7_@types+reac_3k5f6qynewwmkoqvlvtzlgtsjq/node_modules/@testing-library/react/dist/pure.js:189:26)
            at render (/app/node_modules/.pnpm/@testing-library+react@16.3.2_@testing-library+dom@10.4.1_@types+react-dom@18.3.7_@types+reac_3k5f6qynewwmkoqvlvtzlgtsjq/node_modules/@testing-library/react/dist/pure.js:291:10)
            at Object.<anonymous> (/app/apps/admin/components/__tests__/roles-table.test.tsx:82:11)
            at Promise.then.completed (/app/node_modules/.pnpm/jest-circus@29.7.0/node_modules/jest-circus/build/utils.js:298:28)
            at new Promise (<anonymous>)
            at callAsyncCircusFn (/app/node_modules/.pnpm/jest-circus@29.7.0/node_modules/jest-circus/build/utils.js:231:10)
            at _callCircusTest (/app/node_modules/.pnpm/jest-circus@29.7.0/node_modules/jest-circus/build/run.js:316:40)
            at processTicksAndRejections (node:internal/process/task_queues:103:5)
            at _runTest (/app/node_modules/.pnpm/jest-circus@29.7.0/node_modules/jest-circus/build/run.js:252:3)
            at _runTestsForDescribeBlock (/app/node_modules/.pnpm/jest-circus@29.7.0/node_modules/jest-circus/build/run.js:126:9)
            at _runTestsForDescribeBlock (/app/node_modules/.pnpm/jest-circus@29.7.0/node_modules/jest-circus/build/run.js:121:9)
            at run (/app/node_modules/.pnpm/jest-circus@29.7.0/node_modules/jest-circus/build/run.js:71:3)
            at runAndTransformResultsToJestFormat (/app/node_modules/.pnpm/jest-circus@29.7.0/node_modules/jest-circus/build/legacy-code-todo-rewrite/jestAdapterInit.js:122:21)
            at jestAdapter (/app/node_modules/.pnpm/jest-circus@29.7.0/node_modules/jest-circus/build/legacy-code-todo-rewrite/jestAdapter.js:79:19)
            at runTestInternal (/app/node_modules/.pnpm/jest-runner@29.7.0/node_modules/jest-runner/build/runTest.js:367:16)
            at runTest (/app/node_modules/.pnpm/jest-runner@29.7.0/node_modules/jest-runner/build/runTest.js:444:34)
            at Object.worker (/app/node_modules/.pnpm/jest-runner@29.7.0/node_modules/jest-runner/build/testWorker.js:106:12),
        type: 'unhandled exception'
      }

      80 |
      81 |   it('Delete on an in-use role is disabled (no AlertDialog opens)', () => {
    > 82 |     render(withIntl(<RolesTable initial={initial} apps={apps} />))
         |           ^
      83 |     const deleteItems = screen.getAllByRole('menuitem', { name: en.roles.actions.delete })
      84 |     // Second row (Platform Admin) has userCount 3.
      85 |     fireEvent.click(deleteItems[1])

      at VirtualConsole.<anonymous> (../../node_modules/.pnpm/jest-environment-jsdom@29.7.0/node_modules/jest-environment-jsdom/build/index.js:63:23)
      at reportException (../../node_modules/.pnpm/jsdom@20.0.3/node_modules/jsdom/lib/jsdom/living/helpers/runtime-script-errors.js:70:28)
      at innerInvokeEventListeners (../../node_modules/.pnpm/jsdom@20.0.3/node_modules/jsdom/lib/jsdom/living/events/EventTarget-impl.js:353:9)
      at invokeEventListeners (../../node_modules/.pnpm/jsdom@20.0.3/node_modules/jsdom/lib/jsdom/living/events/EventTarget-impl.js:286:3)
      at HTMLUnknownElementImpl._dispatch (../../node_modules/.pnpm/jsdom@20.0.3/node_modules/jsdom/lib/jsdom/living/events/EventTarget-impl.js:233:9)
      at HTMLUnknownElementImpl.dispatchEvent (../../node_modules/.pnpm/jsdom@20.0.3/node_modules/jsdom/lib/jsdom/living/events/EventTarget-impl.js:104:17)
      at HTMLUnknownElement.dispatchEvent (../../node_modules/.pnpm/jsdom@20.0.3/node_modules/jsdom/lib/jsdom/living/generated/EventTarget.js:241:34)
      at Object.invokeGuardedCallbackDev (../../node_modules/.pnpm/react-dom@18.3.1_react@18.3.1/node_modules/react-dom/cjs/react-dom.development.js:4213:16)
      at invokeGuardedCallback (../../node_modules/.pnpm/react-dom@18.3.1_react@18.3.1/node_modules/react-dom/cjs/react-dom.development.js:4277:31)
      at beginWork$1 (../../node_modules/.pnpm/react-dom@18.3.1_react@18.3.1/node_modules/react-dom/cjs/react-dom.development.js:27490:7)
      at performUnitOfWork (../../node_modules/.pnpm/react-dom@18.3.1_react@18.3.1/node_modules/react-dom/cjs/react-dom.development.js:26599:12)
      at workLoopSync (../../node_modules/.pnpm/react-dom@18.3.1_react@18.3.1/node_modules/react-dom/cjs/react-dom.development.js:26505:5)
      at renderRootSync (../../node_modules/.pnpm/react-dom@18.3.1_react@18.3.1/node_modules/react-dom/cjs/react-dom.development.js:26473:7)
      at recoverFromConcurrentError (../../node_modules/.pnpm/react-dom@18.3.1_react@18.3.1/node_modules/react-dom/cjs/react-dom.development.js:25889:20)
      at performConcurrentWorkOnRoot (../../node_modules/.pnpm/react-dom@18.3.1_react@18.3.1/node_modules/react-dom/cjs/react-dom.development.js:25789:22)
      at flushActQueue (../../node_modules/.pnpm/react@18.3.1/node_modules/react/cjs/react.development.js:2667:24)
      at act (../../node_modules/.pnpm/react@18.3.1/node_modules/react/cjs/react.development.js:2582:11)
      at ../../node_modules/.pnpm/@testing-library+react@16.3.2_@testing-library+dom@10.4.1_@types+react-dom@18.3.7_@types+reac_3k5f6qynewwmkoqvlvtzlgtsjq/node_modules/@testing-library/react/dist/act-compat.js:46:25
      at renderRoot (../../node_modules/.pnpm/@testing-library+react@16.3.2_@testing-library+dom@10.4.1_@types+react-dom@18.3.7_@types+reac_3k5f6qynewwmkoqvlvtzlgtsjq/node_modules/@testing-library/react/dist/pure.js:189:26)
      at render (../../node_modules/.pnpm/@testing-library+react@16.3.2_@testing-library+dom@10.4.1_@types+react-dom@18.3.7_@types+reac_3k5f6qynewwmkoqvlvtzlgtsjq/node_modules/@testing-library/react/dist/pure.js:291:10)
      at Object.<anonymous> (components/__tests__/roles-table.test.tsx:82:11)

    console.error
      The above error occurred in the <Tooltip> component:

          at Tooltip (/app/node_modules/.pnpm/@radix-ui+react-tooltip@1.2.8_@types+react-dom@18.3.7_@types+react@18.3.29__@types+react@18.3_xrwsnt2rmlacewwolijhmzdoxi/node_modules/@radix-ui/react-tooltip/src/tooltip.tsx:154:5)
          at div
          at cell (/app/apps/admin/components/roles-table.tsx:82:16)
          at td
          at /app/packages/ui/src/components/ui/table.tsx:87:6
          at tr
          at /app/packages/ui/src/components/ui/table.tsx:57:6
          at tbody
          at /app/packages/ui/src/components/ui/table.tsx:30:6
          at table
          at div
          at /app/packages/ui/src/components/ui/table.tsx:8:6
          at DataTable (/app/packages/ui/src/components/data-table.tsx:23:36)
          at div
          at RolesTable (/app/apps/admin/components/roles-table.tsx:27:30)
          at IntlProvider (/app/node_modules/.pnpm/use-intl@3.26.5_react@18.3.1/node_modules/use-intl/dist/development/_IntlProvider.js:16:5)
          at NextIntlClientProvider (/app/node_modules/.pnpm/next-intl@3.26.5_next@15.5.18_@babel+core@7.29.7_@opentelemetry+api@1.9.1_@playwright+test@1._uib3rlo2eksg3yll53rffkx7ea/node_modules/next-intl/dist/development/shared/NextIntlClientProvider.js:16:5)

      Consider adding an error boundary to your tree to customize error handling behavior.
      Visit https://reactjs.org/link/error-boundaries to learn more about error boundaries.

      80 |
      81 |   it('Delete on an in-use role is disabled (no AlertDialog opens)', () => {
    > 82 |     render(withIntl(<RolesTable initial={initial} apps={apps} />))
         |           ^
      83 |     const deleteItems = screen.getAllByRole('menuitem', { name: en.roles.actions.delete })
      84 |     // Second row (Platform Admin) has userCount 3.
      85 |     fireEvent.click(deleteItems[1])

      at logCapturedError (../../node_modules/.pnpm/react-dom@18.3.1_react@18.3.1/node_modules/react-dom/cjs/react-dom.development.js:18704:23)
      at update.callback (../../node_modules/.pnpm/react-dom@18.3.1_react@18.3.1/node_modules/react-dom/cjs/react-dom.development.js:18737:5)
      at callCallback (../../node_modules/.pnpm/react-dom@18.3.1_react@18.3.1/node_modules/react-dom/cjs/react-dom.development.js:15036:12)
      at commitUpdateQueue (../../node_modules/.pnpm/react-dom@18.3.1_react@18.3.1/node_modules/react-dom/cjs/react-dom.development.js:15057:9)
      at commitLayoutEffectOnFiber (../../node_modules/.pnpm/react-dom@18.3.1_react@18.3.1/node_modules/react-dom/cjs/react-dom.development.js:23430:13)
      at commitLayoutMountEffects_complete (../../node_modules/.pnpm/react-dom@18.3.1_react@18.3.1/node_modules/react-dom/cjs/react-dom.development.js:24727:9)
      at commitLayoutEffects_begin (../../node_modules/.pnpm/react-dom@18.3.1_react@18.3.1/node_modules/react-dom/cjs/react-dom.development.js:24713:7)
      at commitLayoutEffects (../../node_modules/.pnpm/react-dom@18.3.1_react@18.3.1/node_modules/react-dom/cjs/react-dom.development.js:24651:3)
      at commitRootImpl (../../node_modules/.pnpm/react-dom@18.3.1_react@18.3.1/node_modules/react-dom/cjs/react-dom.development.js:26862:5)
      at commitRoot (../../node_modules/.pnpm/react-dom@18.3.1_react@18.3.1/node_modules/react-dom/cjs/react-dom.development.js:26721:5)
      at finishConcurrentRender (../../node_modules/.pnpm/react-dom@18.3.1_react@18.3.1/node_modules/react-dom/cjs/react-dom.development.js:25931:9)
      at performConcurrentWorkOnRoot (../../node_modules/.pnpm/react-dom@18.3.1_react@18.3.1/node_modules/react-dom/cjs/react-dom.development.js:25848:7)
      at flushActQueue (../../node_modules/.pnpm/react@18.3.1/node_modules/react/cjs/react.development.js:2667:24)
      at act (../../node_modules/.pnpm/react@18.3.1/node_modules/react/cjs/react.development.js:2582:11)
      at ../../node_modules/.pnpm/@testing-library+react@16.3.2_@testing-library+dom@10.4.1_@types+react-dom@18.3.7_@types+reac_3k5f6qynewwmkoqvlvtzlgtsjq/node_modules/@testing-library/react/dist/act-compat.js:46:25
      at renderRoot (../../node_modules/.pnpm/@testing-library+react@16.3.2_@testing-library+dom@10.4.1_@types+react-dom@18.3.7_@types+reac_3k5f6qynewwmkoqvlvtzlgtsjq/node_modules/@testing-library/react/dist/pure.js:189:26)
      at render (../../node_modules/.pnpm/@testing-library+react@16.3.2_@testing-library+dom@10.4.1_@types+react-dom@18.3.7_@types+reac_3k5f6qynewwmkoqvlvtzlgtsjq/node_modules/@testing-library/react/dist/pure.js:291:10)
      at Object.<anonymous> (components/__tests__/roles-table.test.tsx:82:11)

    console.error
      The above error occurred in the <Tooltip> component:

          at Tooltip (/app/node_modules/.pnpm/@radix-ui+react-tooltip@1.2.8_@types+react-dom@18.3.7_@types+react@18.3.29__@types+react@18.3_xrwsnt2rmlacewwolijhmzdoxi/node_modules/@radix-ui/react-tooltip/src/tooltip.tsx:154:5)
          at Passthrough (/app/apps/admin/components/__tests__/roles-table.test.tsx:20:26)
          at cell (/app/apps/admin/components/roles-table.tsx:123:16)
          at td
          at /app/packages/ui/src/components/ui/table.tsx:87:6
          at tr
          at /app/packages/ui/src/components/ui/table.tsx:57:6
          at tbody
          at /app/packages/ui/src/components/ui/table.tsx:30:6
          at table
          at div
          at /app/packages/ui/src/components/ui/table.tsx:8:6
          at DataTable (/app/packages/ui/src/components/data-table.tsx:23:36)
          at div
          at RolesTable (/app/apps/admin/components/roles-table.tsx:27:30)
          at IntlProvider (/app/node_modules/.pnpm/use-intl@3.26.5_react@18.3.1/node_modules/use-intl/dist/development/_IntlProvider.js:16:5)
          at NextIntlClientProvider (/app/node_modules/.pnpm/next-intl@3.26.5_next@15.5.18_@babel+core@7.29.7_@opentelemetry+api@1.9.1_@playwright+test@1._uib3rlo2eksg3yll53rffkx7ea/node_modules/next-intl/dist/development/shared/NextIntlClientProvider.js:16:5)

      Consider adding an error boundary to your tree to customize error handling behavior.
      Visit https://reactjs.org/link/error-boundaries to learn more about error boundaries.

      80 |
      81 |   it('Delete on an in-use role is disabled (no AlertDialog opens)', () => {
    > 82 |     render(withIntl(<RolesTable initial={initial} apps={apps} />))
         |           ^
      83 |     const deleteItems = screen.getAllByRole('menuitem', { name: en.roles.actions.delete })
      84 |     // Second row (Platform Admin) has userCount 3.
      85 |     fireEvent.click(deleteItems[1])

      at logCapturedError (../../node_modules/.pnpm/react-dom@18.3.1_react@18.3.1/node_modules/react-dom/cjs/react-dom.development.js:18704:23)
      at update.callback (../../node_modules/.pnpm/react-dom@18.3.1_react@18.3.1/node_modules/react-dom/cjs/react-dom.development.js:18737:5)
      at callCallback (../../node_modules/.pnpm/react-dom@18.3.1_react@18.3.1/node_modules/react-dom/cjs/react-dom.development.js:15036:12)
      at commitUpdateQueue (../../node_modules/.pnpm/react-dom@18.3.1_react@18.3.1/node_modules/react-dom/cjs/react-dom.development.js:15057:9)
      at commitLayoutEffectOnFiber (../../node_modules/.pnpm/react-dom@18.3.1_react@18.3.1/node_modules/react-dom/cjs/react-dom.development.js:23430:13)
      at commitLayoutMountEffects_complete (../../node_modules/.pnpm/react-dom@18.3.1_react@18.3.1/node_modules/react-dom/cjs/react-dom.development.js:24727:9)
      at commitLayoutEffects_begin (../../node_modules/.pnpm/react-dom@18.3.1_react@18.3.1/node_modules/react-dom/cjs/react-dom.development.js:24713:7)
      at commitLayoutEffects (../../node_modules/.pnpm/react-dom@18.3.1_react@18.3.1/node_modules/react-dom/cjs/react-dom.development.js:24651:3)
      at commitRootImpl (../../node_modules/.pnpm/react-dom@18.3.1_react@18.3.1/node_modules/react-dom/cjs/react-dom.development.js:26862:5)
      at commitRoot (../../node_modules/.pnpm/react-dom@18.3.1_react@18.3.1/node_modules/react-dom/cjs/react-dom.development.js:26721:5)
      at finishConcurrentRender (../../node_modules/.pnpm/react-dom@18.3.1_react@18.3.1/node_modules/react-dom/cjs/react-dom.development.js:25931:9)
      at performConcurrentWorkOnRoot (../../node_modules/.pnpm/react-dom@18.3.1_react@18.3.1/node_modules/react-dom/cjs/react-dom.development.js:25848:7)
      at flushActQueue (../../node_modules/.pnpm/react@18.3.1/node_modules/react/cjs/react.development.js:2667:24)
      at act (../../node_modules/.pnpm/react@18.3.1/node_modules/react/cjs/react.development.js:2582:11)
      at ../../node_modules/.pnpm/@testing-library+react@16.3.2_@testing-library+dom@10.4.1_@types+react-dom@18.3.7_@types+reac_3k5f6qynewwmkoqvlvtzlgtsjq/node_modules/@testing-library/react/dist/act-compat.js:46:25
      at renderRoot (../../node_modules/.pnpm/@testing-library+react@16.3.2_@testing-library+dom@10.4.1_@types+react-dom@18.3.7_@types+reac_3k5f6qynewwmkoqvlvtzlgtsjq/node_modules/@testing-library/react/dist/pure.js:189:26)
      at render (../../node_modules/.pnpm/@testing-library+react@16.3.2_@testing-library+dom@10.4.1_@types+react-dom@18.3.7_@types+reac_3k5f6qynewwmkoqvlvtzlgtsjq/node_modules/@testing-library/react/dist/pure.js:291:10)
      at Object.<anonymous> (components/__tests__/roles-table.test.tsx:82:11)

    console.error
      The above error occurred in the <Tooltip> component:

          at Tooltip (/app/node_modules/.pnpm/@radix-ui+react-tooltip@1.2.8_@types+react-dom@18.3.7_@types+react@18.3.29__@types+react@18.3_xrwsnt2rmlacewwolijhmzdoxi/node_modules/@radix-ui/react-tooltip/src/tooltip.tsx:154:5)
          at div
          at cell (/app/apps/admin/components/roles-table.tsx:82:16)
          at td
          at /app/packages/ui/src/components/ui/table.tsx:87:6
          at tr
          at /app/packages/ui/src/components/ui/table.tsx:57:6
          at tbody
          at /app/packages/ui/src/components/ui/table.tsx:30:6
          at table
          at div
          at /app/packages/ui/src/components/ui/table.tsx:8:6
          at DataTable (/app/packages/ui/src/components/data-table.tsx:23:36)
          at div
          at RolesTable (/app/apps/admin/components/roles-table.tsx:27:30)
          at IntlProvider (/app/node_modules/.pnpm/use-intl@3.26.5_react@18.3.1/node_modules/use-intl/dist/development/_IntlProvider.js:16:5)
          at NextIntlClientProvider (/app/node_modules/.pnpm/next-intl@3.26.5_next@15.5.18_@babel+core@7.29.7_@opentelemetry+api@1.9.1_@playwright+test@1._uib3rlo2eksg3yll53rffkx7ea/node_modules/next-intl/dist/development/shared/NextIntlClientProvider.js:16:5)

      Consider adding an error boundary to your tree to customize error handling behavior.
      Visit https://reactjs.org/link/error-boundaries to learn more about error boundaries.

      80 |
      81 |   it('Delete on an in-use role is disabled (no AlertDialog opens)', () => {
    > 82 |     render(withIntl(<RolesTable initial={initial} apps={apps} />))
         |           ^
      83 |     const deleteItems = screen.getAllByRole('menuitem', { name: en.roles.actions.delete })
      84 |     // Second row (Platform Admin) has userCount 3.
      85 |     fireEvent.click(deleteItems[1])

      at logCapturedError (../../node_modules/.pnpm/react-dom@18.3.1_react@18.3.1/node_modules/react-dom/cjs/react-dom.development.js:18704:23)
      at update.callback (../../node_modules/.pnpm/react-dom@18.3.1_react@18.3.1/node_modules/react-dom/cjs/react-dom.development.js:18737:5)
      at callCallback (../../node_modules/.pnpm/react-dom@18.3.1_react@18.3.1/node_modules/react-dom/cjs/react-dom.development.js:15036:12)
      at commitUpdateQueue (../../node_modules/.pnpm/react-dom@18.3.1_react@18.3.1/node_modules/react-dom/cjs/react-dom.development.js:15057:9)
      at commitLayoutEffectOnFiber (../../node_modules/.pnpm/react-dom@18.3.1_react@18.3.1/node_modules/react-dom/cjs/react-dom.development.js:23430:13)
      at commitLayoutMountEffects_complete (../../node_modules/.pnpm/react-dom@18.3.1_react@18.3.1/node_modules/react-dom/cjs/react-dom.development.js:24727:9)
      at commitLayoutEffects_begin (../../node_modules/.pnpm/react-dom@18.3.1_react@18.3.1/node_modules/react-dom/cjs/react-dom.development.js:24713:7)
      at commitLayoutEffects (../../node_modules/.pnpm/react-dom@18.3.1_react@18.3.1/node_modules/react-dom/cjs/react-dom.development.js:24651:3)
      at commitRootImpl (../../node_modules/.pnpm/react-dom@18.3.1_react@18.3.1/node_modules/react-dom/cjs/react-dom.development.js:26862:5)
      at commitRoot (../../node_modules/.pnpm/react-dom@18.3.1_react@18.3.1/node_modules/react-dom/cjs/react-dom.development.js:26721:5)
      at finishConcurrentRender (../../node_modules/.pnpm/react-dom@18.3.1_react@18.3.1/node_modules/react-dom/cjs/react-dom.development.js:25931:9)
      at performConcurrentWorkOnRoot (../../node_modules/.pnpm/react-dom@18.3.1_react@18.3.1/node_modules/react-dom/cjs/react-dom.development.js:25848:7)
      at flushActQueue (../../node_modules/.pnpm/react@18.3.1/node_modules/react/cjs/react.development.js:2667:24)
      at act (../../node_modules/.pnpm/react@18.3.1/node_modules/react/cjs/react.development.js:2582:11)
      at ../../node_modules/.pnpm/@testing-library+react@16.3.2_@testing-library+dom@10.4.1_@types+react-dom@18.3.7_@types+reac_3k5f6qynewwmkoqvlvtzlgtsjq/node_modules/@testing-library/react/dist/act-compat.js:46:25
      at renderRoot (../../node_modules/.pnpm/@testing-library+react@16.3.2_@testing-library+dom@10.4.1_@types+react-dom@18.3.7_@types+reac_3k5f6qynewwmkoqvlvtzlgtsjq/node_modules/@testing-library/react/dist/pure.js:189:26)
      at render (../../node_modules/.pnpm/@testing-library+react@16.3.2_@testing-library+dom@10.4.1_@types+react-dom@18.3.7_@types+reac_3k5f6qynewwmkoqvlvtzlgtsjq/node_modules/@testing-library/react/dist/pure.js:291:10)
      at Object.<anonymous> (components/__tests__/roles-table.test.tsx:82:11)

    console.error
      The above error occurred in the <Tooltip> component:

          at Tooltip (/app/node_modules/.pnpm/@radix-ui+react-tooltip@1.2.8_@types+react-dom@18.3.7_@types+react@18.3.29__@types+react@18.3_xrwsnt2rmlacewwolijhmzdoxi/node_modules/@radix-ui/react-tooltip/src/tooltip.tsx:154:5)
          at Passthrough (/app/apps/admin/components/__tests__/roles-table.test.tsx:20:26)
          at cell (/app/apps/admin/components/roles-table.tsx:123:16)
          at td
          at /app/packages/ui/src/components/ui/table.tsx:87:6
          at tr
          at /app/packages/ui/src/components/ui/table.tsx:57:6
          at tbody
          at /app/packages/ui/src/components/ui/table.tsx:30:6
          at table
          at div
          at /app/packages/ui/src/components/ui/table.tsx:8:6
          at DataTable (/app/packages/ui/src/components/data-table.tsx:23:36)
          at div
          at RolesTable (/app/apps/admin/components/roles-table.tsx:27:30)
          at IntlProvider (/app/node_modules/.pnpm/use-intl@3.26.5_react@18.3.1/node_modules/use-intl/dist/development/_IntlProvider.js:16:5)
          at NextIntlClientProvider (/app/node_modules/.pnpm/next-intl@3.26.5_next@15.5.18_@babel+core@7.29.7_@opentelemetry+api@1.9.1_@playwright+test@1._uib3rlo2eksg3yll53rffkx7ea/node_modules/next-intl/dist/development/shared/NextIntlClientProvider.js:16:5)

      Consider adding an error boundary to your tree to customize error handling behavior.
      Visit https://reactjs.org/link/error-boundaries to learn more about error boundaries.

      80 |
      81 |   it('Delete on an in-use role is disabled (no AlertDialog opens)', () => {
    > 82 |     render(withIntl(<RolesTable initial={initial} apps={apps} />))
         |           ^
      83 |     const deleteItems = screen.getAllByRole('menuitem', { name: en.roles.actions.delete })
      84 |     // Second row (Platform Admin) has userCount 3.
      85 |     fireEvent.click(deleteItems[1])

      at logCapturedError (../../node_modules/.pnpm/react-dom@18.3.1_react@18.3.1/node_modules/react-dom/cjs/react-dom.development.js:18704:23)
      at update.callback (../../node_modules/.pnpm/react-dom@18.3.1_react@18.3.1/node_modules/react-dom/cjs/react-dom.development.js:18737:5)
      at callCallback (../../node_modules/.pnpm/react-dom@18.3.1_react@18.3.1/node_modules/react-dom/cjs/react-dom.development.js:15036:12)
      at commitUpdateQueue (../../node_modules/.pnpm/react-dom@18.3.1_react@18.3.1/node_modules/react-dom/cjs/react-dom.development.js:15057:9)
      at commitLayoutEffectOnFiber (../../node_modules/.pnpm/react-dom@18.3.1_react@18.3.1/node_modules/react-dom/cjs/react-dom.development.js:23430:13)
      at commitLayoutMountEffects_complete (../../node_modules/.pnpm/react-dom@18.3.1_react@18.3.1/node_modules/react-dom/cjs/react-dom.development.js:24727:9)
      at commitLayoutEffects_begin (../../node_modules/.pnpm/react-dom@18.3.1_react@18.3.1/node_modules/react-dom/cjs/react-dom.development.js:24713:7)
      at commitLayoutEffects (../../node_modules/.pnpm/react-dom@18.3.1_react@18.3.1/node_modules/react-dom/cjs/react-dom.development.js:24651:3)
      at commitRootImpl (../../node_modules/.pnpm/react-dom@18.3.1_react@18.3.1/node_modules/react-dom/cjs/react-dom.development.js:26862:5)
      at commitRoot (../../node_modules/.pnpm/react-dom@18.3.1_react@18.3.1/node_modules/react-dom/cjs/react-dom.development.js:26721:5)
      at finishConcurrentRender (../../node_modules/.pnpm/react-dom@18.3.1_react@18.3.1/node_modules/react-dom/cjs/react-dom.development.js:25931:9)
      at performConcurrentWorkOnRoot (../../node_modules/.pnpm/react-dom@18.3.1_react@18.3.1/node_modules/react-dom/cjs/react-dom.development.js:25848:7)
      at flushActQueue (../../node_modules/.pnpm/react@18.3.1/node_modules/react/cjs/react.development.js:2667:24)
      at act (../../node_modules/.pnpm/react@18.3.1/node_modules/react/cjs/react.development.js:2582:11)
      at ../../node_modules/.pnpm/@testing-library+react@16.3.2_@testing-library+dom@10.4.1_@types+react-dom@18.3.7_@types+reac_3k5f6qynewwmkoqvlvtzlgtsjq/node_modules/@testing-library/react/dist/act-compat.js:46:25
      at renderRoot (../../node_modules/.pnpm/@testing-library+react@16.3.2_@testing-library+dom@10.4.1_@types+react-dom@18.3.7_@types+reac_3k5f6qynewwmkoqvlvtzlgtsjq/node_modules/@testing-library/react/dist/pure.js:189:26)
      at render (../../node_modules/.pnpm/@testing-library+react@16.3.2_@testing-library+dom@10.4.1_@types+react-dom@18.3.7_@types+reac_3k5f6qynewwmkoqvlvtzlgtsjq/node_modules/@testing-library/react/dist/pure.js:291:10)
      at Object.<anonymous> (components/__tests__/roles-table.test.tsx:82:11)

    console.error
      Error: Uncaught [Error: `Tooltip` must be used within `TooltipProvider`]
          at reportException (/app/node_modules/.pnpm/jsdom@20.0.3/node_modules/jsdom/lib/jsdom/living/helpers/runtime-script-errors.js:66:24)
          at innerInvokeEventListeners (/app/node_modules/.pnpm/jsdom@20.0.3/node_modules/jsdom/lib/jsdom/living/events/EventTarget-impl.js:353:9)
          at invokeEventListeners (/app/node_modules/.pnpm/jsdom@20.0.3/node_modules/jsdom/lib/jsdom/living/events/EventTarget-impl.js:286:3)
          at HTMLUnknownElementImpl._dispatch (/app/node_modules/.pnpm/jsdom@20.0.3/node_modules/jsdom/lib/jsdom/living/events/EventTarget-impl.js:233:9)
          at HTMLUnknownElementImpl.dispatchEvent (/app/node_modules/.pnpm/jsdom@20.0.3/node_modules/jsdom/lib/jsdom/living/events/EventTarget-impl.js:104:17)
          at HTMLUnknownElement.dispatchEvent (/app/node_modules/.pnpm/jsdom@20.0.3/node_modules/jsdom/lib/jsdom/living/generated/EventTarget.js:241:34)
          at Object.invokeGuardedCallbackDev (/app/node_modules/.pnpm/react-dom@18.3.1_react@18.3.1/node_modules/react-dom/cjs/react-dom.development.js:4213:16)
          at invokeGuardedCallback (/app/node_modules/.pnpm/react-dom@18.3.1_react@18.3.1/node_modules/react-dom/cjs/react-dom.development.js:4277:31)
          at beginWork$1 (/app/node_modules/.pnpm/react-dom@18.3.1_react@18.3.1/node_modules/react-dom/cjs/react-dom.development.js:27490:7)
          at performUnitOfWork (/app/node_modules/.pnpm/react-dom@18.3.1_react@18.3.1/node_modules/react-dom/cjs/react-dom.development.js:26599:12)
          at workLoopSync (/app/node_modules/.pnpm/react-dom@18.3.1_react@18.3.1/node_modules/react-dom/cjs/react-dom.development.js:26505:5)
          at renderRootSync (/app/node_modules/.pnpm/react-dom@18.3.1_react@18.3.1/node_modules/react-dom/cjs/react-dom.development.js:26473:7)
          at performConcurrentWorkOnRoot (/app/node_modules/.pnpm/react-dom@18.3.1_react@18.3.1/node_modules/react-dom/cjs/react-dom.development.js:25777:74)
          at flushActQueue (/app/node_modules/.pnpm/react@18.3.1/node_modules/react/cjs/react.development.js:2667:24)
          at act (/app/node_modules/.pnpm/react@18.3.1/node_modules/react/cjs/react.development.js:2582:11)
          at /app/node_modules/.pnpm/@testing-library+react@16.3.2_@testing-library+dom@10.4.1_@types+react-dom@18.3.7_@types+reac_3k5f6qynewwmkoqvlvtzlgtsjq/node_modules/@testing-library/react/dist/act-compat.js:46:25
          at renderRoot (/app/node_modules/.pnpm/@testing-library+react@16.3.2_@testing-library+dom@10.4.1_@types+react-dom@18.3.7_@types+reac_3k5f6qynewwmkoqvlvtzlgtsjq/node_modules/@testing-library/react/dist/pure.js:189:26)
          at render (/app/node_modules/.pnpm/@testing-library+react@16.3.2_@testing-library+dom@10.4.1_@types+react-dom@18.3.7_@types+reac_3k5f6qynewwmkoqvlvtzlgtsjq/node_modules/@testing-library/react/dist/pure.js:291:10)
          at Object.<anonymous> (/app/apps/admin/components/__tests__/roles-table.test.tsx:92:11)
          at Promise.then.completed (/app/node_modules/.pnpm/jest-circus@29.7.0/node_modules/jest-circus/build/utils.js:298:28)
          at new Promise (<anonymous>)
          at callAsyncCircusFn (/app/node_modules/.pnpm/jest-circus@29.7.0/node_modules/jest-circus/build/utils.js:231:10)
          at _callCircusTest (/app/node_modules/.pnpm/jest-circus@29.7.0/node_modules/jest-circus/build/run.js:316:40)
          at processTicksAndRejections (node:internal/process/task_queues:103:5)
          at _runTest (/app/node_modules/.pnpm/jest-circus@29.7.0/node_modules/jest-circus/build/run.js:252:3)
          at _runTestsForDescribeBlock (/app/node_modules/.pnpm/jest-circus@29.7.0/node_modules/jest-circus/build/run.js:126:9)
          at _runTestsForDescribeBlock (/app/node_modules/.pnpm/jest-circus@29.7.0/node_modules/jest-circus/build/run.js:121:9)
          at run (/app/node_modules/.pnpm/jest-circus@29.7.0/node_modules/jest-circus/build/run.js:71:3)
          at runAndTransformResultsToJestFormat (/app/node_modules/.pnpm/jest-circus@29.7.0/node_modules/jest-circus/build/legacy-code-todo-rewrite/jestAdapterInit.js:122:21)
          at jestAdapter (/app/node_modules/.pnpm/jest-circus@29.7.0/node_modules/jest-circus/build/legacy-code-todo-rewrite/jestAdapter.js:79:19)
          at runTestInternal (/app/node_modules/.pnpm/jest-runner@29.7.0/node_modules/jest-runner/build/runTest.js:367:16)
          at runTest (/app/node_modules/.pnpm/jest-runner@29.7.0/node_modules/jest-runner/build/runTest.js:444:34)
          at Object.worker (/app/node_modules/.pnpm/jest-runner@29.7.0/node_modules/jest-runner/build/testWorker.js:106:12) {
        detail: Error: `Tooltip` must be used within `TooltipProvider`
            at useContext2 (/app/node_modules/.pnpm/@radix-ui+react-context@1.1.2_@types+react@18.3.29_react@18.3.1/node_modules/@radix-ui/react-context/src/create-context.tsx:75:13)
            at Tooltip (/app/node_modules/.pnpm/@radix-ui+react-tooltip@1.2.8_@types+react-dom@18.3.7_@types+react@18.3.29__@types+react@18.3_xrwsnt2rmlacewwolijhmzdoxi/node_modules/@radix-ui/react-tooltip/src/tooltip.tsx:162:27)
            at renderWithHooks (/app/node_modules/.pnpm/react-dom@18.3.1_react@18.3.1/node_modules/react-dom/cjs/react-dom.development.js:15486:18)
            at mountIndeterminateComponent (/app/node_modules/.pnpm/react-dom@18.3.1_react@18.3.1/node_modules/react-dom/cjs/react-dom.development.js:20103:13)
            at beginWork (/app/node_modules/.pnpm/react-dom@18.3.1_react@18.3.1/node_modules/react-dom/cjs/react-dom.development.js:21626:16)
            at HTMLUnknownElement.callCallback (/app/node_modules/.pnpm/react-dom@18.3.1_react@18.3.1/node_modules/react-dom/cjs/react-dom.development.js:4164:14)
            at HTMLUnknownElement.callTheUserObjectsOperation (/app/node_modules/.pnpm/jsdom@20.0.3/node_modules/jsdom/lib/jsdom/living/generated/EventListener.js:26:30)
            at innerInvokeEventListeners (/app/node_modules/.pnpm/jsdom@20.0.3/node_modules/jsdom/lib/jsdom/living/events/EventTarget-impl.js:350:25)
            at invokeEventListeners (/app/node_modules/.pnpm/jsdom@20.0.3/node_modules/jsdom/lib/jsdom/living/events/EventTarget-impl.js:286:3)
            at HTMLUnknownElementImpl._dispatch (/app/node_modules/.pnpm/jsdom@20.0.3/node_modules/jsdom/lib/jsdom/living/events/EventTarget-impl.js:233:9)
            at HTMLUnknownElementImpl.dispatchEvent (/app/node_modules/.pnpm/jsdom@20.0.3/node_modules/jsdom/lib/jsdom/living/events/EventTarget-impl.js:104:17)
            at HTMLUnknownElement.dispatchEvent (/app/node_modules/.pnpm/jsdom@20.0.3/node_modules/jsdom/lib/jsdom/living/generated/EventTarget.js:241:34)
            at Object.invokeGuardedCallbackDev (/app/node_modules/.pnpm/react-dom@18.3.1_react@18.3.1/node_modules/react-dom/cjs/react-dom.development.js:4213:16)
            at invokeGuardedCallback (/app/node_modules/.pnpm/react-dom@18.3.1_react@18.3.1/node_modules/react-dom/cjs/react-dom.development.js:4277:31)
            at beginWork$1 (/app/node_modules/.pnpm/react-dom@18.3.1_react@18.3.1/node_modules/react-dom/cjs/react-dom.development.js:27490:7)
            at performUnitOfWork (/app/node_modules/.pnpm/react-dom@18.3.1_react@18.3.1/node_modules/react-dom/cjs/react-dom.development.js:26599:12)
            at workLoopSync (/app/node_modules/.pnpm/react-dom@18.3.1_react@18.3.1/node_modules/react-dom/cjs/react-dom.development.js:26505:5)
            at renderRootSync (/app/node_modules/.pnpm/react-dom@18.3.1_react@18.3.1/node_modules/react-dom/cjs/react-dom.development.js:26473:7)
            at performConcurrentWorkOnRoot (/app/node_modules/.pnpm/react-dom@18.3.1_react@18.3.1/node_modules/react-dom/cjs/react-dom.development.js:25777:74)
            at flushActQueue (/app/node_modules/.pnpm/react@18.3.1/node_modules/react/cjs/react.development.js:2667:24)
            at act (/app/node_modules/.pnpm/react@18.3.1/node_modules/react/cjs/react.development.js:2582:11)
            at /app/node_modules/.pnpm/@testing-library+react@16.3.2_@testing-library+dom@10.4.1_@types+react-dom@18.3.7_@types+reac_3k5f6qynewwmkoqvlvtzlgtsjq/node_modules/@testing-library/react/dist/act-compat.js:46:25
            at renderRoot (/app/node_modules/.pnpm/@testing-library+react@16.3.2_@testing-library+dom@10.4.1_@types+react-dom@18.3.7_@types+reac_3k5f6qynewwmkoqvlvtzlgtsjq/node_modules/@testing-library/react/dist/pure.js:189:26)
            at render (/app/node_modules/.pnpm/@testing-library+react@16.3.2_@testing-library+dom@10.4.1_@types+react-dom@18.3.7_@types+reac_3k5f6qynewwmkoqvlvtzlgtsjq/node_modules/@testing-library/react/dist/pure.js:291:10)
            at Object.<anonymous> (/app/apps/admin/components/__tests__/roles-table.test.tsx:92:11)
            at Promise.then.completed (/app/node_modules/.pnpm/jest-circus@29.7.0/node_modules/jest-circus/build/utils.js:298:28)
            at new Promise (<anonymous>)
            at callAsyncCircusFn (/app/node_modules/.pnpm/jest-circus@29.7.0/node_modules/jest-circus/build/utils.js:231:10)
            at _callCircusTest (/app/node_modules/.pnpm/jest-circus@29.7.0/node_modules/jest-circus/build/run.js:316:40)
            at processTicksAndRejections (node:internal/process/task_queues:103:5)
            at _runTest (/app/node_modules/.pnpm/jest-circus@29.7.0/node_modules/jest-circus/build/run.js:252:3)
            at _runTestsForDescribeBlock (/app/node_modules/.pnpm/jest-circus@29.7.0/node_modules/jest-circus/build/run.js:126:9)
            at _runTestsForDescribeBlock (/app/node_modules/.pnpm/jest-circus@29.7.0/node_modules/jest-circus/build/run.js:121:9)
            at run (/app/node_modules/.pnpm/jest-circus@29.7.0/node_modules/jest-circus/build/run.js:71:3)
            at runAndTransformResultsToJestFormat (/app/node_modules/.pnpm/jest-circus@29.7.0/node_modules/jest-circus/build/legacy-code-todo-rewrite/jestAdapterInit.js:122:21)
            at jestAdapter (/app/node_modules/.pnpm/jest-circus@29.7.0/node_modules/jest-circus/build/legacy-code-todo-rewrite/jestAdapter.js:79:19)
            at runTestInternal (/app/node_modules/.pnpm/jest-runner@29.7.0/node_modules/jest-runner/build/runTest.js:367:16)
            at runTest (/app/node_modules/.pnpm/jest-runner@29.7.0/node_modules/jest-runner/build/runTest.js:444:34)
            at Object.worker (/app/node_modules/.pnpm/jest-runner@29.7.0/node_modules/jest-runner/build/testWorker.js:106:12),
        type: 'unhandled exception'
      }

      90 |     jest.useFakeTimers()
      91 |     ;(actions.listRolesAction as jest.Mock).mockResolvedValue({ items: [], total: 0, page: 1, pageSize: 25 })
    > 92 |     render(withIntl(<RolesTable initial={initial} apps={apps} />))
         |           ^
      93 |     fireEvent.change(screen.getByLabelText(en.roles.filter.appLabel), { target: { value: 'sq_a1' } })
      94 |     jest.advanceTimersByTime(400)
      95 |     await waitFor(() => expect(actions.listRolesAction).toHaveBeenCalledWith({ appId: 'sq_a1', page: 1, pageSize: 25 }))

      at VirtualConsole.<anonymous> (../../node_modules/.pnpm/jest-environment-jsdom@29.7.0/node_modules/jest-environment-jsdom/build/index.js:63:23)
      at reportException (../../node_modules/.pnpm/jsdom@20.0.3/node_modules/jsdom/lib/jsdom/living/helpers/runtime-script-errors.js:70:28)
      at innerInvokeEventListeners (../../node_modules/.pnpm/jsdom@20.0.3/node_modules/jsdom/lib/jsdom/living/events/EventTarget-impl.js:353:9)
      at invokeEventListeners (../../node_modules/.pnpm/jsdom@20.0.3/node_modules/jsdom/lib/jsdom/living/events/EventTarget-impl.js:286:3)
      at HTMLUnknownElementImpl._dispatch (../../node_modules/.pnpm/jsdom@20.0.3/node_modules/jsdom/lib/jsdom/living/events/EventTarget-impl.js:233:9)
      at HTMLUnknownElementImpl.dispatchEvent (../../node_modules/.pnpm/jsdom@20.0.3/node_modules/jsdom/lib/jsdom/living/events/EventTarget-impl.js:104:17)
      at HTMLUnknownElement.dispatchEvent (../../node_modules/.pnpm/jsdom@20.0.3/node_modules/jsdom/lib/jsdom/living/generated/EventTarget.js:241:34)
      at Object.invokeGuardedCallbackDev (../../node_modules/.pnpm/react-dom@18.3.1_react@18.3.1/node_modules/react-dom/cjs/react-dom.development.js:4213:16)
      at invokeGuardedCallback (../../node_modules/.pnpm/react-dom@18.3.1_react@18.3.1/node_modules/react-dom/cjs/react-dom.development.js:4277:31)
      at beginWork$1 (../../node_modules/.pnpm/react-dom@18.3.1_react@18.3.1/node_modules/react-dom/cjs/react-dom.development.js:27490:7)
      at performUnitOfWork (../../node_modules/.pnpm/react-dom@18.3.1_react@18.3.1/node_modules/react-dom/cjs/react-dom.development.js:26599:12)
      at workLoopSync (../../node_modules/.pnpm/react-dom@18.3.1_react@18.3.1/node_modules/react-dom/cjs/react-dom.development.js:26505:5)
      at renderRootSync (../../node_modules/.pnpm/react-dom@18.3.1_react@18.3.1/node_modules/react-dom/cjs/react-dom.development.js:26473:7)
      at performConcurrentWorkOnRoot (../../node_modules/.pnpm/react-dom@18.3.1_react@18.3.1/node_modules/react-dom/cjs/react-dom.development.js:25777:74)
      at flushActQueue (../../node_modules/.pnpm/react@18.3.1/node_modules/react/cjs/react.development.js:2667:24)
      at act (../../node_modules/.pnpm/react@18.3.1/node_modules/react/cjs/react.development.js:2582:11)
      at ../../node_modules/.pnpm/@testing-library+react@16.3.2_@testing-library+dom@10.4.1_@types+react-dom@18.3.7_@types+reac_3k5f6qynewwmkoqvlvtzlgtsjq/node_modules/@testing-library/react/dist/act-compat.js:46:25
      at renderRoot (../../node_modules/.pnpm/@testing-library+react@16.3.2_@testing-library+dom@10.4.1_@types+react-dom@18.3.7_@types+reac_3k5f6qynewwmkoqvlvtzlgtsjq/node_modules/@testing-library/react/dist/pure.js:189:26)
      at render (../../node_modules/.pnpm/@testing-library+react@16.3.2_@testing-library+dom@10.4.1_@types+react-dom@18.3.7_@types+reac_3k5f6qynewwmkoqvlvtzlgtsjq/node_modules/@testing-library/react/dist/pure.js:291:10)
      at Object.<anonymous> (components/__tests__/roles-table.test.tsx:92:11)

    console.error
      Error: Uncaught [Error: `Tooltip` must be used within `TooltipProvider`]
          at reportException (/app/node_modules/.pnpm/jsdom@20.0.3/node_modules/jsdom/lib/jsdom/living/helpers/runtime-script-errors.js:66:24)
          at innerInvokeEventListeners (/app/node_modules/.pnpm/jsdom@20.0.3/node_modules/jsdom/lib/jsdom/living/events/EventTarget-impl.js:353:9)
          at invokeEventListeners (/app/node_modules/.pnpm/jsdom@20.0.3/node_modules/jsdom/lib/jsdom/living/events/EventTarget-impl.js:286:3)
          at HTMLUnknownElementImpl._dispatch (/app/node_modules/.pnpm/jsdom@20.0.3/node_modules/jsdom/lib/jsdom/living/events/EventTarget-impl.js:233:9)
          at HTMLUnknownElementImpl.dispatchEvent (/app/node_modules/.pnpm/jsdom@20.0.3/node_modules/jsdom/lib/jsdom/living/events/EventTarget-impl.js:104:17)
          at HTMLUnknownElement.dispatchEvent (/app/node_modules/.pnpm/jsdom@20.0.3/node_modules/jsdom/lib/jsdom/living/generated/EventTarget.js:241:34)
          at Object.invokeGuardedCallbackDev (/app/node_modules/.pnpm/react-dom@18.3.1_react@18.3.1/node_modules/react-dom/cjs/react-dom.development.js:4213:16)
          at invokeGuardedCallback (/app/node_modules/.pnpm/react-dom@18.3.1_react@18.3.1/node_modules/react-dom/cjs/react-dom.development.js:4277:31)
          at beginWork$1 (/app/node_modules/.pnpm/react-dom@18.3.1_react@18.3.1/node_modules/react-dom/cjs/react-dom.development.js:27490:7)
          at performUnitOfWork (/app/node_modules/.pnpm/react-dom@18.3.1_react@18.3.1/node_modules/react-dom/cjs/react-dom.development.js:26599:12)
          at workLoopSync (/app/node_modules/.pnpm/react-dom@18.3.1_react@18.3.1/node_modules/react-dom/cjs/react-dom.development.js:26505:5)
          at renderRootSync (/app/node_modules/.pnpm/react-dom@18.3.1_react@18.3.1/node_modules/react-dom/cjs/react-dom.development.js:26473:7)
          at performConcurrentWorkOnRoot (/app/node_modules/.pnpm/react-dom@18.3.1_react@18.3.1/node_modules/react-dom/cjs/react-dom.development.js:25777:74)
          at flushActQueue (/app/node_modules/.pnpm/react@18.3.1/node_modules/react/cjs/react.development.js:2667:24)
          at act (/app/node_modules/.pnpm/react@18.3.1/node_modules/react/cjs/react.development.js:2582:11)
          at /app/node_modules/.pnpm/@testing-library+react@16.3.2_@testing-library+dom@10.4.1_@types+react-dom@18.3.7_@types+reac_3k5f6qynewwmkoqvlvtzlgtsjq/node_modules/@testing-library/react/dist/act-compat.js:46:25
          at renderRoot (/app/node_modules/.pnpm/@testing-library+react@16.3.2_@testing-library+dom@10.4.1_@types+react-dom@18.3.7_@types+reac_3k5f6qynewwmkoqvlvtzlgtsjq/node_modules/@testing-library/react/dist/pure.js:189:26)
          at render (/app/node_modules/.pnpm/@testing-library+react@16.3.2_@testing-library+dom@10.4.1_@types+react-dom@18.3.7_@types+reac_3k5f6qynewwmkoqvlvtzlgtsjq/node_modules/@testing-library/react/dist/pure.js:291:10)
          at Object.<anonymous> (/app/apps/admin/components/__tests__/roles-table.test.tsx:92:11)
          at Promise.then.completed (/app/node_modules/.pnpm/jest-circus@29.7.0/node_modules/jest-circus/build/utils.js:298:28)
          at new Promise (<anonymous>)
          at callAsyncCircusFn (/app/node_modules/.pnpm/jest-circus@29.7.0/node_modules/jest-circus/build/utils.js:231:10)
          at _callCircusTest (/app/node_modules/.pnpm/jest-circus@29.7.0/node_modules/jest-circus/build/run.js:316:40)
          at processTicksAndRejections (node:internal/process/task_queues:103:5)
          at _runTest (/app/node_modules/.pnpm/jest-circus@29.7.0/node_modules/jest-circus/build/run.js:252:3)
          at _runTestsForDescribeBlock (/app/node_modules/.pnpm/jest-circus@29.7.0/node_modules/jest-circus/build/run.js:126:9)
          at _runTestsForDescribeBlock (/app/node_modules/.pnpm/jest-circus@29.7.0/node_modules/jest-circus/build/run.js:121:9)
          at run (/app/node_modules/.pnpm/jest-circus@29.7.0/node_modules/jest-circus/build/run.js:71:3)
          at runAndTransformResultsToJestFormat (/app/node_modules/.pnpm/jest-circus@29.7.0/node_modules/jest-circus/build/legacy-code-todo-rewrite/jestAdapterInit.js:122:21)
          at jestAdapter (/app/node_modules/.pnpm/jest-circus@29.7.0/node_modules/jest-circus/build/legacy-code-todo-rewrite/jestAdapter.js:79:19)
          at runTestInternal (/app/node_modules/.pnpm/jest-runner@29.7.0/node_modules/jest-runner/build/runTest.js:367:16)
          at runTest (/app/node_modules/.pnpm/jest-runner@29.7.0/node_modules/jest-runner/build/runTest.js:444:34)
          at Object.worker (/app/node_modules/.pnpm/jest-runner@29.7.0/node_modules/jest-runner/build/testWorker.js:106:12) {
        detail: Error: `Tooltip` must be used within `TooltipProvider`
            at useContext2 (/app/node_modules/.pnpm/@radix-ui+react-context@1.1.2_@types+react@18.3.29_react@18.3.1/node_modules/@radix-ui/react-context/src/create-context.tsx:75:13)
            at Tooltip (/app/node_modules/.pnpm/@radix-ui+react-tooltip@1.2.8_@types+react-dom@18.3.7_@types+react@18.3.29__@types+react@18.3_xrwsnt2rmlacewwolijhmzdoxi/node_modules/@radix-ui/react-tooltip/src/tooltip.tsx:162:27)
            at renderWithHooks (/app/node_modules/.pnpm/react-dom@18.3.1_react@18.3.1/node_modules/react-dom/cjs/react-dom.development.js:15486:18)
            at mountIndeterminateComponent (/app/node_modules/.pnpm/react-dom@18.3.1_react@18.3.1/node_modules/react-dom/cjs/react-dom.development.js:20103:13)
            at beginWork (/app/node_modules/.pnpm/react-dom@18.3.1_react@18.3.1/node_modules/react-dom/cjs/react-dom.development.js:21626:16)
            at HTMLUnknownElement.callCallback (/app/node_modules/.pnpm/react-dom@18.3.1_react@18.3.1/node_modules/react-dom/cjs/react-dom.development.js:4164:14)
            at HTMLUnknownElement.callTheUserObjectsOperation (/app/node_modules/.pnpm/jsdom@20.0.3/node_modules/jsdom/lib/jsdom/living/generated/EventListener.js:26:30)
            at innerInvokeEventListeners (/app/node_modules/.pnpm/jsdom@20.0.3/node_modules/jsdom/lib/jsdom/living/events/EventTarget-impl.js:350:25)
            at invokeEventListeners (/app/node_modules/.pnpm/jsdom@20.0.3/node_modules/jsdom/lib/jsdom/living/events/EventTarget-impl.js:286:3)
            at HTMLUnknownElementImpl._dispatch (/app/node_modules/.pnpm/jsdom@20.0.3/node_modules/jsdom/lib/jsdom/living/events/EventTarget-impl.js:233:9)
            at HTMLUnknownElementImpl.dispatchEvent (/app/node_modules/.pnpm/jsdom@20.0.3/node_modules/jsdom/lib/jsdom/living/events/EventTarget-impl.js:104:17)
            at HTMLUnknownElement.dispatchEvent (/app/node_modules/.pnpm/jsdom@20.0.3/node_modules/jsdom/lib/jsdom/living/generated/EventTarget.js:241:34)
            at Object.invokeGuardedCallbackDev (/app/node_modules/.pnpm/react-dom@18.3.1_react@18.3.1/node_modules/react-dom/cjs/react-dom.development.js:4213:16)
            at invokeGuardedCallback (/app/node_modules/.pnpm/react-dom@18.3.1_react@18.3.1/node_modules/react-dom/cjs/react-dom.development.js:4277:31)
            at beginWork$1 (/app/node_modules/.pnpm/react-dom@18.3.1_react@18.3.1/node_modules/react-dom/cjs/react-dom.development.js:27490:7)
            at performUnitOfWork (/app/node_modules/.pnpm/react-dom@18.3.1_react@18.3.1/node_modules/react-dom/cjs/react-dom.development.js:26599:12)
            at workLoopSync (/app/node_modules/.pnpm/react-dom@18.3.1_react@18.3.1/node_modules/react-dom/cjs/react-dom.development.js:26505:5)
            at renderRootSync (/app/node_modules/.pnpm/react-dom@18.3.1_react@18.3.1/node_modules/react-dom/cjs/react-dom.development.js:26473:7)
            at performConcurrentWorkOnRoot (/app/node_modules/.pnpm/react-dom@18.3.1_react@18.3.1/node_modules/react-dom/cjs/react-dom.development.js:25777:74)
            at flushActQueue (/app/node_modules/.pnpm/react@18.3.1/node_modules/react/cjs/react.development.js:2667:24)
            at act (/app/node_modules/.pnpm/react@18.3.1/node_modules/react/cjs/react.development.js:2582:11)
            at /app/node_modules/.pnpm/@testing-library+react@16.3.2_@testing-library+dom@10.4.1_@types+react-dom@18.3.7_@types+reac_3k5f6qynewwmkoqvlvtzlgtsjq/node_modules/@testing-library/react/dist/act-compat.js:46:25
            at renderRoot (/app/node_modules/.pnpm/@testing-library+react@16.3.2_@testing-library+dom@10.4.1_@types+react-dom@18.3.7_@types+reac_3k5f6qynewwmkoqvlvtzlgtsjq/node_modules/@testing-library/react/dist/pure.js:189:26)
            at render (/app/node_modules/.pnpm/@testing-library+react@16.3.2_@testing-library+dom@10.4.1_@types+react-dom@18.3.7_@types+reac_3k5f6qynewwmkoqvlvtzlgtsjq/node_modules/@testing-library/react/dist/pure.js:291:10)
            at Object.<anonymous> (/app/apps/admin/components/__tests__/roles-table.test.tsx:92:11)
            at Promise.then.completed (/app/node_modules/.pnpm/jest-circus@29.7.0/node_modules/jest-circus/build/utils.js:298:28)
            at new Promise (<anonymous>)
            at callAsyncCircusFn (/app/node_modules/.pnpm/jest-circus@29.7.0/node_modules/jest-circus/build/utils.js:231:10)
            at _callCircusTest (/app/node_modules/.pnpm/jest-circus@29.7.0/node_modules/jest-circus/build/run.js:316:40)
            at processTicksAndRejections (node:internal/process/task_queues:103:5)
            at _runTest (/app/node_modules/.pnpm/jest-circus@29.7.0/node_modules/jest-circus/build/run.js:252:3)
            at _runTestsForDescribeBlock (/app/node_modules/.pnpm/jest-circus@29.7.0/node_modules/jest-circus/build/run.js:126:9)
            at _runTestsForDescribeBlock (/app/node_modules/.pnpm/jest-circus@29.7.0/node_modules/jest-circus/build/run.js:121:9)
            at run (/app/node_modules/.pnpm/jest-circus@29.7.0/node_modules/jest-circus/build/run.js:71:3)
            at runAndTransformResultsToJestFormat (/app/node_modules/.pnpm/jest-circus@29.7.0/node_modules/jest-circus/build/legacy-code-todo-rewrite/jestAdapterInit.js:122:21)
            at jestAdapter (/app/node_modules/.pnpm/jest-circus@29.7.0/node_modules/jest-circus/build/legacy-code-todo-rewrite/jestAdapter.js:79:19)
            at runTestInternal (/app/node_modules/.pnpm/jest-runner@29.7.0/node_modules/jest-runner/build/runTest.js:367:16)
            at runTest (/app/node_modules/.pnpm/jest-runner@29.7.0/node_modules/jest-runner/build/runTest.js:444:34)
            at Object.worker (/app/node_modules/.pnpm/jest-runner@29.7.0/node_modules/jest-runner/build/testWorker.js:106:12),
        type: 'unhandled exception'
      }

      90 |     jest.useFakeTimers()
      91 |     ;(actions.listRolesAction as jest.Mock).mockResolvedValue({ items: [], total: 0, page: 1, pageSize: 25 })
    > 92 |     render(withIntl(<RolesTable initial={initial} apps={apps} />))
         |           ^
      93 |     fireEvent.change(screen.getByLabelText(en.roles.filter.appLabel), { target: { value: 'sq_a1' } })
      94 |     jest.advanceTimersByTime(400)
      95 |     await waitFor(() => expect(actions.listRolesAction).toHaveBeenCalledWith({ appId: 'sq_a1', page: 1, pageSize: 25 }))

      at VirtualConsole.<anonymous> (../../node_modules/.pnpm/jest-environment-jsdom@29.7.0/node_modules/jest-environment-jsdom/build/index.js:63:23)
      at reportException (../../node_modules/.pnpm/jsdom@20.0.3/node_modules/jsdom/lib/jsdom/living/helpers/runtime-script-errors.js:70:28)
      at innerInvokeEventListeners (../../node_modules/.pnpm/jsdom@20.0.3/node_modules/jsdom/lib/jsdom/living/events/EventTarget-impl.js:353:9)
      at invokeEventListeners (../../node_modules/.pnpm/jsdom@20.0.3/node_modules/jsdom/lib/jsdom/living/events/EventTarget-impl.js:286:3)
      at HTMLUnknownElementImpl._dispatch (../../node_modules/.pnpm/jsdom@20.0.3/node_modules/jsdom/lib/jsdom/living/events/EventTarget-impl.js:233:9)
      at HTMLUnknownElementImpl.dispatchEvent (../../node_modules/.pnpm/jsdom@20.0.3/node_modules/jsdom/lib/jsdom/living/events/EventTarget-impl.js:104:17)
      at HTMLUnknownElement.dispatchEvent (../../node_modules/.pnpm/jsdom@20.0.3/node_modules/jsdom/lib/jsdom/living/generated/EventTarget.js:241:34)
      at Object.invokeGuardedCallbackDev (../../node_modules/.pnpm/react-dom@18.3.1_react@18.3.1/node_modules/react-dom/cjs/react-dom.development.js:4213:16)
      at invokeGuardedCallback (../../node_modules/.pnpm/react-dom@18.3.1_react@18.3.1/node_modules/react-dom/cjs/react-dom.development.js:4277:31)
      at beginWork$1 (../../node_modules/.pnpm/react-dom@18.3.1_react@18.3.1/node_modules/react-dom/cjs/react-dom.development.js:27490:7)
      at performUnitOfWork (../../node_modules/.pnpm/react-dom@18.3.1_react@18.3.1/node_modules/react-dom/cjs/react-dom.development.js:26599:12)
      at workLoopSync (../../node_modules/.pnpm/react-dom@18.3.1_react@18.3.1/node_modules/react-dom/cjs/react-dom.development.js:26505:5)
      at renderRootSync (../../node_modules/.pnpm/react-dom@18.3.1_react@18.3.1/node_modules/react-dom/cjs/react-dom.development.js:26473:7)
      at performConcurrentWorkOnRoot (../../node_modules/.pnpm/react-dom@18.3.1_react@18.3.1/node_modules/react-dom/cjs/react-dom.development.js:25777:74)
      at flushActQueue (../../node_modules/.pnpm/react@18.3.1/node_modules/react/cjs/react.development.js:2667:24)
      at act (../../node_modules/.pnpm/react@18.3.1/node_modules/react/cjs/react.development.js:2582:11)
      at ../../node_modules/.pnpm/@testing-library+react@16.3.2_@testing-library+dom@10.4.1_@types+react-dom@18.3.7_@types+reac_3k5f6qynewwmkoqvlvtzlgtsjq/node_modules/@testing-library/react/dist/act-compat.js:46:25
      at renderRoot (../../node_modules/.pnpm/@testing-library+react@16.3.2_@testing-library+dom@10.4.1_@types+react-dom@18.3.7_@types+reac_3k5f6qynewwmkoqvlvtzlgtsjq/node_modules/@testing-library/react/dist/pure.js:189:26)
      at render (../../node_modules/.pnpm/@testing-library+react@16.3.2_@testing-library+dom@10.4.1_@types+react-dom@18.3.7_@types+reac_3k5f6qynewwmkoqvlvtzlgtsjq/node_modules/@testing-library/react/dist/pure.js:291:10)
      at Object.<anonymous> (components/__tests__/roles-table.test.tsx:92:11)

    console.error
      Error: Uncaught [Error: `Tooltip` must be used within `TooltipProvider`]
          at reportException (/app/node_modules/.pnpm/jsdom@20.0.3/node_modules/jsdom/lib/jsdom/living/helpers/runtime-script-errors.js:66:24)
          at innerInvokeEventListeners (/app/node_modules/.pnpm/jsdom@20.0.3/node_modules/jsdom/lib/jsdom/living/events/EventTarget-impl.js:353:9)
          at invokeEventListeners (/app/node_modules/.pnpm/jsdom@20.0.3/node_modules/jsdom/lib/jsdom/living/events/EventTarget-impl.js:286:3)
          at HTMLUnknownElementImpl._dispatch (/app/node_modules/.pnpm/jsdom@20.0.3/node_modules/jsdom/lib/jsdom/living/events/EventTarget-impl.js:233:9)
          at HTMLUnknownElementImpl.dispatchEvent (/app/node_modules/.pnpm/jsdom@20.0.3/node_modules/jsdom/lib/jsdom/living/events/EventTarget-impl.js:104:17)
          at HTMLUnknownElement.dispatchEvent (/app/node_modules/.pnpm/jsdom@20.0.3/node_modules/jsdom/lib/jsdom/living/generated/EventTarget.js:241:34)
          at Object.invokeGuardedCallbackDev (/app/node_modules/.pnpm/react-dom@18.3.1_react@18.3.1/node_modules/react-dom/cjs/react-dom.development.js:4213:16)
          at invokeGuardedCallback (/app/node_modules/.pnpm/react-dom@18.3.1_react@18.3.1/node_modules/react-dom/cjs/react-dom.development.js:4277:31)
          at beginWork$1 (/app/node_modules/.pnpm/react-dom@18.3.1_react@18.3.1/node_modules/react-dom/cjs/react-dom.development.js:27490:7)
          at performUnitOfWork (/app/node_modules/.pnpm/react-dom@18.3.1_react@18.3.1/node_modules/react-dom/cjs/react-dom.development.js:26599:12)
          at workLoopSync (/app/node_modules/.pnpm/react-dom@18.3.1_react@18.3.1/node_modules/react-dom/cjs/react-dom.development.js:26505:5)
          at renderRootSync (/app/node_modules/.pnpm/react-dom@18.3.1_react@18.3.1/node_modules/react-dom/cjs/react-dom.development.js:26473:7)
          at performConcurrentWorkOnRoot (/app/node_modules/.pnpm/react-dom@18.3.1_react@18.3.1/node_modules/react-dom/cjs/react-dom.development.js:25777:74)
          at flushActQueue (/app/node_modules/.pnpm/react@18.3.1/node_modules/react/cjs/react.development.js:2667:24)
          at act (/app/node_modules/.pnpm/react@18.3.1/node_modules/react/cjs/react.development.js:2582:11)
          at /app/node_modules/.pnpm/@testing-library+react@16.3.2_@testing-library+dom@10.4.1_@types+react-dom@18.3.7_@types+reac_3k5f6qynewwmkoqvlvtzlgtsjq/node_modules/@testing-library/react/dist/act-compat.js:46:25
          at renderRoot (/app/node_modules/.pnpm/@testing-library+react@16.3.2_@testing-library+dom@10.4.1_@types+react-dom@18.3.7_@types+reac_3k5f6qynewwmkoqvlvtzlgtsjq/node_modules/@testing-library/react/dist/pure.js:189:26)
          at render (/app/node_modules/.pnpm/@testing-library+react@16.3.2_@testing-library+dom@10.4.1_@types+react-dom@18.3.7_@types+reac_3k5f6qynewwmkoqvlvtzlgtsjq/node_modules/@testing-library/react/dist/pure.js:291:10)
          at Object.<anonymous> (/app/apps/admin/components/__tests__/roles-table.test.tsx:92:11)
          at Promise.then.completed (/app/node_modules/.pnpm/jest-circus@29.7.0/node_modules/jest-circus/build/utils.js:298:28)
          at new Promise (<anonymous>)
          at callAsyncCircusFn (/app/node_modules/.pnpm/jest-circus@29.7.0/node_modules/jest-circus/build/utils.js:231:10)
          at _callCircusTest (/app/node_modules/.pnpm/jest-circus@29.7.0/node_modules/jest-circus/build/run.js:316:40)
          at processTicksAndRejections (node:internal/process/task_queues:103:5)
          at _runTest (/app/node_modules/.pnpm/jest-circus@29.7.0/node_modules/jest-circus/build/run.js:252:3)
          at _runTestsForDescribeBlock (/app/node_modules/.pnpm/jest-circus@29.7.0/node_modules/jest-circus/build/run.js:126:9)
          at _runTestsForDescribeBlock (/app/node_modules/.pnpm/jest-circus@29.7.0/node_modules/jest-circus/build/run.js:121:9)
          at run (/app/node_modules/.pnpm/jest-circus@29.7.0/node_modules/jest-circus/build/run.js:71:3)
          at runAndTransformResultsToJestFormat (/app/node_modules/.pnpm/jest-circus@29.7.0/node_modules/jest-circus/build/legacy-code-todo-rewrite/jestAdapterInit.js:122:21)
          at jestAdapter (/app/node_modules/.pnpm/jest-circus@29.7.0/node_modules/jest-circus/build/legacy-code-todo-rewrite/jestAdapter.js:79:19)
          at runTestInternal (/app/node_modules/.pnpm/jest-runner@29.7.0/node_modules/jest-runner/build/runTest.js:367:16)
          at runTest (/app/node_modules/.pnpm/jest-runner@29.7.0/node_modules/jest-runner/build/runTest.js:444:34)
          at Object.worker (/app/node_modules/.pnpm/jest-runner@29.7.0/node_modules/jest-runner/build/testWorker.js:106:12) {
        detail: Error: `Tooltip` must be used within `TooltipProvider`
            at useContext2 (/app/node_modules/.pnpm/@radix-ui+react-context@1.1.2_@types+react@18.3.29_react@18.3.1/node_modules/@radix-ui/react-context/src/create-context.tsx:75:13)
            at Tooltip (/app/node_modules/.pnpm/@radix-ui+react-tooltip@1.2.8_@types+react-dom@18.3.7_@types+react@18.3.29__@types+react@18.3_xrwsnt2rmlacewwolijhmzdoxi/node_modules/@radix-ui/react-tooltip/src/tooltip.tsx:162:27)
            at renderWithHooks (/app/node_modules/.pnpm/react-dom@18.3.1_react@18.3.1/node_modules/react-dom/cjs/react-dom.development.js:15486:18)
            at mountIndeterminateComponent (/app/node_modules/.pnpm/react-dom@18.3.1_react@18.3.1/node_modules/react-dom/cjs/react-dom.development.js:20103:13)
            at beginWork (/app/node_modules/.pnpm/react-dom@18.3.1_react@18.3.1/node_modules/react-dom/cjs/react-dom.development.js:21626:16)
            at HTMLUnknownElement.callCallback (/app/node_modules/.pnpm/react-dom@18.3.1_react@18.3.1/node_modules/react-dom/cjs/react-dom.development.js:4164:14)
            at HTMLUnknownElement.callTheUserObjectsOperation (/app/node_modules/.pnpm/jsdom@20.0.3/node_modules/jsdom/lib/jsdom/living/generated/EventListener.js:26:30)
            at innerInvokeEventListeners (/app/node_modules/.pnpm/jsdom@20.0.3/node_modules/jsdom/lib/jsdom/living/events/EventTarget-impl.js:350:25)
            at invokeEventListeners (/app/node_modules/.pnpm/jsdom@20.0.3/node_modules/jsdom/lib/jsdom/living/events/EventTarget-impl.js:286:3)
            at HTMLUnknownElementImpl._dispatch (/app/node_modules/.pnpm/jsdom@20.0.3/node_modules/jsdom/lib/jsdom/living/events/EventTarget-impl.js:233:9)
            at HTMLUnknownElementImpl.dispatchEvent (/app/node_modules/.pnpm/jsdom@20.0.3/node_modules/jsdom/lib/jsdom/living/events/EventTarget-impl.js:104:17)
            at HTMLUnknownElement.dispatchEvent (/app/node_modules/.pnpm/jsdom@20.0.3/node_modules/jsdom/lib/jsdom/living/generated/EventTarget.js:241:34)
            at Object.invokeGuardedCallbackDev (/app/node_modules/.pnpm/react-dom@18.3.1_react@18.3.1/node_modules/react-dom/cjs/react-dom.development.js:4213:16)
            at invokeGuardedCallback (/app/node_modules/.pnpm/react-dom@18.3.1_react@18.3.1/node_modules/react-dom/cjs/react-dom.development.js:4277:31)
            at beginWork$1 (/app/node_modules/.pnpm/react-dom@18.3.1_react@18.3.1/node_modules/react-dom/cjs/react-dom.development.js:27490:7)
            at performUnitOfWork (/app/node_modules/.pnpm/react-dom@18.3.1_react@18.3.1/node_modules/react-dom/cjs/react-dom.development.js:26599:12)
            at workLoopSync (/app/node_modules/.pnpm/react-dom@18.3.1_react@18.3.1/node_modules/react-dom/cjs/react-dom.development.js:26505:5)
            at renderRootSync (/app/node_modules/.pnpm/react-dom@18.3.1_react@18.3.1/node_modules/react-dom/cjs/react-dom.development.js:26473:7)
            at performConcurrentWorkOnRoot (/app/node_modules/.pnpm/react-dom@18.3.1_react@18.3.1/node_modules/react-dom/cjs/react-dom.development.js:25777:74)
            at flushActQueue (/app/node_modules/.pnpm/react@18.3.1/node_modules/react/cjs/react.development.js:2667:24)
            at act (/app/node_modules/.pnpm/react@18.3.1/node_modules/react/cjs/react.development.js:2582:11)
            at /app/node_modules/.pnpm/@testing-library+react@16.3.2_@testing-library+dom@10.4.1_@types+react-dom@18.3.7_@types+reac_3k5f6qynewwmkoqvlvtzlgtsjq/node_modules/@testing-library/react/dist/act-compat.js:46:25
            at renderRoot (/app/node_modules/.pnpm/@testing-library+react@16.3.2_@testing-library+dom@10.4.1_@types+react-dom@18.3.7_@types+reac_3k5f6qynewwmkoqvlvtzlgtsjq/node_modules/@testing-library/react/dist/pure.js:189:26)
            at render (/app/node_modules/.pnpm/@testing-library+react@16.3.2_@testing-library+dom@10.4.1_@types+react-dom@18.3.7_@types+reac_3k5f6qynewwmkoqvlvtzlgtsjq/node_modules/@testing-library/react/dist/pure.js:291:10)
            at Object.<anonymous> (/app/apps/admin/components/__tests__/roles-table.test.tsx:92:11)
            at Promise.then.completed (/app/node_modules/.pnpm/jest-circus@29.7.0/node_modules/jest-circus/build/utils.js:298:28)
            at new Promise (<anonymous>)
            at callAsyncCircusFn (/app/node_modules/.pnpm/jest-circus@29.7.0/node_modules/jest-circus/build/utils.js:231:10)
            at _callCircusTest (/app/node_modules/.pnpm/jest-circus@29.7.0/node_modules/jest-circus/build/run.js:316:40)
            at processTicksAndRejections (node:internal/process/task_queues:103:5)
            at _runTest (/app/node_modules/.pnpm/jest-circus@29.7.0/node_modules/jest-circus/build/run.js:252:3)
            at _runTestsForDescribeBlock (/app/node_modules/.pnpm/jest-circus@29.7.0/node_modules/jest-circus/build/run.js:126:9)
            at _runTestsForDescribeBlock (/app/node_modules/.pnpm/jest-circus@29.7.0/node_modules/jest-circus/build/run.js:121:9)
            at run (/app/node_modules/.pnpm/jest-circus@29.7.0/node_modules/jest-circus/build/run.js:71:3)
            at runAndTransformResultsToJestFormat (/app/node_modules/.pnpm/jest-circus@29.7.0/node_modules/jest-circus/build/legacy-code-todo-rewrite/jestAdapterInit.js:122:21)
            at jestAdapter (/app/node_modules/.pnpm/jest-circus@29.7.0/node_modules/jest-circus/build/legacy-code-todo-rewrite/jestAdapter.js:79:19)
            at runTestInternal (/app/node_modules/.pnpm/jest-runner@29.7.0/node_modules/jest-runner/build/runTest.js:367:16)
            at runTest (/app/node_modules/.pnpm/jest-runner@29.7.0/node_modules/jest-runner/build/runTest.js:444:34)
            at Object.worker (/app/node_modules/.pnpm/jest-runner@29.7.0/node_modules/jest-runner/build/testWorker.js:106:12),
        type: 'unhandled exception'
      }

      90 |     jest.useFakeTimers()
      91 |     ;(actions.listRolesAction as jest.Mock).mockResolvedValue({ items: [], total: 0, page: 1, pageSize: 25 })
    > 92 |     render(withIntl(<RolesTable initial={initial} apps={apps} />))
         |           ^
      93 |     fireEvent.change(screen.getByLabelText(en.roles.filter.appLabel), { target: { value: 'sq_a1' } })
      94 |     jest.advanceTimersByTime(400)
      95 |     await waitFor(() => expect(actions.listRolesAction).toHaveBeenCalledWith({ appId: 'sq_a1', page: 1, pageSize: 25 }))

      at VirtualConsole.<anonymous> (../../node_modules/.pnpm/jest-environment-jsdom@29.7.0/node_modules/jest-environment-jsdom/build/index.js:63:23)
      at reportException (../../node_modules/.pnpm/jsdom@20.0.3/node_modules/jsdom/lib/jsdom/living/helpers/runtime-script-errors.js:70:28)
      at innerInvokeEventListeners (../../node_modules/.pnpm/jsdom@20.0.3/node_modules/jsdom/lib/jsdom/living/events/EventTarget-impl.js:353:9)
      at invokeEventListeners (../../node_modules/.pnpm/jsdom@20.0.3/node_modules/jsdom/lib/jsdom/living/events/EventTarget-impl.js:286:3)
      at HTMLUnknownElementImpl._dispatch (../../node_modules/.pnpm/jsdom@20.0.3/node_modules/jsdom/lib/jsdom/living/events/EventTarget-impl.js:233:9)
      at HTMLUnknownElementImpl.dispatchEvent (../../node_modules/.pnpm/jsdom@20.0.3/node_modules/jsdom/lib/jsdom/living/events/EventTarget-impl.js:104:17)
      at HTMLUnknownElement.dispatchEvent (../../node_modules/.pnpm/jsdom@20.0.3/node_modules/jsdom/lib/jsdom/living/generated/EventTarget.js:241:34)
      at Object.invokeGuardedCallbackDev (../../node_modules/.pnpm/react-dom@18.3.1_react@18.3.1/node_modules/react-dom/cjs/react-dom.development.js:4213:16)
      at invokeGuardedCallback (../../node_modules/.pnpm/react-dom@18.3.1_react@18.3.1/node_modules/react-dom/cjs/react-dom.development.js:4277:31)
      at beginWork$1 (../../node_modules/.pnpm/react-dom@18.3.1_react@18.3.1/node_modules/react-dom/cjs/react-dom.development.js:27490:7)
      at performUnitOfWork (../../node_modules/.pnpm/react-dom@18.3.1_react@18.3.1/node_modules/react-dom/cjs/react-dom.development.js:26599:12)
      at workLoopSync (../../node_modules/.pnpm/react-dom@18.3.1_react@18.3.1/node_modules/react-dom/cjs/react-dom.development.js:26505:5)
      at renderRootSync (../../node_modules/.pnpm/react-dom@18.3.1_react@18.3.1/node_modules/react-dom/cjs/react-dom.development.js:26473:7)
      at performConcurrentWorkOnRoot (../../node_modules/.pnpm/react-dom@18.3.1_react@18.3.1/node_modules/react-dom/cjs/react-dom.development.js:25777:74)
      at flushActQueue (../../node_modules/.pnpm/react@18.3.1/node_modules/react/cjs/react.development.js:2667:24)
      at act (../../node_modules/.pnpm/react@18.3.1/node_modules/react/cjs/react.development.js:2582:11)
      at ../../node_modules/.pnpm/@testing-library+react@16.3.2_@testing-library+dom@10.4.1_@types+react-dom@18.3.7_@types+reac_3k5f6qynewwmkoqvlvtzlgtsjq/node_modules/@testing-library/react/dist/act-compat.js:46:25
      at renderRoot (../../node_modules/.pnpm/@testing-library+react@16.3.2_@testing-library+dom@10.4.1_@types+react-dom@18.3.7_@types+reac_3k5f6qynewwmkoqvlvtzlgtsjq/node_modules/@testing-library/react/dist/pure.js:189:26)
      at render (../../node_modules/.pnpm/@testing-library+react@16.3.2_@testing-library+dom@10.4.1_@types+react-dom@18.3.7_@types+reac_3k5f6qynewwmkoqvlvtzlgtsjq/node_modules/@testing-library/react/dist/pure.js:291:10)
      at Object.<anonymous> (components/__tests__/roles-table.test.tsx:92:11)

    console.error
      Error: Uncaught [Error: `Tooltip` must be used within `TooltipProvider`]
          at reportException (/app/node_modules/.pnpm/jsdom@20.0.3/node_modules/jsdom/lib/jsdom/living/helpers/runtime-script-errors.js:66:24)
          at innerInvokeEventListeners (/app/node_modules/.pnpm/jsdom@20.0.3/node_modules/jsdom/lib/jsdom/living/events/EventTarget-impl.js:353:9)
          at invokeEventListeners (/app/node_modules/.pnpm/jsdom@20.0.3/node_modules/jsdom/lib/jsdom/living/events/EventTarget-impl.js:286:3)
          at HTMLUnknownElementImpl._dispatch (/app/node_modules/.pnpm/jsdom@20.0.3/node_modules/jsdom/lib/jsdom/living/events/EventTarget-impl.js:233:9)
          at HTMLUnknownElementImpl.dispatchEvent (/app/node_modules/.pnpm/jsdom@20.0.3/node_modules/jsdom/lib/jsdom/living/events/EventTarget-impl.js:104:17)
          at HTMLUnknownElement.dispatchEvent (/app/node_modules/.pnpm/jsdom@20.0.3/node_modules/jsdom/lib/jsdom/living/generated/EventTarget.js:241:34)
          at Object.invokeGuardedCallbackDev (/app/node_modules/.pnpm/react-dom@18.3.1_react@18.3.1/node_modules/react-dom/cjs/react-dom.development.js:4213:16)
          at invokeGuardedCallback (/app/node_modules/.pnpm/react-dom@18.3.1_react@18.3.1/node_modules/react-dom/cjs/react-dom.development.js:4277:31)
          at beginWork$1 (/app/node_modules/.pnpm/react-dom@18.3.1_react@18.3.1/node_modules/react-dom/cjs/react-dom.development.js:27490:7)
          at performUnitOfWork (/app/node_modules/.pnpm/react-dom@18.3.1_react@18.3.1/node_modules/react-dom/cjs/react-dom.development.js:26599:12)
          at workLoopSync (/app/node_modules/.pnpm/react-dom@18.3.1_react@18.3.1/node_modules/react-dom/cjs/react-dom.development.js:26505:5)
          at renderRootSync (/app/node_modules/.pnpm/react-dom@18.3.1_react@18.3.1/node_modules/react-dom/cjs/react-dom.development.js:26473:7)
          at performConcurrentWorkOnRoot (/app/node_modules/.pnpm/react-dom@18.3.1_react@18.3.1/node_modules/react-dom/cjs/react-dom.development.js:25777:74)
          at flushActQueue (/app/node_modules/.pnpm/react@18.3.1/node_modules/react/cjs/react.development.js:2667:24)
          at act (/app/node_modules/.pnpm/react@18.3.1/node_modules/react/cjs/react.development.js:2582:11)
          at /app/node_modules/.pnpm/@testing-library+react@16.3.2_@testing-library+dom@10.4.1_@types+react-dom@18.3.7_@types+reac_3k5f6qynewwmkoqvlvtzlgtsjq/node_modules/@testing-library/react/dist/act-compat.js:46:25
          at renderRoot (/app/node_modules/.pnpm/@testing-library+react@16.3.2_@testing-library+dom@10.4.1_@types+react-dom@18.3.7_@types+reac_3k5f6qynewwmkoqvlvtzlgtsjq/node_modules/@testing-library/react/dist/pure.js:189:26)
          at render (/app/node_modules/.pnpm/@testing-library+react@16.3.2_@testing-library+dom@10.4.1_@types+react-dom@18.3.7_@types+reac_3k5f6qynewwmkoqvlvtzlgtsjq/node_modules/@testing-library/react/dist/pure.js:291:10)
          at Object.<anonymous> (/app/apps/admin/components/__tests__/roles-table.test.tsx:92:11)
          at Promise.then.completed (/app/node_modules/.pnpm/jest-circus@29.7.0/node_modules/jest-circus/build/utils.js:298:28)
          at new Promise (<anonymous>)
          at callAsyncCircusFn (/app/node_modules/.pnpm/jest-circus@29.7.0/node_modules/jest-circus/build/utils.js:231:10)
          at _callCircusTest (/app/node_modules/.pnpm/jest-circus@29.7.0/node_modules/jest-circus/build/run.js:316:40)
          at processTicksAndRejections (node:internal/process/task_queues:103:5)
          at _runTest (/app/node_modules/.pnpm/jest-circus@29.7.0/node_modules/jest-circus/build/run.js:252:3)
          at _runTestsForDescribeBlock (/app/node_modules/.pnpm/jest-circus@29.7.0/node_modules/jest-circus/build/run.js:126:9)
          at _runTestsForDescribeBlock (/app/node_modules/.pnpm/jest-circus@29.7.0/node_modules/jest-circus/build/run.js:121:9)
          at run (/app/node_modules/.pnpm/jest-circus@29.7.0/node_modules/jest-circus/build/run.js:71:3)
          at runAndTransformResultsToJestFormat (/app/node_modules/.pnpm/jest-circus@29.7.0/node_modules/jest-circus/build/legacy-code-todo-rewrite/jestAdapterInit.js:122:21)
          at jestAdapter (/app/node_modules/.pnpm/jest-circus@29.7.0/node_modules/jest-circus/build/legacy-code-todo-rewrite/jestAdapter.js:79:19)
          at runTestInternal (/app/node_modules/.pnpm/jest-runner@29.7.0/node_modules/jest-runner/build/runTest.js:367:16)
          at runTest (/app/node_modules/.pnpm/jest-runner@29.7.0/node_modules/jest-runner/build/runTest.js:444:34)
          at Object.worker (/app/node_modules/.pnpm/jest-runner@29.7.0/node_modules/jest-runner/build/testWorker.js:106:12) {
        detail: Error: `Tooltip` must be used within `TooltipProvider`
            at useContext2 (/app/node_modules/.pnpm/@radix-ui+react-context@1.1.2_@types+react@18.3.29_react@18.3.1/node_modules/@radix-ui/react-context/src/create-context.tsx:75:13)
            at Tooltip (/app/node_modules/.pnpm/@radix-ui+react-tooltip@1.2.8_@types+react-dom@18.3.7_@types+react@18.3.29__@types+react@18.3_xrwsnt2rmlacewwolijhmzdoxi/node_modules/@radix-ui/react-tooltip/src/tooltip.tsx:162:27)
            at renderWithHooks (/app/node_modules/.pnpm/react-dom@18.3.1_react@18.3.1/node_modules/react-dom/cjs/react-dom.development.js:15486:18)
            at mountIndeterminateComponent (/app/node_modules/.pnpm/react-dom@18.3.1_react@18.3.1/node_modules/react-dom/cjs/react-dom.development.js:20103:13)
            at beginWork (/app/node_modules/.pnpm/react-dom@18.3.1_react@18.3.1/node_modules/react-dom/cjs/react-dom.development.js:21626:16)
            at HTMLUnknownElement.callCallback (/app/node_modules/.pnpm/react-dom@18.3.1_react@18.3.1/node_modules/react-dom/cjs/react-dom.development.js:4164:14)
            at HTMLUnknownElement.callTheUserObjectsOperation (/app/node_modules/.pnpm/jsdom@20.0.3/node_modules/jsdom/lib/jsdom/living/generated/EventListener.js:26:30)
            at innerInvokeEventListeners (/app/node_modules/.pnpm/jsdom@20.0.3/node_modules/jsdom/lib/jsdom/living/events/EventTarget-impl.js:350:25)
            at invokeEventListeners (/app/node_modules/.pnpm/jsdom@20.0.3/node_modules/jsdom/lib/jsdom/living/events/EventTarget-impl.js:286:3)
            at HTMLUnknownElementImpl._dispatch (/app/node_modules/.pnpm/jsdom@20.0.3/node_modules/jsdom/lib/jsdom/living/events/EventTarget-impl.js:233:9)
            at HTMLUnknownElementImpl.dispatchEvent (/app/node_modules/.pnpm/jsdom@20.0.3/node_modules/jsdom/lib/jsdom/living/events/EventTarget-impl.js:104:17)
            at HTMLUnknownElement.dispatchEvent (/app/node_modules/.pnpm/jsdom@20.0.3/node_modules/jsdom/lib/jsdom/living/generated/EventTarget.js:241:34)
            at Object.invokeGuardedCallbackDev (/app/node_modules/.pnpm/react-dom@18.3.1_react@18.3.1/node_modules/react-dom/cjs/react-dom.development.js:4213:16)
            at invokeGuardedCallback (/app/node_modules/.pnpm/react-dom@18.3.1_react@18.3.1/node_modules/react-dom/cjs/react-dom.development.js:4277:31)
            at beginWork$1 (/app/node_modules/.pnpm/react-dom@18.3.1_react@18.3.1/node_modules/react-dom/cjs/react-dom.development.js:27490:7)
            at performUnitOfWork (/app/node_modules/.pnpm/react-dom@18.3.1_react@18.3.1/node_modules/react-dom/cjs/react-dom.development.js:26599:12)
            at workLoopSync (/app/node_modules/.pnpm/react-dom@18.3.1_react@18.3.1/node_modules/react-dom/cjs/react-dom.development.js:26505:5)
            at renderRootSync (/app/node_modules/.pnpm/react-dom@18.3.1_react@18.3.1/node_modules/react-dom/cjs/react-dom.development.js:26473:7)
            at performConcurrentWorkOnRoot (/app/node_modules/.pnpm/react-dom@18.3.1_react@18.3.1/node_modules/react-dom/cjs/react-dom.development.js:25777:74)
            at flushActQueue (/app/node_modules/.pnpm/react@18.3.1/node_modules/react/cjs/react.development.js:2667:24)
            at act (/app/node_modules/.pnpm/react@18.3.1/node_modules/react/cjs/react.development.js:2582:11)
            at /app/node_modules/.pnpm/@testing-library+react@16.3.2_@testing-library+dom@10.4.1_@types+react-dom@18.3.7_@types+reac_3k5f6qynewwmkoqvlvtzlgtsjq/node_modules/@testing-library/react/dist/act-compat.js:46:25
            at renderRoot (/app/node_modules/.pnpm/@testing-library+react@16.3.2_@testing-library+dom@10.4.1_@types+react-dom@18.3.7_@types+reac_3k5f6qynewwmkoqvlvtzlgtsjq/node_modules/@testing-library/react/dist/pure.js:189:26)
            at render (/app/node_modules/.pnpm/@testing-library+react@16.3.2_@testing-library+dom@10.4.1_@types+react-dom@18.3.7_@types+reac_3k5f6qynewwmkoqvlvtzlgtsjq/node_modules/@testing-library/react/dist/pure.js:291:10)
            at Object.<anonymous> (/app/apps/admin/components/__tests__/roles-table.test.tsx:92:11)
            at Promise.then.completed (/app/node_modules/.pnpm/jest-circus@29.7.0/node_modules/jest-circus/build/utils.js:298:28)
            at new Promise (<anonymous>)
            at callAsyncCircusFn (/app/node_modules/.pnpm/jest-circus@29.7.0/node_modules/jest-circus/build/utils.js:231:10)
            at _callCircusTest (/app/node_modules/.pnpm/jest-circus@29.7.0/node_modules/jest-circus/build/run.js:316:40)
            at processTicksAndRejections (node:internal/process/task_queues:103:5)
            at _runTest (/app/node_modules/.pnpm/jest-circus@29.7.0/node_modules/jest-circus/build/run.js:252:3)
            at _runTestsForDescribeBlock (/app/node_modules/.pnpm/jest-circus@29.7.0/node_modules/jest-circus/build/run.js:126:9)
            at _runTestsForDescribeBlock (/app/node_modules/.pnpm/jest-circus@29.7.0/node_modules/jest-circus/build/run.js:121:9)
            at run (/app/node_modules/.pnpm/jest-circus@29.7.0/node_modules/jest-circus/build/run.js:71:3)
            at runAndTransformResultsToJestFormat (/app/node_modules/.pnpm/jest-circus@29.7.0/node_modules/jest-circus/build/legacy-code-todo-rewrite/jestAdapterInit.js:122:21)
            at jestAdapter (/app/node_modules/.pnpm/jest-circus@29.7.0/node_modules/jest-circus/build/legacy-code-todo-rewrite/jestAdapter.js:79:19)
            at runTestInternal (/app/node_modules/.pnpm/jest-runner@29.7.0/node_modules/jest-runner/build/runTest.js:367:16)
            at runTest (/app/node_modules/.pnpm/jest-runner@29.7.0/node_modules/jest-runner/build/runTest.js:444:34)
            at Object.worker (/app/node_modules/.pnpm/jest-runner@29.7.0/node_modules/jest-runner/build/testWorker.js:106:12),
        type: 'unhandled exception'
      }

      90 |     jest.useFakeTimers()
      91 |     ;(actions.listRolesAction as jest.Mock).mockResolvedValue({ items: [], total: 0, page: 1, pageSize: 25 })
    > 92 |     render(withIntl(<RolesTable initial={initial} apps={apps} />))
         |           ^
      93 |     fireEvent.change(screen.getByLabelText(en.roles.filter.appLabel), { target: { value: 'sq_a1' } })
      94 |     jest.advanceTimersByTime(400)
      95 |     await waitFor(() => expect(actions.listRolesAction).toHaveBeenCalledWith({ appId: 'sq_a1', page: 1, pageSize: 25 }))

      at VirtualConsole.<anonymous> (../../node_modules/.pnpm/jest-environment-jsdom@29.7.0/node_modules/jest-environment-jsdom/build/index.js:63:23)
      at reportException (../../node_modules/.pnpm/jsdom@20.0.3/node_modules/jsdom/lib/jsdom/living/helpers/runtime-script-errors.js:70:28)
      at innerInvokeEventListeners (../../node_modules/.pnpm/jsdom@20.0.3/node_modules/jsdom/lib/jsdom/living/events/EventTarget-impl.js:353:9)
      at invokeEventListeners (../../node_modules/.pnpm/jsdom@20.0.3/node_modules/jsdom/lib/jsdom/living/events/EventTarget-impl.js:286:3)
      at HTMLUnknownElementImpl._dispatch (../../node_modules/.pnpm/jsdom@20.0.3/node_modules/jsdom/lib/jsdom/living/events/EventTarget-impl.js:233:9)
      at HTMLUnknownElementImpl.dispatchEvent (../../node_modules/.pnpm/jsdom@20.0.3/node_modules/jsdom/lib/jsdom/living/events/EventTarget-impl.js:104:17)
      at HTMLUnknownElement.dispatchEvent (../../node_modules/.pnpm/jsdom@20.0.3/node_modules/jsdom/lib/jsdom/living/generated/EventTarget.js:241:34)
      at Object.invokeGuardedCallbackDev (../../node_modules/.pnpm/react-dom@18.3.1_react@18.3.1/node_modules/react-dom/cjs/react-dom.development.js:4213:16)
      at invokeGuardedCallback (../../node_modules/.pnpm/react-dom@18.3.1_react@18.3.1/node_modules/react-dom/cjs/react-dom.development.js:4277:31)
      at beginWork$1 (../../node_modules/.pnpm/react-dom@18.3.1_react@18.3.1/node_modules/react-dom/cjs/react-dom.development.js:27490:7)
      at performUnitOfWork (../../node_modules/.pnpm/react-dom@18.3.1_react@18.3.1/node_modules/react-dom/cjs/react-dom.development.js:26599:12)
      at workLoopSync (../../node_modules/.pnpm/react-dom@18.3.1_react@18.3.1/node_modules/react-dom/cjs/react-dom.development.js:26505:5)
      at renderRootSync (../../node_modules/.pnpm/react-dom@18.3.1_react@18.3.1/node_modules/react-dom/cjs/react-dom.development.js:26473:7)
      at performConcurrentWorkOnRoot (../../node_modules/.pnpm/react-dom@18.3.1_react@18.3.1/node_modules/react-dom/cjs/react-dom.development.js:25777:74)
      at flushActQueue (../../node_modules/.pnpm/react@18.3.1/node_modules/react/cjs/react.development.js:2667:24)
      at act (../../node_modules/.pnpm/react@18.3.1/node_modules/react/cjs/react.development.js:2582:11)
      at ../../node_modules/.pnpm/@testing-library+react@16.3.2_@testing-library+dom@10.4.1_@types+react-dom@18.3.7_@types+reac_3k5f6qynewwmkoqvlvtzlgtsjq/node_modules/@testing-library/react/dist/act-compat.js:46:25
      at renderRoot (../../node_modules/.pnpm/@testing-library+react@16.3.2_@testing-library+dom@10.4.1_@types+react-dom@18.3.7_@types+reac_3k5f6qynewwmkoqvlvtzlgtsjq/node_modules/@testing-library/react/dist/pure.js:189:26)
      at render (../../node_modules/.pnpm/@testing-library+react@16.3.2_@testing-library+dom@10.4.1_@types+react-dom@18.3.7_@types+reac_3k5f6qynewwmkoqvlvtzlgtsjq/node_modules/@testing-library/react/dist/pure.js:291:10)
      at Object.<anonymous> (components/__tests__/roles-table.test.tsx:92:11)

    console.error
      Error: Uncaught [Error: `Tooltip` must be used within `TooltipProvider`]
          at reportException (/app/node_modules/.pnpm/jsdom@20.0.3/node_modules/jsdom/lib/jsdom/living/helpers/runtime-script-errors.js:66:24)
          at innerInvokeEventListeners (/app/node_modules/.pnpm/jsdom@20.0.3/node_modules/jsdom/lib/jsdom/living/events/EventTarget-impl.js:353:9)
          at invokeEventListeners (/app/node_modules/.pnpm/jsdom@20.0.3/node_modules/jsdom/lib/jsdom/living/events/EventTarget-impl.js:286:3)
          at HTMLUnknownElementImpl._dispatch (/app/node_modules/.pnpm/jsdom@20.0.3/node_modules/jsdom/lib/jsdom/living/events/EventTarget-impl.js:233:9)
          at HTMLUnknownElementImpl.dispatchEvent (/app/node_modules/.pnpm/jsdom@20.0.3/node_modules/jsdom/lib/jsdom/living/events/EventTarget-impl.js:104:17)
          at HTMLUnknownElement.dispatchEvent (/app/node_modules/.pnpm/jsdom@20.0.3/node_modules/jsdom/lib/jsdom/living/generated/EventTarget.js:241:34)
          at Object.invokeGuardedCallbackDev (/app/node_modules/.pnpm/react-dom@18.3.1_react@18.3.1/node_modules/react-dom/cjs/react-dom.development.js:4213:16)
          at invokeGuardedCallback (/app/node_modules/.pnpm/react-dom@18.3.1_react@18.3.1/node_modules/react-dom/cjs/react-dom.development.js:4277:31)
          at beginWork$1 (/app/node_modules/.pnpm/react-dom@18.3.1_react@18.3.1/node_modules/react-dom/cjs/react-dom.development.js:27490:7)
          at performUnitOfWork (/app/node_modules/.pnpm/react-dom@18.3.1_react@18.3.1/node_modules/react-dom/cjs/react-dom.development.js:26599:12)
          at workLoopSync (/app/node_modules/.pnpm/react-dom@18.3.1_react@18.3.1/node_modules/react-dom/cjs/react-dom.development.js:26505:5)
          at renderRootSync (/app/node_modules/.pnpm/react-dom@18.3.1_react@18.3.1/node_modules/react-dom/cjs/react-dom.development.js:26473:7)
          at recoverFromConcurrentError (/app/node_modules/.pnpm/react-dom@18.3.1_react@18.3.1/node_modules/react-dom/cjs/react-dom.development.js:25889:20)
          at performConcurrentWorkOnRoot (/app/node_modules/.pnpm/react-dom@18.3.1_react@18.3.1/node_modules/react-dom/cjs/react-dom.development.js:25789:22)
          at flushActQueue (/app/node_modules/.pnpm/react@18.3.1/node_modules/react/cjs/react.development.js:2667:24)
          at act (/app/node_modules/.pnpm/react@18.3.1/node_modules/react/cjs/react.development.js:2582:11)
          at /app/node_modules/.pnpm/@testing-library+react@16.3.2_@testing-library+dom@10.4.1_@types+react-dom@18.3.7_@types+reac_3k5f6qynewwmkoqvlvtzlgtsjq/node_modules/@testing-library/react/dist/act-compat.js:46:25
          at renderRoot (/app/node_modules/.pnpm/@testing-library+react@16.3.2_@testing-library+dom@10.4.1_@types+react-dom@18.3.7_@types+reac_3k5f6qynewwmkoqvlvtzlgtsjq/node_modules/@testing-library/react/dist/pure.js:189:26)
          at render (/app/node_modules/.pnpm/@testing-library+react@16.3.2_@testing-library+dom@10.4.1_@types+react-dom@18.3.7_@types+reac_3k5f6qynewwmkoqvlvtzlgtsjq/node_modules/@testing-library/react/dist/pure.js:291:10)
          at Object.<anonymous> (/app/apps/admin/components/__tests__/roles-table.test.tsx:92:11)
          at Promise.then.completed (/app/node_modules/.pnpm/jest-circus@29.7.0/node_modules/jest-circus/build/utils.js:298:28)
          at new Promise (<anonymous>)
          at callAsyncCircusFn (/app/node_modules/.pnpm/jest-circus@29.7.0/node_modules/jest-circus/build/utils.js:231:10)
          at _callCircusTest (/app/node_modules/.pnpm/jest-circus@29.7.0/node_modules/jest-circus/build/run.js:316:40)
          at processTicksAndRejections (node:internal/process/task_queues:103:5)
          at _runTest (/app/node_modules/.pnpm/jest-circus@29.7.0/node_modules/jest-circus/build/run.js:252:3)
          at _runTestsForDescribeBlock (/app/node_modules/.pnpm/jest-circus@29.7.0/node_modules/jest-circus/build/run.js:126:9)
          at _runTestsForDescribeBlock (/app/node_modules/.pnpm/jest-circus@29.7.0/node_modules/jest-circus/build/run.js:121:9)
          at run (/app/node_modules/.pnpm/jest-circus@29.7.0/node_modules/jest-circus/build/run.js:71:3)
          at runAndTransformResultsToJestFormat (/app/node_modules/.pnpm/jest-circus@29.7.0/node_modules/jest-circus/build/legacy-code-todo-rewrite/jestAdapterInit.js:122:21)
          at jestAdapter (/app/node_modules/.pnpm/jest-circus@29.7.0/node_modules/jest-circus/build/legacy-code-todo-rewrite/jestAdapter.js:79:19)
          at runTestInternal (/app/node_modules/.pnpm/jest-runner@29.7.0/node_modules/jest-runner/build/runTest.js:367:16)
          at runTest (/app/node_modules/.pnpm/jest-runner@29.7.0/node_modules/jest-runner/build/runTest.js:444:34)
          at Object.worker (/app/node_modules/.pnpm/jest-runner@29.7.0/node_modules/jest-runner/build/testWorker.js:106:12) {
        detail: Error: `Tooltip` must be used within `TooltipProvider`
            at useContext2 (/app/node_modules/.pnpm/@radix-ui+react-context@1.1.2_@types+react@18.3.29_react@18.3.1/node_modules/@radix-ui/react-context/src/create-context.tsx:75:13)
            at Tooltip (/app/node_modules/.pnpm/@radix-ui+react-tooltip@1.2.8_@types+react-dom@18.3.7_@types+react@18.3.29__@types+react@18.3_xrwsnt2rmlacewwolijhmzdoxi/node_modules/@radix-ui/react-tooltip/src/tooltip.tsx:162:27)
            at renderWithHooks (/app/node_modules/.pnpm/react-dom@18.3.1_react@18.3.1/node_modules/react-dom/cjs/react-dom.development.js:15486:18)
            at mountIndeterminateComponent (/app/node_modules/.pnpm/react-dom@18.3.1_react@18.3.1/node_modules/react-dom/cjs/react-dom.development.js:20103:13)
            at beginWork (/app/node_modules/.pnpm/react-dom@18.3.1_react@18.3.1/node_modules/react-dom/cjs/react-dom.development.js:21626:16)
            at HTMLUnknownElement.callCallback (/app/node_modules/.pnpm/react-dom@18.3.1_react@18.3.1/node_modules/react-dom/cjs/react-dom.development.js:4164:14)
            at HTMLUnknownElement.callTheUserObjectsOperation (/app/node_modules/.pnpm/jsdom@20.0.3/node_modules/jsdom/lib/jsdom/living/generated/EventListener.js:26:30)
            at innerInvokeEventListeners (/app/node_modules/.pnpm/jsdom@20.0.3/node_modules/jsdom/lib/jsdom/living/events/EventTarget-impl.js:350:25)
            at invokeEventListeners (/app/node_modules/.pnpm/jsdom@20.0.3/node_modules/jsdom/lib/jsdom/living/events/EventTarget-impl.js:286:3)
            at HTMLUnknownElementImpl._dispatch (/app/node_modules/.pnpm/jsdom@20.0.3/node_modules/jsdom/lib/jsdom/living/events/EventTarget-impl.js:233:9)
            at HTMLUnknownElementImpl.dispatchEvent (/app/node_modules/.pnpm/jsdom@20.0.3/node_modules/jsdom/lib/jsdom/living/events/EventTarget-impl.js:104:17)
            at HTMLUnknownElement.dispatchEvent (/app/node_modules/.pnpm/jsdom@20.0.3/node_modules/jsdom/lib/jsdom/living/generated/EventTarget.js:241:34)
            at Object.invokeGuardedCallbackDev (/app/node_modules/.pnpm/react-dom@18.3.1_react@18.3.1/node_modules/react-dom/cjs/react-dom.development.js:4213:16)
            at invokeGuardedCallback (/app/node_modules/.pnpm/react-dom@18.3.1_react@18.3.1/node_modules/react-dom/cjs/react-dom.development.js:4277:31)
            at beginWork$1 (/app/node_modules/.pnpm/react-dom@18.3.1_react@18.3.1/node_modules/react-dom/cjs/react-dom.development.js:27490:7)
            at performUnitOfWork (/app/node_modules/.pnpm/react-dom@18.3.1_react@18.3.1/node_modules/react-dom/cjs/react-dom.development.js:26599:12)
            at workLoopSync (/app/node_modules/.pnpm/react-dom@18.3.1_react@18.3.1/node_modules/react-dom/cjs/react-dom.development.js:26505:5)
            at renderRootSync (/app/node_modules/.pnpm/react-dom@18.3.1_react@18.3.1/node_modules/react-dom/cjs/react-dom.development.js:26473:7)
            at recoverFromConcurrentError (/app/node_modules/.pnpm/react-dom@18.3.1_react@18.3.1/node_modules/react-dom/cjs/react-dom.development.js:25889:20)
            at performConcurrentWorkOnRoot (/app/node_modules/.pnpm/react-dom@18.3.1_react@18.3.1/node_modules/react-dom/cjs/react-dom.development.js:25789:22)
            at flushActQueue (/app/node_modules/.pnpm/react@18.3.1/node_modules/react/cjs/react.development.js:2667:24)
            at act (/app/node_modules/.pnpm/react@18.3.1/node_modules/react/cjs/react.development.js:2582:11)
            at /app/node_modules/.pnpm/@testing-library+react@16.3.2_@testing-library+dom@10.4.1_@types+react-dom@18.3.7_@types+reac_3k5f6qynewwmkoqvlvtzlgtsjq/node_modules/@testing-library/react/dist/act-compat.js:46:25
            at renderRoot (/app/node_modules/.pnpm/@testing-library+react@16.3.2_@testing-library+dom@10.4.1_@types+react-dom@18.3.7_@types+reac_3k5f6qynewwmkoqvlvtzlgtsjq/node_modules/@testing-library/react/dist/pure.js:189:26)
            at render (/app/node_modules/.pnpm/@testing-library+react@16.3.2_@testing-library+dom@10.4.1_@types+react-dom@18.3.7_@types+reac_3k5f6qynewwmkoqvlvtzlgtsjq/node_modules/@testing-library/react/dist/pure.js:291:10)
            at Object.<anonymous> (/app/apps/admin/components/__tests__/roles-table.test.tsx:92:11)
            at Promise.then.completed (/app/node_modules/.pnpm/jest-circus@29.7.0/node_modules/jest-circus/build/utils.js:298:28)
            at new Promise (<anonymous>)
            at callAsyncCircusFn (/app/node_modules/.pnpm/jest-circus@29.7.0/node_modules/jest-circus/build/utils.js:231:10)
            at _callCircusTest (/app/node_modules/.pnpm/jest-circus@29.7.0/node_modules/jest-circus/build/run.js:316:40)
            at processTicksAndRejections (node:internal/process/task_queues:103:5)
            at _runTest (/app/node_modules/.pnpm/jest-circus@29.7.0/node_modules/jest-circus/build/run.js:252:3)
            at _runTestsForDescribeBlock (/app/node_modules/.pnpm/jest-circus@29.7.0/node_modules/jest-circus/build/run.js:126:9)
            at _runTestsForDescribeBlock (/app/node_modules/.pnpm/jest-circus@29.7.0/node_modules/jest-circus/build/run.js:121:9)
            at run (/app/node_modules/.pnpm/jest-circus@29.7.0/node_modules/jest-circus/build/run.js:71:3)
            at runAndTransformResultsToJestFormat (/app/node_modules/.pnpm/jest-circus@29.7.0/node_modules/jest-circus/build/legacy-code-todo-rewrite/jestAdapterInit.js:122:21)
            at jestAdapter (/app/node_modules/.pnpm/jest-circus@29.7.0/node_modules/jest-circus/build/legacy-code-todo-rewrite/jestAdapter.js:79:19)
            at runTestInternal (/app/node_modules/.pnpm/jest-runner@29.7.0/node_modules/jest-runner/build/runTest.js:367:16)
            at runTest (/app/node_modules/.pnpm/jest-runner@29.7.0/node_modules/jest-runner/build/runTest.js:444:34)
            at Object.worker (/app/node_modules/.pnpm/jest-runner@29.7.0/node_modules/jest-runner/build/testWorker.js:106:12),
        type: 'unhandled exception'
      }

      90 |     jest.useFakeTimers()
      91 |     ;(actions.listRolesAction as jest.Mock).mockResolvedValue({ items: [], total: 0, page: 1, pageSize: 25 })
    > 92 |     render(withIntl(<RolesTable initial={initial} apps={apps} />))
         |           ^
      93 |     fireEvent.change(screen.getByLabelText(en.roles.filter.appLabel), { target: { value: 'sq_a1' } })
      94 |     jest.advanceTimersByTime(400)
      95 |     await waitFor(() => expect(actions.listRolesAction).toHaveBeenCalledWith({ appId: 'sq_a1', page: 1, pageSize: 25 }))

      at VirtualConsole.<anonymous> (../../node_modules/.pnpm/jest-environment-jsdom@29.7.0/node_modules/jest-environment-jsdom/build/index.js:63:23)
      at reportException (../../node_modules/.pnpm/jsdom@20.0.3/node_modules/jsdom/lib/jsdom/living/helpers/runtime-script-errors.js:70:28)
      at innerInvokeEventListeners (../../node_modules/.pnpm/jsdom@20.0.3/node_modules/jsdom/lib/jsdom/living/events/EventTarget-impl.js:353:9)
      at invokeEventListeners (../../node_modules/.pnpm/jsdom@20.0.3/node_modules/jsdom/lib/jsdom/living/events/EventTarget-impl.js:286:3)
      at HTMLUnknownElementImpl._dispatch (../../node_modules/.pnpm/jsdom@20.0.3/node_modules/jsdom/lib/jsdom/living/events/EventTarget-impl.js:233:9)
      at HTMLUnknownElementImpl.dispatchEvent (../../node_modules/.pnpm/jsdom@20.0.3/node_modules/jsdom/lib/jsdom/living/events/EventTarget-impl.js:104:17)
      at HTMLUnknownElement.dispatchEvent (../../node_modules/.pnpm/jsdom@20.0.3/node_modules/jsdom/lib/jsdom/living/generated/EventTarget.js:241:34)
      at Object.invokeGuardedCallbackDev (../../node_modules/.pnpm/react-dom@18.3.1_react@18.3.1/node_modules/react-dom/cjs/react-dom.development.js:4213:16)
      at invokeGuardedCallback (../../node_modules/.pnpm/react-dom@18.3.1_react@18.3.1/node_modules/react-dom/cjs/react-dom.development.js:4277:31)
      at beginWork$1 (../../node_modules/.pnpm/react-dom@18.3.1_react@18.3.1/node_modules/react-dom/cjs/react-dom.development.js:27490:7)
      at performUnitOfWork (../../node_modules/.pnpm/react-dom@18.3.1_react@18.3.1/node_modules/react-dom/cjs/react-dom.development.js:26599:12)
      at workLoopSync (../../node_modules/.pnpm/react-dom@18.3.1_react@18.3.1/node_modules/react-dom/cjs/react-dom.development.js:26505:5)
      at renderRootSync (../../node_modules/.pnpm/react-dom@18.3.1_react@18.3.1/node_modules/react-dom/cjs/react-dom.development.js:26473:7)
      at recoverFromConcurrentError (../../node_modules/.pnpm/react-dom@18.3.1_react@18.3.1/node_modules/react-dom/cjs/react-dom.development.js:25889:20)
      at performConcurrentWorkOnRoot (../../node_modules/.pnpm/react-dom@18.3.1_react@18.3.1/node_modules/react-dom/cjs/react-dom.development.js:25789:22)
      at flushActQueue (../../node_modules/.pnpm/react@18.3.1/node_modules/react/cjs/react.development.js:2667:24)
      at act (../../node_modules/.pnpm/react@18.3.1/node_modules/react/cjs/react.development.js:2582:11)
      at ../../node_modules/.pnpm/@testing-library+react@16.3.2_@testing-library+dom@10.4.1_@types+react-dom@18.3.7_@types+reac_3k5f6qynewwmkoqvlvtzlgtsjq/node_modules/@testing-library/react/dist/act-compat.js:46:25
      at renderRoot (../../node_modules/.pnpm/@testing-library+react@16.3.2_@testing-library+dom@10.4.1_@types+react-dom@18.3.7_@types+reac_3k5f6qynewwmkoqvlvtzlgtsjq/node_modules/@testing-library/react/dist/pure.js:189:26)
      at render (../../node_modules/.pnpm/@testing-library+react@16.3.2_@testing-library+dom@10.4.1_@types+react-dom@18.3.7_@types+reac_3k5f6qynewwmkoqvlvtzlgtsjq/node_modules/@testing-library/react/dist/pure.js:291:10)
      at Object.<anonymous> (components/__tests__/roles-table.test.tsx:92:11)

    console.error
      Error: Uncaught [Error: `Tooltip` must be used within `TooltipProvider`]
          at reportException (/app/node_modules/.pnpm/jsdom@20.0.3/node_modules/jsdom/lib/jsdom/living/helpers/runtime-script-errors.js:66:24)
          at innerInvokeEventListeners (/app/node_modules/.pnpm/jsdom@20.0.3/node_modules/jsdom/lib/jsdom/living/events/EventTarget-impl.js:353:9)
          at invokeEventListeners (/app/node_modules/.pnpm/jsdom@20.0.3/node_modules/jsdom/lib/jsdom/living/events/EventTarget-impl.js:286:3)
          at HTMLUnknownElementImpl._dispatch (/app/node_modules/.pnpm/jsdom@20.0.3/node_modules/jsdom/lib/jsdom/living/events/EventTarget-impl.js:233:9)
          at HTMLUnknownElementImpl.dispatchEvent (/app/node_modules/.pnpm/jsdom@20.0.3/node_modules/jsdom/lib/jsdom/living/events/EventTarget-impl.js:104:17)
          at HTMLUnknownElement.dispatchEvent (/app/node_modules/.pnpm/jsdom@20.0.3/node_modules/jsdom/lib/jsdom/living/generated/EventTarget.js:241:34)
          at Object.invokeGuardedCallbackDev (/app/node_modules/.pnpm/react-dom@18.3.1_react@18.3.1/node_modules/react-dom/cjs/react-dom.development.js:4213:16)
          at invokeGuardedCallback (/app/node_modules/.pnpm/react-dom@18.3.1_react@18.3.1/node_modules/react-dom/cjs/react-dom.development.js:4277:31)
          at beginWork$1 (/app/node_modules/.pnpm/react-dom@18.3.1_react@18.3.1/node_modules/react-dom/cjs/react-dom.development.js:27490:7)
          at performUnitOfWork (/app/node_modules/.pnpm/react-dom@18.3.1_react@18.3.1/node_modules/react-dom/cjs/react-dom.development.js:26599:12)
          at workLoopSync (/app/node_modules/.pnpm/react-dom@18.3.1_react@18.3.1/node_modules/react-dom/cjs/react-dom.development.js:26505:5)
          at renderRootSync (/app/node_modules/.pnpm/react-dom@18.3.1_react@18.3.1/node_modules/react-dom/cjs/react-dom.development.js:26473:7)
          at recoverFromConcurrentError (/app/node_modules/.pnpm/react-dom@18.3.1_react@18.3.1/node_modules/react-dom/cjs/react-dom.development.js:25889:20)
          at performConcurrentWorkOnRoot (/app/node_modules/.pnpm/react-dom@18.3.1_react@18.3.1/node_modules/react-dom/cjs/react-dom.development.js:25789:22)
          at flushActQueue (/app/node_modules/.pnpm/react@18.3.1/node_modules/react/cjs/react.development.js:2667:24)
          at act (/app/node_modules/.pnpm/react@18.3.1/node_modules/react/cjs/react.development.js:2582:11)
          at /app/node_modules/.pnpm/@testing-library+react@16.3.2_@testing-library+dom@10.4.1_@types+react-dom@18.3.7_@types+reac_3k5f6qynewwmkoqvlvtzlgtsjq/node_modules/@testing-library/react/dist/act-compat.js:46:25
          at renderRoot (/app/node_modules/.pnpm/@testing-library+react@16.3.2_@testing-library+dom@10.4.1_@types+react-dom@18.3.7_@types+reac_3k5f6qynewwmkoqvlvtzlgtsjq/node_modules/@testing-library/react/dist/pure.js:189:26)
          at render (/app/node_modules/.pnpm/@testing-library+react@16.3.2_@testing-library+dom@10.4.1_@types+react-dom@18.3.7_@types+reac_3k5f6qynewwmkoqvlvtzlgtsjq/node_modules/@testing-library/react/dist/pure.js:291:10)
          at Object.<anonymous> (/app/apps/admin/components/__tests__/roles-table.test.tsx:92:11)
          at Promise.then.completed (/app/node_modules/.pnpm/jest-circus@29.7.0/node_modules/jest-circus/build/utils.js:298:28)
          at new Promise (<anonymous>)
          at callAsyncCircusFn (/app/node_modules/.pnpm/jest-circus@29.7.0/node_modules/jest-circus/build/utils.js:231:10)
          at _callCircusTest (/app/node_modules/.pnpm/jest-circus@29.7.0/node_modules/jest-circus/build/run.js:316:40)
          at processTicksAndRejections (node:internal/process/task_queues:103:5)
          at _runTest (/app/node_modules/.pnpm/jest-circus@29.7.0/node_modules/jest-circus/build/run.js:252:3)
          at _runTestsForDescribeBlock (/app/node_modules/.pnpm/jest-circus@29.7.0/node_modules/jest-circus/build/run.js:126:9)
          at _runTestsForDescribeBlock (/app/node_modules/.pnpm/jest-circus@29.7.0/node_modules/jest-circus/build/run.js:121:9)
          at run (/app/node_modules/.pnpm/jest-circus@29.7.0/node_modules/jest-circus/build/run.js:71:3)
          at runAndTransformResultsToJestFormat (/app/node_modules/.pnpm/jest-circus@29.7.0/node_modules/jest-circus/build/legacy-code-todo-rewrite/jestAdapterInit.js:122:21)
          at jestAdapter (/app/node_modules/.pnpm/jest-circus@29.7.0/node_modules/jest-circus/build/legacy-code-todo-rewrite/jestAdapter.js:79:19)
          at runTestInternal (/app/node_modules/.pnpm/jest-runner@29.7.0/node_modules/jest-runner/build/runTest.js:367:16)
          at runTest (/app/node_modules/.pnpm/jest-runner@29.7.0/node_modules/jest-runner/build/runTest.js:444:34)
          at Object.worker (/app/node_modules/.pnpm/jest-runner@29.7.0/node_modules/jest-runner/build/testWorker.js:106:12) {
        detail: Error: `Tooltip` must be used within `TooltipProvider`
            at useContext2 (/app/node_modules/.pnpm/@radix-ui+react-context@1.1.2_@types+react@18.3.29_react@18.3.1/node_modules/@radix-ui/react-context/src/create-context.tsx:75:13)
            at Tooltip (/app/node_modules/.pnpm/@radix-ui+react-tooltip@1.2.8_@types+react-dom@18.3.7_@types+react@18.3.29__@types+react@18.3_xrwsnt2rmlacewwolijhmzdoxi/node_modules/@radix-ui/react-tooltip/src/tooltip.tsx:162:27)
            at renderWithHooks (/app/node_modules/.pnpm/react-dom@18.3.1_react@18.3.1/node_modules/react-dom/cjs/react-dom.development.js:15486:18)
            at mountIndeterminateComponent (/app/node_modules/.pnpm/react-dom@18.3.1_react@18.3.1/node_modules/react-dom/cjs/react-dom.development.js:20103:13)
            at beginWork (/app/node_modules/.pnpm/react-dom@18.3.1_react@18.3.1/node_modules/react-dom/cjs/react-dom.development.js:21626:16)
            at HTMLUnknownElement.callCallback (/app/node_modules/.pnpm/react-dom@18.3.1_react@18.3.1/node_modules/react-dom/cjs/react-dom.development.js:4164:14)
            at HTMLUnknownElement.callTheUserObjectsOperation (/app/node_modules/.pnpm/jsdom@20.0.3/node_modules/jsdom/lib/jsdom/living/generated/EventListener.js:26:30)
            at innerInvokeEventListeners (/app/node_modules/.pnpm/jsdom@20.0.3/node_modules/jsdom/lib/jsdom/living/events/EventTarget-impl.js:350:25)
            at invokeEventListeners (/app/node_modules/.pnpm/jsdom@20.0.3/node_modules/jsdom/lib/jsdom/living/events/EventTarget-impl.js:286:3)
            at HTMLUnknownElementImpl._dispatch (/app/node_modules/.pnpm/jsdom@20.0.3/node_modules/jsdom/lib/jsdom/living/events/EventTarget-impl.js:233:9)
            at HTMLUnknownElementImpl.dispatchEvent (/app/node_modules/.pnpm/jsdom@20.0.3/node_modules/jsdom/lib/jsdom/living/events/EventTarget-impl.js:104:17)
            at HTMLUnknownElement.dispatchEvent (/app/node_modules/.pnpm/jsdom@20.0.3/node_modules/jsdom/lib/jsdom/living/generated/EventTarget.js:241:34)
            at Object.invokeGuardedCallbackDev (/app/node_modules/.pnpm/react-dom@18.3.1_react@18.3.1/node_modules/react-dom/cjs/react-dom.development.js:4213:16)
            at invokeGuardedCallback (/app/node_modules/.pnpm/react-dom@18.3.1_react@18.3.1/node_modules/react-dom/cjs/react-dom.development.js:4277:31)
            at beginWork$1 (/app/node_modules/.pnpm/react-dom@18.3.1_react@18.3.1/node_modules/react-dom/cjs/react-dom.development.js:27490:7)
            at performUnitOfWork (/app/node_modules/.pnpm/react-dom@18.3.1_react@18.3.1/node_modules/react-dom/cjs/react-dom.development.js:26599:12)
            at workLoopSync (/app/node_modules/.pnpm/react-dom@18.3.1_react@18.3.1/node_modules/react-dom/cjs/react-dom.development.js:26505:5)
            at renderRootSync (/app/node_modules/.pnpm/react-dom@18.3.1_react@18.3.1/node_modules/react-dom/cjs/react-dom.development.js:26473:7)
            at recoverFromConcurrentError (/app/node_modules/.pnpm/react-dom@18.3.1_react@18.3.1/node_modules/react-dom/cjs/react-dom.development.js:25889:20)
            at performConcurrentWorkOnRoot (/app/node_modules/.pnpm/react-dom@18.3.1_react@18.3.1/node_modules/react-dom/cjs/react-dom.development.js:25789:22)
            at flushActQueue (/app/node_modules/.pnpm/react@18.3.1/node_modules/react/cjs/react.development.js:2667:24)
            at act (/app/node_modules/.pnpm/react@18.3.1/node_modules/react/cjs/react.development.js:2582:11)
            at /app/node_modules/.pnpm/@testing-library+react@16.3.2_@testing-library+dom@10.4.1_@types+react-dom@18.3.7_@types+reac_3k5f6qynewwmkoqvlvtzlgtsjq/node_modules/@testing-library/react/dist/act-compat.js:46:25
            at renderRoot (/app/node_modules/.pnpm/@testing-library+react@16.3.2_@testing-library+dom@10.4.1_@types+react-dom@18.3.7_@types+reac_3k5f6qynewwmkoqvlvtzlgtsjq/node_modules/@testing-library/react/dist/pure.js:189:26)
            at render (/app/node_modules/.pnpm/@testing-library+react@16.3.2_@testing-library+dom@10.4.1_@types+react-dom@18.3.7_@types+reac_3k5f6qynewwmkoqvlvtzlgtsjq/node_modules/@testing-library/react/dist/pure.js:291:10)
            at Object.<anonymous> (/app/apps/admin/components/__tests__/roles-table.test.tsx:92:11)
            at Promise.then.completed (/app/node_modules/.pnpm/jest-circus@29.7.0/node_modules/jest-circus/build/utils.js:298:28)
            at new Promise (<anonymous>)
            at callAsyncCircusFn (/app/node_modules/.pnpm/jest-circus@29.7.0/node_modules/jest-circus/build/utils.js:231:10)
            at _callCircusTest (/app/node_modules/.pnpm/jest-circus@29.7.0/node_modules/jest-circus/build/run.js:316:40)
            at processTicksAndRejections (node:internal/process/task_queues:103:5)
            at _runTest (/app/node_modules/.pnpm/jest-circus@29.7.0/node_modules/jest-circus/build/run.js:252:3)
            at _runTestsForDescribeBlock (/app/node_modules/.pnpm/jest-circus@29.7.0/node_modules/jest-circus/build/run.js:126:9)
            at _runTestsForDescribeBlock (/app/node_modules/.pnpm/jest-circus@29.7.0/node_modules/jest-circus/build/run.js:121:9)
            at run (/app/node_modules/.pnpm/jest-circus@29.7.0/node_modules/jest-circus/build/run.js:71:3)
            at runAndTransformResultsToJestFormat (/app/node_modules/.pnpm/jest-circus@29.7.0/node_modules/jest-circus/build/legacy-code-todo-rewrite/jestAdapterInit.js:122:21)
            at jestAdapter (/app/node_modules/.pnpm/jest-circus@29.7.0/node_modules/jest-circus/build/legacy-code-todo-rewrite/jestAdapter.js:79:19)
            at runTestInternal (/app/node_modules/.pnpm/jest-runner@29.7.0/node_modules/jest-runner/build/runTest.js:367:16)
            at runTest (/app/node_modules/.pnpm/jest-runner@29.7.0/node_modules/jest-runner/build/runTest.js:444:34)
            at Object.worker (/app/node_modules/.pnpm/jest-runner@29.7.0/node_modules/jest-runner/build/testWorker.js:106:12),
        type: 'unhandled exception'
      }

      90 |     jest.useFakeTimers()
      91 |     ;(actions.listRolesAction as jest.Mock).mockResolvedValue({ items: [], total: 0, page: 1, pageSize: 25 })
    > 92 |     render(withIntl(<RolesTable initial={initial} apps={apps} />))
         |           ^
      93 |     fireEvent.change(screen.getByLabelText(en.roles.filter.appLabel), { target: { value: 'sq_a1' } })
      94 |     jest.advanceTimersByTime(400)
      95 |     await waitFor(() => expect(actions.listRolesAction).toHaveBeenCalledWith({ appId: 'sq_a1', page: 1, pageSize: 25 }))

      at VirtualConsole.<anonymous> (../../node_modules/.pnpm/jest-environment-jsdom@29.7.0/node_modules/jest-environment-jsdom/build/index.js:63:23)
      at reportException (../../node_modules/.pnpm/jsdom@20.0.3/node_modules/jsdom/lib/jsdom/living/helpers/runtime-script-errors.js:70:28)
      at innerInvokeEventListeners (../../node_modules/.pnpm/jsdom@20.0.3/node_modules/jsdom/lib/jsdom/living/events/EventTarget-impl.js:353:9)
      at invokeEventListeners (../../node_modules/.pnpm/jsdom@20.0.3/node_modules/jsdom/lib/jsdom/living/events/EventTarget-impl.js:286:3)
      at HTMLUnknownElementImpl._dispatch (../../node_modules/.pnpm/jsdom@20.0.3/node_modules/jsdom/lib/jsdom/living/events/EventTarget-impl.js:233:9)
      at HTMLUnknownElementImpl.dispatchEvent (../../node_modules/.pnpm/jsdom@20.0.3/node_modules/jsdom/lib/jsdom/living/events/EventTarget-impl.js:104:17)
      at HTMLUnknownElement.dispatchEvent (../../node_modules/.pnpm/jsdom@20.0.3/node_modules/jsdom/lib/jsdom/living/generated/EventTarget.js:241:34)
      at Object.invokeGuardedCallbackDev (../../node_modules/.pnpm/react-dom@18.3.1_react@18.3.1/node_modules/react-dom/cjs/react-dom.development.js:4213:16)
      at invokeGuardedCallback (../../node_modules/.pnpm/react-dom@18.3.1_react@18.3.1/node_modules/react-dom/cjs/react-dom.development.js:4277:31)
      at beginWork$1 (../../node_modules/.pnpm/react-dom@18.3.1_react@18.3.1/node_modules/react-dom/cjs/react-dom.development.js:27490:7)
      at performUnitOfWork (../../node_modules/.pnpm/react-dom@18.3.1_react@18.3.1/node_modules/react-dom/cjs/react-dom.development.js:26599:12)
      at workLoopSync (../../node_modules/.pnpm/react-dom@18.3.1_react@18.3.1/node_modules/react-dom/cjs/react-dom.development.js:26505:5)
      at renderRootSync (../../node_modules/.pnpm/react-dom@18.3.1_react@18.3.1/node_modules/react-dom/cjs/react-dom.development.js:26473:7)
      at recoverFromConcurrentError (../../node_modules/.pnpm/react-dom@18.3.1_react@18.3.1/node_modules/react-dom/cjs/react-dom.development.js:25889:20)
      at performConcurrentWorkOnRoot (../../node_modules/.pnpm/react-dom@18.3.1_react@18.3.1/node_modules/react-dom/cjs/react-dom.development.js:25789:22)
      at flushActQueue (../../node_modules/.pnpm/react@18.3.1/node_modules/react/cjs/react.development.js:2667:24)
      at act (../../node_modules/.pnpm/react@18.3.1/node_modules/react/cjs/react.development.js:2582:11)
      at ../../node_modules/.pnpm/@testing-library+react@16.3.2_@testing-library+dom@10.4.1_@types+react-dom@18.3.7_@types+reac_3k5f6qynewwmkoqvlvtzlgtsjq/node_modules/@testing-library/react/dist/act-compat.js:46:25
      at renderRoot (../../node_modules/.pnpm/@testing-library+react@16.3.2_@testing-library+dom@10.4.1_@types+react-dom@18.3.7_@types+reac_3k5f6qynewwmkoqvlvtzlgtsjq/node_modules/@testing-library/react/dist/pure.js:189:26)
      at render (../../node_modules/.pnpm/@testing-library+react@16.3.2_@testing-library+dom@10.4.1_@types+react-dom@18.3.7_@types+reac_3k5f6qynewwmkoqvlvtzlgtsjq/node_modules/@testing-library/react/dist/pure.js:291:10)
      at Object.<anonymous> (components/__tests__/roles-table.test.tsx:92:11)

    console.error
      Error: Uncaught [Error: `Tooltip` must be used within `TooltipProvider`]
          at reportException (/app/node_modules/.pnpm/jsdom@20.0.3/node_modules/jsdom/lib/jsdom/living/helpers/runtime-script-errors.js:66:24)
          at innerInvokeEventListeners (/app/node_modules/.pnpm/jsdom@20.0.3/node_modules/jsdom/lib/jsdom/living/events/EventTarget-impl.js:353:9)
          at invokeEventListeners (/app/node_modules/.pnpm/jsdom@20.0.3/node_modules/jsdom/lib/jsdom/living/events/EventTarget-impl.js:286:3)
          at HTMLUnknownElementImpl._dispatch (/app/node_modules/.pnpm/jsdom@20.0.3/node_modules/jsdom/lib/jsdom/living/events/EventTarget-impl.js:233:9)
          at HTMLUnknownElementImpl.dispatchEvent (/app/node_modules/.pnpm/jsdom@20.0.3/node_modules/jsdom/lib/jsdom/living/events/EventTarget-impl.js:104:17)
          at HTMLUnknownElement.dispatchEvent (/app/node_modules/.pnpm/jsdom@20.0.3/node_modules/jsdom/lib/jsdom/living/generated/EventTarget.js:241:34)
          at Object.invokeGuardedCallbackDev (/app/node_modules/.pnpm/react-dom@18.3.1_react@18.3.1/node_modules/react-dom/cjs/react-dom.development.js:4213:16)
          at invokeGuardedCallback (/app/node_modules/.pnpm/react-dom@18.3.1_react@18.3.1/node_modules/react-dom/cjs/react-dom.development.js:4277:31)
          at beginWork$1 (/app/node_modules/.pnpm/react-dom@18.3.1_react@18.3.1/node_modules/react-dom/cjs/react-dom.development.js:27490:7)
          at performUnitOfWork (/app/node_modules/.pnpm/react-dom@18.3.1_react@18.3.1/node_modules/react-dom/cjs/react-dom.development.js:26599:12)
          at workLoopSync (/app/node_modules/.pnpm/react-dom@18.3.1_react@18.3.1/node_modules/react-dom/cjs/react-dom.development.js:26505:5)
          at renderRootSync (/app/node_modules/.pnpm/react-dom@18.3.1_react@18.3.1/node_modules/react-dom/cjs/react-dom.development.js:26473:7)
          at recoverFromConcurrentError (/app/node_modules/.pnpm/react-dom@18.3.1_react@18.3.1/node_modules/react-dom/cjs/react-dom.development.js:25889:20)
          at performConcurrentWorkOnRoot (/app/node_modules/.pnpm/react-dom@18.3.1_react@18.3.1/node_modules/react-dom/cjs/react-dom.development.js:25789:22)
          at flushActQueue (/app/node_modules/.pnpm/react@18.3.1/node_modules/react/cjs/react.development.js:2667:24)
          at act (/app/node_modules/.pnpm/react@18.3.1/node_modules/react/cjs/react.development.js:2582:11)
          at /app/node_modules/.pnpm/@testing-library+react@16.3.2_@testing-library+dom@10.4.1_@types+react-dom@18.3.7_@types+reac_3k5f6qynewwmkoqvlvtzlgtsjq/node_modules/@testing-library/react/dist/act-compat.js:46:25
          at renderRoot (/app/node_modules/.pnpm/@testing-library+react@16.3.2_@testing-library+dom@10.4.1_@types+react-dom@18.3.7_@types+reac_3k5f6qynewwmkoqvlvtzlgtsjq/node_modules/@testing-library/react/dist/pure.js:189:26)
          at render (/app/node_modules/.pnpm/@testing-library+react@16.3.2_@testing-library+dom@10.4.1_@types+react-dom@18.3.7_@types+reac_3k5f6qynewwmkoqvlvtzlgtsjq/node_modules/@testing-library/react/dist/pure.js:291:10)
          at Object.<anonymous> (/app/apps/admin/components/__tests__/roles-table.test.tsx:92:11)
          at Promise.then.completed (/app/node_modules/.pnpm/jest-circus@29.7.0/node_modules/jest-circus/build/utils.js:298:28)
          at new Promise (<anonymous>)
          at callAsyncCircusFn (/app/node_modules/.pnpm/jest-circus@29.7.0/node_modules/jest-circus/build/utils.js:231:10)
          at _callCircusTest (/app/node_modules/.pnpm/jest-circus@29.7.0/node_modules/jest-circus/build/run.js:316:40)
          at processTicksAndRejections (node:internal/process/task_queues:103:5)
          at _runTest (/app/node_modules/.pnpm/jest-circus@29.7.0/node_modules/jest-circus/build/run.js:252:3)
          at _runTestsForDescribeBlock (/app/node_modules/.pnpm/jest-circus@29.7.0/node_modules/jest-circus/build/run.js:126:9)
          at _runTestsForDescribeBlock (/app/node_modules/.pnpm/jest-circus@29.7.0/node_modules/jest-circus/build/run.js:121:9)
          at run (/app/node_modules/.pnpm/jest-circus@29.7.0/node_modules/jest-circus/build/run.js:71:3)
          at runAndTransformResultsToJestFormat (/app/node_modules/.pnpm/jest-circus@29.7.0/node_modules/jest-circus/build/legacy-code-todo-rewrite/jestAdapterInit.js:122:21)
          at jestAdapter (/app/node_modules/.pnpm/jest-circus@29.7.0/node_modules/jest-circus/build/legacy-code-todo-rewrite/jestAdapter.js:79:19)
          at runTestInternal (/app/node_modules/.pnpm/jest-runner@29.7.0/node_modules/jest-runner/build/runTest.js:367:16)
          at runTest (/app/node_modules/.pnpm/jest-runner@29.7.0/node_modules/jest-runner/build/runTest.js:444:34)
          at Object.worker (/app/node_modules/.pnpm/jest-runner@29.7.0/node_modules/jest-runner/build/testWorker.js:106:12) {
        detail: Error: `Tooltip` must be used within `TooltipProvider`
            at useContext2 (/app/node_modules/.pnpm/@radix-ui+react-context@1.1.2_@types+react@18.3.29_react@18.3.1/node_modules/@radix-ui/react-context/src/create-context.tsx:75:13)
            at Tooltip (/app/node_modules/.pnpm/@radix-ui+react-tooltip@1.2.8_@types+react-dom@18.3.7_@types+react@18.3.29__@types+react@18.3_xrwsnt2rmlacewwolijhmzdoxi/node_modules/@radix-ui/react-tooltip/src/tooltip.tsx:162:27)
            at renderWithHooks (/app/node_modules/.pnpm/react-dom@18.3.1_react@18.3.1/node_modules/react-dom/cjs/react-dom.development.js:15486:18)
            at mountIndeterminateComponent (/app/node_modules/.pnpm/react-dom@18.3.1_react@18.3.1/node_modules/react-dom/cjs/react-dom.development.js:20103:13)
            at beginWork (/app/node_modules/.pnpm/react-dom@18.3.1_react@18.3.1/node_modules/react-dom/cjs/react-dom.development.js:21626:16)
            at HTMLUnknownElement.callCallback (/app/node_modules/.pnpm/react-dom@18.3.1_react@18.3.1/node_modules/react-dom/cjs/react-dom.development.js:4164:14)
            at HTMLUnknownElement.callTheUserObjectsOperation (/app/node_modules/.pnpm/jsdom@20.0.3/node_modules/jsdom/lib/jsdom/living/generated/EventListener.js:26:30)
            at innerInvokeEventListeners (/app/node_modules/.pnpm/jsdom@20.0.3/node_modules/jsdom/lib/jsdom/living/events/EventTarget-impl.js:350:25)
            at invokeEventListeners (/app/node_modules/.pnpm/jsdom@20.0.3/node_modules/jsdom/lib/jsdom/living/events/EventTarget-impl.js:286:3)
            at HTMLUnknownElementImpl._dispatch (/app/node_modules/.pnpm/jsdom@20.0.3/node_modules/jsdom/lib/jsdom/living/events/EventTarget-impl.js:233:9)
            at HTMLUnknownElementImpl.dispatchEvent (/app/node_modules/.pnpm/jsdom@20.0.3/node_modules/jsdom/lib/jsdom/living/events/EventTarget-impl.js:104:17)
            at HTMLUnknownElement.dispatchEvent (/app/node_modules/.pnpm/jsdom@20.0.3/node_modules/jsdom/lib/jsdom/living/generated/EventTarget.js:241:34)
            at Object.invokeGuardedCallbackDev (/app/node_modules/.pnpm/react-dom@18.3.1_react@18.3.1/node_modules/react-dom/cjs/react-dom.development.js:4213:16)
            at invokeGuardedCallback (/app/node_modules/.pnpm/react-dom@18.3.1_react@18.3.1/node_modules/react-dom/cjs/react-dom.development.js:4277:31)
            at beginWork$1 (/app/node_modules/.pnpm/react-dom@18.3.1_react@18.3.1/node_modules/react-dom/cjs/react-dom.development.js:27490:7)
            at performUnitOfWork (/app/node_modules/.pnpm/react-dom@18.3.1_react@18.3.1/node_modules/react-dom/cjs/react-dom.development.js:26599:12)
            at workLoopSync (/app/node_modules/.pnpm/react-dom@18.3.1_react@18.3.1/node_modules/react-dom/cjs/react-dom.development.js:26505:5)
            at renderRootSync (/app/node_modules/.pnpm/react-dom@18.3.1_react@18.3.1/node_modules/react-dom/cjs/react-dom.development.js:26473:7)
            at recoverFromConcurrentError (/app/node_modules/.pnpm/react-dom@18.3.1_react@18.3.1/node_modules/react-dom/cjs/react-dom.development.js:25889:20)
            at performConcurrentWorkOnRoot (/app/node_modules/.pnpm/react-dom@18.3.1_react@18.3.1/node_modules/react-dom/cjs/react-dom.development.js:25789:22)
            at flushActQueue (/app/node_modules/.pnpm/react@18.3.1/node_modules/react/cjs/react.development.js:2667:24)
            at act (/app/node_modules/.pnpm/react@18.3.1/node_modules/react/cjs/react.development.js:2582:11)
            at /app/node_modules/.pnpm/@testing-library+react@16.3.2_@testing-library+dom@10.4.1_@types+react-dom@18.3.7_@types+reac_3k5f6qynewwmkoqvlvtzlgtsjq/node_modules/@testing-library/react/dist/act-compat.js:46:25
            at renderRoot (/app/node_modules/.pnpm/@testing-library+react@16.3.2_@testing-library+dom@10.4.1_@types+react-dom@18.3.7_@types+reac_3k5f6qynewwmkoqvlvtzlgtsjq/node_modules/@testing-library/react/dist/pure.js:189:26)
            at render (/app/node_modules/.pnpm/@testing-library+react@16.3.2_@testing-library+dom@10.4.1_@types+react-dom@18.3.7_@types+reac_3k5f6qynewwmkoqvlvtzlgtsjq/node_modules/@testing-library/react/dist/pure.js:291:10)
            at Object.<anonymous> (/app/apps/admin/components/__tests__/roles-table.test.tsx:92:11)
            at Promise.then.completed (/app/node_modules/.pnpm/jest-circus@29.7.0/node_modules/jest-circus/build/utils.js:298:28)
            at new Promise (<anonymous>)
            at callAsyncCircusFn (/app/node_modules/.pnpm/jest-circus@29.7.0/node_modules/jest-circus/build/utils.js:231:10)
            at _callCircusTest (/app/node_modules/.pnpm/jest-circus@29.7.0/node_modules/jest-circus/build/run.js:316:40)
            at processTicksAndRejections (node:internal/process/task_queues:103:5)
            at _runTest (/app/node_modules/.pnpm/jest-circus@29.7.0/node_modules/jest-circus/build/run.js:252:3)
            at _runTestsForDescribeBlock (/app/node_modules/.pnpm/jest-circus@29.7.0/node_modules/jest-circus/build/run.js:126:9)
            at _runTestsForDescribeBlock (/app/node_modules/.pnpm/jest-circus@29.7.0/node_modules/jest-circus/build/run.js:121:9)
            at run (/app/node_modules/.pnpm/jest-circus@29.7.0/node_modules/jest-circus/build/run.js:71:3)
            at runAndTransformResultsToJestFormat (/app/node_modules/.pnpm/jest-circus@29.7.0/node_modules/jest-circus/build/legacy-code-todo-rewrite/jestAdapterInit.js:122:21)
            at jestAdapter (/app/node_modules/.pnpm/jest-circus@29.7.0/node_modules/jest-circus/build/legacy-code-todo-rewrite/jestAdapter.js:79:19)
            at runTestInternal (/app/node_modules/.pnpm/jest-runner@29.7.0/node_modules/jest-runner/build/runTest.js:367:16)
            at runTest (/app/node_modules/.pnpm/jest-runner@29.7.0/node_modules/jest-runner/build/runTest.js:444:34)
            at Object.worker (/app/node_modules/.pnpm/jest-runner@29.7.0/node_modules/jest-runner/build/testWorker.js:106:12),
        type: 'unhandled exception'
      }

      90 |     jest.useFakeTimers()
      91 |     ;(actions.listRolesAction as jest.Mock).mockResolvedValue({ items: [], total: 0, page: 1, pageSize: 25 })
    > 92 |     render(withIntl(<RolesTable initial={initial} apps={apps} />))
         |           ^
      93 |     fireEvent.change(screen.getByLabelText(en.roles.filter.appLabel), { target: { value: 'sq_a1' } })
      94 |     jest.advanceTimersByTime(400)
      95 |     await waitFor(() => expect(actions.listRolesAction).toHaveBeenCalledWith({ appId: 'sq_a1', page: 1, pageSize: 25 }))

      at VirtualConsole.<anonymous> (../../node_modules/.pnpm/jest-environment-jsdom@29.7.0/node_modules/jest-environment-jsdom/build/index.js:63:23)
      at reportException (../../node_modules/.pnpm/jsdom@20.0.3/node_modules/jsdom/lib/jsdom/living/helpers/runtime-script-errors.js:70:28)
      at innerInvokeEventListeners (../../node_modules/.pnpm/jsdom@20.0.3/node_modules/jsdom/lib/jsdom/living/events/EventTarget-impl.js:353:9)
      at invokeEventListeners (../../node_modules/.pnpm/jsdom@20.0.3/node_modules/jsdom/lib/jsdom/living/events/EventTarget-impl.js:286:3)
      at HTMLUnknownElementImpl._dispatch (../../node_modules/.pnpm/jsdom@20.0.3/node_modules/jsdom/lib/jsdom/living/events/EventTarget-impl.js:233:9)
      at HTMLUnknownElementImpl.dispatchEvent (../../node_modules/.pnpm/jsdom@20.0.3/node_modules/jsdom/lib/jsdom/living/events/EventTarget-impl.js:104:17)
      at HTMLUnknownElement.dispatchEvent (../../node_modules/.pnpm/jsdom@20.0.3/node_modules/jsdom/lib/jsdom/living/generated/EventTarget.js:241:34)
      at Object.invokeGuardedCallbackDev (../../node_modules/.pnpm/react-dom@18.3.1_react@18.3.1/node_modules/react-dom/cjs/react-dom.development.js:4213:16)
      at invokeGuardedCallback (../../node_modules/.pnpm/react-dom@18.3.1_react@18.3.1/node_modules/react-dom/cjs/react-dom.development.js:4277:31)
      at beginWork$1 (../../node_modules/.pnpm/react-dom@18.3.1_react@18.3.1/node_modules/react-dom/cjs/react-dom.development.js:27490:7)
      at performUnitOfWork (../../node_modules/.pnpm/react-dom@18.3.1_react@18.3.1/node_modules/react-dom/cjs/react-dom.development.js:26599:12)
      at workLoopSync (../../node_modules/.pnpm/react-dom@18.3.1_react@18.3.1/node_modules/react-dom/cjs/react-dom.development.js:26505:5)
      at renderRootSync (../../node_modules/.pnpm/react-dom@18.3.1_react@18.3.1/node_modules/react-dom/cjs/react-dom.development.js:26473:7)
      at recoverFromConcurrentError (../../node_modules/.pnpm/react-dom@18.3.1_react@18.3.1/node_modules/react-dom/cjs/react-dom.development.js:25889:20)
      at performConcurrentWorkOnRoot (../../node_modules/.pnpm/react-dom@18.3.1_react@18.3.1/node_modules/react-dom/cjs/react-dom.development.js:25789:22)
      at flushActQueue (../../node_modules/.pnpm/react@18.3.1/node_modules/react/cjs/react.development.js:2667:24)
      at act (../../node_modules/.pnpm/react@18.3.1/node_modules/react/cjs/react.development.js:2582:11)
      at ../../node_modules/.pnpm/@testing-library+react@16.3.2_@testing-library+dom@10.4.1_@types+react-dom@18.3.7_@types+reac_3k5f6qynewwmkoqvlvtzlgtsjq/node_modules/@testing-library/react/dist/act-compat.js:46:25
      at renderRoot (../../node_modules/.pnpm/@testing-library+react@16.3.2_@testing-library+dom@10.4.1_@types+react-dom@18.3.7_@types+reac_3k5f6qynewwmkoqvlvtzlgtsjq/node_modules/@testing-library/react/dist/pure.js:189:26)
      at render (../../node_modules/.pnpm/@testing-library+react@16.3.2_@testing-library+dom@10.4.1_@types+react-dom@18.3.7_@types+reac_3k5f6qynewwmkoqvlvtzlgtsjq/node_modules/@testing-library/react/dist/pure.js:291:10)
      at Object.<anonymous> (components/__tests__/roles-table.test.tsx:92:11)

    console.error
      Error: Uncaught [Error: `Tooltip` must be used within `TooltipProvider`]
          at reportException (/app/node_modules/.pnpm/jsdom@20.0.3/node_modules/jsdom/lib/jsdom/living/helpers/runtime-script-errors.js:66:24)
          at innerInvokeEventListeners (/app/node_modules/.pnpm/jsdom@20.0.3/node_modules/jsdom/lib/jsdom/living/events/EventTarget-impl.js:353:9)
          at invokeEventListeners (/app/node_modules/.pnpm/jsdom@20.0.3/node_modules/jsdom/lib/jsdom/living/events/EventTarget-impl.js:286:3)
          at HTMLUnknownElementImpl._dispatch (/app/node_modules/.pnpm/jsdom@20.0.3/node_modules/jsdom/lib/jsdom/living/events/EventTarget-impl.js:233:9)
          at HTMLUnknownElementImpl.dispatchEvent (/app/node_modules/.pnpm/jsdom@20.0.3/node_modules/jsdom/lib/jsdom/living/events/EventTarget-impl.js:104:17)
          at HTMLUnknownElement.dispatchEvent (/app/node_modules/.pnpm/jsdom@20.0.3/node_modules/jsdom/lib/jsdom/living/generated/EventTarget.js:241:34)
          at Object.invokeGuardedCallbackDev (/app/node_modules/.pnpm/react-dom@18.3.1_react@18.3.1/node_modules/react-dom/cjs/react-dom.development.js:4213:16)
          at invokeGuardedCallback (/app/node_modules/.pnpm/react-dom@18.3.1_react@18.3.1/node_modules/react-dom/cjs/react-dom.development.js:4277:31)
          at beginWork$1 (/app/node_modules/.pnpm/react-dom@18.3.1_react@18.3.1/node_modules/react-dom/cjs/react-dom.development.js:27490:7)
          at performUnitOfWork (/app/node_modules/.pnpm/react-dom@18.3.1_react@18.3.1/node_modules/react-dom/cjs/react-dom.development.js:26599:12)
          at workLoopSync (/app/node_modules/.pnpm/react-dom@18.3.1_react@18.3.1/node_modules/react-dom/cjs/react-dom.development.js:26505:5)
          at renderRootSync (/app/node_modules/.pnpm/react-dom@18.3.1_react@18.3.1/node_modules/react-dom/cjs/react-dom.development.js:26473:7)
          at recoverFromConcurrentError (/app/node_modules/.pnpm/react-dom@18.3.1_react@18.3.1/node_modules/react-dom/cjs/react-dom.development.js:25889:20)
          at performConcurrentWorkOnRoot (/app/node_modules/.pnpm/react-dom@18.3.1_react@18.3.1/node_modules/react-dom/cjs/react-dom.development.js:25789:22)
          at flushActQueue (/app/node_modules/.pnpm/react@18.3.1/node_modules/react/cjs/react.development.js:2667:24)
          at act (/app/node_modules/.pnpm/react@18.3.1/node_modules/react/cjs/react.development.js:2582:11)
          at /app/node_modules/.pnpm/@testing-library+react@16.3.2_@testing-library+dom@10.4.1_@types+react-dom@18.3.7_@types+reac_3k5f6qynewwmkoqvlvtzlgtsjq/node_modules/@testing-library/react/dist/act-compat.js:46:25
          at renderRoot (/app/node_modules/.pnpm/@testing-library+react@16.3.2_@testing-library+dom@10.4.1_@types+react-dom@18.3.7_@types+reac_3k5f6qynewwmkoqvlvtzlgtsjq/node_modules/@testing-library/react/dist/pure.js:189:26)
          at render (/app/node_modules/.pnpm/@testing-library+react@16.3.2_@testing-library+dom@10.4.1_@types+react-dom@18.3.7_@types+reac_3k5f6qynewwmkoqvlvtzlgtsjq/node_modules/@testing-library/react/dist/pure.js:291:10)
          at Object.<anonymous> (/app/apps/admin/components/__tests__/roles-table.test.tsx:92:11)
          at Promise.then.completed (/app/node_modules/.pnpm/jest-circus@29.7.0/node_modules/jest-circus/build/utils.js:298:28)
          at new Promise (<anonymous>)
          at callAsyncCircusFn (/app/node_modules/.pnpm/jest-circus@29.7.0/node_modules/jest-circus/build/utils.js:231:10)
          at _callCircusTest (/app/node_modules/.pnpm/jest-circus@29.7.0/node_modules/jest-circus/build/run.js:316:40)
          at processTicksAndRejections (node:internal/process/task_queues:103:5)
          at _runTest (/app/node_modules/.pnpm/jest-circus@29.7.0/node_modules/jest-circus/build/run.js:252:3)
          at _runTestsForDescribeBlock (/app/node_modules/.pnpm/jest-circus@29.7.0/node_modules/jest-circus/build/run.js:126:9)
          at _runTestsForDescribeBlock (/app/node_modules/.pnpm/jest-circus@29.7.0/node_modules/jest-circus/build/run.js:121:9)
          at run (/app/node_modules/.pnpm/jest-circus@29.7.0/node_modules/jest-circus/build/run.js:71:3)
          at runAndTransformResultsToJestFormat (/app/node_modules/.pnpm/jest-circus@29.7.0/node_modules/jest-circus/build/legacy-code-todo-rewrite/jestAdapterInit.js:122:21)
          at jestAdapter (/app/node_modules/.pnpm/jest-circus@29.7.0/node_modules/jest-circus/build/legacy-code-todo-rewrite/jestAdapter.js:79:19)
          at runTestInternal (/app/node_modules/.pnpm/jest-runner@29.7.0/node_modules/jest-runner/build/runTest.js:367:16)
          at runTest (/app/node_modules/.pnpm/jest-runner@29.7.0/node_modules/jest-runner/build/runTest.js:444:34)
          at Object.worker (/app/node_modules/.pnpm/jest-runner@29.7.0/node_modules/jest-runner/build/testWorker.js:106:12) {
        detail: Error: `Tooltip` must be used within `TooltipProvider`
            at useContext2 (/app/node_modules/.pnpm/@radix-ui+react-context@1.1.2_@types+react@18.3.29_react@18.3.1/node_modules/@radix-ui/react-context/src/create-context.tsx:75:13)
            at Tooltip (/app/node_modules/.pnpm/@radix-ui+react-tooltip@1.2.8_@types+react-dom@18.3.7_@types+react@18.3.29__@types+react@18.3_xrwsnt2rmlacewwolijhmzdoxi/node_modules/@radix-ui/react-tooltip/src/tooltip.tsx:162:27)
            at renderWithHooks (/app/node_modules/.pnpm/react-dom@18.3.1_react@18.3.1/node_modules/react-dom/cjs/react-dom.development.js:15486:18)
            at mountIndeterminateComponent (/app/node_modules/.pnpm/react-dom@18.3.1_react@18.3.1/node_modules/react-dom/cjs/react-dom.development.js:20103:13)
            at beginWork (/app/node_modules/.pnpm/react-dom@18.3.1_react@18.3.1/node_modules/react-dom/cjs/react-dom.development.js:21626:16)
            at HTMLUnknownElement.callCallback (/app/node_modules/.pnpm/react-dom@18.3.1_react@18.3.1/node_modules/react-dom/cjs/react-dom.development.js:4164:14)
            at HTMLUnknownElement.callTheUserObjectsOperation (/app/node_modules/.pnpm/jsdom@20.0.3/node_modules/jsdom/lib/jsdom/living/generated/EventListener.js:26:30)
            at innerInvokeEventListeners (/app/node_modules/.pnpm/jsdom@20.0.3/node_modules/jsdom/lib/jsdom/living/events/EventTarget-impl.js:350:25)
            at invokeEventListeners (/app/node_modules/.pnpm/jsdom@20.0.3/node_modules/jsdom/lib/jsdom/living/events/EventTarget-impl.js:286:3)
            at HTMLUnknownElementImpl._dispatch (/app/node_modules/.pnpm/jsdom@20.0.3/node_modules/jsdom/lib/jsdom/living/events/EventTarget-impl.js:233:9)
            at HTMLUnknownElementImpl.dispatchEvent (/app/node_modules/.pnpm/jsdom@20.0.3/node_modules/jsdom/lib/jsdom/living/events/EventTarget-impl.js:104:17)
            at HTMLUnknownElement.dispatchEvent (/app/node_modules/.pnpm/jsdom@20.0.3/node_modules/jsdom/lib/jsdom/living/generated/EventTarget.js:241:34)
            at Object.invokeGuardedCallbackDev (/app/node_modules/.pnpm/react-dom@18.3.1_react@18.3.1/node_modules/react-dom/cjs/react-dom.development.js:4213:16)
            at invokeGuardedCallback (/app/node_modules/.pnpm/react-dom@18.3.1_react@18.3.1/node_modules/react-dom/cjs/react-dom.development.js:4277:31)
            at beginWork$1 (/app/node_modules/.pnpm/react-dom@18.3.1_react@18.3.1/node_modules/react-dom/cjs/react-dom.development.js:27490:7)
            at performUnitOfWork (/app/node_modules/.pnpm/react-dom@18.3.1_react@18.3.1/node_modules/react-dom/cjs/react-dom.development.js:26599:12)
            at workLoopSync (/app/node_modules/.pnpm/react-dom@18.3.1_react@18.3.1/node_modules/react-dom/cjs/react-dom.development.js:26505:5)
            at renderRootSync (/app/node_modules/.pnpm/react-dom@18.3.1_react@18.3.1/node_modules/react-dom/cjs/react-dom.development.js:26473:7)
            at recoverFromConcurrentError (/app/node_modules/.pnpm/react-dom@18.3.1_react@18.3.1/node_modules/react-dom/cjs/react-dom.development.js:25889:20)
            at performConcurrentWorkOnRoot (/app/node_modules/.pnpm/react-dom@18.3.1_react@18.3.1/node_modules/react-dom/cjs/react-dom.development.js:25789:22)
            at flushActQueue (/app/node_modules/.pnpm/react@18.3.1/node_modules/react/cjs/react.development.js:2667:24)
            at act (/app/node_modules/.pnpm/react@18.3.1/node_modules/react/cjs/react.development.js:2582:11)
            at /app/node_modules/.pnpm/@testing-library+react@16.3.2_@testing-library+dom@10.4.1_@types+react-dom@18.3.7_@types+reac_3k5f6qynewwmkoqvlvtzlgtsjq/node_modules/@testing-library/react/dist/act-compat.js:46:25
            at renderRoot (/app/node_modules/.pnpm/@testing-library+react@16.3.2_@testing-library+dom@10.4.1_@types+react-dom@18.3.7_@types+reac_3k5f6qynewwmkoqvlvtzlgtsjq/node_modules/@testing-library/react/dist/pure.js:189:26)
            at render (/app/node_modules/.pnpm/@testing-library+react@16.3.2_@testing-library+dom@10.4.1_@types+react-dom@18.3.7_@types+reac_3k5f6qynewwmkoqvlvtzlgtsjq/node_modules/@testing-library/react/dist/pure.js:291:10)
            at Object.<anonymous> (/app/apps/admin/components/__tests__/roles-table.test.tsx:92:11)
            at Promise.then.completed (/app/node_modules/.pnpm/jest-circus@29.7.0/node_modules/jest-circus/build/utils.js:298:28)
            at new Promise (<anonymous>)
            at callAsyncCircusFn (/app/node_modules/.pnpm/jest-circus@29.7.0/node_modules/jest-circus/build/utils.js:231:10)
            at _callCircusTest (/app/node_modules/.pnpm/jest-circus@29.7.0/node_modules/jest-circus/build/run.js:316:40)
            at processTicksAndRejections (node:internal/process/task_queues:103:5)
            at _runTest (/app/node_modules/.pnpm/jest-circus@29.7.0/node_modules/jest-circus/build/run.js:252:3)
            at _runTestsForDescribeBlock (/app/node_modules/.pnpm/jest-circus@29.7.0/node_modules/jest-circus/build/run.js:126:9)
            at _runTestsForDescribeBlock (/app/node_modules/.pnpm/jest-circus@29.7.0/node_modules/jest-circus/build/run.js:121:9)
            at run (/app/node_modules/.pnpm/jest-circus@29.7.0/node_modules/jest-circus/build/run.js:71:3)
            at runAndTransformResultsToJestFormat (/app/node_modules/.pnpm/jest-circus@29.7.0/node_modules/jest-circus/build/legacy-code-todo-rewrite/jestAdapterInit.js:122:21)
            at jestAdapter (/app/node_modules/.pnpm/jest-circus@29.7.0/node_modules/jest-circus/build/legacy-code-todo-rewrite/jestAdapter.js:79:19)
            at runTestInternal (/app/node_modules/.pnpm/jest-runner@29.7.0/node_modules/jest-runner/build/runTest.js:367:16)
            at runTest (/app/node_modules/.pnpm/jest-runner@29.7.0/node_modules/jest-runner/build/runTest.js:444:34)
            at Object.worker (/app/node_modules/.pnpm/jest-runner@29.7.0/node_modules/jest-runner/build/testWorker.js:106:12),
        type: 'unhandled exception'
      }

      90 |     jest.useFakeTimers()
      91 |     ;(actions.listRolesAction as jest.Mock).mockResolvedValue({ items: [], total: 0, page: 1, pageSize: 25 })
    > 92 |     render(withIntl(<RolesTable initial={initial} apps={apps} />))
         |           ^
      93 |     fireEvent.change(screen.getByLabelText(en.roles.filter.appLabel), { target: { value: 'sq_a1' } })
      94 |     jest.advanceTimersByTime(400)
      95 |     await waitFor(() => expect(actions.listRolesAction).toHaveBeenCalledWith({ appId: 'sq_a1', page: 1, pageSize: 25 }))

      at VirtualConsole.<anonymous> (../../node_modules/.pnpm/jest-environment-jsdom@29.7.0/node_modules/jest-environment-jsdom/build/index.js:63:23)
      at reportException (../../node_modules/.pnpm/jsdom@20.0.3/node_modules/jsdom/lib/jsdom/living/helpers/runtime-script-errors.js:70:28)
      at innerInvokeEventListeners (../../node_modules/.pnpm/jsdom@20.0.3/node_modules/jsdom/lib/jsdom/living/events/EventTarget-impl.js:353:9)
      at invokeEventListeners (../../node_modules/.pnpm/jsdom@20.0.3/node_modules/jsdom/lib/jsdom/living/events/EventTarget-impl.js:286:3)
      at HTMLUnknownElementImpl._dispatch (../../node_modules/.pnpm/jsdom@20.0.3/node_modules/jsdom/lib/jsdom/living/events/EventTarget-impl.js:233:9)
      at HTMLUnknownElementImpl.dispatchEvent (../../node_modules/.pnpm/jsdom@20.0.3/node_modules/jsdom/lib/jsdom/living/events/EventTarget-impl.js:104:17)
      at HTMLUnknownElement.dispatchEvent (../../node_modules/.pnpm/jsdom@20.0.3/node_modules/jsdom/lib/jsdom/living/generated/EventTarget.js:241:34)
      at Object.invokeGuardedCallbackDev (../../node_modules/.pnpm/react-dom@18.3.1_react@18.3.1/node_modules/react-dom/cjs/react-dom.development.js:4213:16)
      at invokeGuardedCallback (../../node_modules/.pnpm/react-dom@18.3.1_react@18.3.1/node_modules/react-dom/cjs/react-dom.development.js:4277:31)
      at beginWork$1 (../../node_modules/.pnpm/react-dom@18.3.1_react@18.3.1/node_modules/react-dom/cjs/react-dom.development.js:27490:7)
      at performUnitOfWork (../../node_modules/.pnpm/react-dom@18.3.1_react@18.3.1/node_modules/react-dom/cjs/react-dom.development.js:26599:12)
      at workLoopSync (../../node_modules/.pnpm/react-dom@18.3.1_react@18.3.1/node_modules/react-dom/cjs/react-dom.development.js:26505:5)
      at renderRootSync (../../node_modules/.pnpm/react-dom@18.3.1_react@18.3.1/node_modules/react-dom/cjs/react-dom.development.js:26473:7)
      at recoverFromConcurrentError (../../node_modules/.pnpm/react-dom@18.3.1_react@18.3.1/node_modules/react-dom/cjs/react-dom.development.js:25889:20)
      at performConcurrentWorkOnRoot (../../node_modules/.pnpm/react-dom@18.3.1_react@18.3.1/node_modules/react-dom/cjs/react-dom.development.js:25789:22)
      at flushActQueue (../../node_modules/.pnpm/react@18.3.1/node_modules/react/cjs/react.development.js:2667:24)
      at act (../../node_modules/.pnpm/react@18.3.1/node_modules/react/cjs/react.development.js:2582:11)
      at ../../node_modules/.pnpm/@testing-library+react@16.3.2_@testing-library+dom@10.4.1_@types+react-dom@18.3.7_@types+reac_3k5f6qynewwmkoqvlvtzlgtsjq/node_modules/@testing-library/react/dist/act-compat.js:46:25
      at renderRoot (../../node_modules/.pnpm/@testing-library+react@16.3.2_@testing-library+dom@10.4.1_@types+react-dom@18.3.7_@types+reac_3k5f6qynewwmkoqvlvtzlgtsjq/node_modules/@testing-library/react/dist/pure.js:189:26)
      at render (../../node_modules/.pnpm/@testing-library+react@16.3.2_@testing-library+dom@10.4.1_@types+react-dom@18.3.7_@types+reac_3k5f6qynewwmkoqvlvtzlgtsjq/node_modules/@testing-library/react/dist/pure.js:291:10)
      at Object.<anonymous> (components/__tests__/roles-table.test.tsx:92:11)

    console.error
      The above error occurred in the <Tooltip> component:

          at Tooltip (/app/node_modules/.pnpm/@radix-ui+react-tooltip@1.2.8_@types+react-dom@18.3.7_@types+react@18.3.29__@types+react@18.3_xrwsnt2rmlacewwolijhmzdoxi/node_modules/@radix-ui/react-tooltip/src/tooltip.tsx:154:5)
          at div
          at cell (/app/apps/admin/components/roles-table.tsx:82:16)
          at td
          at /app/packages/ui/src/components/ui/table.tsx:87:6
          at tr
          at /app/packages/ui/src/components/ui/table.tsx:57:6
          at tbody
          at /app/packages/ui/src/components/ui/table.tsx:30:6
          at table
          at div
          at /app/packages/ui/src/components/ui/table.tsx:8:6
          at DataTable (/app/packages/ui/src/components/data-table.tsx:23:36)
          at div
          at RolesTable (/app/apps/admin/components/roles-table.tsx:27:30)
          at IntlProvider (/app/node_modules/.pnpm/use-intl@3.26.5_react@18.3.1/node_modules/use-intl/dist/development/_IntlProvider.js:16:5)
          at NextIntlClientProvider (/app/node_modules/.pnpm/next-intl@3.26.5_next@15.5.18_@babel+core@7.29.7_@opentelemetry+api@1.9.1_@playwright+test@1._uib3rlo2eksg3yll53rffkx7ea/node_modules/next-intl/dist/development/shared/NextIntlClientProvider.js:16:5)

      Consider adding an error boundary to your tree to customize error handling behavior.
      Visit https://reactjs.org/link/error-boundaries to learn more about error boundaries.

      90 |     jest.useFakeTimers()
      91 |     ;(actions.listRolesAction as jest.Mock).mockResolvedValue({ items: [], total: 0, page: 1, pageSize: 25 })
    > 92 |     render(withIntl(<RolesTable initial={initial} apps={apps} />))
         |           ^
      93 |     fireEvent.change(screen.getByLabelText(en.roles.filter.appLabel), { target: { value: 'sq_a1' } })
      94 |     jest.advanceTimersByTime(400)
      95 |     await waitFor(() => expect(actions.listRolesAction).toHaveBeenCalledWith({ appId: 'sq_a1', page: 1, pageSize: 25 }))

      at logCapturedError (../../node_modules/.pnpm/react-dom@18.3.1_react@18.3.1/node_modules/react-dom/cjs/react-dom.development.js:18704:23)
      at update.callback (../../node_modules/.pnpm/react-dom@18.3.1_react@18.3.1/node_modules/react-dom/cjs/react-dom.development.js:18737:5)
      at callCallback (../../node_modules/.pnpm/react-dom@18.3.1_react@18.3.1/node_modules/react-dom/cjs/react-dom.development.js:15036:12)
      at commitUpdateQueue (../../node_modules/.pnpm/react-dom@18.3.1_react@18.3.1/node_modules/react-dom/cjs/react-dom.development.js:15057:9)
      at commitLayoutEffectOnFiber (../../node_modules/.pnpm/react-dom@18.3.1_react@18.3.1/node_modules/react-dom/cjs/react-dom.development.js:23430:13)
      at commitLayoutMountEffects_complete (../../node_modules/.pnpm/react-dom@18.3.1_react@18.3.1/node_modules/react-dom/cjs/react-dom.development.js:24727:9)
      at commitLayoutEffects_begin (../../node_modules/.pnpm/react-dom@18.3.1_react@18.3.1/node_modules/react-dom/cjs/react-dom.development.js:24713:7)
      at commitLayoutEffects (../../node_modules/.pnpm/react-dom@18.3.1_react@18.3.1/node_modules/react-dom/cjs/react-dom.development.js:24651:3)
      at commitRootImpl (../../node_modules/.pnpm/react-dom@18.3.1_react@18.3.1/node_modules/react-dom/cjs/react-dom.development.js:26862:5)
      at commitRoot (../../node_modules/.pnpm/react-dom@18.3.1_react@18.3.1/node_modules/react-dom/cjs/react-dom.development.js:26721:5)
      at finishConcurrentRender (../../node_modules/.pnpm/react-dom@18.3.1_react@18.3.1/node_modules/react-dom/cjs/react-dom.development.js:25931:9)
      at performConcurrentWorkOnRoot (../../node_modules/.pnpm/react-dom@18.3.1_react@18.3.1/node_modules/react-dom/cjs/react-dom.development.js:25848:7)
      at flushActQueue (../../node_modules/.pnpm/react@18.3.1/node_modules/react/cjs/react.development.js:2667:24)
      at act (../../node_modules/.pnpm/react@18.3.1/node_modules/react/cjs/react.development.js:2582:11)
      at ../../node_modules/.pnpm/@testing-library+react@16.3.2_@testing-library+dom@10.4.1_@types+react-dom@18.3.7_@types+reac_3k5f6qynewwmkoqvlvtzlgtsjq/node_modules/@testing-library/react/dist/act-compat.js:46:25
      at renderRoot (../../node_modules/.pnpm/@testing-library+react@16.3.2_@testing-library+dom@10.4.1_@types+react-dom@18.3.7_@types+reac_3k5f6qynewwmkoqvlvtzlgtsjq/node_modules/@testing-library/react/dist/pure.js:189:26)
      at render (../../node_modules/.pnpm/@testing-library+react@16.3.2_@testing-library+dom@10.4.1_@types+react-dom@18.3.7_@types+reac_3k5f6qynewwmkoqvlvtzlgtsjq/node_modules/@testing-library/react/dist/pure.js:291:10)
      at Object.<anonymous> (components/__tests__/roles-table.test.tsx:92:11)

    console.error
      The above error occurred in the <Tooltip> component:

          at Tooltip (/app/node_modules/.pnpm/@radix-ui+react-tooltip@1.2.8_@types+react-dom@18.3.7_@types+react@18.3.29__@types+react@18.3_xrwsnt2rmlacewwolijhmzdoxi/node_modules/@radix-ui/react-tooltip/src/tooltip.tsx:154:5)
          at Passthrough (/app/apps/admin/components/__tests__/roles-table.test.tsx:20:26)
          at cell (/app/apps/admin/components/roles-table.tsx:123:16)
          at td
          at /app/packages/ui/src/components/ui/table.tsx:87:6
          at tr
          at /app/packages/ui/src/components/ui/table.tsx:57:6
          at tbody
          at /app/packages/ui/src/components/ui/table.tsx:30:6
          at table
          at div
          at /app/packages/ui/src/components/ui/table.tsx:8:6
          at DataTable (/app/packages/ui/src/components/data-table.tsx:23:36)
          at div
          at RolesTable (/app/apps/admin/components/roles-table.tsx:27:30)
          at IntlProvider (/app/node_modules/.pnpm/use-intl@3.26.5_react@18.3.1/node_modules/use-intl/dist/development/_IntlProvider.js:16:5)
          at NextIntlClientProvider (/app/node_modules/.pnpm/next-intl@3.26.5_next@15.5.18_@babel+core@7.29.7_@opentelemetry+api@1.9.1_@playwright+test@1._uib3rlo2eksg3yll53rffkx7ea/node_modules/next-intl/dist/development/shared/NextIntlClientProvider.js:16:5)

      Consider adding an error boundary to your tree to customize error handling behavior.
      Visit https://reactjs.org/link/error-boundaries to learn more about error boundaries.

      90 |     jest.useFakeTimers()
      91 |     ;(actions.listRolesAction as jest.Mock).mockResolvedValue({ items: [], total: 0, page: 1, pageSize: 25 })
    > 92 |     render(withIntl(<RolesTable initial={initial} apps={apps} />))
         |           ^
      93 |     fireEvent.change(screen.getByLabelText(en.roles.filter.appLabel), { target: { value: 'sq_a1' } })
      94 |     jest.advanceTimersByTime(400)
      95 |     await waitFor(() => expect(actions.listRolesAction).toHaveBeenCalledWith({ appId: 'sq_a1', page: 1, pageSize: 25 }))

      at logCapturedError (../../node_modules/.pnpm/react-dom@18.3.1_react@18.3.1/node_modules/react-dom/cjs/react-dom.development.js:18704:23)
      at update.callback (../../node_modules/.pnpm/react-dom@18.3.1_react@18.3.1/node_modules/react-dom/cjs/react-dom.development.js:18737:5)
      at callCallback (../../node_modules/.pnpm/react-dom@18.3.1_react@18.3.1/node_modules/react-dom/cjs/react-dom.development.js:15036:12)
      at commitUpdateQueue (../../node_modules/.pnpm/react-dom@18.3.1_react@18.3.1/node_modules/react-dom/cjs/react-dom.development.js:15057:9)
      at commitLayoutEffectOnFiber (../../node_modules/.pnpm/react-dom@18.3.1_react@18.3.1/node_modules/react-dom/cjs/react-dom.development.js:23430:13)
      at commitLayoutMountEffects_complete (../../node_modules/.pnpm/react-dom@18.3.1_react@18.3.1/node_modules/react-dom/cjs/react-dom.development.js:24727:9)
      at commitLayoutEffects_begin (../../node_modules/.pnpm/react-dom@18.3.1_react@18.3.1/node_modules/react-dom/cjs/react-dom.development.js:24713:7)
      at commitLayoutEffects (../../node_modules/.pnpm/react-dom@18.3.1_react@18.3.1/node_modules/react-dom/cjs/react-dom.development.js:24651:3)
      at commitRootImpl (../../node_modules/.pnpm/react-dom@18.3.1_react@18.3.1/node_modules/react-dom/cjs/react-dom.development.js:26862:5)
      at commitRoot (../../node_modules/.pnpm/react-dom@18.3.1_react@18.3.1/node_modules/react-dom/cjs/react-dom.development.js:26721:5)
      at finishConcurrentRender (../../node_modules/.pnpm/react-dom@18.3.1_react@18.3.1/node_modules/react-dom/cjs/react-dom.development.js:25931:9)
      at performConcurrentWorkOnRoot (../../node_modules/.pnpm/react-dom@18.3.1_react@18.3.1/node_modules/react-dom/cjs/react-dom.development.js:25848:7)
      at flushActQueue (../../node_modules/.pnpm/react@18.3.1/node_modules/react/cjs/react.development.js:2667:24)
      at act (../../node_modules/.pnpm/react@18.3.1/node_modules/react/cjs/react.development.js:2582:11)
      at ../../node_modules/.pnpm/@testing-library+react@16.3.2_@testing-library+dom@10.4.1_@types+react-dom@18.3.7_@types+reac_3k5f6qynewwmkoqvlvtzlgtsjq/node_modules/@testing-library/react/dist/act-compat.js:46:25
      at renderRoot (../../node_modules/.pnpm/@testing-library+react@16.3.2_@testing-library+dom@10.4.1_@types+react-dom@18.3.7_@types+reac_3k5f6qynewwmkoqvlvtzlgtsjq/node_modules/@testing-library/react/dist/pure.js:189:26)
      at render (../../node_modules/.pnpm/@testing-library+react@16.3.2_@testing-library+dom@10.4.1_@types+react-dom@18.3.7_@types+reac_3k5f6qynewwmkoqvlvtzlgtsjq/node_modules/@testing-library/react/dist/pure.js:291:10)
      at Object.<anonymous> (components/__tests__/roles-table.test.tsx:92:11)

    console.error
      The above error occurred in the <Tooltip> component:

          at Tooltip (/app/node_modules/.pnpm/@radix-ui+react-tooltip@1.2.8_@types+react-dom@18.3.7_@types+react@18.3.29__@types+react@18.3_xrwsnt2rmlacewwolijhmzdoxi/node_modules/@radix-ui/react-tooltip/src/tooltip.tsx:154:5)
          at div
          at cell (/app/apps/admin/components/roles-table.tsx:82:16)
          at td
          at /app/packages/ui/src/components/ui/table.tsx:87:6
          at tr
          at /app/packages/ui/src/components/ui/table.tsx:57:6
          at tbody
          at /app/packages/ui/src/components/ui/table.tsx:30:6
          at table
          at div
          at /app/packages/ui/src/components/ui/table.tsx:8:6
          at DataTable (/app/packages/ui/src/components/data-table.tsx:23:36)
          at div
          at RolesTable (/app/apps/admin/components/roles-table.tsx:27:30)
          at IntlProvider (/app/node_modules/.pnpm/use-intl@3.26.5_react@18.3.1/node_modules/use-intl/dist/development/_IntlProvider.js:16:5)
          at NextIntlClientProvider (/app/node_modules/.pnpm/next-intl@3.26.5_next@15.5.18_@babel+core@7.29.7_@opentelemetry+api@1.9.1_@playwright+test@1._uib3rlo2eksg3yll53rffkx7ea/node_modules/next-intl/dist/development/shared/NextIntlClientProvider.js:16:5)

      Consider adding an error boundary to your tree to customize error handling behavior.
      Visit https://reactjs.org/link/error-boundaries to learn more about error boundaries.

      90 |     jest.useFakeTimers()
      91 |     ;(actions.listRolesAction as jest.Mock).mockResolvedValue({ items: [], total: 0, page: 1, pageSize: 25 })
    > 92 |     render(withIntl(<RolesTable initial={initial} apps={apps} />))
         |           ^
      93 |     fireEvent.change(screen.getByLabelText(en.roles.filter.appLabel), { target: { value: 'sq_a1' } })
      94 |     jest.advanceTimersByTime(400)
      95 |     await waitFor(() => expect(actions.listRolesAction).toHaveBeenCalledWith({ appId: 'sq_a1', page: 1, pageSize: 25 }))

      at logCapturedError (../../node_modules/.pnpm/react-dom@18.3.1_react@18.3.1/node_modules/react-dom/cjs/react-dom.development.js:18704:23)
      at update.callback (../../node_modules/.pnpm/react-dom@18.3.1_react@18.3.1/node_modules/react-dom/cjs/react-dom.development.js:18737:5)
      at callCallback (../../node_modules/.pnpm/react-dom@18.3.1_react@18.3.1/node_modules/react-dom/cjs/react-dom.development.js:15036:12)
      at commitUpdateQueue (../../node_modules/.pnpm/react-dom@18.3.1_react@18.3.1/node_modules/react-dom/cjs/react-dom.development.js:15057:9)
      at commitLayoutEffectOnFiber (../../node_modules/.pnpm/react-dom@18.3.1_react@18.3.1/node_modules/react-dom/cjs/react-dom.development.js:23430:13)
      at commitLayoutMountEffects_complete (../../node_modules/.pnpm/react-dom@18.3.1_react@18.3.1/node_modules/react-dom/cjs/react-dom.development.js:24727:9)
      at commitLayoutEffects_begin (../../node_modules/.pnpm/react-dom@18.3.1_react@18.3.1/node_modules/react-dom/cjs/react-dom.development.js:24713:7)
      at commitLayoutEffects (../../node_modules/.pnpm/react-dom@18.3.1_react@18.3.1/node_modules/react-dom/cjs/react-dom.development.js:24651:3)
      at commitRootImpl (../../node_modules/.pnpm/react-dom@18.3.1_react@18.3.1/node_modules/react-dom/cjs/react-dom.development.js:26862:5)
      at commitRoot (../../node_modules/.pnpm/react-dom@18.3.1_react@18.3.1/node_modules/react-dom/cjs/react-dom.development.js:26721:5)
      at finishConcurrentRender (../../node_modules/.pnpm/react-dom@18.3.1_react@18.3.1/node_modules/react-dom/cjs/react-dom.development.js:25931:9)
      at performConcurrentWorkOnRoot (../../node_modules/.pnpm/react-dom@18.3.1_react@18.3.1/node_modules/react-dom/cjs/react-dom.development.js:25848:7)
      at flushActQueue (../../node_modules/.pnpm/react@18.3.1/node_modules/react/cjs/react.development.js:2667:24)
      at act (../../node_modules/.pnpm/react@18.3.1/node_modules/react/cjs/react.development.js:2582:11)
      at ../../node_modules/.pnpm/@testing-library+react@16.3.2_@testing-library+dom@10.4.1_@types+react-dom@18.3.7_@types+reac_3k5f6qynewwmkoqvlvtzlgtsjq/node_modules/@testing-library/react/dist/act-compat.js:46:25
      at renderRoot (../../node_modules/.pnpm/@testing-library+react@16.3.2_@testing-library+dom@10.4.1_@types+react-dom@18.3.7_@types+reac_3k5f6qynewwmkoqvlvtzlgtsjq/node_modules/@testing-library/react/dist/pure.js:189:26)
      at render (../../node_modules/.pnpm/@testing-library+react@16.3.2_@testing-library+dom@10.4.1_@types+react-dom@18.3.7_@types+reac_3k5f6qynewwmkoqvlvtzlgtsjq/node_modules/@testing-library/react/dist/pure.js:291:10)
      at Object.<anonymous> (components/__tests__/roles-table.test.tsx:92:11)

    console.error
      The above error occurred in the <Tooltip> component:

          at Tooltip (/app/node_modules/.pnpm/@radix-ui+react-tooltip@1.2.8_@types+react-dom@18.3.7_@types+react@18.3.29__@types+react@18.3_xrwsnt2rmlacewwolijhmzdoxi/node_modules/@radix-ui/react-tooltip/src/tooltip.tsx:154:5)
          at Passthrough (/app/apps/admin/components/__tests__/roles-table.test.tsx:20:26)
          at cell (/app/apps/admin/components/roles-table.tsx:123:16)
          at td
          at /app/packages/ui/src/components/ui/table.tsx:87:6
          at tr
          at /app/packages/ui/src/components/ui/table.tsx:57:6
          at tbody
          at /app/packages/ui/src/components/ui/table.tsx:30:6
          at table
          at div
          at /app/packages/ui/src/components/ui/table.tsx:8:6
          at DataTable (/app/packages/ui/src/components/data-table.tsx:23:36)
          at div
          at RolesTable (/app/apps/admin/components/roles-table.tsx:27:30)
          at IntlProvider (/app/node_modules/.pnpm/use-intl@3.26.5_react@18.3.1/node_modules/use-intl/dist/development/_IntlProvider.js:16:5)
          at NextIntlClientProvider (/app/node_modules/.pnpm/next-intl@3.26.5_next@15.5.18_@babel+core@7.29.7_@opentelemetry+api@1.9.1_@playwright+test@1._uib3rlo2eksg3yll53rffkx7ea/node_modules/next-intl/dist/development/shared/NextIntlClientProvider.js:16:5)

      Consider adding an error boundary to your tree to customize error handling behavior.
      Visit https://reactjs.org/link/error-boundaries to learn more about error boundaries.

      90 |     jest.useFakeTimers()
      91 |     ;(actions.listRolesAction as jest.Mock).mockResolvedValue({ items: [], total: 0, page: 1, pageSize: 25 })
    > 92 |     render(withIntl(<RolesTable initial={initial} apps={apps} />))
         |           ^
      93 |     fireEvent.change(screen.getByLabelText(en.roles.filter.appLabel), { target: { value: 'sq_a1' } })
      94 |     jest.advanceTimersByTime(400)
      95 |     await waitFor(() => expect(actions.listRolesAction).toHaveBeenCalledWith({ appId: 'sq_a1', page: 1, pageSize: 25 }))

      at logCapturedError (../../node_modules/.pnpm/react-dom@18.3.1_react@18.3.1/node_modules/react-dom/cjs/react-dom.development.js:18704:23)
      at update.callback (../../node_modules/.pnpm/react-dom@18.3.1_react@18.3.1/node_modules/react-dom/cjs/react-dom.development.js:18737:5)
      at callCallback (../../node_modules/.pnpm/react-dom@18.3.1_react@18.3.1/node_modules/react-dom/cjs/react-dom.development.js:15036:12)
      at commitUpdateQueue (../../node_modules/.pnpm/react-dom@18.3.1_react@18.3.1/node_modules/react-dom/cjs/react-dom.development.js:15057:9)
      at commitLayoutEffectOnFiber (../../node_modules/.pnpm/react-dom@18.3.1_react@18.3.1/node_modules/react-dom/cjs/react-dom.development.js:23430:13)
      at commitLayoutMountEffects_complete (../../node_modules/.pnpm/react-dom@18.3.1_react@18.3.1/node_modules/react-dom/cjs/react-dom.development.js:24727:9)
      at commitLayoutEffects_begin (../../node_modules/.pnpm/react-dom@18.3.1_react@18.3.1/node_modules/react-dom/cjs/react-dom.development.js:24713:7)
      at commitLayoutEffects (../../node_modules/.pnpm/react-dom@18.3.1_react@18.3.1/node_modules/react-dom/cjs/react-dom.development.js:24651:3)
      at commitRootImpl (../../node_modules/.pnpm/react-dom@18.3.1_react@18.3.1/node_modules/react-dom/cjs/react-dom.development.js:26862:5)
      at commitRoot (../../node_modules/.pnpm/react-dom@18.3.1_react@18.3.1/node_modules/react-dom/cjs/react-dom.development.js:26721:5)
      at finishConcurrentRender (../../node_modules/.pnpm/react-dom@18.3.1_react@18.3.1/node_modules/react-dom/cjs/react-dom.development.js:25931:9)
      at performConcurrentWorkOnRoot (../../node_modules/.pnpm/react-dom@18.3.1_react@18.3.1/node_modules/react-dom/cjs/react-dom.development.js:25848:7)
      at flushActQueue (../../node_modules/.pnpm/react@18.3.1/node_modules/react/cjs/react.development.js:2667:24)
      at act (../../node_modules/.pnpm/react@18.3.1/node_modules/react/cjs/react.development.js:2582:11)
      at ../../node_modules/.pnpm/@testing-library+react@16.3.2_@testing-library+dom@10.4.1_@types+react-dom@18.3.7_@types+reac_3k5f6qynewwmkoqvlvtzlgtsjq/node_modules/@testing-library/react/dist/act-compat.js:46:25
      at renderRoot (../../node_modules/.pnpm/@testing-library+react@16.3.2_@testing-library+dom@10.4.1_@types+react-dom@18.3.7_@types+reac_3k5f6qynewwmkoqvlvtzlgtsjq/node_modules/@testing-library/react/dist/pure.js:189:26)
      at render (../../node_modules/.pnpm/@testing-library+react@16.3.2_@testing-library+dom@10.4.1_@types+react-dom@18.3.7_@types+reac_3k5f6qynewwmkoqvlvtzlgtsjq/node_modules/@testing-library/react/dist/pure.js:291:10)
      at Object.<anonymous> (components/__tests__/roles-table.test.tsx:92:11)

    console.error
      Error: Uncaught [Error: `Tooltip` must be used within `TooltipProvider`]
          at reportException (/app/node_modules/.pnpm/jsdom@20.0.3/node_modules/jsdom/lib/jsdom/living/helpers/runtime-script-errors.js:66:24)
          at innerInvokeEventListeners (/app/node_modules/.pnpm/jsdom@20.0.3/node_modules/jsdom/lib/jsdom/living/events/EventTarget-impl.js:353:9)
          at invokeEventListeners (/app/node_modules/.pnpm/jsdom@20.0.3/node_modules/jsdom/lib/jsdom/living/events/EventTarget-impl.js:286:3)
          at HTMLUnknownElementImpl._dispatch (/app/node_modules/.pnpm/jsdom@20.0.3/node_modules/jsdom/lib/jsdom/living/events/EventTarget-impl.js:233:9)
          at HTMLUnknownElementImpl.dispatchEvent (/app/node_modules/.pnpm/jsdom@20.0.3/node_modules/jsdom/lib/jsdom/living/events/EventTarget-impl.js:104:17)
          at HTMLUnknownElement.dispatchEvent (/app/node_modules/.pnpm/jsdom@20.0.3/node_modules/jsdom/lib/jsdom/living/generated/EventTarget.js:241:34)
          at Object.invokeGuardedCallbackDev (/app/node_modules/.pnpm/react-dom@18.3.1_react@18.3.1/node_modules/react-dom/cjs/react-dom.development.js:4213:16)
          at invokeGuardedCallback (/app/node_modules/.pnpm/react-dom@18.3.1_react@18.3.1/node_modules/react-dom/cjs/react-dom.development.js:4277:31)
          at beginWork$1 (/app/node_modules/.pnpm/react-dom@18.3.1_react@18.3.1/node_modules/react-dom/cjs/react-dom.development.js:27490:7)
          at performUnitOfWork (/app/node_modules/.pnpm/react-dom@18.3.1_react@18.3.1/node_modules/react-dom/cjs/react-dom.development.js:26599:12)
          at workLoopSync (/app/node_modules/.pnpm/react-dom@18.3.1_react@18.3.1/node_modules/react-dom/cjs/react-dom.development.js:26505:5)
          at renderRootSync (/app/node_modules/.pnpm/react-dom@18.3.1_react@18.3.1/node_modules/react-dom/cjs/react-dom.development.js:26473:7)
          at performConcurrentWorkOnRoot (/app/node_modules/.pnpm/react-dom@18.3.1_react@18.3.1/node_modules/react-dom/cjs/react-dom.development.js:25777:74)
          at flushActQueue (/app/node_modules/.pnpm/react@18.3.1/node_modules/react/cjs/react.development.js:2667:24)
          at act (/app/node_modules/.pnpm/react@18.3.1/node_modules/react/cjs/react.development.js:2582:11)
          at /app/node_modules/.pnpm/@testing-library+react@16.3.2_@testing-library+dom@10.4.1_@types+react-dom@18.3.7_@types+reac_3k5f6qynewwmkoqvlvtzlgtsjq/node_modules/@testing-library/react/dist/act-compat.js:46:25
          at renderRoot (/app/node_modules/.pnpm/@testing-library+react@16.3.2_@testing-library+dom@10.4.1_@types+react-dom@18.3.7_@types+reac_3k5f6qynewwmkoqvlvtzlgtsjq/node_modules/@testing-library/react/dist/pure.js:189:26)
          at render (/app/node_modules/.pnpm/@testing-library+react@16.3.2_@testing-library+dom@10.4.1_@types+react-dom@18.3.7_@types+reac_3k5f6qynewwmkoqvlvtzlgtsjq/node_modules/@testing-library/react/dist/pure.js:291:10)
          at Object.<anonymous> (/app/apps/admin/components/__tests__/roles-table.test.tsx:100:11)
          at Promise.then.completed (/app/node_modules/.pnpm/jest-circus@29.7.0/node_modules/jest-circus/build/utils.js:298:28)
          at new Promise (<anonymous>)
          at callAsyncCircusFn (/app/node_modules/.pnpm/jest-circus@29.7.0/node_modules/jest-circus/build/utils.js:231:10)
          at _callCircusTest (/app/node_modules/.pnpm/jest-circus@29.7.0/node_modules/jest-circus/build/run.js:316:40)
          at processTicksAndRejections (node:internal/process/task_queues:103:5)
          at _runTest (/app/node_modules/.pnpm/jest-circus@29.7.0/node_modules/jest-circus/build/run.js:252:3)
          at _runTestsForDescribeBlock (/app/node_modules/.pnpm/jest-circus@29.7.0/node_modules/jest-circus/build/run.js:126:9)
          at _runTestsForDescribeBlock (/app/node_modules/.pnpm/jest-circus@29.7.0/node_modules/jest-circus/build/run.js:121:9)
          at run (/app/node_modules/.pnpm/jest-circus@29.7.0/node_modules/jest-circus/build/run.js:71:3)
          at runAndTransformResultsToJestFormat (/app/node_modules/.pnpm/jest-circus@29.7.0/node_modules/jest-circus/build/legacy-code-todo-rewrite/jestAdapterInit.js:122:21)
          at jestAdapter (/app/node_modules/.pnpm/jest-circus@29.7.0/node_modules/jest-circus/build/legacy-code-todo-rewrite/jestAdapter.js:79:19)
          at runTestInternal (/app/node_modules/.pnpm/jest-runner@29.7.0/node_modules/jest-runner/build/runTest.js:367:16)
          at runTest (/app/node_modules/.pnpm/jest-runner@29.7.0/node_modules/jest-runner/build/runTest.js:444:34)
          at Object.worker (/app/node_modules/.pnpm/jest-runner@29.7.0/node_modules/jest-runner/build/testWorker.js:106:12) {
        detail: Error: `Tooltip` must be used within `TooltipProvider`
            at useContext2 (/app/node_modules/.pnpm/@radix-ui+react-context@1.1.2_@types+react@18.3.29_react@18.3.1/node_modules/@radix-ui/react-context/src/create-context.tsx:75:13)
            at Tooltip (/app/node_modules/.pnpm/@radix-ui+react-tooltip@1.2.8_@types+react-dom@18.3.7_@types+react@18.3.29__@types+react@18.3_xrwsnt2rmlacewwolijhmzdoxi/node_modules/@radix-ui/react-tooltip/src/tooltip.tsx:162:27)
            at renderWithHooks (/app/node_modules/.pnpm/react-dom@18.3.1_react@18.3.1/node_modules/react-dom/cjs/react-dom.development.js:15486:18)
            at mountIndeterminateComponent (/app/node_modules/.pnpm/react-dom@18.3.1_react@18.3.1/node_modules/react-dom/cjs/react-dom.development.js:20103:13)
            at beginWork (/app/node_modules/.pnpm/react-dom@18.3.1_react@18.3.1/node_modules/react-dom/cjs/react-dom.development.js:21626:16)
            at HTMLUnknownElement.callCallback (/app/node_modules/.pnpm/react-dom@18.3.1_react@18.3.1/node_modules/react-dom/cjs/react-dom.development.js:4164:14)
            at HTMLUnknownElement.callTheUserObjectsOperation (/app/node_modules/.pnpm/jsdom@20.0.3/node_modules/jsdom/lib/jsdom/living/generated/EventListener.js:26:30)
            at innerInvokeEventListeners (/app/node_modules/.pnpm/jsdom@20.0.3/node_modules/jsdom/lib/jsdom/living/events/EventTarget-impl.js:350:25)
            at invokeEventListeners (/app/node_modules/.pnpm/jsdom@20.0.3/node_modules/jsdom/lib/jsdom/living/events/EventTarget-impl.js:286:3)
            at HTMLUnknownElementImpl._dispatch (/app/node_modules/.pnpm/jsdom@20.0.3/node_modules/jsdom/lib/jsdom/living/events/EventTarget-impl.js:233:9)
            at HTMLUnknownElementImpl.dispatchEvent (/app/node_modules/.pnpm/jsdom@20.0.3/node_modules/jsdom/lib/jsdom/living/events/EventTarget-impl.js:104:17)
            at HTMLUnknownElement.dispatchEvent (/app/node_modules/.pnpm/jsdom@20.0.3/node_modules/jsdom/lib/jsdom/living/generated/EventTarget.js:241:34)
            at Object.invokeGuardedCallbackDev (/app/node_modules/.pnpm/react-dom@18.3.1_react@18.3.1/node_modules/react-dom/cjs/react-dom.development.js:4213:16)
            at invokeGuardedCallback (/app/node_modules/.pnpm/react-dom@18.3.1_react@18.3.1/node_modules/react-dom/cjs/react-dom.development.js:4277:31)
            at beginWork$1 (/app/node_modules/.pnpm/react-dom@18.3.1_react@18.3.1/node_modules/react-dom/cjs/react-dom.development.js:27490:7)
            at performUnitOfWork (/app/node_modules/.pnpm/react-dom@18.3.1_react@18.3.1/node_modules/react-dom/cjs/react-dom.development.js:26599:12)
            at workLoopSync (/app/node_modules/.pnpm/react-dom@18.3.1_react@18.3.1/node_modules/react-dom/cjs/react-dom.development.js:26505:5)
            at renderRootSync (/app/node_modules/.pnpm/react-dom@18.3.1_react@18.3.1/node_modules/react-dom/cjs/react-dom.development.js:26473:7)
            at performConcurrentWorkOnRoot (/app/node_modules/.pnpm/react-dom@18.3.1_react@18.3.1/node_modules/react-dom/cjs/react-dom.development.js:25777:74)
            at flushActQueue (/app/node_modules/.pnpm/react@18.3.1/node_modules/react/cjs/react.development.js:2667:24)
            at act (/app/node_modules/.pnpm/react@18.3.1/node_modules/react/cjs/react.development.js:2582:11)
            at /app/node_modules/.pnpm/@testing-library+react@16.3.2_@testing-library+dom@10.4.1_@types+react-dom@18.3.7_@types+reac_3k5f6qynewwmkoqvlvtzlgtsjq/node_modules/@testing-library/react/dist/act-compat.js:46:25
            at renderRoot (/app/node_modules/.pnpm/@testing-library+react@16.3.2_@testing-library+dom@10.4.1_@types+react-dom@18.3.7_@types+reac_3k5f6qynewwmkoqvlvtzlgtsjq/node_modules/@testing-library/react/dist/pure.js:189:26)
            at render (/app/node_modules/.pnpm/@testing-library+react@16.3.2_@testing-library+dom@10.4.1_@types+react-dom@18.3.7_@types+reac_3k5f6qynewwmkoqvlvtzlgtsjq/node_modules/@testing-library/react/dist/pure.js:291:10)
            at Object.<anonymous> (/app/apps/admin/components/__tests__/roles-table.test.tsx:100:11)
            at Promise.then.completed (/app/node_modules/.pnpm/jest-circus@29.7.0/node_modules/jest-circus/build/utils.js:298:28)
            at new Promise (<anonymous>)
            at callAsyncCircusFn (/app/node_modules/.pnpm/jest-circus@29.7.0/node_modules/jest-circus/build/utils.js:231:10)
            at _callCircusTest (/app/node_modules/.pnpm/jest-circus@29.7.0/node_modules/jest-circus/build/run.js:316:40)
            at processTicksAndRejections (node:internal/process/task_queues:103:5)
            at _runTest (/app/node_modules/.pnpm/jest-circus@29.7.0/node_modules/jest-circus/build/run.js:252:3)
            at _runTestsForDescribeBlock (/app/node_modules/.pnpm/jest-circus@29.7.0/node_modules/jest-circus/build/run.js:126:9)
            at _runTestsForDescribeBlock (/app/node_modules/.pnpm/jest-circus@29.7.0/node_modules/jest-circus/build/run.js:121:9)
            at run (/app/node_modules/.pnpm/jest-circus@29.7.0/node_modules/jest-circus/build/run.js:71:3)
            at runAndTransformResultsToJestFormat (/app/node_modules/.pnpm/jest-circus@29.7.0/node_modules/jest-circus/build/legacy-code-todo-rewrite/jestAdapterInit.js:122:21)
            at jestAdapter (/app/node_modules/.pnpm/jest-circus@29.7.0/node_modules/jest-circus/build/legacy-code-todo-rewrite/jestAdapter.js:79:19)
            at runTestInternal (/app/node_modules/.pnpm/jest-runner@29.7.0/node_modules/jest-runner/build/runTest.js:367:16)
            at runTest (/app/node_modules/.pnpm/jest-runner@29.7.0/node_modules/jest-runner/build/runTest.js:444:34)
            at Object.worker (/app/node_modules/.pnpm/jest-runner@29.7.0/node_modules/jest-runner/build/testWorker.js:106:12),
        type: 'unhandled exception'
      }

       98 |
       99 |   it('hides Create/Edit/Delete affordances when canWrite=false', () => {
    > 100 |     render(withIntl(<RolesTable initial={initial} apps={apps} canWrite={false} />))
          |           ^
      101 |     expect(screen.queryByRole('button', { name: new RegExp(en.roles.create) })).not.toBeInTheDocument()
      102 |     expect(screen.queryAllByRole('menuitem', { name: en.roles.actions.edit })).toHaveLength(0)
      103 |     expect(screen.queryAllByRole('menuitem', { name: en.roles.actions.delete })).toHaveLength(0)

      at VirtualConsole.<anonymous> (../../node_modules/.pnpm/jest-environment-jsdom@29.7.0/node_modules/jest-environment-jsdom/build/index.js:63:23)
      at reportException (../../node_modules/.pnpm/jsdom@20.0.3/node_modules/jsdom/lib/jsdom/living/helpers/runtime-script-errors.js:70:28)
      at innerInvokeEventListeners (../../node_modules/.pnpm/jsdom@20.0.3/node_modules/jsdom/lib/jsdom/living/events/EventTarget-impl.js:353:9)
      at invokeEventListeners (../../node_modules/.pnpm/jsdom@20.0.3/node_modules/jsdom/lib/jsdom/living/events/EventTarget-impl.js:286:3)
      at HTMLUnknownElementImpl._dispatch (../../node_modules/.pnpm/jsdom@20.0.3/node_modules/jsdom/lib/jsdom/living/events/EventTarget-impl.js:233:9)
      at HTMLUnknownElementImpl.dispatchEvent (../../node_modules/.pnpm/jsdom@20.0.3/node_modules/jsdom/lib/jsdom/living/events/EventTarget-impl.js:104:17)
      at HTMLUnknownElement.dispatchEvent (../../node_modules/.pnpm/jsdom@20.0.3/node_modules/jsdom/lib/jsdom/living/generated/EventTarget.js:241:34)
      at Object.invokeGuardedCallbackDev (../../node_modules/.pnpm/react-dom@18.3.1_react@18.3.1/node_modules/react-dom/cjs/react-dom.development.js:4213:16)
      at invokeGuardedCallback (../../node_modules/.pnpm/react-dom@18.3.1_react@18.3.1/node_modules/react-dom/cjs/react-dom.development.js:4277:31)
      at beginWork$1 (../../node_modules/.pnpm/react-dom@18.3.1_react@18.3.1/node_modules/react-dom/cjs/react-dom.development.js:27490:7)
      at performUnitOfWork (../../node_modules/.pnpm/react-dom@18.3.1_react@18.3.1/node_modules/react-dom/cjs/react-dom.development.js:26599:12)
      at workLoopSync (../../node_modules/.pnpm/react-dom@18.3.1_react@18.3.1/node_modules/react-dom/cjs/react-dom.development.js:26505:5)
      at renderRootSync (../../node_modules/.pnpm/react-dom@18.3.1_react@18.3.1/node_modules/react-dom/cjs/react-dom.development.js:26473:7)
      at performConcurrentWorkOnRoot (../../node_modules/.pnpm/react-dom@18.3.1_react@18.3.1/node_modules/react-dom/cjs/react-dom.development.js:25777:74)
      at flushActQueue (../../node_modules/.pnpm/react@18.3.1/node_modules/react/cjs/react.development.js:2667:24)
      at act (../../node_modules/.pnpm/react@18.3.1/node_modules/react/cjs/react.development.js:2582:11)
      at ../../node_modules/.pnpm/@testing-library+react@16.3.2_@testing-library+dom@10.4.1_@types+react-dom@18.3.7_@types+reac_3k5f6qynewwmkoqvlvtzlgtsjq/node_modules/@testing-library/react/dist/act-compat.js:46:25
      at renderRoot (../../node_modules/.pnpm/@testing-library+react@16.3.2_@testing-library+dom@10.4.1_@types+react-dom@18.3.7_@types+reac_3k5f6qynewwmkoqvlvtzlgtsjq/node_modules/@testing-library/react/dist/pure.js:189:26)
      at render (../../node_modules/.pnpm/@testing-library+react@16.3.2_@testing-library+dom@10.4.1_@types+react-dom@18.3.7_@types+reac_3k5f6qynewwmkoqvlvtzlgtsjq/node_modules/@testing-library/react/dist/pure.js:291:10)
      at Object.<anonymous> (components/__tests__/roles-table.test.tsx:100:11)

    console.error
      Error: Uncaught [Error: `Tooltip` must be used within `TooltipProvider`]
          at reportException (/app/node_modules/.pnpm/jsdom@20.0.3/node_modules/jsdom/lib/jsdom/living/helpers/runtime-script-errors.js:66:24)
          at innerInvokeEventListeners (/app/node_modules/.pnpm/jsdom@20.0.3/node_modules/jsdom/lib/jsdom/living/events/EventTarget-impl.js:353:9)
          at invokeEventListeners (/app/node_modules/.pnpm/jsdom@20.0.3/node_modules/jsdom/lib/jsdom/living/events/EventTarget-impl.js:286:3)
          at HTMLUnknownElementImpl._dispatch (/app/node_modules/.pnpm/jsdom@20.0.3/node_modules/jsdom/lib/jsdom/living/events/EventTarget-impl.js:233:9)
          at HTMLUnknownElementImpl.dispatchEvent (/app/node_modules/.pnpm/jsdom@20.0.3/node_modules/jsdom/lib/jsdom/living/events/EventTarget-impl.js:104:17)
          at HTMLUnknownElement.dispatchEvent (/app/node_modules/.pnpm/jsdom@20.0.3/node_modules/jsdom/lib/jsdom/living/generated/EventTarget.js:241:34)
          at Object.invokeGuardedCallbackDev (/app/node_modules/.pnpm/react-dom@18.3.1_react@18.3.1/node_modules/react-dom/cjs/react-dom.development.js:4213:16)
          at invokeGuardedCallback (/app/node_modules/.pnpm/react-dom@18.3.1_react@18.3.1/node_modules/react-dom/cjs/react-dom.development.js:4277:31)
          at beginWork$1 (/app/node_modules/.pnpm/react-dom@18.3.1_react@18.3.1/node_modules/react-dom/cjs/react-dom.development.js:27490:7)
          at performUnitOfWork (/app/node_modules/.pnpm/react-dom@18.3.1_react@18.3.1/node_modules/react-dom/cjs/react-dom.development.js:26599:12)
          at workLoopSync (/app/node_modules/.pnpm/react-dom@18.3.1_react@18.3.1/node_modules/react-dom/cjs/react-dom.development.js:26505:5)
          at renderRootSync (/app/node_modules/.pnpm/react-dom@18.3.1_react@18.3.1/node_modules/react-dom/cjs/react-dom.development.js:26473:7)
          at performConcurrentWorkOnRoot (/app/node_modules/.pnpm/react-dom@18.3.1_react@18.3.1/node_modules/react-dom/cjs/react-dom.development.js:25777:74)
          at flushActQueue (/app/node_modules/.pnpm/react@18.3.1/node_modules/react/cjs/react.development.js:2667:24)
          at act (/app/node_modules/.pnpm/react@18.3.1/node_modules/react/cjs/react.development.js:2582:11)
          at /app/node_modules/.pnpm/@testing-library+react@16.3.2_@testing-library+dom@10.4.1_@types+react-dom@18.3.7_@types+reac_3k5f6qynewwmkoqvlvtzlgtsjq/node_modules/@testing-library/react/dist/act-compat.js:46:25
          at renderRoot (/app/node_modules/.pnpm/@testing-library+react@16.3.2_@testing-library+dom@10.4.1_@types+react-dom@18.3.7_@types+reac_3k5f6qynewwmkoqvlvtzlgtsjq/node_modules/@testing-library/react/dist/pure.js:189:26)
          at render (/app/node_modules/.pnpm/@testing-library+react@16.3.2_@testing-library+dom@10.4.1_@types+react-dom@18.3.7_@types+reac_3k5f6qynewwmkoqvlvtzlgtsjq/node_modules/@testing-library/react/dist/pure.js:291:10)
          at Object.<anonymous> (/app/apps/admin/components/__tests__/roles-table.test.tsx:100:11)
          at Promise.then.completed (/app/node_modules/.pnpm/jest-circus@29.7.0/node_modules/jest-circus/build/utils.js:298:28)
          at new Promise (<anonymous>)
          at callAsyncCircusFn (/app/node_modules/.pnpm/jest-circus@29.7.0/node_modules/jest-circus/build/utils.js:231:10)
          at _callCircusTest (/app/node_modules/.pnpm/jest-circus@29.7.0/node_modules/jest-circus/build/run.js:316:40)
          at processTicksAndRejections (node:internal/process/task_queues:103:5)
          at _runTest (/app/node_modules/.pnpm/jest-circus@29.7.0/node_modules/jest-circus/build/run.js:252:3)
          at _runTestsForDescribeBlock (/app/node_modules/.pnpm/jest-circus@29.7.0/node_modules/jest-circus/build/run.js:126:9)
          at _runTestsForDescribeBlock (/app/node_modules/.pnpm/jest-circus@29.7.0/node_modules/jest-circus/build/run.js:121:9)
          at run (/app/node_modules/.pnpm/jest-circus@29.7.0/node_modules/jest-circus/build/run.js:71:3)
          at runAndTransformResultsToJestFormat (/app/node_modules/.pnpm/jest-circus@29.7.0/node_modules/jest-circus/build/legacy-code-todo-rewrite/jestAdapterInit.js:122:21)
          at jestAdapter (/app/node_modules/.pnpm/jest-circus@29.7.0/node_modules/jest-circus/build/legacy-code-todo-rewrite/jestAdapter.js:79:19)
          at runTestInternal (/app/node_modules/.pnpm/jest-runner@29.7.0/node_modules/jest-runner/build/runTest.js:367:16)
          at runTest (/app/node_modules/.pnpm/jest-runner@29.7.0/node_modules/jest-runner/build/runTest.js:444:34)
          at Object.worker (/app/node_modules/.pnpm/jest-runner@29.7.0/node_modules/jest-runner/build/testWorker.js:106:12) {
        detail: Error: `Tooltip` must be used within `TooltipProvider`
            at useContext2 (/app/node_modules/.pnpm/@radix-ui+react-context@1.1.2_@types+react@18.3.29_react@18.3.1/node_modules/@radix-ui/react-context/src/create-context.tsx:75:13)
            at Tooltip (/app/node_modules/.pnpm/@radix-ui+react-tooltip@1.2.8_@types+react-dom@18.3.7_@types+react@18.3.29__@types+react@18.3_xrwsnt2rmlacewwolijhmzdoxi/node_modules/@radix-ui/react-tooltip/src/tooltip.tsx:162:27)
            at renderWithHooks (/app/node_modules/.pnpm/react-dom@18.3.1_react@18.3.1/node_modules/react-dom/cjs/react-dom.development.js:15486:18)
            at mountIndeterminateComponent (/app/node_modules/.pnpm/react-dom@18.3.1_react@18.3.1/node_modules/react-dom/cjs/react-dom.development.js:20103:13)
            at beginWork (/app/node_modules/.pnpm/react-dom@18.3.1_react@18.3.1/node_modules/react-dom/cjs/react-dom.development.js:21626:16)
            at HTMLUnknownElement.callCallback (/app/node_modules/.pnpm/react-dom@18.3.1_react@18.3.1/node_modules/react-dom/cjs/react-dom.development.js:4164:14)
            at HTMLUnknownElement.callTheUserObjectsOperation (/app/node_modules/.pnpm/jsdom@20.0.3/node_modules/jsdom/lib/jsdom/living/generated/EventListener.js:26:30)
            at innerInvokeEventListeners (/app/node_modules/.pnpm/jsdom@20.0.3/node_modules/jsdom/lib/jsdom/living/events/EventTarget-impl.js:350:25)
            at invokeEventListeners (/app/node_modules/.pnpm/jsdom@20.0.3/node_modules/jsdom/lib/jsdom/living/events/EventTarget-impl.js:286:3)
            at HTMLUnknownElementImpl._dispatch (/app/node_modules/.pnpm/jsdom@20.0.3/node_modules/jsdom/lib/jsdom/living/events/EventTarget-impl.js:233:9)
            at HTMLUnknownElementImpl.dispatchEvent (/app/node_modules/.pnpm/jsdom@20.0.3/node_modules/jsdom/lib/jsdom/living/events/EventTarget-impl.js:104:17)
            at HTMLUnknownElement.dispatchEvent (/app/node_modules/.pnpm/jsdom@20.0.3/node_modules/jsdom/lib/jsdom/living/generated/EventTarget.js:241:34)
            at Object.invokeGuardedCallbackDev (/app/node_modules/.pnpm/react-dom@18.3.1_react@18.3.1/node_modules/react-dom/cjs/react-dom.development.js:4213:16)
            at invokeGuardedCallback (/app/node_modules/.pnpm/react-dom@18.3.1_react@18.3.1/node_modules/react-dom/cjs/react-dom.development.js:4277:31)
            at beginWork$1 (/app/node_modules/.pnpm/react-dom@18.3.1_react@18.3.1/node_modules/react-dom/cjs/react-dom.development.js:27490:7)
            at performUnitOfWork (/app/node_modules/.pnpm/react-dom@18.3.1_react@18.3.1/node_modules/react-dom/cjs/react-dom.development.js:26599:12)
            at workLoopSync (/app/node_modules/.pnpm/react-dom@18.3.1_react@18.3.1/node_modules/react-dom/cjs/react-dom.development.js:26505:5)
            at renderRootSync (/app/node_modules/.pnpm/react-dom@18.3.1_react@18.3.1/node_modules/react-dom/cjs/react-dom.development.js:26473:7)
            at performConcurrentWorkOnRoot (/app/node_modules/.pnpm/react-dom@18.3.1_react@18.3.1/node_modules/react-dom/cjs/react-dom.development.js:25777:74)
            at flushActQueue (/app/node_modules/.pnpm/react@18.3.1/node_modules/react/cjs/react.development.js:2667:24)
            at act (/app/node_modules/.pnpm/react@18.3.1/node_modules/react/cjs/react.development.js:2582:11)
            at /app/node_modules/.pnpm/@testing-library+react@16.3.2_@testing-library+dom@10.4.1_@types+react-dom@18.3.7_@types+reac_3k5f6qynewwmkoqvlvtzlgtsjq/node_modules/@testing-library/react/dist/act-compat.js:46:25
            at renderRoot (/app/node_modules/.pnpm/@testing-library+react@16.3.2_@testing-library+dom@10.4.1_@types+react-dom@18.3.7_@types+reac_3k5f6qynewwmkoqvlvtzlgtsjq/node_modules/@testing-library/react/dist/pure.js:189:26)
            at render (/app/node_modules/.pnpm/@testing-library+react@16.3.2_@testing-library+dom@10.4.1_@types+react-dom@18.3.7_@types+reac_3k5f6qynewwmkoqvlvtzlgtsjq/node_modules/@testing-library/react/dist/pure.js:291:10)
            at Object.<anonymous> (/app/apps/admin/components/__tests__/roles-table.test.tsx:100:11)
            at Promise.then.completed (/app/node_modules/.pnpm/jest-circus@29.7.0/node_modules/jest-circus/build/utils.js:298:28)
            at new Promise (<anonymous>)
            at callAsyncCircusFn (/app/node_modules/.pnpm/jest-circus@29.7.0/node_modules/jest-circus/build/utils.js:231:10)
            at _callCircusTest (/app/node_modules/.pnpm/jest-circus@29.7.0/node_modules/jest-circus/build/run.js:316:40)
            at processTicksAndRejections (node:internal/process/task_queues:103:5)
            at _runTest (/app/node_modules/.pnpm/jest-circus@29.7.0/node_modules/jest-circus/build/run.js:252:3)
            at _runTestsForDescribeBlock (/app/node_modules/.pnpm/jest-circus@29.7.0/node_modules/jest-circus/build/run.js:126:9)
            at _runTestsForDescribeBlock (/app/node_modules/.pnpm/jest-circus@29.7.0/node_modules/jest-circus/build/run.js:121:9)
            at run (/app/node_modules/.pnpm/jest-circus@29.7.0/node_modules/jest-circus/build/run.js:71:3)
            at runAndTransformResultsToJestFormat (/app/node_modules/.pnpm/jest-circus@29.7.0/node_modules/jest-circus/build/legacy-code-todo-rewrite/jestAdapterInit.js:122:21)
            at jestAdapter (/app/node_modules/.pnpm/jest-circus@29.7.0/node_modules/jest-circus/build/legacy-code-todo-rewrite/jestAdapter.js:79:19)
            at runTestInternal (/app/node_modules/.pnpm/jest-runner@29.7.0/node_modules/jest-runner/build/runTest.js:367:16)
            at runTest (/app/node_modules/.pnpm/jest-runner@29.7.0/node_modules/jest-runner/build/runTest.js:444:34)
            at Object.worker (/app/node_modules/.pnpm/jest-runner@29.7.0/node_modules/jest-runner/build/testWorker.js:106:12),
        type: 'unhandled exception'
      }

       98 |
       99 |   it('hides Create/Edit/Delete affordances when canWrite=false', () => {
    > 100 |     render(withIntl(<RolesTable initial={initial} apps={apps} canWrite={false} />))
          |           ^
      101 |     expect(screen.queryByRole('button', { name: new RegExp(en.roles.create) })).not.toBeInTheDocument()
      102 |     expect(screen.queryAllByRole('menuitem', { name: en.roles.actions.edit })).toHaveLength(0)
      103 |     expect(screen.queryAllByRole('menuitem', { name: en.roles.actions.delete })).toHaveLength(0)

      at VirtualConsole.<anonymous> (../../node_modules/.pnpm/jest-environment-jsdom@29.7.0/node_modules/jest-environment-jsdom/build/index.js:63:23)
      at reportException (../../node_modules/.pnpm/jsdom@20.0.3/node_modules/jsdom/lib/jsdom/living/helpers/runtime-script-errors.js:70:28)
      at innerInvokeEventListeners (../../node_modules/.pnpm/jsdom@20.0.3/node_modules/jsdom/lib/jsdom/living/events/EventTarget-impl.js:353:9)
      at invokeEventListeners (../../node_modules/.pnpm/jsdom@20.0.3/node_modules/jsdom/lib/jsdom/living/events/EventTarget-impl.js:286:3)
      at HTMLUnknownElementImpl._dispatch (../../node_modules/.pnpm/jsdom@20.0.3/node_modules/jsdom/lib/jsdom/living/events/EventTarget-impl.js:233:9)
      at HTMLUnknownElementImpl.dispatchEvent (../../node_modules/.pnpm/jsdom@20.0.3/node_modules/jsdom/lib/jsdom/living/events/EventTarget-impl.js:104:17)
      at HTMLUnknownElement.dispatchEvent (../../node_modules/.pnpm/jsdom@20.0.3/node_modules/jsdom/lib/jsdom/living/generated/EventTarget.js:241:34)
      at Object.invokeGuardedCallbackDev (../../node_modules/.pnpm/react-dom@18.3.1_react@18.3.1/node_modules/react-dom/cjs/react-dom.development.js:4213:16)
      at invokeGuardedCallback (../../node_modules/.pnpm/react-dom@18.3.1_react@18.3.1/node_modules/react-dom/cjs/react-dom.development.js:4277:31)
      at beginWork$1 (../../node_modules/.pnpm/react-dom@18.3.1_react@18.3.1/node_modules/react-dom/cjs/react-dom.development.js:27490:7)
      at performUnitOfWork (../../node_modules/.pnpm/react-dom@18.3.1_react@18.3.1/node_modules/react-dom/cjs/react-dom.development.js:26599:12)
      at workLoopSync (../../node_modules/.pnpm/react-dom@18.3.1_react@18.3.1/node_modules/react-dom/cjs/react-dom.development.js:26505:5)
      at renderRootSync (../../node_modules/.pnpm/react-dom@18.3.1_react@18.3.1/node_modules/react-dom/cjs/react-dom.development.js:26473:7)
      at performConcurrentWorkOnRoot (../../node_modules/.pnpm/react-dom@18.3.1_react@18.3.1/node_modules/react-dom/cjs/react-dom.development.js:25777:74)
      at flushActQueue (../../node_modules/.pnpm/react@18.3.1/node_modules/react/cjs/react.development.js:2667:24)
      at act (../../node_modules/.pnpm/react@18.3.1/node_modules/react/cjs/react.development.js:2582:11)
      at ../../node_modules/.pnpm/@testing-library+react@16.3.2_@testing-library+dom@10.4.1_@types+react-dom@18.3.7_@types+reac_3k5f6qynewwmkoqvlvtzlgtsjq/node_modules/@testing-library/react/dist/act-compat.js:46:25
      at renderRoot (../../node_modules/.pnpm/@testing-library+react@16.3.2_@testing-library+dom@10.4.1_@types+react-dom@18.3.7_@types+reac_3k5f6qynewwmkoqvlvtzlgtsjq/node_modules/@testing-library/react/dist/pure.js:189:26)
      at render (../../node_modules/.pnpm/@testing-library+react@16.3.2_@testing-library+dom@10.4.1_@types+react-dom@18.3.7_@types+reac_3k5f6qynewwmkoqvlvtzlgtsjq/node_modules/@testing-library/react/dist/pure.js:291:10)
      at Object.<anonymous> (components/__tests__/roles-table.test.tsx:100:11)

    console.error
      Error: Uncaught [Error: `Tooltip` must be used within `TooltipProvider`]
          at reportException (/app/node_modules/.pnpm/jsdom@20.0.3/node_modules/jsdom/lib/jsdom/living/helpers/runtime-script-errors.js:66:24)
          at innerInvokeEventListeners (/app/node_modules/.pnpm/jsdom@20.0.3/node_modules/jsdom/lib/jsdom/living/events/EventTarget-impl.js:353:9)
          at invokeEventListeners (/app/node_modules/.pnpm/jsdom@20.0.3/node_modules/jsdom/lib/jsdom/living/events/EventTarget-impl.js:286:3)
          at HTMLUnknownElementImpl._dispatch (/app/node_modules/.pnpm/jsdom@20.0.3/node_modules/jsdom/lib/jsdom/living/events/EventTarget-impl.js:233:9)
          at HTMLUnknownElementImpl.dispatchEvent (/app/node_modules/.pnpm/jsdom@20.0.3/node_modules/jsdom/lib/jsdom/living/events/EventTarget-impl.js:104:17)
          at HTMLUnknownElement.dispatchEvent (/app/node_modules/.pnpm/jsdom@20.0.3/node_modules/jsdom/lib/jsdom/living/generated/EventTarget.js:241:34)
          at Object.invokeGuardedCallbackDev (/app/node_modules/.pnpm/react-dom@18.3.1_react@18.3.1/node_modules/react-dom/cjs/react-dom.development.js:4213:16)
          at invokeGuardedCallback (/app/node_modules/.pnpm/react-dom@18.3.1_react@18.3.1/node_modules/react-dom/cjs/react-dom.development.js:4277:31)
          at beginWork$1 (/app/node_modules/.pnpm/react-dom@18.3.1_react@18.3.1/node_modules/react-dom/cjs/react-dom.development.js:27490:7)
          at performUnitOfWork (/app/node_modules/.pnpm/react-dom@18.3.1_react@18.3.1/node_modules/react-dom/cjs/react-dom.development.js:26599:12)
          at workLoopSync (/app/node_modules/.pnpm/react-dom@18.3.1_react@18.3.1/node_modules/react-dom/cjs/react-dom.development.js:26505:5)
          at renderRootSync (/app/node_modules/.pnpm/react-dom@18.3.1_react@18.3.1/node_modules/react-dom/cjs/react-dom.development.js:26473:7)
          at performConcurrentWorkOnRoot (/app/node_modules/.pnpm/react-dom@18.3.1_react@18.3.1/node_modules/react-dom/cjs/react-dom.development.js:25777:74)
          at flushActQueue (/app/node_modules/.pnpm/react@18.3.1/node_modules/react/cjs/react.development.js:2667:24)
          at act (/app/node_modules/.pnpm/react@18.3.1/node_modules/react/cjs/react.development.js:2582:11)
          at /app/node_modules/.pnpm/@testing-library+react@16.3.2_@testing-library+dom@10.4.1_@types+react-dom@18.3.7_@types+reac_3k5f6qynewwmkoqvlvtzlgtsjq/node_modules/@testing-library/react/dist/act-compat.js:46:25
          at renderRoot (/app/node_modules/.pnpm/@testing-library+react@16.3.2_@testing-library+dom@10.4.1_@types+react-dom@18.3.7_@types+reac_3k5f6qynewwmkoqvlvtzlgtsjq/node_modules/@testing-library/react/dist/pure.js:189:26)
          at render (/app/node_modules/.pnpm/@testing-library+react@16.3.2_@testing-library+dom@10.4.1_@types+react-dom@18.3.7_@types+reac_3k5f6qynewwmkoqvlvtzlgtsjq/node_modules/@testing-library/react/dist/pure.js:291:10)
          at Object.<anonymous> (/app/apps/admin/components/__tests__/roles-table.test.tsx:100:11)
          at Promise.then.completed (/app/node_modules/.pnpm/jest-circus@29.7.0/node_modules/jest-circus/build/utils.js:298:28)
          at new Promise (<anonymous>)
          at callAsyncCircusFn (/app/node_modules/.pnpm/jest-circus@29.7.0/node_modules/jest-circus/build/utils.js:231:10)
          at _callCircusTest (/app/node_modules/.pnpm/jest-circus@29.7.0/node_modules/jest-circus/build/run.js:316:40)
          at processTicksAndRejections (node:internal/process/task_queues:103:5)
          at _runTest (/app/node_modules/.pnpm/jest-circus@29.7.0/node_modules/jest-circus/build/run.js:252:3)
          at _runTestsForDescribeBlock (/app/node_modules/.pnpm/jest-circus@29.7.0/node_modules/jest-circus/build/run.js:126:9)
          at _runTestsForDescribeBlock (/app/node_modules/.pnpm/jest-circus@29.7.0/node_modules/jest-circus/build/run.js:121:9)
          at run (/app/node_modules/.pnpm/jest-circus@29.7.0/node_modules/jest-circus/build/run.js:71:3)
          at runAndTransformResultsToJestFormat (/app/node_modules/.pnpm/jest-circus@29.7.0/node_modules/jest-circus/build/legacy-code-todo-rewrite/jestAdapterInit.js:122:21)
          at jestAdapter (/app/node_modules/.pnpm/jest-circus@29.7.0/node_modules/jest-circus/build/legacy-code-todo-rewrite/jestAdapter.js:79:19)
          at runTestInternal (/app/node_modules/.pnpm/jest-runner@29.7.0/node_modules/jest-runner/build/runTest.js:367:16)
          at runTest (/app/node_modules/.pnpm/jest-runner@29.7.0/node_modules/jest-runner/build/runTest.js:444:34)
          at Object.worker (/app/node_modules/.pnpm/jest-runner@29.7.0/node_modules/jest-runner/build/testWorker.js:106:12) {
        detail: Error: `Tooltip` must be used within `TooltipProvider`
            at useContext2 (/app/node_modules/.pnpm/@radix-ui+react-context@1.1.2_@types+react@18.3.29_react@18.3.1/node_modules/@radix-ui/react-context/src/create-context.tsx:75:13)
            at Tooltip (/app/node_modules/.pnpm/@radix-ui+react-tooltip@1.2.8_@types+react-dom@18.3.7_@types+react@18.3.29__@types+react@18.3_xrwsnt2rmlacewwolijhmzdoxi/node_modules/@radix-ui/react-tooltip/src/tooltip.tsx:162:27)
            at renderWithHooks (/app/node_modules/.pnpm/react-dom@18.3.1_react@18.3.1/node_modules/react-dom/cjs/react-dom.development.js:15486:18)
            at mountIndeterminateComponent (/app/node_modules/.pnpm/react-dom@18.3.1_react@18.3.1/node_modules/react-dom/cjs/react-dom.development.js:20103:13)
            at beginWork (/app/node_modules/.pnpm/react-dom@18.3.1_react@18.3.1/node_modules/react-dom/cjs/react-dom.development.js:21626:16)
            at HTMLUnknownElement.callCallback (/app/node_modules/.pnpm/react-dom@18.3.1_react@18.3.1/node_modules/react-dom/cjs/react-dom.development.js:4164:14)
            at HTMLUnknownElement.callTheUserObjectsOperation (/app/node_modules/.pnpm/jsdom@20.0.3/node_modules/jsdom/lib/jsdom/living/generated/EventListener.js:26:30)
            at innerInvokeEventListeners (/app/node_modules/.pnpm/jsdom@20.0.3/node_modules/jsdom/lib/jsdom/living/events/EventTarget-impl.js:350:25)
            at invokeEventListeners (/app/node_modules/.pnpm/jsdom@20.0.3/node_modules/jsdom/lib/jsdom/living/events/EventTarget-impl.js:286:3)
            at HTMLUnknownElementImpl._dispatch (/app/node_modules/.pnpm/jsdom@20.0.3/node_modules/jsdom/lib/jsdom/living/events/EventTarget-impl.js:233:9)
            at HTMLUnknownElementImpl.dispatchEvent (/app/node_modules/.pnpm/jsdom@20.0.3/node_modules/jsdom/lib/jsdom/living/events/EventTarget-impl.js:104:17)
            at HTMLUnknownElement.dispatchEvent (/app/node_modules/.pnpm/jsdom@20.0.3/node_modules/jsdom/lib/jsdom/living/generated/EventTarget.js:241:34)
            at Object.invokeGuardedCallbackDev (/app/node_modules/.pnpm/react-dom@18.3.1_react@18.3.1/node_modules/react-dom/cjs/react-dom.development.js:4213:16)
            at invokeGuardedCallback (/app/node_modules/.pnpm/react-dom@18.3.1_react@18.3.1/node_modules/react-dom/cjs/react-dom.development.js:4277:31)
            at beginWork$1 (/app/node_modules/.pnpm/react-dom@18.3.1_react@18.3.1/node_modules/react-dom/cjs/react-dom.development.js:27490:7)
            at performUnitOfWork (/app/node_modules/.pnpm/react-dom@18.3.1_react@18.3.1/node_modules/react-dom/cjs/react-dom.development.js:26599:12)
            at workLoopSync (/app/node_modules/.pnpm/react-dom@18.3.1_react@18.3.1/node_modules/react-dom/cjs/react-dom.development.js:26505:5)
            at renderRootSync (/app/node_modules/.pnpm/react-dom@18.3.1_react@18.3.1/node_modules/react-dom/cjs/react-dom.development.js:26473:7)
            at performConcurrentWorkOnRoot (/app/node_modules/.pnpm/react-dom@18.3.1_react@18.3.1/node_modules/react-dom/cjs/react-dom.development.js:25777:74)
            at flushActQueue (/app/node_modules/.pnpm/react@18.3.1/node_modules/react/cjs/react.development.js:2667:24)
            at act (/app/node_modules/.pnpm/react@18.3.1/node_modules/react/cjs/react.development.js:2582:11)
            at /app/node_modules/.pnpm/@testing-library+react@16.3.2_@testing-library+dom@10.4.1_@types+react-dom@18.3.7_@types+reac_3k5f6qynewwmkoqvlvtzlgtsjq/node_modules/@testing-library/react/dist/act-compat.js:46:25
            at renderRoot (/app/node_modules/.pnpm/@testing-library+react@16.3.2_@testing-library+dom@10.4.1_@types+react-dom@18.3.7_@types+reac_3k5f6qynewwmkoqvlvtzlgtsjq/node_modules/@testing-library/react/dist/pure.js:189:26)
            at render (/app/node_modules/.pnpm/@testing-library+react@16.3.2_@testing-library+dom@10.4.1_@types+react-dom@18.3.7_@types+reac_3k5f6qynewwmkoqvlvtzlgtsjq/node_modules/@testing-library/react/dist/pure.js:291:10)
            at Object.<anonymous> (/app/apps/admin/components/__tests__/roles-table.test.tsx:100:11)
            at Promise.then.completed (/app/node_modules/.pnpm/jest-circus@29.7.0/node_modules/jest-circus/build/utils.js:298:28)
            at new Promise (<anonymous>)
            at callAsyncCircusFn (/app/node_modules/.pnpm/jest-circus@29.7.0/node_modules/jest-circus/build/utils.js:231:10)
            at _callCircusTest (/app/node_modules/.pnpm/jest-circus@29.7.0/node_modules/jest-circus/build/run.js:316:40)
            at processTicksAndRejections (node:internal/process/task_queues:103:5)
            at _runTest (/app/node_modules/.pnpm/jest-circus@29.7.0/node_modules/jest-circus/build/run.js:252:3)
            at _runTestsForDescribeBlock (/app/node_modules/.pnpm/jest-circus@29.7.0/node_modules/jest-circus/build/run.js:126:9)
            at _runTestsForDescribeBlock (/app/node_modules/.pnpm/jest-circus@29.7.0/node_modules/jest-circus/build/run.js:121:9)
            at run (/app/node_modules/.pnpm/jest-circus@29.7.0/node_modules/jest-circus/build/run.js:71:3)
            at runAndTransformResultsToJestFormat (/app/node_modules/.pnpm/jest-circus@29.7.0/node_modules/jest-circus/build/legacy-code-todo-rewrite/jestAdapterInit.js:122:21)
            at jestAdapter (/app/node_modules/.pnpm/jest-circus@29.7.0/node_modules/jest-circus/build/legacy-code-todo-rewrite/jestAdapter.js:79:19)
            at runTestInternal (/app/node_modules/.pnpm/jest-runner@29.7.0/node_modules/jest-runner/build/runTest.js:367:16)
            at runTest (/app/node_modules/.pnpm/jest-runner@29.7.0/node_modules/jest-runner/build/runTest.js:444:34)
            at Object.worker (/app/node_modules/.pnpm/jest-runner@29.7.0/node_modules/jest-runner/build/testWorker.js:106:12),
        type: 'unhandled exception'
      }

       98 |
       99 |   it('hides Create/Edit/Delete affordances when canWrite=false', () => {
    > 100 |     render(withIntl(<RolesTable initial={initial} apps={apps} canWrite={false} />))
          |           ^
      101 |     expect(screen.queryByRole('button', { name: new RegExp(en.roles.create) })).not.toBeInTheDocument()
      102 |     expect(screen.queryAllByRole('menuitem', { name: en.roles.actions.edit })).toHaveLength(0)
      103 |     expect(screen.queryAllByRole('menuitem', { name: en.roles.actions.delete })).toHaveLength(0)

      at VirtualConsole.<anonymous> (../../node_modules/.pnpm/jest-environment-jsdom@29.7.0/node_modules/jest-environment-jsdom/build/index.js:63:23)
      at reportException (../../node_modules/.pnpm/jsdom@20.0.3/node_modules/jsdom/lib/jsdom/living/helpers/runtime-script-errors.js:70:28)
      at innerInvokeEventListeners (../../node_modules/.pnpm/jsdom@20.0.3/node_modules/jsdom/lib/jsdom/living/events/EventTarget-impl.js:353:9)
      at invokeEventListeners (../../node_modules/.pnpm/jsdom@20.0.3/node_modules/jsdom/lib/jsdom/living/events/EventTarget-impl.js:286:3)
      at HTMLUnknownElementImpl._dispatch (../../node_modules/.pnpm/jsdom@20.0.3/node_modules/jsdom/lib/jsdom/living/events/EventTarget-impl.js:233:9)
      at HTMLUnknownElementImpl.dispatchEvent (../../node_modules/.pnpm/jsdom@20.0.3/node_modules/jsdom/lib/jsdom/living/events/EventTarget-impl.js:104:17)
      at HTMLUnknownElement.dispatchEvent (../../node_modules/.pnpm/jsdom@20.0.3/node_modules/jsdom/lib/jsdom/living/generated/EventTarget.js:241:34)
      at Object.invokeGuardedCallbackDev (../../node_modules/.pnpm/react-dom@18.3.1_react@18.3.1/node_modules/react-dom/cjs/react-dom.development.js:4213:16)
      at invokeGuardedCallback (../../node_modules/.pnpm/react-dom@18.3.1_react@18.3.1/node_modules/react-dom/cjs/react-dom.development.js:4277:31)
      at beginWork$1 (../../node_modules/.pnpm/react-dom@18.3.1_react@18.3.1/node_modules/react-dom/cjs/react-dom.development.js:27490:7)
      at performUnitOfWork (../../node_modules/.pnpm/react-dom@18.3.1_react@18.3.1/node_modules/react-dom/cjs/react-dom.development.js:26599:12)
      at workLoopSync (../../node_modules/.pnpm/react-dom@18.3.1_react@18.3.1/node_modules/react-dom/cjs/react-dom.development.js:26505:5)
      at renderRootSync (../../node_modules/.pnpm/react-dom@18.3.1_react@18.3.1/node_modules/react-dom/cjs/react-dom.development.js:26473:7)
      at performConcurrentWorkOnRoot (../../node_modules/.pnpm/react-dom@18.3.1_react@18.3.1/node_modules/react-dom/cjs/react-dom.development.js:25777:74)
      at flushActQueue (../../node_modules/.pnpm/react@18.3.1/node_modules/react/cjs/react.development.js:2667:24)
      at act (../../node_modules/.pnpm/react@18.3.1/node_modules/react/cjs/react.development.js:2582:11)
      at ../../node_modules/.pnpm/@testing-library+react@16.3.2_@testing-library+dom@10.4.1_@types+react-dom@18.3.7_@types+reac_3k5f6qynewwmkoqvlvtzlgtsjq/node_modules/@testing-library/react/dist/act-compat.js:46:25
      at renderRoot (../../node_modules/.pnpm/@testing-library+react@16.3.2_@testing-library+dom@10.4.1_@types+react-dom@18.3.7_@types+reac_3k5f6qynewwmkoqvlvtzlgtsjq/node_modules/@testing-library/react/dist/pure.js:189:26)
      at render (../../node_modules/.pnpm/@testing-library+react@16.3.2_@testing-library+dom@10.4.1_@types+react-dom@18.3.7_@types+reac_3k5f6qynewwmkoqvlvtzlgtsjq/node_modules/@testing-library/react/dist/pure.js:291:10)
      at Object.<anonymous> (components/__tests__/roles-table.test.tsx:100:11)

    console.error
      Error: Uncaught [Error: `Tooltip` must be used within `TooltipProvider`]
          at reportException (/app/node_modules/.pnpm/jsdom@20.0.3/node_modules/jsdom/lib/jsdom/living/helpers/runtime-script-errors.js:66:24)
          at innerInvokeEventListeners (/app/node_modules/.pnpm/jsdom@20.0.3/node_modules/jsdom/lib/jsdom/living/events/EventTarget-impl.js:353:9)
          at invokeEventListeners (/app/node_modules/.pnpm/jsdom@20.0.3/node_modules/jsdom/lib/jsdom/living/events/EventTarget-impl.js:286:3)
          at HTMLUnknownElementImpl._dispatch (/app/node_modules/.pnpm/jsdom@20.0.3/node_modules/jsdom/lib/jsdom/living/events/EventTarget-impl.js:233:9)
          at HTMLUnknownElementImpl.dispatchEvent (/app/node_modules/.pnpm/jsdom@20.0.3/node_modules/jsdom/lib/jsdom/living/events/EventTarget-impl.js:104:17)
          at HTMLUnknownElement.dispatchEvent (/app/node_modules/.pnpm/jsdom@20.0.3/node_modules/jsdom/lib/jsdom/living/generated/EventTarget.js:241:34)
          at Object.invokeGuardedCallbackDev (/app/node_modules/.pnpm/react-dom@18.3.1_react@18.3.1/node_modules/react-dom/cjs/react-dom.development.js:4213:16)
          at invokeGuardedCallback (/app/node_modules/.pnpm/react-dom@18.3.1_react@18.3.1/node_modules/react-dom/cjs/react-dom.development.js:4277:31)
          at beginWork$1 (/app/node_modules/.pnpm/react-dom@18.3.1_react@18.3.1/node_modules/react-dom/cjs/react-dom.development.js:27490:7)
          at performUnitOfWork (/app/node_modules/.pnpm/react-dom@18.3.1_react@18.3.1/node_modules/react-dom/cjs/react-dom.development.js:26599:12)
          at workLoopSync (/app/node_modules/.pnpm/react-dom@18.3.1_react@18.3.1/node_modules/react-dom/cjs/react-dom.development.js:26505:5)
          at renderRootSync (/app/node_modules/.pnpm/react-dom@18.3.1_react@18.3.1/node_modules/react-dom/cjs/react-dom.development.js:26473:7)
          at performConcurrentWorkOnRoot (/app/node_modules/.pnpm/react-dom@18.3.1_react@18.3.1/node_modules/react-dom/cjs/react-dom.development.js:25777:74)
          at flushActQueue (/app/node_modules/.pnpm/react@18.3.1/node_modules/react/cjs/react.development.js:2667:24)
          at act (/app/node_modules/.pnpm/react@18.3.1/node_modules/react/cjs/react.development.js:2582:11)
          at /app/node_modules/.pnpm/@testing-library+react@16.3.2_@testing-library+dom@10.4.1_@types+react-dom@18.3.7_@types+reac_3k5f6qynewwmkoqvlvtzlgtsjq/node_modules/@testing-library/react/dist/act-compat.js:46:25
          at renderRoot (/app/node_modules/.pnpm/@testing-library+react@16.3.2_@testing-library+dom@10.4.1_@types+react-dom@18.3.7_@types+reac_3k5f6qynewwmkoqvlvtzlgtsjq/node_modules/@testing-library/react/dist/pure.js:189:26)
          at render (/app/node_modules/.pnpm/@testing-library+react@16.3.2_@testing-library+dom@10.4.1_@types+react-dom@18.3.7_@types+reac_3k5f6qynewwmkoqvlvtzlgtsjq/node_modules/@testing-library/react/dist/pure.js:291:10)
          at Object.<anonymous> (/app/apps/admin/components/__tests__/roles-table.test.tsx:100:11)
          at Promise.then.completed (/app/node_modules/.pnpm/jest-circus@29.7.0/node_modules/jest-circus/build/utils.js:298:28)
          at new Promise (<anonymous>)
          at callAsyncCircusFn (/app/node_modules/.pnpm/jest-circus@29.7.0/node_modules/jest-circus/build/utils.js:231:10)
          at _callCircusTest (/app/node_modules/.pnpm/jest-circus@29.7.0/node_modules/jest-circus/build/run.js:316:40)
          at processTicksAndRejections (node:internal/process/task_queues:103:5)
          at _runTest (/app/node_modules/.pnpm/jest-circus@29.7.0/node_modules/jest-circus/build/run.js:252:3)
          at _runTestsForDescribeBlock (/app/node_modules/.pnpm/jest-circus@29.7.0/node_modules/jest-circus/build/run.js:126:9)
          at _runTestsForDescribeBlock (/app/node_modules/.pnpm/jest-circus@29.7.0/node_modules/jest-circus/build/run.js:121:9)
          at run (/app/node_modules/.pnpm/jest-circus@29.7.0/node_modules/jest-circus/build/run.js:71:3)
          at runAndTransformResultsToJestFormat (/app/node_modules/.pnpm/jest-circus@29.7.0/node_modules/jest-circus/build/legacy-code-todo-rewrite/jestAdapterInit.js:122:21)
          at jestAdapter (/app/node_modules/.pnpm/jest-circus@29.7.0/node_modules/jest-circus/build/legacy-code-todo-rewrite/jestAdapter.js:79:19)
          at runTestInternal (/app/node_modules/.pnpm/jest-runner@29.7.0/node_modules/jest-runner/build/runTest.js:367:16)
          at runTest (/app/node_modules/.pnpm/jest-runner@29.7.0/node_modules/jest-runner/build/runTest.js:444:34)
          at Object.worker (/app/node_modules/.pnpm/jest-runner@29.7.0/node_modules/jest-runner/build/testWorker.js:106:12) {
        detail: Error: `Tooltip` must be used within `TooltipProvider`
            at useContext2 (/app/node_modules/.pnpm/@radix-ui+react-context@1.1.2_@types+react@18.3.29_react@18.3.1/node_modules/@radix-ui/react-context/src/create-context.tsx:75:13)
            at Tooltip (/app/node_modules/.pnpm/@radix-ui+react-tooltip@1.2.8_@types+react-dom@18.3.7_@types+react@18.3.29__@types+react@18.3_xrwsnt2rmlacewwolijhmzdoxi/node_modules/@radix-ui/react-tooltip/src/tooltip.tsx:162:27)
            at renderWithHooks (/app/node_modules/.pnpm/react-dom@18.3.1_react@18.3.1/node_modules/react-dom/cjs/react-dom.development.js:15486:18)
            at mountIndeterminateComponent (/app/node_modules/.pnpm/react-dom@18.3.1_react@18.3.1/node_modules/react-dom/cjs/react-dom.development.js:20103:13)
            at beginWork (/app/node_modules/.pnpm/react-dom@18.3.1_react@18.3.1/node_modules/react-dom/cjs/react-dom.development.js:21626:16)
            at HTMLUnknownElement.callCallback (/app/node_modules/.pnpm/react-dom@18.3.1_react@18.3.1/node_modules/react-dom/cjs/react-dom.development.js:4164:14)
            at HTMLUnknownElement.callTheUserObjectsOperation (/app/node_modules/.pnpm/jsdom@20.0.3/node_modules/jsdom/lib/jsdom/living/generated/EventListener.js:26:30)
            at innerInvokeEventListeners (/app/node_modules/.pnpm/jsdom@20.0.3/node_modules/jsdom/lib/jsdom/living/events/EventTarget-impl.js:350:25)
            at invokeEventListeners (/app/node_modules/.pnpm/jsdom@20.0.3/node_modules/jsdom/lib/jsdom/living/events/EventTarget-impl.js:286:3)
            at HTMLUnknownElementImpl._dispatch (/app/node_modules/.pnpm/jsdom@20.0.3/node_modules/jsdom/lib/jsdom/living/events/EventTarget-impl.js:233:9)
            at HTMLUnknownElementImpl.dispatchEvent (/app/node_modules/.pnpm/jsdom@20.0.3/node_modules/jsdom/lib/jsdom/living/events/EventTarget-impl.js:104:17)
            at HTMLUnknownElement.dispatchEvent (/app/node_modules/.pnpm/jsdom@20.0.3/node_modules/jsdom/lib/jsdom/living/generated/EventTarget.js:241:34)
            at Object.invokeGuardedCallbackDev (/app/node_modules/.pnpm/react-dom@18.3.1_react@18.3.1/node_modules/react-dom/cjs/react-dom.development.js:4213:16)
            at invokeGuardedCallback (/app/node_modules/.pnpm/react-dom@18.3.1_react@18.3.1/node_modules/react-dom/cjs/react-dom.development.js:4277:31)
            at beginWork$1 (/app/node_modules/.pnpm/react-dom@18.3.1_react@18.3.1/node_modules/react-dom/cjs/react-dom.development.js:27490:7)
            at performUnitOfWork (/app/node_modules/.pnpm/react-dom@18.3.1_react@18.3.1/node_modules/react-dom/cjs/react-dom.development.js:26599:12)
            at workLoopSync (/app/node_modules/.pnpm/react-dom@18.3.1_react@18.3.1/node_modules/react-dom/cjs/react-dom.development.js:26505:5)
            at renderRootSync (/app/node_modules/.pnpm/react-dom@18.3.1_react@18.3.1/node_modules/react-dom/cjs/react-dom.development.js:26473:7)
            at performConcurrentWorkOnRoot (/app/node_modules/.pnpm/react-dom@18.3.1_react@18.3.1/node_modules/react-dom/cjs/react-dom.development.js:25777:74)
            at flushActQueue (/app/node_modules/.pnpm/react@18.3.1/node_modules/react/cjs/react.development.js:2667:24)
            at act (/app/node_modules/.pnpm/react@18.3.1/node_modules/react/cjs/react.development.js:2582:11)
            at /app/node_modules/.pnpm/@testing-library+react@16.3.2_@testing-library+dom@10.4.1_@types+react-dom@18.3.7_@types+reac_3k5f6qynewwmkoqvlvtzlgtsjq/node_modules/@testing-library/react/dist/act-compat.js:46:25
            at renderRoot (/app/node_modules/.pnpm/@testing-library+react@16.3.2_@testing-library+dom@10.4.1_@types+react-dom@18.3.7_@types+reac_3k5f6qynewwmkoqvlvtzlgtsjq/node_modules/@testing-library/react/dist/pure.js:189:26)
            at render (/app/node_modules/.pnpm/@testing-library+react@16.3.2_@testing-library+dom@10.4.1_@types+react-dom@18.3.7_@types+reac_3k5f6qynewwmkoqvlvtzlgtsjq/node_modules/@testing-library/react/dist/pure.js:291:10)
            at Object.<anonymous> (/app/apps/admin/components/__tests__/roles-table.test.tsx:100:11)
            at Promise.then.completed (/app/node_modules/.pnpm/jest-circus@29.7.0/node_modules/jest-circus/build/utils.js:298:28)
            at new Promise (<anonymous>)
            at callAsyncCircusFn (/app/node_modules/.pnpm/jest-circus@29.7.0/node_modules/jest-circus/build/utils.js:231:10)
            at _callCircusTest (/app/node_modules/.pnpm/jest-circus@29.7.0/node_modules/jest-circus/build/run.js:316:40)
            at processTicksAndRejections (node:internal/process/task_queues:103:5)
            at _runTest (/app/node_modules/.pnpm/jest-circus@29.7.0/node_modules/jest-circus/build/run.js:252:3)
            at _runTestsForDescribeBlock (/app/node_modules/.pnpm/jest-circus@29.7.0/node_modules/jest-circus/build/run.js:126:9)
            at _runTestsForDescribeBlock (/app/node_modules/.pnpm/jest-circus@29.7.0/node_modules/jest-circus/build/run.js:121:9)
            at run (/app/node_modules/.pnpm/jest-circus@29.7.0/node_modules/jest-circus/build/run.js:71:3)
            at runAndTransformResultsToJestFormat (/app/node_modules/.pnpm/jest-circus@29.7.0/node_modules/jest-circus/build/legacy-code-todo-rewrite/jestAdapterInit.js:122:21)
            at jestAdapter (/app/node_modules/.pnpm/jest-circus@29.7.0/node_modules/jest-circus/build/legacy-code-todo-rewrite/jestAdapter.js:79:19)
            at runTestInternal (/app/node_modules/.pnpm/jest-runner@29.7.0/node_modules/jest-runner/build/runTest.js:367:16)
            at runTest (/app/node_modules/.pnpm/jest-runner@29.7.0/node_modules/jest-runner/build/runTest.js:444:34)
            at Object.worker (/app/node_modules/.pnpm/jest-runner@29.7.0/node_modules/jest-runner/build/testWorker.js:106:12),
        type: 'unhandled exception'
      }

       98 |
       99 |   it('hides Create/Edit/Delete affordances when canWrite=false', () => {
    > 100 |     render(withIntl(<RolesTable initial={initial} apps={apps} canWrite={false} />))
          |           ^
      101 |     expect(screen.queryByRole('button', { name: new RegExp(en.roles.create) })).not.toBeInTheDocument()
      102 |     expect(screen.queryAllByRole('menuitem', { name: en.roles.actions.edit })).toHaveLength(0)
      103 |     expect(screen.queryAllByRole('menuitem', { name: en.roles.actions.delete })).toHaveLength(0)

      at VirtualConsole.<anonymous> (../../node_modules/.pnpm/jest-environment-jsdom@29.7.0/node_modules/jest-environment-jsdom/build/index.js:63:23)
      at reportException (../../node_modules/.pnpm/jsdom@20.0.3/node_modules/jsdom/lib/jsdom/living/helpers/runtime-script-errors.js:70:28)
      at innerInvokeEventListeners (../../node_modules/.pnpm/jsdom@20.0.3/node_modules/jsdom/lib/jsdom/living/events/EventTarget-impl.js:353:9)
      at invokeEventListeners (../../node_modules/.pnpm/jsdom@20.0.3/node_modules/jsdom/lib/jsdom/living/events/EventTarget-impl.js:286:3)
      at HTMLUnknownElementImpl._dispatch (../../node_modules/.pnpm/jsdom@20.0.3/node_modules/jsdom/lib/jsdom/living/events/EventTarget-impl.js:233:9)
      at HTMLUnknownElementImpl.dispatchEvent (../../node_modules/.pnpm/jsdom@20.0.3/node_modules/jsdom/lib/jsdom/living/events/EventTarget-impl.js:104:17)
      at HTMLUnknownElement.dispatchEvent (../../node_modules/.pnpm/jsdom@20.0.3/node_modules/jsdom/lib/jsdom/living/generated/EventTarget.js:241:34)
      at Object.invokeGuardedCallbackDev (../../node_modules/.pnpm/react-dom@18.3.1_react@18.3.1/node_modules/react-dom/cjs/react-dom.development.js:4213:16)
      at invokeGuardedCallback (../../node_modules/.pnpm/react-dom@18.3.1_react@18.3.1/node_modules/react-dom/cjs/react-dom.development.js:4277:31)
      at beginWork$1 (../../node_modules/.pnpm/react-dom@18.3.1_react@18.3.1/node_modules/react-dom/cjs/react-dom.development.js:27490:7)
      at performUnitOfWork (../../node_modules/.pnpm/react-dom@18.3.1_react@18.3.1/node_modules/react-dom/cjs/react-dom.development.js:26599:12)
      at workLoopSync (../../node_modules/.pnpm/react-dom@18.3.1_react@18.3.1/node_modules/react-dom/cjs/react-dom.development.js:26505:5)
      at renderRootSync (../../node_modules/.pnpm/react-dom@18.3.1_react@18.3.1/node_modules/react-dom/cjs/react-dom.development.js:26473:7)
      at performConcurrentWorkOnRoot (../../node_modules/.pnpm/react-dom@18.3.1_react@18.3.1/node_modules/react-dom/cjs/react-dom.development.js:25777:74)
      at flushActQueue (../../node_modules/.pnpm/react@18.3.1/node_modules/react/cjs/react.development.js:2667:24)
      at act (../../node_modules/.pnpm/react@18.3.1/node_modules/react/cjs/react.development.js:2582:11)
      at ../../node_modules/.pnpm/@testing-library+react@16.3.2_@testing-library+dom@10.4.1_@types+react-dom@18.3.7_@types+reac_3k5f6qynewwmkoqvlvtzlgtsjq/node_modules/@testing-library/react/dist/act-compat.js:46:25
      at renderRoot (../../node_modules/.pnpm/@testing-library+react@16.3.2_@testing-library+dom@10.4.1_@types+react-dom@18.3.7_@types+reac_3k5f6qynewwmkoqvlvtzlgtsjq/node_modules/@testing-library/react/dist/pure.js:189:26)
      at render (../../node_modules/.pnpm/@testing-library+react@16.3.2_@testing-library+dom@10.4.1_@types+react-dom@18.3.7_@types+reac_3k5f6qynewwmkoqvlvtzlgtsjq/node_modules/@testing-library/react/dist/pure.js:291:10)
      at Object.<anonymous> (components/__tests__/roles-table.test.tsx:100:11)

    console.error
      Error: Uncaught [Error: `Tooltip` must be used within `TooltipProvider`]
          at reportException (/app/node_modules/.pnpm/jsdom@20.0.3/node_modules/jsdom/lib/jsdom/living/helpers/runtime-script-errors.js:66:24)
          at innerInvokeEventListeners (/app/node_modules/.pnpm/jsdom@20.0.3/node_modules/jsdom/lib/jsdom/living/events/EventTarget-impl.js:353:9)
          at invokeEventListeners (/app/node_modules/.pnpm/jsdom@20.0.3/node_modules/jsdom/lib/jsdom/living/events/EventTarget-impl.js:286:3)
          at HTMLUnknownElementImpl._dispatch (/app/node_modules/.pnpm/jsdom@20.0.3/node_modules/jsdom/lib/jsdom/living/events/EventTarget-impl.js:233:9)
          at HTMLUnknownElementImpl.dispatchEvent (/app/node_modules/.pnpm/jsdom@20.0.3/node_modules/jsdom/lib/jsdom/living/events/EventTarget-impl.js:104:17)
          at HTMLUnknownElement.dispatchEvent (/app/node_modules/.pnpm/jsdom@20.0.3/node_modules/jsdom/lib/jsdom/living/generated/EventTarget.js:241:34)
          at Object.invokeGuardedCallbackDev (/app/node_modules/.pnpm/react-dom@18.3.1_react@18.3.1/node_modules/react-dom/cjs/react-dom.development.js:4213:16)
          at invokeGuardedCallback (/app/node_modules/.pnpm/react-dom@18.3.1_react@18.3.1/node_modules/react-dom/cjs/react-dom.development.js:4277:31)
          at beginWork$1 (/app/node_modules/.pnpm/react-dom@18.3.1_react@18.3.1/node_modules/react-dom/cjs/react-dom.development.js:27490:7)
          at performUnitOfWork (/app/node_modules/.pnpm/react-dom@18.3.1_react@18.3.1/node_modules/react-dom/cjs/react-dom.development.js:26599:12)
          at workLoopSync (/app/node_modules/.pnpm/react-dom@18.3.1_react@18.3.1/node_modules/react-dom/cjs/react-dom.development.js:26505:5)
          at renderRootSync (/app/node_modules/.pnpm/react-dom@18.3.1_react@18.3.1/node_modules/react-dom/cjs/react-dom.development.js:26473:7)
          at recoverFromConcurrentError (/app/node_modules/.pnpm/react-dom@18.3.1_react@18.3.1/node_modules/react-dom/cjs/react-dom.development.js:25889:20)
          at performConcurrentWorkOnRoot (/app/node_modules/.pnpm/react-dom@18.3.1_react@18.3.1/node_modules/react-dom/cjs/react-dom.development.js:25789:22)
          at flushActQueue (/app/node_modules/.pnpm/react@18.3.1/node_modules/react/cjs/react.development.js:2667:24)
          at act (/app/node_modules/.pnpm/react@18.3.1/node_modules/react/cjs/react.development.js:2582:11)
          at /app/node_modules/.pnpm/@testing-library+react@16.3.2_@testing-library+dom@10.4.1_@types+react-dom@18.3.7_@types+reac_3k5f6qynewwmkoqvlvtzlgtsjq/node_modules/@testing-library/react/dist/act-compat.js:46:25
          at renderRoot (/app/node_modules/.pnpm/@testing-library+react@16.3.2_@testing-library+dom@10.4.1_@types+react-dom@18.3.7_@types+reac_3k5f6qynewwmkoqvlvtzlgtsjq/node_modules/@testing-library/react/dist/pure.js:189:26)
          at render (/app/node_modules/.pnpm/@testing-library+react@16.3.2_@testing-library+dom@10.4.1_@types+react-dom@18.3.7_@types+reac_3k5f6qynewwmkoqvlvtzlgtsjq/node_modules/@testing-library/react/dist/pure.js:291:10)
          at Object.<anonymous> (/app/apps/admin/components/__tests__/roles-table.test.tsx:100:11)
          at Promise.then.completed (/app/node_modules/.pnpm/jest-circus@29.7.0/node_modules/jest-circus/build/utils.js:298:28)
          at new Promise (<anonymous>)
          at callAsyncCircusFn (/app/node_modules/.pnpm/jest-circus@29.7.0/node_modules/jest-circus/build/utils.js:231:10)
          at _callCircusTest (/app/node_modules/.pnpm/jest-circus@29.7.0/node_modules/jest-circus/build/run.js:316:40)
          at processTicksAndRejections (node:internal/process/task_queues:103:5)
          at _runTest (/app/node_modules/.pnpm/jest-circus@29.7.0/node_modules/jest-circus/build/run.js:252:3)
          at _runTestsForDescribeBlock (/app/node_modules/.pnpm/jest-circus@29.7.0/node_modules/jest-circus/build/run.js:126:9)
          at _runTestsForDescribeBlock (/app/node_modules/.pnpm/jest-circus@29.7.0/node_modules/jest-circus/build/run.js:121:9)
          at run (/app/node_modules/.pnpm/jest-circus@29.7.0/node_modules/jest-circus/build/run.js:71:3)
          at runAndTransformResultsToJestFormat (/app/node_modules/.pnpm/jest-circus@29.7.0/node_modules/jest-circus/build/legacy-code-todo-rewrite/jestAdapterInit.js:122:21)
          at jestAdapter (/app/node_modules/.pnpm/jest-circus@29.7.0/node_modules/jest-circus/build/legacy-code-todo-rewrite/jestAdapter.js:79:19)
          at runTestInternal (/app/node_modules/.pnpm/jest-runner@29.7.0/node_modules/jest-runner/build/runTest.js:367:16)
          at runTest (/app/node_modules/.pnpm/jest-runner@29.7.0/node_modules/jest-runner/build/runTest.js:444:34)
          at Object.worker (/app/node_modules/.pnpm/jest-runner@29.7.0/node_modules/jest-runner/build/testWorker.js:106:12) {
        detail: Error: `Tooltip` must be used within `TooltipProvider`
            at useContext2 (/app/node_modules/.pnpm/@radix-ui+react-context@1.1.2_@types+react@18.3.29_react@18.3.1/node_modules/@radix-ui/react-context/src/create-context.tsx:75:13)
            at Tooltip (/app/node_modules/.pnpm/@radix-ui+react-tooltip@1.2.8_@types+react-dom@18.3.7_@types+react@18.3.29__@types+react@18.3_xrwsnt2rmlacewwolijhmzdoxi/node_modules/@radix-ui/react-tooltip/src/tooltip.tsx:162:27)
            at renderWithHooks (/app/node_modules/.pnpm/react-dom@18.3.1_react@18.3.1/node_modules/react-dom/cjs/react-dom.development.js:15486:18)
            at mountIndeterminateComponent (/app/node_modules/.pnpm/react-dom@18.3.1_react@18.3.1/node_modules/react-dom/cjs/react-dom.development.js:20103:13)
            at beginWork (/app/node_modules/.pnpm/react-dom@18.3.1_react@18.3.1/node_modules/react-dom/cjs/react-dom.development.js:21626:16)
            at HTMLUnknownElement.callCallback (/app/node_modules/.pnpm/react-dom@18.3.1_react@18.3.1/node_modules/react-dom/cjs/react-dom.development.js:4164:14)
            at HTMLUnknownElement.callTheUserObjectsOperation (/app/node_modules/.pnpm/jsdom@20.0.3/node_modules/jsdom/lib/jsdom/living/generated/EventListener.js:26:30)
            at innerInvokeEventListeners (/app/node_modules/.pnpm/jsdom@20.0.3/node_modules/jsdom/lib/jsdom/living/events/EventTarget-impl.js:350:25)
            at invokeEventListeners (/app/node_modules/.pnpm/jsdom@20.0.3/node_modules/jsdom/lib/jsdom/living/events/EventTarget-impl.js:286:3)
            at HTMLUnknownElementImpl._dispatch (/app/node_modules/.pnpm/jsdom@20.0.3/node_modules/jsdom/lib/jsdom/living/events/EventTarget-impl.js:233:9)
            at HTMLUnknownElementImpl.dispatchEvent (/app/node_modules/.pnpm/jsdom@20.0.3/node_modules/jsdom/lib/jsdom/living/events/EventTarget-impl.js:104:17)
            at HTMLUnknownElement.dispatchEvent (/app/node_modules/.pnpm/jsdom@20.0.3/node_modules/jsdom/lib/jsdom/living/generated/EventTarget.js:241:34)
            at Object.invokeGuardedCallbackDev (/app/node_modules/.pnpm/react-dom@18.3.1_react@18.3.1/node_modules/react-dom/cjs/react-dom.development.js:4213:16)
            at invokeGuardedCallback (/app/node_modules/.pnpm/react-dom@18.3.1_react@18.3.1/node_modules/react-dom/cjs/react-dom.development.js:4277:31)
            at beginWork$1 (/app/node_modules/.pnpm/react-dom@18.3.1_react@18.3.1/node_modules/react-dom/cjs/react-dom.development.js:27490:7)
            at performUnitOfWork (/app/node_modules/.pnpm/react-dom@18.3.1_react@18.3.1/node_modules/react-dom/cjs/react-dom.development.js:26599:12)
            at workLoopSync (/app/node_modules/.pnpm/react-dom@18.3.1_react@18.3.1/node_modules/react-dom/cjs/react-dom.development.js:26505:5)
            at renderRootSync (/app/node_modules/.pnpm/react-dom@18.3.1_react@18.3.1/node_modules/react-dom/cjs/react-dom.development.js:26473:7)
            at recoverFromConcurrentError (/app/node_modules/.pnpm/react-dom@18.3.1_react@18.3.1/node_modules/react-dom/cjs/react-dom.development.js:25889:20)
            at performConcurrentWorkOnRoot (/app/node_modules/.pnpm/react-dom@18.3.1_react@18.3.1/node_modules/react-dom/cjs/react-dom.development.js:25789:22)
            at flushActQueue (/app/node_modules/.pnpm/react@18.3.1/node_modules/react/cjs/react.development.js:2667:24)
            at act (/app/node_modules/.pnpm/react@18.3.1/node_modules/react/cjs/react.development.js:2582:11)
            at /app/node_modules/.pnpm/@testing-library+react@16.3.2_@testing-library+dom@10.4.1_@types+react-dom@18.3.7_@types+reac_3k5f6qynewwmkoqvlvtzlgtsjq/node_modules/@testing-library/react/dist/act-compat.js:46:25
            at renderRoot (/app/node_modules/.pnpm/@testing-library+react@16.3.2_@testing-library+dom@10.4.1_@types+react-dom@18.3.7_@types+reac_3k5f6qynewwmkoqvlvtzlgtsjq/node_modules/@testing-library/react/dist/pure.js:189:26)
            at render (/app/node_modules/.pnpm/@testing-library+react@16.3.2_@testing-library+dom@10.4.1_@types+react-dom@18.3.7_@types+reac_3k5f6qynewwmkoqvlvtzlgtsjq/node_modules/@testing-library/react/dist/pure.js:291:10)
            at Object.<anonymous> (/app/apps/admin/components/__tests__/roles-table.test.tsx:100:11)
            at Promise.then.completed (/app/node_modules/.pnpm/jest-circus@29.7.0/node_modules/jest-circus/build/utils.js:298:28)
            at new Promise (<anonymous>)
            at callAsyncCircusFn (/app/node_modules/.pnpm/jest-circus@29.7.0/node_modules/jest-circus/build/utils.js:231:10)
            at _callCircusTest (/app/node_modules/.pnpm/jest-circus@29.7.0/node_modules/jest-circus/build/run.js:316:40)
            at processTicksAndRejections (node:internal/process/task_queues:103:5)
            at _runTest (/app/node_modules/.pnpm/jest-circus@29.7.0/node_modules/jest-circus/build/run.js:252:3)
            at _runTestsForDescribeBlock (/app/node_modules/.pnpm/jest-circus@29.7.0/node_modules/jest-circus/build/run.js:126:9)
            at _runTestsForDescribeBlock (/app/node_modules/.pnpm/jest-circus@29.7.0/node_modules/jest-circus/build/run.js:121:9)
            at run (/app/node_modules/.pnpm/jest-circus@29.7.0/node_modules/jest-circus/build/run.js:71:3)
            at runAndTransformResultsToJestFormat (/app/node_modules/.pnpm/jest-circus@29.7.0/node_modules/jest-circus/build/legacy-code-todo-rewrite/jestAdapterInit.js:122:21)
            at jestAdapter (/app/node_modules/.pnpm/jest-circus@29.7.0/node_modules/jest-circus/build/legacy-code-todo-rewrite/jestAdapter.js:79:19)
            at runTestInternal (/app/node_modules/.pnpm/jest-runner@29.7.0/node_modules/jest-runner/build/runTest.js:367:16)
            at runTest (/app/node_modules/.pnpm/jest-runner@29.7.0/node_modules/jest-runner/build/runTest.js:444:34)
            at Object.worker (/app/node_modules/.pnpm/jest-runner@29.7.0/node_modules/jest-runner/build/testWorker.js:106:12),
        type: 'unhandled exception'
      }

       98 |
       99 |   it('hides Create/Edit/Delete affordances when canWrite=false', () => {
    > 100 |     render(withIntl(<RolesTable initial={initial} apps={apps} canWrite={false} />))
          |           ^
      101 |     expect(screen.queryByRole('button', { name: new RegExp(en.roles.create) })).not.toBeInTheDocument()
      102 |     expect(screen.queryAllByRole('menuitem', { name: en.roles.actions.edit })).toHaveLength(0)
      103 |     expect(screen.queryAllByRole('menuitem', { name: en.roles.actions.delete })).toHaveLength(0)

      at VirtualConsole.<anonymous> (../../node_modules/.pnpm/jest-environment-jsdom@29.7.0/node_modules/jest-environment-jsdom/build/index.js:63:23)
      at reportException (../../node_modules/.pnpm/jsdom@20.0.3/node_modules/jsdom/lib/jsdom/living/helpers/runtime-script-errors.js:70:28)
      at innerInvokeEventListeners (../../node_modules/.pnpm/jsdom@20.0.3/node_modules/jsdom/lib/jsdom/living/events/EventTarget-impl.js:353:9)
      at invokeEventListeners (../../node_modules/.pnpm/jsdom@20.0.3/node_modules/jsdom/lib/jsdom/living/events/EventTarget-impl.js:286:3)
      at HTMLUnknownElementImpl._dispatch (../../node_modules/.pnpm/jsdom@20.0.3/node_modules/jsdom/lib/jsdom/living/events/EventTarget-impl.js:233:9)
      at HTMLUnknownElementImpl.dispatchEvent (../../node_modules/.pnpm/jsdom@20.0.3/node_modules/jsdom/lib/jsdom/living/events/EventTarget-impl.js:104:17)
      at HTMLUnknownElement.dispatchEvent (../../node_modules/.pnpm/jsdom@20.0.3/node_modules/jsdom/lib/jsdom/living/generated/EventTarget.js:241:34)
      at Object.invokeGuardedCallbackDev (../../node_modules/.pnpm/react-dom@18.3.1_react@18.3.1/node_modules/react-dom/cjs/react-dom.development.js:4213:16)
      at invokeGuardedCallback (../../node_modules/.pnpm/react-dom@18.3.1_react@18.3.1/node_modules/react-dom/cjs/react-dom.development.js:4277:31)
      at beginWork$1 (../../node_modules/.pnpm/react-dom@18.3.1_react@18.3.1/node_modules/react-dom/cjs/react-dom.development.js:27490:7)
      at performUnitOfWork (../../node_modules/.pnpm/react-dom@18.3.1_react@18.3.1/node_modules/react-dom/cjs/react-dom.development.js:26599:12)
      at workLoopSync (../../node_modules/.pnpm/react-dom@18.3.1_react@18.3.1/node_modules/react-dom/cjs/react-dom.development.js:26505:5)
      at renderRootSync (../../node_modules/.pnpm/react-dom@18.3.1_react@18.3.1/node_modules/react-dom/cjs/react-dom.development.js:26473:7)
      at recoverFromConcurrentError (../../node_modules/.pnpm/react-dom@18.3.1_react@18.3.1/node_modules/react-dom/cjs/react-dom.development.js:25889:20)
      at performConcurrentWorkOnRoot (../../node_modules/.pnpm/react-dom@18.3.1_react@18.3.1/node_modules/react-dom/cjs/react-dom.development.js:25789:22)
      at flushActQueue (../../node_modules/.pnpm/react@18.3.1/node_modules/react/cjs/react.development.js:2667:24)
      at act (../../node_modules/.pnpm/react@18.3.1/node_modules/react/cjs/react.development.js:2582:11)
      at ../../node_modules/.pnpm/@testing-library+react@16.3.2_@testing-library+dom@10.4.1_@types+react-dom@18.3.7_@types+reac_3k5f6qynewwmkoqvlvtzlgtsjq/node_modules/@testing-library/react/dist/act-compat.js:46:25
      at renderRoot (../../node_modules/.pnpm/@testing-library+react@16.3.2_@testing-library+dom@10.4.1_@types+react-dom@18.3.7_@types+reac_3k5f6qynewwmkoqvlvtzlgtsjq/node_modules/@testing-library/react/dist/pure.js:189:26)
      at render (../../node_modules/.pnpm/@testing-library+react@16.3.2_@testing-library+dom@10.4.1_@types+react-dom@18.3.7_@types+reac_3k5f6qynewwmkoqvlvtzlgtsjq/node_modules/@testing-library/react/dist/pure.js:291:10)
      at Object.<anonymous> (components/__tests__/roles-table.test.tsx:100:11)

    console.error
      Error: Uncaught [Error: `Tooltip` must be used within `TooltipProvider`]
          at reportException (/app/node_modules/.pnpm/jsdom@20.0.3/node_modules/jsdom/lib/jsdom/living/helpers/runtime-script-errors.js:66:24)
          at innerInvokeEventListeners (/app/node_modules/.pnpm/jsdom@20.0.3/node_modules/jsdom/lib/jsdom/living/events/EventTarget-impl.js:353:9)
          at invokeEventListeners (/app/node_modules/.pnpm/jsdom@20.0.3/node_modules/jsdom/lib/jsdom/living/events/EventTarget-impl.js:286:3)
          at HTMLUnknownElementImpl._dispatch (/app/node_modules/.pnpm/jsdom@20.0.3/node_modules/jsdom/lib/jsdom/living/events/EventTarget-impl.js:233:9)
          at HTMLUnknownElementImpl.dispatchEvent (/app/node_modules/.pnpm/jsdom@20.0.3/node_modules/jsdom/lib/jsdom/living/events/EventTarget-impl.js:104:17)
          at HTMLUnknownElement.dispatchEvent (/app/node_modules/.pnpm/jsdom@20.0.3/node_modules/jsdom/lib/jsdom/living/generated/EventTarget.js:241:34)
          at Object.invokeGuardedCallbackDev (/app/node_modules/.pnpm/react-dom@18.3.1_react@18.3.1/node_modules/react-dom/cjs/react-dom.development.js:4213:16)
          at invokeGuardedCallback (/app/node_modules/.pnpm/react-dom@18.3.1_react@18.3.1/node_modules/react-dom/cjs/react-dom.development.js:4277:31)
          at beginWork$1 (/app/node_modules/.pnpm/react-dom@18.3.1_react@18.3.1/node_modules/react-dom/cjs/react-dom.development.js:27490:7)
          at performUnitOfWork (/app/node_modules/.pnpm/react-dom@18.3.1_react@18.3.1/node_modules/react-dom/cjs/react-dom.development.js:26599:12)
          at workLoopSync (/app/node_modules/.pnpm/react-dom@18.3.1_react@18.3.1/node_modules/react-dom/cjs/react-dom.development.js:26505:5)
          at renderRootSync (/app/node_modules/.pnpm/react-dom@18.3.1_react@18.3.1/node_modules/react-dom/cjs/react-dom.development.js:26473:7)
          at recoverFromConcurrentError (/app/node_modules/.pnpm/react-dom@18.3.1_react@18.3.1/node_modules/react-dom/cjs/react-dom.development.js:25889:20)
          at performConcurrentWorkOnRoot (/app/node_modules/.pnpm/react-dom@18.3.1_react@18.3.1/node_modules/react-dom/cjs/react-dom.development.js:25789:22)
          at flushActQueue (/app/node_modules/.pnpm/react@18.3.1/node_modules/react/cjs/react.development.js:2667:24)
          at act (/app/node_modules/.pnpm/react@18.3.1/node_modules/react/cjs/react.development.js:2582:11)
          at /app/node_modules/.pnpm/@testing-library+react@16.3.2_@testing-library+dom@10.4.1_@types+react-dom@18.3.7_@types+reac_3k5f6qynewwmkoqvlvtzlgtsjq/node_modules/@testing-library/react/dist/act-compat.js:46:25
          at renderRoot (/app/node_modules/.pnpm/@testing-library+react@16.3.2_@testing-library+dom@10.4.1_@types+react-dom@18.3.7_@types+reac_3k5f6qynewwmkoqvlvtzlgtsjq/node_modules/@testing-library/react/dist/pure.js:189:26)
          at render (/app/node_modules/.pnpm/@testing-library+react@16.3.2_@testing-library+dom@10.4.1_@types+react-dom@18.3.7_@types+reac_3k5f6qynewwmkoqvlvtzlgtsjq/node_modules/@testing-library/react/dist/pure.js:291:10)
          at Object.<anonymous> (/app/apps/admin/components/__tests__/roles-table.test.tsx:100:11)
          at Promise.then.completed (/app/node_modules/.pnpm/jest-circus@29.7.0/node_modules/jest-circus/build/utils.js:298:28)
          at new Promise (<anonymous>)
          at callAsyncCircusFn (/app/node_modules/.pnpm/jest-circus@29.7.0/node_modules/jest-circus/build/utils.js:231:10)
          at _callCircusTest (/app/node_modules/.pnpm/jest-circus@29.7.0/node_modules/jest-circus/build/run.js:316:40)
          at processTicksAndRejections (node:internal/process/task_queues:103:5)
          at _runTest (/app/node_modules/.pnpm/jest-circus@29.7.0/node_modules/jest-circus/build/run.js:252:3)
          at _runTestsForDescribeBlock (/app/node_modules/.pnpm/jest-circus@29.7.0/node_modules/jest-circus/build/run.js:126:9)
          at _runTestsForDescribeBlock (/app/node_modules/.pnpm/jest-circus@29.7.0/node_modules/jest-circus/build/run.js:121:9)
          at run (/app/node_modules/.pnpm/jest-circus@29.7.0/node_modules/jest-circus/build/run.js:71:3)
          at runAndTransformResultsToJestFormat (/app/node_modules/.pnpm/jest-circus@29.7.0/node_modules/jest-circus/build/legacy-code-todo-rewrite/jestAdapterInit.js:122:21)
          at jestAdapter (/app/node_modules/.pnpm/jest-circus@29.7.0/node_modules/jest-circus/build/legacy-code-todo-rewrite/jestAdapter.js:79:19)
          at runTestInternal (/app/node_modules/.pnpm/jest-runner@29.7.0/node_modules/jest-runner/build/runTest.js:367:16)
          at runTest (/app/node_modules/.pnpm/jest-runner@29.7.0/node_modules/jest-runner/build/runTest.js:444:34)
          at Object.worker (/app/node_modules/.pnpm/jest-runner@29.7.0/node_modules/jest-runner/build/testWorker.js:106:12) {
        detail: Error: `Tooltip` must be used within `TooltipProvider`
            at useContext2 (/app/node_modules/.pnpm/@radix-ui+react-context@1.1.2_@types+react@18.3.29_react@18.3.1/node_modules/@radix-ui/react-context/src/create-context.tsx:75:13)
            at Tooltip (/app/node_modules/.pnpm/@radix-ui+react-tooltip@1.2.8_@types+react-dom@18.3.7_@types+react@18.3.29__@types+react@18.3_xrwsnt2rmlacewwolijhmzdoxi/node_modules/@radix-ui/react-tooltip/src/tooltip.tsx:162:27)
            at renderWithHooks (/app/node_modules/.pnpm/react-dom@18.3.1_react@18.3.1/node_modules/react-dom/cjs/react-dom.development.js:15486:18)
            at mountIndeterminateComponent (/app/node_modules/.pnpm/react-dom@18.3.1_react@18.3.1/node_modules/react-dom/cjs/react-dom.development.js:20103:13)
            at beginWork (/app/node_modules/.pnpm/react-dom@18.3.1_react@18.3.1/node_modules/react-dom/cjs/react-dom.development.js:21626:16)
            at HTMLUnknownElement.callCallback (/app/node_modules/.pnpm/react-dom@18.3.1_react@18.3.1/node_modules/react-dom/cjs/react-dom.development.js:4164:14)
            at HTMLUnknownElement.callTheUserObjectsOperation (/app/node_modules/.pnpm/jsdom@20.0.3/node_modules/jsdom/lib/jsdom/living/generated/EventListener.js:26:30)
            at innerInvokeEventListeners (/app/node_modules/.pnpm/jsdom@20.0.3/node_modules/jsdom/lib/jsdom/living/events/EventTarget-impl.js:350:25)
            at invokeEventListeners (/app/node_modules/.pnpm/jsdom@20.0.3/node_modules/jsdom/lib/jsdom/living/events/EventTarget-impl.js:286:3)
            at HTMLUnknownElementImpl._dispatch (/app/node_modules/.pnpm/jsdom@20.0.3/node_modules/jsdom/lib/jsdom/living/events/EventTarget-impl.js:233:9)
            at HTMLUnknownElementImpl.dispatchEvent (/app/node_modules/.pnpm/jsdom@20.0.3/node_modules/jsdom/lib/jsdom/living/events/EventTarget-impl.js:104:17)
            at HTMLUnknownElement.dispatchEvent (/app/node_modules/.pnpm/jsdom@20.0.3/node_modules/jsdom/lib/jsdom/living/generated/EventTarget.js:241:34)
            at Object.invokeGuardedCallbackDev (/app/node_modules/.pnpm/react-dom@18.3.1_react@18.3.1/node_modules/react-dom/cjs/react-dom.development.js:4213:16)
            at invokeGuardedCallback (/app/node_modules/.pnpm/react-dom@18.3.1_react@18.3.1/node_modules/react-dom/cjs/react-dom.development.js:4277:31)
            at beginWork$1 (/app/node_modules/.pnpm/react-dom@18.3.1_react@18.3.1/node_modules/react-dom/cjs/react-dom.development.js:27490:7)
            at performUnitOfWork (/app/node_modules/.pnpm/react-dom@18.3.1_react@18.3.1/node_modules/react-dom/cjs/react-dom.development.js:26599:12)
            at workLoopSync (/app/node_modules/.pnpm/react-dom@18.3.1_react@18.3.1/node_modules/react-dom/cjs/react-dom.development.js:26505:5)
            at renderRootSync (/app/node_modules/.pnpm/react-dom@18.3.1_react@18.3.1/node_modules/react-dom/cjs/react-dom.development.js:26473:7)
            at recoverFromConcurrentError (/app/node_modules/.pnpm/react-dom@18.3.1_react@18.3.1/node_modules/react-dom/cjs/react-dom.development.js:25889:20)
            at performConcurrentWorkOnRoot (/app/node_modules/.pnpm/react-dom@18.3.1_react@18.3.1/node_modules/react-dom/cjs/react-dom.development.js:25789:22)
            at flushActQueue (/app/node_modules/.pnpm/react@18.3.1/node_modules/react/cjs/react.development.js:2667:24)
            at act (/app/node_modules/.pnpm/react@18.3.1/node_modules/react/cjs/react.development.js:2582:11)
            at /app/node_modules/.pnpm/@testing-library+react@16.3.2_@testing-library+dom@10.4.1_@types+react-dom@18.3.7_@types+reac_3k5f6qynewwmkoqvlvtzlgtsjq/node_modules/@testing-library/react/dist/act-compat.js:46:25
            at renderRoot (/app/node_modules/.pnpm/@testing-library+react@16.3.2_@testing-library+dom@10.4.1_@types+react-dom@18.3.7_@types+reac_3k5f6qynewwmkoqvlvtzlgtsjq/node_modules/@testing-library/react/dist/pure.js:189:26)
            at render (/app/node_modules/.pnpm/@testing-library+react@16.3.2_@testing-library+dom@10.4.1_@types+react-dom@18.3.7_@types+reac_3k5f6qynewwmkoqvlvtzlgtsjq/node_modules/@testing-library/react/dist/pure.js:291:10)
            at Object.<anonymous> (/app/apps/admin/components/__tests__/roles-table.test.tsx:100:11)
            at Promise.then.completed (/app/node_modules/.pnpm/jest-circus@29.7.0/node_modules/jest-circus/build/utils.js:298:28)
            at new Promise (<anonymous>)
            at callAsyncCircusFn (/app/node_modules/.pnpm/jest-circus@29.7.0/node_modules/jest-circus/build/utils.js:231:10)
            at _callCircusTest (/app/node_modules/.pnpm/jest-circus@29.7.0/node_modules/jest-circus/build/run.js:316:40)
            at processTicksAndRejections (node:internal/process/task_queues:103:5)
            at _runTest (/app/node_modules/.pnpm/jest-circus@29.7.0/node_modules/jest-circus/build/run.js:252:3)
            at _runTestsForDescribeBlock (/app/node_modules/.pnpm/jest-circus@29.7.0/node_modules/jest-circus/build/run.js:126:9)
            at _runTestsForDescribeBlock (/app/node_modules/.pnpm/jest-circus@29.7.0/node_modules/jest-circus/build/run.js:121:9)
            at run (/app/node_modules/.pnpm/jest-circus@29.7.0/node_modules/jest-circus/build/run.js:71:3)
            at runAndTransformResultsToJestFormat (/app/node_modules/.pnpm/jest-circus@29.7.0/node_modules/jest-circus/build/legacy-code-todo-rewrite/jestAdapterInit.js:122:21)
            at jestAdapter (/app/node_modules/.pnpm/jest-circus@29.7.0/node_modules/jest-circus/build/legacy-code-todo-rewrite/jestAdapter.js:79:19)
            at runTestInternal (/app/node_modules/.pnpm/jest-runner@29.7.0/node_modules/jest-runner/build/runTest.js:367:16)
            at runTest (/app/node_modules/.pnpm/jest-runner@29.7.0/node_modules/jest-runner/build/runTest.js:444:34)
            at Object.worker (/app/node_modules/.pnpm/jest-runner@29.7.0/node_modules/jest-runner/build/testWorker.js:106:12),
        type: 'unhandled exception'
      }

       98 |
       99 |   it('hides Create/Edit/Delete affordances when canWrite=false', () => {
    > 100 |     render(withIntl(<RolesTable initial={initial} apps={apps} canWrite={false} />))
          |           ^
      101 |     expect(screen.queryByRole('button', { name: new RegExp(en.roles.create) })).not.toBeInTheDocument()
      102 |     expect(screen.queryAllByRole('menuitem', { name: en.roles.actions.edit })).toHaveLength(0)
      103 |     expect(screen.queryAllByRole('menuitem', { name: en.roles.actions.delete })).toHaveLength(0)

      at VirtualConsole.<anonymous> (../../node_modules/.pnpm/jest-environment-jsdom@29.7.0/node_modules/jest-environment-jsdom/build/index.js:63:23)
      at reportException (../../node_modules/.pnpm/jsdom@20.0.3/node_modules/jsdom/lib/jsdom/living/helpers/runtime-script-errors.js:70:28)
      at innerInvokeEventListeners (../../node_modules/.pnpm/jsdom@20.0.3/node_modules/jsdom/lib/jsdom/living/events/EventTarget-impl.js:353:9)
      at invokeEventListeners (../../node_modules/.pnpm/jsdom@20.0.3/node_modules/jsdom/lib/jsdom/living/events/EventTarget-impl.js:286:3)
      at HTMLUnknownElementImpl._dispatch (../../node_modules/.pnpm/jsdom@20.0.3/node_modules/jsdom/lib/jsdom/living/events/EventTarget-impl.js:233:9)
      at HTMLUnknownElementImpl.dispatchEvent (../../node_modules/.pnpm/jsdom@20.0.3/node_modules/jsdom/lib/jsdom/living/events/EventTarget-impl.js:104:17)
      at HTMLUnknownElement.dispatchEvent (../../node_modules/.pnpm/jsdom@20.0.3/node_modules/jsdom/lib/jsdom/living/generated/EventTarget.js:241:34)
      at Object.invokeGuardedCallbackDev (../../node_modules/.pnpm/react-dom@18.3.1_react@18.3.1/node_modules/react-dom/cjs/react-dom.development.js:4213:16)
      at invokeGuardedCallback (../../node_modules/.pnpm/react-dom@18.3.1_react@18.3.1/node_modules/react-dom/cjs/react-dom.development.js:4277:31)
      at beginWork$1 (../../node_modules/.pnpm/react-dom@18.3.1_react@18.3.1/node_modules/react-dom/cjs/react-dom.development.js:27490:7)
      at performUnitOfWork (../../node_modules/.pnpm/react-dom@18.3.1_react@18.3.1/node_modules/react-dom/cjs/react-dom.development.js:26599:12)
      at workLoopSync (../../node_modules/.pnpm/react-dom@18.3.1_react@18.3.1/node_modules/react-dom/cjs/react-dom.development.js:26505:5)
      at renderRootSync (../../node_modules/.pnpm/react-dom@18.3.1_react@18.3.1/node_modules/react-dom/cjs/react-dom.development.js:26473:7)
      at recoverFromConcurrentError (../../node_modules/.pnpm/react-dom@18.3.1_react@18.3.1/node_modules/react-dom/cjs/react-dom.development.js:25889:20)
      at performConcurrentWorkOnRoot (../../node_modules/.pnpm/react-dom@18.3.1_react@18.3.1/node_modules/react-dom/cjs/react-dom.development.js:25789:22)
      at flushActQueue (../../node_modules/.pnpm/react@18.3.1/node_modules/react/cjs/react.development.js:2667:24)
      at act (../../node_modules/.pnpm/react@18.3.1/node_modules/react/cjs/react.development.js:2582:11)
      at ../../node_modules/.pnpm/@testing-library+react@16.3.2_@testing-library+dom@10.4.1_@types+react-dom@18.3.7_@types+reac_3k5f6qynewwmkoqvlvtzlgtsjq/node_modules/@testing-library/react/dist/act-compat.js:46:25
      at renderRoot (../../node_modules/.pnpm/@testing-library+react@16.3.2_@testing-library+dom@10.4.1_@types+react-dom@18.3.7_@types+reac_3k5f6qynewwmkoqvlvtzlgtsjq/node_modules/@testing-library/react/dist/pure.js:189:26)
      at render (../../node_modules/.pnpm/@testing-library+react@16.3.2_@testing-library+dom@10.4.1_@types+react-dom@18.3.7_@types+reac_3k5f6qynewwmkoqvlvtzlgtsjq/node_modules/@testing-library/react/dist/pure.js:291:10)
      at Object.<anonymous> (components/__tests__/roles-table.test.tsx:100:11)

    console.error
      Error: Uncaught [Error: `Tooltip` must be used within `TooltipProvider`]
          at reportException (/app/node_modules/.pnpm/jsdom@20.0.3/node_modules/jsdom/lib/jsdom/living/helpers/runtime-script-errors.js:66:24)
          at innerInvokeEventListeners (/app/node_modules/.pnpm/jsdom@20.0.3/node_modules/jsdom/lib/jsdom/living/events/EventTarget-impl.js:353:9)
          at invokeEventListeners (/app/node_modules/.pnpm/jsdom@20.0.3/node_modules/jsdom/lib/jsdom/living/events/EventTarget-impl.js:286:3)
          at HTMLUnknownElementImpl._dispatch (/app/node_modules/.pnpm/jsdom@20.0.3/node_modules/jsdom/lib/jsdom/living/events/EventTarget-impl.js:233:9)
          at HTMLUnknownElementImpl.dispatchEvent (/app/node_modules/.pnpm/jsdom@20.0.3/node_modules/jsdom/lib/jsdom/living/events/EventTarget-impl.js:104:17)
          at HTMLUnknownElement.dispatchEvent (/app/node_modules/.pnpm/jsdom@20.0.3/node_modules/jsdom/lib/jsdom/living/generated/EventTarget.js:241:34)
          at Object.invokeGuardedCallbackDev (/app/node_modules/.pnpm/react-dom@18.3.1_react@18.3.1/node_modules/react-dom/cjs/react-dom.development.js:4213:16)
          at invokeGuardedCallback (/app/node_modules/.pnpm/react-dom@18.3.1_react@18.3.1/node_modules/react-dom/cjs/react-dom.development.js:4277:31)
          at beginWork$1 (/app/node_modules/.pnpm/react-dom@18.3.1_react@18.3.1/node_modules/react-dom/cjs/react-dom.development.js:27490:7)
          at performUnitOfWork (/app/node_modules/.pnpm/react-dom@18.3.1_react@18.3.1/node_modules/react-dom/cjs/react-dom.development.js:26599:12)
          at workLoopSync (/app/node_modules/.pnpm/react-dom@18.3.1_react@18.3.1/node_modules/react-dom/cjs/react-dom.development.js:26505:5)
          at renderRootSync (/app/node_modules/.pnpm/react-dom@18.3.1_react@18.3.1/node_modules/react-dom/cjs/react-dom.development.js:26473:7)
          at recoverFromConcurrentError (/app/node_modules/.pnpm/react-dom@18.3.1_react@18.3.1/node_modules/react-dom/cjs/react-dom.development.js:25889:20)
          at performConcurrentWorkOnRoot (/app/node_modules/.pnpm/react-dom@18.3.1_react@18.3.1/node_modules/react-dom/cjs/react-dom.development.js:25789:22)
          at flushActQueue (/app/node_modules/.pnpm/react@18.3.1/node_modules/react/cjs/react.development.js:2667:24)
          at act (/app/node_modules/.pnpm/react@18.3.1/node_modules/react/cjs/react.development.js:2582:11)
          at /app/node_modules/.pnpm/@testing-library+react@16.3.2_@testing-library+dom@10.4.1_@types+react-dom@18.3.7_@types+reac_3k5f6qynewwmkoqvlvtzlgtsjq/node_modules/@testing-library/react/dist/act-compat.js:46:25
          at renderRoot (/app/node_modules/.pnpm/@testing-library+react@16.3.2_@testing-library+dom@10.4.1_@types+react-dom@18.3.7_@types+reac_3k5f6qynewwmkoqvlvtzlgtsjq/node_modules/@testing-library/react/dist/pure.js:189:26)
          at render (/app/node_modules/.pnpm/@testing-library+react@16.3.2_@testing-library+dom@10.4.1_@types+react-dom@18.3.7_@types+reac_3k5f6qynewwmkoqvlvtzlgtsjq/node_modules/@testing-library/react/dist/pure.js:291:10)
          at Object.<anonymous> (/app/apps/admin/components/__tests__/roles-table.test.tsx:100:11)
          at Promise.then.completed (/app/node_modules/.pnpm/jest-circus@29.7.0/node_modules/jest-circus/build/utils.js:298:28)
          at new Promise (<anonymous>)
          at callAsyncCircusFn (/app/node_modules/.pnpm/jest-circus@29.7.0/node_modules/jest-circus/build/utils.js:231:10)
          at _callCircusTest (/app/node_modules/.pnpm/jest-circus@29.7.0/node_modules/jest-circus/build/run.js:316:40)
          at processTicksAndRejections (node:internal/process/task_queues:103:5)
          at _runTest (/app/node_modules/.pnpm/jest-circus@29.7.0/node_modules/jest-circus/build/run.js:252:3)
          at _runTestsForDescribeBlock (/app/node_modules/.pnpm/jest-circus@29.7.0/node_modules/jest-circus/build/run.js:126:9)
          at _runTestsForDescribeBlock (/app/node_modules/.pnpm/jest-circus@29.7.0/node_modules/jest-circus/build/run.js:121:9)
          at run (/app/node_modules/.pnpm/jest-circus@29.7.0/node_modules/jest-circus/build/run.js:71:3)
          at runAndTransformResultsToJestFormat (/app/node_modules/.pnpm/jest-circus@29.7.0/node_modules/jest-circus/build/legacy-code-todo-rewrite/jestAdapterInit.js:122:21)
          at jestAdapter (/app/node_modules/.pnpm/jest-circus@29.7.0/node_modules/jest-circus/build/legacy-code-todo-rewrite/jestAdapter.js:79:19)
          at runTestInternal (/app/node_modules/.pnpm/jest-runner@29.7.0/node_modules/jest-runner/build/runTest.js:367:16)
          at runTest (/app/node_modules/.pnpm/jest-runner@29.7.0/node_modules/jest-runner/build/runTest.js:444:34)
          at Object.worker (/app/node_modules/.pnpm/jest-runner@29.7.0/node_modules/jest-runner/build/testWorker.js:106:12) {
        detail: Error: `Tooltip` must be used within `TooltipProvider`
            at useContext2 (/app/node_modules/.pnpm/@radix-ui+react-context@1.1.2_@types+react@18.3.29_react@18.3.1/node_modules/@radix-ui/react-context/src/create-context.tsx:75:13)
            at Tooltip (/app/node_modules/.pnpm/@radix-ui+react-tooltip@1.2.8_@types+react-dom@18.3.7_@types+react@18.3.29__@types+react@18.3_xrwsnt2rmlacewwolijhmzdoxi/node_modules/@radix-ui/react-tooltip/src/tooltip.tsx:162:27)
            at renderWithHooks (/app/node_modules/.pnpm/react-dom@18.3.1_react@18.3.1/node_modules/react-dom/cjs/react-dom.development.js:15486:18)
            at mountIndeterminateComponent (/app/node_modules/.pnpm/react-dom@18.3.1_react@18.3.1/node_modules/react-dom/cjs/react-dom.development.js:20103:13)
            at beginWork (/app/node_modules/.pnpm/react-dom@18.3.1_react@18.3.1/node_modules/react-dom/cjs/react-dom.development.js:21626:16)
            at HTMLUnknownElement.callCallback (/app/node_modules/.pnpm/react-dom@18.3.1_react@18.3.1/node_modules/react-dom/cjs/react-dom.development.js:4164:14)
            at HTMLUnknownElement.callTheUserObjectsOperation (/app/node_modules/.pnpm/jsdom@20.0.3/node_modules/jsdom/lib/jsdom/living/generated/EventListener.js:26:30)
            at innerInvokeEventListeners (/app/node_modules/.pnpm/jsdom@20.0.3/node_modules/jsdom/lib/jsdom/living/events/EventTarget-impl.js:350:25)
            at invokeEventListeners (/app/node_modules/.pnpm/jsdom@20.0.3/node_modules/jsdom/lib/jsdom/living/events/EventTarget-impl.js:286:3)
            at HTMLUnknownElementImpl._dispatch (/app/node_modules/.pnpm/jsdom@20.0.3/node_modules/jsdom/lib/jsdom/living/events/EventTarget-impl.js:233:9)
            at HTMLUnknownElementImpl.dispatchEvent (/app/node_modules/.pnpm/jsdom@20.0.3/node_modules/jsdom/lib/jsdom/living/events/EventTarget-impl.js:104:17)
            at HTMLUnknownElement.dispatchEvent (/app/node_modules/.pnpm/jsdom@20.0.3/node_modules/jsdom/lib/jsdom/living/generated/EventTarget.js:241:34)
            at Object.invokeGuardedCallbackDev (/app/node_modules/.pnpm/react-dom@18.3.1_react@18.3.1/node_modules/react-dom/cjs/react-dom.development.js:4213:16)
            at invokeGuardedCallback (/app/node_modules/.pnpm/react-dom@18.3.1_react@18.3.1/node_modules/react-dom/cjs/react-dom.development.js:4277:31)
            at beginWork$1 (/app/node_modules/.pnpm/react-dom@18.3.1_react@18.3.1/node_modules/react-dom/cjs/react-dom.development.js:27490:7)
            at performUnitOfWork (/app/node_modules/.pnpm/react-dom@18.3.1_react@18.3.1/node_modules/react-dom/cjs/react-dom.development.js:26599:12)
            at workLoopSync (/app/node_modules/.pnpm/react-dom@18.3.1_react@18.3.1/node_modules/react-dom/cjs/react-dom.development.js:26505:5)
            at renderRootSync (/app/node_modules/.pnpm/react-dom@18.3.1_react@18.3.1/node_modules/react-dom/cjs/react-dom.development.js:26473:7)
            at recoverFromConcurrentError (/app/node_modules/.pnpm/react-dom@18.3.1_react@18.3.1/node_modules/react-dom/cjs/react-dom.development.js:25889:20)
            at performConcurrentWorkOnRoot (/app/node_modules/.pnpm/react-dom@18.3.1_react@18.3.1/node_modules/react-dom/cjs/react-dom.development.js:25789:22)
            at flushActQueue (/app/node_modules/.pnpm/react@18.3.1/node_modules/react/cjs/react.development.js:2667:24)
            at act (/app/node_modules/.pnpm/react@18.3.1/node_modules/react/cjs/react.development.js:2582:11)
            at /app/node_modules/.pnpm/@testing-library+react@16.3.2_@testing-library+dom@10.4.1_@types+react-dom@18.3.7_@types+reac_3k5f6qynewwmkoqvlvtzlgtsjq/node_modules/@testing-library/react/dist/act-compat.js:46:25
            at renderRoot (/app/node_modules/.pnpm/@testing-library+react@16.3.2_@testing-library+dom@10.4.1_@types+react-dom@18.3.7_@types+reac_3k5f6qynewwmkoqvlvtzlgtsjq/node_modules/@testing-library/react/dist/pure.js:189:26)
            at render (/app/node_modules/.pnpm/@testing-library+react@16.3.2_@testing-library+dom@10.4.1_@types+react-dom@18.3.7_@types+reac_3k5f6qynewwmkoqvlvtzlgtsjq/node_modules/@testing-library/react/dist/pure.js:291:10)
            at Object.<anonymous> (/app/apps/admin/components/__tests__/roles-table.test.tsx:100:11)
            at Promise.then.completed (/app/node_modules/.pnpm/jest-circus@29.7.0/node_modules/jest-circus/build/utils.js:298:28)
            at new Promise (<anonymous>)
            at callAsyncCircusFn (/app/node_modules/.pnpm/jest-circus@29.7.0/node_modules/jest-circus/build/utils.js:231:10)
            at _callCircusTest (/app/node_modules/.pnpm/jest-circus@29.7.0/node_modules/jest-circus/build/run.js:316:40)
            at processTicksAndRejections (node:internal/process/task_queues:103:5)
            at _runTest (/app/node_modules/.pnpm/jest-circus@29.7.0/node_modules/jest-circus/build/run.js:252:3)
            at _runTestsForDescribeBlock (/app/node_modules/.pnpm/jest-circus@29.7.0/node_modules/jest-circus/build/run.js:126:9)
            at _runTestsForDescribeBlock (/app/node_modules/.pnpm/jest-circus@29.7.0/node_modules/jest-circus/build/run.js:121:9)
            at run (/app/node_modules/.pnpm/jest-circus@29.7.0/node_modules/jest-circus/build/run.js:71:3)
            at runAndTransformResultsToJestFormat (/app/node_modules/.pnpm/jest-circus@29.7.0/node_modules/jest-circus/build/legacy-code-todo-rewrite/jestAdapterInit.js:122:21)
            at jestAdapter (/app/node_modules/.pnpm/jest-circus@29.7.0/node_modules/jest-circus/build/legacy-code-todo-rewrite/jestAdapter.js:79:19)
            at runTestInternal (/app/node_modules/.pnpm/jest-runner@29.7.0/node_modules/jest-runner/build/runTest.js:367:16)
            at runTest (/app/node_modules/.pnpm/jest-runner@29.7.0/node_modules/jest-runner/build/runTest.js:444:34)
            at Object.worker (/app/node_modules/.pnpm/jest-runner@29.7.0/node_modules/jest-runner/build/testWorker.js:106:12),
        type: 'unhandled exception'
      }

       98 |
       99 |   it('hides Create/Edit/Delete affordances when canWrite=false', () => {
    > 100 |     render(withIntl(<RolesTable initial={initial} apps={apps} canWrite={false} />))
          |           ^
      101 |     expect(screen.queryByRole('button', { name: new RegExp(en.roles.create) })).not.toBeInTheDocument()
      102 |     expect(screen.queryAllByRole('menuitem', { name: en.roles.actions.edit })).toHaveLength(0)
      103 |     expect(screen.queryAllByRole('menuitem', { name: en.roles.actions.delete })).toHaveLength(0)

      at VirtualConsole.<anonymous> (../../node_modules/.pnpm/jest-environment-jsdom@29.7.0/node_modules/jest-environment-jsdom/build/index.js:63:23)
      at reportException (../../node_modules/.pnpm/jsdom@20.0.3/node_modules/jsdom/lib/jsdom/living/helpers/runtime-script-errors.js:70:28)
      at innerInvokeEventListeners (../../node_modules/.pnpm/jsdom@20.0.3/node_modules/jsdom/lib/jsdom/living/events/EventTarget-impl.js:353:9)
      at invokeEventListeners (../../node_modules/.pnpm/jsdom@20.0.3/node_modules/jsdom/lib/jsdom/living/events/EventTarget-impl.js:286:3)
      at HTMLUnknownElementImpl._dispatch (../../node_modules/.pnpm/jsdom@20.0.3/node_modules/jsdom/lib/jsdom/living/events/EventTarget-impl.js:233:9)
      at HTMLUnknownElementImpl.dispatchEvent (../../node_modules/.pnpm/jsdom@20.0.3/node_modules/jsdom/lib/jsdom/living/events/EventTarget-impl.js:104:17)
      at HTMLUnknownElement.dispatchEvent (../../node_modules/.pnpm/jsdom@20.0.3/node_modules/jsdom/lib/jsdom/living/generated/EventTarget.js:241:34)
      at Object.invokeGuardedCallbackDev (../../node_modules/.pnpm/react-dom@18.3.1_react@18.3.1/node_modules/react-dom/cjs/react-dom.development.js:4213:16)
      at invokeGuardedCallback (../../node_modules/.pnpm/react-dom@18.3.1_react@18.3.1/node_modules/react-dom/cjs/react-dom.development.js:4277:31)
      at beginWork$1 (../../node_modules/.pnpm/react-dom@18.3.1_react@18.3.1/node_modules/react-dom/cjs/react-dom.development.js:27490:7)
      at performUnitOfWork (../../node_modules/.pnpm/react-dom@18.3.1_react@18.3.1/node_modules/react-dom/cjs/react-dom.development.js:26599:12)
      at workLoopSync (../../node_modules/.pnpm/react-dom@18.3.1_react@18.3.1/node_modules/react-dom/cjs/react-dom.development.js:26505:5)
      at renderRootSync (../../node_modules/.pnpm/react-dom@18.3.1_react@18.3.1/node_modules/react-dom/cjs/react-dom.development.js:26473:7)
      at recoverFromConcurrentError (../../node_modules/.pnpm/react-dom@18.3.1_react@18.3.1/node_modules/react-dom/cjs/react-dom.development.js:25889:20)
      at performConcurrentWorkOnRoot (../../node_modules/.pnpm/react-dom@18.3.1_react@18.3.1/node_modules/react-dom/cjs/react-dom.development.js:25789:22)
      at flushActQueue (../../node_modules/.pnpm/react@18.3.1/node_modules/react/cjs/react.development.js:2667:24)
      at act (../../node_modules/.pnpm/react@18.3.1/node_modules/react/cjs/react.development.js:2582:11)
      at ../../node_modules/.pnpm/@testing-library+react@16.3.2_@testing-library+dom@10.4.1_@types+react-dom@18.3.7_@types+reac_3k5f6qynewwmkoqvlvtzlgtsjq/node_modules/@testing-library/react/dist/act-compat.js:46:25
      at renderRoot (../../node_modules/.pnpm/@testing-library+react@16.3.2_@testing-library+dom@10.4.1_@types+react-dom@18.3.7_@types+reac_3k5f6qynewwmkoqvlvtzlgtsjq/node_modules/@testing-library/react/dist/pure.js:189:26)
      at render (../../node_modules/.pnpm/@testing-library+react@16.3.2_@testing-library+dom@10.4.1_@types+react-dom@18.3.7_@types+reac_3k5f6qynewwmkoqvlvtzlgtsjq/node_modules/@testing-library/react/dist/pure.js:291:10)
      at Object.<anonymous> (components/__tests__/roles-table.test.tsx:100:11)

    console.error
      Error: Uncaught [Error: `Tooltip` must be used within `TooltipProvider`]
          at reportException (/app/node_modules/.pnpm/jsdom@20.0.3/node_modules/jsdom/lib/jsdom/living/helpers/runtime-script-errors.js:66:24)
          at innerInvokeEventListeners (/app/node_modules/.pnpm/jsdom@20.0.3/node_modules/jsdom/lib/jsdom/living/events/EventTarget-impl.js:353:9)
          at invokeEventListeners (/app/node_modules/.pnpm/jsdom@20.0.3/node_modules/jsdom/lib/jsdom/living/events/EventTarget-impl.js:286:3)
          at HTMLUnknownElementImpl._dispatch (/app/node_modules/.pnpm/jsdom@20.0.3/node_modules/jsdom/lib/jsdom/living/events/EventTarget-impl.js:233:9)
          at HTMLUnknownElementImpl.dispatchEvent (/app/node_modules/.pnpm/jsdom@20.0.3/node_modules/jsdom/lib/jsdom/living/events/EventTarget-impl.js:104:17)
          at HTMLUnknownElement.dispatchEvent (/app/node_modules/.pnpm/jsdom@20.0.3/node_modules/jsdom/lib/jsdom/living/generated/EventTarget.js:241:34)
          at Object.invokeGuardedCallbackDev (/app/node_modules/.pnpm/react-dom@18.3.1_react@18.3.1/node_modules/react-dom/cjs/react-dom.development.js:4213:16)
          at invokeGuardedCallback (/app/node_modules/.pnpm/react-dom@18.3.1_react@18.3.1/node_modules/react-dom/cjs/react-dom.development.js:4277:31)
          at beginWork$1 (/app/node_modules/.pnpm/react-dom@18.3.1_react@18.3.1/node_modules/react-dom/cjs/react-dom.development.js:27490:7)
          at performUnitOfWork (/app/node_modules/.pnpm/react-dom@18.3.1_react@18.3.1/node_modules/react-dom/cjs/react-dom.development.js:26599:12)
          at workLoopSync (/app/node_modules/.pnpm/react-dom@18.3.1_react@18.3.1/node_modules/react-dom/cjs/react-dom.development.js:26505:5)
          at renderRootSync (/app/node_modules/.pnpm/react-dom@18.3.1_react@18.3.1/node_modules/react-dom/cjs/react-dom.development.js:26473:7)
          at recoverFromConcurrentError (/app/node_modules/.pnpm/react-dom@18.3.1_react@18.3.1/node_modules/react-dom/cjs/react-dom.development.js:25889:20)
          at performConcurrentWorkOnRoot (/app/node_modules/.pnpm/react-dom@18.3.1_react@18.3.1/node_modules/react-dom/cjs/react-dom.development.js:25789:22)
          at flushActQueue (/app/node_modules/.pnpm/react@18.3.1/node_modules/react/cjs/react.development.js:2667:24)
          at act (/app/node_modules/.pnpm/react@18.3.1/node_modules/react/cjs/react.development.js:2582:11)
          at /app/node_modules/.pnpm/@testing-library+react@16.3.2_@testing-library+dom@10.4.1_@types+react-dom@18.3.7_@types+reac_3k5f6qynewwmkoqvlvtzlgtsjq/node_modules/@testing-library/react/dist/act-compat.js:46:25
          at renderRoot (/app/node_modules/.pnpm/@testing-library+react@16.3.2_@testing-library+dom@10.4.1_@types+react-dom@18.3.7_@types+reac_3k5f6qynewwmkoqvlvtzlgtsjq/node_modules/@testing-library/react/dist/pure.js:189:26)
          at render (/app/node_modules/.pnpm/@testing-library+react@16.3.2_@testing-library+dom@10.4.1_@types+react-dom@18.3.7_@types+reac_3k5f6qynewwmkoqvlvtzlgtsjq/node_modules/@testing-library/react/dist/pure.js:291:10)
          at Object.<anonymous> (/app/apps/admin/components/__tests__/roles-table.test.tsx:100:11)
          at Promise.then.completed (/app/node_modules/.pnpm/jest-circus@29.7.0/node_modules/jest-circus/build/utils.js:298:28)
          at new Promise (<anonymous>)
          at callAsyncCircusFn (/app/node_modules/.pnpm/jest-circus@29.7.0/node_modules/jest-circus/build/utils.js:231:10)
          at _callCircusTest (/app/node_modules/.pnpm/jest-circus@29.7.0/node_modules/jest-circus/build/run.js:316:40)
          at processTicksAndRejections (node:internal/process/task_queues:103:5)
          at _runTest (/app/node_modules/.pnpm/jest-circus@29.7.0/node_modules/jest-circus/build/run.js:252:3)
          at _runTestsForDescribeBlock (/app/node_modules/.pnpm/jest-circus@29.7.0/node_modules/jest-circus/build/run.js:126:9)
          at _runTestsForDescribeBlock (/app/node_modules/.pnpm/jest-circus@29.7.0/node_modules/jest-circus/build/run.js:121:9)
          at run (/app/node_modules/.pnpm/jest-circus@29.7.0/node_modules/jest-circus/build/run.js:71:3)
          at runAndTransformResultsToJestFormat (/app/node_modules/.pnpm/jest-circus@29.7.0/node_modules/jest-circus/build/legacy-code-todo-rewrite/jestAdapterInit.js:122:21)
          at jestAdapter (/app/node_modules/.pnpm/jest-circus@29.7.0/node_modules/jest-circus/build/legacy-code-todo-rewrite/jestAdapter.js:79:19)
          at runTestInternal (/app/node_modules/.pnpm/jest-runner@29.7.0/node_modules/jest-runner/build/runTest.js:367:16)
          at runTest (/app/node_modules/.pnpm/jest-runner@29.7.0/node_modules/jest-runner/build/runTest.js:444:34)
          at Object.worker (/app/node_modules/.pnpm/jest-runner@29.7.0/node_modules/jest-runner/build/testWorker.js:106:12) {
        detail: Error: `Tooltip` must be used within `TooltipProvider`
            at useContext2 (/app/node_modules/.pnpm/@radix-ui+react-context@1.1.2_@types+react@18.3.29_react@18.3.1/node_modules/@radix-ui/react-context/src/create-context.tsx:75:13)
            at Tooltip (/app/node_modules/.pnpm/@radix-ui+react-tooltip@1.2.8_@types+react-dom@18.3.7_@types+react@18.3.29__@types+react@18.3_xrwsnt2rmlacewwolijhmzdoxi/node_modules/@radix-ui/react-tooltip/src/tooltip.tsx:162:27)
            at renderWithHooks (/app/node_modules/.pnpm/react-dom@18.3.1_react@18.3.1/node_modules/react-dom/cjs/react-dom.development.js:15486:18)
            at mountIndeterminateComponent (/app/node_modules/.pnpm/react-dom@18.3.1_react@18.3.1/node_modules/react-dom/cjs/react-dom.development.js:20103:13)
            at beginWork (/app/node_modules/.pnpm/react-dom@18.3.1_react@18.3.1/node_modules/react-dom/cjs/react-dom.development.js:21626:16)
            at HTMLUnknownElement.callCallback (/app/node_modules/.pnpm/react-dom@18.3.1_react@18.3.1/node_modules/react-dom/cjs/react-dom.development.js:4164:14)
            at HTMLUnknownElement.callTheUserObjectsOperation (/app/node_modules/.pnpm/jsdom@20.0.3/node_modules/jsdom/lib/jsdom/living/generated/EventListener.js:26:30)
            at innerInvokeEventListeners (/app/node_modules/.pnpm/jsdom@20.0.3/node_modules/jsdom/lib/jsdom/living/events/EventTarget-impl.js:350:25)
            at invokeEventListeners (/app/node_modules/.pnpm/jsdom@20.0.3/node_modules/jsdom/lib/jsdom/living/events/EventTarget-impl.js:286:3)
            at HTMLUnknownElementImpl._dispatch (/app/node_modules/.pnpm/jsdom@20.0.3/node_modules/jsdom/lib/jsdom/living/events/EventTarget-impl.js:233:9)
            at HTMLUnknownElementImpl.dispatchEvent (/app/node_modules/.pnpm/jsdom@20.0.3/node_modules/jsdom/lib/jsdom/living/events/EventTarget-impl.js:104:17)
            at HTMLUnknownElement.dispatchEvent (/app/node_modules/.pnpm/jsdom@20.0.3/node_modules/jsdom/lib/jsdom/living/generated/EventTarget.js:241:34)
            at Object.invokeGuardedCallbackDev (/app/node_modules/.pnpm/react-dom@18.3.1_react@18.3.1/node_modules/react-dom/cjs/react-dom.development.js:4213:16)
            at invokeGuardedCallback (/app/node_modules/.pnpm/react-dom@18.3.1_react@18.3.1/node_modules/react-dom/cjs/react-dom.development.js:4277:31)
            at beginWork$1 (/app/node_modules/.pnpm/react-dom@18.3.1_react@18.3.1/node_modules/react-dom/cjs/react-dom.development.js:27490:7)
            at performUnitOfWork (/app/node_modules/.pnpm/react-dom@18.3.1_react@18.3.1/node_modules/react-dom/cjs/react-dom.development.js:26599:12)
            at workLoopSync (/app/node_modules/.pnpm/react-dom@18.3.1_react@18.3.1/node_modules/react-dom/cjs/react-dom.development.js:26505:5)
            at renderRootSync (/app/node_modules/.pnpm/react-dom@18.3.1_react@18.3.1/node_modules/react-dom/cjs/react-dom.development.js:26473:7)
            at recoverFromConcurrentError (/app/node_modules/.pnpm/react-dom@18.3.1_react@18.3.1/node_modules/react-dom/cjs/react-dom.development.js:25889:20)
            at performConcurrentWorkOnRoot (/app/node_modules/.pnpm/react-dom@18.3.1_react@18.3.1/node_modules/react-dom/cjs/react-dom.development.js:25789:22)
            at flushActQueue (/app/node_modules/.pnpm/react@18.3.1/node_modules/react/cjs/react.development.js:2667:24)
            at act (/app/node_modules/.pnpm/react@18.3.1/node_modules/react/cjs/react.development.js:2582:11)
            at /app/node_modules/.pnpm/@testing-library+react@16.3.2_@testing-library+dom@10.4.1_@types+react-dom@18.3.7_@types+reac_3k5f6qynewwmkoqvlvtzlgtsjq/node_modules/@testing-library/react/dist/act-compat.js:46:25
            at renderRoot (/app/node_modules/.pnpm/@testing-library+react@16.3.2_@testing-library+dom@10.4.1_@types+react-dom@18.3.7_@types+reac_3k5f6qynewwmkoqvlvtzlgtsjq/node_modules/@testing-library/react/dist/pure.js:189:26)
            at render (/app/node_modules/.pnpm/@testing-library+react@16.3.2_@testing-library+dom@10.4.1_@types+react-dom@18.3.7_@types+reac_3k5f6qynewwmkoqvlvtzlgtsjq/node_modules/@testing-library/react/dist/pure.js:291:10)
            at Object.<anonymous> (/app/apps/admin/components/__tests__/roles-table.test.tsx:100:11)
            at Promise.then.completed (/app/node_modules/.pnpm/jest-circus@29.7.0/node_modules/jest-circus/build/utils.js:298:28)
            at new Promise (<anonymous>)
            at callAsyncCircusFn (/app/node_modules/.pnpm/jest-circus@29.7.0/node_modules/jest-circus/build/utils.js:231:10)
            at _callCircusTest (/app/node_modules/.pnpm/jest-circus@29.7.0/node_modules/jest-circus/build/run.js:316:40)
            at processTicksAndRejections (node:internal/process/task_queues:103:5)
            at _runTest (/app/node_modules/.pnpm/jest-circus@29.7.0/node_modules/jest-circus/build/run.js:252:3)
            at _runTestsForDescribeBlock (/app/node_modules/.pnpm/jest-circus@29.7.0/node_modules/jest-circus/build/run.js:126:9)
            at _runTestsForDescribeBlock (/app/node_modules/.pnpm/jest-circus@29.7.0/node_modules/jest-circus/build/run.js:121:9)
            at run (/app/node_modules/.pnpm/jest-circus@29.7.0/node_modules/jest-circus/build/run.js:71:3)
            at runAndTransformResultsToJestFormat (/app/node_modules/.pnpm/jest-circus@29.7.0/node_modules/jest-circus/build/legacy-code-todo-rewrite/jestAdapterInit.js:122:21)
            at jestAdapter (/app/node_modules/.pnpm/jest-circus@29.7.0/node_modules/jest-circus/build/legacy-code-todo-rewrite/jestAdapter.js:79:19)
            at runTestInternal (/app/node_modules/.pnpm/jest-runner@29.7.0/node_modules/jest-runner/build/runTest.js:367:16)
            at runTest (/app/node_modules/.pnpm/jest-runner@29.7.0/node_modules/jest-runner/build/runTest.js:444:34)
            at Object.worker (/app/node_modules/.pnpm/jest-runner@29.7.0/node_modules/jest-runner/build/testWorker.js:106:12),
        type: 'unhandled exception'
      }

       98 |
       99 |   it('hides Create/Edit/Delete affordances when canWrite=false', () => {
    > 100 |     render(withIntl(<RolesTable initial={initial} apps={apps} canWrite={false} />))
          |           ^
      101 |     expect(screen.queryByRole('button', { name: new RegExp(en.roles.create) })).not.toBeInTheDocument()
      102 |     expect(screen.queryAllByRole('menuitem', { name: en.roles.actions.edit })).toHaveLength(0)
      103 |     expect(screen.queryAllByRole('menuitem', { name: en.roles.actions.delete })).toHaveLength(0)

      at VirtualConsole.<anonymous> (../../node_modules/.pnpm/jest-environment-jsdom@29.7.0/node_modules/jest-environment-jsdom/build/index.js:63:23)
      at reportException (../../node_modules/.pnpm/jsdom@20.0.3/node_modules/jsdom/lib/jsdom/living/helpers/runtime-script-errors.js:70:28)
      at innerInvokeEventListeners (../../node_modules/.pnpm/jsdom@20.0.3/node_modules/jsdom/lib/jsdom/living/events/EventTarget-impl.js:353:9)
      at invokeEventListeners (../../node_modules/.pnpm/jsdom@20.0.3/node_modules/jsdom/lib/jsdom/living/events/EventTarget-impl.js:286:3)
      at HTMLUnknownElementImpl._dispatch (../../node_modules/.pnpm/jsdom@20.0.3/node_modules/jsdom/lib/jsdom/living/events/EventTarget-impl.js:233:9)
      at HTMLUnknownElementImpl.dispatchEvent (../../node_modules/.pnpm/jsdom@20.0.3/node_modules/jsdom/lib/jsdom/living/events/EventTarget-impl.js:104:17)
      at HTMLUnknownElement.dispatchEvent (../../node_modules/.pnpm/jsdom@20.0.3/node_modules/jsdom/lib/jsdom/living/generated/EventTarget.js:241:34)
      at Object.invokeGuardedCallbackDev (../../node_modules/.pnpm/react-dom@18.3.1_react@18.3.1/node_modules/react-dom/cjs/react-dom.development.js:4213:16)
      at invokeGuardedCallback (../../node_modules/.pnpm/react-dom@18.3.1_react@18.3.1/node_modules/react-dom/cjs/react-dom.development.js:4277:31)
      at beginWork$1 (../../node_modules/.pnpm/react-dom@18.3.1_react@18.3.1/node_modules/react-dom/cjs/react-dom.development.js:27490:7)
      at performUnitOfWork (../../node_modules/.pnpm/react-dom@18.3.1_react@18.3.1/node_modules/react-dom/cjs/react-dom.development.js:26599:12)
      at workLoopSync (../../node_modules/.pnpm/react-dom@18.3.1_react@18.3.1/node_modules/react-dom/cjs/react-dom.development.js:26505:5)
      at renderRootSync (../../node_modules/.pnpm/react-dom@18.3.1_react@18.3.1/node_modules/react-dom/cjs/react-dom.development.js:26473:7)
      at recoverFromConcurrentError (../../node_modules/.pnpm/react-dom@18.3.1_react@18.3.1/node_modules/react-dom/cjs/react-dom.development.js:25889:20)
      at performConcurrentWorkOnRoot (../../node_modules/.pnpm/react-dom@18.3.1_react@18.3.1/node_modules/react-dom/cjs/react-dom.development.js:25789:22)
      at flushActQueue (../../node_modules/.pnpm/react@18.3.1/node_modules/react/cjs/react.development.js:2667:24)
      at act (../../node_modules/.pnpm/react@18.3.1/node_modules/react/cjs/react.development.js:2582:11)
      at ../../node_modules/.pnpm/@testing-library+react@16.3.2_@testing-library+dom@10.4.1_@types+react-dom@18.3.7_@types+reac_3k5f6qynewwmkoqvlvtzlgtsjq/node_modules/@testing-library/react/dist/act-compat.js:46:25
      at renderRoot (../../node_modules/.pnpm/@testing-library+react@16.3.2_@testing-library+dom@10.4.1_@types+react-dom@18.3.7_@types+reac_3k5f6qynewwmkoqvlvtzlgtsjq/node_modules/@testing-library/react/dist/pure.js:189:26)
      at render (../../node_modules/.pnpm/@testing-library+react@16.3.2_@testing-library+dom@10.4.1_@types+react-dom@18.3.7_@types+reac_3k5f6qynewwmkoqvlvtzlgtsjq/node_modules/@testing-library/react/dist/pure.js:291:10)
      at Object.<anonymous> (components/__tests__/roles-table.test.tsx:100:11)

    console.error
      The above error occurred in the <Tooltip> component:

          at Tooltip (/app/node_modules/.pnpm/@radix-ui+react-tooltip@1.2.8_@types+react-dom@18.3.7_@types+react@18.3.29__@types+react@18.3_xrwsnt2rmlacewwolijhmzdoxi/node_modules/@radix-ui/react-tooltip/src/tooltip.tsx:154:5)
          at div
          at cell (/app/apps/admin/components/roles-table.tsx:82:16)
          at td
          at /app/packages/ui/src/components/ui/table.tsx:87:6
          at tr
          at /app/packages/ui/src/components/ui/table.tsx:57:6
          at tbody
          at /app/packages/ui/src/components/ui/table.tsx:30:6
          at table
          at div
          at /app/packages/ui/src/components/ui/table.tsx:8:6
          at DataTable (/app/packages/ui/src/components/data-table.tsx:23:36)
          at div
          at RolesTable (/app/apps/admin/components/roles-table.tsx:27:30)
          at IntlProvider (/app/node_modules/.pnpm/use-intl@3.26.5_react@18.3.1/node_modules/use-intl/dist/development/_IntlProvider.js:16:5)
          at NextIntlClientProvider (/app/node_modules/.pnpm/next-intl@3.26.5_next@15.5.18_@babel+core@7.29.7_@opentelemetry+api@1.9.1_@playwright+test@1._uib3rlo2eksg3yll53rffkx7ea/node_modules/next-intl/dist/development/shared/NextIntlClientProvider.js:16:5)

      Consider adding an error boundary to your tree to customize error handling behavior.
      Visit https://reactjs.org/link/error-boundaries to learn more about error boundaries.

       98 |
       99 |   it('hides Create/Edit/Delete affordances when canWrite=false', () => {
    > 100 |     render(withIntl(<RolesTable initial={initial} apps={apps} canWrite={false} />))
          |           ^
      101 |     expect(screen.queryByRole('button', { name: new RegExp(en.roles.create) })).not.toBeInTheDocument()
      102 |     expect(screen.queryAllByRole('menuitem', { name: en.roles.actions.edit })).toHaveLength(0)
      103 |     expect(screen.queryAllByRole('menuitem', { name: en.roles.actions.delete })).toHaveLength(0)

      at logCapturedError (../../node_modules/.pnpm/react-dom@18.3.1_react@18.3.1/node_modules/react-dom/cjs/react-dom.development.js:18704:23)
      at update.callback (../../node_modules/.pnpm/react-dom@18.3.1_react@18.3.1/node_modules/react-dom/cjs/react-dom.development.js:18737:5)
      at callCallback (../../node_modules/.pnpm/react-dom@18.3.1_react@18.3.1/node_modules/react-dom/cjs/react-dom.development.js:15036:12)
      at commitUpdateQueue (../../node_modules/.pnpm/react-dom@18.3.1_react@18.3.1/node_modules/react-dom/cjs/react-dom.development.js:15057:9)
      at commitLayoutEffectOnFiber (../../node_modules/.pnpm/react-dom@18.3.1_react@18.3.1/node_modules/react-dom/cjs/react-dom.development.js:23430:13)
      at commitLayoutMountEffects_complete (../../node_modules/.pnpm/react-dom@18.3.1_react@18.3.1/node_modules/react-dom/cjs/react-dom.development.js:24727:9)
      at commitLayoutEffects_begin (../../node_modules/.pnpm/react-dom@18.3.1_react@18.3.1/node_modules/react-dom/cjs/react-dom.development.js:24713:7)
      at commitLayoutEffects (../../node_modules/.pnpm/react-dom@18.3.1_react@18.3.1/node_modules/react-dom/cjs/react-dom.development.js:24651:3)
      at commitRootImpl (../../node_modules/.pnpm/react-dom@18.3.1_react@18.3.1/node_modules/react-dom/cjs/react-dom.development.js:26862:5)
      at commitRoot (../../node_modules/.pnpm/react-dom@18.3.1_react@18.3.1/node_modules/react-dom/cjs/react-dom.development.js:26721:5)
      at finishConcurrentRender (../../node_modules/.pnpm/react-dom@18.3.1_react@18.3.1/node_modules/react-dom/cjs/react-dom.development.js:25931:9)
      at performConcurrentWorkOnRoot (../../node_modules/.pnpm/react-dom@18.3.1_react@18.3.1/node_modules/react-dom/cjs/react-dom.development.js:25848:7)
      at flushActQueue (../../node_modules/.pnpm/react@18.3.1/node_modules/react/cjs/react.development.js:2667:24)
      at act (../../node_modules/.pnpm/react@18.3.1/node_modules/react/cjs/react.development.js:2582:11)
      at ../../node_modules/.pnpm/@testing-library+react@16.3.2_@testing-library+dom@10.4.1_@types+react-dom@18.3.7_@types+reac_3k5f6qynewwmkoqvlvtzlgtsjq/node_modules/@testing-library/react/dist/act-compat.js:46:25
      at renderRoot (../../node_modules/.pnpm/@testing-library+react@16.3.2_@testing-library+dom@10.4.1_@types+react-dom@18.3.7_@types+reac_3k5f6qynewwmkoqvlvtzlgtsjq/node_modules/@testing-library/react/dist/pure.js:189:26)
      at render (../../node_modules/.pnpm/@testing-library+react@16.3.2_@testing-library+dom@10.4.1_@types+react-dom@18.3.7_@types+reac_3k5f6qynewwmkoqvlvtzlgtsjq/node_modules/@testing-library/react/dist/pure.js:291:10)
      at Object.<anonymous> (components/__tests__/roles-table.test.tsx:100:11)

    console.error
      The above error occurred in the <Tooltip> component:

          at Tooltip (/app/node_modules/.pnpm/@radix-ui+react-tooltip@1.2.8_@types+react-dom@18.3.7_@types+react@18.3.29__@types+react@18.3_xrwsnt2rmlacewwolijhmzdoxi/node_modules/@radix-ui/react-tooltip/src/tooltip.tsx:154:5)
          at Passthrough (/app/apps/admin/components/__tests__/roles-table.test.tsx:20:26)
          at cell (/app/apps/admin/components/roles-table.tsx:123:16)
          at td
          at /app/packages/ui/src/components/ui/table.tsx:87:6
          at tr
          at /app/packages/ui/src/components/ui/table.tsx:57:6
          at tbody
          at /app/packages/ui/src/components/ui/table.tsx:30:6
          at table
          at div
          at /app/packages/ui/src/components/ui/table.tsx:8:6
          at DataTable (/app/packages/ui/src/components/data-table.tsx:23:36)
          at div
          at RolesTable (/app/apps/admin/components/roles-table.tsx:27:30)
          at IntlProvider (/app/node_modules/.pnpm/use-intl@3.26.5_react@18.3.1/node_modules/use-intl/dist/development/_IntlProvider.js:16:5)
          at NextIntlClientProvider (/app/node_modules/.pnpm/next-intl@3.26.5_next@15.5.18_@babel+core@7.29.7_@opentelemetry+api@1.9.1_@playwright+test@1._uib3rlo2eksg3yll53rffkx7ea/node_modules/next-intl/dist/development/shared/NextIntlClientProvider.js:16:5)

      Consider adding an error boundary to your tree to customize error handling behavior.
      Visit https://reactjs.org/link/error-boundaries to learn more about error boundaries.

       98 |
       99 |   it('hides Create/Edit/Delete affordances when canWrite=false', () => {
    > 100 |     render(withIntl(<RolesTable initial={initial} apps={apps} canWrite={false} />))
          |           ^
      101 |     expect(screen.queryByRole('button', { name: new RegExp(en.roles.create) })).not.toBeInTheDocument()
      102 |     expect(screen.queryAllByRole('menuitem', { name: en.roles.actions.edit })).toHaveLength(0)
      103 |     expect(screen.queryAllByRole('menuitem', { name: en.roles.actions.delete })).toHaveLength(0)

      at logCapturedError (../../node_modules/.pnpm/react-dom@18.3.1_react@18.3.1/node_modules/react-dom/cjs/react-dom.development.js:18704:23)
      at update.callback (../../node_modules/.pnpm/react-dom@18.3.1_react@18.3.1/node_modules/react-dom/cjs/react-dom.development.js:18737:5)
      at callCallback (../../node_modules/.pnpm/react-dom@18.3.1_react@18.3.1/node_modules/react-dom/cjs/react-dom.development.js:15036:12)
      at commitUpdateQueue (../../node_modules/.pnpm/react-dom@18.3.1_react@18.3.1/node_modules/react-dom/cjs/react-dom.development.js:15057:9)
      at commitLayoutEffectOnFiber (../../node_modules/.pnpm/react-dom@18.3.1_react@18.3.1/node_modules/react-dom/cjs/react-dom.development.js:23430:13)
      at commitLayoutMountEffects_complete (../../node_modules/.pnpm/react-dom@18.3.1_react@18.3.1/node_modules/react-dom/cjs/react-dom.development.js:24727:9)
      at commitLayoutEffects_begin (../../node_modules/.pnpm/react-dom@18.3.1_react@18.3.1/node_modules/react-dom/cjs/react-dom.development.js:24713:7)
      at commitLayoutEffects (../../node_modules/.pnpm/react-dom@18.3.1_react@18.3.1/node_modules/react-dom/cjs/react-dom.development.js:24651:3)
      at commitRootImpl (../../node_modules/.pnpm/react-dom@18.3.1_react@18.3.1/node_modules/react-dom/cjs/react-dom.development.js:26862:5)
      at commitRoot (../../node_modules/.pnpm/react-dom@18.3.1_react@18.3.1/node_modules/react-dom/cjs/react-dom.development.js:26721:5)
      at finishConcurrentRender (../../node_modules/.pnpm/react-dom@18.3.1_react@18.3.1/node_modules/react-dom/cjs/react-dom.development.js:25931:9)
      at performConcurrentWorkOnRoot (../../node_modules/.pnpm/react-dom@18.3.1_react@18.3.1/node_modules/react-dom/cjs/react-dom.development.js:25848:7)
      at flushActQueue (../../node_modules/.pnpm/react@18.3.1/node_modules/react/cjs/react.development.js:2667:24)
      at act (../../node_modules/.pnpm/react@18.3.1/node_modules/react/cjs/react.development.js:2582:11)
      at ../../node_modules/.pnpm/@testing-library+react@16.3.2_@testing-library+dom@10.4.1_@types+react-dom@18.3.7_@types+reac_3k5f6qynewwmkoqvlvtzlgtsjq/node_modules/@testing-library/react/dist/act-compat.js:46:25
      at renderRoot (../../node_modules/.pnpm/@testing-library+react@16.3.2_@testing-library+dom@10.4.1_@types+react-dom@18.3.7_@types+reac_3k5f6qynewwmkoqvlvtzlgtsjq/node_modules/@testing-library/react/dist/pure.js:189:26)
      at render (../../node_modules/.pnpm/@testing-library+react@16.3.2_@testing-library+dom@10.4.1_@types+react-dom@18.3.7_@types+reac_3k5f6qynewwmkoqvlvtzlgtsjq/node_modules/@testing-library/react/dist/pure.js:291:10)
      at Object.<anonymous> (components/__tests__/roles-table.test.tsx:100:11)

    console.error
      The above error occurred in the <Tooltip> component:

          at Tooltip (/app/node_modules/.pnpm/@radix-ui+react-tooltip@1.2.8_@types+react-dom@18.3.7_@types+react@18.3.29__@types+react@18.3_xrwsnt2rmlacewwolijhmzdoxi/node_modules/@radix-ui/react-tooltip/src/tooltip.tsx:154:5)
          at div
          at cell (/app/apps/admin/components/roles-table.tsx:82:16)
          at td
          at /app/packages/ui/src/components/ui/table.tsx:87:6
          at tr
          at /app/packages/ui/src/components/ui/table.tsx:57:6
          at tbody
          at /app/packages/ui/src/components/ui/table.tsx:30:6
          at table
          at div
          at /app/packages/ui/src/components/ui/table.tsx:8:6
          at DataTable (/app/packages/ui/src/components/data-table.tsx:23:36)
          at div
          at RolesTable (/app/apps/admin/components/roles-table.tsx:27:30)
          at IntlProvider (/app/node_modules/.pnpm/use-intl@3.26.5_react@18.3.1/node_modules/use-intl/dist/development/_IntlProvider.js:16:5)
          at NextIntlClientProvider (/app/node_modules/.pnpm/next-intl@3.26.5_next@15.5.18_@babel+core@7.29.7_@opentelemetry+api@1.9.1_@playwright+test@1._uib3rlo2eksg3yll53rffkx7ea/node_modules/next-intl/dist/development/shared/NextIntlClientProvider.js:16:5)

      Consider adding an error boundary to your tree to customize error handling behavior.
      Visit https://reactjs.org/link/error-boundaries to learn more about error boundaries.

       98 |
       99 |   it('hides Create/Edit/Delete affordances when canWrite=false', () => {
    > 100 |     render(withIntl(<RolesTable initial={initial} apps={apps} canWrite={false} />))
          |           ^
      101 |     expect(screen.queryByRole('button', { name: new RegExp(en.roles.create) })).not.toBeInTheDocument()
      102 |     expect(screen.queryAllByRole('menuitem', { name: en.roles.actions.edit })).toHaveLength(0)
      103 |     expect(screen.queryAllByRole('menuitem', { name: en.roles.actions.delete })).toHaveLength(0)

      at logCapturedError (../../node_modules/.pnpm/react-dom@18.3.1_react@18.3.1/node_modules/react-dom/cjs/react-dom.development.js:18704:23)
      at update.callback (../../node_modules/.pnpm/react-dom@18.3.1_react@18.3.1/node_modules/react-dom/cjs/react-dom.development.js:18737:5)
      at callCallback (../../node_modules/.pnpm/react-dom@18.3.1_react@18.3.1/node_modules/react-dom/cjs/react-dom.development.js:15036:12)
      at commitUpdateQueue (../../node_modules/.pnpm/react-dom@18.3.1_react@18.3.1/node_modules/react-dom/cjs/react-dom.development.js:15057:9)
      at commitLayoutEffectOnFiber (../../node_modules/.pnpm/react-dom@18.3.1_react@18.3.1/node_modules/react-dom/cjs/react-dom.development.js:23430:13)
      at commitLayoutMountEffects_complete (../../node_modules/.pnpm/react-dom@18.3.1_react@18.3.1/node_modules/react-dom/cjs/react-dom.development.js:24727:9)
      at commitLayoutEffects_begin (../../node_modules/.pnpm/react-dom@18.3.1_react@18.3.1/node_modules/react-dom/cjs/react-dom.development.js:24713:7)
      at commitLayoutEffects (../../node_modules/.pnpm/react-dom@18.3.1_react@18.3.1/node_modules/react-dom/cjs/react-dom.development.js:24651:3)
      at commitRootImpl (../../node_modules/.pnpm/react-dom@18.3.1_react@18.3.1/node_modules/react-dom/cjs/react-dom.development.js:26862:5)
      at commitRoot (../../node_modules/.pnpm/react-dom@18.3.1_react@18.3.1/node_modules/react-dom/cjs/react-dom.development.js:26721:5)
      at finishConcurrentRender (../../node_modules/.pnpm/react-dom@18.3.1_react@18.3.1/node_modules/react-dom/cjs/react-dom.development.js:25931:9)
      at performConcurrentWorkOnRoot (../../node_modules/.pnpm/react-dom@18.3.1_react@18.3.1/node_modules/react-dom/cjs/react-dom.development.js:25848:7)
      at flushActQueue (../../node_modules/.pnpm/react@18.3.1/node_modules/react/cjs/react.development.js:2667:24)
      at act (../../node_modules/.pnpm/react@18.3.1/node_modules/react/cjs/react.development.js:2582:11)
      at ../../node_modules/.pnpm/@testing-library+react@16.3.2_@testing-library+dom@10.4.1_@types+react-dom@18.3.7_@types+reac_3k5f6qynewwmkoqvlvtzlgtsjq/node_modules/@testing-library/react/dist/act-compat.js:46:25
      at renderRoot (../../node_modules/.pnpm/@testing-library+react@16.3.2_@testing-library+dom@10.4.1_@types+react-dom@18.3.7_@types+reac_3k5f6qynewwmkoqvlvtzlgtsjq/node_modules/@testing-library/react/dist/pure.js:189:26)
      at render (../../node_modules/.pnpm/@testing-library+react@16.3.2_@testing-library+dom@10.4.1_@types+react-dom@18.3.7_@types+reac_3k5f6qynewwmkoqvlvtzlgtsjq/node_modules/@testing-library/react/dist/pure.js:291:10)
      at Object.<anonymous> (components/__tests__/roles-table.test.tsx:100:11)

    console.error
      The above error occurred in the <Tooltip> component:

          at Tooltip (/app/node_modules/.pnpm/@radix-ui+react-tooltip@1.2.8_@types+react-dom@18.3.7_@types+react@18.3.29__@types+react@18.3_xrwsnt2rmlacewwolijhmzdoxi/node_modules/@radix-ui/react-tooltip/src/tooltip.tsx:154:5)
          at Passthrough (/app/apps/admin/components/__tests__/roles-table.test.tsx:20:26)
          at cell (/app/apps/admin/components/roles-table.tsx:123:16)
          at td
          at /app/packages/ui/src/components/ui/table.tsx:87:6
          at tr
          at /app/packages/ui/src/components/ui/table.tsx:57:6
          at tbody
          at /app/packages/ui/src/components/ui/table.tsx:30:6
          at table
          at div
          at /app/packages/ui/src/components/ui/table.tsx:8:6
          at DataTable (/app/packages/ui/src/components/data-table.tsx:23:36)
          at div
          at RolesTable (/app/apps/admin/components/roles-table.tsx:27:30)
          at IntlProvider (/app/node_modules/.pnpm/use-intl@3.26.5_react@18.3.1/node_modules/use-intl/dist/development/_IntlProvider.js:16:5)
          at NextIntlClientProvider (/app/node_modules/.pnpm/next-intl@3.26.5_next@15.5.18_@babel+core@7.29.7_@opentelemetry+api@1.9.1_@playwright+test@1._uib3rlo2eksg3yll53rffkx7ea/node_modules/next-intl/dist/development/shared/NextIntlClientProvider.js:16:5)

      Consider adding an error boundary to your tree to customize error handling behavior.
      Visit https://reactjs.org/link/error-boundaries to learn more about error boundaries.

       98 |
       99 |   it('hides Create/Edit/Delete affordances when canWrite=false', () => {
    > 100 |     render(withIntl(<RolesTable initial={initial} apps={apps} canWrite={false} />))
          |           ^
      101 |     expect(screen.queryByRole('button', { name: new RegExp(en.roles.create) })).not.toBeInTheDocument()
      102 |     expect(screen.queryAllByRole('menuitem', { name: en.roles.actions.edit })).toHaveLength(0)
      103 |     expect(screen.queryAllByRole('menuitem', { name: en.roles.actions.delete })).toHaveLength(0)

      at logCapturedError (../../node_modules/.pnpm/react-dom@18.3.1_react@18.3.1/node_modules/react-dom/cjs/react-dom.development.js:18704:23)
      at update.callback (../../node_modules/.pnpm/react-dom@18.3.1_react@18.3.1/node_modules/react-dom/cjs/react-dom.development.js:18737:5)
      at callCallback (../../node_modules/.pnpm/react-dom@18.3.1_react@18.3.1/node_modules/react-dom/cjs/react-dom.development.js:15036:12)
      at commitUpdateQueue (../../node_modules/.pnpm/react-dom@18.3.1_react@18.3.1/node_modules/react-dom/cjs/react-dom.development.js:15057:9)
      at commitLayoutEffectOnFiber (../../node_modules/.pnpm/react-dom@18.3.1_react@18.3.1/node_modules/react-dom/cjs/react-dom.development.js:23430:13)
      at commitLayoutMountEffects_complete (../../node_modules/.pnpm/react-dom@18.3.1_react@18.3.1/node_modules/react-dom/cjs/react-dom.development.js:24727:9)
      at commitLayoutEffects_begin (../../node_modules/.pnpm/react-dom@18.3.1_react@18.3.1/node_modules/react-dom/cjs/react-dom.development.js:24713:7)
      at commitLayoutEffects (../../node_modules/.pnpm/react-dom@18.3.1_react@18.3.1/node_modules/react-dom/cjs/react-dom.development.js:24651:3)
      at commitRootImpl (../../node_modules/.pnpm/react-dom@18.3.1_react@18.3.1/node_modules/react-dom/cjs/react-dom.development.js:26862:5)
      at commitRoot (../../node_modules/.pnpm/react-dom@18.3.1_react@18.3.1/node_modules/react-dom/cjs/react-dom.development.js:26721:5)
      at finishConcurrentRender (../../node_modules/.pnpm/react-dom@18.3.1_react@18.3.1/node_modules/react-dom/cjs/react-dom.development.js:25931:9)
      at performConcurrentWorkOnRoot (../../node_modules/.pnpm/react-dom@18.3.1_react@18.3.1/node_modules/react-dom/cjs/react-dom.development.js:25848:7)
      at flushActQueue (../../node_modules/.pnpm/react@18.3.1/node_modules/react/cjs/react.development.js:2667:24)
      at act (../../node_modules/.pnpm/react@18.3.1/node_modules/react/cjs/react.development.js:2582:11)
      at ../../node_modules/.pnpm/@testing-library+react@16.3.2_@testing-library+dom@10.4.1_@types+react-dom@18.3.7_@types+reac_3k5f6qynewwmkoqvlvtzlgtsjq/node_modules/@testing-library/react/dist/act-compat.js:46:25
      at renderRoot (../../node_modules/.pnpm/@testing-library+react@16.3.2_@testing-library+dom@10.4.1_@types+react-dom@18.3.7_@types+reac_3k5f6qynewwmkoqvlvtzlgtsjq/node_modules/@testing-library/react/dist/pure.js:189:26)
      at render (../../node_modules/.pnpm/@testing-library+react@16.3.2_@testing-library+dom@10.4.1_@types+react-dom@18.3.7_@types+reac_3k5f6qynewwmkoqvlvtzlgtsjq/node_modules/@testing-library/react/dist/pure.js:291:10)
      at Object.<anonymous> (components/__tests__/roles-table.test.tsx:100:11)

    console.error
      Error: Uncaught [Error: `Tooltip` must be used within `TooltipProvider`]
          at reportException (/app/node_modules/.pnpm/jsdom@20.0.3/node_modules/jsdom/lib/jsdom/living/helpers/runtime-script-errors.js:66:24)
          at innerInvokeEventListeners (/app/node_modules/.pnpm/jsdom@20.0.3/node_modules/jsdom/lib/jsdom/living/events/EventTarget-impl.js:353:9)
          at invokeEventListeners (/app/node_modules/.pnpm/jsdom@20.0.3/node_modules/jsdom/lib/jsdom/living/events/EventTarget-impl.js:286:3)
          at HTMLUnknownElementImpl._dispatch (/app/node_modules/.pnpm/jsdom@20.0.3/node_modules/jsdom/lib/jsdom/living/events/EventTarget-impl.js:233:9)
          at HTMLUnknownElementImpl.dispatchEvent (/app/node_modules/.pnpm/jsdom@20.0.3/node_modules/jsdom/lib/jsdom/living/events/EventTarget-impl.js:104:17)
          at HTMLUnknownElement.dispatchEvent (/app/node_modules/.pnpm/jsdom@20.0.3/node_modules/jsdom/lib/jsdom/living/generated/EventTarget.js:241:34)
          at Object.invokeGuardedCallbackDev (/app/node_modules/.pnpm/react-dom@18.3.1_react@18.3.1/node_modules/react-dom/cjs/react-dom.development.js:4213:16)
          at invokeGuardedCallback (/app/node_modules/.pnpm/react-dom@18.3.1_react@18.3.1/node_modules/react-dom/cjs/react-dom.development.js:4277:31)
          at beginWork$1 (/app/node_modules/.pnpm/react-dom@18.3.1_react@18.3.1/node_modules/react-dom/cjs/react-dom.development.js:27490:7)
          at performUnitOfWork (/app/node_modules/.pnpm/react-dom@18.3.1_react@18.3.1/node_modules/react-dom/cjs/react-dom.development.js:26599:12)
          at workLoopSync (/app/node_modules/.pnpm/react-dom@18.3.1_react@18.3.1/node_modules/react-dom/cjs/react-dom.development.js:26505:5)
          at renderRootSync (/app/node_modules/.pnpm/react-dom@18.3.1_react@18.3.1/node_modules/react-dom/cjs/react-dom.development.js:26473:7)
          at performConcurrentWorkOnRoot (/app/node_modules/.pnpm/react-dom@18.3.1_react@18.3.1/node_modules/react-dom/cjs/react-dom.development.js:25777:74)
          at flushActQueue (/app/node_modules/.pnpm/react@18.3.1/node_modules/react/cjs/react.development.js:2667:24)
          at act (/app/node_modules/.pnpm/react@18.3.1/node_modules/react/cjs/react.development.js:2582:11)
          at /app/node_modules/.pnpm/@testing-library+react@16.3.2_@testing-library+dom@10.4.1_@types+react-dom@18.3.7_@types+reac_3k5f6qynewwmkoqvlvtzlgtsjq/node_modules/@testing-library/react/dist/act-compat.js:46:25
          at renderRoot (/app/node_modules/.pnpm/@testing-library+react@16.3.2_@testing-library+dom@10.4.1_@types+react-dom@18.3.7_@types+reac_3k5f6qynewwmkoqvlvtzlgtsjq/node_modules/@testing-library/react/dist/pure.js:189:26)
          at render (/app/node_modules/.pnpm/@testing-library+react@16.3.2_@testing-library+dom@10.4.1_@types+react-dom@18.3.7_@types+reac_3k5f6qynewwmkoqvlvtzlgtsjq/node_modules/@testing-library/react/dist/pure.js:291:10)
          at Object.<anonymous> (/app/apps/admin/components/__tests__/roles-table.test.tsx:109:11)
          at Promise.then.completed (/app/node_modules/.pnpm/jest-circus@29.7.0/node_modules/jest-circus/build/utils.js:298:28)
          at new Promise (<anonymous>)
          at callAsyncCircusFn (/app/node_modules/.pnpm/jest-circus@29.7.0/node_modules/jest-circus/build/utils.js:231:10)
          at _callCircusTest (/app/node_modules/.pnpm/jest-circus@29.7.0/node_modules/jest-circus/build/run.js:316:40)
          at processTicksAndRejections (node:internal/process/task_queues:103:5)
          at _runTest (/app/node_modules/.pnpm/jest-circus@29.7.0/node_modules/jest-circus/build/run.js:252:3)
          at _runTestsForDescribeBlock (/app/node_modules/.pnpm/jest-circus@29.7.0/node_modules/jest-circus/build/run.js:126:9)
          at _runTestsForDescribeBlock (/app/node_modules/.pnpm/jest-circus@29.7.0/node_modules/jest-circus/build/run.js:121:9)
          at run (/app/node_modules/.pnpm/jest-circus@29.7.0/node_modules/jest-circus/build/run.js:71:3)
          at runAndTransformResultsToJestFormat (/app/node_modules/.pnpm/jest-circus@29.7.0/node_modules/jest-circus/build/legacy-code-todo-rewrite/jestAdapterInit.js:122:21)
          at jestAdapter (/app/node_modules/.pnpm/jest-circus@29.7.0/node_modules/jest-circus/build/legacy-code-todo-rewrite/jestAdapter.js:79:19)
          at runTestInternal (/app/node_modules/.pnpm/jest-runner@29.7.0/node_modules/jest-runner/build/runTest.js:367:16)
          at runTest (/app/node_modules/.pnpm/jest-runner@29.7.0/node_modules/jest-runner/build/runTest.js:444:34)
          at Object.worker (/app/node_modules/.pnpm/jest-runner@29.7.0/node_modules/jest-runner/build/testWorker.js:106:12) {
        detail: Error: `Tooltip` must be used within `TooltipProvider`
            at useContext2 (/app/node_modules/.pnpm/@radix-ui+react-context@1.1.2_@types+react@18.3.29_react@18.3.1/node_modules/@radix-ui/react-context/src/create-context.tsx:75:13)
            at Tooltip (/app/node_modules/.pnpm/@radix-ui+react-tooltip@1.2.8_@types+react-dom@18.3.7_@types+react@18.3.29__@types+react@18.3_xrwsnt2rmlacewwolijhmzdoxi/node_modules/@radix-ui/react-tooltip/src/tooltip.tsx:162:27)
            at renderWithHooks (/app/node_modules/.pnpm/react-dom@18.3.1_react@18.3.1/node_modules/react-dom/cjs/react-dom.development.js:15486:18)
            at mountIndeterminateComponent (/app/node_modules/.pnpm/react-dom@18.3.1_react@18.3.1/node_modules/react-dom/cjs/react-dom.development.js:20103:13)
            at beginWork (/app/node_modules/.pnpm/react-dom@18.3.1_react@18.3.1/node_modules/react-dom/cjs/react-dom.development.js:21626:16)
            at HTMLUnknownElement.callCallback (/app/node_modules/.pnpm/react-dom@18.3.1_react@18.3.1/node_modules/react-dom/cjs/react-dom.development.js:4164:14)
            at HTMLUnknownElement.callTheUserObjectsOperation (/app/node_modules/.pnpm/jsdom@20.0.3/node_modules/jsdom/lib/jsdom/living/generated/EventListener.js:26:30)
            at innerInvokeEventListeners (/app/node_modules/.pnpm/jsdom@20.0.3/node_modules/jsdom/lib/jsdom/living/events/EventTarget-impl.js:350:25)
            at invokeEventListeners (/app/node_modules/.pnpm/jsdom@20.0.3/node_modules/jsdom/lib/jsdom/living/events/EventTarget-impl.js:286:3)
            at HTMLUnknownElementImpl._dispatch (/app/node_modules/.pnpm/jsdom@20.0.3/node_modules/jsdom/lib/jsdom/living/events/EventTarget-impl.js:233:9)
            at HTMLUnknownElementImpl.dispatchEvent (/app/node_modules/.pnpm/jsdom@20.0.3/node_modules/jsdom/lib/jsdom/living/events/EventTarget-impl.js:104:17)
            at HTMLUnknownElement.dispatchEvent (/app/node_modules/.pnpm/jsdom@20.0.3/node_modules/jsdom/lib/jsdom/living/generated/EventTarget.js:241:34)
            at Object.invokeGuardedCallbackDev (/app/node_modules/.pnpm/react-dom@18.3.1_react@18.3.1/node_modules/react-dom/cjs/react-dom.development.js:4213:16)
            at invokeGuardedCallback (/app/node_modules/.pnpm/react-dom@18.3.1_react@18.3.1/node_modules/react-dom/cjs/react-dom.development.js:4277:31)
            at beginWork$1 (/app/node_modules/.pnpm/react-dom@18.3.1_react@18.3.1/node_modules/react-dom/cjs/react-dom.development.js:27490:7)
            at performUnitOfWork (/app/node_modules/.pnpm/react-dom@18.3.1_react@18.3.1/node_modules/react-dom/cjs/react-dom.development.js:26599:12)
            at workLoopSync (/app/node_modules/.pnpm/react-dom@18.3.1_react@18.3.1/node_modules/react-dom/cjs/react-dom.development.js:26505:5)
            at renderRootSync (/app/node_modules/.pnpm/react-dom@18.3.1_react@18.3.1/node_modules/react-dom/cjs/react-dom.development.js:26473:7)
            at performConcurrentWorkOnRoot (/app/node_modules/.pnpm/react-dom@18.3.1_react@18.3.1/node_modules/react-dom/cjs/react-dom.development.js:25777:74)
            at flushActQueue (/app/node_modules/.pnpm/react@18.3.1/node_modules/react/cjs/react.development.js:2667:24)
            at act (/app/node_modules/.pnpm/react@18.3.1/node_modules/react/cjs/react.development.js:2582:11)
            at /app/node_modules/.pnpm/@testing-library+react@16.3.2_@testing-library+dom@10.4.1_@types+react-dom@18.3.7_@types+reac_3k5f6qynewwmkoqvlvtzlgtsjq/node_modules/@testing-library/react/dist/act-compat.js:46:25
            at renderRoot (/app/node_modules/.pnpm/@testing-library+react@16.3.2_@testing-library+dom@10.4.1_@types+react-dom@18.3.7_@types+reac_3k5f6qynewwmkoqvlvtzlgtsjq/node_modules/@testing-library/react/dist/pure.js:189:26)
            at render (/app/node_modules/.pnpm/@testing-library+react@16.3.2_@testing-library+dom@10.4.1_@types+react-dom@18.3.7_@types+reac_3k5f6qynewwmkoqvlvtzlgtsjq/node_modules/@testing-library/react/dist/pure.js:291:10)
            at Object.<anonymous> (/app/apps/admin/components/__tests__/roles-table.test.tsx:109:11)
            at Promise.then.completed (/app/node_modules/.pnpm/jest-circus@29.7.0/node_modules/jest-circus/build/utils.js:298:28)
            at new Promise (<anonymous>)
            at callAsyncCircusFn (/app/node_modules/.pnpm/jest-circus@29.7.0/node_modules/jest-circus/build/utils.js:231:10)
            at _callCircusTest (/app/node_modules/.pnpm/jest-circus@29.7.0/node_modules/jest-circus/build/run.js:316:40)
            at processTicksAndRejections (node:internal/process/task_queues:103:5)
            at _runTest (/app/node_modules/.pnpm/jest-circus@29.7.0/node_modules/jest-circus/build/run.js:252:3)
            at _runTestsForDescribeBlock (/app/node_modules/.pnpm/jest-circus@29.7.0/node_modules/jest-circus/build/run.js:126:9)
            at _runTestsForDescribeBlock (/app/node_modules/.pnpm/jest-circus@29.7.0/node_modules/jest-circus/build/run.js:121:9)
            at run (/app/node_modules/.pnpm/jest-circus@29.7.0/node_modules/jest-circus/build/run.js:71:3)
            at runAndTransformResultsToJestFormat (/app/node_modules/.pnpm/jest-circus@29.7.0/node_modules/jest-circus/build/legacy-code-todo-rewrite/jestAdapterInit.js:122:21)
            at jestAdapter (/app/node_modules/.pnpm/jest-circus@29.7.0/node_modules/jest-circus/build/legacy-code-todo-rewrite/jestAdapter.js:79:19)
            at runTestInternal (/app/node_modules/.pnpm/jest-runner@29.7.0/node_modules/jest-runner/build/runTest.js:367:16)
            at runTest (/app/node_modules/.pnpm/jest-runner@29.7.0/node_modules/jest-runner/build/runTest.js:444:34)
            at Object.worker (/app/node_modules/.pnpm/jest-runner@29.7.0/node_modules/jest-runner/build/testWorker.js:106:12),
        type: 'unhandled exception'
      }

      107 |
      108 |   it('hides the app picker when canPickApp=false', () => {
    > 109 |     render(withIntl(<RolesTable initial={initial} apps={apps} canPickApp={false} />))
          |           ^
      110 |     expect(screen.queryByLabelText(en.roles.filter.appLabel)).not.toBeInTheDocument()
      111 |   })
      112 | })

      at VirtualConsole.<anonymous> (../../node_modules/.pnpm/jest-environment-jsdom@29.7.0/node_modules/jest-environment-jsdom/build/index.js:63:23)
      at reportException (../../node_modules/.pnpm/jsdom@20.0.3/node_modules/jsdom/lib/jsdom/living/helpers/runtime-script-errors.js:70:28)
      at innerInvokeEventListeners (../../node_modules/.pnpm/jsdom@20.0.3/node_modules/jsdom/lib/jsdom/living/events/EventTarget-impl.js:353:9)
      at invokeEventListeners (../../node_modules/.pnpm/jsdom@20.0.3/node_modules/jsdom/lib/jsdom/living/events/EventTarget-impl.js:286:3)
      at HTMLUnknownElementImpl._dispatch (../../node_modules/.pnpm/jsdom@20.0.3/node_modules/jsdom/lib/jsdom/living/events/EventTarget-impl.js:233:9)
      at HTMLUnknownElementImpl.dispatchEvent (../../node_modules/.pnpm/jsdom@20.0.3/node_modules/jsdom/lib/jsdom/living/events/EventTarget-impl.js:104:17)
      at HTMLUnknownElement.dispatchEvent (../../node_modules/.pnpm/jsdom@20.0.3/node_modules/jsdom/lib/jsdom/living/generated/EventTarget.js:241:34)
      at Object.invokeGuardedCallbackDev (../../node_modules/.pnpm/react-dom@18.3.1_react@18.3.1/node_modules/react-dom/cjs/react-dom.development.js:4213:16)
      at invokeGuardedCallback (../../node_modules/.pnpm/react-dom@18.3.1_react@18.3.1/node_modules/react-dom/cjs/react-dom.development.js:4277:31)
      at beginWork$1 (../../node_modules/.pnpm/react-dom@18.3.1_react@18.3.1/node_modules/react-dom/cjs/react-dom.development.js:27490:7)
      at performUnitOfWork (../../node_modules/.pnpm/react-dom@18.3.1_react@18.3.1/node_modules/react-dom/cjs/react-dom.development.js:26599:12)
      at workLoopSync (../../node_modules/.pnpm/react-dom@18.3.1_react@18.3.1/node_modules/react-dom/cjs/react-dom.development.js:26505:5)
      at renderRootSync (../../node_modules/.pnpm/react-dom@18.3.1_react@18.3.1/node_modules/react-dom/cjs/react-dom.development.js:26473:7)
      at performConcurrentWorkOnRoot (../../node_modules/.pnpm/react-dom@18.3.1_react@18.3.1/node_modules/react-dom/cjs/react-dom.development.js:25777:74)
      at flushActQueue (../../node_modules/.pnpm/react@18.3.1/node_modules/react/cjs/react.development.js:2667:24)
      at act (../../node_modules/.pnpm/react@18.3.1/node_modules/react/cjs/react.development.js:2582:11)
      at ../../node_modules/.pnpm/@testing-library+react@16.3.2_@testing-library+dom@10.4.1_@types+react-dom@18.3.7_@types+reac_3k5f6qynewwmkoqvlvtzlgtsjq/node_modules/@testing-library/react/dist/act-compat.js:46:25
      at renderRoot (../../node_modules/.pnpm/@testing-library+react@16.3.2_@testing-library+dom@10.4.1_@types+react-dom@18.3.7_@types+reac_3k5f6qynewwmkoqvlvtzlgtsjq/node_modules/@testing-library/react/dist/pure.js:189:26)
      at render (../../node_modules/.pnpm/@testing-library+react@16.3.2_@testing-library+dom@10.4.1_@types+react-dom@18.3.7_@types+reac_3k5f6qynewwmkoqvlvtzlgtsjq/node_modules/@testing-library/react/dist/pure.js:291:10)
      at Object.<anonymous> (components/__tests__/roles-table.test.tsx:109:11)

    console.error
      Error: Uncaught [Error: `Tooltip` must be used within `TooltipProvider`]
          at reportException (/app/node_modules/.pnpm/jsdom@20.0.3/node_modules/jsdom/lib/jsdom/living/helpers/runtime-script-errors.js:66:24)
          at innerInvokeEventListeners (/app/node_modules/.pnpm/jsdom@20.0.3/node_modules/jsdom/lib/jsdom/living/events/EventTarget-impl.js:353:9)
          at invokeEventListeners (/app/node_modules/.pnpm/jsdom@20.0.3/node_modules/jsdom/lib/jsdom/living/events/EventTarget-impl.js:286:3)
          at HTMLUnknownElementImpl._dispatch (/app/node_modules/.pnpm/jsdom@20.0.3/node_modules/jsdom/lib/jsdom/living/events/EventTarget-impl.js:233:9)
          at HTMLUnknownElementImpl.dispatchEvent (/app/node_modules/.pnpm/jsdom@20.0.3/node_modules/jsdom/lib/jsdom/living/events/EventTarget-impl.js:104:17)
          at HTMLUnknownElement.dispatchEvent (/app/node_modules/.pnpm/jsdom@20.0.3/node_modules/jsdom/lib/jsdom/living/generated/EventTarget.js:241:34)
          at Object.invokeGuardedCallbackDev (/app/node_modules/.pnpm/react-dom@18.3.1_react@18.3.1/node_modules/react-dom/cjs/react-dom.development.js:4213:16)
          at invokeGuardedCallback (/app/node_modules/.pnpm/react-dom@18.3.1_react@18.3.1/node_modules/react-dom/cjs/react-dom.development.js:4277:31)
          at beginWork$1 (/app/node_modules/.pnpm/react-dom@18.3.1_react@18.3.1/node_modules/react-dom/cjs/react-dom.development.js:27490:7)
          at performUnitOfWork (/app/node_modules/.pnpm/react-dom@18.3.1_react@18.3.1/node_modules/react-dom/cjs/react-dom.development.js:26599:12)
          at workLoopSync (/app/node_modules/.pnpm/react-dom@18.3.1_react@18.3.1/node_modules/react-dom/cjs/react-dom.development.js:26505:5)
          at renderRootSync (/app/node_modules/.pnpm/react-dom@18.3.1_react@18.3.1/node_modules/react-dom/cjs/react-dom.development.js:26473:7)
          at performConcurrentWorkOnRoot (/app/node_modules/.pnpm/react-dom@18.3.1_react@18.3.1/node_modules/react-dom/cjs/react-dom.development.js:25777:74)
          at flushActQueue (/app/node_modules/.pnpm/react@18.3.1/node_modules/react/cjs/react.development.js:2667:24)
          at act (/app/node_modules/.pnpm/react@18.3.1/node_modules/react/cjs/react.development.js:2582:11)
          at /app/node_modules/.pnpm/@testing-library+react@16.3.2_@testing-library+dom@10.4.1_@types+react-dom@18.3.7_@types+reac_3k5f6qynewwmkoqvlvtzlgtsjq/node_modules/@testing-library/react/dist/act-compat.js:46:25
          at renderRoot (/app/node_modules/.pnpm/@testing-library+react@16.3.2_@testing-library+dom@10.4.1_@types+react-dom@18.3.7_@types+reac_3k5f6qynewwmkoqvlvtzlgtsjq/node_modules/@testing-library/react/dist/pure.js:189:26)
          at render (/app/node_modules/.pnpm/@testing-library+react@16.3.2_@testing-library+dom@10.4.1_@types+react-dom@18.3.7_@types+reac_3k5f6qynewwmkoqvlvtzlgtsjq/node_modules/@testing-library/react/dist/pure.js:291:10)
          at Object.<anonymous> (/app/apps/admin/components/__tests__/roles-table.test.tsx:109:11)
          at Promise.then.completed (/app/node_modules/.pnpm/jest-circus@29.7.0/node_modules/jest-circus/build/utils.js:298:28)
          at new Promise (<anonymous>)
          at callAsyncCircusFn (/app/node_modules/.pnpm/jest-circus@29.7.0/node_modules/jest-circus/build/utils.js:231:10)
          at _callCircusTest (/app/node_modules/.pnpm/jest-circus@29.7.0/node_modules/jest-circus/build/run.js:316:40)
          at processTicksAndRejections (node:internal/process/task_queues:103:5)
          at _runTest (/app/node_modules/.pnpm/jest-circus@29.7.0/node_modules/jest-circus/build/run.js:252:3)
          at _runTestsForDescribeBlock (/app/node_modules/.pnpm/jest-circus@29.7.0/node_modules/jest-circus/build/run.js:126:9)
          at _runTestsForDescribeBlock (/app/node_modules/.pnpm/jest-circus@29.7.0/node_modules/jest-circus/build/run.js:121:9)
          at run (/app/node_modules/.pnpm/jest-circus@29.7.0/node_modules/jest-circus/build/run.js:71:3)
          at runAndTransformResultsToJestFormat (/app/node_modules/.pnpm/jest-circus@29.7.0/node_modules/jest-circus/build/legacy-code-todo-rewrite/jestAdapterInit.js:122:21)
          at jestAdapter (/app/node_modules/.pnpm/jest-circus@29.7.0/node_modules/jest-circus/build/legacy-code-todo-rewrite/jestAdapter.js:79:19)
          at runTestInternal (/app/node_modules/.pnpm/jest-runner@29.7.0/node_modules/jest-runner/build/runTest.js:367:16)
          at runTest (/app/node_modules/.pnpm/jest-runner@29.7.0/node_modules/jest-runner/build/runTest.js:444:34)
          at Object.worker (/app/node_modules/.pnpm/jest-runner@29.7.0/node_modules/jest-runner/build/testWorker.js:106:12) {
        detail: Error: `Tooltip` must be used within `TooltipProvider`
            at useContext2 (/app/node_modules/.pnpm/@radix-ui+react-context@1.1.2_@types+react@18.3.29_react@18.3.1/node_modules/@radix-ui/react-context/src/create-context.tsx:75:13)
            at Tooltip (/app/node_modules/.pnpm/@radix-ui+react-tooltip@1.2.8_@types+react-dom@18.3.7_@types+react@18.3.29__@types+react@18.3_xrwsnt2rmlacewwolijhmzdoxi/node_modules/@radix-ui/react-tooltip/src/tooltip.tsx:162:27)
            at renderWithHooks (/app/node_modules/.pnpm/react-dom@18.3.1_react@18.3.1/node_modules/react-dom/cjs/react-dom.development.js:15486:18)
            at mountIndeterminateComponent (/app/node_modules/.pnpm/react-dom@18.3.1_react@18.3.1/node_modules/react-dom/cjs/react-dom.development.js:20103:13)
            at beginWork (/app/node_modules/.pnpm/react-dom@18.3.1_react@18.3.1/node_modules/react-dom/cjs/react-dom.development.js:21626:16)
            at HTMLUnknownElement.callCallback (/app/node_modules/.pnpm/react-dom@18.3.1_react@18.3.1/node_modules/react-dom/cjs/react-dom.development.js:4164:14)
            at HTMLUnknownElement.callTheUserObjectsOperation (/app/node_modules/.pnpm/jsdom@20.0.3/node_modules/jsdom/lib/jsdom/living/generated/EventListener.js:26:30)
            at innerInvokeEventListeners (/app/node_modules/.pnpm/jsdom@20.0.3/node_modules/jsdom/lib/jsdom/living/events/EventTarget-impl.js:350:25)
            at invokeEventListeners (/app/node_modules/.pnpm/jsdom@20.0.3/node_modules/jsdom/lib/jsdom/living/events/EventTarget-impl.js:286:3)
            at HTMLUnknownElementImpl._dispatch (/app/node_modules/.pnpm/jsdom@20.0.3/node_modules/jsdom/lib/jsdom/living/events/EventTarget-impl.js:233:9)
            at HTMLUnknownElementImpl.dispatchEvent (/app/node_modules/.pnpm/jsdom@20.0.3/node_modules/jsdom/lib/jsdom/living/events/EventTarget-impl.js:104:17)
            at HTMLUnknownElement.dispatchEvent (/app/node_modules/.pnpm/jsdom@20.0.3/node_modules/jsdom/lib/jsdom/living/generated/EventTarget.js:241:34)
            at Object.invokeGuardedCallbackDev (/app/node_modules/.pnpm/react-dom@18.3.1_react@18.3.1/node_modules/react-dom/cjs/react-dom.development.js:4213:16)
            at invokeGuardedCallback (/app/node_modules/.pnpm/react-dom@18.3.1_react@18.3.1/node_modules/react-dom/cjs/react-dom.development.js:4277:31)
            at beginWork$1 (/app/node_modules/.pnpm/react-dom@18.3.1_react@18.3.1/node_modules/react-dom/cjs/react-dom.development.js:27490:7)
            at performUnitOfWork (/app/node_modules/.pnpm/react-dom@18.3.1_react@18.3.1/node_modules/react-dom/cjs/react-dom.development.js:26599:12)
            at workLoopSync (/app/node_modules/.pnpm/react-dom@18.3.1_react@18.3.1/node_modules/react-dom/cjs/react-dom.development.js:26505:5)
            at renderRootSync (/app/node_modules/.pnpm/react-dom@18.3.1_react@18.3.1/node_modules/react-dom/cjs/react-dom.development.js:26473:7)
            at performConcurrentWorkOnRoot (/app/node_modules/.pnpm/react-dom@18.3.1_react@18.3.1/node_modules/react-dom/cjs/react-dom.development.js:25777:74)
            at flushActQueue (/app/node_modules/.pnpm/react@18.3.1/node_modules/react/cjs/react.development.js:2667:24)
            at act (/app/node_modules/.pnpm/react@18.3.1/node_modules/react/cjs/react.development.js:2582:11)
            at /app/node_modules/.pnpm/@testing-library+react@16.3.2_@testing-library+dom@10.4.1_@types+react-dom@18.3.7_@types+reac_3k5f6qynewwmkoqvlvtzlgtsjq/node_modules/@testing-library/react/dist/act-compat.js:46:25
            at renderRoot (/app/node_modules/.pnpm/@testing-library+react@16.3.2_@testing-library+dom@10.4.1_@types+react-dom@18.3.7_@types+reac_3k5f6qynewwmkoqvlvtzlgtsjq/node_modules/@testing-library/react/dist/pure.js:189:26)
            at render (/app/node_modules/.pnpm/@testing-library+react@16.3.2_@testing-library+dom@10.4.1_@types+react-dom@18.3.7_@types+reac_3k5f6qynewwmkoqvlvtzlgtsjq/node_modules/@testing-library/react/dist/pure.js:291:10)
            at Object.<anonymous> (/app/apps/admin/components/__tests__/roles-table.test.tsx:109:11)
            at Promise.then.completed (/app/node_modules/.pnpm/jest-circus@29.7.0/node_modules/jest-circus/build/utils.js:298:28)
            at new Promise (<anonymous>)
            at callAsyncCircusFn (/app/node_modules/.pnpm/jest-circus@29.7.0/node_modules/jest-circus/build/utils.js:231:10)
            at _callCircusTest (/app/node_modules/.pnpm/jest-circus@29.7.0/node_modules/jest-circus/build/run.js:316:40)
            at processTicksAndRejections (node:internal/process/task_queues:103:5)
            at _runTest (/app/node_modules/.pnpm/jest-circus@29.7.0/node_modules/jest-circus/build/run.js:252:3)
            at _runTestsForDescribeBlock (/app/node_modules/.pnpm/jest-circus@29.7.0/node_modules/jest-circus/build/run.js:126:9)
            at _runTestsForDescribeBlock (/app/node_modules/.pnpm/jest-circus@29.7.0/node_modules/jest-circus/build/run.js:121:9)
            at run (/app/node_modules/.pnpm/jest-circus@29.7.0/node_modules/jest-circus/build/run.js:71:3)
            at runAndTransformResultsToJestFormat (/app/node_modules/.pnpm/jest-circus@29.7.0/node_modules/jest-circus/build/legacy-code-todo-rewrite/jestAdapterInit.js:122:21)
            at jestAdapter (/app/node_modules/.pnpm/jest-circus@29.7.0/node_modules/jest-circus/build/legacy-code-todo-rewrite/jestAdapter.js:79:19)
            at runTestInternal (/app/node_modules/.pnpm/jest-runner@29.7.0/node_modules/jest-runner/build/runTest.js:367:16)
            at runTest (/app/node_modules/.pnpm/jest-runner@29.7.0/node_modules/jest-runner/build/runTest.js:444:34)
            at Object.worker (/app/node_modules/.pnpm/jest-runner@29.7.0/node_modules/jest-runner/build/testWorker.js:106:12),
        type: 'unhandled exception'
      }

      107 |
      108 |   it('hides the app picker when canPickApp=false', () => {
    > 109 |     render(withIntl(<RolesTable initial={initial} apps={apps} canPickApp={false} />))
          |           ^
      110 |     expect(screen.queryByLabelText(en.roles.filter.appLabel)).not.toBeInTheDocument()
      111 |   })
      112 | })

      at VirtualConsole.<anonymous> (../../node_modules/.pnpm/jest-environment-jsdom@29.7.0/node_modules/jest-environment-jsdom/build/index.js:63:23)
      at reportException (../../node_modules/.pnpm/jsdom@20.0.3/node_modules/jsdom/lib/jsdom/living/helpers/runtime-script-errors.js:70:28)
      at innerInvokeEventListeners (../../node_modules/.pnpm/jsdom@20.0.3/node_modules/jsdom/lib/jsdom/living/events/EventTarget-impl.js:353:9)
      at invokeEventListeners (../../node_modules/.pnpm/jsdom@20.0.3/node_modules/jsdom/lib/jsdom/living/events/EventTarget-impl.js:286:3)
      at HTMLUnknownElementImpl._dispatch (../../node_modules/.pnpm/jsdom@20.0.3/node_modules/jsdom/lib/jsdom/living/events/EventTarget-impl.js:233:9)
      at HTMLUnknownElementImpl.dispatchEvent (../../node_modules/.pnpm/jsdom@20.0.3/node_modules/jsdom/lib/jsdom/living/events/EventTarget-impl.js:104:17)
      at HTMLUnknownElement.dispatchEvent (../../node_modules/.pnpm/jsdom@20.0.3/node_modules/jsdom/lib/jsdom/living/generated/EventTarget.js:241:34)
      at Object.invokeGuardedCallbackDev (../../node_modules/.pnpm/react-dom@18.3.1_react@18.3.1/node_modules/react-dom/cjs/react-dom.development.js:4213:16)
      at invokeGuardedCallback (../../node_modules/.pnpm/react-dom@18.3.1_react@18.3.1/node_modules/react-dom/cjs/react-dom.development.js:4277:31)
      at beginWork$1 (../../node_modules/.pnpm/react-dom@18.3.1_react@18.3.1/node_modules/react-dom/cjs/react-dom.development.js:27490:7)
      at performUnitOfWork (../../node_modules/.pnpm/react-dom@18.3.1_react@18.3.1/node_modules/react-dom/cjs/react-dom.development.js:26599:12)
      at workLoopSync (../../node_modules/.pnpm/react-dom@18.3.1_react@18.3.1/node_modules/react-dom/cjs/react-dom.development.js:26505:5)
      at renderRootSync (../../node_modules/.pnpm/react-dom@18.3.1_react@18.3.1/node_modules/react-dom/cjs/react-dom.development.js:26473:7)
      at performConcurrentWorkOnRoot (../../node_modules/.pnpm/react-dom@18.3.1_react@18.3.1/node_modules/react-dom/cjs/react-dom.development.js:25777:74)
      at flushActQueue (../../node_modules/.pnpm/react@18.3.1/node_modules/react/cjs/react.development.js:2667:24)
      at act (../../node_modules/.pnpm/react@18.3.1/node_modules/react/cjs/react.development.js:2582:11)
      at ../../node_modules/.pnpm/@testing-library+react@16.3.2_@testing-library+dom@10.4.1_@types+react-dom@18.3.7_@types+reac_3k5f6qynewwmkoqvlvtzlgtsjq/node_modules/@testing-library/react/dist/act-compat.js:46:25
      at renderRoot (../../node_modules/.pnpm/@testing-library+react@16.3.2_@testing-library+dom@10.4.1_@types+react-dom@18.3.7_@types+reac_3k5f6qynewwmkoqvlvtzlgtsjq/node_modules/@testing-library/react/dist/pure.js:189:26)
      at render (../../node_modules/.pnpm/@testing-library+react@16.3.2_@testing-library+dom@10.4.1_@types+react-dom@18.3.7_@types+reac_3k5f6qynewwmkoqvlvtzlgtsjq/node_modules/@testing-library/react/dist/pure.js:291:10)
      at Object.<anonymous> (components/__tests__/roles-table.test.tsx:109:11)

    console.error
      Error: Uncaught [Error: `Tooltip` must be used within `TooltipProvider`]
          at reportException (/app/node_modules/.pnpm/jsdom@20.0.3/node_modules/jsdom/lib/jsdom/living/helpers/runtime-script-errors.js:66:24)
          at innerInvokeEventListeners (/app/node_modules/.pnpm/jsdom@20.0.3/node_modules/jsdom/lib/jsdom/living/events/EventTarget-impl.js:353:9)
          at invokeEventListeners (/app/node_modules/.pnpm/jsdom@20.0.3/node_modules/jsdom/lib/jsdom/living/events/EventTarget-impl.js:286:3)
          at HTMLUnknownElementImpl._dispatch (/app/node_modules/.pnpm/jsdom@20.0.3/node_modules/jsdom/lib/jsdom/living/events/EventTarget-impl.js:233:9)
          at HTMLUnknownElementImpl.dispatchEvent (/app/node_modules/.pnpm/jsdom@20.0.3/node_modules/jsdom/lib/jsdom/living/events/EventTarget-impl.js:104:17)
          at HTMLUnknownElement.dispatchEvent (/app/node_modules/.pnpm/jsdom@20.0.3/node_modules/jsdom/lib/jsdom/living/generated/EventTarget.js:241:34)
          at Object.invokeGuardedCallbackDev (/app/node_modules/.pnpm/react-dom@18.3.1_react@18.3.1/node_modules/react-dom/cjs/react-dom.development.js:4213:16)
          at invokeGuardedCallback (/app/node_modules/.pnpm/react-dom@18.3.1_react@18.3.1/node_modules/react-dom/cjs/react-dom.development.js:4277:31)
          at beginWork$1 (/app/node_modules/.pnpm/react-dom@18.3.1_react@18.3.1/node_modules/react-dom/cjs/react-dom.development.js:27490:7)
          at performUnitOfWork (/app/node_modules/.pnpm/react-dom@18.3.1_react@18.3.1/node_modules/react-dom/cjs/react-dom.development.js:26599:12)
          at workLoopSync (/app/node_modules/.pnpm/react-dom@18.3.1_react@18.3.1/node_modules/react-dom/cjs/react-dom.development.js:26505:5)
          at renderRootSync (/app/node_modules/.pnpm/react-dom@18.3.1_react@18.3.1/node_modules/react-dom/cjs/react-dom.development.js:26473:7)
          at performConcurrentWorkOnRoot (/app/node_modules/.pnpm/react-dom@18.3.1_react@18.3.1/node_modules/react-dom/cjs/react-dom.development.js:25777:74)
          at flushActQueue (/app/node_modules/.pnpm/react@18.3.1/node_modules/react/cjs/react.development.js:2667:24)
          at act (/app/node_modules/.pnpm/react@18.3.1/node_modules/react/cjs/react.development.js:2582:11)
          at /app/node_modules/.pnpm/@testing-library+react@16.3.2_@testing-library+dom@10.4.1_@types+react-dom@18.3.7_@types+reac_3k5f6qynewwmkoqvlvtzlgtsjq/node_modules/@testing-library/react/dist/act-compat.js:46:25
          at renderRoot (/app/node_modules/.pnpm/@testing-library+react@16.3.2_@testing-library+dom@10.4.1_@types+react-dom@18.3.7_@types+reac_3k5f6qynewwmkoqvlvtzlgtsjq/node_modules/@testing-library/react/dist/pure.js:189:26)
          at render (/app/node_modules/.pnpm/@testing-library+react@16.3.2_@testing-library+dom@10.4.1_@types+react-dom@18.3.7_@types+reac_3k5f6qynewwmkoqvlvtzlgtsjq/node_modules/@testing-library/react/dist/pure.js:291:10)
          at Object.<anonymous> (/app/apps/admin/components/__tests__/roles-table.test.tsx:109:11)
          at Promise.then.completed (/app/node_modules/.pnpm/jest-circus@29.7.0/node_modules/jest-circus/build/utils.js:298:28)
          at new Promise (<anonymous>)
          at callAsyncCircusFn (/app/node_modules/.pnpm/jest-circus@29.7.0/node_modules/jest-circus/build/utils.js:231:10)
          at _callCircusTest (/app/node_modules/.pnpm/jest-circus@29.7.0/node_modules/jest-circus/build/run.js:316:40)
          at processTicksAndRejections (node:internal/process/task_queues:103:5)
          at _runTest (/app/node_modules/.pnpm/jest-circus@29.7.0/node_modules/jest-circus/build/run.js:252:3)
          at _runTestsForDescribeBlock (/app/node_modules/.pnpm/jest-circus@29.7.0/node_modules/jest-circus/build/run.js:126:9)
          at _runTestsForDescribeBlock (/app/node_modules/.pnpm/jest-circus@29.7.0/node_modules/jest-circus/build/run.js:121:9)
          at run (/app/node_modules/.pnpm/jest-circus@29.7.0/node_modules/jest-circus/build/run.js:71:3)
          at runAndTransformResultsToJestFormat (/app/node_modules/.pnpm/jest-circus@29.7.0/node_modules/jest-circus/build/legacy-code-todo-rewrite/jestAdapterInit.js:122:21)
          at jestAdapter (/app/node_modules/.pnpm/jest-circus@29.7.0/node_modules/jest-circus/build/legacy-code-todo-rewrite/jestAdapter.js:79:19)
          at runTestInternal (/app/node_modules/.pnpm/jest-runner@29.7.0/node_modules/jest-runner/build/runTest.js:367:16)
          at runTest (/app/node_modules/.pnpm/jest-runner@29.7.0/node_modules/jest-runner/build/runTest.js:444:34)
          at Object.worker (/app/node_modules/.pnpm/jest-runner@29.7.0/node_modules/jest-runner/build/testWorker.js:106:12) {
        detail: Error: `Tooltip` must be used within `TooltipProvider`
            at useContext2 (/app/node_modules/.pnpm/@radix-ui+react-context@1.1.2_@types+react@18.3.29_react@18.3.1/node_modules/@radix-ui/react-context/src/create-context.tsx:75:13)
            at Tooltip (/app/node_modules/.pnpm/@radix-ui+react-tooltip@1.2.8_@types+react-dom@18.3.7_@types+react@18.3.29__@types+react@18.3_xrwsnt2rmlacewwolijhmzdoxi/node_modules/@radix-ui/react-tooltip/src/tooltip.tsx:162:27)
            at renderWithHooks (/app/node_modules/.pnpm/react-dom@18.3.1_react@18.3.1/node_modules/react-dom/cjs/react-dom.development.js:15486:18)
            at mountIndeterminateComponent (/app/node_modules/.pnpm/react-dom@18.3.1_react@18.3.1/node_modules/react-dom/cjs/react-dom.development.js:20103:13)
            at beginWork (/app/node_modules/.pnpm/react-dom@18.3.1_react@18.3.1/node_modules/react-dom/cjs/react-dom.development.js:21626:16)
            at HTMLUnknownElement.callCallback (/app/node_modules/.pnpm/react-dom@18.3.1_react@18.3.1/node_modules/react-dom/cjs/react-dom.development.js:4164:14)
            at HTMLUnknownElement.callTheUserObjectsOperation (/app/node_modules/.pnpm/jsdom@20.0.3/node_modules/jsdom/lib/jsdom/living/generated/EventListener.js:26:30)
            at innerInvokeEventListeners (/app/node_modules/.pnpm/jsdom@20.0.3/node_modules/jsdom/lib/jsdom/living/events/EventTarget-impl.js:350:25)
            at invokeEventListeners (/app/node_modules/.pnpm/jsdom@20.0.3/node_modules/jsdom/lib/jsdom/living/events/EventTarget-impl.js:286:3)
            at HTMLUnknownElementImpl._dispatch (/app/node_modules/.pnpm/jsdom@20.0.3/node_modules/jsdom/lib/jsdom/living/events/EventTarget-impl.js:233:9)
            at HTMLUnknownElementImpl.dispatchEvent (/app/node_modules/.pnpm/jsdom@20.0.3/node_modules/jsdom/lib/jsdom/living/events/EventTarget-impl.js:104:17)
            at HTMLUnknownElement.dispatchEvent (/app/node_modules/.pnpm/jsdom@20.0.3/node_modules/jsdom/lib/jsdom/living/generated/EventTarget.js:241:34)
            at Object.invokeGuardedCallbackDev (/app/node_modules/.pnpm/react-dom@18.3.1_react@18.3.1/node_modules/react-dom/cjs/react-dom.development.js:4213:16)
            at invokeGuardedCallback (/app/node_modules/.pnpm/react-dom@18.3.1_react@18.3.1/node_modules/react-dom/cjs/react-dom.development.js:4277:31)
            at beginWork$1 (/app/node_modules/.pnpm/react-dom@18.3.1_react@18.3.1/node_modules/react-dom/cjs/react-dom.development.js:27490:7)
            at performUnitOfWork (/app/node_modules/.pnpm/react-dom@18.3.1_react@18.3.1/node_modules/react-dom/cjs/react-dom.development.js:26599:12)
            at workLoopSync (/app/node_modules/.pnpm/react-dom@18.3.1_react@18.3.1/node_modules/react-dom/cjs/react-dom.development.js:26505:5)
            at renderRootSync (/app/node_modules/.pnpm/react-dom@18.3.1_react@18.3.1/node_modules/react-dom/cjs/react-dom.development.js:26473:7)
            at performConcurrentWorkOnRoot (/app/node_modules/.pnpm/react-dom@18.3.1_react@18.3.1/node_modules/react-dom/cjs/react-dom.development.js:25777:74)
            at flushActQueue (/app/node_modules/.pnpm/react@18.3.1/node_modules/react/cjs/react.development.js:2667:24)
            at act (/app/node_modules/.pnpm/react@18.3.1/node_modules/react/cjs/react.development.js:2582:11)
            at /app/node_modules/.pnpm/@testing-library+react@16.3.2_@testing-library+dom@10.4.1_@types+react-dom@18.3.7_@types+reac_3k5f6qynewwmkoqvlvtzlgtsjq/node_modules/@testing-library/react/dist/act-compat.js:46:25
            at renderRoot (/app/node_modules/.pnpm/@testing-library+react@16.3.2_@testing-library+dom@10.4.1_@types+react-dom@18.3.7_@types+reac_3k5f6qynewwmkoqvlvtzlgtsjq/node_modules/@testing-library/react/dist/pure.js:189:26)
            at render (/app/node_modules/.pnpm/@testing-library+react@16.3.2_@testing-library+dom@10.4.1_@types+react-dom@18.3.7_@types+reac_3k5f6qynewwmkoqvlvtzlgtsjq/node_modules/@testing-library/react/dist/pure.js:291:10)
            at Object.<anonymous> (/app/apps/admin/components/__tests__/roles-table.test.tsx:109:11)
            at Promise.then.completed (/app/node_modules/.pnpm/jest-circus@29.7.0/node_modules/jest-circus/build/utils.js:298:28)
            at new Promise (<anonymous>)
            at callAsyncCircusFn (/app/node_modules/.pnpm/jest-circus@29.7.0/node_modules/jest-circus/build/utils.js:231:10)
            at _callCircusTest (/app/node_modules/.pnpm/jest-circus@29.7.0/node_modules/jest-circus/build/run.js:316:40)
            at processTicksAndRejections (node:internal/process/task_queues:103:5)
            at _runTest (/app/node_modules/.pnpm/jest-circus@29.7.0/node_modules/jest-circus/build/run.js:252:3)
            at _runTestsForDescribeBlock (/app/node_modules/.pnpm/jest-circus@29.7.0/node_modules/jest-circus/build/run.js:126:9)
            at _runTestsForDescribeBlock (/app/node_modules/.pnpm/jest-circus@29.7.0/node_modules/jest-circus/build/run.js:121:9)
            at run (/app/node_modules/.pnpm/jest-circus@29.7.0/node_modules/jest-circus/build/run.js:71:3)
            at runAndTransformResultsToJestFormat (/app/node_modules/.pnpm/jest-circus@29.7.0/node_modules/jest-circus/build/legacy-code-todo-rewrite/jestAdapterInit.js:122:21)
            at jestAdapter (/app/node_modules/.pnpm/jest-circus@29.7.0/node_modules/jest-circus/build/legacy-code-todo-rewrite/jestAdapter.js:79:19)
            at runTestInternal (/app/node_modules/.pnpm/jest-runner@29.7.0/node_modules/jest-runner/build/runTest.js:367:16)
            at runTest (/app/node_modules/.pnpm/jest-runner@29.7.0/node_modules/jest-runner/build/runTest.js:444:34)
            at Object.worker (/app/node_modules/.pnpm/jest-runner@29.7.0/node_modules/jest-runner/build/testWorker.js:106:12),
        type: 'unhandled exception'
      }

      107 |
      108 |   it('hides the app picker when canPickApp=false', () => {
    > 109 |     render(withIntl(<RolesTable initial={initial} apps={apps} canPickApp={false} />))
          |           ^
      110 |     expect(screen.queryByLabelText(en.roles.filter.appLabel)).not.toBeInTheDocument()
      111 |   })
      112 | })

      at VirtualConsole.<anonymous> (../../node_modules/.pnpm/jest-environment-jsdom@29.7.0/node_modules/jest-environment-jsdom/build/index.js:63:23)
      at reportException (../../node_modules/.pnpm/jsdom@20.0.3/node_modules/jsdom/lib/jsdom/living/helpers/runtime-script-errors.js:70:28)
      at innerInvokeEventListeners (../../node_modules/.pnpm/jsdom@20.0.3/node_modules/jsdom/lib/jsdom/living/events/EventTarget-impl.js:353:9)
      at invokeEventListeners (../../node_modules/.pnpm/jsdom@20.0.3/node_modules/jsdom/lib/jsdom/living/events/EventTarget-impl.js:286:3)
      at HTMLUnknownElementImpl._dispatch (../../node_modules/.pnpm/jsdom@20.0.3/node_modules/jsdom/lib/jsdom/living/events/EventTarget-impl.js:233:9)
      at HTMLUnknownElementImpl.dispatchEvent (../../node_modules/.pnpm/jsdom@20.0.3/node_modules/jsdom/lib/jsdom/living/events/EventTarget-impl.js:104:17)
      at HTMLUnknownElement.dispatchEvent (../../node_modules/.pnpm/jsdom@20.0.3/node_modules/jsdom/lib/jsdom/living/generated/EventTarget.js:241:34)
      at Object.invokeGuardedCallbackDev (../../node_modules/.pnpm/react-dom@18.3.1_react@18.3.1/node_modules/react-dom/cjs/react-dom.development.js:4213:16)
      at invokeGuardedCallback (../../node_modules/.pnpm/react-dom@18.3.1_react@18.3.1/node_modules/react-dom/cjs/react-dom.development.js:4277:31)
      at beginWork$1 (../../node_modules/.pnpm/react-dom@18.3.1_react@18.3.1/node_modules/react-dom/cjs/react-dom.development.js:27490:7)
      at performUnitOfWork (../../node_modules/.pnpm/react-dom@18.3.1_react@18.3.1/node_modules/react-dom/cjs/react-dom.development.js:26599:12)
      at workLoopSync (../../node_modules/.pnpm/react-dom@18.3.1_react@18.3.1/node_modules/react-dom/cjs/react-dom.development.js:26505:5)
      at renderRootSync (../../node_modules/.pnpm/react-dom@18.3.1_react@18.3.1/node_modules/react-dom/cjs/react-dom.development.js:26473:7)
      at performConcurrentWorkOnRoot (../../node_modules/.pnpm/react-dom@18.3.1_react@18.3.1/node_modules/react-dom/cjs/react-dom.development.js:25777:74)
      at flushActQueue (../../node_modules/.pnpm/react@18.3.1/node_modules/react/cjs/react.development.js:2667:24)
      at act (../../node_modules/.pnpm/react@18.3.1/node_modules/react/cjs/react.development.js:2582:11)
      at ../../node_modules/.pnpm/@testing-library+react@16.3.2_@testing-library+dom@10.4.1_@types+react-dom@18.3.7_@types+reac_3k5f6qynewwmkoqvlvtzlgtsjq/node_modules/@testing-library/react/dist/act-compat.js:46:25
      at renderRoot (../../node_modules/.pnpm/@testing-library+react@16.3.2_@testing-library+dom@10.4.1_@types+react-dom@18.3.7_@types+reac_3k5f6qynewwmkoqvlvtzlgtsjq/node_modules/@testing-library/react/dist/pure.js:189:26)
      at render (../../node_modules/.pnpm/@testing-library+react@16.3.2_@testing-library+dom@10.4.1_@types+react-dom@18.3.7_@types+reac_3k5f6qynewwmkoqvlvtzlgtsjq/node_modules/@testing-library/react/dist/pure.js:291:10)
      at Object.<anonymous> (components/__tests__/roles-table.test.tsx:109:11)

    console.error
      Error: Uncaught [Error: `Tooltip` must be used within `TooltipProvider`]
          at reportException (/app/node_modules/.pnpm/jsdom@20.0.3/node_modules/jsdom/lib/jsdom/living/helpers/runtime-script-errors.js:66:24)
          at innerInvokeEventListeners (/app/node_modules/.pnpm/jsdom@20.0.3/node_modules/jsdom/lib/jsdom/living/events/EventTarget-impl.js:353:9)
          at invokeEventListeners (/app/node_modules/.pnpm/jsdom@20.0.3/node_modules/jsdom/lib/jsdom/living/events/EventTarget-impl.js:286:3)
          at HTMLUnknownElementImpl._dispatch (/app/node_modules/.pnpm/jsdom@20.0.3/node_modules/jsdom/lib/jsdom/living/events/EventTarget-impl.js:233:9)
          at HTMLUnknownElementImpl.dispatchEvent (/app/node_modules/.pnpm/jsdom@20.0.3/node_modules/jsdom/lib/jsdom/living/events/EventTarget-impl.js:104:17)
          at HTMLUnknownElement.dispatchEvent (/app/node_modules/.pnpm/jsdom@20.0.3/node_modules/jsdom/lib/jsdom/living/generated/EventTarget.js:241:34)
          at Object.invokeGuardedCallbackDev (/app/node_modules/.pnpm/react-dom@18.3.1_react@18.3.1/node_modules/react-dom/cjs/react-dom.development.js:4213:16)
          at invokeGuardedCallback (/app/node_modules/.pnpm/react-dom@18.3.1_react@18.3.1/node_modules/react-dom/cjs/react-dom.development.js:4277:31)
          at beginWork$1 (/app/node_modules/.pnpm/react-dom@18.3.1_react@18.3.1/node_modules/react-dom/cjs/react-dom.development.js:27490:7)
          at performUnitOfWork (/app/node_modules/.pnpm/react-dom@18.3.1_react@18.3.1/node_modules/react-dom/cjs/react-dom.development.js:26599:12)
          at workLoopSync (/app/node_modules/.pnpm/react-dom@18.3.1_react@18.3.1/node_modules/react-dom/cjs/react-dom.development.js:26505:5)
          at renderRootSync (/app/node_modules/.pnpm/react-dom@18.3.1_react@18.3.1/node_modules/react-dom/cjs/react-dom.development.js:26473:7)
          at performConcurrentWorkOnRoot (/app/node_modules/.pnpm/react-dom@18.3.1_react@18.3.1/node_modules/react-dom/cjs/react-dom.development.js:25777:74)
          at flushActQueue (/app/node_modules/.pnpm/react@18.3.1/node_modules/react/cjs/react.development.js:2667:24)
          at act (/app/node_modules/.pnpm/react@18.3.1/node_modules/react/cjs/react.development.js:2582:11)
          at /app/node_modules/.pnpm/@testing-library+react@16.3.2_@testing-library+dom@10.4.1_@types+react-dom@18.3.7_@types+reac_3k5f6qynewwmkoqvlvtzlgtsjq/node_modules/@testing-library/react/dist/act-compat.js:46:25
          at renderRoot (/app/node_modules/.pnpm/@testing-library+react@16.3.2_@testing-library+dom@10.4.1_@types+react-dom@18.3.7_@types+reac_3k5f6qynewwmkoqvlvtzlgtsjq/node_modules/@testing-library/react/dist/pure.js:189:26)
          at render (/app/node_modules/.pnpm/@testing-library+react@16.3.2_@testing-library+dom@10.4.1_@types+react-dom@18.3.7_@types+reac_3k5f6qynewwmkoqvlvtzlgtsjq/node_modules/@testing-library/react/dist/pure.js:291:10)
          at Object.<anonymous> (/app/apps/admin/components/__tests__/roles-table.test.tsx:109:11)
          at Promise.then.completed (/app/node_modules/.pnpm/jest-circus@29.7.0/node_modules/jest-circus/build/utils.js:298:28)
          at new Promise (<anonymous>)
          at callAsyncCircusFn (/app/node_modules/.pnpm/jest-circus@29.7.0/node_modules/jest-circus/build/utils.js:231:10)
          at _callCircusTest (/app/node_modules/.pnpm/jest-circus@29.7.0/node_modules/jest-circus/build/run.js:316:40)
          at processTicksAndRejections (node:internal/process/task_queues:103:5)
          at _runTest (/app/node_modules/.pnpm/jest-circus@29.7.0/node_modules/jest-circus/build/run.js:252:3)
          at _runTestsForDescribeBlock (/app/node_modules/.pnpm/jest-circus@29.7.0/node_modules/jest-circus/build/run.js:126:9)
          at _runTestsForDescribeBlock (/app/node_modules/.pnpm/jest-circus@29.7.0/node_modules/jest-circus/build/run.js:121:9)
          at run (/app/node_modules/.pnpm/jest-circus@29.7.0/node_modules/jest-circus/build/run.js:71:3)
          at runAndTransformResultsToJestFormat (/app/node_modules/.pnpm/jest-circus@29.7.0/node_modules/jest-circus/build/legacy-code-todo-rewrite/jestAdapterInit.js:122:21)
          at jestAdapter (/app/node_modules/.pnpm/jest-circus@29.7.0/node_modules/jest-circus/build/legacy-code-todo-rewrite/jestAdapter.js:79:19)
          at runTestInternal (/app/node_modules/.pnpm/jest-runner@29.7.0/node_modules/jest-runner/build/runTest.js:367:16)
          at runTest (/app/node_modules/.pnpm/jest-runner@29.7.0/node_modules/jest-runner/build/runTest.js:444:34)
          at Object.worker (/app/node_modules/.pnpm/jest-runner@29.7.0/node_modules/jest-runner/build/testWorker.js:106:12) {
        detail: Error: `Tooltip` must be used within `TooltipProvider`
            at useContext2 (/app/node_modules/.pnpm/@radix-ui+react-context@1.1.2_@types+react@18.3.29_react@18.3.1/node_modules/@radix-ui/react-context/src/create-context.tsx:75:13)
            at Tooltip (/app/node_modules/.pnpm/@radix-ui+react-tooltip@1.2.8_@types+react-dom@18.3.7_@types+react@18.3.29__@types+react@18.3_xrwsnt2rmlacewwolijhmzdoxi/node_modules/@radix-ui/react-tooltip/src/tooltip.tsx:162:27)
            at renderWithHooks (/app/node_modules/.pnpm/react-dom@18.3.1_react@18.3.1/node_modules/react-dom/cjs/react-dom.development.js:15486:18)
            at mountIndeterminateComponent (/app/node_modules/.pnpm/react-dom@18.3.1_react@18.3.1/node_modules/react-dom/cjs/react-dom.development.js:20103:13)
            at beginWork (/app/node_modules/.pnpm/react-dom@18.3.1_react@18.3.1/node_modules/react-dom/cjs/react-dom.development.js:21626:16)
            at HTMLUnknownElement.callCallback (/app/node_modules/.pnpm/react-dom@18.3.1_react@18.3.1/node_modules/react-dom/cjs/react-dom.development.js:4164:14)
            at HTMLUnknownElement.callTheUserObjectsOperation (/app/node_modules/.pnpm/jsdom@20.0.3/node_modules/jsdom/lib/jsdom/living/generated/EventListener.js:26:30)
            at innerInvokeEventListeners (/app/node_modules/.pnpm/jsdom@20.0.3/node_modules/jsdom/lib/jsdom/living/events/EventTarget-impl.js:350:25)
            at invokeEventListeners (/app/node_modules/.pnpm/jsdom@20.0.3/node_modules/jsdom/lib/jsdom/living/events/EventTarget-impl.js:286:3)
            at HTMLUnknownElementImpl._dispatch (/app/node_modules/.pnpm/jsdom@20.0.3/node_modules/jsdom/lib/jsdom/living/events/EventTarget-impl.js:233:9)
            at HTMLUnknownElementImpl.dispatchEvent (/app/node_modules/.pnpm/jsdom@20.0.3/node_modules/jsdom/lib/jsdom/living/events/EventTarget-impl.js:104:17)
            at HTMLUnknownElement.dispatchEvent (/app/node_modules/.pnpm/jsdom@20.0.3/node_modules/jsdom/lib/jsdom/living/generated/EventTarget.js:241:34)
            at Object.invokeGuardedCallbackDev (/app/node_modules/.pnpm/react-dom@18.3.1_react@18.3.1/node_modules/react-dom/cjs/react-dom.development.js:4213:16)
            at invokeGuardedCallback (/app/node_modules/.pnpm/react-dom@18.3.1_react@18.3.1/node_modules/react-dom/cjs/react-dom.development.js:4277:31)
            at beginWork$1 (/app/node_modules/.pnpm/react-dom@18.3.1_react@18.3.1/node_modules/react-dom/cjs/react-dom.development.js:27490:7)
            at performUnitOfWork (/app/node_modules/.pnpm/react-dom@18.3.1_react@18.3.1/node_modules/react-dom/cjs/react-dom.development.js:26599:12)
            at workLoopSync (/app/node_modules/.pnpm/react-dom@18.3.1_react@18.3.1/node_modules/react-dom/cjs/react-dom.development.js:26505:5)
            at renderRootSync (/app/node_modules/.pnpm/react-dom@18.3.1_react@18.3.1/node_modules/react-dom/cjs/react-dom.development.js:26473:7)
            at performConcurrentWorkOnRoot (/app/node_modules/.pnpm/react-dom@18.3.1_react@18.3.1/node_modules/react-dom/cjs/react-dom.development.js:25777:74)
            at flushActQueue (/app/node_modules/.pnpm/react@18.3.1/node_modules/react/cjs/react.development.js:2667:24)
            at act (/app/node_modules/.pnpm/react@18.3.1/node_modules/react/cjs/react.development.js:2582:11)
            at /app/node_modules/.pnpm/@testing-library+react@16.3.2_@testing-library+dom@10.4.1_@types+react-dom@18.3.7_@types+reac_3k5f6qynewwmkoqvlvtzlgtsjq/node_modules/@testing-library/react/dist/act-compat.js:46:25
            at renderRoot (/app/node_modules/.pnpm/@testing-library+react@16.3.2_@testing-library+dom@10.4.1_@types+react-dom@18.3.7_@types+reac_3k5f6qynewwmkoqvlvtzlgtsjq/node_modules/@testing-library/react/dist/pure.js:189:26)
            at render (/app/node_modules/.pnpm/@testing-library+react@16.3.2_@testing-library+dom@10.4.1_@types+react-dom@18.3.7_@types+reac_3k5f6qynewwmkoqvlvtzlgtsjq/node_modules/@testing-library/react/dist/pure.js:291:10)
            at Object.<anonymous> (/app/apps/admin/components/__tests__/roles-table.test.tsx:109:11)
            at Promise.then.completed (/app/node_modules/.pnpm/jest-circus@29.7.0/node_modules/jest-circus/build/utils.js:298:28)
            at new Promise (<anonymous>)
            at callAsyncCircusFn (/app/node_modules/.pnpm/jest-circus@29.7.0/node_modules/jest-circus/build/utils.js:231:10)
            at _callCircusTest (/app/node_modules/.pnpm/jest-circus@29.7.0/node_modules/jest-circus/build/run.js:316:40)
            at processTicksAndRejections (node:internal/process/task_queues:103:5)
            at _runTest (/app/node_modules/.pnpm/jest-circus@29.7.0/node_modules/jest-circus/build/run.js:252:3)
            at _runTestsForDescribeBlock (/app/node_modules/.pnpm/jest-circus@29.7.0/node_modules/jest-circus/build/run.js:126:9)
            at _runTestsForDescribeBlock (/app/node_modules/.pnpm/jest-circus@29.7.0/node_modules/jest-circus/build/run.js:121:9)
            at run (/app/node_modules/.pnpm/jest-circus@29.7.0/node_modules/jest-circus/build/run.js:71:3)
            at runAndTransformResultsToJestFormat (/app/node_modules/.pnpm/jest-circus@29.7.0/node_modules/jest-circus/build/legacy-code-todo-rewrite/jestAdapterInit.js:122:21)
            at jestAdapter (/app/node_modules/.pnpm/jest-circus@29.7.0/node_modules/jest-circus/build/legacy-code-todo-rewrite/jestAdapter.js:79:19)
            at runTestInternal (/app/node_modules/.pnpm/jest-runner@29.7.0/node_modules/jest-runner/build/runTest.js:367:16)
            at runTest (/app/node_modules/.pnpm/jest-runner@29.7.0/node_modules/jest-runner/build/runTest.js:444:34)
            at Object.worker (/app/node_modules/.pnpm/jest-runner@29.7.0/node_modules/jest-runner/build/testWorker.js:106:12),
        type: 'unhandled exception'
      }

      107 |
      108 |   it('hides the app picker when canPickApp=false', () => {
    > 109 |     render(withIntl(<RolesTable initial={initial} apps={apps} canPickApp={false} />))
          |           ^
      110 |     expect(screen.queryByLabelText(en.roles.filter.appLabel)).not.toBeInTheDocument()
      111 |   })
      112 | })

      at VirtualConsole.<anonymous> (../../node_modules/.pnpm/jest-environment-jsdom@29.7.0/node_modules/jest-environment-jsdom/build/index.js:63:23)
      at reportException (../../node_modules/.pnpm/jsdom@20.0.3/node_modules/jsdom/lib/jsdom/living/helpers/runtime-script-errors.js:70:28)
      at innerInvokeEventListeners (../../node_modules/.pnpm/jsdom@20.0.3/node_modules/jsdom/lib/jsdom/living/events/EventTarget-impl.js:353:9)
      at invokeEventListeners (../../node_modules/.pnpm/jsdom@20.0.3/node_modules/jsdom/lib/jsdom/living/events/EventTarget-impl.js:286:3)
      at HTMLUnknownElementImpl._dispatch (../../node_modules/.pnpm/jsdom@20.0.3/node_modules/jsdom/lib/jsdom/living/events/EventTarget-impl.js:233:9)
      at HTMLUnknownElementImpl.dispatchEvent (../../node_modules/.pnpm/jsdom@20.0.3/node_modules/jsdom/lib/jsdom/living/events/EventTarget-impl.js:104:17)
      at HTMLUnknownElement.dispatchEvent (../../node_modules/.pnpm/jsdom@20.0.3/node_modules/jsdom/lib/jsdom/living/generated/EventTarget.js:241:34)
      at Object.invokeGuardedCallbackDev (../../node_modules/.pnpm/react-dom@18.3.1_react@18.3.1/node_modules/react-dom/cjs/react-dom.development.js:4213:16)
      at invokeGuardedCallback (../../node_modules/.pnpm/react-dom@18.3.1_react@18.3.1/node_modules/react-dom/cjs/react-dom.development.js:4277:31)
      at beginWork$1 (../../node_modules/.pnpm/react-dom@18.3.1_react@18.3.1/node_modules/react-dom/cjs/react-dom.development.js:27490:7)
      at performUnitOfWork (../../node_modules/.pnpm/react-dom@18.3.1_react@18.3.1/node_modules/react-dom/cjs/react-dom.development.js:26599:12)
      at workLoopSync (../../node_modules/.pnpm/react-dom@18.3.1_react@18.3.1/node_modules/react-dom/cjs/react-dom.development.js:26505:5)
      at renderRootSync (../../node_modules/.pnpm/react-dom@18.3.1_react@18.3.1/node_modules/react-dom/cjs/react-dom.development.js:26473:7)
      at performConcurrentWorkOnRoot (../../node_modules/.pnpm/react-dom@18.3.1_react@18.3.1/node_modules/react-dom/cjs/react-dom.development.js:25777:74)
      at flushActQueue (../../node_modules/.pnpm/react@18.3.1/node_modules/react/cjs/react.development.js:2667:24)
      at act (../../node_modules/.pnpm/react@18.3.1/node_modules/react/cjs/react.development.js:2582:11)
      at ../../node_modules/.pnpm/@testing-library+react@16.3.2_@testing-library+dom@10.4.1_@types+react-dom@18.3.7_@types+reac_3k5f6qynewwmkoqvlvtzlgtsjq/node_modules/@testing-library/react/dist/act-compat.js:46:25
      at renderRoot (../../node_modules/.pnpm/@testing-library+react@16.3.2_@testing-library+dom@10.4.1_@types+react-dom@18.3.7_@types+reac_3k5f6qynewwmkoqvlvtzlgtsjq/node_modules/@testing-library/react/dist/pure.js:189:26)
      at render (../../node_modules/.pnpm/@testing-library+react@16.3.2_@testing-library+dom@10.4.1_@types+react-dom@18.3.7_@types+reac_3k5f6qynewwmkoqvlvtzlgtsjq/node_modules/@testing-library/react/dist/pure.js:291:10)
      at Object.<anonymous> (components/__tests__/roles-table.test.tsx:109:11)

    console.error
      Error: Uncaught [Error: `Tooltip` must be used within `TooltipProvider`]
          at reportException (/app/node_modules/.pnpm/jsdom@20.0.3/node_modules/jsdom/lib/jsdom/living/helpers/runtime-script-errors.js:66:24)
          at innerInvokeEventListeners (/app/node_modules/.pnpm/jsdom@20.0.3/node_modules/jsdom/lib/jsdom/living/events/EventTarget-impl.js:353:9)
          at invokeEventListeners (/app/node_modules/.pnpm/jsdom@20.0.3/node_modules/jsdom/lib/jsdom/living/events/EventTarget-impl.js:286:3)
          at HTMLUnknownElementImpl._dispatch (/app/node_modules/.pnpm/jsdom@20.0.3/node_modules/jsdom/lib/jsdom/living/events/EventTarget-impl.js:233:9)
          at HTMLUnknownElementImpl.dispatchEvent (/app/node_modules/.pnpm/jsdom@20.0.3/node_modules/jsdom/lib/jsdom/living/events/EventTarget-impl.js:104:17)
          at HTMLUnknownElement.dispatchEvent (/app/node_modules/.pnpm/jsdom@20.0.3/node_modules/jsdom/lib/jsdom/living/generated/EventTarget.js:241:34)
          at Object.invokeGuardedCallbackDev (/app/node_modules/.pnpm/react-dom@18.3.1_react@18.3.1/node_modules/react-dom/cjs/react-dom.development.js:4213:16)
          at invokeGuardedCallback (/app/node_modules/.pnpm/react-dom@18.3.1_react@18.3.1/node_modules/react-dom/cjs/react-dom.development.js:4277:31)
          at beginWork$1 (/app/node_modules/.pnpm/react-dom@18.3.1_react@18.3.1/node_modules/react-dom/cjs/react-dom.development.js:27490:7)
          at performUnitOfWork (/app/node_modules/.pnpm/react-dom@18.3.1_react@18.3.1/node_modules/react-dom/cjs/react-dom.development.js:26599:12)
          at workLoopSync (/app/node_modules/.pnpm/react-dom@18.3.1_react@18.3.1/node_modules/react-dom/cjs/react-dom.development.js:26505:5)
          at renderRootSync (/app/node_modules/.pnpm/react-dom@18.3.1_react@18.3.1/node_modules/react-dom/cjs/react-dom.development.js:26473:7)
          at recoverFromConcurrentError (/app/node_modules/.pnpm/react-dom@18.3.1_react@18.3.1/node_modules/react-dom/cjs/react-dom.development.js:25889:20)
          at performConcurrentWorkOnRoot (/app/node_modules/.pnpm/react-dom@18.3.1_react@18.3.1/node_modules/react-dom/cjs/react-dom.development.js:25789:22)
          at flushActQueue (/app/node_modules/.pnpm/react@18.3.1/node_modules/react/cjs/react.development.js:2667:24)
          at act (/app/node_modules/.pnpm/react@18.3.1/node_modules/react/cjs/react.development.js:2582:11)
          at /app/node_modules/.pnpm/@testing-library+react@16.3.2_@testing-library+dom@10.4.1_@types+react-dom@18.3.7_@types+reac_3k5f6qynewwmkoqvlvtzlgtsjq/node_modules/@testing-library/react/dist/act-compat.js:46:25
          at renderRoot (/app/node_modules/.pnpm/@testing-library+react@16.3.2_@testing-library+dom@10.4.1_@types+react-dom@18.3.7_@types+reac_3k5f6qynewwmkoqvlvtzlgtsjq/node_modules/@testing-library/react/dist/pure.js:189:26)
          at render (/app/node_modules/.pnpm/@testing-library+react@16.3.2_@testing-library+dom@10.4.1_@types+react-dom@18.3.7_@types+reac_3k5f6qynewwmkoqvlvtzlgtsjq/node_modules/@testing-library/react/dist/pure.js:291:10)
          at Object.<anonymous> (/app/apps/admin/components/__tests__/roles-table.test.tsx:109:11)
          at Promise.then.completed (/app/node_modules/.pnpm/jest-circus@29.7.0/node_modules/jest-circus/build/utils.js:298:28)
          at new Promise (<anonymous>)
          at callAsyncCircusFn (/app/node_modules/.pnpm/jest-circus@29.7.0/node_modules/jest-circus/build/utils.js:231:10)
          at _callCircusTest (/app/node_modules/.pnpm/jest-circus@29.7.0/node_modules/jest-circus/build/run.js:316:40)
          at processTicksAndRejections (node:internal/process/task_queues:103:5)
          at _runTest (/app/node_modules/.pnpm/jest-circus@29.7.0/node_modules/jest-circus/build/run.js:252:3)
          at _runTestsForDescribeBlock (/app/node_modules/.pnpm/jest-circus@29.7.0/node_modules/jest-circus/build/run.js:126:9)
          at _runTestsForDescribeBlock (/app/node_modules/.pnpm/jest-circus@29.7.0/node_modules/jest-circus/build/run.js:121:9)
          at run (/app/node_modules/.pnpm/jest-circus@29.7.0/node_modules/jest-circus/build/run.js:71:3)
          at runAndTransformResultsToJestFormat (/app/node_modules/.pnpm/jest-circus@29.7.0/node_modules/jest-circus/build/legacy-code-todo-rewrite/jestAdapterInit.js:122:21)
          at jestAdapter (/app/node_modules/.pnpm/jest-circus@29.7.0/node_modules/jest-circus/build/legacy-code-todo-rewrite/jestAdapter.js:79:19)
          at runTestInternal (/app/node_modules/.pnpm/jest-runner@29.7.0/node_modules/jest-runner/build/runTest.js:367:16)
          at runTest (/app/node_modules/.pnpm/jest-runner@29.7.0/node_modules/jest-runner/build/runTest.js:444:34)
          at Object.worker (/app/node_modules/.pnpm/jest-runner@29.7.0/node_modules/jest-runner/build/testWorker.js:106:12) {
        detail: Error: `Tooltip` must be used within `TooltipProvider`
            at useContext2 (/app/node_modules/.pnpm/@radix-ui+react-context@1.1.2_@types+react@18.3.29_react@18.3.1/node_modules/@radix-ui/react-context/src/create-context.tsx:75:13)
            at Tooltip (/app/node_modules/.pnpm/@radix-ui+react-tooltip@1.2.8_@types+react-dom@18.3.7_@types+react@18.3.29__@types+react@18.3_xrwsnt2rmlacewwolijhmzdoxi/node_modules/@radix-ui/react-tooltip/src/tooltip.tsx:162:27)
            at renderWithHooks (/app/node_modules/.pnpm/react-dom@18.3.1_react@18.3.1/node_modules/react-dom/cjs/react-dom.development.js:15486:18)
            at mountIndeterminateComponent (/app/node_modules/.pnpm/react-dom@18.3.1_react@18.3.1/node_modules/react-dom/cjs/react-dom.development.js:20103:13)
            at beginWork (/app/node_modules/.pnpm/react-dom@18.3.1_react@18.3.1/node_modules/react-dom/cjs/react-dom.development.js:21626:16)
            at HTMLUnknownElement.callCallback (/app/node_modules/.pnpm/react-dom@18.3.1_react@18.3.1/node_modules/react-dom/cjs/react-dom.development.js:4164:14)
            at HTMLUnknownElement.callTheUserObjectsOperation (/app/node_modules/.pnpm/jsdom@20.0.3/node_modules/jsdom/lib/jsdom/living/generated/EventListener.js:26:30)
            at innerInvokeEventListeners (/app/node_modules/.pnpm/jsdom@20.0.3/node_modules/jsdom/lib/jsdom/living/events/EventTarget-impl.js:350:25)
            at invokeEventListeners (/app/node_modules/.pnpm/jsdom@20.0.3/node_modules/jsdom/lib/jsdom/living/events/EventTarget-impl.js:286:3)
            at HTMLUnknownElementImpl._dispatch (/app/node_modules/.pnpm/jsdom@20.0.3/node_modules/jsdom/lib/jsdom/living/events/EventTarget-impl.js:233:9)
            at HTMLUnknownElementImpl.dispatchEvent (/app/node_modules/.pnpm/jsdom@20.0.3/node_modules/jsdom/lib/jsdom/living/events/EventTarget-impl.js:104:17)
            at HTMLUnknownElement.dispatchEvent (/app/node_modules/.pnpm/jsdom@20.0.3/node_modules/jsdom/lib/jsdom/living/generated/EventTarget.js:241:34)
            at Object.invokeGuardedCallbackDev (/app/node_modules/.pnpm/react-dom@18.3.1_react@18.3.1/node_modules/react-dom/cjs/react-dom.development.js:4213:16)
            at invokeGuardedCallback (/app/node_modules/.pnpm/react-dom@18.3.1_react@18.3.1/node_modules/react-dom/cjs/react-dom.development.js:4277:31)
            at beginWork$1 (/app/node_modules/.pnpm/react-dom@18.3.1_react@18.3.1/node_modules/react-dom/cjs/react-dom.development.js:27490:7)
            at performUnitOfWork (/app/node_modules/.pnpm/react-dom@18.3.1_react@18.3.1/node_modules/react-dom/cjs/react-dom.development.js:26599:12)
            at workLoopSync (/app/node_modules/.pnpm/react-dom@18.3.1_react@18.3.1/node_modules/react-dom/cjs/react-dom.development.js:26505:5)
            at renderRootSync (/app/node_modules/.pnpm/react-dom@18.3.1_react@18.3.1/node_modules/react-dom/cjs/react-dom.development.js:26473:7)
            at recoverFromConcurrentError (/app/node_modules/.pnpm/react-dom@18.3.1_react@18.3.1/node_modules/react-dom/cjs/react-dom.development.js:25889:20)
            at performConcurrentWorkOnRoot (/app/node_modules/.pnpm/react-dom@18.3.1_react@18.3.1/node_modules/react-dom/cjs/react-dom.development.js:25789:22)
            at flushActQueue (/app/node_modules/.pnpm/react@18.3.1/node_modules/react/cjs/react.development.js:2667:24)
            at act (/app/node_modules/.pnpm/react@18.3.1/node_modules/react/cjs/react.development.js:2582:11)
            at /app/node_modules/.pnpm/@testing-library+react@16.3.2_@testing-library+dom@10.4.1_@types+react-dom@18.3.7_@types+reac_3k5f6qynewwmkoqvlvtzlgtsjq/node_modules/@testing-library/react/dist/act-compat.js:46:25
            at renderRoot (/app/node_modules/.pnpm/@testing-library+react@16.3.2_@testing-library+dom@10.4.1_@types+react-dom@18.3.7_@types+reac_3k5f6qynewwmkoqvlvtzlgtsjq/node_modules/@testing-library/react/dist/pure.js:189:26)
            at render (/app/node_modules/.pnpm/@testing-library+react@16.3.2_@testing-library+dom@10.4.1_@types+react-dom@18.3.7_@types+reac_3k5f6qynewwmkoqvlvtzlgtsjq/node_modules/@testing-library/react/dist/pure.js:291:10)
            at Object.<anonymous> (/app/apps/admin/components/__tests__/roles-table.test.tsx:109:11)
            at Promise.then.completed (/app/node_modules/.pnpm/jest-circus@29.7.0/node_modules/jest-circus/build/utils.js:298:28)
            at new Promise (<anonymous>)
            at callAsyncCircusFn (/app/node_modules/.pnpm/jest-circus@29.7.0/node_modules/jest-circus/build/utils.js:231:10)
            at _callCircusTest (/app/node_modules/.pnpm/jest-circus@29.7.0/node_modules/jest-circus/build/run.js:316:40)
            at processTicksAndRejections (node:internal/process/task_queues:103:5)
            at _runTest (/app/node_modules/.pnpm/jest-circus@29.7.0/node_modules/jest-circus/build/run.js:252:3)
            at _runTestsForDescribeBlock (/app/node_modules/.pnpm/jest-circus@29.7.0/node_modules/jest-circus/build/run.js:126:9)
            at _runTestsForDescribeBlock (/app/node_modules/.pnpm/jest-circus@29.7.0/node_modules/jest-circus/build/run.js:121:9)
            at run (/app/node_modules/.pnpm/jest-circus@29.7.0/node_modules/jest-circus/build/run.js:71:3)
            at runAndTransformResultsToJestFormat (/app/node_modules/.pnpm/jest-circus@29.7.0/node_modules/jest-circus/build/legacy-code-todo-rewrite/jestAdapterInit.js:122:21)
            at jestAdapter (/app/node_modules/.pnpm/jest-circus@29.7.0/node_modules/jest-circus/build/legacy-code-todo-rewrite/jestAdapter.js:79:19)
            at runTestInternal (/app/node_modules/.pnpm/jest-runner@29.7.0/node_modules/jest-runner/build/runTest.js:367:16)
            at runTest (/app/node_modules/.pnpm/jest-runner@29.7.0/node_modules/jest-runner/build/runTest.js:444:34)
            at Object.worker (/app/node_modules/.pnpm/jest-runner@29.7.0/node_modules/jest-runner/build/testWorker.js:106:12),
        type: 'unhandled exception'
      }

      107 |
      108 |   it('hides the app picker when canPickApp=false', () => {
    > 109 |     render(withIntl(<RolesTable initial={initial} apps={apps} canPickApp={false} />))
          |           ^
      110 |     expect(screen.queryByLabelText(en.roles.filter.appLabel)).not.toBeInTheDocument()
      111 |   })
      112 | })

      at VirtualConsole.<anonymous> (../../node_modules/.pnpm/jest-environment-jsdom@29.7.0/node_modules/jest-environment-jsdom/build/index.js:63:23)
      at reportException (../../node_modules/.pnpm/jsdom@20.0.3/node_modules/jsdom/lib/jsdom/living/helpers/runtime-script-errors.js:70:28)
      at innerInvokeEventListeners (../../node_modules/.pnpm/jsdom@20.0.3/node_modules/jsdom/lib/jsdom/living/events/EventTarget-impl.js:353:9)
      at invokeEventListeners (../../node_modules/.pnpm/jsdom@20.0.3/node_modules/jsdom/lib/jsdom/living/events/EventTarget-impl.js:286:3)
      at HTMLUnknownElementImpl._dispatch (../../node_modules/.pnpm/jsdom@20.0.3/node_modules/jsdom/lib/jsdom/living/events/EventTarget-impl.js:233:9)
      at HTMLUnknownElementImpl.dispatchEvent (../../node_modules/.pnpm/jsdom@20.0.3/node_modules/jsdom/lib/jsdom/living/events/EventTarget-impl.js:104:17)
      at HTMLUnknownElement.dispatchEvent (../../node_modules/.pnpm/jsdom@20.0.3/node_modules/jsdom/lib/jsdom/living/generated/EventTarget.js:241:34)
      at Object.invokeGuardedCallbackDev (../../node_modules/.pnpm/react-dom@18.3.1_react@18.3.1/node_modules/react-dom/cjs/react-dom.development.js:4213:16)
      at invokeGuardedCallback (../../node_modules/.pnpm/react-dom@18.3.1_react@18.3.1/node_modules/react-dom/cjs/react-dom.development.js:4277:31)
      at beginWork$1 (../../node_modules/.pnpm/react-dom@18.3.1_react@18.3.1/node_modules/react-dom/cjs/react-dom.development.js:27490:7)
      at performUnitOfWork (../../node_modules/.pnpm/react-dom@18.3.1_react@18.3.1/node_modules/react-dom/cjs/react-dom.development.js:26599:12)
      at workLoopSync (../../node_modules/.pnpm/react-dom@18.3.1_react@18.3.1/node_modules/react-dom/cjs/react-dom.development.js:26505:5)
      at renderRootSync (../../node_modules/.pnpm/react-dom@18.3.1_react@18.3.1/node_modules/react-dom/cjs/react-dom.development.js:26473:7)
      at recoverFromConcurrentError (../../node_modules/.pnpm/react-dom@18.3.1_react@18.3.1/node_modules/react-dom/cjs/react-dom.development.js:25889:20)
      at performConcurrentWorkOnRoot (../../node_modules/.pnpm/react-dom@18.3.1_react@18.3.1/node_modules/react-dom/cjs/react-dom.development.js:25789:22)
      at flushActQueue (../../node_modules/.pnpm/react@18.3.1/node_modules/react/cjs/react.development.js:2667:24)
      at act (../../node_modules/.pnpm/react@18.3.1/node_modules/react/cjs/react.development.js:2582:11)
      at ../../node_modules/.pnpm/@testing-library+react@16.3.2_@testing-library+dom@10.4.1_@types+react-dom@18.3.7_@types+reac_3k5f6qynewwmkoqvlvtzlgtsjq/node_modules/@testing-library/react/dist/act-compat.js:46:25
      at renderRoot (../../node_modules/.pnpm/@testing-library+react@16.3.2_@testing-library+dom@10.4.1_@types+react-dom@18.3.7_@types+reac_3k5f6qynewwmkoqvlvtzlgtsjq/node_modules/@testing-library/react/dist/pure.js:189:26)
      at render (../../node_modules/.pnpm/@testing-library+react@16.3.2_@testing-library+dom@10.4.1_@types+react-dom@18.3.7_@types+reac_3k5f6qynewwmkoqvlvtzlgtsjq/node_modules/@testing-library/react/dist/pure.js:291:10)
      at Object.<anonymous> (components/__tests__/roles-table.test.tsx:109:11)

    console.error
      Error: Uncaught [Error: `Tooltip` must be used within `TooltipProvider`]
          at reportException (/app/node_modules/.pnpm/jsdom@20.0.3/node_modules/jsdom/lib/jsdom/living/helpers/runtime-script-errors.js:66:24)
          at innerInvokeEventListeners (/app/node_modules/.pnpm/jsdom@20.0.3/node_modules/jsdom/lib/jsdom/living/events/EventTarget-impl.js:353:9)
          at invokeEventListeners (/app/node_modules/.pnpm/jsdom@20.0.3/node_modules/jsdom/lib/jsdom/living/events/EventTarget-impl.js:286:3)
          at HTMLUnknownElementImpl._dispatch (/app/node_modules/.pnpm/jsdom@20.0.3/node_modules/jsdom/lib/jsdom/living/events/EventTarget-impl.js:233:9)
          at HTMLUnknownElementImpl.dispatchEvent (/app/node_modules/.pnpm/jsdom@20.0.3/node_modules/jsdom/lib/jsdom/living/events/EventTarget-impl.js:104:17)
          at HTMLUnknownElement.dispatchEvent (/app/node_modules/.pnpm/jsdom@20.0.3/node_modules/jsdom/lib/jsdom/living/generated/EventTarget.js:241:34)
          at Object.invokeGuardedCallbackDev (/app/node_modules/.pnpm/react-dom@18.3.1_react@18.3.1/node_modules/react-dom/cjs/react-dom.development.js:4213:16)
          at invokeGuardedCallback (/app/node_modules/.pnpm/react-dom@18.3.1_react@18.3.1/node_modules/react-dom/cjs/react-dom.development.js:4277:31)
          at beginWork$1 (/app/node_modules/.pnpm/react-dom@18.3.1_react@18.3.1/node_modules/react-dom/cjs/react-dom.development.js:27490:7)
          at performUnitOfWork (/app/node_modules/.pnpm/react-dom@18.3.1_react@18.3.1/node_modules/react-dom/cjs/react-dom.development.js:26599:12)
          at workLoopSync (/app/node_modules/.pnpm/react-dom@18.3.1_react@18.3.1/node_modules/react-dom/cjs/react-dom.development.js:26505:5)
          at renderRootSync (/app/node_modules/.pnpm/react-dom@18.3.1_react@18.3.1/node_modules/react-dom/cjs/react-dom.development.js:26473:7)
          at recoverFromConcurrentError (/app/node_modules/.pnpm/react-dom@18.3.1_react@18.3.1/node_modules/react-dom/cjs/react-dom.development.js:25889:20)
          at performConcurrentWorkOnRoot (/app/node_modules/.pnpm/react-dom@18.3.1_react@18.3.1/node_modules/react-dom/cjs/react-dom.development.js:25789:22)
          at flushActQueue (/app/node_modules/.pnpm/react@18.3.1/node_modules/react/cjs/react.development.js:2667:24)
          at act (/app/node_modules/.pnpm/react@18.3.1/node_modules/react/cjs/react.development.js:2582:11)
          at /app/node_modules/.pnpm/@testing-library+react@16.3.2_@testing-library+dom@10.4.1_@types+react-dom@18.3.7_@types+reac_3k5f6qynewwmkoqvlvtzlgtsjq/node_modules/@testing-library/react/dist/act-compat.js:46:25
          at renderRoot (/app/node_modules/.pnpm/@testing-library+react@16.3.2_@testing-library+dom@10.4.1_@types+react-dom@18.3.7_@types+reac_3k5f6qynewwmkoqvlvtzlgtsjq/node_modules/@testing-library/react/dist/pure.js:189:26)
          at render (/app/node_modules/.pnpm/@testing-library+react@16.3.2_@testing-library+dom@10.4.1_@types+react-dom@18.3.7_@types+reac_3k5f6qynewwmkoqvlvtzlgtsjq/node_modules/@testing-library/react/dist/pure.js:291:10)
          at Object.<anonymous> (/app/apps/admin/components/__tests__/roles-table.test.tsx:109:11)
          at Promise.then.completed (/app/node_modules/.pnpm/jest-circus@29.7.0/node_modules/jest-circus/build/utils.js:298:28)
          at new Promise (<anonymous>)
          at callAsyncCircusFn (/app/node_modules/.pnpm/jest-circus@29.7.0/node_modules/jest-circus/build/utils.js:231:10)
          at _callCircusTest (/app/node_modules/.pnpm/jest-circus@29.7.0/node_modules/jest-circus/build/run.js:316:40)
          at processTicksAndRejections (node:internal/process/task_queues:103:5)
          at _runTest (/app/node_modules/.pnpm/jest-circus@29.7.0/node_modules/jest-circus/build/run.js:252:3)
          at _runTestsForDescribeBlock (/app/node_modules/.pnpm/jest-circus@29.7.0/node_modules/jest-circus/build/run.js:126:9)
          at _runTestsForDescribeBlock (/app/node_modules/.pnpm/jest-circus@29.7.0/node_modules/jest-circus/build/run.js:121:9)
          at run (/app/node_modules/.pnpm/jest-circus@29.7.0/node_modules/jest-circus/build/run.js:71:3)
          at runAndTransformResultsToJestFormat (/app/node_modules/.pnpm/jest-circus@29.7.0/node_modules/jest-circus/build/legacy-code-todo-rewrite/jestAdapterInit.js:122:21)
          at jestAdapter (/app/node_modules/.pnpm/jest-circus@29.7.0/node_modules/jest-circus/build/legacy-code-todo-rewrite/jestAdapter.js:79:19)
          at runTestInternal (/app/node_modules/.pnpm/jest-runner@29.7.0/node_modules/jest-runner/build/runTest.js:367:16)
          at runTest (/app/node_modules/.pnpm/jest-runner@29.7.0/node_modules/jest-runner/build/runTest.js:444:34)
          at Object.worker (/app/node_modules/.pnpm/jest-runner@29.7.0/node_modules/jest-runner/build/testWorker.js:106:12) {
        detail: Error: `Tooltip` must be used within `TooltipProvider`
            at useContext2 (/app/node_modules/.pnpm/@radix-ui+react-context@1.1.2_@types+react@18.3.29_react@18.3.1/node_modules/@radix-ui/react-context/src/create-context.tsx:75:13)
            at Tooltip (/app/node_modules/.pnpm/@radix-ui+react-tooltip@1.2.8_@types+react-dom@18.3.7_@types+react@18.3.29__@types+react@18.3_xrwsnt2rmlacewwolijhmzdoxi/node_modules/@radix-ui/react-tooltip/src/tooltip.tsx:162:27)
            at renderWithHooks (/app/node_modules/.pnpm/react-dom@18.3.1_react@18.3.1/node_modules/react-dom/cjs/react-dom.development.js:15486:18)
            at mountIndeterminateComponent (/app/node_modules/.pnpm/react-dom@18.3.1_react@18.3.1/node_modules/react-dom/cjs/react-dom.development.js:20103:13)
            at beginWork (/app/node_modules/.pnpm/react-dom@18.3.1_react@18.3.1/node_modules/react-dom/cjs/react-dom.development.js:21626:16)
            at HTMLUnknownElement.callCallback (/app/node_modules/.pnpm/react-dom@18.3.1_react@18.3.1/node_modules/react-dom/cjs/react-dom.development.js:4164:14)
            at HTMLUnknownElement.callTheUserObjectsOperation (/app/node_modules/.pnpm/jsdom@20.0.3/node_modules/jsdom/lib/jsdom/living/generated/EventListener.js:26:30)
            at innerInvokeEventListeners (/app/node_modules/.pnpm/jsdom@20.0.3/node_modules/jsdom/lib/jsdom/living/events/EventTarget-impl.js:350:25)
            at invokeEventListeners (/app/node_modules/.pnpm/jsdom@20.0.3/node_modules/jsdom/lib/jsdom/living/events/EventTarget-impl.js:286:3)
            at HTMLUnknownElementImpl._dispatch (/app/node_modules/.pnpm/jsdom@20.0.3/node_modules/jsdom/lib/jsdom/living/events/EventTarget-impl.js:233:9)
            at HTMLUnknownElementImpl.dispatchEvent (/app/node_modules/.pnpm/jsdom@20.0.3/node_modules/jsdom/lib/jsdom/living/events/EventTarget-impl.js:104:17)
            at HTMLUnknownElement.dispatchEvent (/app/node_modules/.pnpm/jsdom@20.0.3/node_modules/jsdom/lib/jsdom/living/generated/EventTarget.js:241:34)
            at Object.invokeGuardedCallbackDev (/app/node_modules/.pnpm/react-dom@18.3.1_react@18.3.1/node_modules/react-dom/cjs/react-dom.development.js:4213:16)
            at invokeGuardedCallback (/app/node_modules/.pnpm/react-dom@18.3.1_react@18.3.1/node_modules/react-dom/cjs/react-dom.development.js:4277:31)
            at beginWork$1 (/app/node_modules/.pnpm/react-dom@18.3.1_react@18.3.1/node_modules/react-dom/cjs/react-dom.development.js:27490:7)
            at performUnitOfWork (/app/node_modules/.pnpm/react-dom@18.3.1_react@18.3.1/node_modules/react-dom/cjs/react-dom.development.js:26599:12)
            at workLoopSync (/app/node_modules/.pnpm/react-dom@18.3.1_react@18.3.1/node_modules/react-dom/cjs/react-dom.development.js:26505:5)
            at renderRootSync (/app/node_modules/.pnpm/react-dom@18.3.1_react@18.3.1/node_modules/react-dom/cjs/react-dom.development.js:26473:7)
            at recoverFromConcurrentError (/app/node_modules/.pnpm/react-dom@18.3.1_react@18.3.1/node_modules/react-dom/cjs/react-dom.development.js:25889:20)
            at performConcurrentWorkOnRoot (/app/node_modules/.pnpm/react-dom@18.3.1_react@18.3.1/node_modules/react-dom/cjs/react-dom.development.js:25789:22)
            at flushActQueue (/app/node_modules/.pnpm/react@18.3.1/node_modules/react/cjs/react.development.js:2667:24)
            at act (/app/node_modules/.pnpm/react@18.3.1/node_modules/react/cjs/react.development.js:2582:11)
            at /app/node_modules/.pnpm/@testing-library+react@16.3.2_@testing-library+dom@10.4.1_@types+react-dom@18.3.7_@types+reac_3k5f6qynewwmkoqvlvtzlgtsjq/node_modules/@testing-library/react/dist/act-compat.js:46:25
            at renderRoot (/app/node_modules/.pnpm/@testing-library+react@16.3.2_@testing-library+dom@10.4.1_@types+react-dom@18.3.7_@types+reac_3k5f6qynewwmkoqvlvtzlgtsjq/node_modules/@testing-library/react/dist/pure.js:189:26)
            at render (/app/node_modules/.pnpm/@testing-library+react@16.3.2_@testing-library+dom@10.4.1_@types+react-dom@18.3.7_@types+reac_3k5f6qynewwmkoqvlvtzlgtsjq/node_modules/@testing-library/react/dist/pure.js:291:10)
            at Object.<anonymous> (/app/apps/admin/components/__tests__/roles-table.test.tsx:109:11)
            at Promise.then.completed (/app/node_modules/.pnpm/jest-circus@29.7.0/node_modules/jest-circus/build/utils.js:298:28)
            at new Promise (<anonymous>)
            at callAsyncCircusFn (/app/node_modules/.pnpm/jest-circus@29.7.0/node_modules/jest-circus/build/utils.js:231:10)
            at _callCircusTest (/app/node_modules/.pnpm/jest-circus@29.7.0/node_modules/jest-circus/build/run.js:316:40)
            at processTicksAndRejections (node:internal/process/task_queues:103:5)
            at _runTest (/app/node_modules/.pnpm/jest-circus@29.7.0/node_modules/jest-circus/build/run.js:252:3)
            at _runTestsForDescribeBlock (/app/node_modules/.pnpm/jest-circus@29.7.0/node_modules/jest-circus/build/run.js:126:9)
            at _runTestsForDescribeBlock (/app/node_modules/.pnpm/jest-circus@29.7.0/node_modules/jest-circus/build/run.js:121:9)
            at run (/app/node_modules/.pnpm/jest-circus@29.7.0/node_modules/jest-circus/build/run.js:71:3)
            at runAndTransformResultsToJestFormat (/app/node_modules/.pnpm/jest-circus@29.7.0/node_modules/jest-circus/build/legacy-code-todo-rewrite/jestAdapterInit.js:122:21)
            at jestAdapter (/app/node_modules/.pnpm/jest-circus@29.7.0/node_modules/jest-circus/build/legacy-code-todo-rewrite/jestAdapter.js:79:19)
            at runTestInternal (/app/node_modules/.pnpm/jest-runner@29.7.0/node_modules/jest-runner/build/runTest.js:367:16)
            at runTest (/app/node_modules/.pnpm/jest-runner@29.7.0/node_modules/jest-runner/build/runTest.js:444:34)
            at Object.worker (/app/node_modules/.pnpm/jest-runner@29.7.0/node_modules/jest-runner/build/testWorker.js:106:12),
        type: 'unhandled exception'
      }

      107 |
      108 |   it('hides the app picker when canPickApp=false', () => {
    > 109 |     render(withIntl(<RolesTable initial={initial} apps={apps} canPickApp={false} />))
          |           ^
      110 |     expect(screen.queryByLabelText(en.roles.filter.appLabel)).not.toBeInTheDocument()
      111 |   })
      112 | })

      at VirtualConsole.<anonymous> (../../node_modules/.pnpm/jest-environment-jsdom@29.7.0/node_modules/jest-environment-jsdom/build/index.js:63:23)
      at reportException (../../node_modules/.pnpm/jsdom@20.0.3/node_modules/jsdom/lib/jsdom/living/helpers/runtime-script-errors.js:70:28)
      at innerInvokeEventListeners (../../node_modules/.pnpm/jsdom@20.0.3/node_modules/jsdom/lib/jsdom/living/events/EventTarget-impl.js:353:9)
      at invokeEventListeners (../../node_modules/.pnpm/jsdom@20.0.3/node_modules/jsdom/lib/jsdom/living/events/EventTarget-impl.js:286:3)
      at HTMLUnknownElementImpl._dispatch (../../node_modules/.pnpm/jsdom@20.0.3/node_modules/jsdom/lib/jsdom/living/events/EventTarget-impl.js:233:9)
      at HTMLUnknownElementImpl.dispatchEvent (../../node_modules/.pnpm/jsdom@20.0.3/node_modules/jsdom/lib/jsdom/living/events/EventTarget-impl.js:104:17)
      at HTMLUnknownElement.dispatchEvent (../../node_modules/.pnpm/jsdom@20.0.3/node_modules/jsdom/lib/jsdom/living/generated/EventTarget.js:241:34)
      at Object.invokeGuardedCallbackDev (../../node_modules/.pnpm/react-dom@18.3.1_react@18.3.1/node_modules/react-dom/cjs/react-dom.development.js:4213:16)
      at invokeGuardedCallback (../../node_modules/.pnpm/react-dom@18.3.1_react@18.3.1/node_modules/react-dom/cjs/react-dom.development.js:4277:31)
      at beginWork$1 (../../node_modules/.pnpm/react-dom@18.3.1_react@18.3.1/node_modules/react-dom/cjs/react-dom.development.js:27490:7)
      at performUnitOfWork (../../node_modules/.pnpm/react-dom@18.3.1_react@18.3.1/node_modules/react-dom/cjs/react-dom.development.js:26599:12)
      at workLoopSync (../../node_modules/.pnpm/react-dom@18.3.1_react@18.3.1/node_modules/react-dom/cjs/react-dom.development.js:26505:5)
      at renderRootSync (../../node_modules/.pnpm/react-dom@18.3.1_react@18.3.1/node_modules/react-dom/cjs/react-dom.development.js:26473:7)
      at recoverFromConcurrentError (../../node_modules/.pnpm/react-dom@18.3.1_react@18.3.1/node_modules/react-dom/cjs/react-dom.development.js:25889:20)
      at performConcurrentWorkOnRoot (../../node_modules/.pnpm/react-dom@18.3.1_react@18.3.1/node_modules/react-dom/cjs/react-dom.development.js:25789:22)
      at flushActQueue (../../node_modules/.pnpm/react@18.3.1/node_modules/react/cjs/react.development.js:2667:24)
      at act (../../node_modules/.pnpm/react@18.3.1/node_modules/react/cjs/react.development.js:2582:11)
      at ../../node_modules/.pnpm/@testing-library+react@16.3.2_@testing-library+dom@10.4.1_@types+react-dom@18.3.7_@types+reac_3k5f6qynewwmkoqvlvtzlgtsjq/node_modules/@testing-library/react/dist/act-compat.js:46:25
      at renderRoot (../../node_modules/.pnpm/@testing-library+react@16.3.2_@testing-library+dom@10.4.1_@types+react-dom@18.3.7_@types+reac_3k5f6qynewwmkoqvlvtzlgtsjq/node_modules/@testing-library/react/dist/pure.js:189:26)
      at render (../../node_modules/.pnpm/@testing-library+react@16.3.2_@testing-library+dom@10.4.1_@types+react-dom@18.3.7_@types+reac_3k5f6qynewwmkoqvlvtzlgtsjq/node_modules/@testing-library/react/dist/pure.js:291:10)
      at Object.<anonymous> (components/__tests__/roles-table.test.tsx:109:11)

    console.error
      Error: Uncaught [Error: `Tooltip` must be used within `TooltipProvider`]
          at reportException (/app/node_modules/.pnpm/jsdom@20.0.3/node_modules/jsdom/lib/jsdom/living/helpers/runtime-script-errors.js:66:24)
          at innerInvokeEventListeners (/app/node_modules/.pnpm/jsdom@20.0.3/node_modules/jsdom/lib/jsdom/living/events/EventTarget-impl.js:353:9)
          at invokeEventListeners (/app/node_modules/.pnpm/jsdom@20.0.3/node_modules/jsdom/lib/jsdom/living/events/EventTarget-impl.js:286:3)
          at HTMLUnknownElementImpl._dispatch (/app/node_modules/.pnpm/jsdom@20.0.3/node_modules/jsdom/lib/jsdom/living/events/EventTarget-impl.js:233:9)
          at HTMLUnknownElementImpl.dispatchEvent (/app/node_modules/.pnpm/jsdom@20.0.3/node_modules/jsdom/lib/jsdom/living/events/EventTarget-impl.js:104:17)
          at HTMLUnknownElement.dispatchEvent (/app/node_modules/.pnpm/jsdom@20.0.3/node_modules/jsdom/lib/jsdom/living/generated/EventTarget.js:241:34)
          at Object.invokeGuardedCallbackDev (/app/node_modules/.pnpm/react-dom@18.3.1_react@18.3.1/node_modules/react-dom/cjs/react-dom.development.js:4213:16)
          at invokeGuardedCallback (/app/node_modules/.pnpm/react-dom@18.3.1_react@18.3.1/node_modules/react-dom/cjs/react-dom.development.js:4277:31)
          at beginWork$1 (/app/node_modules/.pnpm/react-dom@18.3.1_react@18.3.1/node_modules/react-dom/cjs/react-dom.development.js:27490:7)
          at performUnitOfWork (/app/node_modules/.pnpm/react-dom@18.3.1_react@18.3.1/node_modules/react-dom/cjs/react-dom.development.js:26599:12)
          at workLoopSync (/app/node_modules/.pnpm/react-dom@18.3.1_react@18.3.1/node_modules/react-dom/cjs/react-dom.development.js:26505:5)
          at renderRootSync (/app/node_modules/.pnpm/react-dom@18.3.1_react@18.3.1/node_modules/react-dom/cjs/react-dom.development.js:26473:7)
          at recoverFromConcurrentError (/app/node_modules/.pnpm/react-dom@18.3.1_react@18.3.1/node_modules/react-dom/cjs/react-dom.development.js:25889:20)
          at performConcurrentWorkOnRoot (/app/node_modules/.pnpm/react-dom@18.3.1_react@18.3.1/node_modules/react-dom/cjs/react-dom.development.js:25789:22)
          at flushActQueue (/app/node_modules/.pnpm/react@18.3.1/node_modules/react/cjs/react.development.js:2667:24)
          at act (/app/node_modules/.pnpm/react@18.3.1/node_modules/react/cjs/react.development.js:2582:11)
          at /app/node_modules/.pnpm/@testing-library+react@16.3.2_@testing-library+dom@10.4.1_@types+react-dom@18.3.7_@types+reac_3k5f6qynewwmkoqvlvtzlgtsjq/node_modules/@testing-library/react/dist/act-compat.js:46:25
          at renderRoot (/app/node_modules/.pnpm/@testing-library+react@16.3.2_@testing-library+dom@10.4.1_@types+react-dom@18.3.7_@types+reac_3k5f6qynewwmkoqvlvtzlgtsjq/node_modules/@testing-library/react/dist/pure.js:189:26)
          at render (/app/node_modules/.pnpm/@testing-library+react@16.3.2_@testing-library+dom@10.4.1_@types+react-dom@18.3.7_@types+reac_3k5f6qynewwmkoqvlvtzlgtsjq/node_modules/@testing-library/react/dist/pure.js:291:10)
          at Object.<anonymous> (/app/apps/admin/components/__tests__/roles-table.test.tsx:109:11)
          at Promise.then.completed (/app/node_modules/.pnpm/jest-circus@29.7.0/node_modules/jest-circus/build/utils.js:298:28)
          at new Promise (<anonymous>)
          at callAsyncCircusFn (/app/node_modules/.pnpm/jest-circus@29.7.0/node_modules/jest-circus/build/utils.js:231:10)
          at _callCircusTest (/app/node_modules/.pnpm/jest-circus@29.7.0/node_modules/jest-circus/build/run.js:316:40)
          at processTicksAndRejections (node:internal/process/task_queues:103:5)
          at _runTest (/app/node_modules/.pnpm/jest-circus@29.7.0/node_modules/jest-circus/build/run.js:252:3)
          at _runTestsForDescribeBlock (/app/node_modules/.pnpm/jest-circus@29.7.0/node_modules/jest-circus/build/run.js:126:9)
          at _runTestsForDescribeBlock (/app/node_modules/.pnpm/jest-circus@29.7.0/node_modules/jest-circus/build/run.js:121:9)
          at run (/app/node_modules/.pnpm/jest-circus@29.7.0/node_modules/jest-circus/build/run.js:71:3)
          at runAndTransformResultsToJestFormat (/app/node_modules/.pnpm/jest-circus@29.7.0/node_modules/jest-circus/build/legacy-code-todo-rewrite/jestAdapterInit.js:122:21)
          at jestAdapter (/app/node_modules/.pnpm/jest-circus@29.7.0/node_modules/jest-circus/build/legacy-code-todo-rewrite/jestAdapter.js:79:19)
          at runTestInternal (/app/node_modules/.pnpm/jest-runner@29.7.0/node_modules/jest-runner/build/runTest.js:367:16)
          at runTest (/app/node_modules/.pnpm/jest-runner@29.7.0/node_modules/jest-runner/build/runTest.js:444:34)
          at Object.worker (/app/node_modules/.pnpm/jest-runner@29.7.0/node_modules/jest-runner/build/testWorker.js:106:12) {
        detail: Error: `Tooltip` must be used within `TooltipProvider`
            at useContext2 (/app/node_modules/.pnpm/@radix-ui+react-context@1.1.2_@types+react@18.3.29_react@18.3.1/node_modules/@radix-ui/react-context/src/create-context.tsx:75:13)
            at Tooltip (/app/node_modules/.pnpm/@radix-ui+react-tooltip@1.2.8_@types+react-dom@18.3.7_@types+react@18.3.29__@types+react@18.3_xrwsnt2rmlacewwolijhmzdoxi/node_modules/@radix-ui/react-tooltip/src/tooltip.tsx:162:27)
            at renderWithHooks (/app/node_modules/.pnpm/react-dom@18.3.1_react@18.3.1/node_modules/react-dom/cjs/react-dom.development.js:15486:18)
            at mountIndeterminateComponent (/app/node_modules/.pnpm/react-dom@18.3.1_react@18.3.1/node_modules/react-dom/cjs/react-dom.development.js:20103:13)
            at beginWork (/app/node_modules/.pnpm/react-dom@18.3.1_react@18.3.1/node_modules/react-dom/cjs/react-dom.development.js:21626:16)
            at HTMLUnknownElement.callCallback (/app/node_modules/.pnpm/react-dom@18.3.1_react@18.3.1/node_modules/react-dom/cjs/react-dom.development.js:4164:14)
            at HTMLUnknownElement.callTheUserObjectsOperation (/app/node_modules/.pnpm/jsdom@20.0.3/node_modules/jsdom/lib/jsdom/living/generated/EventListener.js:26:30)
            at innerInvokeEventListeners (/app/node_modules/.pnpm/jsdom@20.0.3/node_modules/jsdom/lib/jsdom/living/events/EventTarget-impl.js:350:25)
            at invokeEventListeners (/app/node_modules/.pnpm/jsdom@20.0.3/node_modules/jsdom/lib/jsdom/living/events/EventTarget-impl.js:286:3)
            at HTMLUnknownElementImpl._dispatch (/app/node_modules/.pnpm/jsdom@20.0.3/node_modules/jsdom/lib/jsdom/living/events/EventTarget-impl.js:233:9)
            at HTMLUnknownElementImpl.dispatchEvent (/app/node_modules/.pnpm/jsdom@20.0.3/node_modules/jsdom/lib/jsdom/living/events/EventTarget-impl.js:104:17)
            at HTMLUnknownElement.dispatchEvent (/app/node_modules/.pnpm/jsdom@20.0.3/node_modules/jsdom/lib/jsdom/living/generated/EventTarget.js:241:34)
            at Object.invokeGuardedCallbackDev (/app/node_modules/.pnpm/react-dom@18.3.1_react@18.3.1/node_modules/react-dom/cjs/react-dom.development.js:4213:16)
            at invokeGuardedCallback (/app/node_modules/.pnpm/react-dom@18.3.1_react@18.3.1/node_modules/react-dom/cjs/react-dom.development.js:4277:31)
            at beginWork$1 (/app/node_modules/.pnpm/react-dom@18.3.1_react@18.3.1/node_modules/react-dom/cjs/react-dom.development.js:27490:7)
            at performUnitOfWork (/app/node_modules/.pnpm/react-dom@18.3.1_react@18.3.1/node_modules/react-dom/cjs/react-dom.development.js:26599:12)
            at workLoopSync (/app/node_modules/.pnpm/react-dom@18.3.1_react@18.3.1/node_modules/react-dom/cjs/react-dom.development.js:26505:5)
            at renderRootSync (/app/node_modules/.pnpm/react-dom@18.3.1_react@18.3.1/node_modules/react-dom/cjs/react-dom.development.js:26473:7)
            at recoverFromConcurrentError (/app/node_modules/.pnpm/react-dom@18.3.1_react@18.3.1/node_modules/react-dom/cjs/react-dom.development.js:25889:20)
            at performConcurrentWorkOnRoot (/app/node_modules/.pnpm/react-dom@18.3.1_react@18.3.1/node_modules/react-dom/cjs/react-dom.development.js:25789:22)
            at flushActQueue (/app/node_modules/.pnpm/react@18.3.1/node_modules/react/cjs/react.development.js:2667:24)
            at act (/app/node_modules/.pnpm/react@18.3.1/node_modules/react/cjs/react.development.js:2582:11)
            at /app/node_modules/.pnpm/@testing-library+react@16.3.2_@testing-library+dom@10.4.1_@types+react-dom@18.3.7_@types+reac_3k5f6qynewwmkoqvlvtzlgtsjq/node_modules/@testing-library/react/dist/act-compat.js:46:25
            at renderRoot (/app/node_modules/.pnpm/@testing-library+react@16.3.2_@testing-library+dom@10.4.1_@types+react-dom@18.3.7_@types+reac_3k5f6qynewwmkoqvlvtzlgtsjq/node_modules/@testing-library/react/dist/pure.js:189:26)
            at render (/app/node_modules/.pnpm/@testing-library+react@16.3.2_@testing-library+dom@10.4.1_@types+react-dom@18.3.7_@types+reac_3k5f6qynewwmkoqvlvtzlgtsjq/node_modules/@testing-library/react/dist/pure.js:291:10)
            at Object.<anonymous> (/app/apps/admin/components/__tests__/roles-table.test.tsx:109:11)
            at Promise.then.completed (/app/node_modules/.pnpm/jest-circus@29.7.0/node_modules/jest-circus/build/utils.js:298:28)
            at new Promise (<anonymous>)
            at callAsyncCircusFn (/app/node_modules/.pnpm/jest-circus@29.7.0/node_modules/jest-circus/build/utils.js:231:10)
            at _callCircusTest (/app/node_modules/.pnpm/jest-circus@29.7.0/node_modules/jest-circus/build/run.js:316:40)
            at processTicksAndRejections (node:internal/process/task_queues:103:5)
            at _runTest (/app/node_modules/.pnpm/jest-circus@29.7.0/node_modules/jest-circus/build/run.js:252:3)
            at _runTestsForDescribeBlock (/app/node_modules/.pnpm/jest-circus@29.7.0/node_modules/jest-circus/build/run.js:126:9)
            at _runTestsForDescribeBlock (/app/node_modules/.pnpm/jest-circus@29.7.0/node_modules/jest-circus/build/run.js:121:9)
            at run (/app/node_modules/.pnpm/jest-circus@29.7.0/node_modules/jest-circus/build/run.js:71:3)
            at runAndTransformResultsToJestFormat (/app/node_modules/.pnpm/jest-circus@29.7.0/node_modules/jest-circus/build/legacy-code-todo-rewrite/jestAdapterInit.js:122:21)
            at jestAdapter (/app/node_modules/.pnpm/jest-circus@29.7.0/node_modules/jest-circus/build/legacy-code-todo-rewrite/jestAdapter.js:79:19)
            at runTestInternal (/app/node_modules/.pnpm/jest-runner@29.7.0/node_modules/jest-runner/build/runTest.js:367:16)
            at runTest (/app/node_modules/.pnpm/jest-runner@29.7.0/node_modules/jest-runner/build/runTest.js:444:34)
            at Object.worker (/app/node_modules/.pnpm/jest-runner@29.7.0/node_modules/jest-runner/build/testWorker.js:106:12),
        type: 'unhandled exception'
      }

      107 |
      108 |   it('hides the app picker when canPickApp=false', () => {
    > 109 |     render(withIntl(<RolesTable initial={initial} apps={apps} canPickApp={false} />))
          |           ^
      110 |     expect(screen.queryByLabelText(en.roles.filter.appLabel)).not.toBeInTheDocument()
      111 |   })
      112 | })

      at VirtualConsole.<anonymous> (../../node_modules/.pnpm/jest-environment-jsdom@29.7.0/node_modules/jest-environment-jsdom/build/index.js:63:23)
      at reportException (../../node_modules/.pnpm/jsdom@20.0.3/node_modules/jsdom/lib/jsdom/living/helpers/runtime-script-errors.js:70:28)
      at innerInvokeEventListeners (../../node_modules/.pnpm/jsdom@20.0.3/node_modules/jsdom/lib/jsdom/living/events/EventTarget-impl.js:353:9)
      at invokeEventListeners (../../node_modules/.pnpm/jsdom@20.0.3/node_modules/jsdom/lib/jsdom/living/events/EventTarget-impl.js:286:3)
      at HTMLUnknownElementImpl._dispatch (../../node_modules/.pnpm/jsdom@20.0.3/node_modules/jsdom/lib/jsdom/living/events/EventTarget-impl.js:233:9)
      at HTMLUnknownElementImpl.dispatchEvent (../../node_modules/.pnpm/jsdom@20.0.3/node_modules/jsdom/lib/jsdom/living/events/EventTarget-impl.js:104:17)
      at HTMLUnknownElement.dispatchEvent (../../node_modules/.pnpm/jsdom@20.0.3/node_modules/jsdom/lib/jsdom/living/generated/EventTarget.js:241:34)
      at Object.invokeGuardedCallbackDev (../../node_modules/.pnpm/react-dom@18.3.1_react@18.3.1/node_modules/react-dom/cjs/react-dom.development.js:4213:16)
      at invokeGuardedCallback (../../node_modules/.pnpm/react-dom@18.3.1_react@18.3.1/node_modules/react-dom/cjs/react-dom.development.js:4277:31)
      at beginWork$1 (../../node_modules/.pnpm/react-dom@18.3.1_react@18.3.1/node_modules/react-dom/cjs/react-dom.development.js:27490:7)
      at performUnitOfWork (../../node_modules/.pnpm/react-dom@18.3.1_react@18.3.1/node_modules/react-dom/cjs/react-dom.development.js:26599:12)
      at workLoopSync (../../node_modules/.pnpm/react-dom@18.3.1_react@18.3.1/node_modules/react-dom/cjs/react-dom.development.js:26505:5)
      at renderRootSync (../../node_modules/.pnpm/react-dom@18.3.1_react@18.3.1/node_modules/react-dom/cjs/react-dom.development.js:26473:7)
      at recoverFromConcurrentError (../../node_modules/.pnpm/react-dom@18.3.1_react@18.3.1/node_modules/react-dom/cjs/react-dom.development.js:25889:20)
      at performConcurrentWorkOnRoot (../../node_modules/.pnpm/react-dom@18.3.1_react@18.3.1/node_modules/react-dom/cjs/react-dom.development.js:25789:22)
      at flushActQueue (../../node_modules/.pnpm/react@18.3.1/node_modules/react/cjs/react.development.js:2667:24)
      at act (../../node_modules/.pnpm/react@18.3.1/node_modules/react/cjs/react.development.js:2582:11)
      at ../../node_modules/.pnpm/@testing-library+react@16.3.2_@testing-library+dom@10.4.1_@types+react-dom@18.3.7_@types+reac_3k5f6qynewwmkoqvlvtzlgtsjq/node_modules/@testing-library/react/dist/act-compat.js:46:25
      at renderRoot (../../node_modules/.pnpm/@testing-library+react@16.3.2_@testing-library+dom@10.4.1_@types+react-dom@18.3.7_@types+reac_3k5f6qynewwmkoqvlvtzlgtsjq/node_modules/@testing-library/react/dist/pure.js:189:26)
      at render (../../node_modules/.pnpm/@testing-library+react@16.3.2_@testing-library+dom@10.4.1_@types+react-dom@18.3.7_@types+reac_3k5f6qynewwmkoqvlvtzlgtsjq/node_modules/@testing-library/react/dist/pure.js:291:10)
      at Object.<anonymous> (components/__tests__/roles-table.test.tsx:109:11)

    console.error
      Error: Uncaught [Error: `Tooltip` must be used within `TooltipProvider`]
          at reportException (/app/node_modules/.pnpm/jsdom@20.0.3/node_modules/jsdom/lib/jsdom/living/helpers/runtime-script-errors.js:66:24)
          at innerInvokeEventListeners (/app/node_modules/.pnpm/jsdom@20.0.3/node_modules/jsdom/lib/jsdom/living/events/EventTarget-impl.js:353:9)
          at invokeEventListeners (/app/node_modules/.pnpm/jsdom@20.0.3/node_modules/jsdom/lib/jsdom/living/events/EventTarget-impl.js:286:3)
          at HTMLUnknownElementImpl._dispatch (/app/node_modules/.pnpm/jsdom@20.0.3/node_modules/jsdom/lib/jsdom/living/events/EventTarget-impl.js:233:9)
          at HTMLUnknownElementImpl.dispatchEvent (/app/node_modules/.pnpm/jsdom@20.0.3/node_modules/jsdom/lib/jsdom/living/events/EventTarget-impl.js:104:17)
          at HTMLUnknownElement.dispatchEvent (/app/node_modules/.pnpm/jsdom@20.0.3/node_modules/jsdom/lib/jsdom/living/generated/EventTarget.js:241:34)
          at Object.invokeGuardedCallbackDev (/app/node_modules/.pnpm/react-dom@18.3.1_react@18.3.1/node_modules/react-dom/cjs/react-dom.development.js:4213:16)
          at invokeGuardedCallback (/app/node_modules/.pnpm/react-dom@18.3.1_react@18.3.1/node_modules/react-dom/cjs/react-dom.development.js:4277:31)
          at beginWork$1 (/app/node_modules/.pnpm/react-dom@18.3.1_react@18.3.1/node_modules/react-dom/cjs/react-dom.development.js:27490:7)
          at performUnitOfWork (/app/node_modules/.pnpm/react-dom@18.3.1_react@18.3.1/node_modules/react-dom/cjs/react-dom.development.js:26599:12)
          at workLoopSync (/app/node_modules/.pnpm/react-dom@18.3.1_react@18.3.1/node_modules/react-dom/cjs/react-dom.development.js:26505:5)
          at renderRootSync (/app/node_modules/.pnpm/react-dom@18.3.1_react@18.3.1/node_modules/react-dom/cjs/react-dom.development.js:26473:7)
          at recoverFromConcurrentError (/app/node_modules/.pnpm/react-dom@18.3.1_react@18.3.1/node_modules/react-dom/cjs/react-dom.development.js:25889:20)
          at performConcurrentWorkOnRoot (/app/node_modules/.pnpm/react-dom@18.3.1_react@18.3.1/node_modules/react-dom/cjs/react-dom.development.js:25789:22)
          at flushActQueue (/app/node_modules/.pnpm/react@18.3.1/node_modules/react/cjs/react.development.js:2667:24)
          at act (/app/node_modules/.pnpm/react@18.3.1/node_modules/react/cjs/react.development.js:2582:11)
          at /app/node_modules/.pnpm/@testing-library+react@16.3.2_@testing-library+dom@10.4.1_@types+react-dom@18.3.7_@types+reac_3k5f6qynewwmkoqvlvtzlgtsjq/node_modules/@testing-library/react/dist/act-compat.js:46:25
          at renderRoot (/app/node_modules/.pnpm/@testing-library+react@16.3.2_@testing-library+dom@10.4.1_@types+react-dom@18.3.7_@types+reac_3k5f6qynewwmkoqvlvtzlgtsjq/node_modules/@testing-library/react/dist/pure.js:189:26)
          at render (/app/node_modules/.pnpm/@testing-library+react@16.3.2_@testing-library+dom@10.4.1_@types+react-dom@18.3.7_@types+reac_3k5f6qynewwmkoqvlvtzlgtsjq/node_modules/@testing-library/react/dist/pure.js:291:10)
          at Object.<anonymous> (/app/apps/admin/components/__tests__/roles-table.test.tsx:109:11)
          at Promise.then.completed (/app/node_modules/.pnpm/jest-circus@29.7.0/node_modules/jest-circus/build/utils.js:298:28)
          at new Promise (<anonymous>)
          at callAsyncCircusFn (/app/node_modules/.pnpm/jest-circus@29.7.0/node_modules/jest-circus/build/utils.js:231:10)
          at _callCircusTest (/app/node_modules/.pnpm/jest-circus@29.7.0/node_modules/jest-circus/build/run.js:316:40)
          at processTicksAndRejections (node:internal/process/task_queues:103:5)
          at _runTest (/app/node_modules/.pnpm/jest-circus@29.7.0/node_modules/jest-circus/build/run.js:252:3)
          at _runTestsForDescribeBlock (/app/node_modules/.pnpm/jest-circus@29.7.0/node_modules/jest-circus/build/run.js:126:9)
          at _runTestsForDescribeBlock (/app/node_modules/.pnpm/jest-circus@29.7.0/node_modules/jest-circus/build/run.js:121:9)
          at run (/app/node_modules/.pnpm/jest-circus@29.7.0/node_modules/jest-circus/build/run.js:71:3)
          at runAndTransformResultsToJestFormat (/app/node_modules/.pnpm/jest-circus@29.7.0/node_modules/jest-circus/build/legacy-code-todo-rewrite/jestAdapterInit.js:122:21)
          at jestAdapter (/app/node_modules/.pnpm/jest-circus@29.7.0/node_modules/jest-circus/build/legacy-code-todo-rewrite/jestAdapter.js:79:19)
          at runTestInternal (/app/node_modules/.pnpm/jest-runner@29.7.0/node_modules/jest-runner/build/runTest.js:367:16)
          at runTest (/app/node_modules/.pnpm/jest-runner@29.7.0/node_modules/jest-runner/build/runTest.js:444:34)
          at Object.worker (/app/node_modules/.pnpm/jest-runner@29.7.0/node_modules/jest-runner/build/testWorker.js:106:12) {
        detail: Error: `Tooltip` must be used within `TooltipProvider`
            at useContext2 (/app/node_modules/.pnpm/@radix-ui+react-context@1.1.2_@types+react@18.3.29_react@18.3.1/node_modules/@radix-ui/react-context/src/create-context.tsx:75:13)
            at Tooltip (/app/node_modules/.pnpm/@radix-ui+react-tooltip@1.2.8_@types+react-dom@18.3.7_@types+react@18.3.29__@types+react@18.3_xrwsnt2rmlacewwolijhmzdoxi/node_modules/@radix-ui/react-tooltip/src/tooltip.tsx:162:27)
            at renderWithHooks (/app/node_modules/.pnpm/react-dom@18.3.1_react@18.3.1/node_modules/react-dom/cjs/react-dom.development.js:15486:18)
            at mountIndeterminateComponent (/app/node_modules/.pnpm/react-dom@18.3.1_react@18.3.1/node_modules/react-dom/cjs/react-dom.development.js:20103:13)
            at beginWork (/app/node_modules/.pnpm/react-dom@18.3.1_react@18.3.1/node_modules/react-dom/cjs/react-dom.development.js:21626:16)
            at HTMLUnknownElement.callCallback (/app/node_modules/.pnpm/react-dom@18.3.1_react@18.3.1/node_modules/react-dom/cjs/react-dom.development.js:4164:14)
            at HTMLUnknownElement.callTheUserObjectsOperation (/app/node_modules/.pnpm/jsdom@20.0.3/node_modules/jsdom/lib/jsdom/living/generated/EventListener.js:26:30)
            at innerInvokeEventListeners (/app/node_modules/.pnpm/jsdom@20.0.3/node_modules/jsdom/lib/jsdom/living/events/EventTarget-impl.js:350:25)
            at invokeEventListeners (/app/node_modules/.pnpm/jsdom@20.0.3/node_modules/jsdom/lib/jsdom/living/events/EventTarget-impl.js:286:3)
            at HTMLUnknownElementImpl._dispatch (/app/node_modules/.pnpm/jsdom@20.0.3/node_modules/jsdom/lib/jsdom/living/events/EventTarget-impl.js:233:9)
            at HTMLUnknownElementImpl.dispatchEvent (/app/node_modules/.pnpm/jsdom@20.0.3/node_modules/jsdom/lib/jsdom/living/events/EventTarget-impl.js:104:17)
            at HTMLUnknownElement.dispatchEvent (/app/node_modules/.pnpm/jsdom@20.0.3/node_modules/jsdom/lib/jsdom/living/generated/EventTarget.js:241:34)
            at Object.invokeGuardedCallbackDev (/app/node_modules/.pnpm/react-dom@18.3.1_react@18.3.1/node_modules/react-dom/cjs/react-dom.development.js:4213:16)
            at invokeGuardedCallback (/app/node_modules/.pnpm/react-dom@18.3.1_react@18.3.1/node_modules/react-dom/cjs/react-dom.development.js:4277:31)
            at beginWork$1 (/app/node_modules/.pnpm/react-dom@18.3.1_react@18.3.1/node_modules/react-dom/cjs/react-dom.development.js:27490:7)
            at performUnitOfWork (/app/node_modules/.pnpm/react-dom@18.3.1_react@18.3.1/node_modules/react-dom/cjs/react-dom.development.js:26599:12)
            at workLoopSync (/app/node_modules/.pnpm/react-dom@18.3.1_react@18.3.1/node_modules/react-dom/cjs/react-dom.development.js:26505:5)
            at renderRootSync (/app/node_modules/.pnpm/react-dom@18.3.1_react@18.3.1/node_modules/react-dom/cjs/react-dom.development.js:26473:7)
            at recoverFromConcurrentError (/app/node_modules/.pnpm/react-dom@18.3.1_react@18.3.1/node_modules/react-dom/cjs/react-dom.development.js:25889:20)
            at performConcurrentWorkOnRoot (/app/node_modules/.pnpm/react-dom@18.3.1_react@18.3.1/node_modules/react-dom/cjs/react-dom.development.js:25789:22)
            at flushActQueue (/app/node_modules/.pnpm/react@18.3.1/node_modules/react/cjs/react.development.js:2667:24)
            at act (/app/node_modules/.pnpm/react@18.3.1/node_modules/react/cjs/react.development.js:2582:11)
            at /app/node_modules/.pnpm/@testing-library+react@16.3.2_@testing-library+dom@10.4.1_@types+react-dom@18.3.7_@types+reac_3k5f6qynewwmkoqvlvtzlgtsjq/node_modules/@testing-library/react/dist/act-compat.js:46:25
            at renderRoot (/app/node_modules/.pnpm/@testing-library+react@16.3.2_@testing-library+dom@10.4.1_@types+react-dom@18.3.7_@types+reac_3k5f6qynewwmkoqvlvtzlgtsjq/node_modules/@testing-library/react/dist/pure.js:189:26)
            at render (/app/node_modules/.pnpm/@testing-library+react@16.3.2_@testing-library+dom@10.4.1_@types+react-dom@18.3.7_@types+reac_3k5f6qynewwmkoqvlvtzlgtsjq/node_modules/@testing-library/react/dist/pure.js:291:10)
            at Object.<anonymous> (/app/apps/admin/components/__tests__/roles-table.test.tsx:109:11)
            at Promise.then.completed (/app/node_modules/.pnpm/jest-circus@29.7.0/node_modules/jest-circus/build/utils.js:298:28)
            at new Promise (<anonymous>)
            at callAsyncCircusFn (/app/node_modules/.pnpm/jest-circus@29.7.0/node_modules/jest-circus/build/utils.js:231:10)
            at _callCircusTest (/app/node_modules/.pnpm/jest-circus@29.7.0/node_modules/jest-circus/build/run.js:316:40)
            at processTicksAndRejections (node:internal/process/task_queues:103:5)
            at _runTest (/app/node_modules/.pnpm/jest-circus@29.7.0/node_modules/jest-circus/build/run.js:252:3)
            at _runTestsForDescribeBlock (/app/node_modules/.pnpm/jest-circus@29.7.0/node_modules/jest-circus/build/run.js:126:9)
            at _runTestsForDescribeBlock (/app/node_modules/.pnpm/jest-circus@29.7.0/node_modules/jest-circus/build/run.js:121:9)
            at run (/app/node_modules/.pnpm/jest-circus@29.7.0/node_modules/jest-circus/build/run.js:71:3)
            at runAndTransformResultsToJestFormat (/app/node_modules/.pnpm/jest-circus@29.7.0/node_modules/jest-circus/build/legacy-code-todo-rewrite/jestAdapterInit.js:122:21)
            at jestAdapter (/app/node_modules/.pnpm/jest-circus@29.7.0/node_modules/jest-circus/build/legacy-code-todo-rewrite/jestAdapter.js:79:19)
            at runTestInternal (/app/node_modules/.pnpm/jest-runner@29.7.0/node_modules/jest-runner/build/runTest.js:367:16)
            at runTest (/app/node_modules/.pnpm/jest-runner@29.7.0/node_modules/jest-runner/build/runTest.js:444:34)
            at Object.worker (/app/node_modules/.pnpm/jest-runner@29.7.0/node_modules/jest-runner/build/testWorker.js:106:12),
        type: 'unhandled exception'
      }

      107 |
      108 |   it('hides the app picker when canPickApp=false', () => {
    > 109 |     render(withIntl(<RolesTable initial={initial} apps={apps} canPickApp={false} />))
          |           ^
      110 |     expect(screen.queryByLabelText(en.roles.filter.appLabel)).not.toBeInTheDocument()
      111 |   })
      112 | })

      at VirtualConsole.<anonymous> (../../node_modules/.pnpm/jest-environment-jsdom@29.7.0/node_modules/jest-environment-jsdom/build/index.js:63:23)
      at reportException (../../node_modules/.pnpm/jsdom@20.0.3/node_modules/jsdom/lib/jsdom/living/helpers/runtime-script-errors.js:70:28)
      at innerInvokeEventListeners (../../node_modules/.pnpm/jsdom@20.0.3/node_modules/jsdom/lib/jsdom/living/events/EventTarget-impl.js:353:9)
      at invokeEventListeners (../../node_modules/.pnpm/jsdom@20.0.3/node_modules/jsdom/lib/jsdom/living/events/EventTarget-impl.js:286:3)
      at HTMLUnknownElementImpl._dispatch (../../node_modules/.pnpm/jsdom@20.0.3/node_modules/jsdom/lib/jsdom/living/events/EventTarget-impl.js:233:9)
      at HTMLUnknownElementImpl.dispatchEvent (../../node_modules/.pnpm/jsdom@20.0.3/node_modules/jsdom/lib/jsdom/living/events/EventTarget-impl.js:104:17)
      at HTMLUnknownElement.dispatchEvent (../../node_modules/.pnpm/jsdom@20.0.3/node_modules/jsdom/lib/jsdom/living/generated/EventTarget.js:241:34)
      at Object.invokeGuardedCallbackDev (../../node_modules/.pnpm/react-dom@18.3.1_react@18.3.1/node_modules/react-dom/cjs/react-dom.development.js:4213:16)
      at invokeGuardedCallback (../../node_modules/.pnpm/react-dom@18.3.1_react@18.3.1/node_modules/react-dom/cjs/react-dom.development.js:4277:31)
      at beginWork$1 (../../node_modules/.pnpm/react-dom@18.3.1_react@18.3.1/node_modules/react-dom/cjs/react-dom.development.js:27490:7)
      at performUnitOfWork (../../node_modules/.pnpm/react-dom@18.3.1_react@18.3.1/node_modules/react-dom/cjs/react-dom.development.js:26599:12)
      at workLoopSync (../../node_modules/.pnpm/react-dom@18.3.1_react@18.3.1/node_modules/react-dom/cjs/react-dom.development.js:26505:5)
      at renderRootSync (../../node_modules/.pnpm/react-dom@18.3.1_react@18.3.1/node_modules/react-dom/cjs/react-dom.development.js:26473:7)
      at recoverFromConcurrentError (../../node_modules/.pnpm/react-dom@18.3.1_react@18.3.1/node_modules/react-dom/cjs/react-dom.development.js:25889:20)
      at performConcurrentWorkOnRoot (../../node_modules/.pnpm/react-dom@18.3.1_react@18.3.1/node_modules/react-dom/cjs/react-dom.development.js:25789:22)
      at flushActQueue (../../node_modules/.pnpm/react@18.3.1/node_modules/react/cjs/react.development.js:2667:24)
      at act (../../node_modules/.pnpm/react@18.3.1/node_modules/react/cjs/react.development.js:2582:11)
      at ../../node_modules/.pnpm/@testing-library+react@16.3.2_@testing-library+dom@10.4.1_@types+react-dom@18.3.7_@types+reac_3k5f6qynewwmkoqvlvtzlgtsjq/node_modules/@testing-library/react/dist/act-compat.js:46:25
      at renderRoot (../../node_modules/.pnpm/@testing-library+react@16.3.2_@testing-library+dom@10.4.1_@types+react-dom@18.3.7_@types+reac_3k5f6qynewwmkoqvlvtzlgtsjq/node_modules/@testing-library/react/dist/pure.js:189:26)
      at render (../../node_modules/.pnpm/@testing-library+react@16.3.2_@testing-library+dom@10.4.1_@types+react-dom@18.3.7_@types+reac_3k5f6qynewwmkoqvlvtzlgtsjq/node_modules/@testing-library/react/dist/pure.js:291:10)
      at Object.<anonymous> (components/__tests__/roles-table.test.tsx:109:11)

    console.error
      The above error occurred in the <Tooltip> component:

          at Tooltip (/app/node_modules/.pnpm/@radix-ui+react-tooltip@1.2.8_@types+react-dom@18.3.7_@types+react@18.3.29__@types+react@18.3_xrwsnt2rmlacewwolijhmzdoxi/node_modules/@radix-ui/react-tooltip/src/tooltip.tsx:154:5)
          at div
          at cell (/app/apps/admin/components/roles-table.tsx:82:16)
          at td
          at /app/packages/ui/src/components/ui/table.tsx:87:6
          at tr
          at /app/packages/ui/src/components/ui/table.tsx:57:6
          at tbody
          at /app/packages/ui/src/components/ui/table.tsx:30:6
          at table
          at div
          at /app/packages/ui/src/components/ui/table.tsx:8:6
          at DataTable (/app/packages/ui/src/components/data-table.tsx:23:36)
          at div
          at RolesTable (/app/apps/admin/components/roles-table.tsx:27:30)
          at IntlProvider (/app/node_modules/.pnpm/use-intl@3.26.5_react@18.3.1/node_modules/use-intl/dist/development/_IntlProvider.js:16:5)
          at NextIntlClientProvider (/app/node_modules/.pnpm/next-intl@3.26.5_next@15.5.18_@babel+core@7.29.7_@opentelemetry+api@1.9.1_@playwright+test@1._uib3rlo2eksg3yll53rffkx7ea/node_modules/next-intl/dist/development/shared/NextIntlClientProvider.js:16:5)

      Consider adding an error boundary to your tree to customize error handling behavior.
      Visit https://reactjs.org/link/error-boundaries to learn more about error boundaries.

      107 |
      108 |   it('hides the app picker when canPickApp=false', () => {
    > 109 |     render(withIntl(<RolesTable initial={initial} apps={apps} canPickApp={false} />))
          |           ^
      110 |     expect(screen.queryByLabelText(en.roles.filter.appLabel)).not.toBeInTheDocument()
      111 |   })
      112 | })

      at logCapturedError (../../node_modules/.pnpm/react-dom@18.3.1_react@18.3.1/node_modules/react-dom/cjs/react-dom.development.js:18704:23)
      at update.callback (../../node_modules/.pnpm/react-dom@18.3.1_react@18.3.1/node_modules/react-dom/cjs/react-dom.development.js:18737:5)
      at callCallback (../../node_modules/.pnpm/react-dom@18.3.1_react@18.3.1/node_modules/react-dom/cjs/react-dom.development.js:15036:12)
      at commitUpdateQueue (../../node_modules/.pnpm/react-dom@18.3.1_react@18.3.1/node_modules/react-dom/cjs/react-dom.development.js:15057:9)
      at commitLayoutEffectOnFiber (../../node_modules/.pnpm/react-dom@18.3.1_react@18.3.1/node_modules/react-dom/cjs/react-dom.development.js:23430:13)
      at commitLayoutMountEffects_complete (../../node_modules/.pnpm/react-dom@18.3.1_react@18.3.1/node_modules/react-dom/cjs/react-dom.development.js:24727:9)
      at commitLayoutEffects_begin (../../node_modules/.pnpm/react-dom@18.3.1_react@18.3.1/node_modules/react-dom/cjs/react-dom.development.js:24713:7)
      at commitLayoutEffects (../../node_modules/.pnpm/react-dom@18.3.1_react@18.3.1/node_modules/react-dom/cjs/react-dom.development.js:24651:3)
      at commitRootImpl (../../node_modules/.pnpm/react-dom@18.3.1_react@18.3.1/node_modules/react-dom/cjs/react-dom.development.js:26862:5)
      at commitRoot (../../node_modules/.pnpm/react-dom@18.3.1_react@18.3.1/node_modules/react-dom/cjs/react-dom.development.js:26721:5)
      at finishConcurrentRender (../../node_modules/.pnpm/react-dom@18.3.1_react@18.3.1/node_modules/react-dom/cjs/react-dom.development.js:25931:9)
      at performConcurrentWorkOnRoot (../../node_modules/.pnpm/react-dom@18.3.1_react@18.3.1/node_modules/react-dom/cjs/react-dom.development.js:25848:7)
      at flushActQueue (../../node_modules/.pnpm/react@18.3.1/node_modules/react/cjs/react.development.js:2667:24)
      at act (../../node_modules/.pnpm/react@18.3.1/node_modules/react/cjs/react.development.js:2582:11)
      at ../../node_modules/.pnpm/@testing-library+react@16.3.2_@testing-library+dom@10.4.1_@types+react-dom@18.3.7_@types+reac_3k5f6qynewwmkoqvlvtzlgtsjq/node_modules/@testing-library/react/dist/act-compat.js:46:25
      at renderRoot (../../node_modules/.pnpm/@testing-library+react@16.3.2_@testing-library+dom@10.4.1_@types+react-dom@18.3.7_@types+reac_3k5f6qynewwmkoqvlvtzlgtsjq/node_modules/@testing-library/react/dist/pure.js:189:26)
      at render (../../node_modules/.pnpm/@testing-library+react@16.3.2_@testing-library+dom@10.4.1_@types+react-dom@18.3.7_@types+reac_3k5f6qynewwmkoqvlvtzlgtsjq/node_modules/@testing-library/react/dist/pure.js:291:10)
      at Object.<anonymous> (components/__tests__/roles-table.test.tsx:109:11)

    console.error
      The above error occurred in the <Tooltip> component:

          at Tooltip (/app/node_modules/.pnpm/@radix-ui+react-tooltip@1.2.8_@types+react-dom@18.3.7_@types+react@18.3.29__@types+react@18.3_xrwsnt2rmlacewwolijhmzdoxi/node_modules/@radix-ui/react-tooltip/src/tooltip.tsx:154:5)
          at Passthrough (/app/apps/admin/components/__tests__/roles-table.test.tsx:20:26)
          at cell (/app/apps/admin/components/roles-table.tsx:123:16)
          at td
          at /app/packages/ui/src/components/ui/table.tsx:87:6
          at tr
          at /app/packages/ui/src/components/ui/table.tsx:57:6
          at tbody
          at /app/packages/ui/src/components/ui/table.tsx:30:6
          at table
          at div
          at /app/packages/ui/src/components/ui/table.tsx:8:6
          at DataTable (/app/packages/ui/src/components/data-table.tsx:23:36)
          at div
          at RolesTable (/app/apps/admin/components/roles-table.tsx:27:30)
          at IntlProvider (/app/node_modules/.pnpm/use-intl@3.26.5_react@18.3.1/node_modules/use-intl/dist/development/_IntlProvider.js:16:5)
          at NextIntlClientProvider (/app/node_modules/.pnpm/next-intl@3.26.5_next@15.5.18_@babel+core@7.29.7_@opentelemetry+api@1.9.1_@playwright+test@1._uib3rlo2eksg3yll53rffkx7ea/node_modules/next-intl/dist/development/shared/NextIntlClientProvider.js:16:5)

      Consider adding an error boundary to your tree to customize error handling behavior.
      Visit https://reactjs.org/link/error-boundaries to learn more about error boundaries.

      107 |
      108 |   it('hides the app picker when canPickApp=false', () => {
    > 109 |     render(withIntl(<RolesTable initial={initial} apps={apps} canPickApp={false} />))
          |           ^
      110 |     expect(screen.queryByLabelText(en.roles.filter.appLabel)).not.toBeInTheDocument()
      111 |   })
      112 | })

      at logCapturedError (../../node_modules/.pnpm/react-dom@18.3.1_react@18.3.1/node_modules/react-dom/cjs/react-dom.development.js:18704:23)
      at update.callback (../../node_modules/.pnpm/react-dom@18.3.1_react@18.3.1/node_modules/react-dom/cjs/react-dom.development.js:18737:5)
      at callCallback (../../node_modules/.pnpm/react-dom@18.3.1_react@18.3.1/node_modules/react-dom/cjs/react-dom.development.js:15036:12)
      at commitUpdateQueue (../../node_modules/.pnpm/react-dom@18.3.1_react@18.3.1/node_modules/react-dom/cjs/react-dom.development.js:15057:9)
      at commitLayoutEffectOnFiber (../../node_modules/.pnpm/react-dom@18.3.1_react@18.3.1/node_modules/react-dom/cjs/react-dom.development.js:23430:13)
      at commitLayoutMountEffects_complete (../../node_modules/.pnpm/react-dom@18.3.1_react@18.3.1/node_modules/react-dom/cjs/react-dom.development.js:24727:9)
      at commitLayoutEffects_begin (../../node_modules/.pnpm/react-dom@18.3.1_react@18.3.1/node_modules/react-dom/cjs/react-dom.development.js:24713:7)
      at commitLayoutEffects (../../node_modules/.pnpm/react-dom@18.3.1_react@18.3.1/node_modules/react-dom/cjs/react-dom.development.js:24651:3)
      at commitRootImpl (../../node_modules/.pnpm/react-dom@18.3.1_react@18.3.1/node_modules/react-dom/cjs/react-dom.development.js:26862:5)
      at commitRoot (../../node_modules/.pnpm/react-dom@18.3.1_react@18.3.1/node_modules/react-dom/cjs/react-dom.development.js:26721:5)
      at finishConcurrentRender (../../node_modules/.pnpm/react-dom@18.3.1_react@18.3.1/node_modules/react-dom/cjs/react-dom.development.js:25931:9)
      at performConcurrentWorkOnRoot (../../node_modules/.pnpm/react-dom@18.3.1_react@18.3.1/node_modules/react-dom/cjs/react-dom.development.js:25848:7)
      at flushActQueue (../../node_modules/.pnpm/react@18.3.1/node_modules/react/cjs/react.development.js:2667:24)
      at act (../../node_modules/.pnpm/react@18.3.1/node_modules/react/cjs/react.development.js:2582:11)
      at ../../node_modules/.pnpm/@testing-library+react@16.3.2_@testing-library+dom@10.4.1_@types+react-dom@18.3.7_@types+reac_3k5f6qynewwmkoqvlvtzlgtsjq/node_modules/@testing-library/react/dist/act-compat.js:46:25
      at renderRoot (../../node_modules/.pnpm/@testing-library+react@16.3.2_@testing-library+dom@10.4.1_@types+react-dom@18.3.7_@types+reac_3k5f6qynewwmkoqvlvtzlgtsjq/node_modules/@testing-library/react/dist/pure.js:189:26)
      at render (../../node_modules/.pnpm/@testing-library+react@16.3.2_@testing-library+dom@10.4.1_@types+react-dom@18.3.7_@types+reac_3k5f6qynewwmkoqvlvtzlgtsjq/node_modules/@testing-library/react/dist/pure.js:291:10)
      at Object.<anonymous> (components/__tests__/roles-table.test.tsx:109:11)

    console.error
      The above error occurred in the <Tooltip> component:

          at Tooltip (/app/node_modules/.pnpm/@radix-ui+react-tooltip@1.2.8_@types+react-dom@18.3.7_@types+react@18.3.29__@types+react@18.3_xrwsnt2rmlacewwolijhmzdoxi/node_modules/@radix-ui/react-tooltip/src/tooltip.tsx:154:5)
          at div
          at cell (/app/apps/admin/components/roles-table.tsx:82:16)
          at td
          at /app/packages/ui/src/components/ui/table.tsx:87:6
          at tr
          at /app/packages/ui/src/components/ui/table.tsx:57:6
          at tbody
          at /app/packages/ui/src/components/ui/table.tsx:30:6
          at table
          at div
          at /app/packages/ui/src/components/ui/table.tsx:8:6
          at DataTable (/app/packages/ui/src/components/data-table.tsx:23:36)
          at div
          at RolesTable (/app/apps/admin/components/roles-table.tsx:27:30)
          at IntlProvider (/app/node_modules/.pnpm/use-intl@3.26.5_react@18.3.1/node_modules/use-intl/dist/development/_IntlProvider.js:16:5)
          at NextIntlClientProvider (/app/node_modules/.pnpm/next-intl@3.26.5_next@15.5.18_@babel+core@7.29.7_@opentelemetry+api@1.9.1_@playwright+test@1._uib3rlo2eksg3yll53rffkx7ea/node_modules/next-intl/dist/development/shared/NextIntlClientProvider.js:16:5)

      Consider adding an error boundary to your tree to customize error handling behavior.
      Visit https://reactjs.org/link/error-boundaries to learn more about error boundaries.

      107 |
      108 |   it('hides the app picker when canPickApp=false', () => {
    > 109 |     render(withIntl(<RolesTable initial={initial} apps={apps} canPickApp={false} />))
          |           ^
      110 |     expect(screen.queryByLabelText(en.roles.filter.appLabel)).not.toBeInTheDocument()
      111 |   })
      112 | })

      at logCapturedError (../../node_modules/.pnpm/react-dom@18.3.1_react@18.3.1/node_modules/react-dom/cjs/react-dom.development.js:18704:23)
      at update.callback (../../node_modules/.pnpm/react-dom@18.3.1_react@18.3.1/node_modules/react-dom/cjs/react-dom.development.js:18737:5)
      at callCallback (../../node_modules/.pnpm/react-dom@18.3.1_react@18.3.1/node_modules/react-dom/cjs/react-dom.development.js:15036:12)
      at commitUpdateQueue (../../node_modules/.pnpm/react-dom@18.3.1_react@18.3.1/node_modules/react-dom/cjs/react-dom.development.js:15057:9)
      at commitLayoutEffectOnFiber (../../node_modules/.pnpm/react-dom@18.3.1_react@18.3.1/node_modules/react-dom/cjs/react-dom.development.js:23430:13)
      at commitLayoutMountEffects_complete (../../node_modules/.pnpm/react-dom@18.3.1_react@18.3.1/node_modules/react-dom/cjs/react-dom.development.js:24727:9)
      at commitLayoutEffects_begin (../../node_modules/.pnpm/react-dom@18.3.1_react@18.3.1/node_modules/react-dom/cjs/react-dom.development.js:24713:7)
      at commitLayoutEffects (../../node_modules/.pnpm/react-dom@18.3.1_react@18.3.1/node_modules/react-dom/cjs/react-dom.development.js:24651:3)
      at commitRootImpl (../../node_modules/.pnpm/react-dom@18.3.1_react@18.3.1/node_modules/react-dom/cjs/react-dom.development.js:26862:5)
      at commitRoot (../../node_modules/.pnpm/react-dom@18.3.1_react@18.3.1/node_modules/react-dom/cjs/react-dom.development.js:26721:5)
      at finishConcurrentRender (../../node_modules/.pnpm/react-dom@18.3.1_react@18.3.1/node_modules/react-dom/cjs/react-dom.development.js:25931:9)
      at performConcurrentWorkOnRoot (../../node_modules/.pnpm/react-dom@18.3.1_react@18.3.1/node_modules/react-dom/cjs/react-dom.development.js:25848:7)
      at flushActQueue (../../node_modules/.pnpm/react@18.3.1/node_modules/react/cjs/react.development.js:2667:24)
      at act (../../node_modules/.pnpm/react@18.3.1/node_modules/react/cjs/react.development.js:2582:11)
      at ../../node_modules/.pnpm/@testing-library+react@16.3.2_@testing-library+dom@10.4.1_@types+react-dom@18.3.7_@types+reac_3k5f6qynewwmkoqvlvtzlgtsjq/node_modules/@testing-library/react/dist/act-compat.js:46:25
      at renderRoot (../../node_modules/.pnpm/@testing-library+react@16.3.2_@testing-library+dom@10.4.1_@types+react-dom@18.3.7_@types+reac_3k5f6qynewwmkoqvlvtzlgtsjq/node_modules/@testing-library/react/dist/pure.js:189:26)
      at render (../../node_modules/.pnpm/@testing-library+react@16.3.2_@testing-library+dom@10.4.1_@types+react-dom@18.3.7_@types+reac_3k5f6qynewwmkoqvlvtzlgtsjq/node_modules/@testing-library/react/dist/pure.js:291:10)
      at Object.<anonymous> (components/__tests__/roles-table.test.tsx:109:11)

    console.error
      The above error occurred in the <Tooltip> component:

          at Tooltip (/app/node_modules/.pnpm/@radix-ui+react-tooltip@1.2.8_@types+react-dom@18.3.7_@types+react@18.3.29__@types+react@18.3_xrwsnt2rmlacewwolijhmzdoxi/node_modules/@radix-ui/react-tooltip/src/tooltip.tsx:154:5)
          at Passthrough (/app/apps/admin/components/__tests__/roles-table.test.tsx:20:26)
          at cell (/app/apps/admin/components/roles-table.tsx:123:16)
          at td
          at /app/packages/ui/src/components/ui/table.tsx:87:6
          at tr
          at /app/packages/ui/src/components/ui/table.tsx:57:6
          at tbody
          at /app/packages/ui/src/components/ui/table.tsx:30:6
          at table
          at div
          at /app/packages/ui/src/components/ui/table.tsx:8:6
          at DataTable (/app/packages/ui/src/components/data-table.tsx:23:36)
          at div
          at RolesTable (/app/apps/admin/components/roles-table.tsx:27:30)
          at IntlProvider (/app/node_modules/.pnpm/use-intl@3.26.5_react@18.3.1/node_modules/use-intl/dist/development/_IntlProvider.js:16:5)
          at NextIntlClientProvider (/app/node_modules/.pnpm/next-intl@3.26.5_next@15.5.18_@babel+core@7.29.7_@opentelemetry+api@1.9.1_@playwright+test@1._uib3rlo2eksg3yll53rffkx7ea/node_modules/next-intl/dist/development/shared/NextIntlClientProvider.js:16:5)

      Consider adding an error boundary to your tree to customize error handling behavior.
      Visit https://reactjs.org/link/error-boundaries to learn more about error boundaries.

      107 |
      108 |   it('hides the app picker when canPickApp=false', () => {
    > 109 |     render(withIntl(<RolesTable initial={initial} apps={apps} canPickApp={false} />))
          |           ^
      110 |     expect(screen.queryByLabelText(en.roles.filter.appLabel)).not.toBeInTheDocument()
      111 |   })
      112 | })

      at logCapturedError (../../node_modules/.pnpm/react-dom@18.3.1_react@18.3.1/node_modules/react-dom/cjs/react-dom.development.js:18704:23)
      at update.callback (../../node_modules/.pnpm/react-dom@18.3.1_react@18.3.1/node_modules/react-dom/cjs/react-dom.development.js:18737:5)
      at callCallback (../../node_modules/.pnpm/react-dom@18.3.1_react@18.3.1/node_modules/react-dom/cjs/react-dom.development.js:15036:12)
      at commitUpdateQueue (../../node_modules/.pnpm/react-dom@18.3.1_react@18.3.1/node_modules/react-dom/cjs/react-dom.development.js:15057:9)
      at commitLayoutEffectOnFiber (../../node_modules/.pnpm/react-dom@18.3.1_react@18.3.1/node_modules/react-dom/cjs/react-dom.development.js:23430:13)
      at commitLayoutMountEffects_complete (../../node_modules/.pnpm/react-dom@18.3.1_react@18.3.1/node_modules/react-dom/cjs/react-dom.development.js:24727:9)
      at commitLayoutEffects_begin (../../node_modules/.pnpm/react-dom@18.3.1_react@18.3.1/node_modules/react-dom/cjs/react-dom.development.js:24713:7)
      at commitLayoutEffects (../../node_modules/.pnpm/react-dom@18.3.1_react@18.3.1/node_modules/react-dom/cjs/react-dom.development.js:24651:3)
      at commitRootImpl (../../node_modules/.pnpm/react-dom@18.3.1_react@18.3.1/node_modules/react-dom/cjs/react-dom.development.js:26862:5)
      at commitRoot (../../node_modules/.pnpm/react-dom@18.3.1_react@18.3.1/node_modules/react-dom/cjs/react-dom.development.js:26721:5)
      at finishConcurrentRender (../../node_modules/.pnpm/react-dom@18.3.1_react@18.3.1/node_modules/react-dom/cjs/react-dom.development.js:25931:9)
      at performConcurrentWorkOnRoot (../../node_modules/.pnpm/react-dom@18.3.1_react@18.3.1/node_modules/react-dom/cjs/react-dom.development.js:25848:7)
      at flushActQueue (../../node_modules/.pnpm/react@18.3.1/node_modules/react/cjs/react.development.js:2667:24)
      at act (../../node_modules/.pnpm/react@18.3.1/node_modules/react/cjs/react.development.js:2582:11)
      at ../../node_modules/.pnpm/@testing-library+react@16.3.2_@testing-library+dom@10.4.1_@types+react-dom@18.3.7_@types+reac_3k5f6qynewwmkoqvlvtzlgtsjq/node_modules/@testing-library/react/dist/act-compat.js:46:25
      at renderRoot (../../node_modules/.pnpm/@testing-library+react@16.3.2_@testing-library+dom@10.4.1_@types+react-dom@18.3.7_@types+reac_3k5f6qynewwmkoqvlvtzlgtsjq/node_modules/@testing-library/react/dist/pure.js:189:26)
      at render (../../node_modules/.pnpm/@testing-library+react@16.3.2_@testing-library+dom@10.4.1_@types+react-dom@18.3.7_@types+reac_3k5f6qynewwmkoqvlvtzlgtsjq/node_modules/@testing-library/react/dist/pure.js:291:10)
      at Object.<anonymous> (components/__tests__/roles-table.test.tsx:109:11)

  ● RolesTable › renders rows with role names and app names

    `Tooltip` must be used within `TooltipProvider`

      56 |
      57 |   it('renders rows with role names and app names', () => {
    > 58 |     render(withIntl(<RolesTable initial={initial} apps={apps} />))
         |           ^
      59 |     expect(screen.getByText('Editor')).toBeInTheDocument()
      60 |     expect(screen.getByText('Platform Admin')).toBeInTheDocument()
      61 |     // "Customer Portal" appears in the row AND in the filter <option>; assert >=1.

      at useContext2 (../../node_modules/.pnpm/@radix-ui+react-context@1.1.2_@types+react@18.3.29_react@18.3.1/node_modules/@radix-ui/react-context/src/create-context.tsx:75:13)
      at Tooltip (../../node_modules/.pnpm/@radix-ui+react-tooltip@1.2.8_@types+react-dom@18.3.7_@types+react@18.3.29__@types+react@18.3_xrwsnt2rmlacewwolijhmzdoxi/node_modules/@radix-ui/react-tooltip/src/tooltip.tsx:162:27)
      at renderWithHooks (../../node_modules/.pnpm/react-dom@18.3.1_react@18.3.1/node_modules/react-dom/cjs/react-dom.development.js:15486:18)
      at mountIndeterminateComponent (../../node_modules/.pnpm/react-dom@18.3.1_react@18.3.1/node_modules/react-dom/cjs/react-dom.development.js:20103:13)
      at beginWork (../../node_modules/.pnpm/react-dom@18.3.1_react@18.3.1/node_modules/react-dom/cjs/react-dom.development.js:21626:16)
      at beginWork$1 (../../node_modules/.pnpm/react-dom@18.3.1_react@18.3.1/node_modules/react-dom/cjs/react-dom.development.js:27465:14)
      at performUnitOfWork (../../node_modules/.pnpm/react-dom@18.3.1_react@18.3.1/node_modules/react-dom/cjs/react-dom.development.js:26599:12)
      at workLoopSync (../../node_modules/.pnpm/react-dom@18.3.1_react@18.3.1/node_modules/react-dom/cjs/react-dom.development.js:26505:5)
      at renderRootSync (../../node_modules/.pnpm/react-dom@18.3.1_react@18.3.1/node_modules/react-dom/cjs/react-dom.development.js:26473:7)
      at recoverFromConcurrentError (../../node_modules/.pnpm/react-dom@18.3.1_react@18.3.1/node_modules/react-dom/cjs/react-dom.development.js:25889:20)
      at performConcurrentWorkOnRoot (../../node_modules/.pnpm/react-dom@18.3.1_react@18.3.1/node_modules/react-dom/cjs/react-dom.development.js:25789:22)
      at flushActQueue (../../node_modules/.pnpm/react@18.3.1/node_modules/react/cjs/react.development.js:2667:24)
      at act (../../node_modules/.pnpm/react@18.3.1/node_modules/react/cjs/react.development.js:2582:11)
      at ../../node_modules/.pnpm/@testing-library+react@16.3.2_@testing-library+dom@10.4.1_@types+react-dom@18.3.7_@types+reac_3k5f6qynewwmkoqvlvtzlgtsjq/node_modules/@testing-library/react/dist/act-compat.js:46:25
      at renderRoot (../../node_modules/.pnpm/@testing-library+react@16.3.2_@testing-library+dom@10.4.1_@types+react-dom@18.3.7_@types+reac_3k5f6qynewwmkoqvlvtzlgtsjq/node_modules/@testing-library/react/dist/pure.js:189:26)
      at render (../../node_modules/.pnpm/@testing-library+react@16.3.2_@testing-library+dom@10.4.1_@types+react-dom@18.3.7_@types+reac_3k5f6qynewwmkoqvlvtzlgtsjq/node_modules/@testing-library/react/dist/pure.js:291:10)
      at Object.<anonymous> (components/__tests__/roles-table.test.tsx:58:11)

  ● RolesTable › shows View/Edit/Delete menu items per row

    `Tooltip` must be used within `TooltipProvider`

      64 |
      65 |   it('shows View/Edit/Delete menu items per row', () => {
    > 66 |     render(withIntl(<RolesTable initial={initial} apps={apps} />))
         |           ^
      67 |     expect(screen.getAllByRole('menuitem', { name: en.roles.actions.view })).toHaveLength(2)
      68 |     expect(screen.getAllByRole('menuitem', { name: en.roles.actions.edit })).toHaveLength(2)
      69 |     expect(screen.getAllByRole('menuitem', { name: en.roles.actions.delete })).toHaveLength(2)

      at useContext2 (../../node_modules/.pnpm/@radix-ui+react-context@1.1.2_@types+react@18.3.29_react@18.3.1/node_modules/@radix-ui/react-context/src/create-context.tsx:75:13)
      at Tooltip (../../node_modules/.pnpm/@radix-ui+react-tooltip@1.2.8_@types+react-dom@18.3.7_@types+react@18.3.29__@types+react@18.3_xrwsnt2rmlacewwolijhmzdoxi/node_modules/@radix-ui/react-tooltip/src/tooltip.tsx:162:27)
      at renderWithHooks (../../node_modules/.pnpm/react-dom@18.3.1_react@18.3.1/node_modules/react-dom/cjs/react-dom.development.js:15486:18)
      at mountIndeterminateComponent (../../node_modules/.pnpm/react-dom@18.3.1_react@18.3.1/node_modules/react-dom/cjs/react-dom.development.js:20103:13)
      at beginWork (../../node_modules/.pnpm/react-dom@18.3.1_react@18.3.1/node_modules/react-dom/cjs/react-dom.development.js:21626:16)
      at beginWork$1 (../../node_modules/.pnpm/react-dom@18.3.1_react@18.3.1/node_modules/react-dom/cjs/react-dom.development.js:27465:14)
      at performUnitOfWork (../../node_modules/.pnpm/react-dom@18.3.1_react@18.3.1/node_modules/react-dom/cjs/react-dom.development.js:26599:12)
      at workLoopSync (../../node_modules/.pnpm/react-dom@18.3.1_react@18.3.1/node_modules/react-dom/cjs/react-dom.development.js:26505:5)
      at renderRootSync (../../node_modules/.pnpm/react-dom@18.3.1_react@18.3.1/node_modules/react-dom/cjs/react-dom.development.js:26473:7)
      at recoverFromConcurrentError (../../node_modules/.pnpm/react-dom@18.3.1_react@18.3.1/node_modules/react-dom/cjs/react-dom.development.js:25889:20)
      at performConcurrentWorkOnRoot (../../node_modules/.pnpm/react-dom@18.3.1_react@18.3.1/node_modules/react-dom/cjs/react-dom.development.js:25789:22)
      at flushActQueue (../../node_modules/.pnpm/react@18.3.1/node_modules/react/cjs/react.development.js:2667:24)
      at act (../../node_modules/.pnpm/react@18.3.1/node_modules/react/cjs/react.development.js:2582:11)
      at ../../node_modules/.pnpm/@testing-library+react@16.3.2_@testing-library+dom@10.4.1_@types+react-dom@18.3.7_@types+reac_3k5f6qynewwmkoqvlvtzlgtsjq/node_modules/@testing-library/react/dist/act-compat.js:46:25
      at renderRoot (../../node_modules/.pnpm/@testing-library+react@16.3.2_@testing-library+dom@10.4.1_@types+react-dom@18.3.7_@types+reac_3k5f6qynewwmkoqvlvtzlgtsjq/node_modules/@testing-library/react/dist/pure.js:189:26)
      at render (../../node_modules/.pnpm/@testing-library+react@16.3.2_@testing-library+dom@10.4.1_@types+react-dom@18.3.7_@types+reac_3k5f6qynewwmkoqvlvtzlgtsjq/node_modules/@testing-library/react/dist/pure.js:291:10)
      at Object.<anonymous> (components/__tests__/roles-table.test.tsx:66:11)

  ● RolesTable › clicking Delete on the unassigned role opens AlertDialog with the role name

    `Tooltip` must be used within `TooltipProvider`

      71 |
      72 |   it('clicking Delete on the unassigned role opens AlertDialog with the role name', async () => {
    > 73 |     render(withIntl(<RolesTable initial={initial} apps={apps} />))
         |           ^
      74 |     // Editor is the row with userCount 0 (deletable).
      75 |     const deleteItems = screen.getAllByRole('menuitem', { name: en.roles.actions.delete })
      76 |     fireEvent.click(deleteItems[0])

      at useContext2 (../../node_modules/.pnpm/@radix-ui+react-context@1.1.2_@types+react@18.3.29_react@18.3.1/node_modules/@radix-ui/react-context/src/create-context.tsx:75:13)
      at Tooltip (../../node_modules/.pnpm/@radix-ui+react-tooltip@1.2.8_@types+react-dom@18.3.7_@types+react@18.3.29__@types+react@18.3_xrwsnt2rmlacewwolijhmzdoxi/node_modules/@radix-ui/react-tooltip/src/tooltip.tsx:162:27)
      at renderWithHooks (../../node_modules/.pnpm/react-dom@18.3.1_react@18.3.1/node_modules/react-dom/cjs/react-dom.development.js:15486:18)
      at mountIndeterminateComponent (../../node_modules/.pnpm/react-dom@18.3.1_react@18.3.1/node_modules/react-dom/cjs/react-dom.development.js:20103:13)
      at beginWork (../../node_modules/.pnpm/react-dom@18.3.1_react@18.3.1/node_modules/react-dom/cjs/react-dom.development.js:21626:16)
      at beginWork$1 (../../node_modules/.pnpm/react-dom@18.3.1_react@18.3.1/node_modules/react-dom/cjs/react-dom.development.js:27465:14)
      at performUnitOfWork (../../node_modules/.pnpm/react-dom@18.3.1_react@18.3.1/node_modules/react-dom/cjs/react-dom.development.js:26599:12)
      at workLoopSync (../../node_modules/.pnpm/react-dom@18.3.1_react@18.3.1/node_modules/react-dom/cjs/react-dom.development.js:26505:5)
      at renderRootSync (../../node_modules/.pnpm/react-dom@18.3.1_react@18.3.1/node_modules/react-dom/cjs/react-dom.development.js:26473:7)
      at recoverFromConcurrentError (../../node_modules/.pnpm/react-dom@18.3.1_react@18.3.1/node_modules/react-dom/cjs/react-dom.development.js:25889:20)
      at performConcurrentWorkOnRoot (../../node_modules/.pnpm/react-dom@18.3.1_react@18.3.1/node_modules/react-dom/cjs/react-dom.development.js:25789:22)
      at flushActQueue (../../node_modules/.pnpm/react@18.3.1/node_modules/react/cjs/react.development.js:2667:24)
      at act (../../node_modules/.pnpm/react@18.3.1/node_modules/react/cjs/react.development.js:2582:11)
      at ../../node_modules/.pnpm/@testing-library+react@16.3.2_@testing-library+dom@10.4.1_@types+react-dom@18.3.7_@types+reac_3k5f6qynewwmkoqvlvtzlgtsjq/node_modules/@testing-library/react/dist/act-compat.js:46:25
      at renderRoot (../../node_modules/.pnpm/@testing-library+react@16.3.2_@testing-library+dom@10.4.1_@types+react-dom@18.3.7_@types+reac_3k5f6qynewwmkoqvlvtzlgtsjq/node_modules/@testing-library/react/dist/pure.js:189:26)
      at render (../../node_modules/.pnpm/@testing-library+react@16.3.2_@testing-library+dom@10.4.1_@types+react-dom@18.3.7_@types+reac_3k5f6qynewwmkoqvlvtzlgtsjq/node_modules/@testing-library/react/dist/pure.js:291:10)
      at Object.<anonymous> (components/__tests__/roles-table.test.tsx:73:11)

  ● RolesTable › Delete on an in-use role is disabled (no AlertDialog opens)

    `Tooltip` must be used within `TooltipProvider`

      80 |
      81 |   it('Delete on an in-use role is disabled (no AlertDialog opens)', () => {
    > 82 |     render(withIntl(<RolesTable initial={initial} apps={apps} />))
         |           ^
      83 |     const deleteItems = screen.getAllByRole('menuitem', { name: en.roles.actions.delete })
      84 |     // Second row (Platform Admin) has userCount 3.
      85 |     fireEvent.click(deleteItems[1])

      at useContext2 (../../node_modules/.pnpm/@radix-ui+react-context@1.1.2_@types+react@18.3.29_react@18.3.1/node_modules/@radix-ui/react-context/src/create-context.tsx:75:13)
      at Tooltip (../../node_modules/.pnpm/@radix-ui+react-tooltip@1.2.8_@types+react-dom@18.3.7_@types+react@18.3.29__@types+react@18.3_xrwsnt2rmlacewwolijhmzdoxi/node_modules/@radix-ui/react-tooltip/src/tooltip.tsx:162:27)
      at renderWithHooks (../../node_modules/.pnpm/react-dom@18.3.1_react@18.3.1/node_modules/react-dom/cjs/react-dom.development.js:15486:18)
      at mountIndeterminateComponent (../../node_modules/.pnpm/react-dom@18.3.1_react@18.3.1/node_modules/react-dom/cjs/react-dom.development.js:20103:13)
      at beginWork (../../node_modules/.pnpm/react-dom@18.3.1_react@18.3.1/node_modules/react-dom/cjs/react-dom.development.js:21626:16)
      at beginWork$1 (../../node_modules/.pnpm/react-dom@18.3.1_react@18.3.1/node_modules/react-dom/cjs/react-dom.development.js:27465:14)
      at performUnitOfWork (../../node_modules/.pnpm/react-dom@18.3.1_react@18.3.1/node_modules/react-dom/cjs/react-dom.development.js:26599:12)
      at workLoopSync (../../node_modules/.pnpm/react-dom@18.3.1_react@18.3.1/node_modules/react-dom/cjs/react-dom.development.js:26505:5)
      at renderRootSync (../../node_modules/.pnpm/react-dom@18.3.1_react@18.3.1/node_modules/react-dom/cjs/react-dom.development.js:26473:7)
      at recoverFromConcurrentError (../../node_modules/.pnpm/react-dom@18.3.1_react@18.3.1/node_modules/react-dom/cjs/react-dom.development.js:25889:20)
      at performConcurrentWorkOnRoot (../../node_modules/.pnpm/react-dom@18.3.1_react@18.3.1/node_modules/react-dom/cjs/react-dom.development.js:25789:22)
      at flushActQueue (../../node_modules/.pnpm/react@18.3.1/node_modules/react/cjs/react.development.js:2667:24)
      at act (../../node_modules/.pnpm/react@18.3.1/node_modules/react/cjs/react.development.js:2582:11)
      at ../../node_modules/.pnpm/@testing-library+react@16.3.2_@testing-library+dom@10.4.1_@types+react-dom@18.3.7_@types+reac_3k5f6qynewwmkoqvlvtzlgtsjq/node_modules/@testing-library/react/dist/act-compat.js:46:25
      at renderRoot (../../node_modules/.pnpm/@testing-library+react@16.3.2_@testing-library+dom@10.4.1_@types+react-dom@18.3.7_@types+reac_3k5f6qynewwmkoqvlvtzlgtsjq/node_modules/@testing-library/react/dist/pure.js:189:26)
      at render (../../node_modules/.pnpm/@testing-library+react@16.3.2_@testing-library+dom@10.4.1_@types+react-dom@18.3.7_@types+reac_3k5f6qynewwmkoqvlvtzlgtsjq/node_modules/@testing-library/react/dist/pure.js:291:10)
      at Object.<anonymous> (components/__tests__/roles-table.test.tsx:82:11)

  ● RolesTable › app filter triggers listRolesAction with appId

    `Tooltip` must be used within `TooltipProvider`

      90 |     jest.useFakeTimers()
      91 |     ;(actions.listRolesAction as jest.Mock).mockResolvedValue({ items: [], total: 0, page: 1, pageSize: 25 })
    > 92 |     render(withIntl(<RolesTable initial={initial} apps={apps} />))
         |           ^
      93 |     fireEvent.change(screen.getByLabelText(en.roles.filter.appLabel), { target: { value: 'sq_a1' } })
      94 |     jest.advanceTimersByTime(400)
      95 |     await waitFor(() => expect(actions.listRolesAction).toHaveBeenCalledWith({ appId: 'sq_a1', page: 1, pageSize: 25 }))

      at useContext2 (../../node_modules/.pnpm/@radix-ui+react-context@1.1.2_@types+react@18.3.29_react@18.3.1/node_modules/@radix-ui/react-context/src/create-context.tsx:75:13)
      at Tooltip (../../node_modules/.pnpm/@radix-ui+react-tooltip@1.2.8_@types+react-dom@18.3.7_@types+react@18.3.29__@types+react@18.3_xrwsnt2rmlacewwolijhmzdoxi/node_modules/@radix-ui/react-tooltip/src/tooltip.tsx:162:27)
      at renderWithHooks (../../node_modules/.pnpm/react-dom@18.3.1_react@18.3.1/node_modules/react-dom/cjs/react-dom.development.js:15486:18)
      at mountIndeterminateComponent (../../node_modules/.pnpm/react-dom@18.3.1_react@18.3.1/node_modules/react-dom/cjs/react-dom.development.js:20103:13)
      at beginWork (../../node_modules/.pnpm/react-dom@18.3.1_react@18.3.1/node_modules/react-dom/cjs/react-dom.development.js:21626:16)
      at beginWork$1 (../../node_modules/.pnpm/react-dom@18.3.1_react@18.3.1/node_modules/react-dom/cjs/react-dom.development.js:27465:14)
      at performUnitOfWork (../../node_modules/.pnpm/react-dom@18.3.1_react@18.3.1/node_modules/react-dom/cjs/react-dom.development.js:26599:12)
      at workLoopSync (../../node_modules/.pnpm/react-dom@18.3.1_react@18.3.1/node_modules/react-dom/cjs/react-dom.development.js:26505:5)
      at renderRootSync (../../node_modules/.pnpm/react-dom@18.3.1_react@18.3.1/node_modules/react-dom/cjs/react-dom.development.js:26473:7)
      at recoverFromConcurrentError (../../node_modules/.pnpm/react-dom@18.3.1_react@18.3.1/node_modules/react-dom/cjs/react-dom.development.js:25889:20)
      at performConcurrentWorkOnRoot (../../node_modules/.pnpm/react-dom@18.3.1_react@18.3.1/node_modules/react-dom/cjs/react-dom.development.js:25789:22)
      at flushActQueue (../../node_modules/.pnpm/react@18.3.1/node_modules/react/cjs/react.development.js:2667:24)
      at act (../../node_modules/.pnpm/react@18.3.1/node_modules/react/cjs/react.development.js:2582:11)
      at ../../node_modules/.pnpm/@testing-library+react@16.3.2_@testing-library+dom@10.4.1_@types+react-dom@18.3.7_@types+reac_3k5f6qynewwmkoqvlvtzlgtsjq/node_modules/@testing-library/react/dist/act-compat.js:46:25
      at renderRoot (../../node_modules/.pnpm/@testing-library+react@16.3.2_@testing-library+dom@10.4.1_@types+react-dom@18.3.7_@types+reac_3k5f6qynewwmkoqvlvtzlgtsjq/node_modules/@testing-library/react/dist/pure.js:189:26)
      at render (../../node_modules/.pnpm/@testing-library+react@16.3.2_@testing-library+dom@10.4.1_@types+react-dom@18.3.7_@types+reac_3k5f6qynewwmkoqvlvtzlgtsjq/node_modules/@testing-library/react/dist/pure.js:291:10)
      at Object.<anonymous> (components/__tests__/roles-table.test.tsx:92:11)

  ● RolesTable › hides Create/Edit/Delete affordances when canWrite=false

    `Tooltip` must be used within `TooltipProvider`

       98 |
       99 |   it('hides Create/Edit/Delete affordances when canWrite=false', () => {
    > 100 |     render(withIntl(<RolesTable initial={initial} apps={apps} canWrite={false} />))
          |           ^
      101 |     expect(screen.queryByRole('button', { name: new RegExp(en.roles.create) })).not.toBeInTheDocument()
      102 |     expect(screen.queryAllByRole('menuitem', { name: en.roles.actions.edit })).toHaveLength(0)
      103 |     expect(screen.queryAllByRole('menuitem', { name: en.roles.actions.delete })).toHaveLength(0)

      at useContext2 (../../node_modules/.pnpm/@radix-ui+react-context@1.1.2_@types+react@18.3.29_react@18.3.1/node_modules/@radix-ui/react-context/src/create-context.tsx:75:13)
      at Tooltip (../../node_modules/.pnpm/@radix-ui+react-tooltip@1.2.8_@types+react-dom@18.3.7_@types+react@18.3.29__@types+react@18.3_xrwsnt2rmlacewwolijhmzdoxi/node_modules/@radix-ui/react-tooltip/src/tooltip.tsx:162:27)
      at renderWithHooks (../../node_modules/.pnpm/react-dom@18.3.1_react@18.3.1/node_modules/react-dom/cjs/react-dom.development.js:15486:18)
      at mountIndeterminateComponent (../../node_modules/.pnpm/react-dom@18.3.1_react@18.3.1/node_modules/react-dom/cjs/react-dom.development.js:20103:13)
      at beginWork (../../node_modules/.pnpm/react-dom@18.3.1_react@18.3.1/node_modules/react-dom/cjs/react-dom.development.js:21626:16)
      at beginWork$1 (../../node_modules/.pnpm/react-dom@18.3.1_react@18.3.1/node_modules/react-dom/cjs/react-dom.development.js:27465:14)
      at performUnitOfWork (../../node_modules/.pnpm/react-dom@18.3.1_react@18.3.1/node_modules/react-dom/cjs/react-dom.development.js:26599:12)
      at workLoopSync (../../node_modules/.pnpm/react-dom@18.3.1_react@18.3.1/node_modules/react-dom/cjs/react-dom.development.js:26505:5)
      at renderRootSync (../../node_modules/.pnpm/react-dom@18.3.1_react@18.3.1/node_modules/react-dom/cjs/react-dom.development.js:26473:7)
      at recoverFromConcurrentError (../../node_modules/.pnpm/react-dom@18.3.1_react@18.3.1/node_modules/react-dom/cjs/react-dom.development.js:25889:20)
      at performConcurrentWorkOnRoot (../../node_modules/.pnpm/react-dom@18.3.1_react@18.3.1/node_modules/react-dom/cjs/react-dom.development.js:25789:22)
      at flushActQueue (../../node_modules/.pnpm/react@18.3.1/node_modules/react/cjs/react.development.js:2667:24)
      at act (../../node_modules/.pnpm/react@18.3.1/node_modules/react/cjs/react.development.js:2582:11)
      at ../../node_modules/.pnpm/@testing-library+react@16.3.2_@testing-library+dom@10.4.1_@types+react-dom@18.3.7_@types+reac_3k5f6qynewwmkoqvlvtzlgtsjq/node_modules/@testing-library/react/dist/act-compat.js:46:25
      at renderRoot (../../node_modules/.pnpm/@testing-library+react@16.3.2_@testing-library+dom@10.4.1_@types+react-dom@18.3.7_@types+reac_3k5f6qynewwmkoqvlvtzlgtsjq/node_modules/@testing-library/react/dist/pure.js:189:26)
      at render (../../node_modules/.pnpm/@testing-library+react@16.3.2_@testing-library+dom@10.4.1_@types+react-dom@18.3.7_@types+reac_3k5f6qynewwmkoqvlvtzlgtsjq/node_modules/@testing-library/react/dist/pure.js:291:10)
      at Object.<anonymous> (components/__tests__/roles-table.test.tsx:100:11)

  ● RolesTable › hides the app picker when canPickApp=false

    `Tooltip` must be used within `TooltipProvider`

      107 |
      108 |   it('hides the app picker when canPickApp=false', () => {
    > 109 |     render(withIntl(<RolesTable initial={initial} apps={apps} canPickApp={false} />))
          |           ^
      110 |     expect(screen.queryByLabelText(en.roles.filter.appLabel)).not.toBeInTheDocument()
      111 |   })
      112 | })

      at useContext2 (../../node_modules/.pnpm/@radix-ui+react-context@1.1.2_@types+react@18.3.29_react@18.3.1/node_modules/@radix-ui/react-context/src/create-context.tsx:75:13)
      at Tooltip (../../node_modules/.pnpm/@radix-ui+react-tooltip@1.2.8_@types+react-dom@18.3.7_@types+react@18.3.29__@types+react@18.3_xrwsnt2rmlacewwolijhmzdoxi/node_modules/@radix-ui/react-tooltip/src/tooltip.tsx:162:27)
      at renderWithHooks (../../node_modules/.pnpm/react-dom@18.3.1_react@18.3.1/node_modules/react-dom/cjs/react-dom.development.js:15486:18)
      at mountIndeterminateComponent (../../node_modules/.pnpm/react-dom@18.3.1_react@18.3.1/node_modules/react-dom/cjs/react-dom.development.js:20103:13)
      at beginWork (../../node_modules/.pnpm/react-dom@18.3.1_react@18.3.1/node_modules/react-dom/cjs/react-dom.development.js:21626:16)
      at beginWork$1 (../../node_modules/.pnpm/react-dom@18.3.1_react@18.3.1/node_modules/react-dom/cjs/react-dom.development.js:27465:14)
      at performUnitOfWork (../../node_modules/.pnpm/react-dom@18.3.1_react@18.3.1/node_modules/react-dom/cjs/react-dom.development.js:26599:12)
      at workLoopSync (../../node_modules/.pnpm/react-dom@18.3.1_react@18.3.1/node_modules/react-dom/cjs/react-dom.development.js:26505:5)
      at renderRootSync (../../node_modules/.pnpm/react-dom@18.3.1_react@18.3.1/node_modules/react-dom/cjs/react-dom.development.js:26473:7)
      at recoverFromConcurrentError (../../node_modules/.pnpm/react-dom@18.3.1_react@18.3.1/node_modules/react-dom/cjs/react-dom.development.js:25889:20)
      at performConcurrentWorkOnRoot (../../node_modules/.pnpm/react-dom@18.3.1_react@18.3.1/node_modules/react-dom/cjs/react-dom.development.js:25789:22)
      at flushActQueue (../../node_modules/.pnpm/react@18.3.1/node_modules/react/cjs/react.development.js:2667:24)
      at act (../../node_modules/.pnpm/react@18.3.1/node_modules/react/cjs/react.development.js:2582:11)
      at ../../node_modules/.pnpm/@testing-library+react@16.3.2_@testing-library+dom@10.4.1_@types+react-dom@18.3.7_@types+reac_3k5f6qynewwmkoqvlvtzlgtsjq/node_modules/@testing-library/react/dist/act-compat.js:46:25
      at renderRoot (../../node_modules/.pnpm/@testing-library+react@16.3.2_@testing-library+dom@10.4.1_@types+react-dom@18.3.7_@types+reac_3k5f6qynewwmkoqvlvtzlgtsjq/node_modules/@testing-library/react/dist/pure.js:189:26)
      at render (../../node_modules/.pnpm/@testing-library+react@16.3.2_@testing-library+dom@10.4.1_@types+react-dom@18.3.7_@types+reac_3k5f6qynewwmkoqvlvtzlgtsjq/node_modules/@testing-library/react/dist/pure.js:291:10)
      at Object.<anonymous> (components/__tests__/roles-table.test.tsx:109:11)

FAIL components/__tests__/app-create-drawer.test.tsx
  ● AppCreateDrawer › submits valid form and closes

    expect(jest.fn()).toHaveBeenCalledWith(...expected)

    - Expected
    + Received

      Object {
    +   "callbackUrl": null,
        "name": "X",
        "url": "https://x.example",
      },

    Number of calls: 1

    Ignored nodes: comments, script, style
    [36m<html>[39m
      [36m<head />[39m
      [36m<body[39m
        [33mdata-scroll-locked[39m=[32m"1"[39m
        [33mstyle[39m=[32m"pointer-events: none;"[39m
      [36m>[39m
        [36m<span[39m
          [33maria-hidden[39m=[32m"true"[39m
          [33mdata-aria-hidden[39m=[32m"true"[39m
          [33mdata-radix-focus-guard[39m=[32m""[39m
          [33mstyle[39m=[32m"outline: none; opacity: 0; position: fixed; pointer-events: none;"[39m
          [33mtabindex[39m=[32m"0"[39m
        [36m/>[39m
        [36m<div[39m
          [33maria-hidden[39m=[32m"true"[39m
          [33mdata-aria-hidden[39m=[32m"true"[39m
        [36m/>[39m
        [36m<div[39m
          [33maria-hidden[39m=[32m"true"[39m
          [33mclass[39m=[32m"fixed inset-0 z-50 bg-black/80 data-[state=open]:animate-in data-[state=closed]:animate-out data-[state=closed]:fade-out-0 data-[state=open]:fade-in-0"[39m
          [33mdata-aria-hidden[39m=[32m"true"[39m
          [33mdata-state[39m=[32m"open"[39m
          [33mstyle[39m=[32m"pointer-events: auto;"[39m
        [36m/>[39m
        [36m<div[39m
          [33maria-describedby[39m=[32m"radix-:r2:"[39m
          [33maria-labelledby[39m=[32m"radix-:r1:"[39m
          [33mclass[39m=[32m"fixed z-50 flex flex-col gap-4 bg-background p-6 shadow-lg transition ease-in-out data-[state=open]:animate-in data-[state=closed]:animate-out data-[state=closed]:duration-300 data-[state=open]:duration-500 inset-y-0 right-0 h-full w-3/4 border-l data-[state=closed]:slide-out-to-right data-[state=open]:slide-in-from-right sm:max-w-sm"[39m
          [33mdata-state[39m=[32m"open"[39m
          [33mid[39m=[32m"radix-:r0:"[39m
          [33mrole[39m=[32m"dialog"[39m
          [33mstyle[39m=[32m"pointer-events: auto;"[39m
          [33mtabindex[39m=[32m"-1"[39m
        [36m>[39m
          [36m<div[39m
            [33mclass[39m=[32m"flex flex-col space-y-2 text-center sm:text-left"[39m
          [36m>[39m
            [36m<div>[39m
              [36m<h2[39m
                [33mclass[39m=[32m"text-lg font-semibold text-foreground"[39m
                [33mid[39m=[32m"radix-:r1:"[39m
              [36m>[39m
                [0mCreate New App[0m
              [36m</h2>[39m
              [36m<p[39m
                [33mclass[39m=[32m"text-sm text-muted-foreground"[39m
                [33mid[39m=[32m"radix-:r2:"[39m
              [36m>[39m
                [0mConfigure the basic details for your new application integration.[0m
              [36m</p>[39m
            [36m</div>[39m
          [36m</div>[39m
          [36m<div[39m
            [33mclass[39m=[32m"flex-1 overflow-y-auto px-6 py-6"[39m
          [36m>[39m
            [36m<form[39m
              [33mclass[39m=[32m"space-y-4"[39m
            [36m>[39m
              [36m<div>[39m
                [36m<label[39m
                  [33mclass[39m=[32m"text-sm font-medium leading-none peer-disabled:cursor-not-allowed peer-disabled:opacity-70"[39m
                  [33mfor[39m=[32m"appName"[39m
                [36m>[39m
                  [0mApp Name[0m
                [36m</label>[39m
                [36m<input[39m
                  [33mclass[39m=[32m"flex h-10 w-full rounded-md border border-input bg-background px-3 py-2 text-base ring-offset-background file:border-0 file:bg-transparent file:text-sm file:font-medium file:text-foreground placeholder:text-muted-foreground focus-visible:outline-none focus-visible:ring-2 focus-visible:ring-ring focus-visible:ring-offset-2 disabled:cursor-not-allowed disabled:opacity-50 md:text-sm"[39m
                  [33mid[39m=[32m"appName"[39m
                  [33mrequired[39m=[32m""[39m
                  [33mvalue[39m=[32m"X"[39m
                [36m/>[39m
              [36m</div>[39m
              [36m<div>[39m
                [36m<label[39m
                  [33mclass[39m=[32m"text-sm font-medium leading-none peer-disabled:cursor-not-allowed peer-disabled:opacity-70"[39m
                  [33mfor[39m=[32m"appUrl"[39m
                [36m>[39m
                  [0mApp URL[0m
                [36m</label>[39m
                [36m<input[39m
                  [33mclass[39m=[32m"flex h-10 w-full rounded-md border border-input bg-background px-3 py-2 text-base ring-offset-background file:border-0 file:bg-transparent file:text-sm file:font-medium file:text-foreground placeholder:text-muted-foreground focus-visible:outline-none focus-visible:ring-2 focus-visible:ring-ring focus-visible:ring-offset-2 disabled:cursor-not-allowed disabled:opacity-50 md:text-sm"[39m
                  [33mid[39m=[32m"appUrl"[39m
                  [33mplaceholder[39m=[32m"https://app.example.com"[39m
                  [33mrequired[39m=[32m""[39m
                  [33mtype[39m=[32m"url"[39m
                  [33mvalue[39m=[32m"https://x.example"[39m
                [36m/>[39m
                [36m<p[39m
                  [33mclass[39m=[32m"mt-1 text-body-sm text-muted-foreground"[39m
                [36m>[39m
                  [0mThe primary base URL for this application.[0m
                [36m</p>[39m
              [36m</div>[39m
              [36m<div>[39m
                [36m<label[39m
                  [33mclass[39m=[32m"text-sm font-medium leading-none peer-disabled:cursor-not-allowed peer-disabled:opacity-70"[39m
                  [33mfor[39m=[32m"appCallbackUrl"[39m
                [36m>[39m
                  [0mCallback URL[0m
                [36m</label>[39m
                [36m<input[39m
                  [33mclass[39m=[32m"flex h-10 w-full rounded-md border border-input bg-background px-3 py-2 text-base ring-offset-background file:border-0 file:bg-transparent file:text-sm file:font-medium file:text-foreground placeholder:text-muted-foreground focus-visible:outline-none focus-visible:ring-2 focus-visible:ring-ring focus-visible:ring-offset-2 disabled:cursor-not-allowed disabled:opacity-50 md:text-sm"[39m
                  [33mid[39m=[32m"appCallbackUrl"[39m
                  [33mplaceholder[39m=[32m"https://app.example.com/auth/callback"[39m
                  [33mtype[39m=[32m"url"[39m
                  [33mvalue[39m=[32m""[39m
                [36m/>[39m
                [36m<p[39m
                  [33mclass[39m=[32m"mt-1 text-body-sm text-muted-foreground"[39m
                [36m>[39m
                  [0mLeave blank to accept any callback under the app's URL. Set a full URL to require an exact redirect_uri match.[0m
                [36m</p>[39m
              [36m</div>[39m
              [36m<div[39m
                [33mclass[39m=[32m"rounded border border-border bg-muted p-3 text-body-sm text-muted-foreground"[39m
              [36m>[39m
                [36m<span[39m
                  [33mclass[39m=[32m"material-symbols-outlined align-middle text-[16px] text-primary"[39m
                [36m>[39m
                  [0minfo[0m
                [36m</span>[39m
                [0m [0m
                [0mThe Public ID and internal ID will be automatically generated once the application is created.[0m
              [36m</div>[39m
              [36m<div[39m
                [33mclass[39m=[32m"flex justify-end pt-4"[39m
              [36m>[39m
                [36m<div[39m
                  [33mclass[39m=[32m"flex w-fit items-stretch has-[>[data-slot=button-group]]:gap-2 [&>*]:focus-visible:relative [&>*]:focus-visible:z-10 has-[select[aria-hidden=true]:last-child]:[&>[data-slot=select-trigger]:last-of-type]:rounded-r-md [&>[data-slot=select-trigger]:not([class*='w-'])]:w-fit [&>input]:flex-1 [&>*:not(:first-child)]:rounded-l-none [&>*:not(:first-child)]:border-l-0 [&>*:not(:last-child)]:rounded-r-none"[39m
                  [33mdata-slot[39m=[32m"button-group"[39m
                  [33mrole[39m=[32m"group"[39m
                [36m>[39m
                  [36m<button[39m
                    [33mclass[39m=[32m"inline-flex items-center justify-center gap-2 whitespace-nowrap rounded-md text-sm font-medium ring-offset-background transition-colors focus-visible:outline-none focus-visible:ring-2 focus-visible:ring-ring focus-visible:ring-offset-2 disabled:pointer-events-none disabled:opacity-50 [&_svg]:pointer-events-none [&_svg]:size-4 [&_svg]:shrink-0 border border-input bg-background hover:bg-accent hover:text-accent-foreground h-10 px-4 py-2"[39m
                    [33mtype[39m=[32m"button"[39m
                  [36m>[39m
                    [0mCancel[0m
                  [36m</button>[39m
                  [36m<button[39m
                    [33mclass[39m=[32m"inline-flex items-center justify-center gap-2 whitespace-nowrap rounded-md text-sm font-medium ring-offset-background transition-colors focus-visible:outline-none focus-visible:ring-2 focus-visible:ring-ring focus-visible:ring-offset-2 disabled:pointer-events-none disabled:opacity-50 [&_svg]:pointer-events-none [&_svg]:size-4 [&_svg]:shrink-0 bg-primary text-primary-foreground hover:bg-primary/90 h-10 px-4 py-2"[39m
                    [33mtype[39m=[32m"submit"[39m
                  [36m>[39m
                    [0mCreate New App[0m
                  [36m</button>[39m
                [36m</div>[39m
              [36m</div>[39m
            [36m</form>[39m
          [36m</div>[39m
          [36m<button[39m
            [33mclass[39m=[32m"absolute right-4 top-4 rounded-sm opacity-70 ring-offset-background transition-opacity hover:opacity-100 focus:outline-none focus:ring-2 focus:ring-ring focus:ring-offset-2 disabled:pointer-events-none data-[state=open]:bg-secondary"[39m
            [33mtype[39m=[32m"button"[39m
          [36m>[39m
            [36m<svg[39m
              [33maria-hidden[39m=[32m"true"[39m
              [33mclass[39m=[32m"lucide lucide-x h-4 w-4"[39m
              [33mfill[39m=[32m"none"[39m
              [33mheight[39m=[32m"24"[39m
              [33mstroke[39m=[32m"currentColor"[39m
              [33mstroke-linecap[39m=[32m"round"[39m
              [33mstroke-linejoin[39m=[32m"round"[39m
              [33mstroke-width[39m=[32m"2"[39m
              [33mviewBox[39m=[32m"0 0 24 24"[39m
              [33mwidth[39m=[32m"24"[39m
              [33mxmlns[39m=[32m"http://www.w3.org/2000/svg"[39m
            [36m>[39m
              [36m<path[39m
                [33md[39m=[32m"M18 6 6 18"[39m
              [36m/>[39m
              [36m<path[39m
                [33md[39m=[32m"m6 6 12 12"[39m
              [36m/>[39m
            [36m</svg>[39m
            [36m<span[39m
              [33mclass[39m=[32m"sr-only"[39m
            [36m>[39m
              [0mClose[0m
            [36m</span>[39m
          [36m</button>[39m
        [36m</div>[39m
        [36m<span[39m
          [33maria-hidden[39m=[32m"true"[39m
          [33mdata-aria-hidden[39m=[32m"true"[39m
          [33mdata-radix-focus-guard[39m=[32m""[39m
          [33mstyle[39m=[32m"outline: none; opacity: 0; position: fixed; pointer-events: none;"[39m
          [33mtabindex[39m=[32m"0"[39m
        [36m/>[39m
      [36m</body>[39m
    [36m</html>[39m

      31 |     fireEvent.click(screen.getByRole('button', { name: en.apps.drawer.createTitle }))
      32 |     await waitFor(() =>
    > 33 |       expect(actions.createAppAction).toHaveBeenCalledWith({ name: 'X', url: 'https://x.example' }),
         |                                       ^
      34 |     )
      35 |     await waitFor(() => expect(onOpenChange).toHaveBeenCalledWith(false))
      36 |   })

      at components/__tests__/app-create-drawer.test.tsx:33:39
      at runWithExpensiveErrorDiagnosticsDisabled (../../node_modules/.pnpm/@testing-library+dom@10.4.1/node_modules/@testing-library/dom/dist/config.js:47:12)
      at checkCallback (../../node_modules/.pnpm/@testing-library+dom@10.4.1/node_modules/@testing-library/dom/dist/wait-for.js:124:77)
      at checkRealTimersCallback (../../node_modules/.pnpm/@testing-library+dom@10.4.1/node_modules/@testing-library/dom/dist/wait-for.js:118:16)
      at Timeout.task [as _onTimeout] (../../node_modules/.pnpm/jsdom@20.0.3/node_modules/jsdom/lib/jsdom/browser/Window.js:520:19)

FAIL components/__tests__/orgs-table.test.tsx
  ● Console

    console.error
      Error: Uncaught [Error: `Tooltip` must be used within `TooltipProvider`]
          at reportException (/app/node_modules/.pnpm/jsdom@20.0.3/node_modules/jsdom/lib/jsdom/living/helpers/runtime-script-errors.js:66:24)
          at innerInvokeEventListeners (/app/node_modules/.pnpm/jsdom@20.0.3/node_modules/jsdom/lib/jsdom/living/events/EventTarget-impl.js:353:9)
          at invokeEventListeners (/app/node_modules/.pnpm/jsdom@20.0.3/node_modules/jsdom/lib/jsdom/living/events/EventTarget-impl.js:286:3)
          at HTMLUnknownElementImpl._dispatch (/app/node_modules/.pnpm/jsdom@20.0.3/node_modules/jsdom/lib/jsdom/living/events/EventTarget-impl.js:233:9)
          at HTMLUnknownElementImpl.dispatchEvent (/app/node_modules/.pnpm/jsdom@20.0.3/node_modules/jsdom/lib/jsdom/living/events/EventTarget-impl.js:104:17)
          at HTMLUnknownElement.dispatchEvent (/app/node_modules/.pnpm/jsdom@20.0.3/node_modules/jsdom/lib/jsdom/living/generated/EventTarget.js:241:34)
          at Object.invokeGuardedCallbackDev (/app/node_modules/.pnpm/react-dom@18.3.1_react@18.3.1/node_modules/react-dom/cjs/react-dom.development.js:4213:16)
          at invokeGuardedCallback (/app/node_modules/.pnpm/react-dom@18.3.1_react@18.3.1/node_modules/react-dom/cjs/react-dom.development.js:4277:31)
          at beginWork$1 (/app/node_modules/.pnpm/react-dom@18.3.1_react@18.3.1/node_modules/react-dom/cjs/react-dom.development.js:27490:7)
          at performUnitOfWork (/app/node_modules/.pnpm/react-dom@18.3.1_react@18.3.1/node_modules/react-dom/cjs/react-dom.development.js:26599:12)
          at workLoopSync (/app/node_modules/.pnpm/react-dom@18.3.1_react@18.3.1/node_modules/react-dom/cjs/react-dom.development.js:26505:5)
          at renderRootSync (/app/node_modules/.pnpm/react-dom@18.3.1_react@18.3.1/node_modules/react-dom/cjs/react-dom.development.js:26473:7)
          at performConcurrentWorkOnRoot (/app/node_modules/.pnpm/react-dom@18.3.1_react@18.3.1/node_modules/react-dom/cjs/react-dom.development.js:25777:74)
          at flushActQueue (/app/node_modules/.pnpm/react@18.3.1/node_modules/react/cjs/react.development.js:2667:24)
          at act (/app/node_modules/.pnpm/react@18.3.1/node_modules/react/cjs/react.development.js:2582:11)
          at /app/node_modules/.pnpm/@testing-library+react@16.3.2_@testing-library+dom@10.4.1_@types+react-dom@18.3.7_@types+reac_3k5f6qynewwmkoqvlvtzlgtsjq/node_modules/@testing-library/react/dist/act-compat.js:46:25
          at renderRoot (/app/node_modules/.pnpm/@testing-library+react@16.3.2_@testing-library+dom@10.4.1_@types+react-dom@18.3.7_@types+reac_3k5f6qynewwmkoqvlvtzlgtsjq/node_modules/@testing-library/react/dist/pure.js:189:26)
          at render (/app/node_modules/.pnpm/@testing-library+react@16.3.2_@testing-library+dom@10.4.1_@types+react-dom@18.3.7_@types+reac_3k5f6qynewwmkoqvlvtzlgtsjq/node_modules/@testing-library/react/dist/pure.js:291:10)
          at Object.<anonymous> (/app/apps/admin/components/__tests__/orgs-table.test.tsx:56:11)
          at Promise.then.completed (/app/node_modules/.pnpm/jest-circus@29.7.0/node_modules/jest-circus/build/utils.js:298:28)
          at new Promise (<anonymous>)
          at callAsyncCircusFn (/app/node_modules/.pnpm/jest-circus@29.7.0/node_modules/jest-circus/build/utils.js:231:10)
          at _callCircusTest (/app/node_modules/.pnpm/jest-circus@29.7.0/node_modules/jest-circus/build/run.js:316:40)
          at processTicksAndRejections (node:internal/process/task_queues:103:5)
          at _runTest (/app/node_modules/.pnpm/jest-circus@29.7.0/node_modules/jest-circus/build/run.js:252:3)
          at _runTestsForDescribeBlock (/app/node_modules/.pnpm/jest-circus@29.7.0/node_modules/jest-circus/build/run.js:126:9)
          at _runTestsForDescribeBlock (/app/node_modules/.pnpm/jest-circus@29.7.0/node_modules/jest-circus/build/run.js:121:9)
          at run (/app/node_modules/.pnpm/jest-circus@29.7.0/node_modules/jest-circus/build/run.js:71:3)
          at runAndTransformResultsToJestFormat (/app/node_modules/.pnpm/jest-circus@29.7.0/node_modules/jest-circus/build/legacy-code-todo-rewrite/jestAdapterInit.js:122:21)
          at jestAdapter (/app/node_modules/.pnpm/jest-circus@29.7.0/node_modules/jest-circus/build/legacy-code-todo-rewrite/jestAdapter.js:79:19)
          at runTestInternal (/app/node_modules/.pnpm/jest-runner@29.7.0/node_modules/jest-runner/build/runTest.js:367:16)
          at runTest (/app/node_modules/.pnpm/jest-runner@29.7.0/node_modules/jest-runner/build/runTest.js:444:34)
          at Object.worker (/app/node_modules/.pnpm/jest-runner@29.7.0/node_modules/jest-runner/build/testWorker.js:106:12) {
        detail: Error: `Tooltip` must be used within `TooltipProvider`
            at useContext2 (/app/node_modules/.pnpm/@radix-ui+react-context@1.1.2_@types+react@18.3.29_react@18.3.1/node_modules/@radix-ui/react-context/src/create-context.tsx:75:13)
            at Tooltip (/app/node_modules/.pnpm/@radix-ui+react-tooltip@1.2.8_@types+react-dom@18.3.7_@types+react@18.3.29__@types+react@18.3_xrwsnt2rmlacewwolijhmzdoxi/node_modules/@radix-ui/react-tooltip/src/tooltip.tsx:162:27)
            at renderWithHooks (/app/node_modules/.pnpm/react-dom@18.3.1_react@18.3.1/node_modules/react-dom/cjs/react-dom.development.js:15486:18)
            at mountIndeterminateComponent (/app/node_modules/.pnpm/react-dom@18.3.1_react@18.3.1/node_modules/react-dom/cjs/react-dom.development.js:20103:13)
            at beginWork (/app/node_modules/.pnpm/react-dom@18.3.1_react@18.3.1/node_modules/react-dom/cjs/react-dom.development.js:21626:16)
            at HTMLUnknownElement.callCallback (/app/node_modules/.pnpm/react-dom@18.3.1_react@18.3.1/node_modules/react-dom/cjs/react-dom.development.js:4164:14)
            at HTMLUnknownElement.callTheUserObjectsOperation (/app/node_modules/.pnpm/jsdom@20.0.3/node_modules/jsdom/lib/jsdom/living/generated/EventListener.js:26:30)
            at innerInvokeEventListeners (/app/node_modules/.pnpm/jsdom@20.0.3/node_modules/jsdom/lib/jsdom/living/events/EventTarget-impl.js:350:25)
            at invokeEventListeners (/app/node_modules/.pnpm/jsdom@20.0.3/node_modules/jsdom/lib/jsdom/living/events/EventTarget-impl.js:286:3)
            at HTMLUnknownElementImpl._dispatch (/app/node_modules/.pnpm/jsdom@20.0.3/node_modules/jsdom/lib/jsdom/living/events/EventTarget-impl.js:233:9)
            at HTMLUnknownElementImpl.dispatchEvent (/app/node_modules/.pnpm/jsdom@20.0.3/node_modules/jsdom/lib/jsdom/living/events/EventTarget-impl.js:104:17)
            at HTMLUnknownElement.dispatchEvent (/app/node_modules/.pnpm/jsdom@20.0.3/node_modules/jsdom/lib/jsdom/living/generated/EventTarget.js:241:34)
            at Object.invokeGuardedCallbackDev (/app/node_modules/.pnpm/react-dom@18.3.1_react@18.3.1/node_modules/react-dom/cjs/react-dom.development.js:4213:16)
            at invokeGuardedCallback (/app/node_modules/.pnpm/react-dom@18.3.1_react@18.3.1/node_modules/react-dom/cjs/react-dom.development.js:4277:31)
            at beginWork$1 (/app/node_modules/.pnpm/react-dom@18.3.1_react@18.3.1/node_modules/react-dom/cjs/react-dom.development.js:27490:7)
            at performUnitOfWork (/app/node_modules/.pnpm/react-dom@18.3.1_react@18.3.1/node_modules/react-dom/cjs/react-dom.development.js:26599:12)
            at workLoopSync (/app/node_modules/.pnpm/react-dom@18.3.1_react@18.3.1/node_modules/react-dom/cjs/react-dom.development.js:26505:5)
            at renderRootSync (/app/node_modules/.pnpm/react-dom@18.3.1_react@18.3.1/node_modules/react-dom/cjs/react-dom.development.js:26473:7)
            at performConcurrentWorkOnRoot (/app/node_modules/.pnpm/react-dom@18.3.1_react@18.3.1/node_modules/react-dom/cjs/react-dom.development.js:25777:74)
            at flushActQueue (/app/node_modules/.pnpm/react@18.3.1/node_modules/react/cjs/react.development.js:2667:24)
            at act (/app/node_modules/.pnpm/react@18.3.1/node_modules/react/cjs/react.development.js:2582:11)
            at /app/node_modules/.pnpm/@testing-library+react@16.3.2_@testing-library+dom@10.4.1_@types+react-dom@18.3.7_@types+reac_3k5f6qynewwmkoqvlvtzlgtsjq/node_modules/@testing-library/react/dist/act-compat.js:46:25
            at renderRoot (/app/node_modules/.pnpm/@testing-library+react@16.3.2_@testing-library+dom@10.4.1_@types+react-dom@18.3.7_@types+reac_3k5f6qynewwmkoqvlvtzlgtsjq/node_modules/@testing-library/react/dist/pure.js:189:26)
            at render (/app/node_modules/.pnpm/@testing-library+react@16.3.2_@testing-library+dom@10.4.1_@types+react-dom@18.3.7_@types+reac_3k5f6qynewwmkoqvlvtzlgtsjq/node_modules/@testing-library/react/dist/pure.js:291:10)
            at Object.<anonymous> (/app/apps/admin/components/__tests__/orgs-table.test.tsx:56:11)
            at Promise.then.completed (/app/node_modules/.pnpm/jest-circus@29.7.0/node_modules/jest-circus/build/utils.js:298:28)
            at new Promise (<anonymous>)
            at callAsyncCircusFn (/app/node_modules/.pnpm/jest-circus@29.7.0/node_modules/jest-circus/build/utils.js:231:10)
            at _callCircusTest (/app/node_modules/.pnpm/jest-circus@29.7.0/node_modules/jest-circus/build/run.js:316:40)
            at processTicksAndRejections (node:internal/process/task_queues:103:5)
            at _runTest (/app/node_modules/.pnpm/jest-circus@29.7.0/node_modules/jest-circus/build/run.js:252:3)
            at _runTestsForDescribeBlock (/app/node_modules/.pnpm/jest-circus@29.7.0/node_modules/jest-circus/build/run.js:126:9)
            at _runTestsForDescribeBlock (/app/node_modules/.pnpm/jest-circus@29.7.0/node_modules/jest-circus/build/run.js:121:9)
            at run (/app/node_modules/.pnpm/jest-circus@29.7.0/node_modules/jest-circus/build/run.js:71:3)
            at runAndTransformResultsToJestFormat (/app/node_modules/.pnpm/jest-circus@29.7.0/node_modules/jest-circus/build/legacy-code-todo-rewrite/jestAdapterInit.js:122:21)
            at jestAdapter (/app/node_modules/.pnpm/jest-circus@29.7.0/node_modules/jest-circus/build/legacy-code-todo-rewrite/jestAdapter.js:79:19)
            at runTestInternal (/app/node_modules/.pnpm/jest-runner@29.7.0/node_modules/jest-runner/build/runTest.js:367:16)
            at runTest (/app/node_modules/.pnpm/jest-runner@29.7.0/node_modules/jest-runner/build/runTest.js:444:34)
            at Object.worker (/app/node_modules/.pnpm/jest-runner@29.7.0/node_modules/jest-runner/build/testWorker.js:106:12),
        type: 'unhandled exception'
      }

      54 |
      55 |   it('renders rows from initial data', () => {
    > 56 |     render(withIntl(<OrgsTable initial={initial} apps={apps} />))
         |           ^
      57 |     expect(screen.getByText('Acme')).toBeInTheDocument()
      58 |     expect(screen.getByText('Platform Org')).toBeInTheDocument()
      59 |   })

      at VirtualConsole.<anonymous> (../../node_modules/.pnpm/jest-environment-jsdom@29.7.0/node_modules/jest-environment-jsdom/build/index.js:63:23)
      at reportException (../../node_modules/.pnpm/jsdom@20.0.3/node_modules/jsdom/lib/jsdom/living/helpers/runtime-script-errors.js:70:28)
      at innerInvokeEventListeners (../../node_modules/.pnpm/jsdom@20.0.3/node_modules/jsdom/lib/jsdom/living/events/EventTarget-impl.js:353:9)
      at invokeEventListeners (../../node_modules/.pnpm/jsdom@20.0.3/node_modules/jsdom/lib/jsdom/living/events/EventTarget-impl.js:286:3)
      at HTMLUnknownElementImpl._dispatch (../../node_modules/.pnpm/jsdom@20.0.3/node_modules/jsdom/lib/jsdom/living/events/EventTarget-impl.js:233:9)
      at HTMLUnknownElementImpl.dispatchEvent (../../node_modules/.pnpm/jsdom@20.0.3/node_modules/jsdom/lib/jsdom/living/events/EventTarget-impl.js:104:17)
      at HTMLUnknownElement.dispatchEvent (../../node_modules/.pnpm/jsdom@20.0.3/node_modules/jsdom/lib/jsdom/living/generated/EventTarget.js:241:34)
      at Object.invokeGuardedCallbackDev (../../node_modules/.pnpm/react-dom@18.3.1_react@18.3.1/node_modules/react-dom/cjs/react-dom.development.js:4213:16)
      at invokeGuardedCallback (../../node_modules/.pnpm/react-dom@18.3.1_react@18.3.1/node_modules/react-dom/cjs/react-dom.development.js:4277:31)
      at beginWork$1 (../../node_modules/.pnpm/react-dom@18.3.1_react@18.3.1/node_modules/react-dom/cjs/react-dom.development.js:27490:7)
      at performUnitOfWork (../../node_modules/.pnpm/react-dom@18.3.1_react@18.3.1/node_modules/react-dom/cjs/react-dom.development.js:26599:12)
      at workLoopSync (../../node_modules/.pnpm/react-dom@18.3.1_react@18.3.1/node_modules/react-dom/cjs/react-dom.development.js:26505:5)
      at renderRootSync (../../node_modules/.pnpm/react-dom@18.3.1_react@18.3.1/node_modules/react-dom/cjs/react-dom.development.js:26473:7)
      at performConcurrentWorkOnRoot (../../node_modules/.pnpm/react-dom@18.3.1_react@18.3.1/node_modules/react-dom/cjs/react-dom.development.js:25777:74)
      at flushActQueue (../../node_modules/.pnpm/react@18.3.1/node_modules/react/cjs/react.development.js:2667:24)
      at act (../../node_modules/.pnpm/react@18.3.1/node_modules/react/cjs/react.development.js:2582:11)
      at ../../node_modules/.pnpm/@testing-library+react@16.3.2_@testing-library+dom@10.4.1_@types+react-dom@18.3.7_@types+reac_3k5f6qynewwmkoqvlvtzlgtsjq/node_modules/@testing-library/react/dist/act-compat.js:46:25
      at renderRoot (../../node_modules/.pnpm/@testing-library+react@16.3.2_@testing-library+dom@10.4.1_@types+react-dom@18.3.7_@types+reac_3k5f6qynewwmkoqvlvtzlgtsjq/node_modules/@testing-library/react/dist/pure.js:189:26)
      at render (../../node_modules/.pnpm/@testing-library+react@16.3.2_@testing-library+dom@10.4.1_@types+react-dom@18.3.7_@types+reac_3k5f6qynewwmkoqvlvtzlgtsjq/node_modules/@testing-library/react/dist/pure.js:291:10)
      at Object.<anonymous> (components/__tests__/orgs-table.test.tsx:56:11)

    console.error
      Error: Uncaught [Error: `Tooltip` must be used within `TooltipProvider`]
          at reportException (/app/node_modules/.pnpm/jsdom@20.0.3/node_modules/jsdom/lib/jsdom/living/helpers/runtime-script-errors.js:66:24)
          at innerInvokeEventListeners (/app/node_modules/.pnpm/jsdom@20.0.3/node_modules/jsdom/lib/jsdom/living/events/EventTarget-impl.js:353:9)
          at invokeEventListeners (/app/node_modules/.pnpm/jsdom@20.0.3/node_modules/jsdom/lib/jsdom/living/events/EventTarget-impl.js:286:3)
          at HTMLUnknownElementImpl._dispatch (/app/node_modules/.pnpm/jsdom@20.0.3/node_modules/jsdom/lib/jsdom/living/events/EventTarget-impl.js:233:9)
          at HTMLUnknownElementImpl.dispatchEvent (/app/node_modules/.pnpm/jsdom@20.0.3/node_modules/jsdom/lib/jsdom/living/events/EventTarget-impl.js:104:17)
          at HTMLUnknownElement.dispatchEvent (/app/node_modules/.pnpm/jsdom@20.0.3/node_modules/jsdom/lib/jsdom/living/generated/EventTarget.js:241:34)
          at Object.invokeGuardedCallbackDev (/app/node_modules/.pnpm/react-dom@18.3.1_react@18.3.1/node_modules/react-dom/cjs/react-dom.development.js:4213:16)
          at invokeGuardedCallback (/app/node_modules/.pnpm/react-dom@18.3.1_react@18.3.1/node_modules/react-dom/cjs/react-dom.development.js:4277:31)
          at beginWork$1 (/app/node_modules/.pnpm/react-dom@18.3.1_react@18.3.1/node_modules/react-dom/cjs/react-dom.development.js:27490:7)
          at performUnitOfWork (/app/node_modules/.pnpm/react-dom@18.3.1_react@18.3.1/node_modules/react-dom/cjs/react-dom.development.js:26599:12)
          at workLoopSync (/app/node_modules/.pnpm/react-dom@18.3.1_react@18.3.1/node_modules/react-dom/cjs/react-dom.development.js:26505:5)
          at renderRootSync (/app/node_modules/.pnpm/react-dom@18.3.1_react@18.3.1/node_modules/react-dom/cjs/react-dom.development.js:26473:7)
          at performConcurrentWorkOnRoot (/app/node_modules/.pnpm/react-dom@18.3.1_react@18.3.1/node_modules/react-dom/cjs/react-dom.development.js:25777:74)
          at flushActQueue (/app/node_modules/.pnpm/react@18.3.1/node_modules/react/cjs/react.development.js:2667:24)
          at act (/app/node_modules/.pnpm/react@18.3.1/node_modules/react/cjs/react.development.js:2582:11)
          at /app/node_modules/.pnpm/@testing-library+react@16.3.2_@testing-library+dom@10.4.1_@types+react-dom@18.3.7_@types+reac_3k5f6qynewwmkoqvlvtzlgtsjq/node_modules/@testing-library/react/dist/act-compat.js:46:25
          at renderRoot (/app/node_modules/.pnpm/@testing-library+react@16.3.2_@testing-library+dom@10.4.1_@types+react-dom@18.3.7_@types+reac_3k5f6qynewwmkoqvlvtzlgtsjq/node_modules/@testing-library/react/dist/pure.js:189:26)
          at render (/app/node_modules/.pnpm/@testing-library+react@16.3.2_@testing-library+dom@10.4.1_@types+react-dom@18.3.7_@types+reac_3k5f6qynewwmkoqvlvtzlgtsjq/node_modules/@testing-library/react/dist/pure.js:291:10)
          at Object.<anonymous> (/app/apps/admin/components/__tests__/orgs-table.test.tsx:56:11)
          at Promise.then.completed (/app/node_modules/.pnpm/jest-circus@29.7.0/node_modules/jest-circus/build/utils.js:298:28)
          at new Promise (<anonymous>)
          at callAsyncCircusFn (/app/node_modules/.pnpm/jest-circus@29.7.0/node_modules/jest-circus/build/utils.js:231:10)
          at _callCircusTest (/app/node_modules/.pnpm/jest-circus@29.7.0/node_modules/jest-circus/build/run.js:316:40)
          at processTicksAndRejections (node:internal/process/task_queues:103:5)
          at _runTest (/app/node_modules/.pnpm/jest-circus@29.7.0/node_modules/jest-circus/build/run.js:252:3)
          at _runTestsForDescribeBlock (/app/node_modules/.pnpm/jest-circus@29.7.0/node_modules/jest-circus/build/run.js:126:9)
          at _runTestsForDescribeBlock (/app/node_modules/.pnpm/jest-circus@29.7.0/node_modules/jest-circus/build/run.js:121:9)
          at run (/app/node_modules/.pnpm/jest-circus@29.7.0/node_modules/jest-circus/build/run.js:71:3)
          at runAndTransformResultsToJestFormat (/app/node_modules/.pnpm/jest-circus@29.7.0/node_modules/jest-circus/build/legacy-code-todo-rewrite/jestAdapterInit.js:122:21)
          at jestAdapter (/app/node_modules/.pnpm/jest-circus@29.7.0/node_modules/jest-circus/build/legacy-code-todo-rewrite/jestAdapter.js:79:19)
          at runTestInternal (/app/node_modules/.pnpm/jest-runner@29.7.0/node_modules/jest-runner/build/runTest.js:367:16)
          at runTest (/app/node_modules/.pnpm/jest-runner@29.7.0/node_modules/jest-runner/build/runTest.js:444:34)
          at Object.worker (/app/node_modules/.pnpm/jest-runner@29.7.0/node_modules/jest-runner/build/testWorker.js:106:12) {
        detail: Error: `Tooltip` must be used within `TooltipProvider`
            at useContext2 (/app/node_modules/.pnpm/@radix-ui+react-context@1.1.2_@types+react@18.3.29_react@18.3.1/node_modules/@radix-ui/react-context/src/create-context.tsx:75:13)
            at Tooltip (/app/node_modules/.pnpm/@radix-ui+react-tooltip@1.2.8_@types+react-dom@18.3.7_@types+react@18.3.29__@types+react@18.3_xrwsnt2rmlacewwolijhmzdoxi/node_modules/@radix-ui/react-tooltip/src/tooltip.tsx:162:27)
            at renderWithHooks (/app/node_modules/.pnpm/react-dom@18.3.1_react@18.3.1/node_modules/react-dom/cjs/react-dom.development.js:15486:18)
            at mountIndeterminateComponent (/app/node_modules/.pnpm/react-dom@18.3.1_react@18.3.1/node_modules/react-dom/cjs/react-dom.development.js:20103:13)
            at beginWork (/app/node_modules/.pnpm/react-dom@18.3.1_react@18.3.1/node_modules/react-dom/cjs/react-dom.development.js:21626:16)
            at HTMLUnknownElement.callCallback (/app/node_modules/.pnpm/react-dom@18.3.1_react@18.3.1/node_modules/react-dom/cjs/react-dom.development.js:4164:14)
            at HTMLUnknownElement.callTheUserObjectsOperation (/app/node_modules/.pnpm/jsdom@20.0.3/node_modules/jsdom/lib/jsdom/living/generated/EventListener.js:26:30)
            at innerInvokeEventListeners (/app/node_modules/.pnpm/jsdom@20.0.3/node_modules/jsdom/lib/jsdom/living/events/EventTarget-impl.js:350:25)
            at invokeEventListeners (/app/node_modules/.pnpm/jsdom@20.0.3/node_modules/jsdom/lib/jsdom/living/events/EventTarget-impl.js:286:3)
            at HTMLUnknownElementImpl._dispatch (/app/node_modules/.pnpm/jsdom@20.0.3/node_modules/jsdom/lib/jsdom/living/events/EventTarget-impl.js:233:9)
            at HTMLUnknownElementImpl.dispatchEvent (/app/node_modules/.pnpm/jsdom@20.0.3/node_modules/jsdom/lib/jsdom/living/events/EventTarget-impl.js:104:17)
            at HTMLUnknownElement.dispatchEvent (/app/node_modules/.pnpm/jsdom@20.0.3/node_modules/jsdom/lib/jsdom/living/generated/EventTarget.js:241:34)
            at Object.invokeGuardedCallbackDev (/app/node_modules/.pnpm/react-dom@18.3.1_react@18.3.1/node_modules/react-dom/cjs/react-dom.development.js:4213:16)
            at invokeGuardedCallback (/app/node_modules/.pnpm/react-dom@18.3.1_react@18.3.1/node_modules/react-dom/cjs/react-dom.development.js:4277:31)
            at beginWork$1 (/app/node_modules/.pnpm/react-dom@18.3.1_react@18.3.1/node_modules/react-dom/cjs/react-dom.development.js:27490:7)
            at performUnitOfWork (/app/node_modules/.pnpm/react-dom@18.3.1_react@18.3.1/node_modules/react-dom/cjs/react-dom.development.js:26599:12)
            at workLoopSync (/app/node_modules/.pnpm/react-dom@18.3.1_react@18.3.1/node_modules/react-dom/cjs/react-dom.development.js:26505:5)
            at renderRootSync (/app/node_modules/.pnpm/react-dom@18.3.1_react@18.3.1/node_modules/react-dom/cjs/react-dom.development.js:26473:7)
            at performConcurrentWorkOnRoot (/app/node_modules/.pnpm/react-dom@18.3.1_react@18.3.1/node_modules/react-dom/cjs/react-dom.development.js:25777:74)
            at flushActQueue (/app/node_modules/.pnpm/react@18.3.1/node_modules/react/cjs/react.development.js:2667:24)
            at act (/app/node_modules/.pnpm/react@18.3.1/node_modules/react/cjs/react.development.js:2582:11)
            at /app/node_modules/.pnpm/@testing-library+react@16.3.2_@testing-library+dom@10.4.1_@types+react-dom@18.3.7_@types+reac_3k5f6qynewwmkoqvlvtzlgtsjq/node_modules/@testing-library/react/dist/act-compat.js:46:25
            at renderRoot (/app/node_modules/.pnpm/@testing-library+react@16.3.2_@testing-library+dom@10.4.1_@types+react-dom@18.3.7_@types+reac_3k5f6qynewwmkoqvlvtzlgtsjq/node_modules/@testing-library/react/dist/pure.js:189:26)
            at render (/app/node_modules/.pnpm/@testing-library+react@16.3.2_@testing-library+dom@10.4.1_@types+react-dom@18.3.7_@types+reac_3k5f6qynewwmkoqvlvtzlgtsjq/node_modules/@testing-library/react/dist/pure.js:291:10)
            at Object.<anonymous> (/app/apps/admin/components/__tests__/orgs-table.test.tsx:56:11)
            at Promise.then.completed (/app/node_modules/.pnpm/jest-circus@29.7.0/node_modules/jest-circus/build/utils.js:298:28)
            at new Promise (<anonymous>)
            at callAsyncCircusFn (/app/node_modules/.pnpm/jest-circus@29.7.0/node_modules/jest-circus/build/utils.js:231:10)
            at _callCircusTest (/app/node_modules/.pnpm/jest-circus@29.7.0/node_modules/jest-circus/build/run.js:316:40)
            at processTicksAndRejections (node:internal/process/task_queues:103:5)
            at _runTest (/app/node_modules/.pnpm/jest-circus@29.7.0/node_modules/jest-circus/build/run.js:252:3)
            at _runTestsForDescribeBlock (/app/node_modules/.pnpm/jest-circus@29.7.0/node_modules/jest-circus/build/run.js:126:9)
            at _runTestsForDescribeBlock (/app/node_modules/.pnpm/jest-circus@29.7.0/node_modules/jest-circus/build/run.js:121:9)
            at run (/app/node_modules/.pnpm/jest-circus@29.7.0/node_modules/jest-circus/build/run.js:71:3)
            at runAndTransformResultsToJestFormat (/app/node_modules/.pnpm/jest-circus@29.7.0/node_modules/jest-circus/build/legacy-code-todo-rewrite/jestAdapterInit.js:122:21)
            at jestAdapter (/app/node_modules/.pnpm/jest-circus@29.7.0/node_modules/jest-circus/build/legacy-code-todo-rewrite/jestAdapter.js:79:19)
            at runTestInternal (/app/node_modules/.pnpm/jest-runner@29.7.0/node_modules/jest-runner/build/runTest.js:367:16)
            at runTest (/app/node_modules/.pnpm/jest-runner@29.7.0/node_modules/jest-runner/build/runTest.js:444:34)
            at Object.worker (/app/node_modules/.pnpm/jest-runner@29.7.0/node_modules/jest-runner/build/testWorker.js:106:12),
        type: 'unhandled exception'
      }

      54 |
      55 |   it('renders rows from initial data', () => {
    > 56 |     render(withIntl(<OrgsTable initial={initial} apps={apps} />))
         |           ^
      57 |     expect(screen.getByText('Acme')).toBeInTheDocument()
      58 |     expect(screen.getByText('Platform Org')).toBeInTheDocument()
      59 |   })

      at VirtualConsole.<anonymous> (../../node_modules/.pnpm/jest-environment-jsdom@29.7.0/node_modules/jest-environment-jsdom/build/index.js:63:23)
      at reportException (../../node_modules/.pnpm/jsdom@20.0.3/node_modules/jsdom/lib/jsdom/living/helpers/runtime-script-errors.js:70:28)
      at innerInvokeEventListeners (../../node_modules/.pnpm/jsdom@20.0.3/node_modules/jsdom/lib/jsdom/living/events/EventTarget-impl.js:353:9)
      at invokeEventListeners (../../node_modules/.pnpm/jsdom@20.0.3/node_modules/jsdom/lib/jsdom/living/events/EventTarget-impl.js:286:3)
      at HTMLUnknownElementImpl._dispatch (../../node_modules/.pnpm/jsdom@20.0.3/node_modules/jsdom/lib/jsdom/living/events/EventTarget-impl.js:233:9)
      at HTMLUnknownElementImpl.dispatchEvent (../../node_modules/.pnpm/jsdom@20.0.3/node_modules/jsdom/lib/jsdom/living/events/EventTarget-impl.js:104:17)
      at HTMLUnknownElement.dispatchEvent (../../node_modules/.pnpm/jsdom@20.0.3/node_modules/jsdom/lib/jsdom/living/generated/EventTarget.js:241:34)
      at Object.invokeGuardedCallbackDev (../../node_modules/.pnpm/react-dom@18.3.1_react@18.3.1/node_modules/react-dom/cjs/react-dom.development.js:4213:16)
      at invokeGuardedCallback (../../node_modules/.pnpm/react-dom@18.3.1_react@18.3.1/node_modules/react-dom/cjs/react-dom.development.js:4277:31)
      at beginWork$1 (../../node_modules/.pnpm/react-dom@18.3.1_react@18.3.1/node_modules/react-dom/cjs/react-dom.development.js:27490:7)
      at performUnitOfWork (../../node_modules/.pnpm/react-dom@18.3.1_react@18.3.1/node_modules/react-dom/cjs/react-dom.development.js:26599:12)
      at workLoopSync (../../node_modules/.pnpm/react-dom@18.3.1_react@18.3.1/node_modules/react-dom/cjs/react-dom.development.js:26505:5)
      at renderRootSync (../../node_modules/.pnpm/react-dom@18.3.1_react@18.3.1/node_modules/react-dom/cjs/react-dom.development.js:26473:7)
      at performConcurrentWorkOnRoot (../../node_modules/.pnpm/react-dom@18.3.1_react@18.3.1/node_modules/react-dom/cjs/react-dom.development.js:25777:74)
      at flushActQueue (../../node_modules/.pnpm/react@18.3.1/node_modules/react/cjs/react.development.js:2667:24)
      at act (../../node_modules/.pnpm/react@18.3.1/node_modules/react/cjs/react.development.js:2582:11)
      at ../../node_modules/.pnpm/@testing-library+react@16.3.2_@testing-library+dom@10.4.1_@types+react-dom@18.3.7_@types+reac_3k5f6qynewwmkoqvlvtzlgtsjq/node_modules/@testing-library/react/dist/act-compat.js:46:25
      at renderRoot (../../node_modules/.pnpm/@testing-library+react@16.3.2_@testing-library+dom@10.4.1_@types+react-dom@18.3.7_@types+reac_3k5f6qynewwmkoqvlvtzlgtsjq/node_modules/@testing-library/react/dist/pure.js:189:26)
      at render (../../node_modules/.pnpm/@testing-library+react@16.3.2_@testing-library+dom@10.4.1_@types+react-dom@18.3.7_@types+reac_3k5f6qynewwmkoqvlvtzlgtsjq/node_modules/@testing-library/react/dist/pure.js:291:10)
      at Object.<anonymous> (components/__tests__/orgs-table.test.tsx:56:11)

    console.error
      Error: Uncaught [Error: `Tooltip` must be used within `TooltipProvider`]
          at reportException (/app/node_modules/.pnpm/jsdom@20.0.3/node_modules/jsdom/lib/jsdom/living/helpers/runtime-script-errors.js:66:24)
          at innerInvokeEventListeners (/app/node_modules/.pnpm/jsdom@20.0.3/node_modules/jsdom/lib/jsdom/living/events/EventTarget-impl.js:353:9)
          at invokeEventListeners (/app/node_modules/.pnpm/jsdom@20.0.3/node_modules/jsdom/lib/jsdom/living/events/EventTarget-impl.js:286:3)
          at HTMLUnknownElementImpl._dispatch (/app/node_modules/.pnpm/jsdom@20.0.3/node_modules/jsdom/lib/jsdom/living/events/EventTarget-impl.js:233:9)
          at HTMLUnknownElementImpl.dispatchEvent (/app/node_modules/.pnpm/jsdom@20.0.3/node_modules/jsdom/lib/jsdom/living/events/EventTarget-impl.js:104:17)
          at HTMLUnknownElement.dispatchEvent (/app/node_modules/.pnpm/jsdom@20.0.3/node_modules/jsdom/lib/jsdom/living/generated/EventTarget.js:241:34)
          at Object.invokeGuardedCallbackDev (/app/node_modules/.pnpm/react-dom@18.3.1_react@18.3.1/node_modules/react-dom/cjs/react-dom.development.js:4213:16)
          at invokeGuardedCallback (/app/node_modules/.pnpm/react-dom@18.3.1_react@18.3.1/node_modules/react-dom/cjs/react-dom.development.js:4277:31)
          at beginWork$1 (/app/node_modules/.pnpm/react-dom@18.3.1_react@18.3.1/node_modules/react-dom/cjs/react-dom.development.js:27490:7)
          at performUnitOfWork (/app/node_modules/.pnpm/react-dom@18.3.1_react@18.3.1/node_modules/react-dom/cjs/react-dom.development.js:26599:12)
          at workLoopSync (/app/node_modules/.pnpm/react-dom@18.3.1_react@18.3.1/node_modules/react-dom/cjs/react-dom.development.js:26505:5)
          at renderRootSync (/app/node_modules/.pnpm/react-dom@18.3.1_react@18.3.1/node_modules/react-dom/cjs/react-dom.development.js:26473:7)
          at performConcurrentWorkOnRoot (/app/node_modules/.pnpm/react-dom@18.3.1_react@18.3.1/node_modules/react-dom/cjs/react-dom.development.js:25777:74)
          at flushActQueue (/app/node_modules/.pnpm/react@18.3.1/node_modules/react/cjs/react.development.js:2667:24)
          at act (/app/node_modules/.pnpm/react@18.3.1/node_modules/react/cjs/react.development.js:2582:11)
          at /app/node_modules/.pnpm/@testing-library+react@16.3.2_@testing-library+dom@10.4.1_@types+react-dom@18.3.7_@types+reac_3k5f6qynewwmkoqvlvtzlgtsjq/node_modules/@testing-library/react/dist/act-compat.js:46:25
          at renderRoot (/app/node_modules/.pnpm/@testing-library+react@16.3.2_@testing-library+dom@10.4.1_@types+react-dom@18.3.7_@types+reac_3k5f6qynewwmkoqvlvtzlgtsjq/node_modules/@testing-library/react/dist/pure.js:189:26)
          at render (/app/node_modules/.pnpm/@testing-library+react@16.3.2_@testing-library+dom@10.4.1_@types+react-dom@18.3.7_@types+reac_3k5f6qynewwmkoqvlvtzlgtsjq/node_modules/@testing-library/react/dist/pure.js:291:10)
          at Object.<anonymous> (/app/apps/admin/components/__tests__/orgs-table.test.tsx:56:11)
          at Promise.then.completed (/app/node_modules/.pnpm/jest-circus@29.7.0/node_modules/jest-circus/build/utils.js:298:28)
          at new Promise (<anonymous>)
          at callAsyncCircusFn (/app/node_modules/.pnpm/jest-circus@29.7.0/node_modules/jest-circus/build/utils.js:231:10)
          at _callCircusTest (/app/node_modules/.pnpm/jest-circus@29.7.0/node_modules/jest-circus/build/run.js:316:40)
          at processTicksAndRejections (node:internal/process/task_queues:103:5)
          at _runTest (/app/node_modules/.pnpm/jest-circus@29.7.0/node_modules/jest-circus/build/run.js:252:3)
          at _runTestsForDescribeBlock (/app/node_modules/.pnpm/jest-circus@29.7.0/node_modules/jest-circus/build/run.js:126:9)
          at _runTestsForDescribeBlock (/app/node_modules/.pnpm/jest-circus@29.7.0/node_modules/jest-circus/build/run.js:121:9)
          at run (/app/node_modules/.pnpm/jest-circus@29.7.0/node_modules/jest-circus/build/run.js:71:3)
          at runAndTransformResultsToJestFormat (/app/node_modules/.pnpm/jest-circus@29.7.0/node_modules/jest-circus/build/legacy-code-todo-rewrite/jestAdapterInit.js:122:21)
          at jestAdapter (/app/node_modules/.pnpm/jest-circus@29.7.0/node_modules/jest-circus/build/legacy-code-todo-rewrite/jestAdapter.js:79:19)
          at runTestInternal (/app/node_modules/.pnpm/jest-runner@29.7.0/node_modules/jest-runner/build/runTest.js:367:16)
          at runTest (/app/node_modules/.pnpm/jest-runner@29.7.0/node_modules/jest-runner/build/runTest.js:444:34)
          at Object.worker (/app/node_modules/.pnpm/jest-runner@29.7.0/node_modules/jest-runner/build/testWorker.js:106:12) {
        detail: Error: `Tooltip` must be used within `TooltipProvider`
            at useContext2 (/app/node_modules/.pnpm/@radix-ui+react-context@1.1.2_@types+react@18.3.29_react@18.3.1/node_modules/@radix-ui/react-context/src/create-context.tsx:75:13)
            at Tooltip (/app/node_modules/.pnpm/@radix-ui+react-tooltip@1.2.8_@types+react-dom@18.3.7_@types+react@18.3.29__@types+react@18.3_xrwsnt2rmlacewwolijhmzdoxi/node_modules/@radix-ui/react-tooltip/src/tooltip.tsx:162:27)
            at renderWithHooks (/app/node_modules/.pnpm/react-dom@18.3.1_react@18.3.1/node_modules/react-dom/cjs/react-dom.development.js:15486:18)
            at mountIndeterminateComponent (/app/node_modules/.pnpm/react-dom@18.3.1_react@18.3.1/node_modules/react-dom/cjs/react-dom.development.js:20103:13)
            at beginWork (/app/node_modules/.pnpm/react-dom@18.3.1_react@18.3.1/node_modules/react-dom/cjs/react-dom.development.js:21626:16)
            at HTMLUnknownElement.callCallback (/app/node_modules/.pnpm/react-dom@18.3.1_react@18.3.1/node_modules/react-dom/cjs/react-dom.development.js:4164:14)
            at HTMLUnknownElement.callTheUserObjectsOperation (/app/node_modules/.pnpm/jsdom@20.0.3/node_modules/jsdom/lib/jsdom/living/generated/EventListener.js:26:30)
            at innerInvokeEventListeners (/app/node_modules/.pnpm/jsdom@20.0.3/node_modules/jsdom/lib/jsdom/living/events/EventTarget-impl.js:350:25)
            at invokeEventListeners (/app/node_modules/.pnpm/jsdom@20.0.3/node_modules/jsdom/lib/jsdom/living/events/EventTarget-impl.js:286:3)
            at HTMLUnknownElementImpl._dispatch (/app/node_modules/.pnpm/jsdom@20.0.3/node_modules/jsdom/lib/jsdom/living/events/EventTarget-impl.js:233:9)
            at HTMLUnknownElementImpl.dispatchEvent (/app/node_modules/.pnpm/jsdom@20.0.3/node_modules/jsdom/lib/jsdom/living/events/EventTarget-impl.js:104:17)
            at HTMLUnknownElement.dispatchEvent (/app/node_modules/.pnpm/jsdom@20.0.3/node_modules/jsdom/lib/jsdom/living/generated/EventTarget.js:241:34)
            at Object.invokeGuardedCallbackDev (/app/node_modules/.pnpm/react-dom@18.3.1_react@18.3.1/node_modules/react-dom/cjs/react-dom.development.js:4213:16)
            at invokeGuardedCallback (/app/node_modules/.pnpm/react-dom@18.3.1_react@18.3.1/node_modules/react-dom/cjs/react-dom.development.js:4277:31)
            at beginWork$1 (/app/node_modules/.pnpm/react-dom@18.3.1_react@18.3.1/node_modules/react-dom/cjs/react-dom.development.js:27490:7)
            at performUnitOfWork (/app/node_modules/.pnpm/react-dom@18.3.1_react@18.3.1/node_modules/react-dom/cjs/react-dom.development.js:26599:12)
            at workLoopSync (/app/node_modules/.pnpm/react-dom@18.3.1_react@18.3.1/node_modules/react-dom/cjs/react-dom.development.js:26505:5)
            at renderRootSync (/app/node_modules/.pnpm/react-dom@18.3.1_react@18.3.1/node_modules/react-dom/cjs/react-dom.development.js:26473:7)
            at performConcurrentWorkOnRoot (/app/node_modules/.pnpm/react-dom@18.3.1_react@18.3.1/node_modules/react-dom/cjs/react-dom.development.js:25777:74)
            at flushActQueue (/app/node_modules/.pnpm/react@18.3.1/node_modules/react/cjs/react.development.js:2667:24)
            at act (/app/node_modules/.pnpm/react@18.3.1/node_modules/react/cjs/react.development.js:2582:11)
            at /app/node_modules/.pnpm/@testing-library+react@16.3.2_@testing-library+dom@10.4.1_@types+react-dom@18.3.7_@types+reac_3k5f6qynewwmkoqvlvtzlgtsjq/node_modules/@testing-library/react/dist/act-compat.js:46:25
            at renderRoot (/app/node_modules/.pnpm/@testing-library+react@16.3.2_@testing-library+dom@10.4.1_@types+react-dom@18.3.7_@types+reac_3k5f6qynewwmkoqvlvtzlgtsjq/node_modules/@testing-library/react/dist/pure.js:189:26)
            at render (/app/node_modules/.pnpm/@testing-library+react@16.3.2_@testing-library+dom@10.4.1_@types+react-dom@18.3.7_@types+reac_3k5f6qynewwmkoqvlvtzlgtsjq/node_modules/@testing-library/react/dist/pure.js:291:10)
            at Object.<anonymous> (/app/apps/admin/components/__tests__/orgs-table.test.tsx:56:11)
            at Promise.then.completed (/app/node_modules/.pnpm/jest-circus@29.7.0/node_modules/jest-circus/build/utils.js:298:28)
            at new Promise (<anonymous>)
            at callAsyncCircusFn (/app/node_modules/.pnpm/jest-circus@29.7.0/node_modules/jest-circus/build/utils.js:231:10)
            at _callCircusTest (/app/node_modules/.pnpm/jest-circus@29.7.0/node_modules/jest-circus/build/run.js:316:40)
            at processTicksAndRejections (node:internal/process/task_queues:103:5)
            at _runTest (/app/node_modules/.pnpm/jest-circus@29.7.0/node_modules/jest-circus/build/run.js:252:3)
            at _runTestsForDescribeBlock (/app/node_modules/.pnpm/jest-circus@29.7.0/node_modules/jest-circus/build/run.js:126:9)
            at _runTestsForDescribeBlock (/app/node_modules/.pnpm/jest-circus@29.7.0/node_modules/jest-circus/build/run.js:121:9)
            at run (/app/node_modules/.pnpm/jest-circus@29.7.0/node_modules/jest-circus/build/run.js:71:3)
            at runAndTransformResultsToJestFormat (/app/node_modules/.pnpm/jest-circus@29.7.0/node_modules/jest-circus/build/legacy-code-todo-rewrite/jestAdapterInit.js:122:21)
            at jestAdapter (/app/node_modules/.pnpm/jest-circus@29.7.0/node_modules/jest-circus/build/legacy-code-todo-rewrite/jestAdapter.js:79:19)
            at runTestInternal (/app/node_modules/.pnpm/jest-runner@29.7.0/node_modules/jest-runner/build/runTest.js:367:16)
            at runTest (/app/node_modules/.pnpm/jest-runner@29.7.0/node_modules/jest-runner/build/runTest.js:444:34)
            at Object.worker (/app/node_modules/.pnpm/jest-runner@29.7.0/node_modules/jest-runner/build/testWorker.js:106:12),
        type: 'unhandled exception'
      }

      54 |
      55 |   it('renders rows from initial data', () => {
    > 56 |     render(withIntl(<OrgsTable initial={initial} apps={apps} />))
         |           ^
      57 |     expect(screen.getByText('Acme')).toBeInTheDocument()
      58 |     expect(screen.getByText('Platform Org')).toBeInTheDocument()
      59 |   })

      at VirtualConsole.<anonymous> (../../node_modules/.pnpm/jest-environment-jsdom@29.7.0/node_modules/jest-environment-jsdom/build/index.js:63:23)
      at reportException (../../node_modules/.pnpm/jsdom@20.0.3/node_modules/jsdom/lib/jsdom/living/helpers/runtime-script-errors.js:70:28)
      at innerInvokeEventListeners (../../node_modules/.pnpm/jsdom@20.0.3/node_modules/jsdom/lib/jsdom/living/events/EventTarget-impl.js:353:9)
      at invokeEventListeners (../../node_modules/.pnpm/jsdom@20.0.3/node_modules/jsdom/lib/jsdom/living/events/EventTarget-impl.js:286:3)
      at HTMLUnknownElementImpl._dispatch (../../node_modules/.pnpm/jsdom@20.0.3/node_modules/jsdom/lib/jsdom/living/events/EventTarget-impl.js:233:9)
      at HTMLUnknownElementImpl.dispatchEvent (../../node_modules/.pnpm/jsdom@20.0.3/node_modules/jsdom/lib/jsdom/living/events/EventTarget-impl.js:104:17)
      at HTMLUnknownElement.dispatchEvent (../../node_modules/.pnpm/jsdom@20.0.3/node_modules/jsdom/lib/jsdom/living/generated/EventTarget.js:241:34)
      at Object.invokeGuardedCallbackDev (../../node_modules/.pnpm/react-dom@18.3.1_react@18.3.1/node_modules/react-dom/cjs/react-dom.development.js:4213:16)
      at invokeGuardedCallback (../../node_modules/.pnpm/react-dom@18.3.1_react@18.3.1/node_modules/react-dom/cjs/react-dom.development.js:4277:31)
      at beginWork$1 (../../node_modules/.pnpm/react-dom@18.3.1_react@18.3.1/node_modules/react-dom/cjs/react-dom.development.js:27490:7)
      at performUnitOfWork (../../node_modules/.pnpm/react-dom@18.3.1_react@18.3.1/node_modules/react-dom/cjs/react-dom.development.js:26599:12)
      at workLoopSync (../../node_modules/.pnpm/react-dom@18.3.1_react@18.3.1/node_modules/react-dom/cjs/react-dom.development.js:26505:5)
      at renderRootSync (../../node_modules/.pnpm/react-dom@18.3.1_react@18.3.1/node_modules/react-dom/cjs/react-dom.development.js:26473:7)
      at performConcurrentWorkOnRoot (../../node_modules/.pnpm/react-dom@18.3.1_react@18.3.1/node_modules/react-dom/cjs/react-dom.development.js:25777:74)
      at flushActQueue (../../node_modules/.pnpm/react@18.3.1/node_modules/react/cjs/react.development.js:2667:24)
      at act (../../node_modules/.pnpm/react@18.3.1/node_modules/react/cjs/react.development.js:2582:11)
      at ../../node_modules/.pnpm/@testing-library+react@16.3.2_@testing-library+dom@10.4.1_@types+react-dom@18.3.7_@types+reac_3k5f6qynewwmkoqvlvtzlgtsjq/node_modules/@testing-library/react/dist/act-compat.js:46:25
      at renderRoot (../../node_modules/.pnpm/@testing-library+react@16.3.2_@testing-library+dom@10.4.1_@types+react-dom@18.3.7_@types+reac_3k5f6qynewwmkoqvlvtzlgtsjq/node_modules/@testing-library/react/dist/pure.js:189:26)
      at render (../../node_modules/.pnpm/@testing-library+react@16.3.2_@testing-library+dom@10.4.1_@types+react-dom@18.3.7_@types+reac_3k5f6qynewwmkoqvlvtzlgtsjq/node_modules/@testing-library/react/dist/pure.js:291:10)
      at Object.<anonymous> (components/__tests__/orgs-table.test.tsx:56:11)

    console.error
      Error: Uncaught [Error: `Tooltip` must be used within `TooltipProvider`]
          at reportException (/app/node_modules/.pnpm/jsdom@20.0.3/node_modules/jsdom/lib/jsdom/living/helpers/runtime-script-errors.js:66:24)
          at innerInvokeEventListeners (/app/node_modules/.pnpm/jsdom@20.0.3/node_modules/jsdom/lib/jsdom/living/events/EventTarget-impl.js:353:9)
          at invokeEventListeners (/app/node_modules/.pnpm/jsdom@20.0.3/node_modules/jsdom/lib/jsdom/living/events/EventTarget-impl.js:286:3)
          at HTMLUnknownElementImpl._dispatch (/app/node_modules/.pnpm/jsdom@20.0.3/node_modules/jsdom/lib/jsdom/living/events/EventTarget-impl.js:233:9)
          at HTMLUnknownElementImpl.dispatchEvent (/app/node_modules/.pnpm/jsdom@20.0.3/node_modules/jsdom/lib/jsdom/living/events/EventTarget-impl.js:104:17)
          at HTMLUnknownElement.dispatchEvent (/app/node_modules/.pnpm/jsdom@20.0.3/node_modules/jsdom/lib/jsdom/living/generated/EventTarget.js:241:34)
          at Object.invokeGuardedCallbackDev (/app/node_modules/.pnpm/react-dom@18.3.1_react@18.3.1/node_modules/react-dom/cjs/react-dom.development.js:4213:16)
          at invokeGuardedCallback (/app/node_modules/.pnpm/react-dom@18.3.1_react@18.3.1/node_modules/react-dom/cjs/react-dom.development.js:4277:31)
          at beginWork$1 (/app/node_modules/.pnpm/react-dom@18.3.1_react@18.3.1/node_modules/react-dom/cjs/react-dom.development.js:27490:7)
          at performUnitOfWork (/app/node_modules/.pnpm/react-dom@18.3.1_react@18.3.1/node_modules/react-dom/cjs/react-dom.development.js:26599:12)
          at workLoopSync (/app/node_modules/.pnpm/react-dom@18.3.1_react@18.3.1/node_modules/react-dom/cjs/react-dom.development.js:26505:5)
          at renderRootSync (/app/node_modules/.pnpm/react-dom@18.3.1_react@18.3.1/node_modules/react-dom/cjs/react-dom.development.js:26473:7)
          at performConcurrentWorkOnRoot (/app/node_modules/.pnpm/react-dom@18.3.1_react@18.3.1/node_modules/react-dom/cjs/react-dom.development.js:25777:74)
          at flushActQueue (/app/node_modules/.pnpm/react@18.3.1/node_modules/react/cjs/react.development.js:2667:24)
          at act (/app/node_modules/.pnpm/react@18.3.1/node_modules/react/cjs/react.development.js:2582:11)
          at /app/node_modules/.pnpm/@testing-library+react@16.3.2_@testing-library+dom@10.4.1_@types+react-dom@18.3.7_@types+reac_3k5f6qynewwmkoqvlvtzlgtsjq/node_modules/@testing-library/react/dist/act-compat.js:46:25
          at renderRoot (/app/node_modules/.pnpm/@testing-library+react@16.3.2_@testing-library+dom@10.4.1_@types+react-dom@18.3.7_@types+reac_3k5f6qynewwmkoqvlvtzlgtsjq/node_modules/@testing-library/react/dist/pure.js:189:26)
          at render (/app/node_modules/.pnpm/@testing-library+react@16.3.2_@testing-library+dom@10.4.1_@types+react-dom@18.3.7_@types+reac_3k5f6qynewwmkoqvlvtzlgtsjq/node_modules/@testing-library/react/dist/pure.js:291:10)
          at Object.<anonymous> (/app/apps/admin/components/__tests__/orgs-table.test.tsx:56:11)
          at Promise.then.completed (/app/node_modules/.pnpm/jest-circus@29.7.0/node_modules/jest-circus/build/utils.js:298:28)
          at new Promise (<anonymous>)
          at callAsyncCircusFn (/app/node_modules/.pnpm/jest-circus@29.7.0/node_modules/jest-circus/build/utils.js:231:10)
          at _callCircusTest (/app/node_modules/.pnpm/jest-circus@29.7.0/node_modules/jest-circus/build/run.js:316:40)
          at processTicksAndRejections (node:internal/process/task_queues:103:5)
          at _runTest (/app/node_modules/.pnpm/jest-circus@29.7.0/node_modules/jest-circus/build/run.js:252:3)
          at _runTestsForDescribeBlock (/app/node_modules/.pnpm/jest-circus@29.7.0/node_modules/jest-circus/build/run.js:126:9)
          at _runTestsForDescribeBlock (/app/node_modules/.pnpm/jest-circus@29.7.0/node_modules/jest-circus/build/run.js:121:9)
          at run (/app/node_modules/.pnpm/jest-circus@29.7.0/node_modules/jest-circus/build/run.js:71:3)
          at runAndTransformResultsToJestFormat (/app/node_modules/.pnpm/jest-circus@29.7.0/node_modules/jest-circus/build/legacy-code-todo-rewrite/jestAdapterInit.js:122:21)
          at jestAdapter (/app/node_modules/.pnpm/jest-circus@29.7.0/node_modules/jest-circus/build/legacy-code-todo-rewrite/jestAdapter.js:79:19)
          at runTestInternal (/app/node_modules/.pnpm/jest-runner@29.7.0/node_modules/jest-runner/build/runTest.js:367:16)
          at runTest (/app/node_modules/.pnpm/jest-runner@29.7.0/node_modules/jest-runner/build/runTest.js:444:34)
          at Object.worker (/app/node_modules/.pnpm/jest-runner@29.7.0/node_modules/jest-runner/build/testWorker.js:106:12) {
        detail: Error: `Tooltip` must be used within `TooltipProvider`
            at useContext2 (/app/node_modules/.pnpm/@radix-ui+react-context@1.1.2_@types+react@18.3.29_react@18.3.1/node_modules/@radix-ui/react-context/src/create-context.tsx:75:13)
            at Tooltip (/app/node_modules/.pnpm/@radix-ui+react-tooltip@1.2.8_@types+react-dom@18.3.7_@types+react@18.3.29__@types+react@18.3_xrwsnt2rmlacewwolijhmzdoxi/node_modules/@radix-ui/react-tooltip/src/tooltip.tsx:162:27)
            at renderWithHooks (/app/node_modules/.pnpm/react-dom@18.3.1_react@18.3.1/node_modules/react-dom/cjs/react-dom.development.js:15486:18)
            at mountIndeterminateComponent (/app/node_modules/.pnpm/react-dom@18.3.1_react@18.3.1/node_modules/react-dom/cjs/react-dom.development.js:20103:13)
            at beginWork (/app/node_modules/.pnpm/react-dom@18.3.1_react@18.3.1/node_modules/react-dom/cjs/react-dom.development.js:21626:16)
            at HTMLUnknownElement.callCallback (/app/node_modules/.pnpm/react-dom@18.3.1_react@18.3.1/node_modules/react-dom/cjs/react-dom.development.js:4164:14)
            at HTMLUnknownElement.callTheUserObjectsOperation (/app/node_modules/.pnpm/jsdom@20.0.3/node_modules/jsdom/lib/jsdom/living/generated/EventListener.js:26:30)
            at innerInvokeEventListeners (/app/node_modules/.pnpm/jsdom@20.0.3/node_modules/jsdom/lib/jsdom/living/events/EventTarget-impl.js:350:25)
            at invokeEventListeners (/app/node_modules/.pnpm/jsdom@20.0.3/node_modules/jsdom/lib/jsdom/living/events/EventTarget-impl.js:286:3)
            at HTMLUnknownElementImpl._dispatch (/app/node_modules/.pnpm/jsdom@20.0.3/node_modules/jsdom/lib/jsdom/living/events/EventTarget-impl.js:233:9)
            at HTMLUnknownElementImpl.dispatchEvent (/app/node_modules/.pnpm/jsdom@20.0.3/node_modules/jsdom/lib/jsdom/living/events/EventTarget-impl.js:104:17)
            at HTMLUnknownElement.dispatchEvent (/app/node_modules/.pnpm/jsdom@20.0.3/node_modules/jsdom/lib/jsdom/living/generated/EventTarget.js:241:34)
            at Object.invokeGuardedCallbackDev (/app/node_modules/.pnpm/react-dom@18.3.1_react@18.3.1/node_modules/react-dom/cjs/react-dom.development.js:4213:16)
            at invokeGuardedCallback (/app/node_modules/.pnpm/react-dom@18.3.1_react@18.3.1/node_modules/react-dom/cjs/react-dom.development.js:4277:31)
            at beginWork$1 (/app/node_modules/.pnpm/react-dom@18.3.1_react@18.3.1/node_modules/react-dom/cjs/react-dom.development.js:27490:7)
            at performUnitOfWork (/app/node_modules/.pnpm/react-dom@18.3.1_react@18.3.1/node_modules/react-dom/cjs/react-dom.development.js:26599:12)
            at workLoopSync (/app/node_modules/.pnpm/react-dom@18.3.1_react@18.3.1/node_modules/react-dom/cjs/react-dom.development.js:26505:5)
            at renderRootSync (/app/node_modules/.pnpm/react-dom@18.3.1_react@18.3.1/node_modules/react-dom/cjs/react-dom.development.js:26473:7)
            at performConcurrentWorkOnRoot (/app/node_modules/.pnpm/react-dom@18.3.1_react@18.3.1/node_modules/react-dom/cjs/react-dom.development.js:25777:74)
            at flushActQueue (/app/node_modules/.pnpm/react@18.3.1/node_modules/react/cjs/react.development.js:2667:24)
            at act (/app/node_modules/.pnpm/react@18.3.1/node_modules/react/cjs/react.development.js:2582:11)
            at /app/node_modules/.pnpm/@testing-library+react@16.3.2_@testing-library+dom@10.4.1_@types+react-dom@18.3.7_@types+reac_3k5f6qynewwmkoqvlvtzlgtsjq/node_modules/@testing-library/react/dist/act-compat.js:46:25
            at renderRoot (/app/node_modules/.pnpm/@testing-library+react@16.3.2_@testing-library+dom@10.4.1_@types+react-dom@18.3.7_@types+reac_3k5f6qynewwmkoqvlvtzlgtsjq/node_modules/@testing-library/react/dist/pure.js:189:26)
            at render (/app/node_modules/.pnpm/@testing-library+react@16.3.2_@testing-library+dom@10.4.1_@types+react-dom@18.3.7_@types+reac_3k5f6qynewwmkoqvlvtzlgtsjq/node_modules/@testing-library/react/dist/pure.js:291:10)
            at Object.<anonymous> (/app/apps/admin/components/__tests__/orgs-table.test.tsx:56:11)
            at Promise.then.completed (/app/node_modules/.pnpm/jest-circus@29.7.0/node_modules/jest-circus/build/utils.js:298:28)
            at new Promise (<anonymous>)
            at callAsyncCircusFn (/app/node_modules/.pnpm/jest-circus@29.7.0/node_modules/jest-circus/build/utils.js:231:10)
            at _callCircusTest (/app/node_modules/.pnpm/jest-circus@29.7.0/node_modules/jest-circus/build/run.js:316:40)
            at processTicksAndRejections (node:internal/process/task_queues:103:5)
            at _runTest (/app/node_modules/.pnpm/jest-circus@29.7.0/node_modules/jest-circus/build/run.js:252:3)
            at _runTestsForDescribeBlock (/app/node_modules/.pnpm/jest-circus@29.7.0/node_modules/jest-circus/build/run.js:126:9)
            at _runTestsForDescribeBlock (/app/node_modules/.pnpm/jest-circus@29.7.0/node_modules/jest-circus/build/run.js:121:9)
            at run (/app/node_modules/.pnpm/jest-circus@29.7.0/node_modules/jest-circus/build/run.js:71:3)
            at runAndTransformResultsToJestFormat (/app/node_modules/.pnpm/jest-circus@29.7.0/node_modules/jest-circus/build/legacy-code-todo-rewrite/jestAdapterInit.js:122:21)
            at jestAdapter (/app/node_modules/.pnpm/jest-circus@29.7.0/node_modules/jest-circus/build/legacy-code-todo-rewrite/jestAdapter.js:79:19)
            at runTestInternal (/app/node_modules/.pnpm/jest-runner@29.7.0/node_modules/jest-runner/build/runTest.js:367:16)
            at runTest (/app/node_modules/.pnpm/jest-runner@29.7.0/node_modules/jest-runner/build/runTest.js:444:34)
            at Object.worker (/app/node_modules/.pnpm/jest-runner@29.7.0/node_modules/jest-runner/build/testWorker.js:106:12),
        type: 'unhandled exception'
      }

      54 |
      55 |   it('renders rows from initial data', () => {
    > 56 |     render(withIntl(<OrgsTable initial={initial} apps={apps} />))
         |           ^
      57 |     expect(screen.getByText('Acme')).toBeInTheDocument()
      58 |     expect(screen.getByText('Platform Org')).toBeInTheDocument()
      59 |   })

      at VirtualConsole.<anonymous> (../../node_modules/.pnpm/jest-environment-jsdom@29.7.0/node_modules/jest-environment-jsdom/build/index.js:63:23)
      at reportException (../../node_modules/.pnpm/jsdom@20.0.3/node_modules/jsdom/lib/jsdom/living/helpers/runtime-script-errors.js:70:28)
      at innerInvokeEventListeners (../../node_modules/.pnpm/jsdom@20.0.3/node_modules/jsdom/lib/jsdom/living/events/EventTarget-impl.js:353:9)
      at invokeEventListeners (../../node_modules/.pnpm/jsdom@20.0.3/node_modules/jsdom/lib/jsdom/living/events/EventTarget-impl.js:286:3)
      at HTMLUnknownElementImpl._dispatch (../../node_modules/.pnpm/jsdom@20.0.3/node_modules/jsdom/lib/jsdom/living/events/EventTarget-impl.js:233:9)
      at HTMLUnknownElementImpl.dispatchEvent (../../node_modules/.pnpm/jsdom@20.0.3/node_modules/jsdom/lib/jsdom/living/events/EventTarget-impl.js:104:17)
      at HTMLUnknownElement.dispatchEvent (../../node_modules/.pnpm/jsdom@20.0.3/node_modules/jsdom/lib/jsdom/living/generated/EventTarget.js:241:34)
      at Object.invokeGuardedCallbackDev (../../node_modules/.pnpm/react-dom@18.3.1_react@18.3.1/node_modules/react-dom/cjs/react-dom.development.js:4213:16)
      at invokeGuardedCallback (../../node_modules/.pnpm/react-dom@18.3.1_react@18.3.1/node_modules/react-dom/cjs/react-dom.development.js:4277:31)
      at beginWork$1 (../../node_modules/.pnpm/react-dom@18.3.1_react@18.3.1/node_modules/react-dom/cjs/react-dom.development.js:27490:7)
      at performUnitOfWork (../../node_modules/.pnpm/react-dom@18.3.1_react@18.3.1/node_modules/react-dom/cjs/react-dom.development.js:26599:12)
      at workLoopSync (../../node_modules/.pnpm/react-dom@18.3.1_react@18.3.1/node_modules/react-dom/cjs/react-dom.development.js:26505:5)
      at renderRootSync (../../node_modules/.pnpm/react-dom@18.3.1_react@18.3.1/node_modules/react-dom/cjs/react-dom.development.js:26473:7)
      at performConcurrentWorkOnRoot (../../node_modules/.pnpm/react-dom@18.3.1_react@18.3.1/node_modules/react-dom/cjs/react-dom.development.js:25777:74)
      at flushActQueue (../../node_modules/.pnpm/react@18.3.1/node_modules/react/cjs/react.development.js:2667:24)
      at act (../../node_modules/.pnpm/react@18.3.1/node_modules/react/cjs/react.development.js:2582:11)
      at ../../node_modules/.pnpm/@testing-library+react@16.3.2_@testing-library+dom@10.4.1_@types+react-dom@18.3.7_@types+reac_3k5f6qynewwmkoqvlvtzlgtsjq/node_modules/@testing-library/react/dist/act-compat.js:46:25
      at renderRoot (../../node_modules/.pnpm/@testing-library+react@16.3.2_@testing-library+dom@10.4.1_@types+react-dom@18.3.7_@types+reac_3k5f6qynewwmkoqvlvtzlgtsjq/node_modules/@testing-library/react/dist/pure.js:189:26)
      at render (../../node_modules/.pnpm/@testing-library+react@16.3.2_@testing-library+dom@10.4.1_@types+react-dom@18.3.7_@types+reac_3k5f6qynewwmkoqvlvtzlgtsjq/node_modules/@testing-library/react/dist/pure.js:291:10)
      at Object.<anonymous> (components/__tests__/orgs-table.test.tsx:56:11)

    console.error
      Error: Uncaught [Error: `Tooltip` must be used within `TooltipProvider`]
          at reportException (/app/node_modules/.pnpm/jsdom@20.0.3/node_modules/jsdom/lib/jsdom/living/helpers/runtime-script-errors.js:66:24)
          at innerInvokeEventListeners (/app/node_modules/.pnpm/jsdom@20.0.3/node_modules/jsdom/lib/jsdom/living/events/EventTarget-impl.js:353:9)
          at invokeEventListeners (/app/node_modules/.pnpm/jsdom@20.0.3/node_modules/jsdom/lib/jsdom/living/events/EventTarget-impl.js:286:3)
          at HTMLUnknownElementImpl._dispatch (/app/node_modules/.pnpm/jsdom@20.0.3/node_modules/jsdom/lib/jsdom/living/events/EventTarget-impl.js:233:9)
          at HTMLUnknownElementImpl.dispatchEvent (/app/node_modules/.pnpm/jsdom@20.0.3/node_modules/jsdom/lib/jsdom/living/events/EventTarget-impl.js:104:17)
          at HTMLUnknownElement.dispatchEvent (/app/node_modules/.pnpm/jsdom@20.0.3/node_modules/jsdom/lib/jsdom/living/generated/EventTarget.js:241:34)
          at Object.invokeGuardedCallbackDev (/app/node_modules/.pnpm/react-dom@18.3.1_react@18.3.1/node_modules/react-dom/cjs/react-dom.development.js:4213:16)
          at invokeGuardedCallback (/app/node_modules/.pnpm/react-dom@18.3.1_react@18.3.1/node_modules/react-dom/cjs/react-dom.development.js:4277:31)
          at beginWork$1 (/app/node_modules/.pnpm/react-dom@18.3.1_react@18.3.1/node_modules/react-dom/cjs/react-dom.development.js:27490:7)
          at performUnitOfWork (/app/node_modules/.pnpm/react-dom@18.3.1_react@18.3.1/node_modules/react-dom/cjs/react-dom.development.js:26599:12)
          at workLoopSync (/app/node_modules/.pnpm/react-dom@18.3.1_react@18.3.1/node_modules/react-dom/cjs/react-dom.development.js:26505:5)
          at renderRootSync (/app/node_modules/.pnpm/react-dom@18.3.1_react@18.3.1/node_modules/react-dom/cjs/react-dom.development.js:26473:7)
          at recoverFromConcurrentError (/app/node_modules/.pnpm/react-dom@18.3.1_react@18.3.1/node_modules/react-dom/cjs/react-dom.development.js:25889:20)
          at performConcurrentWorkOnRoot (/app/node_modules/.pnpm/react-dom@18.3.1_react@18.3.1/node_modules/react-dom/cjs/react-dom.development.js:25789:22)
          at flushActQueue (/app/node_modules/.pnpm/react@18.3.1/node_modules/react/cjs/react.development.js:2667:24)
          at act (/app/node_modules/.pnpm/react@18.3.1/node_modules/react/cjs/react.development.js:2582:11)
          at /app/node_modules/.pnpm/@testing-library+react@16.3.2_@testing-library+dom@10.4.1_@types+react-dom@18.3.7_@types+reac_3k5f6qynewwmkoqvlvtzlgtsjq/node_modules/@testing-library/react/dist/act-compat.js:46:25
          at renderRoot (/app/node_modules/.pnpm/@testing-library+react@16.3.2_@testing-library+dom@10.4.1_@types+react-dom@18.3.7_@types+reac_3k5f6qynewwmkoqvlvtzlgtsjq/node_modules/@testing-library/react/dist/pure.js:189:26)
          at render (/app/node_modules/.pnpm/@testing-library+react@16.3.2_@testing-library+dom@10.4.1_@types+react-dom@18.3.7_@types+reac_3k5f6qynewwmkoqvlvtzlgtsjq/node_modules/@testing-library/react/dist/pure.js:291:10)
          at Object.<anonymous> (/app/apps/admin/components/__tests__/orgs-table.test.tsx:56:11)
          at Promise.then.completed (/app/node_modules/.pnpm/jest-circus@29.7.0/node_modules/jest-circus/build/utils.js:298:28)
          at new Promise (<anonymous>)
          at callAsyncCircusFn (/app/node_modules/.pnpm/jest-circus@29.7.0/node_modules/jest-circus/build/utils.js:231:10)
          at _callCircusTest (/app/node_modules/.pnpm/jest-circus@29.7.0/node_modules/jest-circus/build/run.js:316:40)
          at processTicksAndRejections (node:internal/process/task_queues:103:5)
          at _runTest (/app/node_modules/.pnpm/jest-circus@29.7.0/node_modules/jest-circus/build/run.js:252:3)
          at _runTestsForDescribeBlock (/app/node_modules/.pnpm/jest-circus@29.7.0/node_modules/jest-circus/build/run.js:126:9)
          at _runTestsForDescribeBlock (/app/node_modules/.pnpm/jest-circus@29.7.0/node_modules/jest-circus/build/run.js:121:9)
          at run (/app/node_modules/.pnpm/jest-circus@29.7.0/node_modules/jest-circus/build/run.js:71:3)
          at runAndTransformResultsToJestFormat (/app/node_modules/.pnpm/jest-circus@29.7.0/node_modules/jest-circus/build/legacy-code-todo-rewrite/jestAdapterInit.js:122:21)
          at jestAdapter (/app/node_modules/.pnpm/jest-circus@29.7.0/node_modules/jest-circus/build/legacy-code-todo-rewrite/jestAdapter.js:79:19)
          at runTestInternal (/app/node_modules/.pnpm/jest-runner@29.7.0/node_modules/jest-runner/build/runTest.js:367:16)
          at runTest (/app/node_modules/.pnpm/jest-runner@29.7.0/node_modules/jest-runner/build/runTest.js:444:34)
          at Object.worker (/app/node_modules/.pnpm/jest-runner@29.7.0/node_modules/jest-runner/build/testWorker.js:106:12) {
        detail: Error: `Tooltip` must be used within `TooltipProvider`
            at useContext2 (/app/node_modules/.pnpm/@radix-ui+react-context@1.1.2_@types+react@18.3.29_react@18.3.1/node_modules/@radix-ui/react-context/src/create-context.tsx:75:13)
            at Tooltip (/app/node_modules/.pnpm/@radix-ui+react-tooltip@1.2.8_@types+react-dom@18.3.7_@types+react@18.3.29__@types+react@18.3_xrwsnt2rmlacewwolijhmzdoxi/node_modules/@radix-ui/react-tooltip/src/tooltip.tsx:162:27)
            at renderWithHooks (/app/node_modules/.pnpm/react-dom@18.3.1_react@18.3.1/node_modules/react-dom/cjs/react-dom.development.js:15486:18)
            at mountIndeterminateComponent (/app/node_modules/.pnpm/react-dom@18.3.1_react@18.3.1/node_modules/react-dom/cjs/react-dom.development.js:20103:13)
            at beginWork (/app/node_modules/.pnpm/react-dom@18.3.1_react@18.3.1/node_modules/react-dom/cjs/react-dom.development.js:21626:16)
            at HTMLUnknownElement.callCallback (/app/node_modules/.pnpm/react-dom@18.3.1_react@18.3.1/node_modules/react-dom/cjs/react-dom.development.js:4164:14)
            at HTMLUnknownElement.callTheUserObjectsOperation (/app/node_modules/.pnpm/jsdom@20.0.3/node_modules/jsdom/lib/jsdom/living/generated/EventListener.js:26:30)
            at innerInvokeEventListeners (/app/node_modules/.pnpm/jsdom@20.0.3/node_modules/jsdom/lib/jsdom/living/events/EventTarget-impl.js:350:25)
            at invokeEventListeners (/app/node_modules/.pnpm/jsdom@20.0.3/node_modules/jsdom/lib/jsdom/living/events/EventTarget-impl.js:286:3)
            at HTMLUnknownElementImpl._dispatch (/app/node_modules/.pnpm/jsdom@20.0.3/node_modules/jsdom/lib/jsdom/living/events/EventTarget-impl.js:233:9)
            at HTMLUnknownElementImpl.dispatchEvent (/app/node_modules/.pnpm/jsdom@20.0.3/node_modules/jsdom/lib/jsdom/living/events/EventTarget-impl.js:104:17)
            at HTMLUnknownElement.dispatchEvent (/app/node_modules/.pnpm/jsdom@20.0.3/node_modules/jsdom/lib/jsdom/living/generated/EventTarget.js:241:34)
            at Object.invokeGuardedCallbackDev (/app/node_modules/.pnpm/react-dom@18.3.1_react@18.3.1/node_modules/react-dom/cjs/react-dom.development.js:4213:16)
            at invokeGuardedCallback (/app/node_modules/.pnpm/react-dom@18.3.1_react@18.3.1/node_modules/react-dom/cjs/react-dom.development.js:4277:31)
            at beginWork$1 (/app/node_modules/.pnpm/react-dom@18.3.1_react@18.3.1/node_modules/react-dom/cjs/react-dom.development.js:27490:7)
            at performUnitOfWork (/app/node_modules/.pnpm/react-dom@18.3.1_react@18.3.1/node_modules/react-dom/cjs/react-dom.development.js:26599:12)
            at workLoopSync (/app/node_modules/.pnpm/react-dom@18.3.1_react@18.3.1/node_modules/react-dom/cjs/react-dom.development.js:26505:5)
            at renderRootSync (/app/node_modules/.pnpm/react-dom@18.3.1_react@18.3.1/node_modules/react-dom/cjs/react-dom.development.js:26473:7)
            at recoverFromConcurrentError (/app/node_modules/.pnpm/react-dom@18.3.1_react@18.3.1/node_modules/react-dom/cjs/react-dom.development.js:25889:20)
            at performConcurrentWorkOnRoot (/app/node_modules/.pnpm/react-dom@18.3.1_react@18.3.1/node_modules/react-dom/cjs/react-dom.development.js:25789:22)
            at flushActQueue (/app/node_modules/.pnpm/react@18.3.1/node_modules/react/cjs/react.development.js:2667:24)
            at act (/app/node_modules/.pnpm/react@18.3.1/node_modules/react/cjs/react.development.js:2582:11)
            at /app/node_modules/.pnpm/@testing-library+react@16.3.2_@testing-library+dom@10.4.1_@types+react-dom@18.3.7_@types+reac_3k5f6qynewwmkoqvlvtzlgtsjq/node_modules/@testing-library/react/dist/act-compat.js:46:25
            at renderRoot (/app/node_modules/.pnpm/@testing-library+react@16.3.2_@testing-library+dom@10.4.1_@types+react-dom@18.3.7_@types+reac_3k5f6qynewwmkoqvlvtzlgtsjq/node_modules/@testing-library/react/dist/pure.js:189:26)
            at render (/app/node_modules/.pnpm/@testing-library+react@16.3.2_@testing-library+dom@10.4.1_@types+react-dom@18.3.7_@types+reac_3k5f6qynewwmkoqvlvtzlgtsjq/node_modules/@testing-library/react/dist/pure.js:291:10)
            at Object.<anonymous> (/app/apps/admin/components/__tests__/orgs-table.test.tsx:56:11)
            at Promise.then.completed (/app/node_modules/.pnpm/jest-circus@29.7.0/node_modules/jest-circus/build/utils.js:298:28)
            at new Promise (<anonymous>)
            at callAsyncCircusFn (/app/node_modules/.pnpm/jest-circus@29.7.0/node_modules/jest-circus/build/utils.js:231:10)
            at _callCircusTest (/app/node_modules/.pnpm/jest-circus@29.7.0/node_modules/jest-circus/build/run.js:316:40)
            at processTicksAndRejections (node:internal/process/task_queues:103:5)
            at _runTest (/app/node_modules/.pnpm/jest-circus@29.7.0/node_modules/jest-circus/build/run.js:252:3)
            at _runTestsForDescribeBlock (/app/node_modules/.pnpm/jest-circus@29.7.0/node_modules/jest-circus/build/run.js:126:9)
            at _runTestsForDescribeBlock (/app/node_modules/.pnpm/jest-circus@29.7.0/node_modules/jest-circus/build/run.js:121:9)
            at run (/app/node_modules/.pnpm/jest-circus@29.7.0/node_modules/jest-circus/build/run.js:71:3)
            at runAndTransformResultsToJestFormat (/app/node_modules/.pnpm/jest-circus@29.7.0/node_modules/jest-circus/build/legacy-code-todo-rewrite/jestAdapterInit.js:122:21)
            at jestAdapter (/app/node_modules/.pnpm/jest-circus@29.7.0/node_modules/jest-circus/build/legacy-code-todo-rewrite/jestAdapter.js:79:19)
            at runTestInternal (/app/node_modules/.pnpm/jest-runner@29.7.0/node_modules/jest-runner/build/runTest.js:367:16)
            at runTest (/app/node_modules/.pnpm/jest-runner@29.7.0/node_modules/jest-runner/build/runTest.js:444:34)
            at Object.worker (/app/node_modules/.pnpm/jest-runner@29.7.0/node_modules/jest-runner/build/testWorker.js:106:12),
        type: 'unhandled exception'
      }

      54 |
      55 |   it('renders rows from initial data', () => {
    > 56 |     render(withIntl(<OrgsTable initial={initial} apps={apps} />))
         |           ^
      57 |     expect(screen.getByText('Acme')).toBeInTheDocument()
      58 |     expect(screen.getByText('Platform Org')).toBeInTheDocument()
      59 |   })

      at VirtualConsole.<anonymous> (../../node_modules/.pnpm/jest-environment-jsdom@29.7.0/node_modules/jest-environment-jsdom/build/index.js:63:23)
      at reportException (../../node_modules/.pnpm/jsdom@20.0.3/node_modules/jsdom/lib/jsdom/living/helpers/runtime-script-errors.js:70:28)
      at innerInvokeEventListeners (../../node_modules/.pnpm/jsdom@20.0.3/node_modules/jsdom/lib/jsdom/living/events/EventTarget-impl.js:353:9)
      at invokeEventListeners (../../node_modules/.pnpm/jsdom@20.0.3/node_modules/jsdom/lib/jsdom/living/events/EventTarget-impl.js:286:3)
      at HTMLUnknownElementImpl._dispatch (../../node_modules/.pnpm/jsdom@20.0.3/node_modules/jsdom/lib/jsdom/living/events/EventTarget-impl.js:233:9)
      at HTMLUnknownElementImpl.dispatchEvent (../../node_modules/.pnpm/jsdom@20.0.3/node_modules/jsdom/lib/jsdom/living/events/EventTarget-impl.js:104:17)
      at HTMLUnknownElement.dispatchEvent (../../node_modules/.pnpm/jsdom@20.0.3/node_modules/jsdom/lib/jsdom/living/generated/EventTarget.js:241:34)
      at Object.invokeGuardedCallbackDev (../../node_modules/.pnpm/react-dom@18.3.1_react@18.3.1/node_modules/react-dom/cjs/react-dom.development.js:4213:16)
      at invokeGuardedCallback (../../node_modules/.pnpm/react-dom@18.3.1_react@18.3.1/node_modules/react-dom/cjs/react-dom.development.js:4277:31)
      at beginWork$1 (../../node_modules/.pnpm/react-dom@18.3.1_react@18.3.1/node_modules/react-dom/cjs/react-dom.development.js:27490:7)
      at performUnitOfWork (../../node_modules/.pnpm/react-dom@18.3.1_react@18.3.1/node_modules/react-dom/cjs/react-dom.development.js:26599:12)
      at workLoopSync (../../node_modules/.pnpm/react-dom@18.3.1_react@18.3.1/node_modules/react-dom/cjs/react-dom.development.js:26505:5)
      at renderRootSync (../../node_modules/.pnpm/react-dom@18.3.1_react@18.3.1/node_modules/react-dom/cjs/react-dom.development.js:26473:7)
      at recoverFromConcurrentError (../../node_modules/.pnpm/react-dom@18.3.1_react@18.3.1/node_modules/react-dom/cjs/react-dom.development.js:25889:20)
      at performConcurrentWorkOnRoot (../../node_modules/.pnpm/react-dom@18.3.1_react@18.3.1/node_modules/react-dom/cjs/react-dom.development.js:25789:22)
      at flushActQueue (../../node_modules/.pnpm/react@18.3.1/node_modules/react/cjs/react.development.js:2667:24)
      at act (../../node_modules/.pnpm/react@18.3.1/node_modules/react/cjs/react.development.js:2582:11)
      at ../../node_modules/.pnpm/@testing-library+react@16.3.2_@testing-library+dom@10.4.1_@types+react-dom@18.3.7_@types+reac_3k5f6qynewwmkoqvlvtzlgtsjq/node_modules/@testing-library/react/dist/act-compat.js:46:25
      at renderRoot (../../node_modules/.pnpm/@testing-library+react@16.3.2_@testing-library+dom@10.4.1_@types+react-dom@18.3.7_@types+reac_3k5f6qynewwmkoqvlvtzlgtsjq/node_modules/@testing-library/react/dist/pure.js:189:26)
      at render (../../node_modules/.pnpm/@testing-library+react@16.3.2_@testing-library+dom@10.4.1_@types+react-dom@18.3.7_@types+reac_3k5f6qynewwmkoqvlvtzlgtsjq/node_modules/@testing-library/react/dist/pure.js:291:10)
      at Object.<anonymous> (components/__tests__/orgs-table.test.tsx:56:11)

    console.error
      Error: Uncaught [Error: `Tooltip` must be used within `TooltipProvider`]
          at reportException (/app/node_modules/.pnpm/jsdom@20.0.3/node_modules/jsdom/lib/jsdom/living/helpers/runtime-script-errors.js:66:24)
          at innerInvokeEventListeners (/app/node_modules/.pnpm/jsdom@20.0.3/node_modules/jsdom/lib/jsdom/living/events/EventTarget-impl.js:353:9)
          at invokeEventListeners (/app/node_modules/.pnpm/jsdom@20.0.3/node_modules/jsdom/lib/jsdom/living/events/EventTarget-impl.js:286:3)
          at HTMLUnknownElementImpl._dispatch (/app/node_modules/.pnpm/jsdom@20.0.3/node_modules/jsdom/lib/jsdom/living/events/EventTarget-impl.js:233:9)
          at HTMLUnknownElementImpl.dispatchEvent (/app/node_modules/.pnpm/jsdom@20.0.3/node_modules/jsdom/lib/jsdom/living/events/EventTarget-impl.js:104:17)
          at HTMLUnknownElement.dispatchEvent (/app/node_modules/.pnpm/jsdom@20.0.3/node_modules/jsdom/lib/jsdom/living/generated/EventTarget.js:241:34)
          at Object.invokeGuardedCallbackDev (/app/node_modules/.pnpm/react-dom@18.3.1_react@18.3.1/node_modules/react-dom/cjs/react-dom.development.js:4213:16)
          at invokeGuardedCallback (/app/node_modules/.pnpm/react-dom@18.3.1_react@18.3.1/node_modules/react-dom/cjs/react-dom.development.js:4277:31)
          at beginWork$1 (/app/node_modules/.pnpm/react-dom@18.3.1_react@18.3.1/node_modules/react-dom/cjs/react-dom.development.js:27490:7)
          at performUnitOfWork (/app/node_modules/.pnpm/react-dom@18.3.1_react@18.3.1/node_modules/react-dom/cjs/react-dom.development.js:26599:12)
          at workLoopSync (/app/node_modules/.pnpm/react-dom@18.3.1_react@18.3.1/node_modules/react-dom/cjs/react-dom.development.js:26505:5)
          at renderRootSync (/app/node_modules/.pnpm/react-dom@18.3.1_react@18.3.1/node_modules/react-dom/cjs/react-dom.development.js:26473:7)
          at recoverFromConcurrentError (/app/node_modules/.pnpm/react-dom@18.3.1_react@18.3.1/node_modules/react-dom/cjs/react-dom.development.js:25889:20)
          at performConcurrentWorkOnRoot (/app/node_modules/.pnpm/react-dom@18.3.1_react@18.3.1/node_modules/react-dom/cjs/react-dom.development.js:25789:22)
          at flushActQueue (/app/node_modules/.pnpm/react@18.3.1/node_modules/react/cjs/react.development.js:2667:24)
          at act (/app/node_modules/.pnpm/react@18.3.1/node_modules/react/cjs/react.development.js:2582:11)
          at /app/node_modules/.pnpm/@testing-library+react@16.3.2_@testing-library+dom@10.4.1_@types+react-dom@18.3.7_@types+reac_3k5f6qynewwmkoqvlvtzlgtsjq/node_modules/@testing-library/react/dist/act-compat.js:46:25
          at renderRoot (/app/node_modules/.pnpm/@testing-library+react@16.3.2_@testing-library+dom@10.4.1_@types+react-dom@18.3.7_@types+reac_3k5f6qynewwmkoqvlvtzlgtsjq/node_modules/@testing-library/react/dist/pure.js:189:26)
          at render (/app/node_modules/.pnpm/@testing-library+react@16.3.2_@testing-library+dom@10.4.1_@types+react-dom@18.3.7_@types+reac_3k5f6qynewwmkoqvlvtzlgtsjq/node_modules/@testing-library/react/dist/pure.js:291:10)
          at Object.<anonymous> (/app/apps/admin/components/__tests__/orgs-table.test.tsx:56:11)
          at Promise.then.completed (/app/node_modules/.pnpm/jest-circus@29.7.0/node_modules/jest-circus/build/utils.js:298:28)
          at new Promise (<anonymous>)
          at callAsyncCircusFn (/app/node_modules/.pnpm/jest-circus@29.7.0/node_modules/jest-circus/build/utils.js:231:10)
          at _callCircusTest (/app/node_modules/.pnpm/jest-circus@29.7.0/node_modules/jest-circus/build/run.js:316:40)
          at processTicksAndRejections (node:internal/process/task_queues:103:5)
          at _runTest (/app/node_modules/.pnpm/jest-circus@29.7.0/node_modules/jest-circus/build/run.js:252:3)
          at _runTestsForDescribeBlock (/app/node_modules/.pnpm/jest-circus@29.7.0/node_modules/jest-circus/build/run.js:126:9)
          at _runTestsForDescribeBlock (/app/node_modules/.pnpm/jest-circus@29.7.0/node_modules/jest-circus/build/run.js:121:9)
          at run (/app/node_modules/.pnpm/jest-circus@29.7.0/node_modules/jest-circus/build/run.js:71:3)
          at runAndTransformResultsToJestFormat (/app/node_modules/.pnpm/jest-circus@29.7.0/node_modules/jest-circus/build/legacy-code-todo-rewrite/jestAdapterInit.js:122:21)
          at jestAdapter (/app/node_modules/.pnpm/jest-circus@29.7.0/node_modules/jest-circus/build/legacy-code-todo-rewrite/jestAdapter.js:79:19)
          at runTestInternal (/app/node_modules/.pnpm/jest-runner@29.7.0/node_modules/jest-runner/build/runTest.js:367:16)
          at runTest (/app/node_modules/.pnpm/jest-runner@29.7.0/node_modules/jest-runner/build/runTest.js:444:34)
          at Object.worker (/app/node_modules/.pnpm/jest-runner@29.7.0/node_modules/jest-runner/build/testWorker.js:106:12) {
        detail: Error: `Tooltip` must be used within `TooltipProvider`
            at useContext2 (/app/node_modules/.pnpm/@radix-ui+react-context@1.1.2_@types+react@18.3.29_react@18.3.1/node_modules/@radix-ui/react-context/src/create-context.tsx:75:13)
            at Tooltip (/app/node_modules/.pnpm/@radix-ui+react-tooltip@1.2.8_@types+react-dom@18.3.7_@types+react@18.3.29__@types+react@18.3_xrwsnt2rmlacewwolijhmzdoxi/node_modules/@radix-ui/react-tooltip/src/tooltip.tsx:162:27)
            at renderWithHooks (/app/node_modules/.pnpm/react-dom@18.3.1_react@18.3.1/node_modules/react-dom/cjs/react-dom.development.js:15486:18)
            at mountIndeterminateComponent (/app/node_modules/.pnpm/react-dom@18.3.1_react@18.3.1/node_modules/react-dom/cjs/react-dom.development.js:20103:13)
            at beginWork (/app/node_modules/.pnpm/react-dom@18.3.1_react@18.3.1/node_modules/react-dom/cjs/react-dom.development.js:21626:16)
            at HTMLUnknownElement.callCallback (/app/node_modules/.pnpm/react-dom@18.3.1_react@18.3.1/node_modules/react-dom/cjs/react-dom.development.js:4164:14)
            at HTMLUnknownElement.callTheUserObjectsOperation (/app/node_modules/.pnpm/jsdom@20.0.3/node_modules/jsdom/lib/jsdom/living/generated/EventListener.js:26:30)
            at innerInvokeEventListeners (/app/node_modules/.pnpm/jsdom@20.0.3/node_modules/jsdom/lib/jsdom/living/events/EventTarget-impl.js:350:25)
            at invokeEventListeners (/app/node_modules/.pnpm/jsdom@20.0.3/node_modules/jsdom/lib/jsdom/living/events/EventTarget-impl.js:286:3)
            at HTMLUnknownElementImpl._dispatch (/app/node_modules/.pnpm/jsdom@20.0.3/node_modules/jsdom/lib/jsdom/living/events/EventTarget-impl.js:233:9)
            at HTMLUnknownElementImpl.dispatchEvent (/app/node_modules/.pnpm/jsdom@20.0.3/node_modules/jsdom/lib/jsdom/living/events/EventTarget-impl.js:104:17)
            at HTMLUnknownElement.dispatchEvent (/app/node_modules/.pnpm/jsdom@20.0.3/node_modules/jsdom/lib/jsdom/living/generated/EventTarget.js:241:34)
            at Object.invokeGuardedCallbackDev (/app/node_modules/.pnpm/react-dom@18.3.1_react@18.3.1/node_modules/react-dom/cjs/react-dom.development.js:4213:16)
            at invokeGuardedCallback (/app/node_modules/.pnpm/react-dom@18.3.1_react@18.3.1/node_modules/react-dom/cjs/react-dom.development.js:4277:31)
            at beginWork$1 (/app/node_modules/.pnpm/react-dom@18.3.1_react@18.3.1/node_modules/react-dom/cjs/react-dom.development.js:27490:7)
            at performUnitOfWork (/app/node_modules/.pnpm/react-dom@18.3.1_react@18.3.1/node_modules/react-dom/cjs/react-dom.development.js:26599:12)
            at workLoopSync (/app/node_modules/.pnpm/react-dom@18.3.1_react@18.3.1/node_modules/react-dom/cjs/react-dom.development.js:26505:5)
            at renderRootSync (/app/node_modules/.pnpm/react-dom@18.3.1_react@18.3.1/node_modules/react-dom/cjs/react-dom.development.js:26473:7)
            at recoverFromConcurrentError (/app/node_modules/.pnpm/react-dom@18.3.1_react@18.3.1/node_modules/react-dom/cjs/react-dom.development.js:25889:20)
            at performConcurrentWorkOnRoot (/app/node_modules/.pnpm/react-dom@18.3.1_react@18.3.1/node_modules/react-dom/cjs/react-dom.development.js:25789:22)
            at flushActQueue (/app/node_modules/.pnpm/react@18.3.1/node_modules/react/cjs/react.development.js:2667:24)
            at act (/app/node_modules/.pnpm/react@18.3.1/node_modules/react/cjs/react.development.js:2582:11)
            at /app/node_modules/.pnpm/@testing-library+react@16.3.2_@testing-library+dom@10.4.1_@types+react-dom@18.3.7_@types+reac_3k5f6qynewwmkoqvlvtzlgtsjq/node_modules/@testing-library/react/dist/act-compat.js:46:25
            at renderRoot (/app/node_modules/.pnpm/@testing-library+react@16.3.2_@testing-library+dom@10.4.1_@types+react-dom@18.3.7_@types+reac_3k5f6qynewwmkoqvlvtzlgtsjq/node_modules/@testing-library/react/dist/pure.js:189:26)
            at render (/app/node_modules/.pnpm/@testing-library+react@16.3.2_@testing-library+dom@10.4.1_@types+react-dom@18.3.7_@types+reac_3k5f6qynewwmkoqvlvtzlgtsjq/node_modules/@testing-library/react/dist/pure.js:291:10)
            at Object.<anonymous> (/app/apps/admin/components/__tests__/orgs-table.test.tsx:56:11)
            at Promise.then.completed (/app/node_modules/.pnpm/jest-circus@29.7.0/node_modules/jest-circus/build/utils.js:298:28)
            at new Promise (<anonymous>)
            at callAsyncCircusFn (/app/node_modules/.pnpm/jest-circus@29.7.0/node_modules/jest-circus/build/utils.js:231:10)
            at _callCircusTest (/app/node_modules/.pnpm/jest-circus@29.7.0/node_modules/jest-circus/build/run.js:316:40)
            at processTicksAndRejections (node:internal/process/task_queues:103:5)
            at _runTest (/app/node_modules/.pnpm/jest-circus@29.7.0/node_modules/jest-circus/build/run.js:252:3)
            at _runTestsForDescribeBlock (/app/node_modules/.pnpm/jest-circus@29.7.0/node_modules/jest-circus/build/run.js:126:9)
            at _runTestsForDescribeBlock (/app/node_modules/.pnpm/jest-circus@29.7.0/node_modules/jest-circus/build/run.js:121:9)
            at run (/app/node_modules/.pnpm/jest-circus@29.7.0/node_modules/jest-circus/build/run.js:71:3)
            at runAndTransformResultsToJestFormat (/app/node_modules/.pnpm/jest-circus@29.7.0/node_modules/jest-circus/build/legacy-code-todo-rewrite/jestAdapterInit.js:122:21)
            at jestAdapter (/app/node_modules/.pnpm/jest-circus@29.7.0/node_modules/jest-circus/build/legacy-code-todo-rewrite/jestAdapter.js:79:19)
            at runTestInternal (/app/node_modules/.pnpm/jest-runner@29.7.0/node_modules/jest-runner/build/runTest.js:367:16)
            at runTest (/app/node_modules/.pnpm/jest-runner@29.7.0/node_modules/jest-runner/build/runTest.js:444:34)
            at Object.worker (/app/node_modules/.pnpm/jest-runner@29.7.0/node_modules/jest-runner/build/testWorker.js:106:12),
        type: 'unhandled exception'
      }

      54 |
      55 |   it('renders rows from initial data', () => {
    > 56 |     render(withIntl(<OrgsTable initial={initial} apps={apps} />))
         |           ^
      57 |     expect(screen.getByText('Acme')).toBeInTheDocument()
      58 |     expect(screen.getByText('Platform Org')).toBeInTheDocument()
      59 |   })

      at VirtualConsole.<anonymous> (../../node_modules/.pnpm/jest-environment-jsdom@29.7.0/node_modules/jest-environment-jsdom/build/index.js:63:23)
      at reportException (../../node_modules/.pnpm/jsdom@20.0.3/node_modules/jsdom/lib/jsdom/living/helpers/runtime-script-errors.js:70:28)
      at innerInvokeEventListeners (../../node_modules/.pnpm/jsdom@20.0.3/node_modules/jsdom/lib/jsdom/living/events/EventTarget-impl.js:353:9)
      at invokeEventListeners (../../node_modules/.pnpm/jsdom@20.0.3/node_modules/jsdom/lib/jsdom/living/events/EventTarget-impl.js:286:3)
      at HTMLUnknownElementImpl._dispatch (../../node_modules/.pnpm/jsdom@20.0.3/node_modules/jsdom/lib/jsdom/living/events/EventTarget-impl.js:233:9)
      at HTMLUnknownElementImpl.dispatchEvent (../../node_modules/.pnpm/jsdom@20.0.3/node_modules/jsdom/lib/jsdom/living/events/EventTarget-impl.js:104:17)
      at HTMLUnknownElement.dispatchEvent (../../node_modules/.pnpm/jsdom@20.0.3/node_modules/jsdom/lib/jsdom/living/generated/EventTarget.js:241:34)
      at Object.invokeGuardedCallbackDev (../../node_modules/.pnpm/react-dom@18.3.1_react@18.3.1/node_modules/react-dom/cjs/react-dom.development.js:4213:16)
      at invokeGuardedCallback (../../node_modules/.pnpm/react-dom@18.3.1_react@18.3.1/node_modules/react-dom/cjs/react-dom.development.js:4277:31)
      at beginWork$1 (../../node_modules/.pnpm/react-dom@18.3.1_react@18.3.1/node_modules/react-dom/cjs/react-dom.development.js:27490:7)
      at performUnitOfWork (../../node_modules/.pnpm/react-dom@18.3.1_react@18.3.1/node_modules/react-dom/cjs/react-dom.development.js:26599:12)
      at workLoopSync (../../node_modules/.pnpm/react-dom@18.3.1_react@18.3.1/node_modules/react-dom/cjs/react-dom.development.js:26505:5)
      at renderRootSync (../../node_modules/.pnpm/react-dom@18.3.1_react@18.3.1/node_modules/react-dom/cjs/react-dom.development.js:26473:7)
      at recoverFromConcurrentError (../../node_modules/.pnpm/react-dom@18.3.1_react@18.3.1/node_modules/react-dom/cjs/react-dom.development.js:25889:20)
      at performConcurrentWorkOnRoot (../../node_modules/.pnpm/react-dom@18.3.1_react@18.3.1/node_modules/react-dom/cjs/react-dom.development.js:25789:22)
      at flushActQueue (../../node_modules/.pnpm/react@18.3.1/node_modules/react/cjs/react.development.js:2667:24)
      at act (../../node_modules/.pnpm/react@18.3.1/node_modules/react/cjs/react.development.js:2582:11)
      at ../../node_modules/.pnpm/@testing-library+react@16.3.2_@testing-library+dom@10.4.1_@types+react-dom@18.3.7_@types+reac_3k5f6qynewwmkoqvlvtzlgtsjq/node_modules/@testing-library/react/dist/act-compat.js:46:25
      at renderRoot (../../node_modules/.pnpm/@testing-library+react@16.3.2_@testing-library+dom@10.4.1_@types+react-dom@18.3.7_@types+reac_3k5f6qynewwmkoqvlvtzlgtsjq/node_modules/@testing-library/react/dist/pure.js:189:26)
      at render (../../node_modules/.pnpm/@testing-library+react@16.3.2_@testing-library+dom@10.4.1_@types+react-dom@18.3.7_@types+reac_3k5f6qynewwmkoqvlvtzlgtsjq/node_modules/@testing-library/react/dist/pure.js:291:10)
      at Object.<anonymous> (components/__tests__/orgs-table.test.tsx:56:11)

    console.error
      Error: Uncaught [Error: `Tooltip` must be used within `TooltipProvider`]
          at reportException (/app/node_modules/.pnpm/jsdom@20.0.3/node_modules/jsdom/lib/jsdom/living/helpers/runtime-script-errors.js:66:24)
          at innerInvokeEventListeners (/app/node_modules/.pnpm/jsdom@20.0.3/node_modules/jsdom/lib/jsdom/living/events/EventTarget-impl.js:353:9)
          at invokeEventListeners (/app/node_modules/.pnpm/jsdom@20.0.3/node_modules/jsdom/lib/jsdom/living/events/EventTarget-impl.js:286:3)
          at HTMLUnknownElementImpl._dispatch (/app/node_modules/.pnpm/jsdom@20.0.3/node_modules/jsdom/lib/jsdom/living/events/EventTarget-impl.js:233:9)
          at HTMLUnknownElementImpl.dispatchEvent (/app/node_modules/.pnpm/jsdom@20.0.3/node_modules/jsdom/lib/jsdom/living/events/EventTarget-impl.js:104:17)
          at HTMLUnknownElement.dispatchEvent (/app/node_modules/.pnpm/jsdom@20.0.3/node_modules/jsdom/lib/jsdom/living/generated/EventTarget.js:241:34)
          at Object.invokeGuardedCallbackDev (/app/node_modules/.pnpm/react-dom@18.3.1_react@18.3.1/node_modules/react-dom/cjs/react-dom.development.js:4213:16)
          at invokeGuardedCallback (/app/node_modules/.pnpm/react-dom@18.3.1_react@18.3.1/node_modules/react-dom/cjs/react-dom.development.js:4277:31)
          at beginWork$1 (/app/node_modules/.pnpm/react-dom@18.3.1_react@18.3.1/node_modules/react-dom/cjs/react-dom.development.js:27490:7)
          at performUnitOfWork (/app/node_modules/.pnpm/react-dom@18.3.1_react@18.3.1/node_modules/react-dom/cjs/react-dom.development.js:26599:12)
          at workLoopSync (/app/node_modules/.pnpm/react-dom@18.3.1_react@18.3.1/node_modules/react-dom/cjs/react-dom.development.js:26505:5)
          at renderRootSync (/app/node_modules/.pnpm/react-dom@18.3.1_react@18.3.1/node_modules/react-dom/cjs/react-dom.development.js:26473:7)
          at recoverFromConcurrentError (/app/node_modules/.pnpm/react-dom@18.3.1_react@18.3.1/node_modules/react-dom/cjs/react-dom.development.js:25889:20)
          at performConcurrentWorkOnRoot (/app/node_modules/.pnpm/react-dom@18.3.1_react@18.3.1/node_modules/react-dom/cjs/react-dom.development.js:25789:22)
          at flushActQueue (/app/node_modules/.pnpm/react@18.3.1/node_modules/react/cjs/react.development.js:2667:24)
          at act (/app/node_modules/.pnpm/react@18.3.1/node_modules/react/cjs/react.development.js:2582:11)
          at /app/node_modules/.pnpm/@testing-library+react@16.3.2_@testing-library+dom@10.4.1_@types+react-dom@18.3.7_@types+reac_3k5f6qynewwmkoqvlvtzlgtsjq/node_modules/@testing-library/react/dist/act-compat.js:46:25
          at renderRoot (/app/node_modules/.pnpm/@testing-library+react@16.3.2_@testing-library+dom@10.4.1_@types+react-dom@18.3.7_@types+reac_3k5f6qynewwmkoqvlvtzlgtsjq/node_modules/@testing-library/react/dist/pure.js:189:26)
          at render (/app/node_modules/.pnpm/@testing-library+react@16.3.2_@testing-library+dom@10.4.1_@types+react-dom@18.3.7_@types+reac_3k5f6qynewwmkoqvlvtzlgtsjq/node_modules/@testing-library/react/dist/pure.js:291:10)
          at Object.<anonymous> (/app/apps/admin/components/__tests__/orgs-table.test.tsx:56:11)
          at Promise.then.completed (/app/node_modules/.pnpm/jest-circus@29.7.0/node_modules/jest-circus/build/utils.js:298:28)
          at new Promise (<anonymous>)
          at callAsyncCircusFn (/app/node_modules/.pnpm/jest-circus@29.7.0/node_modules/jest-circus/build/utils.js:231:10)
          at _callCircusTest (/app/node_modules/.pnpm/jest-circus@29.7.0/node_modules/jest-circus/build/run.js:316:40)
          at processTicksAndRejections (node:internal/process/task_queues:103:5)
          at _runTest (/app/node_modules/.pnpm/jest-circus@29.7.0/node_modules/jest-circus/build/run.js:252:3)
          at _runTestsForDescribeBlock (/app/node_modules/.pnpm/jest-circus@29.7.0/node_modules/jest-circus/build/run.js:126:9)
          at _runTestsForDescribeBlock (/app/node_modules/.pnpm/jest-circus@29.7.0/node_modules/jest-circus/build/run.js:121:9)
          at run (/app/node_modules/.pnpm/jest-circus@29.7.0/node_modules/jest-circus/build/run.js:71:3)
          at runAndTransformResultsToJestFormat (/app/node_modules/.pnpm/jest-circus@29.7.0/node_modules/jest-circus/build/legacy-code-todo-rewrite/jestAdapterInit.js:122:21)
          at jestAdapter (/app/node_modules/.pnpm/jest-circus@29.7.0/node_modules/jest-circus/build/legacy-code-todo-rewrite/jestAdapter.js:79:19)
          at runTestInternal (/app/node_modules/.pnpm/jest-runner@29.7.0/node_modules/jest-runner/build/runTest.js:367:16)
          at runTest (/app/node_modules/.pnpm/jest-runner@29.7.0/node_modules/jest-runner/build/runTest.js:444:34)
          at Object.worker (/app/node_modules/.pnpm/jest-runner@29.7.0/node_modules/jest-runner/build/testWorker.js:106:12) {
        detail: Error: `Tooltip` must be used within `TooltipProvider`
            at useContext2 (/app/node_modules/.pnpm/@radix-ui+react-context@1.1.2_@types+react@18.3.29_react@18.3.1/node_modules/@radix-ui/react-context/src/create-context.tsx:75:13)
            at Tooltip (/app/node_modules/.pnpm/@radix-ui+react-tooltip@1.2.8_@types+react-dom@18.3.7_@types+react@18.3.29__@types+react@18.3_xrwsnt2rmlacewwolijhmzdoxi/node_modules/@radix-ui/react-tooltip/src/tooltip.tsx:162:27)
            at renderWithHooks (/app/node_modules/.pnpm/react-dom@18.3.1_react@18.3.1/node_modules/react-dom/cjs/react-dom.development.js:15486:18)
            at mountIndeterminateComponent (/app/node_modules/.pnpm/react-dom@18.3.1_react@18.3.1/node_modules/react-dom/cjs/react-dom.development.js:20103:13)
            at beginWork (/app/node_modules/.pnpm/react-dom@18.3.1_react@18.3.1/node_modules/react-dom/cjs/react-dom.development.js:21626:16)
            at HTMLUnknownElement.callCallback (/app/node_modules/.pnpm/react-dom@18.3.1_react@18.3.1/node_modules/react-dom/cjs/react-dom.development.js:4164:14)
            at HTMLUnknownElement.callTheUserObjectsOperation (/app/node_modules/.pnpm/jsdom@20.0.3/node_modules/jsdom/lib/jsdom/living/generated/EventListener.js:26:30)
            at innerInvokeEventListeners (/app/node_modules/.pnpm/jsdom@20.0.3/node_modules/jsdom/lib/jsdom/living/events/EventTarget-impl.js:350:25)
            at invokeEventListeners (/app/node_modules/.pnpm/jsdom@20.0.3/node_modules/jsdom/lib/jsdom/living/events/EventTarget-impl.js:286:3)
            at HTMLUnknownElementImpl._dispatch (/app/node_modules/.pnpm/jsdom@20.0.3/node_modules/jsdom/lib/jsdom/living/events/EventTarget-impl.js:233:9)
            at HTMLUnknownElementImpl.dispatchEvent (/app/node_modules/.pnpm/jsdom@20.0.3/node_modules/jsdom/lib/jsdom/living/events/EventTarget-impl.js:104:17)
            at HTMLUnknownElement.dispatchEvent (/app/node_modules/.pnpm/jsdom@20.0.3/node_modules/jsdom/lib/jsdom/living/generated/EventTarget.js:241:34)
            at Object.invokeGuardedCallbackDev (/app/node_modules/.pnpm/react-dom@18.3.1_react@18.3.1/node_modules/react-dom/cjs/react-dom.development.js:4213:16)
            at invokeGuardedCallback (/app/node_modules/.pnpm/react-dom@18.3.1_react@18.3.1/node_modules/react-dom/cjs/react-dom.development.js:4277:31)
            at beginWork$1 (/app/node_modules/.pnpm/react-dom@18.3.1_react@18.3.1/node_modules/react-dom/cjs/react-dom.development.js:27490:7)
            at performUnitOfWork (/app/node_modules/.pnpm/react-dom@18.3.1_react@18.3.1/node_modules/react-dom/cjs/react-dom.development.js:26599:12)
            at workLoopSync (/app/node_modules/.pnpm/react-dom@18.3.1_react@18.3.1/node_modules/react-dom/cjs/react-dom.development.js:26505:5)
            at renderRootSync (/app/node_modules/.pnpm/react-dom@18.3.1_react@18.3.1/node_modules/react-dom/cjs/react-dom.development.js:26473:7)
            at recoverFromConcurrentError (/app/node_modules/.pnpm/react-dom@18.3.1_react@18.3.1/node_modules/react-dom/cjs/react-dom.development.js:25889:20)
            at performConcurrentWorkOnRoot (/app/node_modules/.pnpm/react-dom@18.3.1_react@18.3.1/node_modules/react-dom/cjs/react-dom.development.js:25789:22)
            at flushActQueue (/app/node_modules/.pnpm/react@18.3.1/node_modules/react/cjs/react.development.js:2667:24)
            at act (/app/node_modules/.pnpm/react@18.3.1/node_modules/react/cjs/react.development.js:2582:11)
            at /app/node_modules/.pnpm/@testing-library+react@16.3.2_@testing-library+dom@10.4.1_@types+react-dom@18.3.7_@types+reac_3k5f6qynewwmkoqvlvtzlgtsjq/node_modules/@testing-library/react/dist/act-compat.js:46:25
            at renderRoot (/app/node_modules/.pnpm/@testing-library+react@16.3.2_@testing-library+dom@10.4.1_@types+react-dom@18.3.7_@types+reac_3k5f6qynewwmkoqvlvtzlgtsjq/node_modules/@testing-library/react/dist/pure.js:189:26)
            at render (/app/node_modules/.pnpm/@testing-library+react@16.3.2_@testing-library+dom@10.4.1_@types+react-dom@18.3.7_@types+reac_3k5f6qynewwmkoqvlvtzlgtsjq/node_modules/@testing-library/react/dist/pure.js:291:10)
            at Object.<anonymous> (/app/apps/admin/components/__tests__/orgs-table.test.tsx:56:11)
            at Promise.then.completed (/app/node_modules/.pnpm/jest-circus@29.7.0/node_modules/jest-circus/build/utils.js:298:28)
            at new Promise (<anonymous>)
            at callAsyncCircusFn (/app/node_modules/.pnpm/jest-circus@29.7.0/node_modules/jest-circus/build/utils.js:231:10)
            at _callCircusTest (/app/node_modules/.pnpm/jest-circus@29.7.0/node_modules/jest-circus/build/run.js:316:40)
            at processTicksAndRejections (node:internal/process/task_queues:103:5)
            at _runTest (/app/node_modules/.pnpm/jest-circus@29.7.0/node_modules/jest-circus/build/run.js:252:3)
            at _runTestsForDescribeBlock (/app/node_modules/.pnpm/jest-circus@29.7.0/node_modules/jest-circus/build/run.js:126:9)
            at _runTestsForDescribeBlock (/app/node_modules/.pnpm/jest-circus@29.7.0/node_modules/jest-circus/build/run.js:121:9)
            at run (/app/node_modules/.pnpm/jest-circus@29.7.0/node_modules/jest-circus/build/run.js:71:3)
            at runAndTransformResultsToJestFormat (/app/node_modules/.pnpm/jest-circus@29.7.0/node_modules/jest-circus/build/legacy-code-todo-rewrite/jestAdapterInit.js:122:21)
            at jestAdapter (/app/node_modules/.pnpm/jest-circus@29.7.0/node_modules/jest-circus/build/legacy-code-todo-rewrite/jestAdapter.js:79:19)
            at runTestInternal (/app/node_modules/.pnpm/jest-runner@29.7.0/node_modules/jest-runner/build/runTest.js:367:16)
            at runTest (/app/node_modules/.pnpm/jest-runner@29.7.0/node_modules/jest-runner/build/runTest.js:444:34)
            at Object.worker (/app/node_modules/.pnpm/jest-runner@29.7.0/node_modules/jest-runner/build/testWorker.js:106:12),
        type: 'unhandled exception'
      }

      54 |
      55 |   it('renders rows from initial data', () => {
    > 56 |     render(withIntl(<OrgsTable initial={initial} apps={apps} />))
         |           ^
      57 |     expect(screen.getByText('Acme')).toBeInTheDocument()
      58 |     expect(screen.getByText('Platform Org')).toBeInTheDocument()
      59 |   })

      at VirtualConsole.<anonymous> (../../node_modules/.pnpm/jest-environment-jsdom@29.7.0/node_modules/jest-environment-jsdom/build/index.js:63:23)
      at reportException (../../node_modules/.pnpm/jsdom@20.0.3/node_modules/jsdom/lib/jsdom/living/helpers/runtime-script-errors.js:70:28)
      at innerInvokeEventListeners (../../node_modules/.pnpm/jsdom@20.0.3/node_modules/jsdom/lib/jsdom/living/events/EventTarget-impl.js:353:9)
      at invokeEventListeners (../../node_modules/.pnpm/jsdom@20.0.3/node_modules/jsdom/lib/jsdom/living/events/EventTarget-impl.js:286:3)
      at HTMLUnknownElementImpl._dispatch (../../node_modules/.pnpm/jsdom@20.0.3/node_modules/jsdom/lib/jsdom/living/events/EventTarget-impl.js:233:9)
      at HTMLUnknownElementImpl.dispatchEvent (../../node_modules/.pnpm/jsdom@20.0.3/node_modules/jsdom/lib/jsdom/living/events/EventTarget-impl.js:104:17)
      at HTMLUnknownElement.dispatchEvent (../../node_modules/.pnpm/jsdom@20.0.3/node_modules/jsdom/lib/jsdom/living/generated/EventTarget.js:241:34)
      at Object.invokeGuardedCallbackDev (../../node_modules/.pnpm/react-dom@18.3.1_react@18.3.1/node_modules/react-dom/cjs/react-dom.development.js:4213:16)
      at invokeGuardedCallback (../../node_modules/.pnpm/react-dom@18.3.1_react@18.3.1/node_modules/react-dom/cjs/react-dom.development.js:4277:31)
      at beginWork$1 (../../node_modules/.pnpm/react-dom@18.3.1_react@18.3.1/node_modules/react-dom/cjs/react-dom.development.js:27490:7)
      at performUnitOfWork (../../node_modules/.pnpm/react-dom@18.3.1_react@18.3.1/node_modules/react-dom/cjs/react-dom.development.js:26599:12)
      at workLoopSync (../../node_modules/.pnpm/react-dom@18.3.1_react@18.3.1/node_modules/react-dom/cjs/react-dom.development.js:26505:5)
      at renderRootSync (../../node_modules/.pnpm/react-dom@18.3.1_react@18.3.1/node_modules/react-dom/cjs/react-dom.development.js:26473:7)
      at recoverFromConcurrentError (../../node_modules/.pnpm/react-dom@18.3.1_react@18.3.1/node_modules/react-dom/cjs/react-dom.development.js:25889:20)
      at performConcurrentWorkOnRoot (../../node_modules/.pnpm/react-dom@18.3.1_react@18.3.1/node_modules/react-dom/cjs/react-dom.development.js:25789:22)
      at flushActQueue (../../node_modules/.pnpm/react@18.3.1/node_modules/react/cjs/react.development.js:2667:24)
      at act (../../node_modules/.pnpm/react@18.3.1/node_modules/react/cjs/react.development.js:2582:11)
      at ../../node_modules/.pnpm/@testing-library+react@16.3.2_@testing-library+dom@10.4.1_@types+react-dom@18.3.7_@types+reac_3k5f6qynewwmkoqvlvtzlgtsjq/node_modules/@testing-library/react/dist/act-compat.js:46:25
      at renderRoot (../../node_modules/.pnpm/@testing-library+react@16.3.2_@testing-library+dom@10.4.1_@types+react-dom@18.3.7_@types+reac_3k5f6qynewwmkoqvlvtzlgtsjq/node_modules/@testing-library/react/dist/pure.js:189:26)
      at render (../../node_modules/.pnpm/@testing-library+react@16.3.2_@testing-library+dom@10.4.1_@types+react-dom@18.3.7_@types+reac_3k5f6qynewwmkoqvlvtzlgtsjq/node_modules/@testing-library/react/dist/pure.js:291:10)
      at Object.<anonymous> (components/__tests__/orgs-table.test.tsx:56:11)

    console.error
      Error: Uncaught [Error: `Tooltip` must be used within `TooltipProvider`]
          at reportException (/app/node_modules/.pnpm/jsdom@20.0.3/node_modules/jsdom/lib/jsdom/living/helpers/runtime-script-errors.js:66:24)
          at innerInvokeEventListeners (/app/node_modules/.pnpm/jsdom@20.0.3/node_modules/jsdom/lib/jsdom/living/events/EventTarget-impl.js:353:9)
          at invokeEventListeners (/app/node_modules/.pnpm/jsdom@20.0.3/node_modules/jsdom/lib/jsdom/living/events/EventTarget-impl.js:286:3)
          at HTMLUnknownElementImpl._dispatch (/app/node_modules/.pnpm/jsdom@20.0.3/node_modules/jsdom/lib/jsdom/living/events/EventTarget-impl.js:233:9)
          at HTMLUnknownElementImpl.dispatchEvent (/app/node_modules/.pnpm/jsdom@20.0.3/node_modules/jsdom/lib/jsdom/living/events/EventTarget-impl.js:104:17)
          at HTMLUnknownElement.dispatchEvent (/app/node_modules/.pnpm/jsdom@20.0.3/node_modules/jsdom/lib/jsdom/living/generated/EventTarget.js:241:34)
          at Object.invokeGuardedCallbackDev (/app/node_modules/.pnpm/react-dom@18.3.1_react@18.3.1/node_modules/react-dom/cjs/react-dom.development.js:4213:16)
          at invokeGuardedCallback (/app/node_modules/.pnpm/react-dom@18.3.1_react@18.3.1/node_modules/react-dom/cjs/react-dom.development.js:4277:31)
          at beginWork$1 (/app/node_modules/.pnpm/react-dom@18.3.1_react@18.3.1/node_modules/react-dom/cjs/react-dom.development.js:27490:7)
          at performUnitOfWork (/app/node_modules/.pnpm/react-dom@18.3.1_react@18.3.1/node_modules/react-dom/cjs/react-dom.development.js:26599:12)
          at workLoopSync (/app/node_modules/.pnpm/react-dom@18.3.1_react@18.3.1/node_modules/react-dom/cjs/react-dom.development.js:26505:5)
          at renderRootSync (/app/node_modules/.pnpm/react-dom@18.3.1_react@18.3.1/node_modules/react-dom/cjs/react-dom.development.js:26473:7)
          at recoverFromConcurrentError (/app/node_modules/.pnpm/react-dom@18.3.1_react@18.3.1/node_modules/react-dom/cjs/react-dom.development.js:25889:20)
          at performConcurrentWorkOnRoot (/app/node_modules/.pnpm/react-dom@18.3.1_react@18.3.1/node_modules/react-dom/cjs/react-dom.development.js:25789:22)
          at flushActQueue (/app/node_modules/.pnpm/react@18.3.1/node_modules/react/cjs/react.development.js:2667:24)
          at act (/app/node_modules/.pnpm/react@18.3.1/node_modules/react/cjs/react.development.js:2582:11)
          at /app/node_modules/.pnpm/@testing-library+react@16.3.2_@testing-library+dom@10.4.1_@types+react-dom@18.3.7_@types+reac_3k5f6qynewwmkoqvlvtzlgtsjq/node_modules/@testing-library/react/dist/act-compat.js:46:25
          at renderRoot (/app/node_modules/.pnpm/@testing-library+react@16.3.2_@testing-library+dom@10.4.1_@types+react-dom@18.3.7_@types+reac_3k5f6qynewwmkoqvlvtzlgtsjq/node_modules/@testing-library/react/dist/pure.js:189:26)
          at render (/app/node_modules/.pnpm/@testing-library+react@16.3.2_@testing-library+dom@10.4.1_@types+react-dom@18.3.7_@types+reac_3k5f6qynewwmkoqvlvtzlgtsjq/node_modules/@testing-library/react/dist/pure.js:291:10)
          at Object.<anonymous> (/app/apps/admin/components/__tests__/orgs-table.test.tsx:56:11)
          at Promise.then.completed (/app/node_modules/.pnpm/jest-circus@29.7.0/node_modules/jest-circus/build/utils.js:298:28)
          at new Promise (<anonymous>)
          at callAsyncCircusFn (/app/node_modules/.pnpm/jest-circus@29.7.0/node_modules/jest-circus/build/utils.js:231:10)
          at _callCircusTest (/app/node_modules/.pnpm/jest-circus@29.7.0/node_modules/jest-circus/build/run.js:316:40)
          at processTicksAndRejections (node:internal/process/task_queues:103:5)
          at _runTest (/app/node_modules/.pnpm/jest-circus@29.7.0/node_modules/jest-circus/build/run.js:252:3)
          at _runTestsForDescribeBlock (/app/node_modules/.pnpm/jest-circus@29.7.0/node_modules/jest-circus/build/run.js:126:9)
          at _runTestsForDescribeBlock (/app/node_modules/.pnpm/jest-circus@29.7.0/node_modules/jest-circus/build/run.js:121:9)
          at run (/app/node_modules/.pnpm/jest-circus@29.7.0/node_modules/jest-circus/build/run.js:71:3)
          at runAndTransformResultsToJestFormat (/app/node_modules/.pnpm/jest-circus@29.7.0/node_modules/jest-circus/build/legacy-code-todo-rewrite/jestAdapterInit.js:122:21)
          at jestAdapter (/app/node_modules/.pnpm/jest-circus@29.7.0/node_modules/jest-circus/build/legacy-code-todo-rewrite/jestAdapter.js:79:19)
          at runTestInternal (/app/node_modules/.pnpm/jest-runner@29.7.0/node_modules/jest-runner/build/runTest.js:367:16)
          at runTest (/app/node_modules/.pnpm/jest-runner@29.7.0/node_modules/jest-runner/build/runTest.js:444:34)
          at Object.worker (/app/node_modules/.pnpm/jest-runner@29.7.0/node_modules/jest-runner/build/testWorker.js:106:12) {
        detail: Error: `Tooltip` must be used within `TooltipProvider`
            at useContext2 (/app/node_modules/.pnpm/@radix-ui+react-context@1.1.2_@types+react@18.3.29_react@18.3.1/node_modules/@radix-ui/react-context/src/create-context.tsx:75:13)
            at Tooltip (/app/node_modules/.pnpm/@radix-ui+react-tooltip@1.2.8_@types+react-dom@18.3.7_@types+react@18.3.29__@types+react@18.3_xrwsnt2rmlacewwolijhmzdoxi/node_modules/@radix-ui/react-tooltip/src/tooltip.tsx:162:27)
            at renderWithHooks (/app/node_modules/.pnpm/react-dom@18.3.1_react@18.3.1/node_modules/react-dom/cjs/react-dom.development.js:15486:18)
            at mountIndeterminateComponent (/app/node_modules/.pnpm/react-dom@18.3.1_react@18.3.1/node_modules/react-dom/cjs/react-dom.development.js:20103:13)
            at beginWork (/app/node_modules/.pnpm/react-dom@18.3.1_react@18.3.1/node_modules/react-dom/cjs/react-dom.development.js:21626:16)
            at HTMLUnknownElement.callCallback (/app/node_modules/.pnpm/react-dom@18.3.1_react@18.3.1/node_modules/react-dom/cjs/react-dom.development.js:4164:14)
            at HTMLUnknownElement.callTheUserObjectsOperation (/app/node_modules/.pnpm/jsdom@20.0.3/node_modules/jsdom/lib/jsdom/living/generated/EventListener.js:26:30)
            at innerInvokeEventListeners (/app/node_modules/.pnpm/jsdom@20.0.3/node_modules/jsdom/lib/jsdom/living/events/EventTarget-impl.js:350:25)
            at invokeEventListeners (/app/node_modules/.pnpm/jsdom@20.0.3/node_modules/jsdom/lib/jsdom/living/events/EventTarget-impl.js:286:3)
            at HTMLUnknownElementImpl._dispatch (/app/node_modules/.pnpm/jsdom@20.0.3/node_modules/jsdom/lib/jsdom/living/events/EventTarget-impl.js:233:9)
            at HTMLUnknownElementImpl.dispatchEvent (/app/node_modules/.pnpm/jsdom@20.0.3/node_modules/jsdom/lib/jsdom/living/events/EventTarget-impl.js:104:17)
            at HTMLUnknownElement.dispatchEvent (/app/node_modules/.pnpm/jsdom@20.0.3/node_modules/jsdom/lib/jsdom/living/generated/EventTarget.js:241:34)
            at Object.invokeGuardedCallbackDev (/app/node_modules/.pnpm/react-dom@18.3.1_react@18.3.1/node_modules/react-dom/cjs/react-dom.development.js:4213:16)
            at invokeGuardedCallback (/app/node_modules/.pnpm/react-dom@18.3.1_react@18.3.1/node_modules/react-dom/cjs/react-dom.development.js:4277:31)
            at beginWork$1 (/app/node_modules/.pnpm/react-dom@18.3.1_react@18.3.1/node_modules/react-dom/cjs/react-dom.development.js:27490:7)
            at performUnitOfWork (/app/node_modules/.pnpm/react-dom@18.3.1_react@18.3.1/node_modules/react-dom/cjs/react-dom.development.js:26599:12)
            at workLoopSync (/app/node_modules/.pnpm/react-dom@18.3.1_react@18.3.1/node_modules/react-dom/cjs/react-dom.development.js:26505:5)
            at renderRootSync (/app/node_modules/.pnpm/react-dom@18.3.1_react@18.3.1/node_modules/react-dom/cjs/react-dom.development.js:26473:7)
            at recoverFromConcurrentError (/app/node_modules/.pnpm/react-dom@18.3.1_react@18.3.1/node_modules/react-dom/cjs/react-dom.development.js:25889:20)
            at performConcurrentWorkOnRoot (/app/node_modules/.pnpm/react-dom@18.3.1_react@18.3.1/node_modules/react-dom/cjs/react-dom.development.js:25789:22)
            at flushActQueue (/app/node_modules/.pnpm/react@18.3.1/node_modules/react/cjs/react.development.js:2667:24)
            at act (/app/node_modules/.pnpm/react@18.3.1/node_modules/react/cjs/react.development.js:2582:11)
            at /app/node_modules/.pnpm/@testing-library+react@16.3.2_@testing-library+dom@10.4.1_@types+react-dom@18.3.7_@types+reac_3k5f6qynewwmkoqvlvtzlgtsjq/node_modules/@testing-library/react/dist/act-compat.js:46:25
            at renderRoot (/app/node_modules/.pnpm/@testing-library+react@16.3.2_@testing-library+dom@10.4.1_@types+react-dom@18.3.7_@types+reac_3k5f6qynewwmkoqvlvtzlgtsjq/node_modules/@testing-library/react/dist/pure.js:189:26)
            at render (/app/node_modules/.pnpm/@testing-library+react@16.3.2_@testing-library+dom@10.4.1_@types+react-dom@18.3.7_@types+reac_3k5f6qynewwmkoqvlvtzlgtsjq/node_modules/@testing-library/react/dist/pure.js:291:10)
            at Object.<anonymous> (/app/apps/admin/components/__tests__/orgs-table.test.tsx:56:11)
            at Promise.then.completed (/app/node_modules/.pnpm/jest-circus@29.7.0/node_modules/jest-circus/build/utils.js:298:28)
            at new Promise (<anonymous>)
            at callAsyncCircusFn (/app/node_modules/.pnpm/jest-circus@29.7.0/node_modules/jest-circus/build/utils.js:231:10)
            at _callCircusTest (/app/node_modules/.pnpm/jest-circus@29.7.0/node_modules/jest-circus/build/run.js:316:40)
            at processTicksAndRejections (node:internal/process/task_queues:103:5)
            at _runTest (/app/node_modules/.pnpm/jest-circus@29.7.0/node_modules/jest-circus/build/run.js:252:3)
            at _runTestsForDescribeBlock (/app/node_modules/.pnpm/jest-circus@29.7.0/node_modules/jest-circus/build/run.js:126:9)
            at _runTestsForDescribeBlock (/app/node_modules/.pnpm/jest-circus@29.7.0/node_modules/jest-circus/build/run.js:121:9)
            at run (/app/node_modules/.pnpm/jest-circus@29.7.0/node_modules/jest-circus/build/run.js:71:3)
            at runAndTransformResultsToJestFormat (/app/node_modules/.pnpm/jest-circus@29.7.0/node_modules/jest-circus/build/legacy-code-todo-rewrite/jestAdapterInit.js:122:21)
            at jestAdapter (/app/node_modules/.pnpm/jest-circus@29.7.0/node_modules/jest-circus/build/legacy-code-todo-rewrite/jestAdapter.js:79:19)
            at runTestInternal (/app/node_modules/.pnpm/jest-runner@29.7.0/node_modules/jest-runner/build/runTest.js:367:16)
            at runTest (/app/node_modules/.pnpm/jest-runner@29.7.0/node_modules/jest-runner/build/runTest.js:444:34)
            at Object.worker (/app/node_modules/.pnpm/jest-runner@29.7.0/node_modules/jest-runner/build/testWorker.js:106:12),
        type: 'unhandled exception'
      }

      54 |
      55 |   it('renders rows from initial data', () => {
    > 56 |     render(withIntl(<OrgsTable initial={initial} apps={apps} />))
         |           ^
      57 |     expect(screen.getByText('Acme')).toBeInTheDocument()
      58 |     expect(screen.getByText('Platform Org')).toBeInTheDocument()
      59 |   })

      at VirtualConsole.<anonymous> (../../node_modules/.pnpm/jest-environment-jsdom@29.7.0/node_modules/jest-environment-jsdom/build/index.js:63:23)
      at reportException (../../node_modules/.pnpm/jsdom@20.0.3/node_modules/jsdom/lib/jsdom/living/helpers/runtime-script-errors.js:70:28)
      at innerInvokeEventListeners (../../node_modules/.pnpm/jsdom@20.0.3/node_modules/jsdom/lib/jsdom/living/events/EventTarget-impl.js:353:9)
      at invokeEventListeners (../../node_modules/.pnpm/jsdom@20.0.3/node_modules/jsdom/lib/jsdom/living/events/EventTarget-impl.js:286:3)
      at HTMLUnknownElementImpl._dispatch (../../node_modules/.pnpm/jsdom@20.0.3/node_modules/jsdom/lib/jsdom/living/events/EventTarget-impl.js:233:9)
      at HTMLUnknownElementImpl.dispatchEvent (../../node_modules/.pnpm/jsdom@20.0.3/node_modules/jsdom/lib/jsdom/living/events/EventTarget-impl.js:104:17)
      at HTMLUnknownElement.dispatchEvent (../../node_modules/.pnpm/jsdom@20.0.3/node_modules/jsdom/lib/jsdom/living/generated/EventTarget.js:241:34)
      at Object.invokeGuardedCallbackDev (../../node_modules/.pnpm/react-dom@18.3.1_react@18.3.1/node_modules/react-dom/cjs/react-dom.development.js:4213:16)
      at invokeGuardedCallback (../../node_modules/.pnpm/react-dom@18.3.1_react@18.3.1/node_modules/react-dom/cjs/react-dom.development.js:4277:31)
      at beginWork$1 (../../node_modules/.pnpm/react-dom@18.3.1_react@18.3.1/node_modules/react-dom/cjs/react-dom.development.js:27490:7)
      at performUnitOfWork (../../node_modules/.pnpm/react-dom@18.3.1_react@18.3.1/node_modules/react-dom/cjs/react-dom.development.js:26599:12)
      at workLoopSync (../../node_modules/.pnpm/react-dom@18.3.1_react@18.3.1/node_modules/react-dom/cjs/react-dom.development.js:26505:5)
      at renderRootSync (../../node_modules/.pnpm/react-dom@18.3.1_react@18.3.1/node_modules/react-dom/cjs/react-dom.development.js:26473:7)
      at recoverFromConcurrentError (../../node_modules/.pnpm/react-dom@18.3.1_react@18.3.1/node_modules/react-dom/cjs/react-dom.development.js:25889:20)
      at performConcurrentWorkOnRoot (../../node_modules/.pnpm/react-dom@18.3.1_react@18.3.1/node_modules/react-dom/cjs/react-dom.development.js:25789:22)
      at flushActQueue (../../node_modules/.pnpm/react@18.3.1/node_modules/react/cjs/react.development.js:2667:24)
      at act (../../node_modules/.pnpm/react@18.3.1/node_modules/react/cjs/react.development.js:2582:11)
      at ../../node_modules/.pnpm/@testing-library+react@16.3.2_@testing-library+dom@10.4.1_@types+react-dom@18.3.7_@types+reac_3k5f6qynewwmkoqvlvtzlgtsjq/node_modules/@testing-library/react/dist/act-compat.js:46:25
      at renderRoot (../../node_modules/.pnpm/@testing-library+react@16.3.2_@testing-library+dom@10.4.1_@types+react-dom@18.3.7_@types+reac_3k5f6qynewwmkoqvlvtzlgtsjq/node_modules/@testing-library/react/dist/pure.js:189:26)
      at render (../../node_modules/.pnpm/@testing-library+react@16.3.2_@testing-library+dom@10.4.1_@types+react-dom@18.3.7_@types+reac_3k5f6qynewwmkoqvlvtzlgtsjq/node_modules/@testing-library/react/dist/pure.js:291:10)
      at Object.<anonymous> (components/__tests__/orgs-table.test.tsx:56:11)

    console.error
      The above error occurred in the <Tooltip> component:

          at Tooltip (/app/node_modules/.pnpm/@radix-ui+react-tooltip@1.2.8_@types+react-dom@18.3.7_@types+react@18.3.29__@types+react@18.3_xrwsnt2rmlacewwolijhmzdoxi/node_modules/@radix-ui/react-tooltip/src/tooltip.tsx:154:5)
          at div
          at cell (/app/apps/admin/components/orgs-table.tsx:86:16)
          at td
          at /app/packages/ui/src/components/ui/table.tsx:87:6
          at tr
          at /app/packages/ui/src/components/ui/table.tsx:57:6
          at tbody
          at /app/packages/ui/src/components/ui/table.tsx:30:6
          at table
          at div
          at /app/packages/ui/src/components/ui/table.tsx:8:6
          at DataTable (/app/packages/ui/src/components/data-table.tsx:23:36)
          at div
          at OrgsTable (/app/apps/admin/components/orgs-table.tsx:22:29)
          at IntlProvider (/app/node_modules/.pnpm/use-intl@3.26.5_react@18.3.1/node_modules/use-intl/dist/development/_IntlProvider.js:16:5)
          at NextIntlClientProvider (/app/node_modules/.pnpm/next-intl@3.26.5_next@15.5.18_@babel+core@7.29.7_@opentelemetry+api@1.9.1_@playwright+test@1._uib3rlo2eksg3yll53rffkx7ea/node_modules/next-intl/dist/development/shared/NextIntlClientProvider.js:16:5)

      Consider adding an error boundary to your tree to customize error handling behavior.
      Visit https://reactjs.org/link/error-boundaries to learn more about error boundaries.

      54 |
      55 |   it('renders rows from initial data', () => {
    > 56 |     render(withIntl(<OrgsTable initial={initial} apps={apps} />))
         |           ^
      57 |     expect(screen.getByText('Acme')).toBeInTheDocument()
      58 |     expect(screen.getByText('Platform Org')).toBeInTheDocument()
      59 |   })

      at logCapturedError (../../node_modules/.pnpm/react-dom@18.3.1_react@18.3.1/node_modules/react-dom/cjs/react-dom.development.js:18704:23)
      at update.callback (../../node_modules/.pnpm/react-dom@18.3.1_react@18.3.1/node_modules/react-dom/cjs/react-dom.development.js:18737:5)
      at callCallback (../../node_modules/.pnpm/react-dom@18.3.1_react@18.3.1/node_modules/react-dom/cjs/react-dom.development.js:15036:12)
      at commitUpdateQueue (../../node_modules/.pnpm/react-dom@18.3.1_react@18.3.1/node_modules/react-dom/cjs/react-dom.development.js:15057:9)
      at commitLayoutEffectOnFiber (../../node_modules/.pnpm/react-dom@18.3.1_react@18.3.1/node_modules/react-dom/cjs/react-dom.development.js:23430:13)
      at commitLayoutMountEffects_complete (../../node_modules/.pnpm/react-dom@18.3.1_react@18.3.1/node_modules/react-dom/cjs/react-dom.development.js:24727:9)
      at commitLayoutEffects_begin (../../node_modules/.pnpm/react-dom@18.3.1_react@18.3.1/node_modules/react-dom/cjs/react-dom.development.js:24713:7)
      at commitLayoutEffects (../../node_modules/.pnpm/react-dom@18.3.1_react@18.3.1/node_modules/react-dom/cjs/react-dom.development.js:24651:3)
      at commitRootImpl (../../node_modules/.pnpm/react-dom@18.3.1_react@18.3.1/node_modules/react-dom/cjs/react-dom.development.js:26862:5)
      at commitRoot (../../node_modules/.pnpm/react-dom@18.3.1_react@18.3.1/node_modules/react-dom/cjs/react-dom.development.js:26721:5)
      at finishConcurrentRender (../../node_modules/.pnpm/react-dom@18.3.1_react@18.3.1/node_modules/react-dom/cjs/react-dom.development.js:25931:9)
      at performConcurrentWorkOnRoot (../../node_modules/.pnpm/react-dom@18.3.1_react@18.3.1/node_modules/react-dom/cjs/react-dom.development.js:25848:7)
      at flushActQueue (../../node_modules/.pnpm/react@18.3.1/node_modules/react/cjs/react.development.js:2667:24)
      at act (../../node_modules/.pnpm/react@18.3.1/node_modules/react/cjs/react.development.js:2582:11)
      at ../../node_modules/.pnpm/@testing-library+react@16.3.2_@testing-library+dom@10.4.1_@types+react-dom@18.3.7_@types+reac_3k5f6qynewwmkoqvlvtzlgtsjq/node_modules/@testing-library/react/dist/act-compat.js:46:25
      at renderRoot (../../node_modules/.pnpm/@testing-library+react@16.3.2_@testing-library+dom@10.4.1_@types+react-dom@18.3.7_@types+reac_3k5f6qynewwmkoqvlvtzlgtsjq/node_modules/@testing-library/react/dist/pure.js:189:26)
      at render (../../node_modules/.pnpm/@testing-library+react@16.3.2_@testing-library+dom@10.4.1_@types+react-dom@18.3.7_@types+reac_3k5f6qynewwmkoqvlvtzlgtsjq/node_modules/@testing-library/react/dist/pure.js:291:10)
      at Object.<anonymous> (components/__tests__/orgs-table.test.tsx:56:11)

    console.error
      The above error occurred in the <Tooltip> component:

          at Tooltip (/app/node_modules/.pnpm/@radix-ui+react-tooltip@1.2.8_@types+react-dom@18.3.7_@types+react@18.3.29__@types+react@18.3_xrwsnt2rmlacewwolijhmzdoxi/node_modules/@radix-ui/react-tooltip/src/tooltip.tsx:154:5)
          at Passthrough (/app/apps/admin/components/__tests__/orgs-table.test.tsx:16:26)
          at cell (/app/apps/admin/components/orgs-table.tsx:125:16)
          at td
          at /app/packages/ui/src/components/ui/table.tsx:87:6
          at tr
          at /app/packages/ui/src/components/ui/table.tsx:57:6
          at tbody
          at /app/packages/ui/src/components/ui/table.tsx:30:6
          at table
          at div
          at /app/packages/ui/src/components/ui/table.tsx:8:6
          at DataTable (/app/packages/ui/src/components/data-table.tsx:23:36)
          at div
          at OrgsTable (/app/apps/admin/components/orgs-table.tsx:22:29)
          at IntlProvider (/app/node_modules/.pnpm/use-intl@3.26.5_react@18.3.1/node_modules/use-intl/dist/development/_IntlProvider.js:16:5)
          at NextIntlClientProvider (/app/node_modules/.pnpm/next-intl@3.26.5_next@15.5.18_@babel+core@7.29.7_@opentelemetry+api@1.9.1_@playwright+test@1._uib3rlo2eksg3yll53rffkx7ea/node_modules/next-intl/dist/development/shared/NextIntlClientProvider.js:16:5)

      Consider adding an error boundary to your tree to customize error handling behavior.
      Visit https://reactjs.org/link/error-boundaries to learn more about error boundaries.

      54 |
      55 |   it('renders rows from initial data', () => {
    > 56 |     render(withIntl(<OrgsTable initial={initial} apps={apps} />))
         |           ^
      57 |     expect(screen.getByText('Acme')).toBeInTheDocument()
      58 |     expect(screen.getByText('Platform Org')).toBeInTheDocument()
      59 |   })

      at logCapturedError (../../node_modules/.pnpm/react-dom@18.3.1_react@18.3.1/node_modules/react-dom/cjs/react-dom.development.js:18704:23)
      at update.callback (../../node_modules/.pnpm/react-dom@18.3.1_react@18.3.1/node_modules/react-dom/cjs/react-dom.development.js:18737:5)
      at callCallback (../../node_modules/.pnpm/react-dom@18.3.1_react@18.3.1/node_modules/react-dom/cjs/react-dom.development.js:15036:12)
      at commitUpdateQueue (../../node_modules/.pnpm/react-dom@18.3.1_react@18.3.1/node_modules/react-dom/cjs/react-dom.development.js:15057:9)
      at commitLayoutEffectOnFiber (../../node_modules/.pnpm/react-dom@18.3.1_react@18.3.1/node_modules/react-dom/cjs/react-dom.development.js:23430:13)
      at commitLayoutMountEffects_complete (../../node_modules/.pnpm/react-dom@18.3.1_react@18.3.1/node_modules/react-dom/cjs/react-dom.development.js:24727:9)
      at commitLayoutEffects_begin (../../node_modules/.pnpm/react-dom@18.3.1_react@18.3.1/node_modules/react-dom/cjs/react-dom.development.js:24713:7)
      at commitLayoutEffects (../../node_modules/.pnpm/react-dom@18.3.1_react@18.3.1/node_modules/react-dom/cjs/react-dom.development.js:24651:3)
      at commitRootImpl (../../node_modules/.pnpm/react-dom@18.3.1_react@18.3.1/node_modules/react-dom/cjs/react-dom.development.js:26862:5)
      at commitRoot (../../node_modules/.pnpm/react-dom@18.3.1_react@18.3.1/node_modules/react-dom/cjs/react-dom.development.js:26721:5)
      at finishConcurrentRender (../../node_modules/.pnpm/react-dom@18.3.1_react@18.3.1/node_modules/react-dom/cjs/react-dom.development.js:25931:9)
      at performConcurrentWorkOnRoot (../../node_modules/.pnpm/react-dom@18.3.1_react@18.3.1/node_modules/react-dom/cjs/react-dom.development.js:25848:7)
      at flushActQueue (../../node_modules/.pnpm/react@18.3.1/node_modules/react/cjs/react.development.js:2667:24)
      at act (../../node_modules/.pnpm/react@18.3.1/node_modules/react/cjs/react.development.js:2582:11)
      at ../../node_modules/.pnpm/@testing-library+react@16.3.2_@testing-library+dom@10.4.1_@types+react-dom@18.3.7_@types+reac_3k5f6qynewwmkoqvlvtzlgtsjq/node_modules/@testing-library/react/dist/act-compat.js:46:25
      at renderRoot (../../node_modules/.pnpm/@testing-library+react@16.3.2_@testing-library+dom@10.4.1_@types+react-dom@18.3.7_@types+reac_3k5f6qynewwmkoqvlvtzlgtsjq/node_modules/@testing-library/react/dist/pure.js:189:26)
      at render (../../node_modules/.pnpm/@testing-library+react@16.3.2_@testing-library+dom@10.4.1_@types+react-dom@18.3.7_@types+reac_3k5f6qynewwmkoqvlvtzlgtsjq/node_modules/@testing-library/react/dist/pure.js:291:10)
      at Object.<anonymous> (components/__tests__/orgs-table.test.tsx:56:11)

    console.error
      The above error occurred in the <Tooltip> component:

          at Tooltip (/app/node_modules/.pnpm/@radix-ui+react-tooltip@1.2.8_@types+react-dom@18.3.7_@types+react@18.3.29__@types+react@18.3_xrwsnt2rmlacewwolijhmzdoxi/node_modules/@radix-ui/react-tooltip/src/tooltip.tsx:154:5)
          at div
          at cell (/app/apps/admin/components/orgs-table.tsx:86:16)
          at td
          at /app/packages/ui/src/components/ui/table.tsx:87:6
          at tr
          at /app/packages/ui/src/components/ui/table.tsx:57:6
          at tbody
          at /app/packages/ui/src/components/ui/table.tsx:30:6
          at table
          at div
          at /app/packages/ui/src/components/ui/table.tsx:8:6
          at DataTable (/app/packages/ui/src/components/data-table.tsx:23:36)
          at div
          at OrgsTable (/app/apps/admin/components/orgs-table.tsx:22:29)
          at IntlProvider (/app/node_modules/.pnpm/use-intl@3.26.5_react@18.3.1/node_modules/use-intl/dist/development/_IntlProvider.js:16:5)
          at NextIntlClientProvider (/app/node_modules/.pnpm/next-intl@3.26.5_next@15.5.18_@babel+core@7.29.7_@opentelemetry+api@1.9.1_@playwright+test@1._uib3rlo2eksg3yll53rffkx7ea/node_modules/next-intl/dist/development/shared/NextIntlClientProvider.js:16:5)

      Consider adding an error boundary to your tree to customize error handling behavior.
      Visit https://reactjs.org/link/error-boundaries to learn more about error boundaries.

      54 |
      55 |   it('renders rows from initial data', () => {
    > 56 |     render(withIntl(<OrgsTable initial={initial} apps={apps} />))
         |           ^
      57 |     expect(screen.getByText('Acme')).toBeInTheDocument()
      58 |     expect(screen.getByText('Platform Org')).toBeInTheDocument()
      59 |   })

      at logCapturedError (../../node_modules/.pnpm/react-dom@18.3.1_react@18.3.1/node_modules/react-dom/cjs/react-dom.development.js:18704:23)
      at update.callback (../../node_modules/.pnpm/react-dom@18.3.1_react@18.3.1/node_modules/react-dom/cjs/react-dom.development.js:18737:5)
      at callCallback (../../node_modules/.pnpm/react-dom@18.3.1_react@18.3.1/node_modules/react-dom/cjs/react-dom.development.js:15036:12)
      at commitUpdateQueue (../../node_modules/.pnpm/react-dom@18.3.1_react@18.3.1/node_modules/react-dom/cjs/react-dom.development.js:15057:9)
      at commitLayoutEffectOnFiber (../../node_modules/.pnpm/react-dom@18.3.1_react@18.3.1/node_modules/react-dom/cjs/react-dom.development.js:23430:13)
      at commitLayoutMountEffects_complete (../../node_modules/.pnpm/react-dom@18.3.1_react@18.3.1/node_modules/react-dom/cjs/react-dom.development.js:24727:9)
      at commitLayoutEffects_begin (../../node_modules/.pnpm/react-dom@18.3.1_react@18.3.1/node_modules/react-dom/cjs/react-dom.development.js:24713:7)
      at commitLayoutEffects (../../node_modules/.pnpm/react-dom@18.3.1_react@18.3.1/node_modules/react-dom/cjs/react-dom.development.js:24651:3)
      at commitRootImpl (../../node_modules/.pnpm/react-dom@18.3.1_react@18.3.1/node_modules/react-dom/cjs/react-dom.development.js:26862:5)
      at commitRoot (../../node_modules/.pnpm/react-dom@18.3.1_react@18.3.1/node_modules/react-dom/cjs/react-dom.development.js:26721:5)
      at finishConcurrentRender (../../node_modules/.pnpm/react-dom@18.3.1_react@18.3.1/node_modules/react-dom/cjs/react-dom.development.js:25931:9)
      at performConcurrentWorkOnRoot (../../node_modules/.pnpm/react-dom@18.3.1_react@18.3.1/node_modules/react-dom/cjs/react-dom.development.js:25848:7)
      at flushActQueue (../../node_modules/.pnpm/react@18.3.1/node_modules/react/cjs/react.development.js:2667:24)
      at act (../../node_modules/.pnpm/react@18.3.1/node_modules/react/cjs/react.development.js:2582:11)
      at ../../node_modules/.pnpm/@testing-library+react@16.3.2_@testing-library+dom@10.4.1_@types+react-dom@18.3.7_@types+reac_3k5f6qynewwmkoqvlvtzlgtsjq/node_modules/@testing-library/react/dist/act-compat.js:46:25
      at renderRoot (../../node_modules/.pnpm/@testing-library+react@16.3.2_@testing-library+dom@10.4.1_@types+react-dom@18.3.7_@types+reac_3k5f6qynewwmkoqvlvtzlgtsjq/node_modules/@testing-library/react/dist/pure.js:189:26)
      at render (../../node_modules/.pnpm/@testing-library+react@16.3.2_@testing-library+dom@10.4.1_@types+react-dom@18.3.7_@types+reac_3k5f6qynewwmkoqvlvtzlgtsjq/node_modules/@testing-library/react/dist/pure.js:291:10)
      at Object.<anonymous> (components/__tests__/orgs-table.test.tsx:56:11)

    console.error
      The above error occurred in the <Tooltip> component:

          at Tooltip (/app/node_modules/.pnpm/@radix-ui+react-tooltip@1.2.8_@types+react-dom@18.3.7_@types+react@18.3.29__@types+react@18.3_xrwsnt2rmlacewwolijhmzdoxi/node_modules/@radix-ui/react-tooltip/src/tooltip.tsx:154:5)
          at Passthrough (/app/apps/admin/components/__tests__/orgs-table.test.tsx:16:26)
          at cell (/app/apps/admin/components/orgs-table.tsx:125:16)
          at td
          at /app/packages/ui/src/components/ui/table.tsx:87:6
          at tr
          at /app/packages/ui/src/components/ui/table.tsx:57:6
          at tbody
          at /app/packages/ui/src/components/ui/table.tsx:30:6
          at table
          at div
          at /app/packages/ui/src/components/ui/table.tsx:8:6
          at DataTable (/app/packages/ui/src/components/data-table.tsx:23:36)
          at div
          at OrgsTable (/app/apps/admin/components/orgs-table.tsx:22:29)
          at IntlProvider (/app/node_modules/.pnpm/use-intl@3.26.5_react@18.3.1/node_modules/use-intl/dist/development/_IntlProvider.js:16:5)
          at NextIntlClientProvider (/app/node_modules/.pnpm/next-intl@3.26.5_next@15.5.18_@babel+core@7.29.7_@opentelemetry+api@1.9.1_@playwright+test@1._uib3rlo2eksg3yll53rffkx7ea/node_modules/next-intl/dist/development/shared/NextIntlClientProvider.js:16:5)

      Consider adding an error boundary to your tree to customize error handling behavior.
      Visit https://reactjs.org/link/error-boundaries to learn more about error boundaries.

      54 |
      55 |   it('renders rows from initial data', () => {
    > 56 |     render(withIntl(<OrgsTable initial={initial} apps={apps} />))
         |           ^
      57 |     expect(screen.getByText('Acme')).toBeInTheDocument()
      58 |     expect(screen.getByText('Platform Org')).toBeInTheDocument()
      59 |   })

      at logCapturedError (../../node_modules/.pnpm/react-dom@18.3.1_react@18.3.1/node_modules/react-dom/cjs/react-dom.development.js:18704:23)
      at update.callback (../../node_modules/.pnpm/react-dom@18.3.1_react@18.3.1/node_modules/react-dom/cjs/react-dom.development.js:18737:5)
      at callCallback (../../node_modules/.pnpm/react-dom@18.3.1_react@18.3.1/node_modules/react-dom/cjs/react-dom.development.js:15036:12)
      at commitUpdateQueue (../../node_modules/.pnpm/react-dom@18.3.1_react@18.3.1/node_modules/react-dom/cjs/react-dom.development.js:15057:9)
      at commitLayoutEffectOnFiber (../../node_modules/.pnpm/react-dom@18.3.1_react@18.3.1/node_modules/react-dom/cjs/react-dom.development.js:23430:13)
      at commitLayoutMountEffects_complete (../../node_modules/.pnpm/react-dom@18.3.1_react@18.3.1/node_modules/react-dom/cjs/react-dom.development.js:24727:9)
      at commitLayoutEffects_begin (../../node_modules/.pnpm/react-dom@18.3.1_react@18.3.1/node_modules/react-dom/cjs/react-dom.development.js:24713:7)
      at commitLayoutEffects (../../node_modules/.pnpm/react-dom@18.3.1_react@18.3.1/node_modules/react-dom/cjs/react-dom.development.js:24651:3)
      at commitRootImpl (../../node_modules/.pnpm/react-dom@18.3.1_react@18.3.1/node_modules/react-dom/cjs/react-dom.development.js:26862:5)
      at commitRoot (../../node_modules/.pnpm/react-dom@18.3.1_react@18.3.1/node_modules/react-dom/cjs/react-dom.development.js:26721:5)
      at finishConcurrentRender (../../node_modules/.pnpm/react-dom@18.3.1_react@18.3.1/node_modules/react-dom/cjs/react-dom.development.js:25931:9)
      at performConcurrentWorkOnRoot (../../node_modules/.pnpm/react-dom@18.3.1_react@18.3.1/node_modules/react-dom/cjs/react-dom.development.js:25848:7)
      at flushActQueue (../../node_modules/.pnpm/react@18.3.1/node_modules/react/cjs/react.development.js:2667:24)
      at act (../../node_modules/.pnpm/react@18.3.1/node_modules/react/cjs/react.development.js:2582:11)
      at ../../node_modules/.pnpm/@testing-library+react@16.3.2_@testing-library+dom@10.4.1_@types+react-dom@18.3.7_@types+reac_3k5f6qynewwmkoqvlvtzlgtsjq/node_modules/@testing-library/react/dist/act-compat.js:46:25
      at renderRoot (../../node_modules/.pnpm/@testing-library+react@16.3.2_@testing-library+dom@10.4.1_@types+react-dom@18.3.7_@types+reac_3k5f6qynewwmkoqvlvtzlgtsjq/node_modules/@testing-library/react/dist/pure.js:189:26)
      at render (../../node_modules/.pnpm/@testing-library+react@16.3.2_@testing-library+dom@10.4.1_@types+react-dom@18.3.7_@types+reac_3k5f6qynewwmkoqvlvtzlgtsjq/node_modules/@testing-library/react/dist/pure.js:291:10)
      at Object.<anonymous> (components/__tests__/orgs-table.test.tsx:56:11)

    console.error
      Error: Uncaught [Error: `Tooltip` must be used within `TooltipProvider`]
          at reportException (/app/node_modules/.pnpm/jsdom@20.0.3/node_modules/jsdom/lib/jsdom/living/helpers/runtime-script-errors.js:66:24)
          at innerInvokeEventListeners (/app/node_modules/.pnpm/jsdom@20.0.3/node_modules/jsdom/lib/jsdom/living/events/EventTarget-impl.js:353:9)
          at invokeEventListeners (/app/node_modules/.pnpm/jsdom@20.0.3/node_modules/jsdom/lib/jsdom/living/events/EventTarget-impl.js:286:3)
          at HTMLUnknownElementImpl._dispatch (/app/node_modules/.pnpm/jsdom@20.0.3/node_modules/jsdom/lib/jsdom/living/events/EventTarget-impl.js:233:9)
          at HTMLUnknownElementImpl.dispatchEvent (/app/node_modules/.pnpm/jsdom@20.0.3/node_modules/jsdom/lib/jsdom/living/events/EventTarget-impl.js:104:17)
          at HTMLUnknownElement.dispatchEvent (/app/node_modules/.pnpm/jsdom@20.0.3/node_modules/jsdom/lib/jsdom/living/generated/EventTarget.js:241:34)
          at Object.invokeGuardedCallbackDev (/app/node_modules/.pnpm/react-dom@18.3.1_react@18.3.1/node_modules/react-dom/cjs/react-dom.development.js:4213:16)
          at invokeGuardedCallback (/app/node_modules/.pnpm/react-dom@18.3.1_react@18.3.1/node_modules/react-dom/cjs/react-dom.development.js:4277:31)
          at beginWork$1 (/app/node_modules/.pnpm/react-dom@18.3.1_react@18.3.1/node_modules/react-dom/cjs/react-dom.development.js:27490:7)
          at performUnitOfWork (/app/node_modules/.pnpm/react-dom@18.3.1_react@18.3.1/node_modules/react-dom/cjs/react-dom.development.js:26599:12)
          at workLoopSync (/app/node_modules/.pnpm/react-dom@18.3.1_react@18.3.1/node_modules/react-dom/cjs/react-dom.development.js:26505:5)
          at renderRootSync (/app/node_modules/.pnpm/react-dom@18.3.1_react@18.3.1/node_modules/react-dom/cjs/react-dom.development.js:26473:7)
          at performConcurrentWorkOnRoot (/app/node_modules/.pnpm/react-dom@18.3.1_react@18.3.1/node_modules/react-dom/cjs/react-dom.development.js:25777:74)
          at flushActQueue (/app/node_modules/.pnpm/react@18.3.1/node_modules/react/cjs/react.development.js:2667:24)
          at act (/app/node_modules/.pnpm/react@18.3.1/node_modules/react/cjs/react.development.js:2582:11)
          at /app/node_modules/.pnpm/@testing-library+react@16.3.2_@testing-library+dom@10.4.1_@types+react-dom@18.3.7_@types+reac_3k5f6qynewwmkoqvlvtzlgtsjq/node_modules/@testing-library/react/dist/act-compat.js:46:25
          at renderRoot (/app/node_modules/.pnpm/@testing-library+react@16.3.2_@testing-library+dom@10.4.1_@types+react-dom@18.3.7_@types+reac_3k5f6qynewwmkoqvlvtzlgtsjq/node_modules/@testing-library/react/dist/pure.js:189:26)
          at render (/app/node_modules/.pnpm/@testing-library+react@16.3.2_@testing-library+dom@10.4.1_@types+react-dom@18.3.7_@types+reac_3k5f6qynewwmkoqvlvtzlgtsjq/node_modules/@testing-library/react/dist/pure.js:291:10)
          at Object.<anonymous> (/app/apps/admin/components/__tests__/orgs-table.test.tsx:62:11)
          at Promise.then.completed (/app/node_modules/.pnpm/jest-circus@29.7.0/node_modules/jest-circus/build/utils.js:298:28)
          at new Promise (<anonymous>)
          at callAsyncCircusFn (/app/node_modules/.pnpm/jest-circus@29.7.0/node_modules/jest-circus/build/utils.js:231:10)
          at _callCircusTest (/app/node_modules/.pnpm/jest-circus@29.7.0/node_modules/jest-circus/build/run.js:316:40)
          at processTicksAndRejections (node:internal/process/task_queues:103:5)
          at _runTest (/app/node_modules/.pnpm/jest-circus@29.7.0/node_modules/jest-circus/build/run.js:252:3)
          at _runTestsForDescribeBlock (/app/node_modules/.pnpm/jest-circus@29.7.0/node_modules/jest-circus/build/run.js:126:9)
          at _runTestsForDescribeBlock (/app/node_modules/.pnpm/jest-circus@29.7.0/node_modules/jest-circus/build/run.js:121:9)
          at run (/app/node_modules/.pnpm/jest-circus@29.7.0/node_modules/jest-circus/build/run.js:71:3)
          at runAndTransformResultsToJestFormat (/app/node_modules/.pnpm/jest-circus@29.7.0/node_modules/jest-circus/build/legacy-code-todo-rewrite/jestAdapterInit.js:122:21)
          at jestAdapter (/app/node_modules/.pnpm/jest-circus@29.7.0/node_modules/jest-circus/build/legacy-code-todo-rewrite/jestAdapter.js:79:19)
          at runTestInternal (/app/node_modules/.pnpm/jest-runner@29.7.0/node_modules/jest-runner/build/runTest.js:367:16)
          at runTest (/app/node_modules/.pnpm/jest-runner@29.7.0/node_modules/jest-runner/build/runTest.js:444:34)
          at Object.worker (/app/node_modules/.pnpm/jest-runner@29.7.0/node_modules/jest-runner/build/testWorker.js:106:12) {
        detail: Error: `Tooltip` must be used within `TooltipProvider`
            at useContext2 (/app/node_modules/.pnpm/@radix-ui+react-context@1.1.2_@types+react@18.3.29_react@18.3.1/node_modules/@radix-ui/react-context/src/create-context.tsx:75:13)
            at Tooltip (/app/node_modules/.pnpm/@radix-ui+react-tooltip@1.2.8_@types+react-dom@18.3.7_@types+react@18.3.29__@types+react@18.3_xrwsnt2rmlacewwolijhmzdoxi/node_modules/@radix-ui/react-tooltip/src/tooltip.tsx:162:27)
            at renderWithHooks (/app/node_modules/.pnpm/react-dom@18.3.1_react@18.3.1/node_modules/react-dom/cjs/react-dom.development.js:15486:18)
            at mountIndeterminateComponent (/app/node_modules/.pnpm/react-dom@18.3.1_react@18.3.1/node_modules/react-dom/cjs/react-dom.development.js:20103:13)
            at beginWork (/app/node_modules/.pnpm/react-dom@18.3.1_react@18.3.1/node_modules/react-dom/cjs/react-dom.development.js:21626:16)
            at HTMLUnknownElement.callCallback (/app/node_modules/.pnpm/react-dom@18.3.1_react@18.3.1/node_modules/react-dom/cjs/react-dom.development.js:4164:14)
            at HTMLUnknownElement.callTheUserObjectsOperation (/app/node_modules/.pnpm/jsdom@20.0.3/node_modules/jsdom/lib/jsdom/living/generated/EventListener.js:26:30)
            at innerInvokeEventListeners (/app/node_modules/.pnpm/jsdom@20.0.3/node_modules/jsdom/lib/jsdom/living/events/EventTarget-impl.js:350:25)
            at invokeEventListeners (/app/node_modules/.pnpm/jsdom@20.0.3/node_modules/jsdom/lib/jsdom/living/events/EventTarget-impl.js:286:3)
            at HTMLUnknownElementImpl._dispatch (/app/node_modules/.pnpm/jsdom@20.0.3/node_modules/jsdom/lib/jsdom/living/events/EventTarget-impl.js:233:9)
            at HTMLUnknownElementImpl.dispatchEvent (/app/node_modules/.pnpm/jsdom@20.0.3/node_modules/jsdom/lib/jsdom/living/events/EventTarget-impl.js:104:17)
            at HTMLUnknownElement.dispatchEvent (/app/node_modules/.pnpm/jsdom@20.0.3/node_modules/jsdom/lib/jsdom/living/generated/EventTarget.js:241:34)
            at Object.invokeGuardedCallbackDev (/app/node_modules/.pnpm/react-dom@18.3.1_react@18.3.1/node_modules/react-dom/cjs/react-dom.development.js:4213:16)
            at invokeGuardedCallback (/app/node_modules/.pnpm/react-dom@18.3.1_react@18.3.1/node_modules/react-dom/cjs/react-dom.development.js:4277:31)
            at beginWork$1 (/app/node_modules/.pnpm/react-dom@18.3.1_react@18.3.1/node_modules/react-dom/cjs/react-dom.development.js:27490:7)
            at performUnitOfWork (/app/node_modules/.pnpm/react-dom@18.3.1_react@18.3.1/node_modules/react-dom/cjs/react-dom.development.js:26599:12)
            at workLoopSync (/app/node_modules/.pnpm/react-dom@18.3.1_react@18.3.1/node_modules/react-dom/cjs/react-dom.development.js:26505:5)
            at renderRootSync (/app/node_modules/.pnpm/react-dom@18.3.1_react@18.3.1/node_modules/react-dom/cjs/react-dom.development.js:26473:7)
            at performConcurrentWorkOnRoot (/app/node_modules/.pnpm/react-dom@18.3.1_react@18.3.1/node_modules/react-dom/cjs/react-dom.development.js:25777:74)
            at flushActQueue (/app/node_modules/.pnpm/react@18.3.1/node_modules/react/cjs/react.development.js:2667:24)
            at act (/app/node_modules/.pnpm/react@18.3.1/node_modules/react/cjs/react.development.js:2582:11)
            at /app/node_modules/.pnpm/@testing-library+react@16.3.2_@testing-library+dom@10.4.1_@types+react-dom@18.3.7_@types+reac_3k5f6qynewwmkoqvlvtzlgtsjq/node_modules/@testing-library/react/dist/act-compat.js:46:25
            at renderRoot (/app/node_modules/.pnpm/@testing-library+react@16.3.2_@testing-library+dom@10.4.1_@types+react-dom@18.3.7_@types+reac_3k5f6qynewwmkoqvlvtzlgtsjq/node_modules/@testing-library/react/dist/pure.js:189:26)
            at render (/app/node_modules/.pnpm/@testing-library+react@16.3.2_@testing-library+dom@10.4.1_@types+react-dom@18.3.7_@types+reac_3k5f6qynewwmkoqvlvtzlgtsjq/node_modules/@testing-library/react/dist/pure.js:291:10)
            at Object.<anonymous> (/app/apps/admin/components/__tests__/orgs-table.test.tsx:62:11)
            at Promise.then.completed (/app/node_modules/.pnpm/jest-circus@29.7.0/node_modules/jest-circus/build/utils.js:298:28)
            at new Promise (<anonymous>)
            at callAsyncCircusFn (/app/node_modules/.pnpm/jest-circus@29.7.0/node_modules/jest-circus/build/utils.js:231:10)
            at _callCircusTest (/app/node_modules/.pnpm/jest-circus@29.7.0/node_modules/jest-circus/build/run.js:316:40)
            at processTicksAndRejections (node:internal/process/task_queues:103:5)
            at _runTest (/app/node_modules/.pnpm/jest-circus@29.7.0/node_modules/jest-circus/build/run.js:252:3)
            at _runTestsForDescribeBlock (/app/node_modules/.pnpm/jest-circus@29.7.0/node_modules/jest-circus/build/run.js:126:9)
            at _runTestsForDescribeBlock (/app/node_modules/.pnpm/jest-circus@29.7.0/node_modules/jest-circus/build/run.js:121:9)
            at run (/app/node_modules/.pnpm/jest-circus@29.7.0/node_modules/jest-circus/build/run.js:71:3)
            at runAndTransformResultsToJestFormat (/app/node_modules/.pnpm/jest-circus@29.7.0/node_modules/jest-circus/build/legacy-code-todo-rewrite/jestAdapterInit.js:122:21)
            at jestAdapter (/app/node_modules/.pnpm/jest-circus@29.7.0/node_modules/jest-circus/build/legacy-code-todo-rewrite/jestAdapter.js:79:19)
            at runTestInternal (/app/node_modules/.pnpm/jest-runner@29.7.0/node_modules/jest-runner/build/runTest.js:367:16)
            at runTest (/app/node_modules/.pnpm/jest-runner@29.7.0/node_modules/jest-runner/build/runTest.js:444:34)
            at Object.worker (/app/node_modules/.pnpm/jest-runner@29.7.0/node_modules/jest-runner/build/testWorker.js:106:12),
        type: 'unhandled exception'
      }

      60 |
      61 |   it('clicking Delete on an ordinary org opens ConfirmDialog with the org name', async () => {
    > 62 |     render(withIntl(<OrgsTable initial={initial} apps={apps} />))
         |           ^
      63 |     const menuButtons = screen.getAllByRole('button', { name: /more/i })
      64 |     fireEvent.click(menuButtons[0])
      65 |     fireEvent.click(await screen.findByRole('menuitem', { name: en.orgs.actions.delete }))

      at VirtualConsole.<anonymous> (../../node_modules/.pnpm/jest-environment-jsdom@29.7.0/node_modules/jest-environment-jsdom/build/index.js:63:23)
      at reportException (../../node_modules/.pnpm/jsdom@20.0.3/node_modules/jsdom/lib/jsdom/living/helpers/runtime-script-errors.js:70:28)
      at innerInvokeEventListeners (../../node_modules/.pnpm/jsdom@20.0.3/node_modules/jsdom/lib/jsdom/living/events/EventTarget-impl.js:353:9)
      at invokeEventListeners (../../node_modules/.pnpm/jsdom@20.0.3/node_modules/jsdom/lib/jsdom/living/events/EventTarget-impl.js:286:3)
      at HTMLUnknownElementImpl._dispatch (../../node_modules/.pnpm/jsdom@20.0.3/node_modules/jsdom/lib/jsdom/living/events/EventTarget-impl.js:233:9)
      at HTMLUnknownElementImpl.dispatchEvent (../../node_modules/.pnpm/jsdom@20.0.3/node_modules/jsdom/lib/jsdom/living/events/EventTarget-impl.js:104:17)
      at HTMLUnknownElement.dispatchEvent (../../node_modules/.pnpm/jsdom@20.0.3/node_modules/jsdom/lib/jsdom/living/generated/EventTarget.js:241:34)
      at Object.invokeGuardedCallbackDev (../../node_modules/.pnpm/react-dom@18.3.1_react@18.3.1/node_modules/react-dom/cjs/react-dom.development.js:4213:16)
      at invokeGuardedCallback (../../node_modules/.pnpm/react-dom@18.3.1_react@18.3.1/node_modules/react-dom/cjs/react-dom.development.js:4277:31)
      at beginWork$1 (../../node_modules/.pnpm/react-dom@18.3.1_react@18.3.1/node_modules/react-dom/cjs/react-dom.development.js:27490:7)
      at performUnitOfWork (../../node_modules/.pnpm/react-dom@18.3.1_react@18.3.1/node_modules/react-dom/cjs/react-dom.development.js:26599:12)
      at workLoopSync (../../node_modules/.pnpm/react-dom@18.3.1_react@18.3.1/node_modules/react-dom/cjs/react-dom.development.js:26505:5)
      at renderRootSync (../../node_modules/.pnpm/react-dom@18.3.1_react@18.3.1/node_modules/react-dom/cjs/react-dom.development.js:26473:7)
      at performConcurrentWorkOnRoot (../../node_modules/.pnpm/react-dom@18.3.1_react@18.3.1/node_modules/react-dom/cjs/react-dom.development.js:25777:74)
      at flushActQueue (../../node_modules/.pnpm/react@18.3.1/node_modules/react/cjs/react.development.js:2667:24)
      at act (../../node_modules/.pnpm/react@18.3.1/node_modules/react/cjs/react.development.js:2582:11)
      at ../../node_modules/.pnpm/@testing-library+react@16.3.2_@testing-library+dom@10.4.1_@types+react-dom@18.3.7_@types+reac_3k5f6qynewwmkoqvlvtzlgtsjq/node_modules/@testing-library/react/dist/act-compat.js:46:25
      at renderRoot (../../node_modules/.pnpm/@testing-library+react@16.3.2_@testing-library+dom@10.4.1_@types+react-dom@18.3.7_@types+reac_3k5f6qynewwmkoqvlvtzlgtsjq/node_modules/@testing-library/react/dist/pure.js:189:26)
      at render (../../node_modules/.pnpm/@testing-library+react@16.3.2_@testing-library+dom@10.4.1_@types+react-dom@18.3.7_@types+reac_3k5f6qynewwmkoqvlvtzlgtsjq/node_modules/@testing-library/react/dist/pure.js:291:10)
      at Object.<anonymous> (components/__tests__/orgs-table.test.tsx:62:11)

    console.error
      Error: Uncaught [Error: `Tooltip` must be used within `TooltipProvider`]
          at reportException (/app/node_modules/.pnpm/jsdom@20.0.3/node_modules/jsdom/lib/jsdom/living/helpers/runtime-script-errors.js:66:24)
          at innerInvokeEventListeners (/app/node_modules/.pnpm/jsdom@20.0.3/node_modules/jsdom/lib/jsdom/living/events/EventTarget-impl.js:353:9)
          at invokeEventListeners (/app/node_modules/.pnpm/jsdom@20.0.3/node_modules/jsdom/lib/jsdom/living/events/EventTarget-impl.js:286:3)
          at HTMLUnknownElementImpl._dispatch (/app/node_modules/.pnpm/jsdom@20.0.3/node_modules/jsdom/lib/jsdom/living/events/EventTarget-impl.js:233:9)
          at HTMLUnknownElementImpl.dispatchEvent (/app/node_modules/.pnpm/jsdom@20.0.3/node_modules/jsdom/lib/jsdom/living/events/EventTarget-impl.js:104:17)
          at HTMLUnknownElement.dispatchEvent (/app/node_modules/.pnpm/jsdom@20.0.3/node_modules/jsdom/lib/jsdom/living/generated/EventTarget.js:241:34)
          at Object.invokeGuardedCallbackDev (/app/node_modules/.pnpm/react-dom@18.3.1_react@18.3.1/node_modules/react-dom/cjs/react-dom.development.js:4213:16)
          at invokeGuardedCallback (/app/node_modules/.pnpm/react-dom@18.3.1_react@18.3.1/node_modules/react-dom/cjs/react-dom.development.js:4277:31)
          at beginWork$1 (/app/node_modules/.pnpm/react-dom@18.3.1_react@18.3.1/node_modules/react-dom/cjs/react-dom.development.js:27490:7)
          at performUnitOfWork (/app/node_modules/.pnpm/react-dom@18.3.1_react@18.3.1/node_modules/react-dom/cjs/react-dom.development.js:26599:12)
          at workLoopSync (/app/node_modules/.pnpm/react-dom@18.3.1_react@18.3.1/node_modules/react-dom/cjs/react-dom.development.js:26505:5)
          at renderRootSync (/app/node_modules/.pnpm/react-dom@18.3.1_react@18.3.1/node_modules/react-dom/cjs/react-dom.development.js:26473:7)
          at performConcurrentWorkOnRoot (/app/node_modules/.pnpm/react-dom@18.3.1_react@18.3.1/node_modules/react-dom/cjs/react-dom.development.js:25777:74)
          at flushActQueue (/app/node_modules/.pnpm/react@18.3.1/node_modules/react/cjs/react.development.js:2667:24)
          at act (/app/node_modules/.pnpm/react@18.3.1/node_modules/react/cjs/react.development.js:2582:11)
          at /app/node_modules/.pnpm/@testing-library+react@16.3.2_@testing-library+dom@10.4.1_@types+react-dom@18.3.7_@types+reac_3k5f6qynewwmkoqvlvtzlgtsjq/node_modules/@testing-library/react/dist/act-compat.js:46:25
          at renderRoot (/app/node_modules/.pnpm/@testing-library+react@16.3.2_@testing-library+dom@10.4.1_@types+react-dom@18.3.7_@types+reac_3k5f6qynewwmkoqvlvtzlgtsjq/node_modules/@testing-library/react/dist/pure.js:189:26)
          at render (/app/node_modules/.pnpm/@testing-library+react@16.3.2_@testing-library+dom@10.4.1_@types+react-dom@18.3.7_@types+reac_3k5f6qynewwmkoqvlvtzlgtsjq/node_modules/@testing-library/react/dist/pure.js:291:10)
          at Object.<anonymous> (/app/apps/admin/components/__tests__/orgs-table.test.tsx:62:11)
          at Promise.then.completed (/app/node_modules/.pnpm/jest-circus@29.7.0/node_modules/jest-circus/build/utils.js:298:28)
          at new Promise (<anonymous>)
          at callAsyncCircusFn (/app/node_modules/.pnpm/jest-circus@29.7.0/node_modules/jest-circus/build/utils.js:231:10)
          at _callCircusTest (/app/node_modules/.pnpm/jest-circus@29.7.0/node_modules/jest-circus/build/run.js:316:40)
          at processTicksAndRejections (node:internal/process/task_queues:103:5)
          at _runTest (/app/node_modules/.pnpm/jest-circus@29.7.0/node_modules/jest-circus/build/run.js:252:3)
          at _runTestsForDescribeBlock (/app/node_modules/.pnpm/jest-circus@29.7.0/node_modules/jest-circus/build/run.js:126:9)
          at _runTestsForDescribeBlock (/app/node_modules/.pnpm/jest-circus@29.7.0/node_modules/jest-circus/build/run.js:121:9)
          at run (/app/node_modules/.pnpm/jest-circus@29.7.0/node_modules/jest-circus/build/run.js:71:3)
          at runAndTransformResultsToJestFormat (/app/node_modules/.pnpm/jest-circus@29.7.0/node_modules/jest-circus/build/legacy-code-todo-rewrite/jestAdapterInit.js:122:21)
          at jestAdapter (/app/node_modules/.pnpm/jest-circus@29.7.0/node_modules/jest-circus/build/legacy-code-todo-rewrite/jestAdapter.js:79:19)
          at runTestInternal (/app/node_modules/.pnpm/jest-runner@29.7.0/node_modules/jest-runner/build/runTest.js:367:16)
          at runTest (/app/node_modules/.pnpm/jest-runner@29.7.0/node_modules/jest-runner/build/runTest.js:444:34)
          at Object.worker (/app/node_modules/.pnpm/jest-runner@29.7.0/node_modules/jest-runner/build/testWorker.js:106:12) {
        detail: Error: `Tooltip` must be used within `TooltipProvider`
            at useContext2 (/app/node_modules/.pnpm/@radix-ui+react-context@1.1.2_@types+react@18.3.29_react@18.3.1/node_modules/@radix-ui/react-context/src/create-context.tsx:75:13)
            at Tooltip (/app/node_modules/.pnpm/@radix-ui+react-tooltip@1.2.8_@types+react-dom@18.3.7_@types+react@18.3.29__@types+react@18.3_xrwsnt2rmlacewwolijhmzdoxi/node_modules/@radix-ui/react-tooltip/src/tooltip.tsx:162:27)
            at renderWithHooks (/app/node_modules/.pnpm/react-dom@18.3.1_react@18.3.1/node_modules/react-dom/cjs/react-dom.development.js:15486:18)
            at mountIndeterminateComponent (/app/node_modules/.pnpm/react-dom@18.3.1_react@18.3.1/node_modules/react-dom/cjs/react-dom.development.js:20103:13)
            at beginWork (/app/node_modules/.pnpm/react-dom@18.3.1_react@18.3.1/node_modules/react-dom/cjs/react-dom.development.js:21626:16)
            at HTMLUnknownElement.callCallback (/app/node_modules/.pnpm/react-dom@18.3.1_react@18.3.1/node_modules/react-dom/cjs/react-dom.development.js:4164:14)
            at HTMLUnknownElement.callTheUserObjectsOperation (/app/node_modules/.pnpm/jsdom@20.0.3/node_modules/jsdom/lib/jsdom/living/generated/EventListener.js:26:30)
            at innerInvokeEventListeners (/app/node_modules/.pnpm/jsdom@20.0.3/node_modules/jsdom/lib/jsdom/living/events/EventTarget-impl.js:350:25)
            at invokeEventListeners (/app/node_modules/.pnpm/jsdom@20.0.3/node_modules/jsdom/lib/jsdom/living/events/EventTarget-impl.js:286:3)
            at HTMLUnknownElementImpl._dispatch (/app/node_modules/.pnpm/jsdom@20.0.3/node_modules/jsdom/lib/jsdom/living/events/EventTarget-impl.js:233:9)
            at HTMLUnknownElementImpl.dispatchEvent (/app/node_modules/.pnpm/jsdom@20.0.3/node_modules/jsdom/lib/jsdom/living/events/EventTarget-impl.js:104:17)
            at HTMLUnknownElement.dispatchEvent (/app/node_modules/.pnpm/jsdom@20.0.3/node_modules/jsdom/lib/jsdom/living/generated/EventTarget.js:241:34)
            at Object.invokeGuardedCallbackDev (/app/node_modules/.pnpm/react-dom@18.3.1_react@18.3.1/node_modules/react-dom/cjs/react-dom.development.js:4213:16)
            at invokeGuardedCallback (/app/node_modules/.pnpm/react-dom@18.3.1_react@18.3.1/node_modules/react-dom/cjs/react-dom.development.js:4277:31)
            at beginWork$1 (/app/node_modules/.pnpm/react-dom@18.3.1_react@18.3.1/node_modules/react-dom/cjs/react-dom.development.js:27490:7)
            at performUnitOfWork (/app/node_modules/.pnpm/react-dom@18.3.1_react@18.3.1/node_modules/react-dom/cjs/react-dom.development.js:26599:12)
            at workLoopSync (/app/node_modules/.pnpm/react-dom@18.3.1_react@18.3.1/node_modules/react-dom/cjs/react-dom.development.js:26505:5)
            at renderRootSync (/app/node_modules/.pnpm/react-dom@18.3.1_react@18.3.1/node_modules/react-dom/cjs/react-dom.development.js:26473:7)
            at performConcurrentWorkOnRoot (/app/node_modules/.pnpm/react-dom@18.3.1_react@18.3.1/node_modules/react-dom/cjs/react-dom.development.js:25777:74)
            at flushActQueue (/app/node_modules/.pnpm/react@18.3.1/node_modules/react/cjs/react.development.js:2667:24)
            at act (/app/node_modules/.pnpm/react@18.3.1/node_modules/react/cjs/react.development.js:2582:11)
            at /app/node_modules/.pnpm/@testing-library+react@16.3.2_@testing-library+dom@10.4.1_@types+react-dom@18.3.7_@types+reac_3k5f6qynewwmkoqvlvtzlgtsjq/node_modules/@testing-library/react/dist/act-compat.js:46:25
            at renderRoot (/app/node_modules/.pnpm/@testing-library+react@16.3.2_@testing-library+dom@10.4.1_@types+react-dom@18.3.7_@types+reac_3k5f6qynewwmkoqvlvtzlgtsjq/node_modules/@testing-library/react/dist/pure.js:189:26)
            at render (/app/node_modules/.pnpm/@testing-library+react@16.3.2_@testing-library+dom@10.4.1_@types+react-dom@18.3.7_@types+reac_3k5f6qynewwmkoqvlvtzlgtsjq/node_modules/@testing-library/react/dist/pure.js:291:10)
            at Object.<anonymous> (/app/apps/admin/components/__tests__/orgs-table.test.tsx:62:11)
            at Promise.then.completed (/app/node_modules/.pnpm/jest-circus@29.7.0/node_modules/jest-circus/build/utils.js:298:28)
            at new Promise (<anonymous>)
            at callAsyncCircusFn (/app/node_modules/.pnpm/jest-circus@29.7.0/node_modules/jest-circus/build/utils.js:231:10)
            at _callCircusTest (/app/node_modules/.pnpm/jest-circus@29.7.0/node_modules/jest-circus/build/run.js:316:40)
            at processTicksAndRejections (node:internal/process/task_queues:103:5)
            at _runTest (/app/node_modules/.pnpm/jest-circus@29.7.0/node_modules/jest-circus/build/run.js:252:3)
            at _runTestsForDescribeBlock (/app/node_modules/.pnpm/jest-circus@29.7.0/node_modules/jest-circus/build/run.js:126:9)
            at _runTestsForDescribeBlock (/app/node_modules/.pnpm/jest-circus@29.7.0/node_modules/jest-circus/build/run.js:121:9)
            at run (/app/node_modules/.pnpm/jest-circus@29.7.0/node_modules/jest-circus/build/run.js:71:3)
            at runAndTransformResultsToJestFormat (/app/node_modules/.pnpm/jest-circus@29.7.0/node_modules/jest-circus/build/legacy-code-todo-rewrite/jestAdapterInit.js:122:21)
            at jestAdapter (/app/node_modules/.pnpm/jest-circus@29.7.0/node_modules/jest-circus/build/legacy-code-todo-rewrite/jestAdapter.js:79:19)
            at runTestInternal (/app/node_modules/.pnpm/jest-runner@29.7.0/node_modules/jest-runner/build/runTest.js:367:16)
            at runTest (/app/node_modules/.pnpm/jest-runner@29.7.0/node_modules/jest-runner/build/runTest.js:444:34)
            at Object.worker (/app/node_modules/.pnpm/jest-runner@29.7.0/node_modules/jest-runner/build/testWorker.js:106:12),
        type: 'unhandled exception'
      }

      60 |
      61 |   it('clicking Delete on an ordinary org opens ConfirmDialog with the org name', async () => {
    > 62 |     render(withIntl(<OrgsTable initial={initial} apps={apps} />))
         |           ^
      63 |     const menuButtons = screen.getAllByRole('button', { name: /more/i })
      64 |     fireEvent.click(menuButtons[0])
      65 |     fireEvent.click(await screen.findByRole('menuitem', { name: en.orgs.actions.delete }))

      at VirtualConsole.<anonymous> (../../node_modules/.pnpm/jest-environment-jsdom@29.7.0/node_modules/jest-environment-jsdom/build/index.js:63:23)
      at reportException (../../node_modules/.pnpm/jsdom@20.0.3/node_modules/jsdom/lib/jsdom/living/helpers/runtime-script-errors.js:70:28)
      at innerInvokeEventListeners (../../node_modules/.pnpm/jsdom@20.0.3/node_modules/jsdom/lib/jsdom/living/events/EventTarget-impl.js:353:9)
      at invokeEventListeners (../../node_modules/.pnpm/jsdom@20.0.3/node_modules/jsdom/lib/jsdom/living/events/EventTarget-impl.js:286:3)
      at HTMLUnknownElementImpl._dispatch (../../node_modules/.pnpm/jsdom@20.0.3/node_modules/jsdom/lib/jsdom/living/events/EventTarget-impl.js:233:9)
      at HTMLUnknownElementImpl.dispatchEvent (../../node_modules/.pnpm/jsdom@20.0.3/node_modules/jsdom/lib/jsdom/living/events/EventTarget-impl.js:104:17)
      at HTMLUnknownElement.dispatchEvent (../../node_modules/.pnpm/jsdom@20.0.3/node_modules/jsdom/lib/jsdom/living/generated/EventTarget.js:241:34)
      at Object.invokeGuardedCallbackDev (../../node_modules/.pnpm/react-dom@18.3.1_react@18.3.1/node_modules/react-dom/cjs/react-dom.development.js:4213:16)
      at invokeGuardedCallback (../../node_modules/.pnpm/react-dom@18.3.1_react@18.3.1/node_modules/react-dom/cjs/react-dom.development.js:4277:31)
      at beginWork$1 (../../node_modules/.pnpm/react-dom@18.3.1_react@18.3.1/node_modules/react-dom/cjs/react-dom.development.js:27490:7)
      at performUnitOfWork (../../node_modules/.pnpm/react-dom@18.3.1_react@18.3.1/node_modules/react-dom/cjs/react-dom.development.js:26599:12)
      at workLoopSync (../../node_modules/.pnpm/react-dom@18.3.1_react@18.3.1/node_modules/react-dom/cjs/react-dom.development.js:26505:5)
      at renderRootSync (../../node_modules/.pnpm/react-dom@18.3.1_react@18.3.1/node_modules/react-dom/cjs/react-dom.development.js:26473:7)
      at performConcurrentWorkOnRoot (../../node_modules/.pnpm/react-dom@18.3.1_react@18.3.1/node_modules/react-dom/cjs/react-dom.development.js:25777:74)
      at flushActQueue (../../node_modules/.pnpm/react@18.3.1/node_modules/react/cjs/react.development.js:2667:24)
      at act (../../node_modules/.pnpm/react@18.3.1/node_modules/react/cjs/react.development.js:2582:11)
      at ../../node_modules/.pnpm/@testing-library+react@16.3.2_@testing-library+dom@10.4.1_@types+react-dom@18.3.7_@types+reac_3k5f6qynewwmkoqvlvtzlgtsjq/node_modules/@testing-library/react/dist/act-compat.js:46:25
      at renderRoot (../../node_modules/.pnpm/@testing-library+react@16.3.2_@testing-library+dom@10.4.1_@types+react-dom@18.3.7_@types+reac_3k5f6qynewwmkoqvlvtzlgtsjq/node_modules/@testing-library/react/dist/pure.js:189:26)
      at render (../../node_modules/.pnpm/@testing-library+react@16.3.2_@testing-library+dom@10.4.1_@types+react-dom@18.3.7_@types+reac_3k5f6qynewwmkoqvlvtzlgtsjq/node_modules/@testing-library/react/dist/pure.js:291:10)
      at Object.<anonymous> (components/__tests__/orgs-table.test.tsx:62:11)

    console.error
      Error: Uncaught [Error: `Tooltip` must be used within `TooltipProvider`]
          at reportException (/app/node_modules/.pnpm/jsdom@20.0.3/node_modules/jsdom/lib/jsdom/living/helpers/runtime-script-errors.js:66:24)
          at innerInvokeEventListeners (/app/node_modules/.pnpm/jsdom@20.0.3/node_modules/jsdom/lib/jsdom/living/events/EventTarget-impl.js:353:9)
          at invokeEventListeners (/app/node_modules/.pnpm/jsdom@20.0.3/node_modules/jsdom/lib/jsdom/living/events/EventTarget-impl.js:286:3)
          at HTMLUnknownElementImpl._dispatch (/app/node_modules/.pnpm/jsdom@20.0.3/node_modules/jsdom/lib/jsdom/living/events/EventTarget-impl.js:233:9)
          at HTMLUnknownElementImpl.dispatchEvent (/app/node_modules/.pnpm/jsdom@20.0.3/node_modules/jsdom/lib/jsdom/living/events/EventTarget-impl.js:104:17)
          at HTMLUnknownElement.dispatchEvent (/app/node_modules/.pnpm/jsdom@20.0.3/node_modules/jsdom/lib/jsdom/living/generated/EventTarget.js:241:34)
          at Object.invokeGuardedCallbackDev (/app/node_modules/.pnpm/react-dom@18.3.1_react@18.3.1/node_modules/react-dom/cjs/react-dom.development.js:4213:16)
          at invokeGuardedCallback (/app/node_modules/.pnpm/react-dom@18.3.1_react@18.3.1/node_modules/react-dom/cjs/react-dom.development.js:4277:31)
          at beginWork$1 (/app/node_modules/.pnpm/react-dom@18.3.1_react@18.3.1/node_modules/react-dom/cjs/react-dom.development.js:27490:7)
          at performUnitOfWork (/app/node_modules/.pnpm/react-dom@18.3.1_react@18.3.1/node_modules/react-dom/cjs/react-dom.development.js:26599:12)
          at workLoopSync (/app/node_modules/.pnpm/react-dom@18.3.1_react@18.3.1/node_modules/react-dom/cjs/react-dom.development.js:26505:5)
          at renderRootSync (/app/node_modules/.pnpm/react-dom@18.3.1_react@18.3.1/node_modules/react-dom/cjs/react-dom.development.js:26473:7)
          at performConcurrentWorkOnRoot (/app/node_modules/.pnpm/react-dom@18.3.1_react@18.3.1/node_modules/react-dom/cjs/react-dom.development.js:25777:74)
          at flushActQueue (/app/node_modules/.pnpm/react@18.3.1/node_modules/react/cjs/react.development.js:2667:24)
          at act (/app/node_modules/.pnpm/react@18.3.1/node_modules/react/cjs/react.development.js:2582:11)
          at /app/node_modules/.pnpm/@testing-library+react@16.3.2_@testing-library+dom@10.4.1_@types+react-dom@18.3.7_@types+reac_3k5f6qynewwmkoqvlvtzlgtsjq/node_modules/@testing-library/react/dist/act-compat.js:46:25
          at renderRoot (/app/node_modules/.pnpm/@testing-library+react@16.3.2_@testing-library+dom@10.4.1_@types+react-dom@18.3.7_@types+reac_3k5f6qynewwmkoqvlvtzlgtsjq/node_modules/@testing-library/react/dist/pure.js:189:26)
          at render (/app/node_modules/.pnpm/@testing-library+react@16.3.2_@testing-library+dom@10.4.1_@types+react-dom@18.3.7_@types+reac_3k5f6qynewwmkoqvlvtzlgtsjq/node_modules/@testing-library/react/dist/pure.js:291:10)
          at Object.<anonymous> (/app/apps/admin/components/__tests__/orgs-table.test.tsx:62:11)
          at Promise.then.completed (/app/node_modules/.pnpm/jest-circus@29.7.0/node_modules/jest-circus/build/utils.js:298:28)
          at new Promise (<anonymous>)
          at callAsyncCircusFn (/app/node_modules/.pnpm/jest-circus@29.7.0/node_modules/jest-circus/build/utils.js:231:10)
          at _callCircusTest (/app/node_modules/.pnpm/jest-circus@29.7.0/node_modules/jest-circus/build/run.js:316:40)
          at processTicksAndRejections (node:internal/process/task_queues:103:5)
          at _runTest (/app/node_modules/.pnpm/jest-circus@29.7.0/node_modules/jest-circus/build/run.js:252:3)
          at _runTestsForDescribeBlock (/app/node_modules/.pnpm/jest-circus@29.7.0/node_modules/jest-circus/build/run.js:126:9)
          at _runTestsForDescribeBlock (/app/node_modules/.pnpm/jest-circus@29.7.0/node_modules/jest-circus/build/run.js:121:9)
          at run (/app/node_modules/.pnpm/jest-circus@29.7.0/node_modules/jest-circus/build/run.js:71:3)
          at runAndTransformResultsToJestFormat (/app/node_modules/.pnpm/jest-circus@29.7.0/node_modules/jest-circus/build/legacy-code-todo-rewrite/jestAdapterInit.js:122:21)
          at jestAdapter (/app/node_modules/.pnpm/jest-circus@29.7.0/node_modules/jest-circus/build/legacy-code-todo-rewrite/jestAdapter.js:79:19)
          at runTestInternal (/app/node_modules/.pnpm/jest-runner@29.7.0/node_modules/jest-runner/build/runTest.js:367:16)
          at runTest (/app/node_modules/.pnpm/jest-runner@29.7.0/node_modules/jest-runner/build/runTest.js:444:34)
          at Object.worker (/app/node_modules/.pnpm/jest-runner@29.7.0/node_modules/jest-runner/build/testWorker.js:106:12) {
        detail: Error: `Tooltip` must be used within `TooltipProvider`
            at useContext2 (/app/node_modules/.pnpm/@radix-ui+react-context@1.1.2_@types+react@18.3.29_react@18.3.1/node_modules/@radix-ui/react-context/src/create-context.tsx:75:13)
            at Tooltip (/app/node_modules/.pnpm/@radix-ui+react-tooltip@1.2.8_@types+react-dom@18.3.7_@types+react@18.3.29__@types+react@18.3_xrwsnt2rmlacewwolijhmzdoxi/node_modules/@radix-ui/react-tooltip/src/tooltip.tsx:162:27)
            at renderWithHooks (/app/node_modules/.pnpm/react-dom@18.3.1_react@18.3.1/node_modules/react-dom/cjs/react-dom.development.js:15486:18)
            at mountIndeterminateComponent (/app/node_modules/.pnpm/react-dom@18.3.1_react@18.3.1/node_modules/react-dom/cjs/react-dom.development.js:20103:13)
            at beginWork (/app/node_modules/.pnpm/react-dom@18.3.1_react@18.3.1/node_modules/react-dom/cjs/react-dom.development.js:21626:16)
            at HTMLUnknownElement.callCallback (/app/node_modules/.pnpm/react-dom@18.3.1_react@18.3.1/node_modules/react-dom/cjs/react-dom.development.js:4164:14)
            at HTMLUnknownElement.callTheUserObjectsOperation (/app/node_modules/.pnpm/jsdom@20.0.3/node_modules/jsdom/lib/jsdom/living/generated/EventListener.js:26:30)
            at innerInvokeEventListeners (/app/node_modules/.pnpm/jsdom@20.0.3/node_modules/jsdom/lib/jsdom/living/events/EventTarget-impl.js:350:25)
            at invokeEventListeners (/app/node_modules/.pnpm/jsdom@20.0.3/node_modules/jsdom/lib/jsdom/living/events/EventTarget-impl.js:286:3)
            at HTMLUnknownElementImpl._dispatch (/app/node_modules/.pnpm/jsdom@20.0.3/node_modules/jsdom/lib/jsdom/living/events/EventTarget-impl.js:233:9)
            at HTMLUnknownElementImpl.dispatchEvent (/app/node_modules/.pnpm/jsdom@20.0.3/node_modules/jsdom/lib/jsdom/living/events/EventTarget-impl.js:104:17)
            at HTMLUnknownElement.dispatchEvent (/app/node_modules/.pnpm/jsdom@20.0.3/node_modules/jsdom/lib/jsdom/living/generated/EventTarget.js:241:34)
            at Object.invokeGuardedCallbackDev (/app/node_modules/.pnpm/react-dom@18.3.1_react@18.3.1/node_modules/react-dom/cjs/react-dom.development.js:4213:16)
            at invokeGuardedCallback (/app/node_modules/.pnpm/react-dom@18.3.1_react@18.3.1/node_modules/react-dom/cjs/react-dom.development.js:4277:31)
            at beginWork$1 (/app/node_modules/.pnpm/react-dom@18.3.1_react@18.3.1/node_modules/react-dom/cjs/react-dom.development.js:27490:7)
            at performUnitOfWork (/app/node_modules/.pnpm/react-dom@18.3.1_react@18.3.1/node_modules/react-dom/cjs/react-dom.development.js:26599:12)
            at workLoopSync (/app/node_modules/.pnpm/react-dom@18.3.1_react@18.3.1/node_modules/react-dom/cjs/react-dom.development.js:26505:5)
            at renderRootSync (/app/node_modules/.pnpm/react-dom@18.3.1_react@18.3.1/node_modules/react-dom/cjs/react-dom.development.js:26473:7)
            at performConcurrentWorkOnRoot (/app/node_modules/.pnpm/react-dom@18.3.1_react@18.3.1/node_modules/react-dom/cjs/react-dom.development.js:25777:74)
            at flushActQueue (/app/node_modules/.pnpm/react@18.3.1/node_modules/react/cjs/react.development.js:2667:24)
            at act (/app/node_modules/.pnpm/react@18.3.1/node_modules/react/cjs/react.development.js:2582:11)
            at /app/node_modules/.pnpm/@testing-library+react@16.3.2_@testing-library+dom@10.4.1_@types+react-dom@18.3.7_@types+reac_3k5f6qynewwmkoqvlvtzlgtsjq/node_modules/@testing-library/react/dist/act-compat.js:46:25
            at renderRoot (/app/node_modules/.pnpm/@testing-library+react@16.3.2_@testing-library+dom@10.4.1_@types+react-dom@18.3.7_@types+reac_3k5f6qynewwmkoqvlvtzlgtsjq/node_modules/@testing-library/react/dist/pure.js:189:26)
            at render (/app/node_modules/.pnpm/@testing-library+react@16.3.2_@testing-library+dom@10.4.1_@types+react-dom@18.3.7_@types+reac_3k5f6qynewwmkoqvlvtzlgtsjq/node_modules/@testing-library/react/dist/pure.js:291:10)
            at Object.<anonymous> (/app/apps/admin/components/__tests__/orgs-table.test.tsx:62:11)
            at Promise.then.completed (/app/node_modules/.pnpm/jest-circus@29.7.0/node_modules/jest-circus/build/utils.js:298:28)
            at new Promise (<anonymous>)
            at callAsyncCircusFn (/app/node_modules/.pnpm/jest-circus@29.7.0/node_modules/jest-circus/build/utils.js:231:10)
            at _callCircusTest (/app/node_modules/.pnpm/jest-circus@29.7.0/node_modules/jest-circus/build/run.js:316:40)
            at processTicksAndRejections (node:internal/process/task_queues:103:5)
            at _runTest (/app/node_modules/.pnpm/jest-circus@29.7.0/node_modules/jest-circus/build/run.js:252:3)
            at _runTestsForDescribeBlock (/app/node_modules/.pnpm/jest-circus@29.7.0/node_modules/jest-circus/build/run.js:126:9)
            at _runTestsForDescribeBlock (/app/node_modules/.pnpm/jest-circus@29.7.0/node_modules/jest-circus/build/run.js:121:9)
            at run (/app/node_modules/.pnpm/jest-circus@29.7.0/node_modules/jest-circus/build/run.js:71:3)
            at runAndTransformResultsToJestFormat (/app/node_modules/.pnpm/jest-circus@29.7.0/node_modules/jest-circus/build/legacy-code-todo-rewrite/jestAdapterInit.js:122:21)
            at jestAdapter (/app/node_modules/.pnpm/jest-circus@29.7.0/node_modules/jest-circus/build/legacy-code-todo-rewrite/jestAdapter.js:79:19)
            at runTestInternal (/app/node_modules/.pnpm/jest-runner@29.7.0/node_modules/jest-runner/build/runTest.js:367:16)
            at runTest (/app/node_modules/.pnpm/jest-runner@29.7.0/node_modules/jest-runner/build/runTest.js:444:34)
            at Object.worker (/app/node_modules/.pnpm/jest-runner@29.7.0/node_modules/jest-runner/build/testWorker.js:106:12),
        type: 'unhandled exception'
      }

      60 |
      61 |   it('clicking Delete on an ordinary org opens ConfirmDialog with the org name', async () => {
    > 62 |     render(withIntl(<OrgsTable initial={initial} apps={apps} />))
         |           ^
      63 |     const menuButtons = screen.getAllByRole('button', { name: /more/i })
      64 |     fireEvent.click(menuButtons[0])
      65 |     fireEvent.click(await screen.findByRole('menuitem', { name: en.orgs.actions.delete }))

      at VirtualConsole.<anonymous> (../../node_modules/.pnpm/jest-environment-jsdom@29.7.0/node_modules/jest-environment-jsdom/build/index.js:63:23)
      at reportException (../../node_modules/.pnpm/jsdom@20.0.3/node_modules/jsdom/lib/jsdom/living/helpers/runtime-script-errors.js:70:28)
      at innerInvokeEventListeners (../../node_modules/.pnpm/jsdom@20.0.3/node_modules/jsdom/lib/jsdom/living/events/EventTarget-impl.js:353:9)
      at invokeEventListeners (../../node_modules/.pnpm/jsdom@20.0.3/node_modules/jsdom/lib/jsdom/living/events/EventTarget-impl.js:286:3)
      at HTMLUnknownElementImpl._dispatch (../../node_modules/.pnpm/jsdom@20.0.3/node_modules/jsdom/lib/jsdom/living/events/EventTarget-impl.js:233:9)
      at HTMLUnknownElementImpl.dispatchEvent (../../node_modules/.pnpm/jsdom@20.0.3/node_modules/jsdom/lib/jsdom/living/events/EventTarget-impl.js:104:17)
      at HTMLUnknownElement.dispatchEvent (../../node_modules/.pnpm/jsdom@20.0.3/node_modules/jsdom/lib/jsdom/living/generated/EventTarget.js:241:34)
      at Object.invokeGuardedCallbackDev (../../node_modules/.pnpm/react-dom@18.3.1_react@18.3.1/node_modules/react-dom/cjs/react-dom.development.js:4213:16)
      at invokeGuardedCallback (../../node_modules/.pnpm/react-dom@18.3.1_react@18.3.1/node_modules/react-dom/cjs/react-dom.development.js:4277:31)
      at beginWork$1 (../../node_modules/.pnpm/react-dom@18.3.1_react@18.3.1/node_modules/react-dom/cjs/react-dom.development.js:27490:7)
      at performUnitOfWork (../../node_modules/.pnpm/react-dom@18.3.1_react@18.3.1/node_modules/react-dom/cjs/react-dom.development.js:26599:12)
      at workLoopSync (../../node_modules/.pnpm/react-dom@18.3.1_react@18.3.1/node_modules/react-dom/cjs/react-dom.development.js:26505:5)
      at renderRootSync (../../node_modules/.pnpm/react-dom@18.3.1_react@18.3.1/node_modules/react-dom/cjs/react-dom.development.js:26473:7)
      at performConcurrentWorkOnRoot (../../node_modules/.pnpm/react-dom@18.3.1_react@18.3.1/node_modules/react-dom/cjs/react-dom.development.js:25777:74)
      at flushActQueue (../../node_modules/.pnpm/react@18.3.1/node_modules/react/cjs/react.development.js:2667:24)
      at act (../../node_modules/.pnpm/react@18.3.1/node_modules/react/cjs/react.development.js:2582:11)
      at ../../node_modules/.pnpm/@testing-library+react@16.3.2_@testing-library+dom@10.4.1_@types+react-dom@18.3.7_@types+reac_3k5f6qynewwmkoqvlvtzlgtsjq/node_modules/@testing-library/react/dist/act-compat.js:46:25
      at renderRoot (../../node_modules/.pnpm/@testing-library+react@16.3.2_@testing-library+dom@10.4.1_@types+react-dom@18.3.7_@types+reac_3k5f6qynewwmkoqvlvtzlgtsjq/node_modules/@testing-library/react/dist/pure.js:189:26)
      at render (../../node_modules/.pnpm/@testing-library+react@16.3.2_@testing-library+dom@10.4.1_@types+react-dom@18.3.7_@types+reac_3k5f6qynewwmkoqvlvtzlgtsjq/node_modules/@testing-library/react/dist/pure.js:291:10)
      at Object.<anonymous> (components/__tests__/orgs-table.test.tsx:62:11)

    console.error
      Error: Uncaught [Error: `Tooltip` must be used within `TooltipProvider`]
          at reportException (/app/node_modules/.pnpm/jsdom@20.0.3/node_modules/jsdom/lib/jsdom/living/helpers/runtime-script-errors.js:66:24)
          at innerInvokeEventListeners (/app/node_modules/.pnpm/jsdom@20.0.3/node_modules/jsdom/lib/jsdom/living/events/EventTarget-impl.js:353:9)
          at invokeEventListeners (/app/node_modules/.pnpm/jsdom@20.0.3/node_modules/jsdom/lib/jsdom/living/events/EventTarget-impl.js:286:3)
          at HTMLUnknownElementImpl._dispatch (/app/node_modules/.pnpm/jsdom@20.0.3/node_modules/jsdom/lib/jsdom/living/events/EventTarget-impl.js:233:9)
          at HTMLUnknownElementImpl.dispatchEvent (/app/node_modules/.pnpm/jsdom@20.0.3/node_modules/jsdom/lib/jsdom/living/events/EventTarget-impl.js:104:17)
          at HTMLUnknownElement.dispatchEvent (/app/node_modules/.pnpm/jsdom@20.0.3/node_modules/jsdom/lib/jsdom/living/generated/EventTarget.js:241:34)
          at Object.invokeGuardedCallbackDev (/app/node_modules/.pnpm/react-dom@18.3.1_react@18.3.1/node_modules/react-dom/cjs/react-dom.development.js:4213:16)
          at invokeGuardedCallback (/app/node_modules/.pnpm/react-dom@18.3.1_react@18.3.1/node_modules/react-dom/cjs/react-dom.development.js:4277:31)
          at beginWork$1 (/app/node_modules/.pnpm/react-dom@18.3.1_react@18.3.1/node_modules/react-dom/cjs/react-dom.development.js:27490:7)
          at performUnitOfWork (/app/node_modules/.pnpm/react-dom@18.3.1_react@18.3.1/node_modules/react-dom/cjs/react-dom.development.js:26599:12)
          at workLoopSync (/app/node_modules/.pnpm/react-dom@18.3.1_react@18.3.1/node_modules/react-dom/cjs/react-dom.development.js:26505:5)
          at renderRootSync (/app/node_modules/.pnpm/react-dom@18.3.1_react@18.3.1/node_modules/react-dom/cjs/react-dom.development.js:26473:7)
          at performConcurrentWorkOnRoot (/app/node_modules/.pnpm/react-dom@18.3.1_react@18.3.1/node_modules/react-dom/cjs/react-dom.development.js:25777:74)
          at flushActQueue (/app/node_modules/.pnpm/react@18.3.1/node_modules/react/cjs/react.development.js:2667:24)
          at act (/app/node_modules/.pnpm/react@18.3.1/node_modules/react/cjs/react.development.js:2582:11)
          at /app/node_modules/.pnpm/@testing-library+react@16.3.2_@testing-library+dom@10.4.1_@types+react-dom@18.3.7_@types+reac_3k5f6qynewwmkoqvlvtzlgtsjq/node_modules/@testing-library/react/dist/act-compat.js:46:25
          at renderRoot (/app/node_modules/.pnpm/@testing-library+react@16.3.2_@testing-library+dom@10.4.1_@types+react-dom@18.3.7_@types+reac_3k5f6qynewwmkoqvlvtzlgtsjq/node_modules/@testing-library/react/dist/pure.js:189:26)
          at render (/app/node_modules/.pnpm/@testing-library+react@16.3.2_@testing-library+dom@10.4.1_@types+react-dom@18.3.7_@types+reac_3k5f6qynewwmkoqvlvtzlgtsjq/node_modules/@testing-library/react/dist/pure.js:291:10)
          at Object.<anonymous> (/app/apps/admin/components/__tests__/orgs-table.test.tsx:62:11)
          at Promise.then.completed (/app/node_modules/.pnpm/jest-circus@29.7.0/node_modules/jest-circus/build/utils.js:298:28)
          at new Promise (<anonymous>)
          at callAsyncCircusFn (/app/node_modules/.pnpm/jest-circus@29.7.0/node_modules/jest-circus/build/utils.js:231:10)
          at _callCircusTest (/app/node_modules/.pnpm/jest-circus@29.7.0/node_modules/jest-circus/build/run.js:316:40)
          at processTicksAndRejections (node:internal/process/task_queues:103:5)
          at _runTest (/app/node_modules/.pnpm/jest-circus@29.7.0/node_modules/jest-circus/build/run.js:252:3)
          at _runTestsForDescribeBlock (/app/node_modules/.pnpm/jest-circus@29.7.0/node_modules/jest-circus/build/run.js:126:9)
          at _runTestsForDescribeBlock (/app/node_modules/.pnpm/jest-circus@29.7.0/node_modules/jest-circus/build/run.js:121:9)
          at run (/app/node_modules/.pnpm/jest-circus@29.7.0/node_modules/jest-circus/build/run.js:71:3)
          at runAndTransformResultsToJestFormat (/app/node_modules/.pnpm/jest-circus@29.7.0/node_modules/jest-circus/build/legacy-code-todo-rewrite/jestAdapterInit.js:122:21)
          at jestAdapter (/app/node_modules/.pnpm/jest-circus@29.7.0/node_modules/jest-circus/build/legacy-code-todo-rewrite/jestAdapter.js:79:19)
          at runTestInternal (/app/node_modules/.pnpm/jest-runner@29.7.0/node_modules/jest-runner/build/runTest.js:367:16)
          at runTest (/app/node_modules/.pnpm/jest-runner@29.7.0/node_modules/jest-runner/build/runTest.js:444:34)
          at Object.worker (/app/node_modules/.pnpm/jest-runner@29.7.0/node_modules/jest-runner/build/testWorker.js:106:12) {
        detail: Error: `Tooltip` must be used within `TooltipProvider`
            at useContext2 (/app/node_modules/.pnpm/@radix-ui+react-context@1.1.2_@types+react@18.3.29_react@18.3.1/node_modules/@radix-ui/react-context/src/create-context.tsx:75:13)
            at Tooltip (/app/node_modules/.pnpm/@radix-ui+react-tooltip@1.2.8_@types+react-dom@18.3.7_@types+react@18.3.29__@types+react@18.3_xrwsnt2rmlacewwolijhmzdoxi/node_modules/@radix-ui/react-tooltip/src/tooltip.tsx:162:27)
            at renderWithHooks (/app/node_modules/.pnpm/react-dom@18.3.1_react@18.3.1/node_modules/react-dom/cjs/react-dom.development.js:15486:18)
            at mountIndeterminateComponent (/app/node_modules/.pnpm/react-dom@18.3.1_react@18.3.1/node_modules/react-dom/cjs/react-dom.development.js:20103:13)
            at beginWork (/app/node_modules/.pnpm/react-dom@18.3.1_react@18.3.1/node_modules/react-dom/cjs/react-dom.development.js:21626:16)
            at HTMLUnknownElement.callCallback (/app/node_modules/.pnpm/react-dom@18.3.1_react@18.3.1/node_modules/react-dom/cjs/react-dom.development.js:4164:14)
            at HTMLUnknownElement.callTheUserObjectsOperation (/app/node_modules/.pnpm/jsdom@20.0.3/node_modules/jsdom/lib/jsdom/living/generated/EventListener.js:26:30)
            at innerInvokeEventListeners (/app/node_modules/.pnpm/jsdom@20.0.3/node_modules/jsdom/lib/jsdom/living/events/EventTarget-impl.js:350:25)
            at invokeEventListeners (/app/node_modules/.pnpm/jsdom@20.0.3/node_modules/jsdom/lib/jsdom/living/events/EventTarget-impl.js:286:3)
            at HTMLUnknownElementImpl._dispatch (/app/node_modules/.pnpm/jsdom@20.0.3/node_modules/jsdom/lib/jsdom/living/events/EventTarget-impl.js:233:9)
            at HTMLUnknownElementImpl.dispatchEvent (/app/node_modules/.pnpm/jsdom@20.0.3/node_modules/jsdom/lib/jsdom/living/events/EventTarget-impl.js:104:17)
            at HTMLUnknownElement.dispatchEvent (/app/node_modules/.pnpm/jsdom@20.0.3/node_modules/jsdom/lib/jsdom/living/generated/EventTarget.js:241:34)
            at Object.invokeGuardedCallbackDev (/app/node_modules/.pnpm/react-dom@18.3.1_react@18.3.1/node_modules/react-dom/cjs/react-dom.development.js:4213:16)
            at invokeGuardedCallback (/app/node_modules/.pnpm/react-dom@18.3.1_react@18.3.1/node_modules/react-dom/cjs/react-dom.development.js:4277:31)
            at beginWork$1 (/app/node_modules/.pnpm/react-dom@18.3.1_react@18.3.1/node_modules/react-dom/cjs/react-dom.development.js:27490:7)
            at performUnitOfWork (/app/node_modules/.pnpm/react-dom@18.3.1_react@18.3.1/node_modules/react-dom/cjs/react-dom.development.js:26599:12)
            at workLoopSync (/app/node_modules/.pnpm/react-dom@18.3.1_react@18.3.1/node_modules/react-dom/cjs/react-dom.development.js:26505:5)
            at renderRootSync (/app/node_modules/.pnpm/react-dom@18.3.1_react@18.3.1/node_modules/react-dom/cjs/react-dom.development.js:26473:7)
            at performConcurrentWorkOnRoot (/app/node_modules/.pnpm/react-dom@18.3.1_react@18.3.1/node_modules/react-dom/cjs/react-dom.development.js:25777:74)
            at flushActQueue (/app/node_modules/.pnpm/react@18.3.1/node_modules/react/cjs/react.development.js:2667:24)
            at act (/app/node_modules/.pnpm/react@18.3.1/node_modules/react/cjs/react.development.js:2582:11)
            at /app/node_modules/.pnpm/@testing-library+react@16.3.2_@testing-library+dom@10.4.1_@types+react-dom@18.3.7_@types+reac_3k5f6qynewwmkoqvlvtzlgtsjq/node_modules/@testing-library/react/dist/act-compat.js:46:25
            at renderRoot (/app/node_modules/.pnpm/@testing-library+react@16.3.2_@testing-library+dom@10.4.1_@types+react-dom@18.3.7_@types+reac_3k5f6qynewwmkoqvlvtzlgtsjq/node_modules/@testing-library/react/dist/pure.js:189:26)
            at render (/app/node_modules/.pnpm/@testing-library+react@16.3.2_@testing-library+dom@10.4.1_@types+react-dom@18.3.7_@types+reac_3k5f6qynewwmkoqvlvtzlgtsjq/node_modules/@testing-library/react/dist/pure.js:291:10)
            at Object.<anonymous> (/app/apps/admin/components/__tests__/orgs-table.test.tsx:62:11)
            at Promise.then.completed (/app/node_modules/.pnpm/jest-circus@29.7.0/node_modules/jest-circus/build/utils.js:298:28)
            at new Promise (<anonymous>)
            at callAsyncCircusFn (/app/node_modules/.pnpm/jest-circus@29.7.0/node_modules/jest-circus/build/utils.js:231:10)
            at _callCircusTest (/app/node_modules/.pnpm/jest-circus@29.7.0/node_modules/jest-circus/build/run.js:316:40)
            at processTicksAndRejections (node:internal/process/task_queues:103:5)
            at _runTest (/app/node_modules/.pnpm/jest-circus@29.7.0/node_modules/jest-circus/build/run.js:252:3)
            at _runTestsForDescribeBlock (/app/node_modules/.pnpm/jest-circus@29.7.0/node_modules/jest-circus/build/run.js:126:9)
            at _runTestsForDescribeBlock (/app/node_modules/.pnpm/jest-circus@29.7.0/node_modules/jest-circus/build/run.js:121:9)
            at run (/app/node_modules/.pnpm/jest-circus@29.7.0/node_modules/jest-circus/build/run.js:71:3)
            at runAndTransformResultsToJestFormat (/app/node_modules/.pnpm/jest-circus@29.7.0/node_modules/jest-circus/build/legacy-code-todo-rewrite/jestAdapterInit.js:122:21)
            at jestAdapter (/app/node_modules/.pnpm/jest-circus@29.7.0/node_modules/jest-circus/build/legacy-code-todo-rewrite/jestAdapter.js:79:19)
            at runTestInternal (/app/node_modules/.pnpm/jest-runner@29.7.0/node_modules/jest-runner/build/runTest.js:367:16)
            at runTest (/app/node_modules/.pnpm/jest-runner@29.7.0/node_modules/jest-runner/build/runTest.js:444:34)
            at Object.worker (/app/node_modules/.pnpm/jest-runner@29.7.0/node_modules/jest-runner/build/testWorker.js:106:12),
        type: 'unhandled exception'
      }

      60 |
      61 |   it('clicking Delete on an ordinary org opens ConfirmDialog with the org name', async () => {
    > 62 |     render(withIntl(<OrgsTable initial={initial} apps={apps} />))
         |           ^
      63 |     const menuButtons = screen.getAllByRole('button', { name: /more/i })
      64 |     fireEvent.click(menuButtons[0])
      65 |     fireEvent.click(await screen.findByRole('menuitem', { name: en.orgs.actions.delete }))

      at VirtualConsole.<anonymous> (../../node_modules/.pnpm/jest-environment-jsdom@29.7.0/node_modules/jest-environment-jsdom/build/index.js:63:23)
      at reportException (../../node_modules/.pnpm/jsdom@20.0.3/node_modules/jsdom/lib/jsdom/living/helpers/runtime-script-errors.js:70:28)
      at innerInvokeEventListeners (../../node_modules/.pnpm/jsdom@20.0.3/node_modules/jsdom/lib/jsdom/living/events/EventTarget-impl.js:353:9)
      at invokeEventListeners (../../node_modules/.pnpm/jsdom@20.0.3/node_modules/jsdom/lib/jsdom/living/events/EventTarget-impl.js:286:3)
      at HTMLUnknownElementImpl._dispatch (../../node_modules/.pnpm/jsdom@20.0.3/node_modules/jsdom/lib/jsdom/living/events/EventTarget-impl.js:233:9)
      at HTMLUnknownElementImpl.dispatchEvent (../../node_modules/.pnpm/jsdom@20.0.3/node_modules/jsdom/lib/jsdom/living/events/EventTarget-impl.js:104:17)
      at HTMLUnknownElement.dispatchEvent (../../node_modules/.pnpm/jsdom@20.0.3/node_modules/jsdom/lib/jsdom/living/generated/EventTarget.js:241:34)
      at Object.invokeGuardedCallbackDev (../../node_modules/.pnpm/react-dom@18.3.1_react@18.3.1/node_modules/react-dom/cjs/react-dom.development.js:4213:16)
      at invokeGuardedCallback (../../node_modules/.pnpm/react-dom@18.3.1_react@18.3.1/node_modules/react-dom/cjs/react-dom.development.js:4277:31)
      at beginWork$1 (../../node_modules/.pnpm/react-dom@18.3.1_react@18.3.1/node_modules/react-dom/cjs/react-dom.development.js:27490:7)
      at performUnitOfWork (../../node_modules/.pnpm/react-dom@18.3.1_react@18.3.1/node_modules/react-dom/cjs/react-dom.development.js:26599:12)
      at workLoopSync (../../node_modules/.pnpm/react-dom@18.3.1_react@18.3.1/node_modules/react-dom/cjs/react-dom.development.js:26505:5)
      at renderRootSync (../../node_modules/.pnpm/react-dom@18.3.1_react@18.3.1/node_modules/react-dom/cjs/react-dom.development.js:26473:7)
      at performConcurrentWorkOnRoot (../../node_modules/.pnpm/react-dom@18.3.1_react@18.3.1/node_modules/react-dom/cjs/react-dom.development.js:25777:74)
      at flushActQueue (../../node_modules/.pnpm/react@18.3.1/node_modules/react/cjs/react.development.js:2667:24)
      at act (../../node_modules/.pnpm/react@18.3.1/node_modules/react/cjs/react.development.js:2582:11)
      at ../../node_modules/.pnpm/@testing-library+react@16.3.2_@testing-library+dom@10.4.1_@types+react-dom@18.3.7_@types+reac_3k5f6qynewwmkoqvlvtzlgtsjq/node_modules/@testing-library/react/dist/act-compat.js:46:25
      at renderRoot (../../node_modules/.pnpm/@testing-library+react@16.3.2_@testing-library+dom@10.4.1_@types+react-dom@18.3.7_@types+reac_3k5f6qynewwmkoqvlvtzlgtsjq/node_modules/@testing-library/react/dist/pure.js:189:26)
      at render (../../node_modules/.pnpm/@testing-library+react@16.3.2_@testing-library+dom@10.4.1_@types+react-dom@18.3.7_@types+reac_3k5f6qynewwmkoqvlvtzlgtsjq/node_modules/@testing-library/react/dist/pure.js:291:10)
      at Object.<anonymous> (components/__tests__/orgs-table.test.tsx:62:11)

    console.error
      Error: Uncaught [Error: `Tooltip` must be used within `TooltipProvider`]
          at reportException (/app/node_modules/.pnpm/jsdom@20.0.3/node_modules/jsdom/lib/jsdom/living/helpers/runtime-script-errors.js:66:24)
          at innerInvokeEventListeners (/app/node_modules/.pnpm/jsdom@20.0.3/node_modules/jsdom/lib/jsdom/living/events/EventTarget-impl.js:353:9)
          at invokeEventListeners (/app/node_modules/.pnpm/jsdom@20.0.3/node_modules/jsdom/lib/jsdom/living/events/EventTarget-impl.js:286:3)
          at HTMLUnknownElementImpl._dispatch (/app/node_modules/.pnpm/jsdom@20.0.3/node_modules/jsdom/lib/jsdom/living/events/EventTarget-impl.js:233:9)
          at HTMLUnknownElementImpl.dispatchEvent (/app/node_modules/.pnpm/jsdom@20.0.3/node_modules/jsdom/lib/jsdom/living/events/EventTarget-impl.js:104:17)
          at HTMLUnknownElement.dispatchEvent (/app/node_modules/.pnpm/jsdom@20.0.3/node_modules/jsdom/lib/jsdom/living/generated/EventTarget.js:241:34)
          at Object.invokeGuardedCallbackDev (/app/node_modules/.pnpm/react-dom@18.3.1_react@18.3.1/node_modules/react-dom/cjs/react-dom.development.js:4213:16)
          at invokeGuardedCallback (/app/node_modules/.pnpm/react-dom@18.3.1_react@18.3.1/node_modules/react-dom/cjs/react-dom.development.js:4277:31)
          at beginWork$1 (/app/node_modules/.pnpm/react-dom@18.3.1_react@18.3.1/node_modules/react-dom/cjs/react-dom.development.js:27490:7)
          at performUnitOfWork (/app/node_modules/.pnpm/react-dom@18.3.1_react@18.3.1/node_modules/react-dom/cjs/react-dom.development.js:26599:12)
          at workLoopSync (/app/node_modules/.pnpm/react-dom@18.3.1_react@18.3.1/node_modules/react-dom/cjs/react-dom.development.js:26505:5)
          at renderRootSync (/app/node_modules/.pnpm/react-dom@18.3.1_react@18.3.1/node_modules/react-dom/cjs/react-dom.development.js:26473:7)
          at recoverFromConcurrentError (/app/node_modules/.pnpm/react-dom@18.3.1_react@18.3.1/node_modules/react-dom/cjs/react-dom.development.js:25889:20)
          at performConcurrentWorkOnRoot (/app/node_modules/.pnpm/react-dom@18.3.1_react@18.3.1/node_modules/react-dom/cjs/react-dom.development.js:25789:22)
          at flushActQueue (/app/node_modules/.pnpm/react@18.3.1/node_modules/react/cjs/react.development.js:2667:24)
          at act (/app/node_modules/.pnpm/react@18.3.1/node_modules/react/cjs/react.development.js:2582:11)
          at /app/node_modules/.pnpm/@testing-library+react@16.3.2_@testing-library+dom@10.4.1_@types+react-dom@18.3.7_@types+reac_3k5f6qynewwmkoqvlvtzlgtsjq/node_modules/@testing-library/react/dist/act-compat.js:46:25
          at renderRoot (/app/node_modules/.pnpm/@testing-library+react@16.3.2_@testing-library+dom@10.4.1_@types+react-dom@18.3.7_@types+reac_3k5f6qynewwmkoqvlvtzlgtsjq/node_modules/@testing-library/react/dist/pure.js:189:26)
          at render (/app/node_modules/.pnpm/@testing-library+react@16.3.2_@testing-library+dom@10.4.1_@types+react-dom@18.3.7_@types+reac_3k5f6qynewwmkoqvlvtzlgtsjq/node_modules/@testing-library/react/dist/pure.js:291:10)
          at Object.<anonymous> (/app/apps/admin/components/__tests__/orgs-table.test.tsx:62:11)
          at Promise.then.completed (/app/node_modules/.pnpm/jest-circus@29.7.0/node_modules/jest-circus/build/utils.js:298:28)
          at new Promise (<anonymous>)
          at callAsyncCircusFn (/app/node_modules/.pnpm/jest-circus@29.7.0/node_modules/jest-circus/build/utils.js:231:10)
          at _callCircusTest (/app/node_modules/.pnpm/jest-circus@29.7.0/node_modules/jest-circus/build/run.js:316:40)
          at processTicksAndRejections (node:internal/process/task_queues:103:5)
          at _runTest (/app/node_modules/.pnpm/jest-circus@29.7.0/node_modules/jest-circus/build/run.js:252:3)
          at _runTestsForDescribeBlock (/app/node_modules/.pnpm/jest-circus@29.7.0/node_modules/jest-circus/build/run.js:126:9)
          at _runTestsForDescribeBlock (/app/node_modules/.pnpm/jest-circus@29.7.0/node_modules/jest-circus/build/run.js:121:9)
          at run (/app/node_modules/.pnpm/jest-circus@29.7.0/node_modules/jest-circus/build/run.js:71:3)
          at runAndTransformResultsToJestFormat (/app/node_modules/.pnpm/jest-circus@29.7.0/node_modules/jest-circus/build/legacy-code-todo-rewrite/jestAdapterInit.js:122:21)
          at jestAdapter (/app/node_modules/.pnpm/jest-circus@29.7.0/node_modules/jest-circus/build/legacy-code-todo-rewrite/jestAdapter.js:79:19)
          at runTestInternal (/app/node_modules/.pnpm/jest-runner@29.7.0/node_modules/jest-runner/build/runTest.js:367:16)
          at runTest (/app/node_modules/.pnpm/jest-runner@29.7.0/node_modules/jest-runner/build/runTest.js:444:34)
          at Object.worker (/app/node_modules/.pnpm/jest-runner@29.7.0/node_modules/jest-runner/build/testWorker.js:106:12) {
        detail: Error: `Tooltip` must be used within `TooltipProvider`
            at useContext2 (/app/node_modules/.pnpm/@radix-ui+react-context@1.1.2_@types+react@18.3.29_react@18.3.1/node_modules/@radix-ui/react-context/src/create-context.tsx:75:13)
            at Tooltip (/app/node_modules/.pnpm/@radix-ui+react-tooltip@1.2.8_@types+react-dom@18.3.7_@types+react@18.3.29__@types+react@18.3_xrwsnt2rmlacewwolijhmzdoxi/node_modules/@radix-ui/react-tooltip/src/tooltip.tsx:162:27)
            at renderWithHooks (/app/node_modules/.pnpm/react-dom@18.3.1_react@18.3.1/node_modules/react-dom/cjs/react-dom.development.js:15486:18)
            at mountIndeterminateComponent (/app/node_modules/.pnpm/react-dom@18.3.1_react@18.3.1/node_modules/react-dom/cjs/react-dom.development.js:20103:13)
            at beginWork (/app/node_modules/.pnpm/react-dom@18.3.1_react@18.3.1/node_modules/react-dom/cjs/react-dom.development.js:21626:16)
            at HTMLUnknownElement.callCallback (/app/node_modules/.pnpm/react-dom@18.3.1_react@18.3.1/node_modules/react-dom/cjs/react-dom.development.js:4164:14)
            at HTMLUnknownElement.callTheUserObjectsOperation (/app/node_modules/.pnpm/jsdom@20.0.3/node_modules/jsdom/lib/jsdom/living/generated/EventListener.js:26:30)
            at innerInvokeEventListeners (/app/node_modules/.pnpm/jsdom@20.0.3/node_modules/jsdom/lib/jsdom/living/events/EventTarget-impl.js:350:25)
            at invokeEventListeners (/app/node_modules/.pnpm/jsdom@20.0.3/node_modules/jsdom/lib/jsdom/living/events/EventTarget-impl.js:286:3)
            at HTMLUnknownElementImpl._dispatch (/app/node_modules/.pnpm/jsdom@20.0.3/node_modules/jsdom/lib/jsdom/living/events/EventTarget-impl.js:233:9)
            at HTMLUnknownElementImpl.dispatchEvent (/app/node_modules/.pnpm/jsdom@20.0.3/node_modules/jsdom/lib/jsdom/living/events/EventTarget-impl.js:104:17)
            at HTMLUnknownElement.dispatchEvent (/app/node_modules/.pnpm/jsdom@20.0.3/node_modules/jsdom/lib/jsdom/living/generated/EventTarget.js:241:34)
            at Object.invokeGuardedCallbackDev (/app/node_modules/.pnpm/react-dom@18.3.1_react@18.3.1/node_modules/react-dom/cjs/react-dom.development.js:4213:16)
            at invokeGuardedCallback (/app/node_modules/.pnpm/react-dom@18.3.1_react@18.3.1/node_modules/react-dom/cjs/react-dom.development.js:4277:31)
            at beginWork$1 (/app/node_modules/.pnpm/react-dom@18.3.1_react@18.3.1/node_modules/react-dom/cjs/react-dom.development.js:27490:7)
            at performUnitOfWork (/app/node_modules/.pnpm/react-dom@18.3.1_react@18.3.1/node_modules/react-dom/cjs/react-dom.development.js:26599:12)
            at workLoopSync (/app/node_modules/.pnpm/react-dom@18.3.1_react@18.3.1/node_modules/react-dom/cjs/react-dom.development.js:26505:5)
            at renderRootSync (/app/node_modules/.pnpm/react-dom@18.3.1_react@18.3.1/node_modules/react-dom/cjs/react-dom.development.js:26473:7)
            at recoverFromConcurrentError (/app/node_modules/.pnpm/react-dom@18.3.1_react@18.3.1/node_modules/react-dom/cjs/react-dom.development.js:25889:20)
            at performConcurrentWorkOnRoot (/app/node_modules/.pnpm/react-dom@18.3.1_react@18.3.1/node_modules/react-dom/cjs/react-dom.development.js:25789:22)
            at flushActQueue (/app/node_modules/.pnpm/react@18.3.1/node_modules/react/cjs/react.development.js:2667:24)
            at act (/app/node_modules/.pnpm/react@18.3.1/node_modules/react/cjs/react.development.js:2582:11)
            at /app/node_modules/.pnpm/@testing-library+react@16.3.2_@testing-library+dom@10.4.1_@types+react-dom@18.3.7_@types+reac_3k5f6qynewwmkoqvlvtzlgtsjq/node_modules/@testing-library/react/dist/act-compat.js:46:25
            at renderRoot (/app/node_modules/.pnpm/@testing-library+react@16.3.2_@testing-library+dom@10.4.1_@types+react-dom@18.3.7_@types+reac_3k5f6qynewwmkoqvlvtzlgtsjq/node_modules/@testing-library/react/dist/pure.js:189:26)
            at render (/app/node_modules/.pnpm/@testing-library+react@16.3.2_@testing-library+dom@10.4.1_@types+react-dom@18.3.7_@types+reac_3k5f6qynewwmkoqvlvtzlgtsjq/node_modules/@testing-library/react/dist/pure.js:291:10)
            at Object.<anonymous> (/app/apps/admin/components/__tests__/orgs-table.test.tsx:62:11)
            at Promise.then.completed (/app/node_modules/.pnpm/jest-circus@29.7.0/node_modules/jest-circus/build/utils.js:298:28)
            at new Promise (<anonymous>)
            at callAsyncCircusFn (/app/node_modules/.pnpm/jest-circus@29.7.0/node_modules/jest-circus/build/utils.js:231:10)
            at _callCircusTest (/app/node_modules/.pnpm/jest-circus@29.7.0/node_modules/jest-circus/build/run.js:316:40)
            at processTicksAndRejections (node:internal/process/task_queues:103:5)
            at _runTest (/app/node_modules/.pnpm/jest-circus@29.7.0/node_modules/jest-circus/build/run.js:252:3)
            at _runTestsForDescribeBlock (/app/node_modules/.pnpm/jest-circus@29.7.0/node_modules/jest-circus/build/run.js:126:9)
            at _runTestsForDescribeBlock (/app/node_modules/.pnpm/jest-circus@29.7.0/node_modules/jest-circus/build/run.js:121:9)
            at run (/app/node_modules/.pnpm/jest-circus@29.7.0/node_modules/jest-circus/build/run.js:71:3)
            at runAndTransformResultsToJestFormat (/app/node_modules/.pnpm/jest-circus@29.7.0/node_modules/jest-circus/build/legacy-code-todo-rewrite/jestAdapterInit.js:122:21)
            at jestAdapter (/app/node_modules/.pnpm/jest-circus@29.7.0/node_modules/jest-circus/build/legacy-code-todo-rewrite/jestAdapter.js:79:19)
            at runTestInternal (/app/node_modules/.pnpm/jest-runner@29.7.0/node_modules/jest-runner/build/runTest.js:367:16)
            at runTest (/app/node_modules/.pnpm/jest-runner@29.7.0/node_modules/jest-runner/build/runTest.js:444:34)
            at Object.worker (/app/node_modules/.pnpm/jest-runner@29.7.0/node_modules/jest-runner/build/testWorker.js:106:12),
        type: 'unhandled exception'
      }

      60 |
      61 |   it('clicking Delete on an ordinary org opens ConfirmDialog with the org name', async () => {
    > 62 |     render(withIntl(<OrgsTable initial={initial} apps={apps} />))
         |           ^
      63 |     const menuButtons = screen.getAllByRole('button', { name: /more/i })
      64 |     fireEvent.click(menuButtons[0])
      65 |     fireEvent.click(await screen.findByRole('menuitem', { name: en.orgs.actions.delete }))

      at VirtualConsole.<anonymous> (../../node_modules/.pnpm/jest-environment-jsdom@29.7.0/node_modules/jest-environment-jsdom/build/index.js:63:23)
      at reportException (../../node_modules/.pnpm/jsdom@20.0.3/node_modules/jsdom/lib/jsdom/living/helpers/runtime-script-errors.js:70:28)
      at innerInvokeEventListeners (../../node_modules/.pnpm/jsdom@20.0.3/node_modules/jsdom/lib/jsdom/living/events/EventTarget-impl.js:353:9)
      at invokeEventListeners (../../node_modules/.pnpm/jsdom@20.0.3/node_modules/jsdom/lib/jsdom/living/events/EventTarget-impl.js:286:3)
      at HTMLUnknownElementImpl._dispatch (../../node_modules/.pnpm/jsdom@20.0.3/node_modules/jsdom/lib/jsdom/living/events/EventTarget-impl.js:233:9)
      at HTMLUnknownElementImpl.dispatchEvent (../../node_modules/.pnpm/jsdom@20.0.3/node_modules/jsdom/lib/jsdom/living/events/EventTarget-impl.js:104:17)
      at HTMLUnknownElement.dispatchEvent (../../node_modules/.pnpm/jsdom@20.0.3/node_modules/jsdom/lib/jsdom/living/generated/EventTarget.js:241:34)
      at Object.invokeGuardedCallbackDev (../../node_modules/.pnpm/react-dom@18.3.1_react@18.3.1/node_modules/react-dom/cjs/react-dom.development.js:4213:16)
      at invokeGuardedCallback (../../node_modules/.pnpm/react-dom@18.3.1_react@18.3.1/node_modules/react-dom/cjs/react-dom.development.js:4277:31)
      at beginWork$1 (../../node_modules/.pnpm/react-dom@18.3.1_react@18.3.1/node_modules/react-dom/cjs/react-dom.development.js:27490:7)
      at performUnitOfWork (../../node_modules/.pnpm/react-dom@18.3.1_react@18.3.1/node_modules/react-dom/cjs/react-dom.development.js:26599:12)
      at workLoopSync (../../node_modules/.pnpm/react-dom@18.3.1_react@18.3.1/node_modules/react-dom/cjs/react-dom.development.js:26505:5)
      at renderRootSync (../../node_modules/.pnpm/react-dom@18.3.1_react@18.3.1/node_modules/react-dom/cjs/react-dom.development.js:26473:7)
      at recoverFromConcurrentError (../../node_modules/.pnpm/react-dom@18.3.1_react@18.3.1/node_modules/react-dom/cjs/react-dom.development.js:25889:20)
      at performConcurrentWorkOnRoot (../../node_modules/.pnpm/react-dom@18.3.1_react@18.3.1/node_modules/react-dom/cjs/react-dom.development.js:25789:22)
      at flushActQueue (../../node_modules/.pnpm/react@18.3.1/node_modules/react/cjs/react.development.js:2667:24)
      at act (../../node_modules/.pnpm/react@18.3.1/node_modules/react/cjs/react.development.js:2582:11)
      at ../../node_modules/.pnpm/@testing-library+react@16.3.2_@testing-library+dom@10.4.1_@types+react-dom@18.3.7_@types+reac_3k5f6qynewwmkoqvlvtzlgtsjq/node_modules/@testing-library/react/dist/act-compat.js:46:25
      at renderRoot (../../node_modules/.pnpm/@testing-library+react@16.3.2_@testing-library+dom@10.4.1_@types+react-dom@18.3.7_@types+reac_3k5f6qynewwmkoqvlvtzlgtsjq/node_modules/@testing-library/react/dist/pure.js:189:26)
      at render (../../node_modules/.pnpm/@testing-library+react@16.3.2_@testing-library+dom@10.4.1_@types+react-dom@18.3.7_@types+reac_3k5f6qynewwmkoqvlvtzlgtsjq/node_modules/@testing-library/react/dist/pure.js:291:10)
      at Object.<anonymous> (components/__tests__/orgs-table.test.tsx:62:11)

    console.error
      Error: Uncaught [Error: `Tooltip` must be used within `TooltipProvider`]
          at reportException (/app/node_modules/.pnpm/jsdom@20.0.3/node_modules/jsdom/lib/jsdom/living/helpers/runtime-script-errors.js:66:24)
          at innerInvokeEventListeners (/app/node_modules/.pnpm/jsdom@20.0.3/node_modules/jsdom/lib/jsdom/living/events/EventTarget-impl.js:353:9)
          at invokeEventListeners (/app/node_modules/.pnpm/jsdom@20.0.3/node_modules/jsdom/lib/jsdom/living/events/EventTarget-impl.js:286:3)
          at HTMLUnknownElementImpl._dispatch (/app/node_modules/.pnpm/jsdom@20.0.3/node_modules/jsdom/lib/jsdom/living/events/EventTarget-impl.js:233:9)
          at HTMLUnknownElementImpl.dispatchEvent (/app/node_modules/.pnpm/jsdom@20.0.3/node_modules/jsdom/lib/jsdom/living/events/EventTarget-impl.js:104:17)
          at HTMLUnknownElement.dispatchEvent (/app/node_modules/.pnpm/jsdom@20.0.3/node_modules/jsdom/lib/jsdom/living/generated/EventTarget.js:241:34)
          at Object.invokeGuardedCallbackDev (/app/node_modules/.pnpm/react-dom@18.3.1_react@18.3.1/node_modules/react-dom/cjs/react-dom.development.js:4213:16)
          at invokeGuardedCallback (/app/node_modules/.pnpm/react-dom@18.3.1_react@18.3.1/node_modules/react-dom/cjs/react-dom.development.js:4277:31)
          at beginWork$1 (/app/node_modules/.pnpm/react-dom@18.3.1_react@18.3.1/node_modules/react-dom/cjs/react-dom.development.js:27490:7)
          at performUnitOfWork (/app/node_modules/.pnpm/react-dom@18.3.1_react@18.3.1/node_modules/react-dom/cjs/react-dom.development.js:26599:12)
          at workLoopSync (/app/node_modules/.pnpm/react-dom@18.3.1_react@18.3.1/node_modules/react-dom/cjs/react-dom.development.js:26505:5)
          at renderRootSync (/app/node_modules/.pnpm/react-dom@18.3.1_react@18.3.1/node_modules/react-dom/cjs/react-dom.development.js:26473:7)
          at recoverFromConcurrentError (/app/node_modules/.pnpm/react-dom@18.3.1_react@18.3.1/node_modules/react-dom/cjs/react-dom.development.js:25889:20)
          at performConcurrentWorkOnRoot (/app/node_modules/.pnpm/react-dom@18.3.1_react@18.3.1/node_modules/react-dom/cjs/react-dom.development.js:25789:22)
          at flushActQueue (/app/node_modules/.pnpm/react@18.3.1/node_modules/react/cjs/react.development.js:2667:24)
          at act (/app/node_modules/.pnpm/react@18.3.1/node_modules/react/cjs/react.development.js:2582:11)
          at /app/node_modules/.pnpm/@testing-library+react@16.3.2_@testing-library+dom@10.4.1_@types+react-dom@18.3.7_@types+reac_3k5f6qynewwmkoqvlvtzlgtsjq/node_modules/@testing-library/react/dist/act-compat.js:46:25
          at renderRoot (/app/node_modules/.pnpm/@testing-library+react@16.3.2_@testing-library+dom@10.4.1_@types+react-dom@18.3.7_@types+reac_3k5f6qynewwmkoqvlvtzlgtsjq/node_modules/@testing-library/react/dist/pure.js:189:26)
          at render (/app/node_modules/.pnpm/@testing-library+react@16.3.2_@testing-library+dom@10.4.1_@types+react-dom@18.3.7_@types+reac_3k5f6qynewwmkoqvlvtzlgtsjq/node_modules/@testing-library/react/dist/pure.js:291:10)
          at Object.<anonymous> (/app/apps/admin/components/__tests__/orgs-table.test.tsx:62:11)
          at Promise.then.completed (/app/node_modules/.pnpm/jest-circus@29.7.0/node_modules/jest-circus/build/utils.js:298:28)
          at new Promise (<anonymous>)
          at callAsyncCircusFn (/app/node_modules/.pnpm/jest-circus@29.7.0/node_modules/jest-circus/build/utils.js:231:10)
          at _callCircusTest (/app/node_modules/.pnpm/jest-circus@29.7.0/node_modules/jest-circus/build/run.js:316:40)
          at processTicksAndRejections (node:internal/process/task_queues:103:5)
          at _runTest (/app/node_modules/.pnpm/jest-circus@29.7.0/node_modules/jest-circus/build/run.js:252:3)
          at _runTestsForDescribeBlock (/app/node_modules/.pnpm/jest-circus@29.7.0/node_modules/jest-circus/build/run.js:126:9)
          at _runTestsForDescribeBlock (/app/node_modules/.pnpm/jest-circus@29.7.0/node_modules/jest-circus/build/run.js:121:9)
          at run (/app/node_modules/.pnpm/jest-circus@29.7.0/node_modules/jest-circus/build/run.js:71:3)
          at runAndTransformResultsToJestFormat (/app/node_modules/.pnpm/jest-circus@29.7.0/node_modules/jest-circus/build/legacy-code-todo-rewrite/jestAdapterInit.js:122:21)
          at jestAdapter (/app/node_modules/.pnpm/jest-circus@29.7.0/node_modules/jest-circus/build/legacy-code-todo-rewrite/jestAdapter.js:79:19)
          at runTestInternal (/app/node_modules/.pnpm/jest-runner@29.7.0/node_modules/jest-runner/build/runTest.js:367:16)
          at runTest (/app/node_modules/.pnpm/jest-runner@29.7.0/node_modules/jest-runner/build/runTest.js:444:34)
          at Object.worker (/app/node_modules/.pnpm/jest-runner@29.7.0/node_modules/jest-runner/build/testWorker.js:106:12) {
        detail: Error: `Tooltip` must be used within `TooltipProvider`
            at useContext2 (/app/node_modules/.pnpm/@radix-ui+react-context@1.1.2_@types+react@18.3.29_react@18.3.1/node_modules/@radix-ui/react-context/src/create-context.tsx:75:13)
            at Tooltip (/app/node_modules/.pnpm/@radix-ui+react-tooltip@1.2.8_@types+react-dom@18.3.7_@types+react@18.3.29__@types+react@18.3_xrwsnt2rmlacewwolijhmzdoxi/node_modules/@radix-ui/react-tooltip/src/tooltip.tsx:162:27)
            at renderWithHooks (/app/node_modules/.pnpm/react-dom@18.3.1_react@18.3.1/node_modules/react-dom/cjs/react-dom.development.js:15486:18)
            at mountIndeterminateComponent (/app/node_modules/.pnpm/react-dom@18.3.1_react@18.3.1/node_modules/react-dom/cjs/react-dom.development.js:20103:13)
            at beginWork (/app/node_modules/.pnpm/react-dom@18.3.1_react@18.3.1/node_modules/react-dom/cjs/react-dom.development.js:21626:16)
            at HTMLUnknownElement.callCallback (/app/node_modules/.pnpm/react-dom@18.3.1_react@18.3.1/node_modules/react-dom/cjs/react-dom.development.js:4164:14)
            at HTMLUnknownElement.callTheUserObjectsOperation (/app/node_modules/.pnpm/jsdom@20.0.3/node_modules/jsdom/lib/jsdom/living/generated/EventListener.js:26:30)
            at innerInvokeEventListeners (/app/node_modules/.pnpm/jsdom@20.0.3/node_modules/jsdom/lib/jsdom/living/events/EventTarget-impl.js:350:25)
            at invokeEventListeners (/app/node_modules/.pnpm/jsdom@20.0.3/node_modules/jsdom/lib/jsdom/living/events/EventTarget-impl.js:286:3)
            at HTMLUnknownElementImpl._dispatch (/app/node_modules/.pnpm/jsdom@20.0.3/node_modules/jsdom/lib/jsdom/living/events/EventTarget-impl.js:233:9)
            at HTMLUnknownElementImpl.dispatchEvent (/app/node_modules/.pnpm/jsdom@20.0.3/node_modules/jsdom/lib/jsdom/living/events/EventTarget-impl.js:104:17)
            at HTMLUnknownElement.dispatchEvent (/app/node_modules/.pnpm/jsdom@20.0.3/node_modules/jsdom/lib/jsdom/living/generated/EventTarget.js:241:34)
            at Object.invokeGuardedCallbackDev (/app/node_modules/.pnpm/react-dom@18.3.1_react@18.3.1/node_modules/react-dom/cjs/react-dom.development.js:4213:16)
            at invokeGuardedCallback (/app/node_modules/.pnpm/react-dom@18.3.1_react@18.3.1/node_modules/react-dom/cjs/react-dom.development.js:4277:31)
            at beginWork$1 (/app/node_modules/.pnpm/react-dom@18.3.1_react@18.3.1/node_modules/react-dom/cjs/react-dom.development.js:27490:7)
            at performUnitOfWork (/app/node_modules/.pnpm/react-dom@18.3.1_react@18.3.1/node_modules/react-dom/cjs/react-dom.development.js:26599:12)
            at workLoopSync (/app/node_modules/.pnpm/react-dom@18.3.1_react@18.3.1/node_modules/react-dom/cjs/react-dom.development.js:26505:5)
            at renderRootSync (/app/node_modules/.pnpm/react-dom@18.3.1_react@18.3.1/node_modules/react-dom/cjs/react-dom.development.js:26473:7)
            at recoverFromConcurrentError (/app/node_modules/.pnpm/react-dom@18.3.1_react@18.3.1/node_modules/react-dom/cjs/react-dom.development.js:25889:20)
            at performConcurrentWorkOnRoot (/app/node_modules/.pnpm/react-dom@18.3.1_react@18.3.1/node_modules/react-dom/cjs/react-dom.development.js:25789:22)
            at flushActQueue (/app/node_modules/.pnpm/react@18.3.1/node_modules/react/cjs/react.development.js:2667:24)
            at act (/app/node_modules/.pnpm/react@18.3.1/node_modules/react/cjs/react.development.js:2582:11)
            at /app/node_modules/.pnpm/@testing-library+react@16.3.2_@testing-library+dom@10.4.1_@types+react-dom@18.3.7_@types+reac_3k5f6qynewwmkoqvlvtzlgtsjq/node_modules/@testing-library/react/dist/act-compat.js:46:25
            at renderRoot (/app/node_modules/.pnpm/@testing-library+react@16.3.2_@testing-library+dom@10.4.1_@types+react-dom@18.3.7_@types+reac_3k5f6qynewwmkoqvlvtzlgtsjq/node_modules/@testing-library/react/dist/pure.js:189:26)
            at render (/app/node_modules/.pnpm/@testing-library+react@16.3.2_@testing-library+dom@10.4.1_@types+react-dom@18.3.7_@types+reac_3k5f6qynewwmkoqvlvtzlgtsjq/node_modules/@testing-library/react/dist/pure.js:291:10)
            at Object.<anonymous> (/app/apps/admin/components/__tests__/orgs-table.test.tsx:62:11)
            at Promise.then.completed (/app/node_modules/.pnpm/jest-circus@29.7.0/node_modules/jest-circus/build/utils.js:298:28)
            at new Promise (<anonymous>)
            at callAsyncCircusFn (/app/node_modules/.pnpm/jest-circus@29.7.0/node_modules/jest-circus/build/utils.js:231:10)
            at _callCircusTest (/app/node_modules/.pnpm/jest-circus@29.7.0/node_modules/jest-circus/build/run.js:316:40)
            at processTicksAndRejections (node:internal/process/task_queues:103:5)
            at _runTest (/app/node_modules/.pnpm/jest-circus@29.7.0/node_modules/jest-circus/build/run.js:252:3)
            at _runTestsForDescribeBlock (/app/node_modules/.pnpm/jest-circus@29.7.0/node_modules/jest-circus/build/run.js:126:9)
            at _runTestsForDescribeBlock (/app/node_modules/.pnpm/jest-circus@29.7.0/node_modules/jest-circus/build/run.js:121:9)
            at run (/app/node_modules/.pnpm/jest-circus@29.7.0/node_modules/jest-circus/build/run.js:71:3)
            at runAndTransformResultsToJestFormat (/app/node_modules/.pnpm/jest-circus@29.7.0/node_modules/jest-circus/build/legacy-code-todo-rewrite/jestAdapterInit.js:122:21)
            at jestAdapter (/app/node_modules/.pnpm/jest-circus@29.7.0/node_modules/jest-circus/build/legacy-code-todo-rewrite/jestAdapter.js:79:19)
            at runTestInternal (/app/node_modules/.pnpm/jest-runner@29.7.0/node_modules/jest-runner/build/runTest.js:367:16)
            at runTest (/app/node_modules/.pnpm/jest-runner@29.7.0/node_modules/jest-runner/build/runTest.js:444:34)
            at Object.worker (/app/node_modules/.pnpm/jest-runner@29.7.0/node_modules/jest-runner/build/testWorker.js:106:12),
        type: 'unhandled exception'
      }

      60 |
      61 |   it('clicking Delete on an ordinary org opens ConfirmDialog with the org name', async () => {
    > 62 |     render(withIntl(<OrgsTable initial={initial} apps={apps} />))
         |           ^
      63 |     const menuButtons = screen.getAllByRole('button', { name: /more/i })
      64 |     fireEvent.click(menuButtons[0])
      65 |     fireEvent.click(await screen.findByRole('menuitem', { name: en.orgs.actions.delete }))

      at VirtualConsole.<anonymous> (../../node_modules/.pnpm/jest-environment-jsdom@29.7.0/node_modules/jest-environment-jsdom/build/index.js:63:23)
      at reportException (../../node_modules/.pnpm/jsdom@20.0.3/node_modules/jsdom/lib/jsdom/living/helpers/runtime-script-errors.js:70:28)
      at innerInvokeEventListeners (../../node_modules/.pnpm/jsdom@20.0.3/node_modules/jsdom/lib/jsdom/living/events/EventTarget-impl.js:353:9)
      at invokeEventListeners (../../node_modules/.pnpm/jsdom@20.0.3/node_modules/jsdom/lib/jsdom/living/events/EventTarget-impl.js:286:3)
      at HTMLUnknownElementImpl._dispatch (../../node_modules/.pnpm/jsdom@20.0.3/node_modules/jsdom/lib/jsdom/living/events/EventTarget-impl.js:233:9)
      at HTMLUnknownElementImpl.dispatchEvent (../../node_modules/.pnpm/jsdom@20.0.3/node_modules/jsdom/lib/jsdom/living/events/EventTarget-impl.js:104:17)
      at HTMLUnknownElement.dispatchEvent (../../node_modules/.pnpm/jsdom@20.0.3/node_modules/jsdom/lib/jsdom/living/generated/EventTarget.js:241:34)
      at Object.invokeGuardedCallbackDev (../../node_modules/.pnpm/react-dom@18.3.1_react@18.3.1/node_modules/react-dom/cjs/react-dom.development.js:4213:16)
      at invokeGuardedCallback (../../node_modules/.pnpm/react-dom@18.3.1_react@18.3.1/node_modules/react-dom/cjs/react-dom.development.js:4277:31)
      at beginWork$1 (../../node_modules/.pnpm/react-dom@18.3.1_react@18.3.1/node_modules/react-dom/cjs/react-dom.development.js:27490:7)
      at performUnitOfWork (../../node_modules/.pnpm/react-dom@18.3.1_react@18.3.1/node_modules/react-dom/cjs/react-dom.development.js:26599:12)
      at workLoopSync (../../node_modules/.pnpm/react-dom@18.3.1_react@18.3.1/node_modules/react-dom/cjs/react-dom.development.js:26505:5)
      at renderRootSync (../../node_modules/.pnpm/react-dom@18.3.1_react@18.3.1/node_modules/react-dom/cjs/react-dom.development.js:26473:7)
      at recoverFromConcurrentError (../../node_modules/.pnpm/react-dom@18.3.1_react@18.3.1/node_modules/react-dom/cjs/react-dom.development.js:25889:20)
      at performConcurrentWorkOnRoot (../../node_modules/.pnpm/react-dom@18.3.1_react@18.3.1/node_modules/react-dom/cjs/react-dom.development.js:25789:22)
      at flushActQueue (../../node_modules/.pnpm/react@18.3.1/node_modules/react/cjs/react.development.js:2667:24)
      at act (../../node_modules/.pnpm/react@18.3.1/node_modules/react/cjs/react.development.js:2582:11)
      at ../../node_modules/.pnpm/@testing-library+react@16.3.2_@testing-library+dom@10.4.1_@types+react-dom@18.3.7_@types+reac_3k5f6qynewwmkoqvlvtzlgtsjq/node_modules/@testing-library/react/dist/act-compat.js:46:25
      at renderRoot (../../node_modules/.pnpm/@testing-library+react@16.3.2_@testing-library+dom@10.4.1_@types+react-dom@18.3.7_@types+reac_3k5f6qynewwmkoqvlvtzlgtsjq/node_modules/@testing-library/react/dist/pure.js:189:26)
      at render (../../node_modules/.pnpm/@testing-library+react@16.3.2_@testing-library+dom@10.4.1_@types+react-dom@18.3.7_@types+reac_3k5f6qynewwmkoqvlvtzlgtsjq/node_modules/@testing-library/react/dist/pure.js:291:10)
      at Object.<anonymous> (components/__tests__/orgs-table.test.tsx:62:11)

    console.error
      Error: Uncaught [Error: `Tooltip` must be used within `TooltipProvider`]
          at reportException (/app/node_modules/.pnpm/jsdom@20.0.3/node_modules/jsdom/lib/jsdom/living/helpers/runtime-script-errors.js:66:24)
          at innerInvokeEventListeners (/app/node_modules/.pnpm/jsdom@20.0.3/node_modules/jsdom/lib/jsdom/living/events/EventTarget-impl.js:353:9)
          at invokeEventListeners (/app/node_modules/.pnpm/jsdom@20.0.3/node_modules/jsdom/lib/jsdom/living/events/EventTarget-impl.js:286:3)
          at HTMLUnknownElementImpl._dispatch (/app/node_modules/.pnpm/jsdom@20.0.3/node_modules/jsdom/lib/jsdom/living/events/EventTarget-impl.js:233:9)
          at HTMLUnknownElementImpl.dispatchEvent (/app/node_modules/.pnpm/jsdom@20.0.3/node_modules/jsdom/lib/jsdom/living/events/EventTarget-impl.js:104:17)
          at HTMLUnknownElement.dispatchEvent (/app/node_modules/.pnpm/jsdom@20.0.3/node_modules/jsdom/lib/jsdom/living/generated/EventTarget.js:241:34)
          at Object.invokeGuardedCallbackDev (/app/node_modules/.pnpm/react-dom@18.3.1_react@18.3.1/node_modules/react-dom/cjs/react-dom.development.js:4213:16)
          at invokeGuardedCallback (/app/node_modules/.pnpm/react-dom@18.3.1_react@18.3.1/node_modules/react-dom/cjs/react-dom.development.js:4277:31)
          at beginWork$1 (/app/node_modules/.pnpm/react-dom@18.3.1_react@18.3.1/node_modules/react-dom/cjs/react-dom.development.js:27490:7)
          at performUnitOfWork (/app/node_modules/.pnpm/react-dom@18.3.1_react@18.3.1/node_modules/react-dom/cjs/react-dom.development.js:26599:12)
          at workLoopSync (/app/node_modules/.pnpm/react-dom@18.3.1_react@18.3.1/node_modules/react-dom/cjs/react-dom.development.js:26505:5)
          at renderRootSync (/app/node_modules/.pnpm/react-dom@18.3.1_react@18.3.1/node_modules/react-dom/cjs/react-dom.development.js:26473:7)
          at recoverFromConcurrentError (/app/node_modules/.pnpm/react-dom@18.3.1_react@18.3.1/node_modules/react-dom/cjs/react-dom.development.js:25889:20)
          at performConcurrentWorkOnRoot (/app/node_modules/.pnpm/react-dom@18.3.1_react@18.3.1/node_modules/react-dom/cjs/react-dom.development.js:25789:22)
          at flushActQueue (/app/node_modules/.pnpm/react@18.3.1/node_modules/react/cjs/react.development.js:2667:24)
          at act (/app/node_modules/.pnpm/react@18.3.1/node_modules/react/cjs/react.development.js:2582:11)
          at /app/node_modules/.pnpm/@testing-library+react@16.3.2_@testing-library+dom@10.4.1_@types+react-dom@18.3.7_@types+reac_3k5f6qynewwmkoqvlvtzlgtsjq/node_modules/@testing-library/react/dist/act-compat.js:46:25
          at renderRoot (/app/node_modules/.pnpm/@testing-library+react@16.3.2_@testing-library+dom@10.4.1_@types+react-dom@18.3.7_@types+reac_3k5f6qynewwmkoqvlvtzlgtsjq/node_modules/@testing-library/react/dist/pure.js:189:26)
          at render (/app/node_modules/.pnpm/@testing-library+react@16.3.2_@testing-library+dom@10.4.1_@types+react-dom@18.3.7_@types+reac_3k5f6qynewwmkoqvlvtzlgtsjq/node_modules/@testing-library/react/dist/pure.js:291:10)
          at Object.<anonymous> (/app/apps/admin/components/__tests__/orgs-table.test.tsx:62:11)
          at Promise.then.completed (/app/node_modules/.pnpm/jest-circus@29.7.0/node_modules/jest-circus/build/utils.js:298:28)
          at new Promise (<anonymous>)
          at callAsyncCircusFn (/app/node_modules/.pnpm/jest-circus@29.7.0/node_modules/jest-circus/build/utils.js:231:10)
          at _callCircusTest (/app/node_modules/.pnpm/jest-circus@29.7.0/node_modules/jest-circus/build/run.js:316:40)
          at processTicksAndRejections (node:internal/process/task_queues:103:5)
          at _runTest (/app/node_modules/.pnpm/jest-circus@29.7.0/node_modules/jest-circus/build/run.js:252:3)
          at _runTestsForDescribeBlock (/app/node_modules/.pnpm/jest-circus@29.7.0/node_modules/jest-circus/build/run.js:126:9)
          at _runTestsForDescribeBlock (/app/node_modules/.pnpm/jest-circus@29.7.0/node_modules/jest-circus/build/run.js:121:9)
          at run (/app/node_modules/.pnpm/jest-circus@29.7.0/node_modules/jest-circus/build/run.js:71:3)
          at runAndTransformResultsToJestFormat (/app/node_modules/.pnpm/jest-circus@29.7.0/node_modules/jest-circus/build/legacy-code-todo-rewrite/jestAdapterInit.js:122:21)
          at jestAdapter (/app/node_modules/.pnpm/jest-circus@29.7.0/node_modules/jest-circus/build/legacy-code-todo-rewrite/jestAdapter.js:79:19)
          at runTestInternal (/app/node_modules/.pnpm/jest-runner@29.7.0/node_modules/jest-runner/build/runTest.js:367:16)
          at runTest (/app/node_modules/.pnpm/jest-runner@29.7.0/node_modules/jest-runner/build/runTest.js:444:34)
          at Object.worker (/app/node_modules/.pnpm/jest-runner@29.7.0/node_modules/jest-runner/build/testWorker.js:106:12) {
        detail: Error: `Tooltip` must be used within `TooltipProvider`
            at useContext2 (/app/node_modules/.pnpm/@radix-ui+react-context@1.1.2_@types+react@18.3.29_react@18.3.1/node_modules/@radix-ui/react-context/src/create-context.tsx:75:13)
            at Tooltip (/app/node_modules/.pnpm/@radix-ui+react-tooltip@1.2.8_@types+react-dom@18.3.7_@types+react@18.3.29__@types+react@18.3_xrwsnt2rmlacewwolijhmzdoxi/node_modules/@radix-ui/react-tooltip/src/tooltip.tsx:162:27)
            at renderWithHooks (/app/node_modules/.pnpm/react-dom@18.3.1_react@18.3.1/node_modules/react-dom/cjs/react-dom.development.js:15486:18)
            at mountIndeterminateComponent (/app/node_modules/.pnpm/react-dom@18.3.1_react@18.3.1/node_modules/react-dom/cjs/react-dom.development.js:20103:13)
            at beginWork (/app/node_modules/.pnpm/react-dom@18.3.1_react@18.3.1/node_modules/react-dom/cjs/react-dom.development.js:21626:16)
            at HTMLUnknownElement.callCallback (/app/node_modules/.pnpm/react-dom@18.3.1_react@18.3.1/node_modules/react-dom/cjs/react-dom.development.js:4164:14)
            at HTMLUnknownElement.callTheUserObjectsOperation (/app/node_modules/.pnpm/jsdom@20.0.3/node_modules/jsdom/lib/jsdom/living/generated/EventListener.js:26:30)
            at innerInvokeEventListeners (/app/node_modules/.pnpm/jsdom@20.0.3/node_modules/jsdom/lib/jsdom/living/events/EventTarget-impl.js:350:25)
            at invokeEventListeners (/app/node_modules/.pnpm/jsdom@20.0.3/node_modules/jsdom/lib/jsdom/living/events/EventTarget-impl.js:286:3)
            at HTMLUnknownElementImpl._dispatch (/app/node_modules/.pnpm/jsdom@20.0.3/node_modules/jsdom/lib/jsdom/living/events/EventTarget-impl.js:233:9)
            at HTMLUnknownElementImpl.dispatchEvent (/app/node_modules/.pnpm/jsdom@20.0.3/node_modules/jsdom/lib/jsdom/living/events/EventTarget-impl.js:104:17)
            at HTMLUnknownElement.dispatchEvent (/app/node_modules/.pnpm/jsdom@20.0.3/node_modules/jsdom/lib/jsdom/living/generated/EventTarget.js:241:34)
            at Object.invokeGuardedCallbackDev (/app/node_modules/.pnpm/react-dom@18.3.1_react@18.3.1/node_modules/react-dom/cjs/react-dom.development.js:4213:16)
            at invokeGuardedCallback (/app/node_modules/.pnpm/react-dom@18.3.1_react@18.3.1/node_modules/react-dom/cjs/react-dom.development.js:4277:31)
            at beginWork$1 (/app/node_modules/.pnpm/react-dom@18.3.1_react@18.3.1/node_modules/react-dom/cjs/react-dom.development.js:27490:7)
            at performUnitOfWork (/app/node_modules/.pnpm/react-dom@18.3.1_react@18.3.1/node_modules/react-dom/cjs/react-dom.development.js:26599:12)
            at workLoopSync (/app/node_modules/.pnpm/react-dom@18.3.1_react@18.3.1/node_modules/react-dom/cjs/react-dom.development.js:26505:5)
            at renderRootSync (/app/node_modules/.pnpm/react-dom@18.3.1_react@18.3.1/node_modules/react-dom/cjs/react-dom.development.js:26473:7)
            at recoverFromConcurrentError (/app/node_modules/.pnpm/react-dom@18.3.1_react@18.3.1/node_modules/react-dom/cjs/react-dom.development.js:25889:20)
            at performConcurrentWorkOnRoot (/app/node_modules/.pnpm/react-dom@18.3.1_react@18.3.1/node_modules/react-dom/cjs/react-dom.development.js:25789:22)
            at flushActQueue (/app/node_modules/.pnpm/react@18.3.1/node_modules/react/cjs/react.development.js:2667:24)
            at act (/app/node_modules/.pnpm/react@18.3.1/node_modules/react/cjs/react.development.js:2582:11)
            at /app/node_modules/.pnpm/@testing-library+react@16.3.2_@testing-library+dom@10.4.1_@types+react-dom@18.3.7_@types+reac_3k5f6qynewwmkoqvlvtzlgtsjq/node_modules/@testing-library/react/dist/act-compat.js:46:25
            at renderRoot (/app/node_modules/.pnpm/@testing-library+react@16.3.2_@testing-library+dom@10.4.1_@types+react-dom@18.3.7_@types+reac_3k5f6qynewwmkoqvlvtzlgtsjq/node_modules/@testing-library/react/dist/pure.js:189:26)
            at render (/app/node_modules/.pnpm/@testing-library+react@16.3.2_@testing-library+dom@10.4.1_@types+react-dom@18.3.7_@types+reac_3k5f6qynewwmkoqvlvtzlgtsjq/node_modules/@testing-library/react/dist/pure.js:291:10)
            at Object.<anonymous> (/app/apps/admin/components/__tests__/orgs-table.test.tsx:62:11)
            at Promise.then.completed (/app/node_modules/.pnpm/jest-circus@29.7.0/node_modules/jest-circus/build/utils.js:298:28)
            at new Promise (<anonymous>)
            at callAsyncCircusFn (/app/node_modules/.pnpm/jest-circus@29.7.0/node_modules/jest-circus/build/utils.js:231:10)
            at _callCircusTest (/app/node_modules/.pnpm/jest-circus@29.7.0/node_modules/jest-circus/build/run.js:316:40)
            at processTicksAndRejections (node:internal/process/task_queues:103:5)
            at _runTest (/app/node_modules/.pnpm/jest-circus@29.7.0/node_modules/jest-circus/build/run.js:252:3)
            at _runTestsForDescribeBlock (/app/node_modules/.pnpm/jest-circus@29.7.0/node_modules/jest-circus/build/run.js:126:9)
            at _runTestsForDescribeBlock (/app/node_modules/.pnpm/jest-circus@29.7.0/node_modules/jest-circus/build/run.js:121:9)
            at run (/app/node_modules/.pnpm/jest-circus@29.7.0/node_modules/jest-circus/build/run.js:71:3)
            at runAndTransformResultsToJestFormat (/app/node_modules/.pnpm/jest-circus@29.7.0/node_modules/jest-circus/build/legacy-code-todo-rewrite/jestAdapterInit.js:122:21)
            at jestAdapter (/app/node_modules/.pnpm/jest-circus@29.7.0/node_modules/jest-circus/build/legacy-code-todo-rewrite/jestAdapter.js:79:19)
            at runTestInternal (/app/node_modules/.pnpm/jest-runner@29.7.0/node_modules/jest-runner/build/runTest.js:367:16)
            at runTest (/app/node_modules/.pnpm/jest-runner@29.7.0/node_modules/jest-runner/build/runTest.js:444:34)
            at Object.worker (/app/node_modules/.pnpm/jest-runner@29.7.0/node_modules/jest-runner/build/testWorker.js:106:12),
        type: 'unhandled exception'
      }

      60 |
      61 |   it('clicking Delete on an ordinary org opens ConfirmDialog with the org name', async () => {
    > 62 |     render(withIntl(<OrgsTable initial={initial} apps={apps} />))
         |           ^
      63 |     const menuButtons = screen.getAllByRole('button', { name: /more/i })
      64 |     fireEvent.click(menuButtons[0])
      65 |     fireEvent.click(await screen.findByRole('menuitem', { name: en.orgs.actions.delete }))

      at VirtualConsole.<anonymous> (../../node_modules/.pnpm/jest-environment-jsdom@29.7.0/node_modules/jest-environment-jsdom/build/index.js:63:23)
      at reportException (../../node_modules/.pnpm/jsdom@20.0.3/node_modules/jsdom/lib/jsdom/living/helpers/runtime-script-errors.js:70:28)
      at innerInvokeEventListeners (../../node_modules/.pnpm/jsdom@20.0.3/node_modules/jsdom/lib/jsdom/living/events/EventTarget-impl.js:353:9)
      at invokeEventListeners (../../node_modules/.pnpm/jsdom@20.0.3/node_modules/jsdom/lib/jsdom/living/events/EventTarget-impl.js:286:3)
      at HTMLUnknownElementImpl._dispatch (../../node_modules/.pnpm/jsdom@20.0.3/node_modules/jsdom/lib/jsdom/living/events/EventTarget-impl.js:233:9)
      at HTMLUnknownElementImpl.dispatchEvent (../../node_modules/.pnpm/jsdom@20.0.3/node_modules/jsdom/lib/jsdom/living/events/EventTarget-impl.js:104:17)
      at HTMLUnknownElement.dispatchEvent (../../node_modules/.pnpm/jsdom@20.0.3/node_modules/jsdom/lib/jsdom/living/generated/EventTarget.js:241:34)
      at Object.invokeGuardedCallbackDev (../../node_modules/.pnpm/react-dom@18.3.1_react@18.3.1/node_modules/react-dom/cjs/react-dom.development.js:4213:16)
      at invokeGuardedCallback (../../node_modules/.pnpm/react-dom@18.3.1_react@18.3.1/node_modules/react-dom/cjs/react-dom.development.js:4277:31)
      at beginWork$1 (../../node_modules/.pnpm/react-dom@18.3.1_react@18.3.1/node_modules/react-dom/cjs/react-dom.development.js:27490:7)
      at performUnitOfWork (../../node_modules/.pnpm/react-dom@18.3.1_react@18.3.1/node_modules/react-dom/cjs/react-dom.development.js:26599:12)
      at workLoopSync (../../node_modules/.pnpm/react-dom@18.3.1_react@18.3.1/node_modules/react-dom/cjs/react-dom.development.js:26505:5)
      at renderRootSync (../../node_modules/.pnpm/react-dom@18.3.1_react@18.3.1/node_modules/react-dom/cjs/react-dom.development.js:26473:7)
      at recoverFromConcurrentError (../../node_modules/.pnpm/react-dom@18.3.1_react@18.3.1/node_modules/react-dom/cjs/react-dom.development.js:25889:20)
      at performConcurrentWorkOnRoot (../../node_modules/.pnpm/react-dom@18.3.1_react@18.3.1/node_modules/react-dom/cjs/react-dom.development.js:25789:22)
      at flushActQueue (../../node_modules/.pnpm/react@18.3.1/node_modules/react/cjs/react.development.js:2667:24)
      at act (../../node_modules/.pnpm/react@18.3.1/node_modules/react/cjs/react.development.js:2582:11)
      at ../../node_modules/.pnpm/@testing-library+react@16.3.2_@testing-library+dom@10.4.1_@types+react-dom@18.3.7_@types+reac_3k5f6qynewwmkoqvlvtzlgtsjq/node_modules/@testing-library/react/dist/act-compat.js:46:25
      at renderRoot (../../node_modules/.pnpm/@testing-library+react@16.3.2_@testing-library+dom@10.4.1_@types+react-dom@18.3.7_@types+reac_3k5f6qynewwmkoqvlvtzlgtsjq/node_modules/@testing-library/react/dist/pure.js:189:26)
      at render (../../node_modules/.pnpm/@testing-library+react@16.3.2_@testing-library+dom@10.4.1_@types+react-dom@18.3.7_@types+reac_3k5f6qynewwmkoqvlvtzlgtsjq/node_modules/@testing-library/react/dist/pure.js:291:10)
      at Object.<anonymous> (components/__tests__/orgs-table.test.tsx:62:11)

    console.error
      Error: Uncaught [Error: `Tooltip` must be used within `TooltipProvider`]
          at reportException (/app/node_modules/.pnpm/jsdom@20.0.3/node_modules/jsdom/lib/jsdom/living/helpers/runtime-script-errors.js:66:24)
          at innerInvokeEventListeners (/app/node_modules/.pnpm/jsdom@20.0.3/node_modules/jsdom/lib/jsdom/living/events/EventTarget-impl.js:353:9)
          at invokeEventListeners (/app/node_modules/.pnpm/jsdom@20.0.3/node_modules/jsdom/lib/jsdom/living/events/EventTarget-impl.js:286:3)
          at HTMLUnknownElementImpl._dispatch (/app/node_modules/.pnpm/jsdom@20.0.3/node_modules/jsdom/lib/jsdom/living/events/EventTarget-impl.js:233:9)
          at HTMLUnknownElementImpl.dispatchEvent (/app/node_modules/.pnpm/jsdom@20.0.3/node_modules/jsdom/lib/jsdom/living/events/EventTarget-impl.js:104:17)
          at HTMLUnknownElement.dispatchEvent (/app/node_modules/.pnpm/jsdom@20.0.3/node_modules/jsdom/lib/jsdom/living/generated/EventTarget.js:241:34)
          at Object.invokeGuardedCallbackDev (/app/node_modules/.pnpm/react-dom@18.3.1_react@18.3.1/node_modules/react-dom/cjs/react-dom.development.js:4213:16)
          at invokeGuardedCallback (/app/node_modules/.pnpm/react-dom@18.3.1_react@18.3.1/node_modules/react-dom/cjs/react-dom.development.js:4277:31)
          at beginWork$1 (/app/node_modules/.pnpm/react-dom@18.3.1_react@18.3.1/node_modules/react-dom/cjs/react-dom.development.js:27490:7)
          at performUnitOfWork (/app/node_modules/.pnpm/react-dom@18.3.1_react@18.3.1/node_modules/react-dom/cjs/react-dom.development.js:26599:12)
          at workLoopSync (/app/node_modules/.pnpm/react-dom@18.3.1_react@18.3.1/node_modules/react-dom/cjs/react-dom.development.js:26505:5)
          at renderRootSync (/app/node_modules/.pnpm/react-dom@18.3.1_react@18.3.1/node_modules/react-dom/cjs/react-dom.development.js:26473:7)
          at recoverFromConcurrentError (/app/node_modules/.pnpm/react-dom@18.3.1_react@18.3.1/node_modules/react-dom/cjs/react-dom.development.js:25889:20)
          at performConcurrentWorkOnRoot (/app/node_modules/.pnpm/react-dom@18.3.1_react@18.3.1/node_modules/react-dom/cjs/react-dom.development.js:25789:22)
          at flushActQueue (/app/node_modules/.pnpm/react@18.3.1/node_modules/react/cjs/react.development.js:2667:24)
          at act (/app/node_modules/.pnpm/react@18.3.1/node_modules/react/cjs/react.development.js:2582:11)
          at /app/node_modules/.pnpm/@testing-library+react@16.3.2_@testing-library+dom@10.4.1_@types+react-dom@18.3.7_@types+reac_3k5f6qynewwmkoqvlvtzlgtsjq/node_modules/@testing-library/react/dist/act-compat.js:46:25
          at renderRoot (/app/node_modules/.pnpm/@testing-library+react@16.3.2_@testing-library+dom@10.4.1_@types+react-dom@18.3.7_@types+reac_3k5f6qynewwmkoqvlvtzlgtsjq/node_modules/@testing-library/react/dist/pure.js:189:26)
          at render (/app/node_modules/.pnpm/@testing-library+react@16.3.2_@testing-library+dom@10.4.1_@types+react-dom@18.3.7_@types+reac_3k5f6qynewwmkoqvlvtzlgtsjq/node_modules/@testing-library/react/dist/pure.js:291:10)
          at Object.<anonymous> (/app/apps/admin/components/__tests__/orgs-table.test.tsx:62:11)
          at Promise.then.completed (/app/node_modules/.pnpm/jest-circus@29.7.0/node_modules/jest-circus/build/utils.js:298:28)
          at new Promise (<anonymous>)
          at callAsyncCircusFn (/app/node_modules/.pnpm/jest-circus@29.7.0/node_modules/jest-circus/build/utils.js:231:10)
          at _callCircusTest (/app/node_modules/.pnpm/jest-circus@29.7.0/node_modules/jest-circus/build/run.js:316:40)
          at processTicksAndRejections (node:internal/process/task_queues:103:5)
          at _runTest (/app/node_modules/.pnpm/jest-circus@29.7.0/node_modules/jest-circus/build/run.js:252:3)
          at _runTestsForDescribeBlock (/app/node_modules/.pnpm/jest-circus@29.7.0/node_modules/jest-circus/build/run.js:126:9)
          at _runTestsForDescribeBlock (/app/node_modules/.pnpm/jest-circus@29.7.0/node_modules/jest-circus/build/run.js:121:9)
          at run (/app/node_modules/.pnpm/jest-circus@29.7.0/node_modules/jest-circus/build/run.js:71:3)
          at runAndTransformResultsToJestFormat (/app/node_modules/.pnpm/jest-circus@29.7.0/node_modules/jest-circus/build/legacy-code-todo-rewrite/jestAdapterInit.js:122:21)
          at jestAdapter (/app/node_modules/.pnpm/jest-circus@29.7.0/node_modules/jest-circus/build/legacy-code-todo-rewrite/jestAdapter.js:79:19)
          at runTestInternal (/app/node_modules/.pnpm/jest-runner@29.7.0/node_modules/jest-runner/build/runTest.js:367:16)
          at runTest (/app/node_modules/.pnpm/jest-runner@29.7.0/node_modules/jest-runner/build/runTest.js:444:34)
          at Object.worker (/app/node_modules/.pnpm/jest-runner@29.7.0/node_modules/jest-runner/build/testWorker.js:106:12) {
        detail: Error: `Tooltip` must be used within `TooltipProvider`
            at useContext2 (/app/node_modules/.pnpm/@radix-ui+react-context@1.1.2_@types+react@18.3.29_react@18.3.1/node_modules/@radix-ui/react-context/src/create-context.tsx:75:13)
            at Tooltip (/app/node_modules/.pnpm/@radix-ui+react-tooltip@1.2.8_@types+react-dom@18.3.7_@types+react@18.3.29__@types+react@18.3_xrwsnt2rmlacewwolijhmzdoxi/node_modules/@radix-ui/react-tooltip/src/tooltip.tsx:162:27)
            at renderWithHooks (/app/node_modules/.pnpm/react-dom@18.3.1_react@18.3.1/node_modules/react-dom/cjs/react-dom.development.js:15486:18)
            at mountIndeterminateComponent (/app/node_modules/.pnpm/react-dom@18.3.1_react@18.3.1/node_modules/react-dom/cjs/react-dom.development.js:20103:13)
            at beginWork (/app/node_modules/.pnpm/react-dom@18.3.1_react@18.3.1/node_modules/react-dom/cjs/react-dom.development.js:21626:16)
            at HTMLUnknownElement.callCallback (/app/node_modules/.pnpm/react-dom@18.3.1_react@18.3.1/node_modules/react-dom/cjs/react-dom.development.js:4164:14)
            at HTMLUnknownElement.callTheUserObjectsOperation (/app/node_modules/.pnpm/jsdom@20.0.3/node_modules/jsdom/lib/jsdom/living/generated/EventListener.js:26:30)
            at innerInvokeEventListeners (/app/node_modules/.pnpm/jsdom@20.0.3/node_modules/jsdom/lib/jsdom/living/events/EventTarget-impl.js:350:25)
            at invokeEventListeners (/app/node_modules/.pnpm/jsdom@20.0.3/node_modules/jsdom/lib/jsdom/living/events/EventTarget-impl.js:286:3)
            at HTMLUnknownElementImpl._dispatch (/app/node_modules/.pnpm/jsdom@20.0.3/node_modules/jsdom/lib/jsdom/living/events/EventTarget-impl.js:233:9)
            at HTMLUnknownElementImpl.dispatchEvent (/app/node_modules/.pnpm/jsdom@20.0.3/node_modules/jsdom/lib/jsdom/living/events/EventTarget-impl.js:104:17)
            at HTMLUnknownElement.dispatchEvent (/app/node_modules/.pnpm/jsdom@20.0.3/node_modules/jsdom/lib/jsdom/living/generated/EventTarget.js:241:34)
            at Object.invokeGuardedCallbackDev (/app/node_modules/.pnpm/react-dom@18.3.1_react@18.3.1/node_modules/react-dom/cjs/react-dom.development.js:4213:16)
            at invokeGuardedCallback (/app/node_modules/.pnpm/react-dom@18.3.1_react@18.3.1/node_modules/react-dom/cjs/react-dom.development.js:4277:31)
            at beginWork$1 (/app/node_modules/.pnpm/react-dom@18.3.1_react@18.3.1/node_modules/react-dom/cjs/react-dom.development.js:27490:7)
            at performUnitOfWork (/app/node_modules/.pnpm/react-dom@18.3.1_react@18.3.1/node_modules/react-dom/cjs/react-dom.development.js:26599:12)
            at workLoopSync (/app/node_modules/.pnpm/react-dom@18.3.1_react@18.3.1/node_modules/react-dom/cjs/react-dom.development.js:26505:5)
            at renderRootSync (/app/node_modules/.pnpm/react-dom@18.3.1_react@18.3.1/node_modules/react-dom/cjs/react-dom.development.js:26473:7)
            at recoverFromConcurrentError (/app/node_modules/.pnpm/react-dom@18.3.1_react@18.3.1/node_modules/react-dom/cjs/react-dom.development.js:25889:20)
            at performConcurrentWorkOnRoot (/app/node_modules/.pnpm/react-dom@18.3.1_react@18.3.1/node_modules/react-dom/cjs/react-dom.development.js:25789:22)
            at flushActQueue (/app/node_modules/.pnpm/react@18.3.1/node_modules/react/cjs/react.development.js:2667:24)
            at act (/app/node_modules/.pnpm/react@18.3.1/node_modules/react/cjs/react.development.js:2582:11)
            at /app/node_modules/.pnpm/@testing-library+react@16.3.2_@testing-library+dom@10.4.1_@types+react-dom@18.3.7_@types+reac_3k5f6qynewwmkoqvlvtzlgtsjq/node_modules/@testing-library/react/dist/act-compat.js:46:25
            at renderRoot (/app/node_modules/.pnpm/@testing-library+react@16.3.2_@testing-library+dom@10.4.1_@types+react-dom@18.3.7_@types+reac_3k5f6qynewwmkoqvlvtzlgtsjq/node_modules/@testing-library/react/dist/pure.js:189:26)
            at render (/app/node_modules/.pnpm/@testing-library+react@16.3.2_@testing-library+dom@10.4.1_@types+react-dom@18.3.7_@types+reac_3k5f6qynewwmkoqvlvtzlgtsjq/node_modules/@testing-library/react/dist/pure.js:291:10)
            at Object.<anonymous> (/app/apps/admin/components/__tests__/orgs-table.test.tsx:62:11)
            at Promise.then.completed (/app/node_modules/.pnpm/jest-circus@29.7.0/node_modules/jest-circus/build/utils.js:298:28)
            at new Promise (<anonymous>)
            at callAsyncCircusFn (/app/node_modules/.pnpm/jest-circus@29.7.0/node_modules/jest-circus/build/utils.js:231:10)
            at _callCircusTest (/app/node_modules/.pnpm/jest-circus@29.7.0/node_modules/jest-circus/build/run.js:316:40)
            at processTicksAndRejections (node:internal/process/task_queues:103:5)
            at _runTest (/app/node_modules/.pnpm/jest-circus@29.7.0/node_modules/jest-circus/build/run.js:252:3)
            at _runTestsForDescribeBlock (/app/node_modules/.pnpm/jest-circus@29.7.0/node_modules/jest-circus/build/run.js:126:9)
            at _runTestsForDescribeBlock (/app/node_modules/.pnpm/jest-circus@29.7.0/node_modules/jest-circus/build/run.js:121:9)
            at run (/app/node_modules/.pnpm/jest-circus@29.7.0/node_modules/jest-circus/build/run.js:71:3)
            at runAndTransformResultsToJestFormat (/app/node_modules/.pnpm/jest-circus@29.7.0/node_modules/jest-circus/build/legacy-code-todo-rewrite/jestAdapterInit.js:122:21)
            at jestAdapter (/app/node_modules/.pnpm/jest-circus@29.7.0/node_modules/jest-circus/build/legacy-code-todo-rewrite/jestAdapter.js:79:19)
            at runTestInternal (/app/node_modules/.pnpm/jest-runner@29.7.0/node_modules/jest-runner/build/runTest.js:367:16)
            at runTest (/app/node_modules/.pnpm/jest-runner@29.7.0/node_modules/jest-runner/build/runTest.js:444:34)
            at Object.worker (/app/node_modules/.pnpm/jest-runner@29.7.0/node_modules/jest-runner/build/testWorker.js:106:12),
        type: 'unhandled exception'
      }

      60 |
      61 |   it('clicking Delete on an ordinary org opens ConfirmDialog with the org name', async () => {
    > 62 |     render(withIntl(<OrgsTable initial={initial} apps={apps} />))
         |           ^
      63 |     const menuButtons = screen.getAllByRole('button', { name: /more/i })
      64 |     fireEvent.click(menuButtons[0])
      65 |     fireEvent.click(await screen.findByRole('menuitem', { name: en.orgs.actions.delete }))

      at VirtualConsole.<anonymous> (../../node_modules/.pnpm/jest-environment-jsdom@29.7.0/node_modules/jest-environment-jsdom/build/index.js:63:23)
      at reportException (../../node_modules/.pnpm/jsdom@20.0.3/node_modules/jsdom/lib/jsdom/living/helpers/runtime-script-errors.js:70:28)
      at innerInvokeEventListeners (../../node_modules/.pnpm/jsdom@20.0.3/node_modules/jsdom/lib/jsdom/living/events/EventTarget-impl.js:353:9)
      at invokeEventListeners (../../node_modules/.pnpm/jsdom@20.0.3/node_modules/jsdom/lib/jsdom/living/events/EventTarget-impl.js:286:3)
      at HTMLUnknownElementImpl._dispatch (../../node_modules/.pnpm/jsdom@20.0.3/node_modules/jsdom/lib/jsdom/living/events/EventTarget-impl.js:233:9)
      at HTMLUnknownElementImpl.dispatchEvent (../../node_modules/.pnpm/jsdom@20.0.3/node_modules/jsdom/lib/jsdom/living/events/EventTarget-impl.js:104:17)
      at HTMLUnknownElement.dispatchEvent (../../node_modules/.pnpm/jsdom@20.0.3/node_modules/jsdom/lib/jsdom/living/generated/EventTarget.js:241:34)
      at Object.invokeGuardedCallbackDev (../../node_modules/.pnpm/react-dom@18.3.1_react@18.3.1/node_modules/react-dom/cjs/react-dom.development.js:4213:16)
      at invokeGuardedCallback (../../node_modules/.pnpm/react-dom@18.3.1_react@18.3.1/node_modules/react-dom/cjs/react-dom.development.js:4277:31)
      at beginWork$1 (../../node_modules/.pnpm/react-dom@18.3.1_react@18.3.1/node_modules/react-dom/cjs/react-dom.development.js:27490:7)
      at performUnitOfWork (../../node_modules/.pnpm/react-dom@18.3.1_react@18.3.1/node_modules/react-dom/cjs/react-dom.development.js:26599:12)
      at workLoopSync (../../node_modules/.pnpm/react-dom@18.3.1_react@18.3.1/node_modules/react-dom/cjs/react-dom.development.js:26505:5)
      at renderRootSync (../../node_modules/.pnpm/react-dom@18.3.1_react@18.3.1/node_modules/react-dom/cjs/react-dom.development.js:26473:7)
      at recoverFromConcurrentError (../../node_modules/.pnpm/react-dom@18.3.1_react@18.3.1/node_modules/react-dom/cjs/react-dom.development.js:25889:20)
      at performConcurrentWorkOnRoot (../../node_modules/.pnpm/react-dom@18.3.1_react@18.3.1/node_modules/react-dom/cjs/react-dom.development.js:25789:22)
      at flushActQueue (../../node_modules/.pnpm/react@18.3.1/node_modules/react/cjs/react.development.js:2667:24)
      at act (../../node_modules/.pnpm/react@18.3.1/node_modules/react/cjs/react.development.js:2582:11)
      at ../../node_modules/.pnpm/@testing-library+react@16.3.2_@testing-library+dom@10.4.1_@types+react-dom@18.3.7_@types+reac_3k5f6qynewwmkoqvlvtzlgtsjq/node_modules/@testing-library/react/dist/act-compat.js:46:25
      at renderRoot (../../node_modules/.pnpm/@testing-library+react@16.3.2_@testing-library+dom@10.4.1_@types+react-dom@18.3.7_@types+reac_3k5f6qynewwmkoqvlvtzlgtsjq/node_modules/@testing-library/react/dist/pure.js:189:26)
      at render (../../node_modules/.pnpm/@testing-library+react@16.3.2_@testing-library+dom@10.4.1_@types+react-dom@18.3.7_@types+reac_3k5f6qynewwmkoqvlvtzlgtsjq/node_modules/@testing-library/react/dist/pure.js:291:10)
      at Object.<anonymous> (components/__tests__/orgs-table.test.tsx:62:11)

    console.error
      The above error occurred in the <Tooltip> component:

          at Tooltip (/app/node_modules/.pnpm/@radix-ui+react-tooltip@1.2.8_@types+react-dom@18.3.7_@types+react@18.3.29__@types+react@18.3_xrwsnt2rmlacewwolijhmzdoxi/node_modules/@radix-ui/react-tooltip/src/tooltip.tsx:154:5)
          at div
          at cell (/app/apps/admin/components/orgs-table.tsx:86:16)
          at td
          at /app/packages/ui/src/components/ui/table.tsx:87:6
          at tr
          at /app/packages/ui/src/components/ui/table.tsx:57:6
          at tbody
          at /app/packages/ui/src/components/ui/table.tsx:30:6
          at table
          at div
          at /app/packages/ui/src/components/ui/table.tsx:8:6
          at DataTable (/app/packages/ui/src/components/data-table.tsx:23:36)
          at div
          at OrgsTable (/app/apps/admin/components/orgs-table.tsx:22:29)
          at IntlProvider (/app/node_modules/.pnpm/use-intl@3.26.5_react@18.3.1/node_modules/use-intl/dist/development/_IntlProvider.js:16:5)
          at NextIntlClientProvider (/app/node_modules/.pnpm/next-intl@3.26.5_next@15.5.18_@babel+core@7.29.7_@opentelemetry+api@1.9.1_@playwright+test@1._uib3rlo2eksg3yll53rffkx7ea/node_modules/next-intl/dist/development/shared/NextIntlClientProvider.js:16:5)

      Consider adding an error boundary to your tree to customize error handling behavior.
      Visit https://reactjs.org/link/error-boundaries to learn more about error boundaries.

      60 |
      61 |   it('clicking Delete on an ordinary org opens ConfirmDialog with the org name', async () => {
    > 62 |     render(withIntl(<OrgsTable initial={initial} apps={apps} />))
         |           ^
      63 |     const menuButtons = screen.getAllByRole('button', { name: /more/i })
      64 |     fireEvent.click(menuButtons[0])
      65 |     fireEvent.click(await screen.findByRole('menuitem', { name: en.orgs.actions.delete }))

      at logCapturedError (../../node_modules/.pnpm/react-dom@18.3.1_react@18.3.1/node_modules/react-dom/cjs/react-dom.development.js:18704:23)
      at update.callback (../../node_modules/.pnpm/react-dom@18.3.1_react@18.3.1/node_modules/react-dom/cjs/react-dom.development.js:18737:5)
      at callCallback (../../node_modules/.pnpm/react-dom@18.3.1_react@18.3.1/node_modules/react-dom/cjs/react-dom.development.js:15036:12)
      at commitUpdateQueue (../../node_modules/.pnpm/react-dom@18.3.1_react@18.3.1/node_modules/react-dom/cjs/react-dom.development.js:15057:9)
      at commitLayoutEffectOnFiber (../../node_modules/.pnpm/react-dom@18.3.1_react@18.3.1/node_modules/react-dom/cjs/react-dom.development.js:23430:13)
      at commitLayoutMountEffects_complete (../../node_modules/.pnpm/react-dom@18.3.1_react@18.3.1/node_modules/react-dom/cjs/react-dom.development.js:24727:9)
      at commitLayoutEffects_begin (../../node_modules/.pnpm/react-dom@18.3.1_react@18.3.1/node_modules/react-dom/cjs/react-dom.development.js:24713:7)
      at commitLayoutEffects (../../node_modules/.pnpm/react-dom@18.3.1_react@18.3.1/node_modules/react-dom/cjs/react-dom.development.js:24651:3)
      at commitRootImpl (../../node_modules/.pnpm/react-dom@18.3.1_react@18.3.1/node_modules/react-dom/cjs/react-dom.development.js:26862:5)
      at commitRoot (../../node_modules/.pnpm/react-dom@18.3.1_react@18.3.1/node_modules/react-dom/cjs/react-dom.development.js:26721:5)
      at finishConcurrentRender (../../node_modules/.pnpm/react-dom@18.3.1_react@18.3.1/node_modules/react-dom/cjs/react-dom.development.js:25931:9)
      at performConcurrentWorkOnRoot (../../node_modules/.pnpm/react-dom@18.3.1_react@18.3.1/node_modules/react-dom/cjs/react-dom.development.js:25848:7)
      at flushActQueue (../../node_modules/.pnpm/react@18.3.1/node_modules/react/cjs/react.development.js:2667:24)
      at act (../../node_modules/.pnpm/react@18.3.1/node_modules/react/cjs/react.development.js:2582:11)
      at ../../node_modules/.pnpm/@testing-library+react@16.3.2_@testing-library+dom@10.4.1_@types+react-dom@18.3.7_@types+reac_3k5f6qynewwmkoqvlvtzlgtsjq/node_modules/@testing-library/react/dist/act-compat.js:46:25
      at renderRoot (../../node_modules/.pnpm/@testing-library+react@16.3.2_@testing-library+dom@10.4.1_@types+react-dom@18.3.7_@types+reac_3k5f6qynewwmkoqvlvtzlgtsjq/node_modules/@testing-library/react/dist/pure.js:189:26)
      at render (../../node_modules/.pnpm/@testing-library+react@16.3.2_@testing-library+dom@10.4.1_@types+react-dom@18.3.7_@types+reac_3k5f6qynewwmkoqvlvtzlgtsjq/node_modules/@testing-library/react/dist/pure.js:291:10)
      at Object.<anonymous> (components/__tests__/orgs-table.test.tsx:62:11)

    console.error
      The above error occurred in the <Tooltip> component:

          at Tooltip (/app/node_modules/.pnpm/@radix-ui+react-tooltip@1.2.8_@types+react-dom@18.3.7_@types+react@18.3.29__@types+react@18.3_xrwsnt2rmlacewwolijhmzdoxi/node_modules/@radix-ui/react-tooltip/src/tooltip.tsx:154:5)
          at Passthrough (/app/apps/admin/components/__tests__/orgs-table.test.tsx:16:26)
          at cell (/app/apps/admin/components/orgs-table.tsx:125:16)
          at td
          at /app/packages/ui/src/components/ui/table.tsx:87:6
          at tr
          at /app/packages/ui/src/components/ui/table.tsx:57:6
          at tbody
          at /app/packages/ui/src/components/ui/table.tsx:30:6
          at table
          at div
          at /app/packages/ui/src/components/ui/table.tsx:8:6
          at DataTable (/app/packages/ui/src/components/data-table.tsx:23:36)
          at div
          at OrgsTable (/app/apps/admin/components/orgs-table.tsx:22:29)
          at IntlProvider (/app/node_modules/.pnpm/use-intl@3.26.5_react@18.3.1/node_modules/use-intl/dist/development/_IntlProvider.js:16:5)
          at NextIntlClientProvider (/app/node_modules/.pnpm/next-intl@3.26.5_next@15.5.18_@babel+core@7.29.7_@opentelemetry+api@1.9.1_@playwright+test@1._uib3rlo2eksg3yll53rffkx7ea/node_modules/next-intl/dist/development/shared/NextIntlClientProvider.js:16:5)

      Consider adding an error boundary to your tree to customize error handling behavior.
      Visit https://reactjs.org/link/error-boundaries to learn more about error boundaries.

      60 |
      61 |   it('clicking Delete on an ordinary org opens ConfirmDialog with the org name', async () => {
    > 62 |     render(withIntl(<OrgsTable initial={initial} apps={apps} />))
         |           ^
      63 |     const menuButtons = screen.getAllByRole('button', { name: /more/i })
      64 |     fireEvent.click(menuButtons[0])
      65 |     fireEvent.click(await screen.findByRole('menuitem', { name: en.orgs.actions.delete }))

      at logCapturedError (../../node_modules/.pnpm/react-dom@18.3.1_react@18.3.1/node_modules/react-dom/cjs/react-dom.development.js:18704:23)
      at update.callback (../../node_modules/.pnpm/react-dom@18.3.1_react@18.3.1/node_modules/react-dom/cjs/react-dom.development.js:18737:5)
      at callCallback (../../node_modules/.pnpm/react-dom@18.3.1_react@18.3.1/node_modules/react-dom/cjs/react-dom.development.js:15036:12)
      at commitUpdateQueue (../../node_modules/.pnpm/react-dom@18.3.1_react@18.3.1/node_modules/react-dom/cjs/react-dom.development.js:15057:9)
      at commitLayoutEffectOnFiber (../../node_modules/.pnpm/react-dom@18.3.1_react@18.3.1/node_modules/react-dom/cjs/react-dom.development.js:23430:13)
      at commitLayoutMountEffects_complete (../../node_modules/.pnpm/react-dom@18.3.1_react@18.3.1/node_modules/react-dom/cjs/react-dom.development.js:24727:9)
      at commitLayoutEffects_begin (../../node_modules/.pnpm/react-dom@18.3.1_react@18.3.1/node_modules/react-dom/cjs/react-dom.development.js:24713:7)
      at commitLayoutEffects (../../node_modules/.pnpm/react-dom@18.3.1_react@18.3.1/node_modules/react-dom/cjs/react-dom.development.js:24651:3)
      at commitRootImpl (../../node_modules/.pnpm/react-dom@18.3.1_react@18.3.1/node_modules/react-dom/cjs/react-dom.development.js:26862:5)
      at commitRoot (../../node_modules/.pnpm/react-dom@18.3.1_react@18.3.1/node_modules/react-dom/cjs/react-dom.development.js:26721:5)
      at finishConcurrentRender (../../node_modules/.pnpm/react-dom@18.3.1_react@18.3.1/node_modules/react-dom/cjs/react-dom.development.js:25931:9)
      at performConcurrentWorkOnRoot (../../node_modules/.pnpm/react-dom@18.3.1_react@18.3.1/node_modules/react-dom/cjs/react-dom.development.js:25848:7)
      at flushActQueue (../../node_modules/.pnpm/react@18.3.1/node_modules/react/cjs/react.development.js:2667:24)
      at act (../../node_modules/.pnpm/react@18.3.1/node_modules/react/cjs/react.development.js:2582:11)
      at ../../node_modules/.pnpm/@testing-library+react@16.3.2_@testing-library+dom@10.4.1_@types+react-dom@18.3.7_@types+reac_3k5f6qynewwmkoqvlvtzlgtsjq/node_modules/@testing-library/react/dist/act-compat.js:46:25
      at renderRoot (../../node_modules/.pnpm/@testing-library+react@16.3.2_@testing-library+dom@10.4.1_@types+react-dom@18.3.7_@types+reac_3k5f6qynewwmkoqvlvtzlgtsjq/node_modules/@testing-library/react/dist/pure.js:189:26)
      at render (../../node_modules/.pnpm/@testing-library+react@16.3.2_@testing-library+dom@10.4.1_@types+react-dom@18.3.7_@types+reac_3k5f6qynewwmkoqvlvtzlgtsjq/node_modules/@testing-library/react/dist/pure.js:291:10)
      at Object.<anonymous> (components/__tests__/orgs-table.test.tsx:62:11)

    console.error
      The above error occurred in the <Tooltip> component:

          at Tooltip (/app/node_modules/.pnpm/@radix-ui+react-tooltip@1.2.8_@types+react-dom@18.3.7_@types+react@18.3.29__@types+react@18.3_xrwsnt2rmlacewwolijhmzdoxi/node_modules/@radix-ui/react-tooltip/src/tooltip.tsx:154:5)
          at div
          at cell (/app/apps/admin/components/orgs-table.tsx:86:16)
          at td
          at /app/packages/ui/src/components/ui/table.tsx:87:6
          at tr
          at /app/packages/ui/src/components/ui/table.tsx:57:6
          at tbody
          at /app/packages/ui/src/components/ui/table.tsx:30:6
          at table
          at div
          at /app/packages/ui/src/components/ui/table.tsx:8:6
          at DataTable (/app/packages/ui/src/components/data-table.tsx:23:36)
          at div
          at OrgsTable (/app/apps/admin/components/orgs-table.tsx:22:29)
          at IntlProvider (/app/node_modules/.pnpm/use-intl@3.26.5_react@18.3.1/node_modules/use-intl/dist/development/_IntlProvider.js:16:5)
          at NextIntlClientProvider (/app/node_modules/.pnpm/next-intl@3.26.5_next@15.5.18_@babel+core@7.29.7_@opentelemetry+api@1.9.1_@playwright+test@1._uib3rlo2eksg3yll53rffkx7ea/node_modules/next-intl/dist/development/shared/NextIntlClientProvider.js:16:5)

      Consider adding an error boundary to your tree to customize error handling behavior.
      Visit https://reactjs.org/link/error-boundaries to learn more about error boundaries.

      60 |
      61 |   it('clicking Delete on an ordinary org opens ConfirmDialog with the org name', async () => {
    > 62 |     render(withIntl(<OrgsTable initial={initial} apps={apps} />))
         |           ^
      63 |     const menuButtons = screen.getAllByRole('button', { name: /more/i })
      64 |     fireEvent.click(menuButtons[0])
      65 |     fireEvent.click(await screen.findByRole('menuitem', { name: en.orgs.actions.delete }))

      at logCapturedError (../../node_modules/.pnpm/react-dom@18.3.1_react@18.3.1/node_modules/react-dom/cjs/react-dom.development.js:18704:23)
      at update.callback (../../node_modules/.pnpm/react-dom@18.3.1_react@18.3.1/node_modules/react-dom/cjs/react-dom.development.js:18737:5)
      at callCallback (../../node_modules/.pnpm/react-dom@18.3.1_react@18.3.1/node_modules/react-dom/cjs/react-dom.development.js:15036:12)
      at commitUpdateQueue (../../node_modules/.pnpm/react-dom@18.3.1_react@18.3.1/node_modules/react-dom/cjs/react-dom.development.js:15057:9)
      at commitLayoutEffectOnFiber (../../node_modules/.pnpm/react-dom@18.3.1_react@18.3.1/node_modules/react-dom/cjs/react-dom.development.js:23430:13)
      at commitLayoutMountEffects_complete (../../node_modules/.pnpm/react-dom@18.3.1_react@18.3.1/node_modules/react-dom/cjs/react-dom.development.js:24727:9)
      at commitLayoutEffects_begin (../../node_modules/.pnpm/react-dom@18.3.1_react@18.3.1/node_modules/react-dom/cjs/react-dom.development.js:24713:7)
      at commitLayoutEffects (../../node_modules/.pnpm/react-dom@18.3.1_react@18.3.1/node_modules/react-dom/cjs/react-dom.development.js:24651:3)
      at commitRootImpl (../../node_modules/.pnpm/react-dom@18.3.1_react@18.3.1/node_modules/react-dom/cjs/react-dom.development.js:26862:5)
      at commitRoot (../../node_modules/.pnpm/react-dom@18.3.1_react@18.3.1/node_modules/react-dom/cjs/react-dom.development.js:26721:5)
      at finishConcurrentRender (../../node_modules/.pnpm/react-dom@18.3.1_react@18.3.1/node_modules/react-dom/cjs/react-dom.development.js:25931:9)
      at performConcurrentWorkOnRoot (../../node_modules/.pnpm/react-dom@18.3.1_react@18.3.1/node_modules/react-dom/cjs/react-dom.development.js:25848:7)
      at flushActQueue (../../node_modules/.pnpm/react@18.3.1/node_modules/react/cjs/react.development.js:2667:24)
      at act (../../node_modules/.pnpm/react@18.3.1/node_modules/react/cjs/react.development.js:2582:11)
      at ../../node_modules/.pnpm/@testing-library+react@16.3.2_@testing-library+dom@10.4.1_@types+react-dom@18.3.7_@types+reac_3k5f6qynewwmkoqvlvtzlgtsjq/node_modules/@testing-library/react/dist/act-compat.js:46:25
      at renderRoot (../../node_modules/.pnpm/@testing-library+react@16.3.2_@testing-library+dom@10.4.1_@types+react-dom@18.3.7_@types+reac_3k5f6qynewwmkoqvlvtzlgtsjq/node_modules/@testing-library/react/dist/pure.js:189:26)
      at render (../../node_modules/.pnpm/@testing-library+react@16.3.2_@testing-library+dom@10.4.1_@types+react-dom@18.3.7_@types+reac_3k5f6qynewwmkoqvlvtzlgtsjq/node_modules/@testing-library/react/dist/pure.js:291:10)
      at Object.<anonymous> (components/__tests__/orgs-table.test.tsx:62:11)

    console.error
      The above error occurred in the <Tooltip> component:

          at Tooltip (/app/node_modules/.pnpm/@radix-ui+react-tooltip@1.2.8_@types+react-dom@18.3.7_@types+react@18.3.29__@types+react@18.3_xrwsnt2rmlacewwolijhmzdoxi/node_modules/@radix-ui/react-tooltip/src/tooltip.tsx:154:5)
          at Passthrough (/app/apps/admin/components/__tests__/orgs-table.test.tsx:16:26)
          at cell (/app/apps/admin/components/orgs-table.tsx:125:16)
          at td
          at /app/packages/ui/src/components/ui/table.tsx:87:6
          at tr
          at /app/packages/ui/src/components/ui/table.tsx:57:6
          at tbody
          at /app/packages/ui/src/components/ui/table.tsx:30:6
          at table
          at div
          at /app/packages/ui/src/components/ui/table.tsx:8:6
          at DataTable (/app/packages/ui/src/components/data-table.tsx:23:36)
          at div
          at OrgsTable (/app/apps/admin/components/orgs-table.tsx:22:29)
          at IntlProvider (/app/node_modules/.pnpm/use-intl@3.26.5_react@18.3.1/node_modules/use-intl/dist/development/_IntlProvider.js:16:5)
          at NextIntlClientProvider (/app/node_modules/.pnpm/next-intl@3.26.5_next@15.5.18_@babel+core@7.29.7_@opentelemetry+api@1.9.1_@playwright+test@1._uib3rlo2eksg3yll53rffkx7ea/node_modules/next-intl/dist/development/shared/NextIntlClientProvider.js:16:5)

      Consider adding an error boundary to your tree to customize error handling behavior.
      Visit https://reactjs.org/link/error-boundaries to learn more about error boundaries.

      60 |
      61 |   it('clicking Delete on an ordinary org opens ConfirmDialog with the org name', async () => {
    > 62 |     render(withIntl(<OrgsTable initial={initial} apps={apps} />))
         |           ^
      63 |     const menuButtons = screen.getAllByRole('button', { name: /more/i })
      64 |     fireEvent.click(menuButtons[0])
      65 |     fireEvent.click(await screen.findByRole('menuitem', { name: en.orgs.actions.delete }))

      at logCapturedError (../../node_modules/.pnpm/react-dom@18.3.1_react@18.3.1/node_modules/react-dom/cjs/react-dom.development.js:18704:23)
      at update.callback (../../node_modules/.pnpm/react-dom@18.3.1_react@18.3.1/node_modules/react-dom/cjs/react-dom.development.js:18737:5)
      at callCallback (../../node_modules/.pnpm/react-dom@18.3.1_react@18.3.1/node_modules/react-dom/cjs/react-dom.development.js:15036:12)
      at commitUpdateQueue (../../node_modules/.pnpm/react-dom@18.3.1_react@18.3.1/node_modules/react-dom/cjs/react-dom.development.js:15057:9)
      at commitLayoutEffectOnFiber (../../node_modules/.pnpm/react-dom@18.3.1_react@18.3.1/node_modules/react-dom/cjs/react-dom.development.js:23430:13)
      at commitLayoutMountEffects_complete (../../node_modules/.pnpm/react-dom@18.3.1_react@18.3.1/node_modules/react-dom/cjs/react-dom.development.js:24727:9)
      at commitLayoutEffects_begin (../../node_modules/.pnpm/react-dom@18.3.1_react@18.3.1/node_modules/react-dom/cjs/react-dom.development.js:24713:7)
      at commitLayoutEffects (../../node_modules/.pnpm/react-dom@18.3.1_react@18.3.1/node_modules/react-dom/cjs/react-dom.development.js:24651:3)
      at commitRootImpl (../../node_modules/.pnpm/react-dom@18.3.1_react@18.3.1/node_modules/react-dom/cjs/react-dom.development.js:26862:5)
      at commitRoot (../../node_modules/.pnpm/react-dom@18.3.1_react@18.3.1/node_modules/react-dom/cjs/react-dom.development.js:26721:5)
      at finishConcurrentRender (../../node_modules/.pnpm/react-dom@18.3.1_react@18.3.1/node_modules/react-dom/cjs/react-dom.development.js:25931:9)
      at performConcurrentWorkOnRoot (../../node_modules/.pnpm/react-dom@18.3.1_react@18.3.1/node_modules/react-dom/cjs/react-dom.development.js:25848:7)
      at flushActQueue (../../node_modules/.pnpm/react@18.3.1/node_modules/react/cjs/react.development.js:2667:24)
      at act (../../node_modules/.pnpm/react@18.3.1/node_modules/react/cjs/react.development.js:2582:11)
      at ../../node_modules/.pnpm/@testing-library+react@16.3.2_@testing-library+dom@10.4.1_@types+react-dom@18.3.7_@types+reac_3k5f6qynewwmkoqvlvtzlgtsjq/node_modules/@testing-library/react/dist/act-compat.js:46:25
      at renderRoot (../../node_modules/.pnpm/@testing-library+react@16.3.2_@testing-library+dom@10.4.1_@types+react-dom@18.3.7_@types+reac_3k5f6qynewwmkoqvlvtzlgtsjq/node_modules/@testing-library/react/dist/pure.js:189:26)
      at render (../../node_modules/.pnpm/@testing-library+react@16.3.2_@testing-library+dom@10.4.1_@types+react-dom@18.3.7_@types+reac_3k5f6qynewwmkoqvlvtzlgtsjq/node_modules/@testing-library/react/dist/pure.js:291:10)
      at Object.<anonymous> (components/__tests__/orgs-table.test.tsx:62:11)

    console.error
      Error: Uncaught [Error: `Tooltip` must be used within `TooltipProvider`]
          at reportException (/app/node_modules/.pnpm/jsdom@20.0.3/node_modules/jsdom/lib/jsdom/living/helpers/runtime-script-errors.js:66:24)
          at innerInvokeEventListeners (/app/node_modules/.pnpm/jsdom@20.0.3/node_modules/jsdom/lib/jsdom/living/events/EventTarget-impl.js:353:9)
          at invokeEventListeners (/app/node_modules/.pnpm/jsdom@20.0.3/node_modules/jsdom/lib/jsdom/living/events/EventTarget-impl.js:286:3)
          at HTMLUnknownElementImpl._dispatch (/app/node_modules/.pnpm/jsdom@20.0.3/node_modules/jsdom/lib/jsdom/living/events/EventTarget-impl.js:233:9)
          at HTMLUnknownElementImpl.dispatchEvent (/app/node_modules/.pnpm/jsdom@20.0.3/node_modules/jsdom/lib/jsdom/living/events/EventTarget-impl.js:104:17)
          at HTMLUnknownElement.dispatchEvent (/app/node_modules/.pnpm/jsdom@20.0.3/node_modules/jsdom/lib/jsdom/living/generated/EventTarget.js:241:34)
          at Object.invokeGuardedCallbackDev (/app/node_modules/.pnpm/react-dom@18.3.1_react@18.3.1/node_modules/react-dom/cjs/react-dom.development.js:4213:16)
          at invokeGuardedCallback (/app/node_modules/.pnpm/react-dom@18.3.1_react@18.3.1/node_modules/react-dom/cjs/react-dom.development.js:4277:31)
          at beginWork$1 (/app/node_modules/.pnpm/react-dom@18.3.1_react@18.3.1/node_modules/react-dom/cjs/react-dom.development.js:27490:7)
          at performUnitOfWork (/app/node_modules/.pnpm/react-dom@18.3.1_react@18.3.1/node_modules/react-dom/cjs/react-dom.development.js:26599:12)
          at workLoopSync (/app/node_modules/.pnpm/react-dom@18.3.1_react@18.3.1/node_modules/react-dom/cjs/react-dom.development.js:26505:5)
          at renderRootSync (/app/node_modules/.pnpm/react-dom@18.3.1_react@18.3.1/node_modules/react-dom/cjs/react-dom.development.js:26473:7)
          at performConcurrentWorkOnRoot (/app/node_modules/.pnpm/react-dom@18.3.1_react@18.3.1/node_modules/react-dom/cjs/react-dom.development.js:25777:74)
          at flushActQueue (/app/node_modules/.pnpm/react@18.3.1/node_modules/react/cjs/react.development.js:2667:24)
          at act (/app/node_modules/.pnpm/react@18.3.1/node_modules/react/cjs/react.development.js:2582:11)
          at /app/node_modules/.pnpm/@testing-library+react@16.3.2_@testing-library+dom@10.4.1_@types+react-dom@18.3.7_@types+reac_3k5f6qynewwmkoqvlvtzlgtsjq/node_modules/@testing-library/react/dist/act-compat.js:46:25
          at renderRoot (/app/node_modules/.pnpm/@testing-library+react@16.3.2_@testing-library+dom@10.4.1_@types+react-dom@18.3.7_@types+reac_3k5f6qynewwmkoqvlvtzlgtsjq/node_modules/@testing-library/react/dist/pure.js:189:26)
          at render (/app/node_modules/.pnpm/@testing-library+react@16.3.2_@testing-library+dom@10.4.1_@types+react-dom@18.3.7_@types+reac_3k5f6qynewwmkoqvlvtzlgtsjq/node_modules/@testing-library/react/dist/pure.js:291:10)
          at Object.<anonymous> (/app/apps/admin/components/__tests__/orgs-table.test.tsx:73:11)
          at Promise.then.completed (/app/node_modules/.pnpm/jest-circus@29.7.0/node_modules/jest-circus/build/utils.js:298:28)
          at new Promise (<anonymous>)
          at callAsyncCircusFn (/app/node_modules/.pnpm/jest-circus@29.7.0/node_modules/jest-circus/build/utils.js:231:10)
          at _callCircusTest (/app/node_modules/.pnpm/jest-circus@29.7.0/node_modules/jest-circus/build/run.js:316:40)
          at processTicksAndRejections (node:internal/process/task_queues:103:5)
          at _runTest (/app/node_modules/.pnpm/jest-circus@29.7.0/node_modules/jest-circus/build/run.js:252:3)
          at _runTestsForDescribeBlock (/app/node_modules/.pnpm/jest-circus@29.7.0/node_modules/jest-circus/build/run.js:126:9)
          at _runTestsForDescribeBlock (/app/node_modules/.pnpm/jest-circus@29.7.0/node_modules/jest-circus/build/run.js:121:9)
          at run (/app/node_modules/.pnpm/jest-circus@29.7.0/node_modules/jest-circus/build/run.js:71:3)
          at runAndTransformResultsToJestFormat (/app/node_modules/.pnpm/jest-circus@29.7.0/node_modules/jest-circus/build/legacy-code-todo-rewrite/jestAdapterInit.js:122:21)
          at jestAdapter (/app/node_modules/.pnpm/jest-circus@29.7.0/node_modules/jest-circus/build/legacy-code-todo-rewrite/jestAdapter.js:79:19)
          at runTestInternal (/app/node_modules/.pnpm/jest-runner@29.7.0/node_modules/jest-runner/build/runTest.js:367:16)
          at runTest (/app/node_modules/.pnpm/jest-runner@29.7.0/node_modules/jest-runner/build/runTest.js:444:34)
          at Object.worker (/app/node_modules/.pnpm/jest-runner@29.7.0/node_modules/jest-runner/build/testWorker.js:106:12) {
        detail: Error: `Tooltip` must be used within `TooltipProvider`
            at useContext2 (/app/node_modules/.pnpm/@radix-ui+react-context@1.1.2_@types+react@18.3.29_react@18.3.1/node_modules/@radix-ui/react-context/src/create-context.tsx:75:13)
            at Tooltip (/app/node_modules/.pnpm/@radix-ui+react-tooltip@1.2.8_@types+react-dom@18.3.7_@types+react@18.3.29__@types+react@18.3_xrwsnt2rmlacewwolijhmzdoxi/node_modules/@radix-ui/react-tooltip/src/tooltip.tsx:162:27)
            at renderWithHooks (/app/node_modules/.pnpm/react-dom@18.3.1_react@18.3.1/node_modules/react-dom/cjs/react-dom.development.js:15486:18)
            at mountIndeterminateComponent (/app/node_modules/.pnpm/react-dom@18.3.1_react@18.3.1/node_modules/react-dom/cjs/react-dom.development.js:20103:13)
            at beginWork (/app/node_modules/.pnpm/react-dom@18.3.1_react@18.3.1/node_modules/react-dom/cjs/react-dom.development.js:21626:16)
            at HTMLUnknownElement.callCallback (/app/node_modules/.pnpm/react-dom@18.3.1_react@18.3.1/node_modules/react-dom/cjs/react-dom.development.js:4164:14)
            at HTMLUnknownElement.callTheUserObjectsOperation (/app/node_modules/.pnpm/jsdom@20.0.3/node_modules/jsdom/lib/jsdom/living/generated/EventListener.js:26:30)
            at innerInvokeEventListeners (/app/node_modules/.pnpm/jsdom@20.0.3/node_modules/jsdom/lib/jsdom/living/events/EventTarget-impl.js:350:25)
            at invokeEventListeners (/app/node_modules/.pnpm/jsdom@20.0.3/node_modules/jsdom/lib/jsdom/living/events/EventTarget-impl.js:286:3)
            at HTMLUnknownElementImpl._dispatch (/app/node_modules/.pnpm/jsdom@20.0.3/node_modules/jsdom/lib/jsdom/living/events/EventTarget-impl.js:233:9)
            at HTMLUnknownElementImpl.dispatchEvent (/app/node_modules/.pnpm/jsdom@20.0.3/node_modules/jsdom/lib/jsdom/living/events/EventTarget-impl.js:104:17)
            at HTMLUnknownElement.dispatchEvent (/app/node_modules/.pnpm/jsdom@20.0.3/node_modules/jsdom/lib/jsdom/living/generated/EventTarget.js:241:34)
            at Object.invokeGuardedCallbackDev (/app/node_modules/.pnpm/react-dom@18.3.1_react@18.3.1/node_modules/react-dom/cjs/react-dom.development.js:4213:16)
            at invokeGuardedCallback (/app/node_modules/.pnpm/react-dom@18.3.1_react@18.3.1/node_modules/react-dom/cjs/react-dom.development.js:4277:31)
            at beginWork$1 (/app/node_modules/.pnpm/react-dom@18.3.1_react@18.3.1/node_modules/react-dom/cjs/react-dom.development.js:27490:7)
            at performUnitOfWork (/app/node_modules/.pnpm/react-dom@18.3.1_react@18.3.1/node_modules/react-dom/cjs/react-dom.development.js:26599:12)
            at workLoopSync (/app/node_modules/.pnpm/react-dom@18.3.1_react@18.3.1/node_modules/react-dom/cjs/react-dom.development.js:26505:5)
            at renderRootSync (/app/node_modules/.pnpm/react-dom@18.3.1_react@18.3.1/node_modules/react-dom/cjs/react-dom.development.js:26473:7)
            at performConcurrentWorkOnRoot (/app/node_modules/.pnpm/react-dom@18.3.1_react@18.3.1/node_modules/react-dom/cjs/react-dom.development.js:25777:74)
            at flushActQueue (/app/node_modules/.pnpm/react@18.3.1/node_modules/react/cjs/react.development.js:2667:24)
            at act (/app/node_modules/.pnpm/react@18.3.1/node_modules/react/cjs/react.development.js:2582:11)
            at /app/node_modules/.pnpm/@testing-library+react@16.3.2_@testing-library+dom@10.4.1_@types+react-dom@18.3.7_@types+reac_3k5f6qynewwmkoqvlvtzlgtsjq/node_modules/@testing-library/react/dist/act-compat.js:46:25
            at renderRoot (/app/node_modules/.pnpm/@testing-library+react@16.3.2_@testing-library+dom@10.4.1_@types+react-dom@18.3.7_@types+reac_3k5f6qynewwmkoqvlvtzlgtsjq/node_modules/@testing-library/react/dist/pure.js:189:26)
            at render (/app/node_modules/.pnpm/@testing-library+react@16.3.2_@testing-library+dom@10.4.1_@types+react-dom@18.3.7_@types+reac_3k5f6qynewwmkoqvlvtzlgtsjq/node_modules/@testing-library/react/dist/pure.js:291:10)
            at Object.<anonymous> (/app/apps/admin/components/__tests__/orgs-table.test.tsx:73:11)
            at Promise.then.completed (/app/node_modules/.pnpm/jest-circus@29.7.0/node_modules/jest-circus/build/utils.js:298:28)
            at new Promise (<anonymous>)
            at callAsyncCircusFn (/app/node_modules/.pnpm/jest-circus@29.7.0/node_modules/jest-circus/build/utils.js:231:10)
            at _callCircusTest (/app/node_modules/.pnpm/jest-circus@29.7.0/node_modules/jest-circus/build/run.js:316:40)
            at processTicksAndRejections (node:internal/process/task_queues:103:5)
            at _runTest (/app/node_modules/.pnpm/jest-circus@29.7.0/node_modules/jest-circus/build/run.js:252:3)
            at _runTestsForDescribeBlock (/app/node_modules/.pnpm/jest-circus@29.7.0/node_modules/jest-circus/build/run.js:126:9)
            at _runTestsForDescribeBlock (/app/node_modules/.pnpm/jest-circus@29.7.0/node_modules/jest-circus/build/run.js:121:9)
            at run (/app/node_modules/.pnpm/jest-circus@29.7.0/node_modules/jest-circus/build/run.js:71:3)
            at runAndTransformResultsToJestFormat (/app/node_modules/.pnpm/jest-circus@29.7.0/node_modules/jest-circus/build/legacy-code-todo-rewrite/jestAdapterInit.js:122:21)
            at jestAdapter (/app/node_modules/.pnpm/jest-circus@29.7.0/node_modules/jest-circus/build/legacy-code-todo-rewrite/jestAdapter.js:79:19)
            at runTestInternal (/app/node_modules/.pnpm/jest-runner@29.7.0/node_modules/jest-runner/build/runTest.js:367:16)
            at runTest (/app/node_modules/.pnpm/jest-runner@29.7.0/node_modules/jest-runner/build/runTest.js:444:34)
            at Object.worker (/app/node_modules/.pnpm/jest-runner@29.7.0/node_modules/jest-runner/build/testWorker.js:106:12),
        type: 'unhandled exception'
      }

      71 |     jest.useFakeTimers()
      72 |     ;(actions.listOrgsAction as jest.Mock).mockResolvedValue({ items: [], total: 0, page: 1, pageSize: 25 })
    > 73 |     render(withIntl(<OrgsTable initial={initial} apps={apps} />))
         |           ^
      74 |     fireEvent.change(screen.getByLabelText(en.orgs.filter.appLabel), { target: { value: 'sq_1' } })
      75 |     jest.advanceTimersByTime(400)
      76 |     await waitFor(() => expect(actions.listOrgsAction).toHaveBeenCalledWith({ appId: 'sq_1', page: 1, pageSize: 25 }))

      at VirtualConsole.<anonymous> (../../node_modules/.pnpm/jest-environment-jsdom@29.7.0/node_modules/jest-environment-jsdom/build/index.js:63:23)
      at reportException (../../node_modules/.pnpm/jsdom@20.0.3/node_modules/jsdom/lib/jsdom/living/helpers/runtime-script-errors.js:70:28)
      at innerInvokeEventListeners (../../node_modules/.pnpm/jsdom@20.0.3/node_modules/jsdom/lib/jsdom/living/events/EventTarget-impl.js:353:9)
      at invokeEventListeners (../../node_modules/.pnpm/jsdom@20.0.3/node_modules/jsdom/lib/jsdom/living/events/EventTarget-impl.js:286:3)
      at HTMLUnknownElementImpl._dispatch (../../node_modules/.pnpm/jsdom@20.0.3/node_modules/jsdom/lib/jsdom/living/events/EventTarget-impl.js:233:9)
      at HTMLUnknownElementImpl.dispatchEvent (../../node_modules/.pnpm/jsdom@20.0.3/node_modules/jsdom/lib/jsdom/living/events/EventTarget-impl.js:104:17)
      at HTMLUnknownElement.dispatchEvent (../../node_modules/.pnpm/jsdom@20.0.3/node_modules/jsdom/lib/jsdom/living/generated/EventTarget.js:241:34)
      at Object.invokeGuardedCallbackDev (../../node_modules/.pnpm/react-dom@18.3.1_react@18.3.1/node_modules/react-dom/cjs/react-dom.development.js:4213:16)
      at invokeGuardedCallback (../../node_modules/.pnpm/react-dom@18.3.1_react@18.3.1/node_modules/react-dom/cjs/react-dom.development.js:4277:31)
      at beginWork$1 (../../node_modules/.pnpm/react-dom@18.3.1_react@18.3.1/node_modules/react-dom/cjs/react-dom.development.js:27490:7)
      at performUnitOfWork (../../node_modules/.pnpm/react-dom@18.3.1_react@18.3.1/node_modules/react-dom/cjs/react-dom.development.js:26599:12)
      at workLoopSync (../../node_modules/.pnpm/react-dom@18.3.1_react@18.3.1/node_modules/react-dom/cjs/react-dom.development.js:26505:5)
      at renderRootSync (../../node_modules/.pnpm/react-dom@18.3.1_react@18.3.1/node_modules/react-dom/cjs/react-dom.development.js:26473:7)
      at performConcurrentWorkOnRoot (../../node_modules/.pnpm/react-dom@18.3.1_react@18.3.1/node_modules/react-dom/cjs/react-dom.development.js:25777:74)
      at flushActQueue (../../node_modules/.pnpm/react@18.3.1/node_modules/react/cjs/react.development.js:2667:24)
      at act (../../node_modules/.pnpm/react@18.3.1/node_modules/react/cjs/react.development.js:2582:11)
      at ../../node_modules/.pnpm/@testing-library+react@16.3.2_@testing-library+dom@10.4.1_@types+react-dom@18.3.7_@types+reac_3k5f6qynewwmkoqvlvtzlgtsjq/node_modules/@testing-library/react/dist/act-compat.js:46:25
      at renderRoot (../../node_modules/.pnpm/@testing-library+react@16.3.2_@testing-library+dom@10.4.1_@types+react-dom@18.3.7_@types+reac_3k5f6qynewwmkoqvlvtzlgtsjq/node_modules/@testing-library/react/dist/pure.js:189:26)
      at render (../../node_modules/.pnpm/@testing-library+react@16.3.2_@testing-library+dom@10.4.1_@types+react-dom@18.3.7_@types+reac_3k5f6qynewwmkoqvlvtzlgtsjq/node_modules/@testing-library/react/dist/pure.js:291:10)
      at Object.<anonymous> (components/__tests__/orgs-table.test.tsx:73:11)

    console.error
      Error: Uncaught [Error: `Tooltip` must be used within `TooltipProvider`]
          at reportException (/app/node_modules/.pnpm/jsdom@20.0.3/node_modules/jsdom/lib/jsdom/living/helpers/runtime-script-errors.js:66:24)
          at innerInvokeEventListeners (/app/node_modules/.pnpm/jsdom@20.0.3/node_modules/jsdom/lib/jsdom/living/events/EventTarget-impl.js:353:9)
          at invokeEventListeners (/app/node_modules/.pnpm/jsdom@20.0.3/node_modules/jsdom/lib/jsdom/living/events/EventTarget-impl.js:286:3)
          at HTMLUnknownElementImpl._dispatch (/app/node_modules/.pnpm/jsdom@20.0.3/node_modules/jsdom/lib/jsdom/living/events/EventTarget-impl.js:233:9)
          at HTMLUnknownElementImpl.dispatchEvent (/app/node_modules/.pnpm/jsdom@20.0.3/node_modules/jsdom/lib/jsdom/living/events/EventTarget-impl.js:104:17)
          at HTMLUnknownElement.dispatchEvent (/app/node_modules/.pnpm/jsdom@20.0.3/node_modules/jsdom/lib/jsdom/living/generated/EventTarget.js:241:34)
          at Object.invokeGuardedCallbackDev (/app/node_modules/.pnpm/react-dom@18.3.1_react@18.3.1/node_modules/react-dom/cjs/react-dom.development.js:4213:16)
          at invokeGuardedCallback (/app/node_modules/.pnpm/react-dom@18.3.1_react@18.3.1/node_modules/react-dom/cjs/react-dom.development.js:4277:31)
          at beginWork$1 (/app/node_modules/.pnpm/react-dom@18.3.1_react@18.3.1/node_modules/react-dom/cjs/react-dom.development.js:27490:7)
          at performUnitOfWork (/app/node_modules/.pnpm/react-dom@18.3.1_react@18.3.1/node_modules/react-dom/cjs/react-dom.development.js:26599:12)
          at workLoopSync (/app/node_modules/.pnpm/react-dom@18.3.1_react@18.3.1/node_modules/react-dom/cjs/react-dom.development.js:26505:5)
          at renderRootSync (/app/node_modules/.pnpm/react-dom@18.3.1_react@18.3.1/node_modules/react-dom/cjs/react-dom.development.js:26473:7)
          at performConcurrentWorkOnRoot (/app/node_modules/.pnpm/react-dom@18.3.1_react@18.3.1/node_modules/react-dom/cjs/react-dom.development.js:25777:74)
          at flushActQueue (/app/node_modules/.pnpm/react@18.3.1/node_modules/react/cjs/react.development.js:2667:24)
          at act (/app/node_modules/.pnpm/react@18.3.1/node_modules/react/cjs/react.development.js:2582:11)
          at /app/node_modules/.pnpm/@testing-library+react@16.3.2_@testing-library+dom@10.4.1_@types+react-dom@18.3.7_@types+reac_3k5f6qynewwmkoqvlvtzlgtsjq/node_modules/@testing-library/react/dist/act-compat.js:46:25
          at renderRoot (/app/node_modules/.pnpm/@testing-library+react@16.3.2_@testing-library+dom@10.4.1_@types+react-dom@18.3.7_@types+reac_3k5f6qynewwmkoqvlvtzlgtsjq/node_modules/@testing-library/react/dist/pure.js:189:26)
          at render (/app/node_modules/.pnpm/@testing-library+react@16.3.2_@testing-library+dom@10.4.1_@types+react-dom@18.3.7_@types+reac_3k5f6qynewwmkoqvlvtzlgtsjq/node_modules/@testing-library/react/dist/pure.js:291:10)
          at Object.<anonymous> (/app/apps/admin/components/__tests__/orgs-table.test.tsx:73:11)
          at Promise.then.completed (/app/node_modules/.pnpm/jest-circus@29.7.0/node_modules/jest-circus/build/utils.js:298:28)
          at new Promise (<anonymous>)
          at callAsyncCircusFn (/app/node_modules/.pnpm/jest-circus@29.7.0/node_modules/jest-circus/build/utils.js:231:10)
          at _callCircusTest (/app/node_modules/.pnpm/jest-circus@29.7.0/node_modules/jest-circus/build/run.js:316:40)
          at processTicksAndRejections (node:internal/process/task_queues:103:5)
          at _runTest (/app/node_modules/.pnpm/jest-circus@29.7.0/node_modules/jest-circus/build/run.js:252:3)
          at _runTestsForDescribeBlock (/app/node_modules/.pnpm/jest-circus@29.7.0/node_modules/jest-circus/build/run.js:126:9)
          at _runTestsForDescribeBlock (/app/node_modules/.pnpm/jest-circus@29.7.0/node_modules/jest-circus/build/run.js:121:9)
          at run (/app/node_modules/.pnpm/jest-circus@29.7.0/node_modules/jest-circus/build/run.js:71:3)
          at runAndTransformResultsToJestFormat (/app/node_modules/.pnpm/jest-circus@29.7.0/node_modules/jest-circus/build/legacy-code-todo-rewrite/jestAdapterInit.js:122:21)
          at jestAdapter (/app/node_modules/.pnpm/jest-circus@29.7.0/node_modules/jest-circus/build/legacy-code-todo-rewrite/jestAdapter.js:79:19)
          at runTestInternal (/app/node_modules/.pnpm/jest-runner@29.7.0/node_modules/jest-runner/build/runTest.js:367:16)
          at runTest (/app/node_modules/.pnpm/jest-runner@29.7.0/node_modules/jest-runner/build/runTest.js:444:34)
          at Object.worker (/app/node_modules/.pnpm/jest-runner@29.7.0/node_modules/jest-runner/build/testWorker.js:106:12) {
        detail: Error: `Tooltip` must be used within `TooltipProvider`
            at useContext2 (/app/node_modules/.pnpm/@radix-ui+react-context@1.1.2_@types+react@18.3.29_react@18.3.1/node_modules/@radix-ui/react-context/src/create-context.tsx:75:13)
            at Tooltip (/app/node_modules/.pnpm/@radix-ui+react-tooltip@1.2.8_@types+react-dom@18.3.7_@types+react@18.3.29__@types+react@18.3_xrwsnt2rmlacewwolijhmzdoxi/node_modules/@radix-ui/react-tooltip/src/tooltip.tsx:162:27)
            at renderWithHooks (/app/node_modules/.pnpm/react-dom@18.3.1_react@18.3.1/node_modules/react-dom/cjs/react-dom.development.js:15486:18)
            at mountIndeterminateComponent (/app/node_modules/.pnpm/react-dom@18.3.1_react@18.3.1/node_modules/react-dom/cjs/react-dom.development.js:20103:13)
            at beginWork (/app/node_modules/.pnpm/react-dom@18.3.1_react@18.3.1/node_modules/react-dom/cjs/react-dom.development.js:21626:16)
            at HTMLUnknownElement.callCallback (/app/node_modules/.pnpm/react-dom@18.3.1_react@18.3.1/node_modules/react-dom/cjs/react-dom.development.js:4164:14)
            at HTMLUnknownElement.callTheUserObjectsOperation (/app/node_modules/.pnpm/jsdom@20.0.3/node_modules/jsdom/lib/jsdom/living/generated/EventListener.js:26:30)
            at innerInvokeEventListeners (/app/node_modules/.pnpm/jsdom@20.0.3/node_modules/jsdom/lib/jsdom/living/events/EventTarget-impl.js:350:25)
            at invokeEventListeners (/app/node_modules/.pnpm/jsdom@20.0.3/node_modules/jsdom/lib/jsdom/living/events/EventTarget-impl.js:286:3)
            at HTMLUnknownElementImpl._dispatch (/app/node_modules/.pnpm/jsdom@20.0.3/node_modules/jsdom/lib/jsdom/living/events/EventTarget-impl.js:233:9)
            at HTMLUnknownElementImpl.dispatchEvent (/app/node_modules/.pnpm/jsdom@20.0.3/node_modules/jsdom/lib/jsdom/living/events/EventTarget-impl.js:104:17)
            at HTMLUnknownElement.dispatchEvent (/app/node_modules/.pnpm/jsdom@20.0.3/node_modules/jsdom/lib/jsdom/living/generated/EventTarget.js:241:34)
            at Object.invokeGuardedCallbackDev (/app/node_modules/.pnpm/react-dom@18.3.1_react@18.3.1/node_modules/react-dom/cjs/react-dom.development.js:4213:16)
            at invokeGuardedCallback (/app/node_modules/.pnpm/react-dom@18.3.1_react@18.3.1/node_modules/react-dom/cjs/react-dom.development.js:4277:31)
            at beginWork$1 (/app/node_modules/.pnpm/react-dom@18.3.1_react@18.3.1/node_modules/react-dom/cjs/react-dom.development.js:27490:7)
            at performUnitOfWork (/app/node_modules/.pnpm/react-dom@18.3.1_react@18.3.1/node_modules/react-dom/cjs/react-dom.development.js:26599:12)
            at workLoopSync (/app/node_modules/.pnpm/react-dom@18.3.1_react@18.3.1/node_modules/react-dom/cjs/react-dom.development.js:26505:5)
            at renderRootSync (/app/node_modules/.pnpm/react-dom@18.3.1_react@18.3.1/node_modules/react-dom/cjs/react-dom.development.js:26473:7)
            at performConcurrentWorkOnRoot (/app/node_modules/.pnpm/react-dom@18.3.1_react@18.3.1/node_modules/react-dom/cjs/react-dom.development.js:25777:74)
            at flushActQueue (/app/node_modules/.pnpm/react@18.3.1/node_modules/react/cjs/react.development.js:2667:24)
            at act (/app/node_modules/.pnpm/react@18.3.1/node_modules/react/cjs/react.development.js:2582:11)
            at /app/node_modules/.pnpm/@testing-library+react@16.3.2_@testing-library+dom@10.4.1_@types+react-dom@18.3.7_@types+reac_3k5f6qynewwmkoqvlvtzlgtsjq/node_modules/@testing-library/react/dist/act-compat.js:46:25
            at renderRoot (/app/node_modules/.pnpm/@testing-library+react@16.3.2_@testing-library+dom@10.4.1_@types+react-dom@18.3.7_@types+reac_3k5f6qynewwmkoqvlvtzlgtsjq/node_modules/@testing-library/react/dist/pure.js:189:26)
            at render (/app/node_modules/.pnpm/@testing-library+react@16.3.2_@testing-library+dom@10.4.1_@types+react-dom@18.3.7_@types+reac_3k5f6qynewwmkoqvlvtzlgtsjq/node_modules/@testing-library/react/dist/pure.js:291:10)
            at Object.<anonymous> (/app/apps/admin/components/__tests__/orgs-table.test.tsx:73:11)
            at Promise.then.completed (/app/node_modules/.pnpm/jest-circus@29.7.0/node_modules/jest-circus/build/utils.js:298:28)
            at new Promise (<anonymous>)
            at callAsyncCircusFn (/app/node_modules/.pnpm/jest-circus@29.7.0/node_modules/jest-circus/build/utils.js:231:10)
            at _callCircusTest (/app/node_modules/.pnpm/jest-circus@29.7.0/node_modules/jest-circus/build/run.js:316:40)
            at processTicksAndRejections (node:internal/process/task_queues:103:5)
            at _runTest (/app/node_modules/.pnpm/jest-circus@29.7.0/node_modules/jest-circus/build/run.js:252:3)
            at _runTestsForDescribeBlock (/app/node_modules/.pnpm/jest-circus@29.7.0/node_modules/jest-circus/build/run.js:126:9)
            at _runTestsForDescribeBlock (/app/node_modules/.pnpm/jest-circus@29.7.0/node_modules/jest-circus/build/run.js:121:9)
            at run (/app/node_modules/.pnpm/jest-circus@29.7.0/node_modules/jest-circus/build/run.js:71:3)
            at runAndTransformResultsToJestFormat (/app/node_modules/.pnpm/jest-circus@29.7.0/node_modules/jest-circus/build/legacy-code-todo-rewrite/jestAdapterInit.js:122:21)
            at jestAdapter (/app/node_modules/.pnpm/jest-circus@29.7.0/node_modules/jest-circus/build/legacy-code-todo-rewrite/jestAdapter.js:79:19)
            at runTestInternal (/app/node_modules/.pnpm/jest-runner@29.7.0/node_modules/jest-runner/build/runTest.js:367:16)
            at runTest (/app/node_modules/.pnpm/jest-runner@29.7.0/node_modules/jest-runner/build/runTest.js:444:34)
            at Object.worker (/app/node_modules/.pnpm/jest-runner@29.7.0/node_modules/jest-runner/build/testWorker.js:106:12),
        type: 'unhandled exception'
      }

      71 |     jest.useFakeTimers()
      72 |     ;(actions.listOrgsAction as jest.Mock).mockResolvedValue({ items: [], total: 0, page: 1, pageSize: 25 })
    > 73 |     render(withIntl(<OrgsTable initial={initial} apps={apps} />))
         |           ^
      74 |     fireEvent.change(screen.getByLabelText(en.orgs.filter.appLabel), { target: { value: 'sq_1' } })
      75 |     jest.advanceTimersByTime(400)
      76 |     await waitFor(() => expect(actions.listOrgsAction).toHaveBeenCalledWith({ appId: 'sq_1', page: 1, pageSize: 25 }))

      at VirtualConsole.<anonymous> (../../node_modules/.pnpm/jest-environment-jsdom@29.7.0/node_modules/jest-environment-jsdom/build/index.js:63:23)
      at reportException (../../node_modules/.pnpm/jsdom@20.0.3/node_modules/jsdom/lib/jsdom/living/helpers/runtime-script-errors.js:70:28)
      at innerInvokeEventListeners (../../node_modules/.pnpm/jsdom@20.0.3/node_modules/jsdom/lib/jsdom/living/events/EventTarget-impl.js:353:9)
      at invokeEventListeners (../../node_modules/.pnpm/jsdom@20.0.3/node_modules/jsdom/lib/jsdom/living/events/EventTarget-impl.js:286:3)
      at HTMLUnknownElementImpl._dispatch (../../node_modules/.pnpm/jsdom@20.0.3/node_modules/jsdom/lib/jsdom/living/events/EventTarget-impl.js:233:9)
      at HTMLUnknownElementImpl.dispatchEvent (../../node_modules/.pnpm/jsdom@20.0.3/node_modules/jsdom/lib/jsdom/living/events/EventTarget-impl.js:104:17)
      at HTMLUnknownElement.dispatchEvent (../../node_modules/.pnpm/jsdom@20.0.3/node_modules/jsdom/lib/jsdom/living/generated/EventTarget.js:241:34)
      at Object.invokeGuardedCallbackDev (../../node_modules/.pnpm/react-dom@18.3.1_react@18.3.1/node_modules/react-dom/cjs/react-dom.development.js:4213:16)
      at invokeGuardedCallback (../../node_modules/.pnpm/react-dom@18.3.1_react@18.3.1/node_modules/react-dom/cjs/react-dom.development.js:4277:31)
      at beginWork$1 (../../node_modules/.pnpm/react-dom@18.3.1_react@18.3.1/node_modules/react-dom/cjs/react-dom.development.js:27490:7)
      at performUnitOfWork (../../node_modules/.pnpm/react-dom@18.3.1_react@18.3.1/node_modules/react-dom/cjs/react-dom.development.js:26599:12)
      at workLoopSync (../../node_modules/.pnpm/react-dom@18.3.1_react@18.3.1/node_modules/react-dom/cjs/react-dom.development.js:26505:5)
      at renderRootSync (../../node_modules/.pnpm/react-dom@18.3.1_react@18.3.1/node_modules/react-dom/cjs/react-dom.development.js:26473:7)
      at performConcurrentWorkOnRoot (../../node_modules/.pnpm/react-dom@18.3.1_react@18.3.1/node_modules/react-dom/cjs/react-dom.development.js:25777:74)
      at flushActQueue (../../node_modules/.pnpm/react@18.3.1/node_modules/react/cjs/react.development.js:2667:24)
      at act (../../node_modules/.pnpm/react@18.3.1/node_modules/react/cjs/react.development.js:2582:11)
      at ../../node_modules/.pnpm/@testing-library+react@16.3.2_@testing-library+dom@10.4.1_@types+react-dom@18.3.7_@types+reac_3k5f6qynewwmkoqvlvtzlgtsjq/node_modules/@testing-library/react/dist/act-compat.js:46:25
      at renderRoot (../../node_modules/.pnpm/@testing-library+react@16.3.2_@testing-library+dom@10.4.1_@types+react-dom@18.3.7_@types+reac_3k5f6qynewwmkoqvlvtzlgtsjq/node_modules/@testing-library/react/dist/pure.js:189:26)
      at render (../../node_modules/.pnpm/@testing-library+react@16.3.2_@testing-library+dom@10.4.1_@types+react-dom@18.3.7_@types+reac_3k5f6qynewwmkoqvlvtzlgtsjq/node_modules/@testing-library/react/dist/pure.js:291:10)
      at Object.<anonymous> (components/__tests__/orgs-table.test.tsx:73:11)

    console.error
      Error: Uncaught [Error: `Tooltip` must be used within `TooltipProvider`]
          at reportException (/app/node_modules/.pnpm/jsdom@20.0.3/node_modules/jsdom/lib/jsdom/living/helpers/runtime-script-errors.js:66:24)
          at innerInvokeEventListeners (/app/node_modules/.pnpm/jsdom@20.0.3/node_modules/jsdom/lib/jsdom/living/events/EventTarget-impl.js:353:9)
          at invokeEventListeners (/app/node_modules/.pnpm/jsdom@20.0.3/node_modules/jsdom/lib/jsdom/living/events/EventTarget-impl.js:286:3)
          at HTMLUnknownElementImpl._dispatch (/app/node_modules/.pnpm/jsdom@20.0.3/node_modules/jsdom/lib/jsdom/living/events/EventTarget-impl.js:233:9)
          at HTMLUnknownElementImpl.dispatchEvent (/app/node_modules/.pnpm/jsdom@20.0.3/node_modules/jsdom/lib/jsdom/living/events/EventTarget-impl.js:104:17)
          at HTMLUnknownElement.dispatchEvent (/app/node_modules/.pnpm/jsdom@20.0.3/node_modules/jsdom/lib/jsdom/living/generated/EventTarget.js:241:34)
          at Object.invokeGuardedCallbackDev (/app/node_modules/.pnpm/react-dom@18.3.1_react@18.3.1/node_modules/react-dom/cjs/react-dom.development.js:4213:16)
          at invokeGuardedCallback (/app/node_modules/.pnpm/react-dom@18.3.1_react@18.3.1/node_modules/react-dom/cjs/react-dom.development.js:4277:31)
          at beginWork$1 (/app/node_modules/.pnpm/react-dom@18.3.1_react@18.3.1/node_modules/react-dom/cjs/react-dom.development.js:27490:7)
          at performUnitOfWork (/app/node_modules/.pnpm/react-dom@18.3.1_react@18.3.1/node_modules/react-dom/cjs/react-dom.development.js:26599:12)
          at workLoopSync (/app/node_modules/.pnpm/react-dom@18.3.1_react@18.3.1/node_modules/react-dom/cjs/react-dom.development.js:26505:5)
          at renderRootSync (/app/node_modules/.pnpm/react-dom@18.3.1_react@18.3.1/node_modules/react-dom/cjs/react-dom.development.js:26473:7)
          at performConcurrentWorkOnRoot (/app/node_modules/.pnpm/react-dom@18.3.1_react@18.3.1/node_modules/react-dom/cjs/react-dom.development.js:25777:74)
          at flushActQueue (/app/node_modules/.pnpm/react@18.3.1/node_modules/react/cjs/react.development.js:2667:24)
          at act (/app/node_modules/.pnpm/react@18.3.1/node_modules/react/cjs/react.development.js:2582:11)
          at /app/node_modules/.pnpm/@testing-library+react@16.3.2_@testing-library+dom@10.4.1_@types+react-dom@18.3.7_@types+reac_3k5f6qynewwmkoqvlvtzlgtsjq/node_modules/@testing-library/react/dist/act-compat.js:46:25
          at renderRoot (/app/node_modules/.pnpm/@testing-library+react@16.3.2_@testing-library+dom@10.4.1_@types+react-dom@18.3.7_@types+reac_3k5f6qynewwmkoqvlvtzlgtsjq/node_modules/@testing-library/react/dist/pure.js:189:26)
          at render (/app/node_modules/.pnpm/@testing-library+react@16.3.2_@testing-library+dom@10.4.1_@types+react-dom@18.3.7_@types+reac_3k5f6qynewwmkoqvlvtzlgtsjq/node_modules/@testing-library/react/dist/pure.js:291:10)
          at Object.<anonymous> (/app/apps/admin/components/__tests__/orgs-table.test.tsx:73:11)
          at Promise.then.completed (/app/node_modules/.pnpm/jest-circus@29.7.0/node_modules/jest-circus/build/utils.js:298:28)
          at new Promise (<anonymous>)
          at callAsyncCircusFn (/app/node_modules/.pnpm/jest-circus@29.7.0/node_modules/jest-circus/build/utils.js:231:10)
          at _callCircusTest (/app/node_modules/.pnpm/jest-circus@29.7.0/node_modules/jest-circus/build/run.js:316:40)
          at processTicksAndRejections (node:internal/process/task_queues:103:5)
          at _runTest (/app/node_modules/.pnpm/jest-circus@29.7.0/node_modules/jest-circus/build/run.js:252:3)
          at _runTestsForDescribeBlock (/app/node_modules/.pnpm/jest-circus@29.7.0/node_modules/jest-circus/build/run.js:126:9)
          at _runTestsForDescribeBlock (/app/node_modules/.pnpm/jest-circus@29.7.0/node_modules/jest-circus/build/run.js:121:9)
          at run (/app/node_modules/.pnpm/jest-circus@29.7.0/node_modules/jest-circus/build/run.js:71:3)
          at runAndTransformResultsToJestFormat (/app/node_modules/.pnpm/jest-circus@29.7.0/node_modules/jest-circus/build/legacy-code-todo-rewrite/jestAdapterInit.js:122:21)
          at jestAdapter (/app/node_modules/.pnpm/jest-circus@29.7.0/node_modules/jest-circus/build/legacy-code-todo-rewrite/jestAdapter.js:79:19)
          at runTestInternal (/app/node_modules/.pnpm/jest-runner@29.7.0/node_modules/jest-runner/build/runTest.js:367:16)
          at runTest (/app/node_modules/.pnpm/jest-runner@29.7.0/node_modules/jest-runner/build/runTest.js:444:34)
          at Object.worker (/app/node_modules/.pnpm/jest-runner@29.7.0/node_modules/jest-runner/build/testWorker.js:106:12) {
        detail: Error: `Tooltip` must be used within `TooltipProvider`
            at useContext2 (/app/node_modules/.pnpm/@radix-ui+react-context@1.1.2_@types+react@18.3.29_react@18.3.1/node_modules/@radix-ui/react-context/src/create-context.tsx:75:13)
            at Tooltip (/app/node_modules/.pnpm/@radix-ui+react-tooltip@1.2.8_@types+react-dom@18.3.7_@types+react@18.3.29__@types+react@18.3_xrwsnt2rmlacewwolijhmzdoxi/node_modules/@radix-ui/react-tooltip/src/tooltip.tsx:162:27)
            at renderWithHooks (/app/node_modules/.pnpm/react-dom@18.3.1_react@18.3.1/node_modules/react-dom/cjs/react-dom.development.js:15486:18)
            at mountIndeterminateComponent (/app/node_modules/.pnpm/react-dom@18.3.1_react@18.3.1/node_modules/react-dom/cjs/react-dom.development.js:20103:13)
            at beginWork (/app/node_modules/.pnpm/react-dom@18.3.1_react@18.3.1/node_modules/react-dom/cjs/react-dom.development.js:21626:16)
            at HTMLUnknownElement.callCallback (/app/node_modules/.pnpm/react-dom@18.3.1_react@18.3.1/node_modules/react-dom/cjs/react-dom.development.js:4164:14)
            at HTMLUnknownElement.callTheUserObjectsOperation (/app/node_modules/.pnpm/jsdom@20.0.3/node_modules/jsdom/lib/jsdom/living/generated/EventListener.js:26:30)
            at innerInvokeEventListeners (/app/node_modules/.pnpm/jsdom@20.0.3/node_modules/jsdom/lib/jsdom/living/events/EventTarget-impl.js:350:25)
            at invokeEventListeners (/app/node_modules/.pnpm/jsdom@20.0.3/node_modules/jsdom/lib/jsdom/living/events/EventTarget-impl.js:286:3)
            at HTMLUnknownElementImpl._dispatch (/app/node_modules/.pnpm/jsdom@20.0.3/node_modules/jsdom/lib/jsdom/living/events/EventTarget-impl.js:233:9)
            at HTMLUnknownElementImpl.dispatchEvent (/app/node_modules/.pnpm/jsdom@20.0.3/node_modules/jsdom/lib/jsdom/living/events/EventTarget-impl.js:104:17)
            at HTMLUnknownElement.dispatchEvent (/app/node_modules/.pnpm/jsdom@20.0.3/node_modules/jsdom/lib/jsdom/living/generated/EventTarget.js:241:34)
            at Object.invokeGuardedCallbackDev (/app/node_modules/.pnpm/react-dom@18.3.1_react@18.3.1/node_modules/react-dom/cjs/react-dom.development.js:4213:16)
            at invokeGuardedCallback (/app/node_modules/.pnpm/react-dom@18.3.1_react@18.3.1/node_modules/react-dom/cjs/react-dom.development.js:4277:31)
            at beginWork$1 (/app/node_modules/.pnpm/react-dom@18.3.1_react@18.3.1/node_modules/react-dom/cjs/react-dom.development.js:27490:7)
            at performUnitOfWork (/app/node_modules/.pnpm/react-dom@18.3.1_react@18.3.1/node_modules/react-dom/cjs/react-dom.development.js:26599:12)
            at workLoopSync (/app/node_modules/.pnpm/react-dom@18.3.1_react@18.3.1/node_modules/react-dom/cjs/react-dom.development.js:26505:5)
            at renderRootSync (/app/node_modules/.pnpm/react-dom@18.3.1_react@18.3.1/node_modules/react-dom/cjs/react-dom.development.js:26473:7)
            at performConcurrentWorkOnRoot (/app/node_modules/.pnpm/react-dom@18.3.1_react@18.3.1/node_modules/react-dom/cjs/react-dom.development.js:25777:74)
            at flushActQueue (/app/node_modules/.pnpm/react@18.3.1/node_modules/react/cjs/react.development.js:2667:24)
            at act (/app/node_modules/.pnpm/react@18.3.1/node_modules/react/cjs/react.development.js:2582:11)
            at /app/node_modules/.pnpm/@testing-library+react@16.3.2_@testing-library+dom@10.4.1_@types+react-dom@18.3.7_@types+reac_3k5f6qynewwmkoqvlvtzlgtsjq/node_modules/@testing-library/react/dist/act-compat.js:46:25
            at renderRoot (/app/node_modules/.pnpm/@testing-library+react@16.3.2_@testing-library+dom@10.4.1_@types+react-dom@18.3.7_@types+reac_3k5f6qynewwmkoqvlvtzlgtsjq/node_modules/@testing-library/react/dist/pure.js:189:26)
            at render (/app/node_modules/.pnpm/@testing-library+react@16.3.2_@testing-library+dom@10.4.1_@types+react-dom@18.3.7_@types+reac_3k5f6qynewwmkoqvlvtzlgtsjq/node_modules/@testing-library/react/dist/pure.js:291:10)
            at Object.<anonymous> (/app/apps/admin/components/__tests__/orgs-table.test.tsx:73:11)
            at Promise.then.completed (/app/node_modules/.pnpm/jest-circus@29.7.0/node_modules/jest-circus/build/utils.js:298:28)
            at new Promise (<anonymous>)
            at callAsyncCircusFn (/app/node_modules/.pnpm/jest-circus@29.7.0/node_modules/jest-circus/build/utils.js:231:10)
            at _callCircusTest (/app/node_modules/.pnpm/jest-circus@29.7.0/node_modules/jest-circus/build/run.js:316:40)
            at processTicksAndRejections (node:internal/process/task_queues:103:5)
            at _runTest (/app/node_modules/.pnpm/jest-circus@29.7.0/node_modules/jest-circus/build/run.js:252:3)
            at _runTestsForDescribeBlock (/app/node_modules/.pnpm/jest-circus@29.7.0/node_modules/jest-circus/build/run.js:126:9)
            at _runTestsForDescribeBlock (/app/node_modules/.pnpm/jest-circus@29.7.0/node_modules/jest-circus/build/run.js:121:9)
            at run (/app/node_modules/.pnpm/jest-circus@29.7.0/node_modules/jest-circus/build/run.js:71:3)
            at runAndTransformResultsToJestFormat (/app/node_modules/.pnpm/jest-circus@29.7.0/node_modules/jest-circus/build/legacy-code-todo-rewrite/jestAdapterInit.js:122:21)
            at jestAdapter (/app/node_modules/.pnpm/jest-circus@29.7.0/node_modules/jest-circus/build/legacy-code-todo-rewrite/jestAdapter.js:79:19)
            at runTestInternal (/app/node_modules/.pnpm/jest-runner@29.7.0/node_modules/jest-runner/build/runTest.js:367:16)
            at runTest (/app/node_modules/.pnpm/jest-runner@29.7.0/node_modules/jest-runner/build/runTest.js:444:34)
            at Object.worker (/app/node_modules/.pnpm/jest-runner@29.7.0/node_modules/jest-runner/build/testWorker.js:106:12),
        type: 'unhandled exception'
      }

      71 |     jest.useFakeTimers()
      72 |     ;(actions.listOrgsAction as jest.Mock).mockResolvedValue({ items: [], total: 0, page: 1, pageSize: 25 })
    > 73 |     render(withIntl(<OrgsTable initial={initial} apps={apps} />))
         |           ^
      74 |     fireEvent.change(screen.getByLabelText(en.orgs.filter.appLabel), { target: { value: 'sq_1' } })
      75 |     jest.advanceTimersByTime(400)
      76 |     await waitFor(() => expect(actions.listOrgsAction).toHaveBeenCalledWith({ appId: 'sq_1', page: 1, pageSize: 25 }))

      at VirtualConsole.<anonymous> (../../node_modules/.pnpm/jest-environment-jsdom@29.7.0/node_modules/jest-environment-jsdom/build/index.js:63:23)
      at reportException (../../node_modules/.pnpm/jsdom@20.0.3/node_modules/jsdom/lib/jsdom/living/helpers/runtime-script-errors.js:70:28)
      at innerInvokeEventListeners (../../node_modules/.pnpm/jsdom@20.0.3/node_modules/jsdom/lib/jsdom/living/events/EventTarget-impl.js:353:9)
      at invokeEventListeners (../../node_modules/.pnpm/jsdom@20.0.3/node_modules/jsdom/lib/jsdom/living/events/EventTarget-impl.js:286:3)
      at HTMLUnknownElementImpl._dispatch (../../node_modules/.pnpm/jsdom@20.0.3/node_modules/jsdom/lib/jsdom/living/events/EventTarget-impl.js:233:9)
      at HTMLUnknownElementImpl.dispatchEvent (../../node_modules/.pnpm/jsdom@20.0.3/node_modules/jsdom/lib/jsdom/living/events/EventTarget-impl.js:104:17)
      at HTMLUnknownElement.dispatchEvent (../../node_modules/.pnpm/jsdom@20.0.3/node_modules/jsdom/lib/jsdom/living/generated/EventTarget.js:241:34)
      at Object.invokeGuardedCallbackDev (../../node_modules/.pnpm/react-dom@18.3.1_react@18.3.1/node_modules/react-dom/cjs/react-dom.development.js:4213:16)
      at invokeGuardedCallback (../../node_modules/.pnpm/react-dom@18.3.1_react@18.3.1/node_modules/react-dom/cjs/react-dom.development.js:4277:31)
      at beginWork$1 (../../node_modules/.pnpm/react-dom@18.3.1_react@18.3.1/node_modules/react-dom/cjs/react-dom.development.js:27490:7)
      at performUnitOfWork (../../node_modules/.pnpm/react-dom@18.3.1_react@18.3.1/node_modules/react-dom/cjs/react-dom.development.js:26599:12)
      at workLoopSync (../../node_modules/.pnpm/react-dom@18.3.1_react@18.3.1/node_modules/react-dom/cjs/react-dom.development.js:26505:5)
      at renderRootSync (../../node_modules/.pnpm/react-dom@18.3.1_react@18.3.1/node_modules/react-dom/cjs/react-dom.development.js:26473:7)
      at performConcurrentWorkOnRoot (../../node_modules/.pnpm/react-dom@18.3.1_react@18.3.1/node_modules/react-dom/cjs/react-dom.development.js:25777:74)
      at flushActQueue (../../node_modules/.pnpm/react@18.3.1/node_modules/react/cjs/react.development.js:2667:24)
      at act (../../node_modules/.pnpm/react@18.3.1/node_modules/react/cjs/react.development.js:2582:11)
      at ../../node_modules/.pnpm/@testing-library+react@16.3.2_@testing-library+dom@10.4.1_@types+react-dom@18.3.7_@types+reac_3k5f6qynewwmkoqvlvtzlgtsjq/node_modules/@testing-library/react/dist/act-compat.js:46:25
      at renderRoot (../../node_modules/.pnpm/@testing-library+react@16.3.2_@testing-library+dom@10.4.1_@types+react-dom@18.3.7_@types+reac_3k5f6qynewwmkoqvlvtzlgtsjq/node_modules/@testing-library/react/dist/pure.js:189:26)
      at render (../../node_modules/.pnpm/@testing-library+react@16.3.2_@testing-library+dom@10.4.1_@types+react-dom@18.3.7_@types+reac_3k5f6qynewwmkoqvlvtzlgtsjq/node_modules/@testing-library/react/dist/pure.js:291:10)
      at Object.<anonymous> (components/__tests__/orgs-table.test.tsx:73:11)

    console.error
      Error: Uncaught [Error: `Tooltip` must be used within `TooltipProvider`]
          at reportException (/app/node_modules/.pnpm/jsdom@20.0.3/node_modules/jsdom/lib/jsdom/living/helpers/runtime-script-errors.js:66:24)
          at innerInvokeEventListeners (/app/node_modules/.pnpm/jsdom@20.0.3/node_modules/jsdom/lib/jsdom/living/events/EventTarget-impl.js:353:9)
          at invokeEventListeners (/app/node_modules/.pnpm/jsdom@20.0.3/node_modules/jsdom/lib/jsdom/living/events/EventTarget-impl.js:286:3)
          at HTMLUnknownElementImpl._dispatch (/app/node_modules/.pnpm/jsdom@20.0.3/node_modules/jsdom/lib/jsdom/living/events/EventTarget-impl.js:233:9)
          at HTMLUnknownElementImpl.dispatchEvent (/app/node_modules/.pnpm/jsdom@20.0.3/node_modules/jsdom/lib/jsdom/living/events/EventTarget-impl.js:104:17)
          at HTMLUnknownElement.dispatchEvent (/app/node_modules/.pnpm/jsdom@20.0.3/node_modules/jsdom/lib/jsdom/living/generated/EventTarget.js:241:34)
          at Object.invokeGuardedCallbackDev (/app/node_modules/.pnpm/react-dom@18.3.1_react@18.3.1/node_modules/react-dom/cjs/react-dom.development.js:4213:16)
          at invokeGuardedCallback (/app/node_modules/.pnpm/react-dom@18.3.1_react@18.3.1/node_modules/react-dom/cjs/react-dom.development.js:4277:31)
          at beginWork$1 (/app/node_modules/.pnpm/react-dom@18.3.1_react@18.3.1/node_modules/react-dom/cjs/react-dom.development.js:27490:7)
          at performUnitOfWork (/app/node_modules/.pnpm/react-dom@18.3.1_react@18.3.1/node_modules/react-dom/cjs/react-dom.development.js:26599:12)
          at workLoopSync (/app/node_modules/.pnpm/react-dom@18.3.1_react@18.3.1/node_modules/react-dom/cjs/react-dom.development.js:26505:5)
          at renderRootSync (/app/node_modules/.pnpm/react-dom@18.3.1_react@18.3.1/node_modules/react-dom/cjs/react-dom.development.js:26473:7)
          at performConcurrentWorkOnRoot (/app/node_modules/.pnpm/react-dom@18.3.1_react@18.3.1/node_modules/react-dom/cjs/react-dom.development.js:25777:74)
          at flushActQueue (/app/node_modules/.pnpm/react@18.3.1/node_modules/react/cjs/react.development.js:2667:24)
          at act (/app/node_modules/.pnpm/react@18.3.1/node_modules/react/cjs/react.development.js:2582:11)
          at /app/node_modules/.pnpm/@testing-library+react@16.3.2_@testing-library+dom@10.4.1_@types+react-dom@18.3.7_@types+reac_3k5f6qynewwmkoqvlvtzlgtsjq/node_modules/@testing-library/react/dist/act-compat.js:46:25
          at renderRoot (/app/node_modules/.pnpm/@testing-library+react@16.3.2_@testing-library+dom@10.4.1_@types+react-dom@18.3.7_@types+reac_3k5f6qynewwmkoqvlvtzlgtsjq/node_modules/@testing-library/react/dist/pure.js:189:26)
          at render (/app/node_modules/.pnpm/@testing-library+react@16.3.2_@testing-library+dom@10.4.1_@types+react-dom@18.3.7_@types+reac_3k5f6qynewwmkoqvlvtzlgtsjq/node_modules/@testing-library/react/dist/pure.js:291:10)
          at Object.<anonymous> (/app/apps/admin/components/__tests__/orgs-table.test.tsx:73:11)
          at Promise.then.completed (/app/node_modules/.pnpm/jest-circus@29.7.0/node_modules/jest-circus/build/utils.js:298:28)
          at new Promise (<anonymous>)
          at callAsyncCircusFn (/app/node_modules/.pnpm/jest-circus@29.7.0/node_modules/jest-circus/build/utils.js:231:10)
          at _callCircusTest (/app/node_modules/.pnpm/jest-circus@29.7.0/node_modules/jest-circus/build/run.js:316:40)
          at processTicksAndRejections (node:internal/process/task_queues:103:5)
          at _runTest (/app/node_modules/.pnpm/jest-circus@29.7.0/node_modules/jest-circus/build/run.js:252:3)
          at _runTestsForDescribeBlock (/app/node_modules/.pnpm/jest-circus@29.7.0/node_modules/jest-circus/build/run.js:126:9)
          at _runTestsForDescribeBlock (/app/node_modules/.pnpm/jest-circus@29.7.0/node_modules/jest-circus/build/run.js:121:9)
          at run (/app/node_modules/.pnpm/jest-circus@29.7.0/node_modules/jest-circus/build/run.js:71:3)
          at runAndTransformResultsToJestFormat (/app/node_modules/.pnpm/jest-circus@29.7.0/node_modules/jest-circus/build/legacy-code-todo-rewrite/jestAdapterInit.js:122:21)
          at jestAdapter (/app/node_modules/.pnpm/jest-circus@29.7.0/node_modules/jest-circus/build/legacy-code-todo-rewrite/jestAdapter.js:79:19)
          at runTestInternal (/app/node_modules/.pnpm/jest-runner@29.7.0/node_modules/jest-runner/build/runTest.js:367:16)
          at runTest (/app/node_modules/.pnpm/jest-runner@29.7.0/node_modules/jest-runner/build/runTest.js:444:34)
          at Object.worker (/app/node_modules/.pnpm/jest-runner@29.7.0/node_modules/jest-runner/build/testWorker.js:106:12) {
        detail: Error: `Tooltip` must be used within `TooltipProvider`
            at useContext2 (/app/node_modules/.pnpm/@radix-ui+react-context@1.1.2_@types+react@18.3.29_react@18.3.1/node_modules/@radix-ui/react-context/src/create-context.tsx:75:13)
            at Tooltip (/app/node_modules/.pnpm/@radix-ui+react-tooltip@1.2.8_@types+react-dom@18.3.7_@types+react@18.3.29__@types+react@18.3_xrwsnt2rmlacewwolijhmzdoxi/node_modules/@radix-ui/react-tooltip/src/tooltip.tsx:162:27)
            at renderWithHooks (/app/node_modules/.pnpm/react-dom@18.3.1_react@18.3.1/node_modules/react-dom/cjs/react-dom.development.js:15486:18)
            at mountIndeterminateComponent (/app/node_modules/.pnpm/react-dom@18.3.1_react@18.3.1/node_modules/react-dom/cjs/react-dom.development.js:20103:13)
            at beginWork (/app/node_modules/.pnpm/react-dom@18.3.1_react@18.3.1/node_modules/react-dom/cjs/react-dom.development.js:21626:16)
            at HTMLUnknownElement.callCallback (/app/node_modules/.pnpm/react-dom@18.3.1_react@18.3.1/node_modules/react-dom/cjs/react-dom.development.js:4164:14)
            at HTMLUnknownElement.callTheUserObjectsOperation (/app/node_modules/.pnpm/jsdom@20.0.3/node_modules/jsdom/lib/jsdom/living/generated/EventListener.js:26:30)
            at innerInvokeEventListeners (/app/node_modules/.pnpm/jsdom@20.0.3/node_modules/jsdom/lib/jsdom/living/events/EventTarget-impl.js:350:25)
            at invokeEventListeners (/app/node_modules/.pnpm/jsdom@20.0.3/node_modules/jsdom/lib/jsdom/living/events/EventTarget-impl.js:286:3)
            at HTMLUnknownElementImpl._dispatch (/app/node_modules/.pnpm/jsdom@20.0.3/node_modules/jsdom/lib/jsdom/living/events/EventTarget-impl.js:233:9)
            at HTMLUnknownElementImpl.dispatchEvent (/app/node_modules/.pnpm/jsdom@20.0.3/node_modules/jsdom/lib/jsdom/living/events/EventTarget-impl.js:104:17)
            at HTMLUnknownElement.dispatchEvent (/app/node_modules/.pnpm/jsdom@20.0.3/node_modules/jsdom/lib/jsdom/living/generated/EventTarget.js:241:34)
            at Object.invokeGuardedCallbackDev (/app/node_modules/.pnpm/react-dom@18.3.1_react@18.3.1/node_modules/react-dom/cjs/react-dom.development.js:4213:16)
            at invokeGuardedCallback (/app/node_modules/.pnpm/react-dom@18.3.1_react@18.3.1/node_modules/react-dom/cjs/react-dom.development.js:4277:31)
            at beginWork$1 (/app/node_modules/.pnpm/react-dom@18.3.1_react@18.3.1/node_modules/react-dom/cjs/react-dom.development.js:27490:7)
            at performUnitOfWork (/app/node_modules/.pnpm/react-dom@18.3.1_react@18.3.1/node_modules/react-dom/cjs/react-dom.development.js:26599:12)
            at workLoopSync (/app/node_modules/.pnpm/react-dom@18.3.1_react@18.3.1/node_modules/react-dom/cjs/react-dom.development.js:26505:5)
            at renderRootSync (/app/node_modules/.pnpm/react-dom@18.3.1_react@18.3.1/node_modules/react-dom/cjs/react-dom.development.js:26473:7)
            at performConcurrentWorkOnRoot (/app/node_modules/.pnpm/react-dom@18.3.1_react@18.3.1/node_modules/react-dom/cjs/react-dom.development.js:25777:74)
            at flushActQueue (/app/node_modules/.pnpm/react@18.3.1/node_modules/react/cjs/react.development.js:2667:24)
            at act (/app/node_modules/.pnpm/react@18.3.1/node_modules/react/cjs/react.development.js:2582:11)
            at /app/node_modules/.pnpm/@testing-library+react@16.3.2_@testing-library+dom@10.4.1_@types+react-dom@18.3.7_@types+reac_3k5f6qynewwmkoqvlvtzlgtsjq/node_modules/@testing-library/react/dist/act-compat.js:46:25
            at renderRoot (/app/node_modules/.pnpm/@testing-library+react@16.3.2_@testing-library+dom@10.4.1_@types+react-dom@18.3.7_@types+reac_3k5f6qynewwmkoqvlvtzlgtsjq/node_modules/@testing-library/react/dist/pure.js:189:26)
            at render (/app/node_modules/.pnpm/@testing-library+react@16.3.2_@testing-library+dom@10.4.1_@types+react-dom@18.3.7_@types+reac_3k5f6qynewwmkoqvlvtzlgtsjq/node_modules/@testing-library/react/dist/pure.js:291:10)
            at Object.<anonymous> (/app/apps/admin/components/__tests__/orgs-table.test.tsx:73:11)
            at Promise.then.completed (/app/node_modules/.pnpm/jest-circus@29.7.0/node_modules/jest-circus/build/utils.js:298:28)
            at new Promise (<anonymous>)
            at callAsyncCircusFn (/app/node_modules/.pnpm/jest-circus@29.7.0/node_modules/jest-circus/build/utils.js:231:10)
            at _callCircusTest (/app/node_modules/.pnpm/jest-circus@29.7.0/node_modules/jest-circus/build/run.js:316:40)
            at processTicksAndRejections (node:internal/process/task_queues:103:5)
            at _runTest (/app/node_modules/.pnpm/jest-circus@29.7.0/node_modules/jest-circus/build/run.js:252:3)
            at _runTestsForDescribeBlock (/app/node_modules/.pnpm/jest-circus@29.7.0/node_modules/jest-circus/build/run.js:126:9)
            at _runTestsForDescribeBlock (/app/node_modules/.pnpm/jest-circus@29.7.0/node_modules/jest-circus/build/run.js:121:9)
            at run (/app/node_modules/.pnpm/jest-circus@29.7.0/node_modules/jest-circus/build/run.js:71:3)
            at runAndTransformResultsToJestFormat (/app/node_modules/.pnpm/jest-circus@29.7.0/node_modules/jest-circus/build/legacy-code-todo-rewrite/jestAdapterInit.js:122:21)
            at jestAdapter (/app/node_modules/.pnpm/jest-circus@29.7.0/node_modules/jest-circus/build/legacy-code-todo-rewrite/jestAdapter.js:79:19)
            at runTestInternal (/app/node_modules/.pnpm/jest-runner@29.7.0/node_modules/jest-runner/build/runTest.js:367:16)
            at runTest (/app/node_modules/.pnpm/jest-runner@29.7.0/node_modules/jest-runner/build/runTest.js:444:34)
            at Object.worker (/app/node_modules/.pnpm/jest-runner@29.7.0/node_modules/jest-runner/build/testWorker.js:106:12),
        type: 'unhandled exception'
      }

      71 |     jest.useFakeTimers()
      72 |     ;(actions.listOrgsAction as jest.Mock).mockResolvedValue({ items: [], total: 0, page: 1, pageSize: 25 })
    > 73 |     render(withIntl(<OrgsTable initial={initial} apps={apps} />))
         |           ^
      74 |     fireEvent.change(screen.getByLabelText(en.orgs.filter.appLabel), { target: { value: 'sq_1' } })
      75 |     jest.advanceTimersByTime(400)
      76 |     await waitFor(() => expect(actions.listOrgsAction).toHaveBeenCalledWith({ appId: 'sq_1', page: 1, pageSize: 25 }))

      at VirtualConsole.<anonymous> (../../node_modules/.pnpm/jest-environment-jsdom@29.7.0/node_modules/jest-environment-jsdom/build/index.js:63:23)
      at reportException (../../node_modules/.pnpm/jsdom@20.0.3/node_modules/jsdom/lib/jsdom/living/helpers/runtime-script-errors.js:70:28)
      at innerInvokeEventListeners (../../node_modules/.pnpm/jsdom@20.0.3/node_modules/jsdom/lib/jsdom/living/events/EventTarget-impl.js:353:9)
      at invokeEventListeners (../../node_modules/.pnpm/jsdom@20.0.3/node_modules/jsdom/lib/jsdom/living/events/EventTarget-impl.js:286:3)
      at HTMLUnknownElementImpl._dispatch (../../node_modules/.pnpm/jsdom@20.0.3/node_modules/jsdom/lib/jsdom/living/events/EventTarget-impl.js:233:9)
      at HTMLUnknownElementImpl.dispatchEvent (../../node_modules/.pnpm/jsdom@20.0.3/node_modules/jsdom/lib/jsdom/living/events/EventTarget-impl.js:104:17)
      at HTMLUnknownElement.dispatchEvent (../../node_modules/.pnpm/jsdom@20.0.3/node_modules/jsdom/lib/jsdom/living/generated/EventTarget.js:241:34)
      at Object.invokeGuardedCallbackDev (../../node_modules/.pnpm/react-dom@18.3.1_react@18.3.1/node_modules/react-dom/cjs/react-dom.development.js:4213:16)
      at invokeGuardedCallback (../../node_modules/.pnpm/react-dom@18.3.1_react@18.3.1/node_modules/react-dom/cjs/react-dom.development.js:4277:31)
      at beginWork$1 (../../node_modules/.pnpm/react-dom@18.3.1_react@18.3.1/node_modules/react-dom/cjs/react-dom.development.js:27490:7)
      at performUnitOfWork (../../node_modules/.pnpm/react-dom@18.3.1_react@18.3.1/node_modules/react-dom/cjs/react-dom.development.js:26599:12)
      at workLoopSync (../../node_modules/.pnpm/react-dom@18.3.1_react@18.3.1/node_modules/react-dom/cjs/react-dom.development.js:26505:5)
      at renderRootSync (../../node_modules/.pnpm/react-dom@18.3.1_react@18.3.1/node_modules/react-dom/cjs/react-dom.development.js:26473:7)
      at performConcurrentWorkOnRoot (../../node_modules/.pnpm/react-dom@18.3.1_react@18.3.1/node_modules/react-dom/cjs/react-dom.development.js:25777:74)
      at flushActQueue (../../node_modules/.pnpm/react@18.3.1/node_modules/react/cjs/react.development.js:2667:24)
      at act (../../node_modules/.pnpm/react@18.3.1/node_modules/react/cjs/react.development.js:2582:11)
      at ../../node_modules/.pnpm/@testing-library+react@16.3.2_@testing-library+dom@10.4.1_@types+react-dom@18.3.7_@types+reac_3k5f6qynewwmkoqvlvtzlgtsjq/node_modules/@testing-library/react/dist/act-compat.js:46:25
      at renderRoot (../../node_modules/.pnpm/@testing-library+react@16.3.2_@testing-library+dom@10.4.1_@types+react-dom@18.3.7_@types+reac_3k5f6qynewwmkoqvlvtzlgtsjq/node_modules/@testing-library/react/dist/pure.js:189:26)
      at render (../../node_modules/.pnpm/@testing-library+react@16.3.2_@testing-library+dom@10.4.1_@types+react-dom@18.3.7_@types+reac_3k5f6qynewwmkoqvlvtzlgtsjq/node_modules/@testing-library/react/dist/pure.js:291:10)
      at Object.<anonymous> (components/__tests__/orgs-table.test.tsx:73:11)

    console.error
      Error: Uncaught [Error: `Tooltip` must be used within `TooltipProvider`]
          at reportException (/app/node_modules/.pnpm/jsdom@20.0.3/node_modules/jsdom/lib/jsdom/living/helpers/runtime-script-errors.js:66:24)
          at innerInvokeEventListeners (/app/node_modules/.pnpm/jsdom@20.0.3/node_modules/jsdom/lib/jsdom/living/events/EventTarget-impl.js:353:9)
          at invokeEventListeners (/app/node_modules/.pnpm/jsdom@20.0.3/node_modules/jsdom/lib/jsdom/living/events/EventTarget-impl.js:286:3)
          at HTMLUnknownElementImpl._dispatch (/app/node_modules/.pnpm/jsdom@20.0.3/node_modules/jsdom/lib/jsdom/living/events/EventTarget-impl.js:233:9)
          at HTMLUnknownElementImpl.dispatchEvent (/app/node_modules/.pnpm/jsdom@20.0.3/node_modules/jsdom/lib/jsdom/living/events/EventTarget-impl.js:104:17)
          at HTMLUnknownElement.dispatchEvent (/app/node_modules/.pnpm/jsdom@20.0.3/node_modules/jsdom/lib/jsdom/living/generated/EventTarget.js:241:34)
          at Object.invokeGuardedCallbackDev (/app/node_modules/.pnpm/react-dom@18.3.1_react@18.3.1/node_modules/react-dom/cjs/react-dom.development.js:4213:16)
          at invokeGuardedCallback (/app/node_modules/.pnpm/react-dom@18.3.1_react@18.3.1/node_modules/react-dom/cjs/react-dom.development.js:4277:31)
          at beginWork$1 (/app/node_modules/.pnpm/react-dom@18.3.1_react@18.3.1/node_modules/react-dom/cjs/react-dom.development.js:27490:7)
          at performUnitOfWork (/app/node_modules/.pnpm/react-dom@18.3.1_react@18.3.1/node_modules/react-dom/cjs/react-dom.development.js:26599:12)
          at workLoopSync (/app/node_modules/.pnpm/react-dom@18.3.1_react@18.3.1/node_modules/react-dom/cjs/react-dom.development.js:26505:5)
          at renderRootSync (/app/node_modules/.pnpm/react-dom@18.3.1_react@18.3.1/node_modules/react-dom/cjs/react-dom.development.js:26473:7)
          at recoverFromConcurrentError (/app/node_modules/.pnpm/react-dom@18.3.1_react@18.3.1/node_modules/react-dom/cjs/react-dom.development.js:25889:20)
          at performConcurrentWorkOnRoot (/app/node_modules/.pnpm/react-dom@18.3.1_react@18.3.1/node_modules/react-dom/cjs/react-dom.development.js:25789:22)
          at flushActQueue (/app/node_modules/.pnpm/react@18.3.1/node_modules/react/cjs/react.development.js:2667:24)
          at act (/app/node_modules/.pnpm/react@18.3.1/node_modules/react/cjs/react.development.js:2582:11)
          at /app/node_modules/.pnpm/@testing-library+react@16.3.2_@testing-library+dom@10.4.1_@types+react-dom@18.3.7_@types+reac_3k5f6qynewwmkoqvlvtzlgtsjq/node_modules/@testing-library/react/dist/act-compat.js:46:25
          at renderRoot (/app/node_modules/.pnpm/@testing-library+react@16.3.2_@testing-library+dom@10.4.1_@types+react-dom@18.3.7_@types+reac_3k5f6qynewwmkoqvlvtzlgtsjq/node_modules/@testing-library/react/dist/pure.js:189:26)
          at render (/app/node_modules/.pnpm/@testing-library+react@16.3.2_@testing-library+dom@10.4.1_@types+react-dom@18.3.7_@types+reac_3k5f6qynewwmkoqvlvtzlgtsjq/node_modules/@testing-library/react/dist/pure.js:291:10)
          at Object.<anonymous> (/app/apps/admin/components/__tests__/orgs-table.test.tsx:73:11)
          at Promise.then.completed (/app/node_modules/.pnpm/jest-circus@29.7.0/node_modules/jest-circus/build/utils.js:298:28)
          at new Promise (<anonymous>)
          at callAsyncCircusFn (/app/node_modules/.pnpm/jest-circus@29.7.0/node_modules/jest-circus/build/utils.js:231:10)
          at _callCircusTest (/app/node_modules/.pnpm/jest-circus@29.7.0/node_modules/jest-circus/build/run.js:316:40)
          at processTicksAndRejections (node:internal/process/task_queues:103:5)
          at _runTest (/app/node_modules/.pnpm/jest-circus@29.7.0/node_modules/jest-circus/build/run.js:252:3)
          at _runTestsForDescribeBlock (/app/node_modules/.pnpm/jest-circus@29.7.0/node_modules/jest-circus/build/run.js:126:9)
          at _runTestsForDescribeBlock (/app/node_modules/.pnpm/jest-circus@29.7.0/node_modules/jest-circus/build/run.js:121:9)
          at run (/app/node_modules/.pnpm/jest-circus@29.7.0/node_modules/jest-circus/build/run.js:71:3)
          at runAndTransformResultsToJestFormat (/app/node_modules/.pnpm/jest-circus@29.7.0/node_modules/jest-circus/build/legacy-code-todo-rewrite/jestAdapterInit.js:122:21)
          at jestAdapter (/app/node_modules/.pnpm/jest-circus@29.7.0/node_modules/jest-circus/build/legacy-code-todo-rewrite/jestAdapter.js:79:19)
          at runTestInternal (/app/node_modules/.pnpm/jest-runner@29.7.0/node_modules/jest-runner/build/runTest.js:367:16)
          at runTest (/app/node_modules/.pnpm/jest-runner@29.7.0/node_modules/jest-runner/build/runTest.js:444:34)
          at Object.worker (/app/node_modules/.pnpm/jest-runner@29.7.0/node_modules/jest-runner/build/testWorker.js:106:12) {
        detail: Error: `Tooltip` must be used within `TooltipProvider`
            at useContext2 (/app/node_modules/.pnpm/@radix-ui+react-context@1.1.2_@types+react@18.3.29_react@18.3.1/node_modules/@radix-ui/react-context/src/create-context.tsx:75:13)
            at Tooltip (/app/node_modules/.pnpm/@radix-ui+react-tooltip@1.2.8_@types+react-dom@18.3.7_@types+react@18.3.29__@types+react@18.3_xrwsnt2rmlacewwolijhmzdoxi/node_modules/@radix-ui/react-tooltip/src/tooltip.tsx:162:27)
            at renderWithHooks (/app/node_modules/.pnpm/react-dom@18.3.1_react@18.3.1/node_modules/react-dom/cjs/react-dom.development.js:15486:18)
            at mountIndeterminateComponent (/app/node_modules/.pnpm/react-dom@18.3.1_react@18.3.1/node_modules/react-dom/cjs/react-dom.development.js:20103:13)
            at beginWork (/app/node_modules/.pnpm/react-dom@18.3.1_react@18.3.1/node_modules/react-dom/cjs/react-dom.development.js:21626:16)
            at HTMLUnknownElement.callCallback (/app/node_modules/.pnpm/react-dom@18.3.1_react@18.3.1/node_modules/react-dom/cjs/react-dom.development.js:4164:14)
            at HTMLUnknownElement.callTheUserObjectsOperation (/app/node_modules/.pnpm/jsdom@20.0.3/node_modules/jsdom/lib/jsdom/living/generated/EventListener.js:26:30)
            at innerInvokeEventListeners (/app/node_modules/.pnpm/jsdom@20.0.3/node_modules/jsdom/lib/jsdom/living/events/EventTarget-impl.js:350:25)
            at invokeEventListeners (/app/node_modules/.pnpm/jsdom@20.0.3/node_modules/jsdom/lib/jsdom/living/events/EventTarget-impl.js:286:3)
            at HTMLUnknownElementImpl._dispatch (/app/node_modules/.pnpm/jsdom@20.0.3/node_modules/jsdom/lib/jsdom/living/events/EventTarget-impl.js:233:9)
            at HTMLUnknownElementImpl.dispatchEvent (/app/node_modules/.pnpm/jsdom@20.0.3/node_modules/jsdom/lib/jsdom/living/events/EventTarget-impl.js:104:17)
            at HTMLUnknownElement.dispatchEvent (/app/node_modules/.pnpm/jsdom@20.0.3/node_modules/jsdom/lib/jsdom/living/generated/EventTarget.js:241:34)
            at Object.invokeGuardedCallbackDev (/app/node_modules/.pnpm/react-dom@18.3.1_react@18.3.1/node_modules/react-dom/cjs/react-dom.development.js:4213:16)
            at invokeGuardedCallback (/app/node_modules/.pnpm/react-dom@18.3.1_react@18.3.1/node_modules/react-dom/cjs/react-dom.development.js:4277:31)
            at beginWork$1 (/app/node_modules/.pnpm/react-dom@18.3.1_react@18.3.1/node_modules/react-dom/cjs/react-dom.development.js:27490:7)
            at performUnitOfWork (/app/node_modules/.pnpm/react-dom@18.3.1_react@18.3.1/node_modules/react-dom/cjs/react-dom.development.js:26599:12)
            at workLoopSync (/app/node_modules/.pnpm/react-dom@18.3.1_react@18.3.1/node_modules/react-dom/cjs/react-dom.development.js:26505:5)
            at renderRootSync (/app/node_modules/.pnpm/react-dom@18.3.1_react@18.3.1/node_modules/react-dom/cjs/react-dom.development.js:26473:7)
            at recoverFromConcurrentError (/app/node_modules/.pnpm/react-dom@18.3.1_react@18.3.1/node_modules/react-dom/cjs/react-dom.development.js:25889:20)
            at performConcurrentWorkOnRoot (/app/node_modules/.pnpm/react-dom@18.3.1_react@18.3.1/node_modules/react-dom/cjs/react-dom.development.js:25789:22)
            at flushActQueue (/app/node_modules/.pnpm/react@18.3.1/node_modules/react/cjs/react.development.js:2667:24)
            at act (/app/node_modules/.pnpm/react@18.3.1/node_modules/react/cjs/react.development.js:2582:11)
            at /app/node_modules/.pnpm/@testing-library+react@16.3.2_@testing-library+dom@10.4.1_@types+react-dom@18.3.7_@types+reac_3k5f6qynewwmkoqvlvtzlgtsjq/node_modules/@testing-library/react/dist/act-compat.js:46:25
            at renderRoot (/app/node_modules/.pnpm/@testing-library+react@16.3.2_@testing-library+dom@10.4.1_@types+react-dom@18.3.7_@types+reac_3k5f6qynewwmkoqvlvtzlgtsjq/node_modules/@testing-library/react/dist/pure.js:189:26)
            at render (/app/node_modules/.pnpm/@testing-library+react@16.3.2_@testing-library+dom@10.4.1_@types+react-dom@18.3.7_@types+reac_3k5f6qynewwmkoqvlvtzlgtsjq/node_modules/@testing-library/react/dist/pure.js:291:10)
            at Object.<anonymous> (/app/apps/admin/components/__tests__/orgs-table.test.tsx:73:11)
            at Promise.then.completed (/app/node_modules/.pnpm/jest-circus@29.7.0/node_modules/jest-circus/build/utils.js:298:28)
            at new Promise (<anonymous>)
            at callAsyncCircusFn (/app/node_modules/.pnpm/jest-circus@29.7.0/node_modules/jest-circus/build/utils.js:231:10)
            at _callCircusTest (/app/node_modules/.pnpm/jest-circus@29.7.0/node_modules/jest-circus/build/run.js:316:40)
            at processTicksAndRejections (node:internal/process/task_queues:103:5)
            at _runTest (/app/node_modules/.pnpm/jest-circus@29.7.0/node_modules/jest-circus/build/run.js:252:3)
            at _runTestsForDescribeBlock (/app/node_modules/.pnpm/jest-circus@29.7.0/node_modules/jest-circus/build/run.js:126:9)
            at _runTestsForDescribeBlock (/app/node_modules/.pnpm/jest-circus@29.7.0/node_modules/jest-circus/build/run.js:121:9)
            at run (/app/node_modules/.pnpm/jest-circus@29.7.0/node_modules/jest-circus/build/run.js:71:3)
            at runAndTransformResultsToJestFormat (/app/node_modules/.pnpm/jest-circus@29.7.0/node_modules/jest-circus/build/legacy-code-todo-rewrite/jestAdapterInit.js:122:21)
            at jestAdapter (/app/node_modules/.pnpm/jest-circus@29.7.0/node_modules/jest-circus/build/legacy-code-todo-rewrite/jestAdapter.js:79:19)
            at runTestInternal (/app/node_modules/.pnpm/jest-runner@29.7.0/node_modules/jest-runner/build/runTest.js:367:16)
            at runTest (/app/node_modules/.pnpm/jest-runner@29.7.0/node_modules/jest-runner/build/runTest.js:444:34)
            at Object.worker (/app/node_modules/.pnpm/jest-runner@29.7.0/node_modules/jest-runner/build/testWorker.js:106:12),
        type: 'unhandled exception'
      }

      71 |     jest.useFakeTimers()
      72 |     ;(actions.listOrgsAction as jest.Mock).mockResolvedValue({ items: [], total: 0, page: 1, pageSize: 25 })
    > 73 |     render(withIntl(<OrgsTable initial={initial} apps={apps} />))
         |           ^
      74 |     fireEvent.change(screen.getByLabelText(en.orgs.filter.appLabel), { target: { value: 'sq_1' } })
      75 |     jest.advanceTimersByTime(400)
      76 |     await waitFor(() => expect(actions.listOrgsAction).toHaveBeenCalledWith({ appId: 'sq_1', page: 1, pageSize: 25 }))

      at VirtualConsole.<anonymous> (../../node_modules/.pnpm/jest-environment-jsdom@29.7.0/node_modules/jest-environment-jsdom/build/index.js:63:23)
      at reportException (../../node_modules/.pnpm/jsdom@20.0.3/node_modules/jsdom/lib/jsdom/living/helpers/runtime-script-errors.js:70:28)
      at innerInvokeEventListeners (../../node_modules/.pnpm/jsdom@20.0.3/node_modules/jsdom/lib/jsdom/living/events/EventTarget-impl.js:353:9)
      at invokeEventListeners (../../node_modules/.pnpm/jsdom@20.0.3/node_modules/jsdom/lib/jsdom/living/events/EventTarget-impl.js:286:3)
      at HTMLUnknownElementImpl._dispatch (../../node_modules/.pnpm/jsdom@20.0.3/node_modules/jsdom/lib/jsdom/living/events/EventTarget-impl.js:233:9)
      at HTMLUnknownElementImpl.dispatchEvent (../../node_modules/.pnpm/jsdom@20.0.3/node_modules/jsdom/lib/jsdom/living/events/EventTarget-impl.js:104:17)
      at HTMLUnknownElement.dispatchEvent (../../node_modules/.pnpm/jsdom@20.0.3/node_modules/jsdom/lib/jsdom/living/generated/EventTarget.js:241:34)
      at Object.invokeGuardedCallbackDev (../../node_modules/.pnpm/react-dom@18.3.1_react@18.3.1/node_modules/react-dom/cjs/react-dom.development.js:4213:16)
      at invokeGuardedCallback (../../node_modules/.pnpm/react-dom@18.3.1_react@18.3.1/node_modules/react-dom/cjs/react-dom.development.js:4277:31)
      at beginWork$1 (../../node_modules/.pnpm/react-dom@18.3.1_react@18.3.1/node_modules/react-dom/cjs/react-dom.development.js:27490:7)
      at performUnitOfWork (../../node_modules/.pnpm/react-dom@18.3.1_react@18.3.1/node_modules/react-dom/cjs/react-dom.development.js:26599:12)
      at workLoopSync (../../node_modules/.pnpm/react-dom@18.3.1_react@18.3.1/node_modules/react-dom/cjs/react-dom.development.js:26505:5)
      at renderRootSync (../../node_modules/.pnpm/react-dom@18.3.1_react@18.3.1/node_modules/react-dom/cjs/react-dom.development.js:26473:7)
      at recoverFromConcurrentError (../../node_modules/.pnpm/react-dom@18.3.1_react@18.3.1/node_modules/react-dom/cjs/react-dom.development.js:25889:20)
      at performConcurrentWorkOnRoot (../../node_modules/.pnpm/react-dom@18.3.1_react@18.3.1/node_modules/react-dom/cjs/react-dom.development.js:25789:22)
      at flushActQueue (../../node_modules/.pnpm/react@18.3.1/node_modules/react/cjs/react.development.js:2667:24)
      at act (../../node_modules/.pnpm/react@18.3.1/node_modules/react/cjs/react.development.js:2582:11)
      at ../../node_modules/.pnpm/@testing-library+react@16.3.2_@testing-library+dom@10.4.1_@types+react-dom@18.3.7_@types+reac_3k5f6qynewwmkoqvlvtzlgtsjq/node_modules/@testing-library/react/dist/act-compat.js:46:25
      at renderRoot (../../node_modules/.pnpm/@testing-library+react@16.3.2_@testing-library+dom@10.4.1_@types+react-dom@18.3.7_@types+reac_3k5f6qynewwmkoqvlvtzlgtsjq/node_modules/@testing-library/react/dist/pure.js:189:26)
      at render (../../node_modules/.pnpm/@testing-library+react@16.3.2_@testing-library+dom@10.4.1_@types+react-dom@18.3.7_@types+reac_3k5f6qynewwmkoqvlvtzlgtsjq/node_modules/@testing-library/react/dist/pure.js:291:10)
      at Object.<anonymous> (components/__tests__/orgs-table.test.tsx:73:11)

    console.error
      Error: Uncaught [Error: `Tooltip` must be used within `TooltipProvider`]
          at reportException (/app/node_modules/.pnpm/jsdom@20.0.3/node_modules/jsdom/lib/jsdom/living/helpers/runtime-script-errors.js:66:24)
          at innerInvokeEventListeners (/app/node_modules/.pnpm/jsdom@20.0.3/node_modules/jsdom/lib/jsdom/living/events/EventTarget-impl.js:353:9)
          at invokeEventListeners (/app/node_modules/.pnpm/jsdom@20.0.3/node_modules/jsdom/lib/jsdom/living/events/EventTarget-impl.js:286:3)
          at HTMLUnknownElementImpl._dispatch (/app/node_modules/.pnpm/jsdom@20.0.3/node_modules/jsdom/lib/jsdom/living/events/EventTarget-impl.js:233:9)
          at HTMLUnknownElementImpl.dispatchEvent (/app/node_modules/.pnpm/jsdom@20.0.3/node_modules/jsdom/lib/jsdom/living/events/EventTarget-impl.js:104:17)
          at HTMLUnknownElement.dispatchEvent (/app/node_modules/.pnpm/jsdom@20.0.3/node_modules/jsdom/lib/jsdom/living/generated/EventTarget.js:241:34)
          at Object.invokeGuardedCallbackDev (/app/node_modules/.pnpm/react-dom@18.3.1_react@18.3.1/node_modules/react-dom/cjs/react-dom.development.js:4213:16)
          at invokeGuardedCallback (/app/node_modules/.pnpm/react-dom@18.3.1_react@18.3.1/node_modules/react-dom/cjs/react-dom.development.js:4277:31)
          at beginWork$1 (/app/node_modules/.pnpm/react-dom@18.3.1_react@18.3.1/node_modules/react-dom/cjs/react-dom.development.js:27490:7)
          at performUnitOfWork (/app/node_modules/.pnpm/react-dom@18.3.1_react@18.3.1/node_modules/react-dom/cjs/react-dom.development.js:26599:12)
          at workLoopSync (/app/node_modules/.pnpm/react-dom@18.3.1_react@18.3.1/node_modules/react-dom/cjs/react-dom.development.js:26505:5)
          at renderRootSync (/app/node_modules/.pnpm/react-dom@18.3.1_react@18.3.1/node_modules/react-dom/cjs/react-dom.development.js:26473:7)
          at recoverFromConcurrentError (/app/node_modules/.pnpm/react-dom@18.3.1_react@18.3.1/node_modules/react-dom/cjs/react-dom.development.js:25889:20)
          at performConcurrentWorkOnRoot (/app/node_modules/.pnpm/react-dom@18.3.1_react@18.3.1/node_modules/react-dom/cjs/react-dom.development.js:25789:22)
          at flushActQueue (/app/node_modules/.pnpm/react@18.3.1/node_modules/react/cjs/react.development.js:2667:24)
          at act (/app/node_modules/.pnpm/react@18.3.1/node_modules/react/cjs/react.development.js:2582:11)
          at /app/node_modules/.pnpm/@testing-library+react@16.3.2_@testing-library+dom@10.4.1_@types+react-dom@18.3.7_@types+reac_3k5f6qynewwmkoqvlvtzlgtsjq/node_modules/@testing-library/react/dist/act-compat.js:46:25
          at renderRoot (/app/node_modules/.pnpm/@testing-library+react@16.3.2_@testing-library+dom@10.4.1_@types+react-dom@18.3.7_@types+reac_3k5f6qynewwmkoqvlvtzlgtsjq/node_modules/@testing-library/react/dist/pure.js:189:26)
          at render (/app/node_modules/.pnpm/@testing-library+react@16.3.2_@testing-library+dom@10.4.1_@types+react-dom@18.3.7_@types+reac_3k5f6qynewwmkoqvlvtzlgtsjq/node_modules/@testing-library/react/dist/pure.js:291:10)
          at Object.<anonymous> (/app/apps/admin/components/__tests__/orgs-table.test.tsx:73:11)
          at Promise.then.completed (/app/node_modules/.pnpm/jest-circus@29.7.0/node_modules/jest-circus/build/utils.js:298:28)
          at new Promise (<anonymous>)
          at callAsyncCircusFn (/app/node_modules/.pnpm/jest-circus@29.7.0/node_modules/jest-circus/build/utils.js:231:10)
          at _callCircusTest (/app/node_modules/.pnpm/jest-circus@29.7.0/node_modules/jest-circus/build/run.js:316:40)
          at processTicksAndRejections (node:internal/process/task_queues:103:5)
          at _runTest (/app/node_modules/.pnpm/jest-circus@29.7.0/node_modules/jest-circus/build/run.js:252:3)
          at _runTestsForDescribeBlock (/app/node_modules/.pnpm/jest-circus@29.7.0/node_modules/jest-circus/build/run.js:126:9)
          at _runTestsForDescribeBlock (/app/node_modules/.pnpm/jest-circus@29.7.0/node_modules/jest-circus/build/run.js:121:9)
          at run (/app/node_modules/.pnpm/jest-circus@29.7.0/node_modules/jest-circus/build/run.js:71:3)
          at runAndTransformResultsToJestFormat (/app/node_modules/.pnpm/jest-circus@29.7.0/node_modules/jest-circus/build/legacy-code-todo-rewrite/jestAdapterInit.js:122:21)
          at jestAdapter (/app/node_modules/.pnpm/jest-circus@29.7.0/node_modules/jest-circus/build/legacy-code-todo-rewrite/jestAdapter.js:79:19)
          at runTestInternal (/app/node_modules/.pnpm/jest-runner@29.7.0/node_modules/jest-runner/build/runTest.js:367:16)
          at runTest (/app/node_modules/.pnpm/jest-runner@29.7.0/node_modules/jest-runner/build/runTest.js:444:34)
          at Object.worker (/app/node_modules/.pnpm/jest-runner@29.7.0/node_modules/jest-runner/build/testWorker.js:106:12) {
        detail: Error: `Tooltip` must be used within `TooltipProvider`
            at useContext2 (/app/node_modules/.pnpm/@radix-ui+react-context@1.1.2_@types+react@18.3.29_react@18.3.1/node_modules/@radix-ui/react-context/src/create-context.tsx:75:13)
            at Tooltip (/app/node_modules/.pnpm/@radix-ui+react-tooltip@1.2.8_@types+react-dom@18.3.7_@types+react@18.3.29__@types+react@18.3_xrwsnt2rmlacewwolijhmzdoxi/node_modules/@radix-ui/react-tooltip/src/tooltip.tsx:162:27)
            at renderWithHooks (/app/node_modules/.pnpm/react-dom@18.3.1_react@18.3.1/node_modules/react-dom/cjs/react-dom.development.js:15486:18)
            at mountIndeterminateComponent (/app/node_modules/.pnpm/react-dom@18.3.1_react@18.3.1/node_modules/react-dom/cjs/react-dom.development.js:20103:13)
            at beginWork (/app/node_modules/.pnpm/react-dom@18.3.1_react@18.3.1/node_modules/react-dom/cjs/react-dom.development.js:21626:16)
            at HTMLUnknownElement.callCallback (/app/node_modules/.pnpm/react-dom@18.3.1_react@18.3.1/node_modules/react-dom/cjs/react-dom.development.js:4164:14)
            at HTMLUnknownElement.callTheUserObjectsOperation (/app/node_modules/.pnpm/jsdom@20.0.3/node_modules/jsdom/lib/jsdom/living/generated/EventListener.js:26:30)
            at innerInvokeEventListeners (/app/node_modules/.pnpm/jsdom@20.0.3/node_modules/jsdom/lib/jsdom/living/events/EventTarget-impl.js:350:25)
            at invokeEventListeners (/app/node_modules/.pnpm/jsdom@20.0.3/node_modules/jsdom/lib/jsdom/living/events/EventTarget-impl.js:286:3)
            at HTMLUnknownElementImpl._dispatch (/app/node_modules/.pnpm/jsdom@20.0.3/node_modules/jsdom/lib/jsdom/living/events/EventTarget-impl.js:233:9)
            at HTMLUnknownElementImpl.dispatchEvent (/app/node_modules/.pnpm/jsdom@20.0.3/node_modules/jsdom/lib/jsdom/living/events/EventTarget-impl.js:104:17)
            at HTMLUnknownElement.dispatchEvent (/app/node_modules/.pnpm/jsdom@20.0.3/node_modules/jsdom/lib/jsdom/living/generated/EventTarget.js:241:34)
            at Object.invokeGuardedCallbackDev (/app/node_modules/.pnpm/react-dom@18.3.1_react@18.3.1/node_modules/react-dom/cjs/react-dom.development.js:4213:16)
            at invokeGuardedCallback (/app/node_modules/.pnpm/react-dom@18.3.1_react@18.3.1/node_modules/react-dom/cjs/react-dom.development.js:4277:31)
            at beginWork$1 (/app/node_modules/.pnpm/react-dom@18.3.1_react@18.3.1/node_modules/react-dom/cjs/react-dom.development.js:27490:7)
            at performUnitOfWork (/app/node_modules/.pnpm/react-dom@18.3.1_react@18.3.1/node_modules/react-dom/cjs/react-dom.development.js:26599:12)
            at workLoopSync (/app/node_modules/.pnpm/react-dom@18.3.1_react@18.3.1/node_modules/react-dom/cjs/react-dom.development.js:26505:5)
            at renderRootSync (/app/node_modules/.pnpm/react-dom@18.3.1_react@18.3.1/node_modules/react-dom/cjs/react-dom.development.js:26473:7)
            at recoverFromConcurrentError (/app/node_modules/.pnpm/react-dom@18.3.1_react@18.3.1/node_modules/react-dom/cjs/react-dom.development.js:25889:20)
            at performConcurrentWorkOnRoot (/app/node_modules/.pnpm/react-dom@18.3.1_react@18.3.1/node_modules/react-dom/cjs/react-dom.development.js:25789:22)
            at flushActQueue (/app/node_modules/.pnpm/react@18.3.1/node_modules/react/cjs/react.development.js:2667:24)
            at act (/app/node_modules/.pnpm/react@18.3.1/node_modules/react/cjs/react.development.js:2582:11)
            at /app/node_modules/.pnpm/@testing-library+react@16.3.2_@testing-library+dom@10.4.1_@types+react-dom@18.3.7_@types+reac_3k5f6qynewwmkoqvlvtzlgtsjq/node_modules/@testing-library/react/dist/act-compat.js:46:25
            at renderRoot (/app/node_modules/.pnpm/@testing-library+react@16.3.2_@testing-library+dom@10.4.1_@types+react-dom@18.3.7_@types+reac_3k5f6qynewwmkoqvlvtzlgtsjq/node_modules/@testing-library/react/dist/pure.js:189:26)
            at render (/app/node_modules/.pnpm/@testing-library+react@16.3.2_@testing-library+dom@10.4.1_@types+react-dom@18.3.7_@types+reac_3k5f6qynewwmkoqvlvtzlgtsjq/node_modules/@testing-library/react/dist/pure.js:291:10)
            at Object.<anonymous> (/app/apps/admin/components/__tests__/orgs-table.test.tsx:73:11)
            at Promise.then.completed (/app/node_modules/.pnpm/jest-circus@29.7.0/node_modules/jest-circus/build/utils.js:298:28)
            at new Promise (<anonymous>)
            at callAsyncCircusFn (/app/node_modules/.pnpm/jest-circus@29.7.0/node_modules/jest-circus/build/utils.js:231:10)
            at _callCircusTest (/app/node_modules/.pnpm/jest-circus@29.7.0/node_modules/jest-circus/build/run.js:316:40)
            at processTicksAndRejections (node:internal/process/task_queues:103:5)
            at _runTest (/app/node_modules/.pnpm/jest-circus@29.7.0/node_modules/jest-circus/build/run.js:252:3)
            at _runTestsForDescribeBlock (/app/node_modules/.pnpm/jest-circus@29.7.0/node_modules/jest-circus/build/run.js:126:9)
            at _runTestsForDescribeBlock (/app/node_modules/.pnpm/jest-circus@29.7.0/node_modules/jest-circus/build/run.js:121:9)
            at run (/app/node_modules/.pnpm/jest-circus@29.7.0/node_modules/jest-circus/build/run.js:71:3)
            at runAndTransformResultsToJestFormat (/app/node_modules/.pnpm/jest-circus@29.7.0/node_modules/jest-circus/build/legacy-code-todo-rewrite/jestAdapterInit.js:122:21)
            at jestAdapter (/app/node_modules/.pnpm/jest-circus@29.7.0/node_modules/jest-circus/build/legacy-code-todo-rewrite/jestAdapter.js:79:19)
            at runTestInternal (/app/node_modules/.pnpm/jest-runner@29.7.0/node_modules/jest-runner/build/runTest.js:367:16)
            at runTest (/app/node_modules/.pnpm/jest-runner@29.7.0/node_modules/jest-runner/build/runTest.js:444:34)
            at Object.worker (/app/node_modules/.pnpm/jest-runner@29.7.0/node_modules/jest-runner/build/testWorker.js:106:12),
        type: 'unhandled exception'
      }

      71 |     jest.useFakeTimers()
      72 |     ;(actions.listOrgsAction as jest.Mock).mockResolvedValue({ items: [], total: 0, page: 1, pageSize: 25 })
    > 73 |     render(withIntl(<OrgsTable initial={initial} apps={apps} />))
         |           ^
      74 |     fireEvent.change(screen.getByLabelText(en.orgs.filter.appLabel), { target: { value: 'sq_1' } })
      75 |     jest.advanceTimersByTime(400)
      76 |     await waitFor(() => expect(actions.listOrgsAction).toHaveBeenCalledWith({ appId: 'sq_1', page: 1, pageSize: 25 }))

      at VirtualConsole.<anonymous> (../../node_modules/.pnpm/jest-environment-jsdom@29.7.0/node_modules/jest-environment-jsdom/build/index.js:63:23)
      at reportException (../../node_modules/.pnpm/jsdom@20.0.3/node_modules/jsdom/lib/jsdom/living/helpers/runtime-script-errors.js:70:28)
      at innerInvokeEventListeners (../../node_modules/.pnpm/jsdom@20.0.3/node_modules/jsdom/lib/jsdom/living/events/EventTarget-impl.js:353:9)
      at invokeEventListeners (../../node_modules/.pnpm/jsdom@20.0.3/node_modules/jsdom/lib/jsdom/living/events/EventTarget-impl.js:286:3)
      at HTMLUnknownElementImpl._dispatch (../../node_modules/.pnpm/jsdom@20.0.3/node_modules/jsdom/lib/jsdom/living/events/EventTarget-impl.js:233:9)
      at HTMLUnknownElementImpl.dispatchEvent (../../node_modules/.pnpm/jsdom@20.0.3/node_modules/jsdom/lib/jsdom/living/events/EventTarget-impl.js:104:17)
      at HTMLUnknownElement.dispatchEvent (../../node_modules/.pnpm/jsdom@20.0.3/node_modules/jsdom/lib/jsdom/living/generated/EventTarget.js:241:34)
      at Object.invokeGuardedCallbackDev (../../node_modules/.pnpm/react-dom@18.3.1_react@18.3.1/node_modules/react-dom/cjs/react-dom.development.js:4213:16)
      at invokeGuardedCallback (../../node_modules/.pnpm/react-dom@18.3.1_react@18.3.1/node_modules/react-dom/cjs/react-dom.development.js:4277:31)
      at beginWork$1 (../../node_modules/.pnpm/react-dom@18.3.1_react@18.3.1/node_modules/react-dom/cjs/react-dom.development.js:27490:7)
      at performUnitOfWork (../../node_modules/.pnpm/react-dom@18.3.1_react@18.3.1/node_modules/react-dom/cjs/react-dom.development.js:26599:12)
      at workLoopSync (../../node_modules/.pnpm/react-dom@18.3.1_react@18.3.1/node_modules/react-dom/cjs/react-dom.development.js:26505:5)
      at renderRootSync (../../node_modules/.pnpm/react-dom@18.3.1_react@18.3.1/node_modules/react-dom/cjs/react-dom.development.js:26473:7)
      at recoverFromConcurrentError (../../node_modules/.pnpm/react-dom@18.3.1_react@18.3.1/node_modules/react-dom/cjs/react-dom.development.js:25889:20)
      at performConcurrentWorkOnRoot (../../node_modules/.pnpm/react-dom@18.3.1_react@18.3.1/node_modules/react-dom/cjs/react-dom.development.js:25789:22)
      at flushActQueue (../../node_modules/.pnpm/react@18.3.1/node_modules/react/cjs/react.development.js:2667:24)
      at act (../../node_modules/.pnpm/react@18.3.1/node_modules/react/cjs/react.development.js:2582:11)
      at ../../node_modules/.pnpm/@testing-library+react@16.3.2_@testing-library+dom@10.4.1_@types+react-dom@18.3.7_@types+reac_3k5f6qynewwmkoqvlvtzlgtsjq/node_modules/@testing-library/react/dist/act-compat.js:46:25
      at renderRoot (../../node_modules/.pnpm/@testing-library+react@16.3.2_@testing-library+dom@10.4.1_@types+react-dom@18.3.7_@types+reac_3k5f6qynewwmkoqvlvtzlgtsjq/node_modules/@testing-library/react/dist/pure.js:189:26)
      at render (../../node_modules/.pnpm/@testing-library+react@16.3.2_@testing-library+dom@10.4.1_@types+react-dom@18.3.7_@types+reac_3k5f6qynewwmkoqvlvtzlgtsjq/node_modules/@testing-library/react/dist/pure.js:291:10)
      at Object.<anonymous> (components/__tests__/orgs-table.test.tsx:73:11)

    console.error
      Error: Uncaught [Error: `Tooltip` must be used within `TooltipProvider`]
          at reportException (/app/node_modules/.pnpm/jsdom@20.0.3/node_modules/jsdom/lib/jsdom/living/helpers/runtime-script-errors.js:66:24)
          at innerInvokeEventListeners (/app/node_modules/.pnpm/jsdom@20.0.3/node_modules/jsdom/lib/jsdom/living/events/EventTarget-impl.js:353:9)
          at invokeEventListeners (/app/node_modules/.pnpm/jsdom@20.0.3/node_modules/jsdom/lib/jsdom/living/events/EventTarget-impl.js:286:3)
          at HTMLUnknownElementImpl._dispatch (/app/node_modules/.pnpm/jsdom@20.0.3/node_modules/jsdom/lib/jsdom/living/events/EventTarget-impl.js:233:9)
          at HTMLUnknownElementImpl.dispatchEvent (/app/node_modules/.pnpm/jsdom@20.0.3/node_modules/jsdom/lib/jsdom/living/events/EventTarget-impl.js:104:17)
          at HTMLUnknownElement.dispatchEvent (/app/node_modules/.pnpm/jsdom@20.0.3/node_modules/jsdom/lib/jsdom/living/generated/EventTarget.js:241:34)
          at Object.invokeGuardedCallbackDev (/app/node_modules/.pnpm/react-dom@18.3.1_react@18.3.1/node_modules/react-dom/cjs/react-dom.development.js:4213:16)
          at invokeGuardedCallback (/app/node_modules/.pnpm/react-dom@18.3.1_react@18.3.1/node_modules/react-dom/cjs/react-dom.development.js:4277:31)
          at beginWork$1 (/app/node_modules/.pnpm/react-dom@18.3.1_react@18.3.1/node_modules/react-dom/cjs/react-dom.development.js:27490:7)
          at performUnitOfWork (/app/node_modules/.pnpm/react-dom@18.3.1_react@18.3.1/node_modules/react-dom/cjs/react-dom.development.js:26599:12)
          at workLoopSync (/app/node_modules/.pnpm/react-dom@18.3.1_react@18.3.1/node_modules/react-dom/cjs/react-dom.development.js:26505:5)
          at renderRootSync (/app/node_modules/.pnpm/react-dom@18.3.1_react@18.3.1/node_modules/react-dom/cjs/react-dom.development.js:26473:7)
          at recoverFromConcurrentError (/app/node_modules/.pnpm/react-dom@18.3.1_react@18.3.1/node_modules/react-dom/cjs/react-dom.development.js:25889:20)
          at performConcurrentWorkOnRoot (/app/node_modules/.pnpm/react-dom@18.3.1_react@18.3.1/node_modules/react-dom/cjs/react-dom.development.js:25789:22)
          at flushActQueue (/app/node_modules/.pnpm/react@18.3.1/node_modules/react/cjs/react.development.js:2667:24)
          at act (/app/node_modules/.pnpm/react@18.3.1/node_modules/react/cjs/react.development.js:2582:11)
          at /app/node_modules/.pnpm/@testing-library+react@16.3.2_@testing-library+dom@10.4.1_@types+react-dom@18.3.7_@types+reac_3k5f6qynewwmkoqvlvtzlgtsjq/node_modules/@testing-library/react/dist/act-compat.js:46:25
          at renderRoot (/app/node_modules/.pnpm/@testing-library+react@16.3.2_@testing-library+dom@10.4.1_@types+react-dom@18.3.7_@types+reac_3k5f6qynewwmkoqvlvtzlgtsjq/node_modules/@testing-library/react/dist/pure.js:189:26)
          at render (/app/node_modules/.pnpm/@testing-library+react@16.3.2_@testing-library+dom@10.4.1_@types+react-dom@18.3.7_@types+reac_3k5f6qynewwmkoqvlvtzlgtsjq/node_modules/@testing-library/react/dist/pure.js:291:10)
          at Object.<anonymous> (/app/apps/admin/components/__tests__/orgs-table.test.tsx:73:11)
          at Promise.then.completed (/app/node_modules/.pnpm/jest-circus@29.7.0/node_modules/jest-circus/build/utils.js:298:28)
          at new Promise (<anonymous>)
          at callAsyncCircusFn (/app/node_modules/.pnpm/jest-circus@29.7.0/node_modules/jest-circus/build/utils.js:231:10)
          at _callCircusTest (/app/node_modules/.pnpm/jest-circus@29.7.0/node_modules/jest-circus/build/run.js:316:40)
          at processTicksAndRejections (node:internal/process/task_queues:103:5)
          at _runTest (/app/node_modules/.pnpm/jest-circus@29.7.0/node_modules/jest-circus/build/run.js:252:3)
          at _runTestsForDescribeBlock (/app/node_modules/.pnpm/jest-circus@29.7.0/node_modules/jest-circus/build/run.js:126:9)
          at _runTestsForDescribeBlock (/app/node_modules/.pnpm/jest-circus@29.7.0/node_modules/jest-circus/build/run.js:121:9)
          at run (/app/node_modules/.pnpm/jest-circus@29.7.0/node_modules/jest-circus/build/run.js:71:3)
          at runAndTransformResultsToJestFormat (/app/node_modules/.pnpm/jest-circus@29.7.0/node_modules/jest-circus/build/legacy-code-todo-rewrite/jestAdapterInit.js:122:21)
          at jestAdapter (/app/node_modules/.pnpm/jest-circus@29.7.0/node_modules/jest-circus/build/legacy-code-todo-rewrite/jestAdapter.js:79:19)
          at runTestInternal (/app/node_modules/.pnpm/jest-runner@29.7.0/node_modules/jest-runner/build/runTest.js:367:16)
          at runTest (/app/node_modules/.pnpm/jest-runner@29.7.0/node_modules/jest-runner/build/runTest.js:444:34)
          at Object.worker (/app/node_modules/.pnpm/jest-runner@29.7.0/node_modules/jest-runner/build/testWorker.js:106:12) {
        detail: Error: `Tooltip` must be used within `TooltipProvider`
            at useContext2 (/app/node_modules/.pnpm/@radix-ui+react-context@1.1.2_@types+react@18.3.29_react@18.3.1/node_modules/@radix-ui/react-context/src/create-context.tsx:75:13)
            at Tooltip (/app/node_modules/.pnpm/@radix-ui+react-tooltip@1.2.8_@types+react-dom@18.3.7_@types+react@18.3.29__@types+react@18.3_xrwsnt2rmlacewwolijhmzdoxi/node_modules/@radix-ui/react-tooltip/src/tooltip.tsx:162:27)
            at renderWithHooks (/app/node_modules/.pnpm/react-dom@18.3.1_react@18.3.1/node_modules/react-dom/cjs/react-dom.development.js:15486:18)
            at mountIndeterminateComponent (/app/node_modules/.pnpm/react-dom@18.3.1_react@18.3.1/node_modules/react-dom/cjs/react-dom.development.js:20103:13)
            at beginWork (/app/node_modules/.pnpm/react-dom@18.3.1_react@18.3.1/node_modules/react-dom/cjs/react-dom.development.js:21626:16)
            at HTMLUnknownElement.callCallback (/app/node_modules/.pnpm/react-dom@18.3.1_react@18.3.1/node_modules/react-dom/cjs/react-dom.development.js:4164:14)
            at HTMLUnknownElement.callTheUserObjectsOperation (/app/node_modules/.pnpm/jsdom@20.0.3/node_modules/jsdom/lib/jsdom/living/generated/EventListener.js:26:30)
            at innerInvokeEventListeners (/app/node_modules/.pnpm/jsdom@20.0.3/node_modules/jsdom/lib/jsdom/living/events/EventTarget-impl.js:350:25)
            at invokeEventListeners (/app/node_modules/.pnpm/jsdom@20.0.3/node_modules/jsdom/lib/jsdom/living/events/EventTarget-impl.js:286:3)
            at HTMLUnknownElementImpl._dispatch (/app/node_modules/.pnpm/jsdom@20.0.3/node_modules/jsdom/lib/jsdom/living/events/EventTarget-impl.js:233:9)
            at HTMLUnknownElementImpl.dispatchEvent (/app/node_modules/.pnpm/jsdom@20.0.3/node_modules/jsdom/lib/jsdom/living/events/EventTarget-impl.js:104:17)
            at HTMLUnknownElement.dispatchEvent (/app/node_modules/.pnpm/jsdom@20.0.3/node_modules/jsdom/lib/jsdom/living/generated/EventTarget.js:241:34)
            at Object.invokeGuardedCallbackDev (/app/node_modules/.pnpm/react-dom@18.3.1_react@18.3.1/node_modules/react-dom/cjs/react-dom.development.js:4213:16)
            at invokeGuardedCallback (/app/node_modules/.pnpm/react-dom@18.3.1_react@18.3.1/node_modules/react-dom/cjs/react-dom.development.js:4277:31)
            at beginWork$1 (/app/node_modules/.pnpm/react-dom@18.3.1_react@18.3.1/node_modules/react-dom/cjs/react-dom.development.js:27490:7)
            at performUnitOfWork (/app/node_modules/.pnpm/react-dom@18.3.1_react@18.3.1/node_modules/react-dom/cjs/react-dom.development.js:26599:12)
            at workLoopSync (/app/node_modules/.pnpm/react-dom@18.3.1_react@18.3.1/node_modules/react-dom/cjs/react-dom.development.js:26505:5)
            at renderRootSync (/app/node_modules/.pnpm/react-dom@18.3.1_react@18.3.1/node_modules/react-dom/cjs/react-dom.development.js:26473:7)
            at recoverFromConcurrentError (/app/node_modules/.pnpm/react-dom@18.3.1_react@18.3.1/node_modules/react-dom/cjs/react-dom.development.js:25889:20)
            at performConcurrentWorkOnRoot (/app/node_modules/.pnpm/react-dom@18.3.1_react@18.3.1/node_modules/react-dom/cjs/react-dom.development.js:25789:22)
            at flushActQueue (/app/node_modules/.pnpm/react@18.3.1/node_modules/react/cjs/react.development.js:2667:24)
            at act (/app/node_modules/.pnpm/react@18.3.1/node_modules/react/cjs/react.development.js:2582:11)
            at /app/node_modules/.pnpm/@testing-library+react@16.3.2_@testing-library+dom@10.4.1_@types+react-dom@18.3.7_@types+reac_3k5f6qynewwmkoqvlvtzlgtsjq/node_modules/@testing-library/react/dist/act-compat.js:46:25
            at renderRoot (/app/node_modules/.pnpm/@testing-library+react@16.3.2_@testing-library+dom@10.4.1_@types+react-dom@18.3.7_@types+reac_3k5f6qynewwmkoqvlvtzlgtsjq/node_modules/@testing-library/react/dist/pure.js:189:26)
            at render (/app/node_modules/.pnpm/@testing-library+react@16.3.2_@testing-library+dom@10.4.1_@types+react-dom@18.3.7_@types+reac_3k5f6qynewwmkoqvlvtzlgtsjq/node_modules/@testing-library/react/dist/pure.js:291:10)
            at Object.<anonymous> (/app/apps/admin/components/__tests__/orgs-table.test.tsx:73:11)
            at Promise.then.completed (/app/node_modules/.pnpm/jest-circus@29.7.0/node_modules/jest-circus/build/utils.js:298:28)
            at new Promise (<anonymous>)
            at callAsyncCircusFn (/app/node_modules/.pnpm/jest-circus@29.7.0/node_modules/jest-circus/build/utils.js:231:10)
            at _callCircusTest (/app/node_modules/.pnpm/jest-circus@29.7.0/node_modules/jest-circus/build/run.js:316:40)
            at processTicksAndRejections (node:internal/process/task_queues:103:5)
            at _runTest (/app/node_modules/.pnpm/jest-circus@29.7.0/node_modules/jest-circus/build/run.js:252:3)
            at _runTestsForDescribeBlock (/app/node_modules/.pnpm/jest-circus@29.7.0/node_modules/jest-circus/build/run.js:126:9)
            at _runTestsForDescribeBlock (/app/node_modules/.pnpm/jest-circus@29.7.0/node_modules/jest-circus/build/run.js:121:9)
            at run (/app/node_modules/.pnpm/jest-circus@29.7.0/node_modules/jest-circus/build/run.js:71:3)
            at runAndTransformResultsToJestFormat (/app/node_modules/.pnpm/jest-circus@29.7.0/node_modules/jest-circus/build/legacy-code-todo-rewrite/jestAdapterInit.js:122:21)
            at jestAdapter (/app/node_modules/.pnpm/jest-circus@29.7.0/node_modules/jest-circus/build/legacy-code-todo-rewrite/jestAdapter.js:79:19)
            at runTestInternal (/app/node_modules/.pnpm/jest-runner@29.7.0/node_modules/jest-runner/build/runTest.js:367:16)
            at runTest (/app/node_modules/.pnpm/jest-runner@29.7.0/node_modules/jest-runner/build/runTest.js:444:34)
            at Object.worker (/app/node_modules/.pnpm/jest-runner@29.7.0/node_modules/jest-runner/build/testWorker.js:106:12),
        type: 'unhandled exception'
      }

      71 |     jest.useFakeTimers()
      72 |     ;(actions.listOrgsAction as jest.Mock).mockResolvedValue({ items: [], total: 0, page: 1, pageSize: 25 })
    > 73 |     render(withIntl(<OrgsTable initial={initial} apps={apps} />))
         |           ^
      74 |     fireEvent.change(screen.getByLabelText(en.orgs.filter.appLabel), { target: { value: 'sq_1' } })
      75 |     jest.advanceTimersByTime(400)
      76 |     await waitFor(() => expect(actions.listOrgsAction).toHaveBeenCalledWith({ appId: 'sq_1', page: 1, pageSize: 25 }))

      at VirtualConsole.<anonymous> (../../node_modules/.pnpm/jest-environment-jsdom@29.7.0/node_modules/jest-environment-jsdom/build/index.js:63:23)
      at reportException (../../node_modules/.pnpm/jsdom@20.0.3/node_modules/jsdom/lib/jsdom/living/helpers/runtime-script-errors.js:70:28)
      at innerInvokeEventListeners (../../node_modules/.pnpm/jsdom@20.0.3/node_modules/jsdom/lib/jsdom/living/events/EventTarget-impl.js:353:9)
      at invokeEventListeners (../../node_modules/.pnpm/jsdom@20.0.3/node_modules/jsdom/lib/jsdom/living/events/EventTarget-impl.js:286:3)
      at HTMLUnknownElementImpl._dispatch (../../node_modules/.pnpm/jsdom@20.0.3/node_modules/jsdom/lib/jsdom/living/events/EventTarget-impl.js:233:9)
      at HTMLUnknownElementImpl.dispatchEvent (../../node_modules/.pnpm/jsdom@20.0.3/node_modules/jsdom/lib/jsdom/living/events/EventTarget-impl.js:104:17)
      at HTMLUnknownElement.dispatchEvent (../../node_modules/.pnpm/jsdom@20.0.3/node_modules/jsdom/lib/jsdom/living/generated/EventTarget.js:241:34)
      at Object.invokeGuardedCallbackDev (../../node_modules/.pnpm/react-dom@18.3.1_react@18.3.1/node_modules/react-dom/cjs/react-dom.development.js:4213:16)
      at invokeGuardedCallback (../../node_modules/.pnpm/react-dom@18.3.1_react@18.3.1/node_modules/react-dom/cjs/react-dom.development.js:4277:31)
      at beginWork$1 (../../node_modules/.pnpm/react-dom@18.3.1_react@18.3.1/node_modules/react-dom/cjs/react-dom.development.js:27490:7)
      at performUnitOfWork (../../node_modules/.pnpm/react-dom@18.3.1_react@18.3.1/node_modules/react-dom/cjs/react-dom.development.js:26599:12)
      at workLoopSync (../../node_modules/.pnpm/react-dom@18.3.1_react@18.3.1/node_modules/react-dom/cjs/react-dom.development.js:26505:5)
      at renderRootSync (../../node_modules/.pnpm/react-dom@18.3.1_react@18.3.1/node_modules/react-dom/cjs/react-dom.development.js:26473:7)
      at recoverFromConcurrentError (../../node_modules/.pnpm/react-dom@18.3.1_react@18.3.1/node_modules/react-dom/cjs/react-dom.development.js:25889:20)
      at performConcurrentWorkOnRoot (../../node_modules/.pnpm/react-dom@18.3.1_react@18.3.1/node_modules/react-dom/cjs/react-dom.development.js:25789:22)
      at flushActQueue (../../node_modules/.pnpm/react@18.3.1/node_modules/react/cjs/react.development.js:2667:24)
      at act (../../node_modules/.pnpm/react@18.3.1/node_modules/react/cjs/react.development.js:2582:11)
      at ../../node_modules/.pnpm/@testing-library+react@16.3.2_@testing-library+dom@10.4.1_@types+react-dom@18.3.7_@types+reac_3k5f6qynewwmkoqvlvtzlgtsjq/node_modules/@testing-library/react/dist/act-compat.js:46:25
      at renderRoot (../../node_modules/.pnpm/@testing-library+react@16.3.2_@testing-library+dom@10.4.1_@types+react-dom@18.3.7_@types+reac_3k5f6qynewwmkoqvlvtzlgtsjq/node_modules/@testing-library/react/dist/pure.js:189:26)
      at render (../../node_modules/.pnpm/@testing-library+react@16.3.2_@testing-library+dom@10.4.1_@types+react-dom@18.3.7_@types+reac_3k5f6qynewwmkoqvlvtzlgtsjq/node_modules/@testing-library/react/dist/pure.js:291:10)
      at Object.<anonymous> (components/__tests__/orgs-table.test.tsx:73:11)

    console.error
      Error: Uncaught [Error: `Tooltip` must be used within `TooltipProvider`]
          at reportException (/app/node_modules/.pnpm/jsdom@20.0.3/node_modules/jsdom/lib/jsdom/living/helpers/runtime-script-errors.js:66:24)
          at innerInvokeEventListeners (/app/node_modules/.pnpm/jsdom@20.0.3/node_modules/jsdom/lib/jsdom/living/events/EventTarget-impl.js:353:9)
          at invokeEventListeners (/app/node_modules/.pnpm/jsdom@20.0.3/node_modules/jsdom/lib/jsdom/living/events/EventTarget-impl.js:286:3)
          at HTMLUnknownElementImpl._dispatch (/app/node_modules/.pnpm/jsdom@20.0.3/node_modules/jsdom/lib/jsdom/living/events/EventTarget-impl.js:233:9)
          at HTMLUnknownElementImpl.dispatchEvent (/app/node_modules/.pnpm/jsdom@20.0.3/node_modules/jsdom/lib/jsdom/living/events/EventTarget-impl.js:104:17)
          at HTMLUnknownElement.dispatchEvent (/app/node_modules/.pnpm/jsdom@20.0.3/node_modules/jsdom/lib/jsdom/living/generated/EventTarget.js:241:34)
          at Object.invokeGuardedCallbackDev (/app/node_modules/.pnpm/react-dom@18.3.1_react@18.3.1/node_modules/react-dom/cjs/react-dom.development.js:4213:16)
          at invokeGuardedCallback (/app/node_modules/.pnpm/react-dom@18.3.1_react@18.3.1/node_modules/react-dom/cjs/react-dom.development.js:4277:31)
          at beginWork$1 (/app/node_modules/.pnpm/react-dom@18.3.1_react@18.3.1/node_modules/react-dom/cjs/react-dom.development.js:27490:7)
          at performUnitOfWork (/app/node_modules/.pnpm/react-dom@18.3.1_react@18.3.1/node_modules/react-dom/cjs/react-dom.development.js:26599:12)
          at workLoopSync (/app/node_modules/.pnpm/react-dom@18.3.1_react@18.3.1/node_modules/react-dom/cjs/react-dom.development.js:26505:5)
          at renderRootSync (/app/node_modules/.pnpm/react-dom@18.3.1_react@18.3.1/node_modules/react-dom/cjs/react-dom.development.js:26473:7)
          at recoverFromConcurrentError (/app/node_modules/.pnpm/react-dom@18.3.1_react@18.3.1/node_modules/react-dom/cjs/react-dom.development.js:25889:20)
          at performConcurrentWorkOnRoot (/app/node_modules/.pnpm/react-dom@18.3.1_react@18.3.1/node_modules/react-dom/cjs/react-dom.development.js:25789:22)
          at flushActQueue (/app/node_modules/.pnpm/react@18.3.1/node_modules/react/cjs/react.development.js:2667:24)
          at act (/app/node_modules/.pnpm/react@18.3.1/node_modules/react/cjs/react.development.js:2582:11)
          at /app/node_modules/.pnpm/@testing-library+react@16.3.2_@testing-library+dom@10.4.1_@types+react-dom@18.3.7_@types+reac_3k5f6qynewwmkoqvlvtzlgtsjq/node_modules/@testing-library/react/dist/act-compat.js:46:25
          at renderRoot (/app/node_modules/.pnpm/@testing-library+react@16.3.2_@testing-library+dom@10.4.1_@types+react-dom@18.3.7_@types+reac_3k5f6qynewwmkoqvlvtzlgtsjq/node_modules/@testing-library/react/dist/pure.js:189:26)
          at render (/app/node_modules/.pnpm/@testing-library+react@16.3.2_@testing-library+dom@10.4.1_@types+react-dom@18.3.7_@types+reac_3k5f6qynewwmkoqvlvtzlgtsjq/node_modules/@testing-library/react/dist/pure.js:291:10)
          at Object.<anonymous> (/app/apps/admin/components/__tests__/orgs-table.test.tsx:73:11)
          at Promise.then.completed (/app/node_modules/.pnpm/jest-circus@29.7.0/node_modules/jest-circus/build/utils.js:298:28)
          at new Promise (<anonymous>)
          at callAsyncCircusFn (/app/node_modules/.pnpm/jest-circus@29.7.0/node_modules/jest-circus/build/utils.js:231:10)
          at _callCircusTest (/app/node_modules/.pnpm/jest-circus@29.7.0/node_modules/jest-circus/build/run.js:316:40)
          at processTicksAndRejections (node:internal/process/task_queues:103:5)
          at _runTest (/app/node_modules/.pnpm/jest-circus@29.7.0/node_modules/jest-circus/build/run.js:252:3)
          at _runTestsForDescribeBlock (/app/node_modules/.pnpm/jest-circus@29.7.0/node_modules/jest-circus/build/run.js:126:9)
          at _runTestsForDescribeBlock (/app/node_modules/.pnpm/jest-circus@29.7.0/node_modules/jest-circus/build/run.js:121:9)
          at run (/app/node_modules/.pnpm/jest-circus@29.7.0/node_modules/jest-circus/build/run.js:71:3)
          at runAndTransformResultsToJestFormat (/app/node_modules/.pnpm/jest-circus@29.7.0/node_modules/jest-circus/build/legacy-code-todo-rewrite/jestAdapterInit.js:122:21)
          at jestAdapter (/app/node_modules/.pnpm/jest-circus@29.7.0/node_modules/jest-circus/build/legacy-code-todo-rewrite/jestAdapter.js:79:19)
          at runTestInternal (/app/node_modules/.pnpm/jest-runner@29.7.0/node_modules/jest-runner/build/runTest.js:367:16)
          at runTest (/app/node_modules/.pnpm/jest-runner@29.7.0/node_modules/jest-runner/build/runTest.js:444:34)
          at Object.worker (/app/node_modules/.pnpm/jest-runner@29.7.0/node_modules/jest-runner/build/testWorker.js:106:12) {
        detail: Error: `Tooltip` must be used within `TooltipProvider`
            at useContext2 (/app/node_modules/.pnpm/@radix-ui+react-context@1.1.2_@types+react@18.3.29_react@18.3.1/node_modules/@radix-ui/react-context/src/create-context.tsx:75:13)
            at Tooltip (/app/node_modules/.pnpm/@radix-ui+react-tooltip@1.2.8_@types+react-dom@18.3.7_@types+react@18.3.29__@types+react@18.3_xrwsnt2rmlacewwolijhmzdoxi/node_modules/@radix-ui/react-tooltip/src/tooltip.tsx:162:27)
            at renderWithHooks (/app/node_modules/.pnpm/react-dom@18.3.1_react@18.3.1/node_modules/react-dom/cjs/react-dom.development.js:15486:18)
            at mountIndeterminateComponent (/app/node_modules/.pnpm/react-dom@18.3.1_react@18.3.1/node_modules/react-dom/cjs/react-dom.development.js:20103:13)
            at beginWork (/app/node_modules/.pnpm/react-dom@18.3.1_react@18.3.1/node_modules/react-dom/cjs/react-dom.development.js:21626:16)
            at HTMLUnknownElement.callCallback (/app/node_modules/.pnpm/react-dom@18.3.1_react@18.3.1/node_modules/react-dom/cjs/react-dom.development.js:4164:14)
            at HTMLUnknownElement.callTheUserObjectsOperation (/app/node_modules/.pnpm/jsdom@20.0.3/node_modules/jsdom/lib/jsdom/living/generated/EventListener.js:26:30)
            at innerInvokeEventListeners (/app/node_modules/.pnpm/jsdom@20.0.3/node_modules/jsdom/lib/jsdom/living/events/EventTarget-impl.js:350:25)
            at invokeEventListeners (/app/node_modules/.pnpm/jsdom@20.0.3/node_modules/jsdom/lib/jsdom/living/events/EventTarget-impl.js:286:3)
            at HTMLUnknownElementImpl._dispatch (/app/node_modules/.pnpm/jsdom@20.0.3/node_modules/jsdom/lib/jsdom/living/events/EventTarget-impl.js:233:9)
            at HTMLUnknownElementImpl.dispatchEvent (/app/node_modules/.pnpm/jsdom@20.0.3/node_modules/jsdom/lib/jsdom/living/events/EventTarget-impl.js:104:17)
            at HTMLUnknownElement.dispatchEvent (/app/node_modules/.pnpm/jsdom@20.0.3/node_modules/jsdom/lib/jsdom/living/generated/EventTarget.js:241:34)
            at Object.invokeGuardedCallbackDev (/app/node_modules/.pnpm/react-dom@18.3.1_react@18.3.1/node_modules/react-dom/cjs/react-dom.development.js:4213:16)
            at invokeGuardedCallback (/app/node_modules/.pnpm/react-dom@18.3.1_react@18.3.1/node_modules/react-dom/cjs/react-dom.development.js:4277:31)
            at beginWork$1 (/app/node_modules/.pnpm/react-dom@18.3.1_react@18.3.1/node_modules/react-dom/cjs/react-dom.development.js:27490:7)
            at performUnitOfWork (/app/node_modules/.pnpm/react-dom@18.3.1_react@18.3.1/node_modules/react-dom/cjs/react-dom.development.js:26599:12)
            at workLoopSync (/app/node_modules/.pnpm/react-dom@18.3.1_react@18.3.1/node_modules/react-dom/cjs/react-dom.development.js:26505:5)
            at renderRootSync (/app/node_modules/.pnpm/react-dom@18.3.1_react@18.3.1/node_modules/react-dom/cjs/react-dom.development.js:26473:7)
            at recoverFromConcurrentError (/app/node_modules/.pnpm/react-dom@18.3.1_react@18.3.1/node_modules/react-dom/cjs/react-dom.development.js:25889:20)
            at performConcurrentWorkOnRoot (/app/node_modules/.pnpm/react-dom@18.3.1_react@18.3.1/node_modules/react-dom/cjs/react-dom.development.js:25789:22)
            at flushActQueue (/app/node_modules/.pnpm/react@18.3.1/node_modules/react/cjs/react.development.js:2667:24)
            at act (/app/node_modules/.pnpm/react@18.3.1/node_modules/react/cjs/react.development.js:2582:11)
            at /app/node_modules/.pnpm/@testing-library+react@16.3.2_@testing-library+dom@10.4.1_@types+react-dom@18.3.7_@types+reac_3k5f6qynewwmkoqvlvtzlgtsjq/node_modules/@testing-library/react/dist/act-compat.js:46:25
            at renderRoot (/app/node_modules/.pnpm/@testing-library+react@16.3.2_@testing-library+dom@10.4.1_@types+react-dom@18.3.7_@types+reac_3k5f6qynewwmkoqvlvtzlgtsjq/node_modules/@testing-library/react/dist/pure.js:189:26)
            at render (/app/node_modules/.pnpm/@testing-library+react@16.3.2_@testing-library+dom@10.4.1_@types+react-dom@18.3.7_@types+reac_3k5f6qynewwmkoqvlvtzlgtsjq/node_modules/@testing-library/react/dist/pure.js:291:10)
            at Object.<anonymous> (/app/apps/admin/components/__tests__/orgs-table.test.tsx:73:11)
            at Promise.then.completed (/app/node_modules/.pnpm/jest-circus@29.7.0/node_modules/jest-circus/build/utils.js:298:28)
            at new Promise (<anonymous>)
            at callAsyncCircusFn (/app/node_modules/.pnpm/jest-circus@29.7.0/node_modules/jest-circus/build/utils.js:231:10)
            at _callCircusTest (/app/node_modules/.pnpm/jest-circus@29.7.0/node_modules/jest-circus/build/run.js:316:40)
            at processTicksAndRejections (node:internal/process/task_queues:103:5)
            at _runTest (/app/node_modules/.pnpm/jest-circus@29.7.0/node_modules/jest-circus/build/run.js:252:3)
            at _runTestsForDescribeBlock (/app/node_modules/.pnpm/jest-circus@29.7.0/node_modules/jest-circus/build/run.js:126:9)
            at _runTestsForDescribeBlock (/app/node_modules/.pnpm/jest-circus@29.7.0/node_modules/jest-circus/build/run.js:121:9)
            at run (/app/node_modules/.pnpm/jest-circus@29.7.0/node_modules/jest-circus/build/run.js:71:3)
            at runAndTransformResultsToJestFormat (/app/node_modules/.pnpm/jest-circus@29.7.0/node_modules/jest-circus/build/legacy-code-todo-rewrite/jestAdapterInit.js:122:21)
            at jestAdapter (/app/node_modules/.pnpm/jest-circus@29.7.0/node_modules/jest-circus/build/legacy-code-todo-rewrite/jestAdapter.js:79:19)
            at runTestInternal (/app/node_modules/.pnpm/jest-runner@29.7.0/node_modules/jest-runner/build/runTest.js:367:16)
            at runTest (/app/node_modules/.pnpm/jest-runner@29.7.0/node_modules/jest-runner/build/runTest.js:444:34)
            at Object.worker (/app/node_modules/.pnpm/jest-runner@29.7.0/node_modules/jest-runner/build/testWorker.js:106:12),
        type: 'unhandled exception'
      }

      71 |     jest.useFakeTimers()
      72 |     ;(actions.listOrgsAction as jest.Mock).mockResolvedValue({ items: [], total: 0, page: 1, pageSize: 25 })
    > 73 |     render(withIntl(<OrgsTable initial={initial} apps={apps} />))
         |           ^
      74 |     fireEvent.change(screen.getByLabelText(en.orgs.filter.appLabel), { target: { value: 'sq_1' } })
      75 |     jest.advanceTimersByTime(400)
      76 |     await waitFor(() => expect(actions.listOrgsAction).toHaveBeenCalledWith({ appId: 'sq_1', page: 1, pageSize: 25 }))

      at VirtualConsole.<anonymous> (../../node_modules/.pnpm/jest-environment-jsdom@29.7.0/node_modules/jest-environment-jsdom/build/index.js:63:23)
      at reportException (../../node_modules/.pnpm/jsdom@20.0.3/node_modules/jsdom/lib/jsdom/living/helpers/runtime-script-errors.js:70:28)
      at innerInvokeEventListeners (../../node_modules/.pnpm/jsdom@20.0.3/node_modules/jsdom/lib/jsdom/living/events/EventTarget-impl.js:353:9)
      at invokeEventListeners (../../node_modules/.pnpm/jsdom@20.0.3/node_modules/jsdom/lib/jsdom/living/events/EventTarget-impl.js:286:3)
      at HTMLUnknownElementImpl._dispatch (../../node_modules/.pnpm/jsdom@20.0.3/node_modules/jsdom/lib/jsdom/living/events/EventTarget-impl.js:233:9)
      at HTMLUnknownElementImpl.dispatchEvent (../../node_modules/.pnpm/jsdom@20.0.3/node_modules/jsdom/lib/jsdom/living/events/EventTarget-impl.js:104:17)
      at HTMLUnknownElement.dispatchEvent (../../node_modules/.pnpm/jsdom@20.0.3/node_modules/jsdom/lib/jsdom/living/generated/EventTarget.js:241:34)
      at Object.invokeGuardedCallbackDev (../../node_modules/.pnpm/react-dom@18.3.1_react@18.3.1/node_modules/react-dom/cjs/react-dom.development.js:4213:16)
      at invokeGuardedCallback (../../node_modules/.pnpm/react-dom@18.3.1_react@18.3.1/node_modules/react-dom/cjs/react-dom.development.js:4277:31)
      at beginWork$1 (../../node_modules/.pnpm/react-dom@18.3.1_react@18.3.1/node_modules/react-dom/cjs/react-dom.development.js:27490:7)
      at performUnitOfWork (../../node_modules/.pnpm/react-dom@18.3.1_react@18.3.1/node_modules/react-dom/cjs/react-dom.development.js:26599:12)
      at workLoopSync (../../node_modules/.pnpm/react-dom@18.3.1_react@18.3.1/node_modules/react-dom/cjs/react-dom.development.js:26505:5)
      at renderRootSync (../../node_modules/.pnpm/react-dom@18.3.1_react@18.3.1/node_modules/react-dom/cjs/react-dom.development.js:26473:7)
      at recoverFromConcurrentError (../../node_modules/.pnpm/react-dom@18.3.1_react@18.3.1/node_modules/react-dom/cjs/react-dom.development.js:25889:20)
      at performConcurrentWorkOnRoot (../../node_modules/.pnpm/react-dom@18.3.1_react@18.3.1/node_modules/react-dom/cjs/react-dom.development.js:25789:22)
      at flushActQueue (../../node_modules/.pnpm/react@18.3.1/node_modules/react/cjs/react.development.js:2667:24)
      at act (../../node_modules/.pnpm/react@18.3.1/node_modules/react/cjs/react.development.js:2582:11)
      at ../../node_modules/.pnpm/@testing-library+react@16.3.2_@testing-library+dom@10.4.1_@types+react-dom@18.3.7_@types+reac_3k5f6qynewwmkoqvlvtzlgtsjq/node_modules/@testing-library/react/dist/act-compat.js:46:25
      at renderRoot (../../node_modules/.pnpm/@testing-library+react@16.3.2_@testing-library+dom@10.4.1_@types+react-dom@18.3.7_@types+reac_3k5f6qynewwmkoqvlvtzlgtsjq/node_modules/@testing-library/react/dist/pure.js:189:26)
      at render (../../node_modules/.pnpm/@testing-library+react@16.3.2_@testing-library+dom@10.4.1_@types+react-dom@18.3.7_@types+reac_3k5f6qynewwmkoqvlvtzlgtsjq/node_modules/@testing-library/react/dist/pure.js:291:10)
      at Object.<anonymous> (components/__tests__/orgs-table.test.tsx:73:11)

    console.error
      The above error occurred in the <Tooltip> component:

          at Tooltip (/app/node_modules/.pnpm/@radix-ui+react-tooltip@1.2.8_@types+react-dom@18.3.7_@types+react@18.3.29__@types+react@18.3_xrwsnt2rmlacewwolijhmzdoxi/node_modules/@radix-ui/react-tooltip/src/tooltip.tsx:154:5)
          at div
          at cell (/app/apps/admin/components/orgs-table.tsx:86:16)
          at td
          at /app/packages/ui/src/components/ui/table.tsx:87:6
          at tr
          at /app/packages/ui/src/components/ui/table.tsx:57:6
          at tbody
          at /app/packages/ui/src/components/ui/table.tsx:30:6
          at table
          at div
          at /app/packages/ui/src/components/ui/table.tsx:8:6
          at DataTable (/app/packages/ui/src/components/data-table.tsx:23:36)
          at div
          at OrgsTable (/app/apps/admin/components/orgs-table.tsx:22:29)
          at IntlProvider (/app/node_modules/.pnpm/use-intl@3.26.5_react@18.3.1/node_modules/use-intl/dist/development/_IntlProvider.js:16:5)
          at NextIntlClientProvider (/app/node_modules/.pnpm/next-intl@3.26.5_next@15.5.18_@babel+core@7.29.7_@opentelemetry+api@1.9.1_@playwright+test@1._uib3rlo2eksg3yll53rffkx7ea/node_modules/next-intl/dist/development/shared/NextIntlClientProvider.js:16:5)

      Consider adding an error boundary to your tree to customize error handling behavior.
      Visit https://reactjs.org/link/error-boundaries to learn more about error boundaries.

      71 |     jest.useFakeTimers()
      72 |     ;(actions.listOrgsAction as jest.Mock).mockResolvedValue({ items: [], total: 0, page: 1, pageSize: 25 })
    > 73 |     render(withIntl(<OrgsTable initial={initial} apps={apps} />))
         |           ^
      74 |     fireEvent.change(screen.getByLabelText(en.orgs.filter.appLabel), { target: { value: 'sq_1' } })
      75 |     jest.advanceTimersByTime(400)
      76 |     await waitFor(() => expect(actions.listOrgsAction).toHaveBeenCalledWith({ appId: 'sq_1', page: 1, pageSize: 25 }))

      at logCapturedError (../../node_modules/.pnpm/react-dom@18.3.1_react@18.3.1/node_modules/react-dom/cjs/react-dom.development.js:18704:23)
      at update.callback (../../node_modules/.pnpm/react-dom@18.3.1_react@18.3.1/node_modules/react-dom/cjs/react-dom.development.js:18737:5)
      at callCallback (../../node_modules/.pnpm/react-dom@18.3.1_react@18.3.1/node_modules/react-dom/cjs/react-dom.development.js:15036:12)
      at commitUpdateQueue (../../node_modules/.pnpm/react-dom@18.3.1_react@18.3.1/node_modules/react-dom/cjs/react-dom.development.js:15057:9)
      at commitLayoutEffectOnFiber (../../node_modules/.pnpm/react-dom@18.3.1_react@18.3.1/node_modules/react-dom/cjs/react-dom.development.js:23430:13)
      at commitLayoutMountEffects_complete (../../node_modules/.pnpm/react-dom@18.3.1_react@18.3.1/node_modules/react-dom/cjs/react-dom.development.js:24727:9)
      at commitLayoutEffects_begin (../../node_modules/.pnpm/react-dom@18.3.1_react@18.3.1/node_modules/react-dom/cjs/react-dom.development.js:24713:7)
      at commitLayoutEffects (../../node_modules/.pnpm/react-dom@18.3.1_react@18.3.1/node_modules/react-dom/cjs/react-dom.development.js:24651:3)
      at commitRootImpl (../../node_modules/.pnpm/react-dom@18.3.1_react@18.3.1/node_modules/react-dom/cjs/react-dom.development.js:26862:5)
      at commitRoot (../../node_modules/.pnpm/react-dom@18.3.1_react@18.3.1/node_modules/react-dom/cjs/react-dom.development.js:26721:5)
      at finishConcurrentRender (../../node_modules/.pnpm/react-dom@18.3.1_react@18.3.1/node_modules/react-dom/cjs/react-dom.development.js:25931:9)
      at performConcurrentWorkOnRoot (../../node_modules/.pnpm/react-dom@18.3.1_react@18.3.1/node_modules/react-dom/cjs/react-dom.development.js:25848:7)
      at flushActQueue (../../node_modules/.pnpm/react@18.3.1/node_modules/react/cjs/react.development.js:2667:24)
      at act (../../node_modules/.pnpm/react@18.3.1/node_modules/react/cjs/react.development.js:2582:11)
      at ../../node_modules/.pnpm/@testing-library+react@16.3.2_@testing-library+dom@10.4.1_@types+react-dom@18.3.7_@types+reac_3k5f6qynewwmkoqvlvtzlgtsjq/node_modules/@testing-library/react/dist/act-compat.js:46:25
      at renderRoot (../../node_modules/.pnpm/@testing-library+react@16.3.2_@testing-library+dom@10.4.1_@types+react-dom@18.3.7_@types+reac_3k5f6qynewwmkoqvlvtzlgtsjq/node_modules/@testing-library/react/dist/pure.js:189:26)
      at render (../../node_modules/.pnpm/@testing-library+react@16.3.2_@testing-library+dom@10.4.1_@types+react-dom@18.3.7_@types+reac_3k5f6qynewwmkoqvlvtzlgtsjq/node_modules/@testing-library/react/dist/pure.js:291:10)
      at Object.<anonymous> (components/__tests__/orgs-table.test.tsx:73:11)

    console.error
      The above error occurred in the <Tooltip> component:

          at Tooltip (/app/node_modules/.pnpm/@radix-ui+react-tooltip@1.2.8_@types+react-dom@18.3.7_@types+react@18.3.29__@types+react@18.3_xrwsnt2rmlacewwolijhmzdoxi/node_modules/@radix-ui/react-tooltip/src/tooltip.tsx:154:5)
          at Passthrough (/app/apps/admin/components/__tests__/orgs-table.test.tsx:16:26)
          at cell (/app/apps/admin/components/orgs-table.tsx:125:16)
          at td
          at /app/packages/ui/src/components/ui/table.tsx:87:6
          at tr
          at /app/packages/ui/src/components/ui/table.tsx:57:6
          at tbody
          at /app/packages/ui/src/components/ui/table.tsx:30:6
          at table
          at div
          at /app/packages/ui/src/components/ui/table.tsx:8:6
          at DataTable (/app/packages/ui/src/components/data-table.tsx:23:36)
          at div
          at OrgsTable (/app/apps/admin/components/orgs-table.tsx:22:29)
          at IntlProvider (/app/node_modules/.pnpm/use-intl@3.26.5_react@18.3.1/node_modules/use-intl/dist/development/_IntlProvider.js:16:5)
          at NextIntlClientProvider (/app/node_modules/.pnpm/next-intl@3.26.5_next@15.5.18_@babel+core@7.29.7_@opentelemetry+api@1.9.1_@playwright+test@1._uib3rlo2eksg3yll53rffkx7ea/node_modules/next-intl/dist/development/shared/NextIntlClientProvider.js:16:5)

      Consider adding an error boundary to your tree to customize error handling behavior.
      Visit https://reactjs.org/link/error-boundaries to learn more about error boundaries.

      71 |     jest.useFakeTimers()
      72 |     ;(actions.listOrgsAction as jest.Mock).mockResolvedValue({ items: [], total: 0, page: 1, pageSize: 25 })
    > 73 |     render(withIntl(<OrgsTable initial={initial} apps={apps} />))
         |           ^
      74 |     fireEvent.change(screen.getByLabelText(en.orgs.filter.appLabel), { target: { value: 'sq_1' } })
      75 |     jest.advanceTimersByTime(400)
      76 |     await waitFor(() => expect(actions.listOrgsAction).toHaveBeenCalledWith({ appId: 'sq_1', page: 1, pageSize: 25 }))

      at logCapturedError (../../node_modules/.pnpm/react-dom@18.3.1_react@18.3.1/node_modules/react-dom/cjs/react-dom.development.js:18704:23)
      at update.callback (../../node_modules/.pnpm/react-dom@18.3.1_react@18.3.1/node_modules/react-dom/cjs/react-dom.development.js:18737:5)
      at callCallback (../../node_modules/.pnpm/react-dom@18.3.1_react@18.3.1/node_modules/react-dom/cjs/react-dom.development.js:15036:12)
      at commitUpdateQueue (../../node_modules/.pnpm/react-dom@18.3.1_react@18.3.1/node_modules/react-dom/cjs/react-dom.development.js:15057:9)
      at commitLayoutEffectOnFiber (../../node_modules/.pnpm/react-dom@18.3.1_react@18.3.1/node_modules/react-dom/cjs/react-dom.development.js:23430:13)
      at commitLayoutMountEffects_complete (../../node_modules/.pnpm/react-dom@18.3.1_react@18.3.1/node_modules/react-dom/cjs/react-dom.development.js:24727:9)
      at commitLayoutEffects_begin (../../node_modules/.pnpm/react-dom@18.3.1_react@18.3.1/node_modules/react-dom/cjs/react-dom.development.js:24713:7)
      at commitLayoutEffects (../../node_modules/.pnpm/react-dom@18.3.1_react@18.3.1/node_modules/react-dom/cjs/react-dom.development.js:24651:3)
      at commitRootImpl (../../node_modules/.pnpm/react-dom@18.3.1_react@18.3.1/node_modules/react-dom/cjs/react-dom.development.js:26862:5)
      at commitRoot (../../node_modules/.pnpm/react-dom@18.3.1_react@18.3.1/node_modules/react-dom/cjs/react-dom.development.js:26721:5)
      at finishConcurrentRender (../../node_modules/.pnpm/react-dom@18.3.1_react@18.3.1/node_modules/react-dom/cjs/react-dom.development.js:25931:9)
      at performConcurrentWorkOnRoot (../../node_modules/.pnpm/react-dom@18.3.1_react@18.3.1/node_modules/react-dom/cjs/react-dom.development.js:25848:7)
      at flushActQueue (../../node_modules/.pnpm/react@18.3.1/node_modules/react/cjs/react.development.js:2667:24)
      at act (../../node_modules/.pnpm/react@18.3.1/node_modules/react/cjs/react.development.js:2582:11)
      at ../../node_modules/.pnpm/@testing-library+react@16.3.2_@testing-library+dom@10.4.1_@types+react-dom@18.3.7_@types+reac_3k5f6qynewwmkoqvlvtzlgtsjq/node_modules/@testing-library/react/dist/act-compat.js:46:25
      at renderRoot (../../node_modules/.pnpm/@testing-library+react@16.3.2_@testing-library+dom@10.4.1_@types+react-dom@18.3.7_@types+reac_3k5f6qynewwmkoqvlvtzlgtsjq/node_modules/@testing-library/react/dist/pure.js:189:26)
      at render (../../node_modules/.pnpm/@testing-library+react@16.3.2_@testing-library+dom@10.4.1_@types+react-dom@18.3.7_@types+reac_3k5f6qynewwmkoqvlvtzlgtsjq/node_modules/@testing-library/react/dist/pure.js:291:10)
      at Object.<anonymous> (components/__tests__/orgs-table.test.tsx:73:11)

    console.error
      The above error occurred in the <Tooltip> component:

          at Tooltip (/app/node_modules/.pnpm/@radix-ui+react-tooltip@1.2.8_@types+react-dom@18.3.7_@types+react@18.3.29__@types+react@18.3_xrwsnt2rmlacewwolijhmzdoxi/node_modules/@radix-ui/react-tooltip/src/tooltip.tsx:154:5)
          at div
          at cell (/app/apps/admin/components/orgs-table.tsx:86:16)
          at td
          at /app/packages/ui/src/components/ui/table.tsx:87:6
          at tr
          at /app/packages/ui/src/components/ui/table.tsx:57:6
          at tbody
          at /app/packages/ui/src/components/ui/table.tsx:30:6
          at table
          at div
          at /app/packages/ui/src/components/ui/table.tsx:8:6
          at DataTable (/app/packages/ui/src/components/data-table.tsx:23:36)
          at div
          at OrgsTable (/app/apps/admin/components/orgs-table.tsx:22:29)
          at IntlProvider (/app/node_modules/.pnpm/use-intl@3.26.5_react@18.3.1/node_modules/use-intl/dist/development/_IntlProvider.js:16:5)
          at NextIntlClientProvider (/app/node_modules/.pnpm/next-intl@3.26.5_next@15.5.18_@babel+core@7.29.7_@opentelemetry+api@1.9.1_@playwright+test@1._uib3rlo2eksg3yll53rffkx7ea/node_modules/next-intl/dist/development/shared/NextIntlClientProvider.js:16:5)

      Consider adding an error boundary to your tree to customize error handling behavior.
      Visit https://reactjs.org/link/error-boundaries to learn more about error boundaries.

      71 |     jest.useFakeTimers()
      72 |     ;(actions.listOrgsAction as jest.Mock).mockResolvedValue({ items: [], total: 0, page: 1, pageSize: 25 })
    > 73 |     render(withIntl(<OrgsTable initial={initial} apps={apps} />))
         |           ^
      74 |     fireEvent.change(screen.getByLabelText(en.orgs.filter.appLabel), { target: { value: 'sq_1' } })
      75 |     jest.advanceTimersByTime(400)
      76 |     await waitFor(() => expect(actions.listOrgsAction).toHaveBeenCalledWith({ appId: 'sq_1', page: 1, pageSize: 25 }))

      at logCapturedError (../../node_modules/.pnpm/react-dom@18.3.1_react@18.3.1/node_modules/react-dom/cjs/react-dom.development.js:18704:23)
      at update.callback (../../node_modules/.pnpm/react-dom@18.3.1_react@18.3.1/node_modules/react-dom/cjs/react-dom.development.js:18737:5)
      at callCallback (../../node_modules/.pnpm/react-dom@18.3.1_react@18.3.1/node_modules/react-dom/cjs/react-dom.development.js:15036:12)
      at commitUpdateQueue (../../node_modules/.pnpm/react-dom@18.3.1_react@18.3.1/node_modules/react-dom/cjs/react-dom.development.js:15057:9)
      at commitLayoutEffectOnFiber (../../node_modules/.pnpm/react-dom@18.3.1_react@18.3.1/node_modules/react-dom/cjs/react-dom.development.js:23430:13)
      at commitLayoutMountEffects_complete (../../node_modules/.pnpm/react-dom@18.3.1_react@18.3.1/node_modules/react-dom/cjs/react-dom.development.js:24727:9)
      at commitLayoutEffects_begin (../../node_modules/.pnpm/react-dom@18.3.1_react@18.3.1/node_modules/react-dom/cjs/react-dom.development.js:24713:7)
      at commitLayoutEffects (../../node_modules/.pnpm/react-dom@18.3.1_react@18.3.1/node_modules/react-dom/cjs/react-dom.development.js:24651:3)
      at commitRootImpl (../../node_modules/.pnpm/react-dom@18.3.1_react@18.3.1/node_modules/react-dom/cjs/react-dom.development.js:26862:5)
      at commitRoot (../../node_modules/.pnpm/react-dom@18.3.1_react@18.3.1/node_modules/react-dom/cjs/react-dom.development.js:26721:5)
      at finishConcurrentRender (../../node_modules/.pnpm/react-dom@18.3.1_react@18.3.1/node_modules/react-dom/cjs/react-dom.development.js:25931:9)
      at performConcurrentWorkOnRoot (../../node_modules/.pnpm/react-dom@18.3.1_react@18.3.1/node_modules/react-dom/cjs/react-dom.development.js:25848:7)
      at flushActQueue (../../node_modules/.pnpm/react@18.3.1/node_modules/react/cjs/react.development.js:2667:24)
      at act (../../node_modules/.pnpm/react@18.3.1/node_modules/react/cjs/react.development.js:2582:11)
      at ../../node_modules/.pnpm/@testing-library+react@16.3.2_@testing-library+dom@10.4.1_@types+react-dom@18.3.7_@types+reac_3k5f6qynewwmkoqvlvtzlgtsjq/node_modules/@testing-library/react/dist/act-compat.js:46:25
      at renderRoot (../../node_modules/.pnpm/@testing-library+react@16.3.2_@testing-library+dom@10.4.1_@types+react-dom@18.3.7_@types+reac_3k5f6qynewwmkoqvlvtzlgtsjq/node_modules/@testing-library/react/dist/pure.js:189:26)
      at render (../../node_modules/.pnpm/@testing-library+react@16.3.2_@testing-library+dom@10.4.1_@types+react-dom@18.3.7_@types+reac_3k5f6qynewwmkoqvlvtzlgtsjq/node_modules/@testing-library/react/dist/pure.js:291:10)
      at Object.<anonymous> (components/__tests__/orgs-table.test.tsx:73:11)

    console.error
      The above error occurred in the <Tooltip> component:

          at Tooltip (/app/node_modules/.pnpm/@radix-ui+react-tooltip@1.2.8_@types+react-dom@18.3.7_@types+react@18.3.29__@types+react@18.3_xrwsnt2rmlacewwolijhmzdoxi/node_modules/@radix-ui/react-tooltip/src/tooltip.tsx:154:5)
          at Passthrough (/app/apps/admin/components/__tests__/orgs-table.test.tsx:16:26)
          at cell (/app/apps/admin/components/orgs-table.tsx:125:16)
          at td
          at /app/packages/ui/src/components/ui/table.tsx:87:6
          at tr
          at /app/packages/ui/src/components/ui/table.tsx:57:6
          at tbody
          at /app/packages/ui/src/components/ui/table.tsx:30:6
          at table
          at div
          at /app/packages/ui/src/components/ui/table.tsx:8:6
          at DataTable (/app/packages/ui/src/components/data-table.tsx:23:36)
          at div
          at OrgsTable (/app/apps/admin/components/orgs-table.tsx:22:29)
          at IntlProvider (/app/node_modules/.pnpm/use-intl@3.26.5_react@18.3.1/node_modules/use-intl/dist/development/_IntlProvider.js:16:5)
          at NextIntlClientProvider (/app/node_modules/.pnpm/next-intl@3.26.5_next@15.5.18_@babel+core@7.29.7_@opentelemetry+api@1.9.1_@playwright+test@1._uib3rlo2eksg3yll53rffkx7ea/node_modules/next-intl/dist/development/shared/NextIntlClientProvider.js:16:5)

      Consider adding an error boundary to your tree to customize error handling behavior.
      Visit https://reactjs.org/link/error-boundaries to learn more about error boundaries.

      71 |     jest.useFakeTimers()
      72 |     ;(actions.listOrgsAction as jest.Mock).mockResolvedValue({ items: [], total: 0, page: 1, pageSize: 25 })
    > 73 |     render(withIntl(<OrgsTable initial={initial} apps={apps} />))
         |           ^
      74 |     fireEvent.change(screen.getByLabelText(en.orgs.filter.appLabel), { target: { value: 'sq_1' } })
      75 |     jest.advanceTimersByTime(400)
      76 |     await waitFor(() => expect(actions.listOrgsAction).toHaveBeenCalledWith({ appId: 'sq_1', page: 1, pageSize: 25 }))

      at logCapturedError (../../node_modules/.pnpm/react-dom@18.3.1_react@18.3.1/node_modules/react-dom/cjs/react-dom.development.js:18704:23)
      at update.callback (../../node_modules/.pnpm/react-dom@18.3.1_react@18.3.1/node_modules/react-dom/cjs/react-dom.development.js:18737:5)
      at callCallback (../../node_modules/.pnpm/react-dom@18.3.1_react@18.3.1/node_modules/react-dom/cjs/react-dom.development.js:15036:12)
      at commitUpdateQueue (../../node_modules/.pnpm/react-dom@18.3.1_react@18.3.1/node_modules/react-dom/cjs/react-dom.development.js:15057:9)
      at commitLayoutEffectOnFiber (../../node_modules/.pnpm/react-dom@18.3.1_react@18.3.1/node_modules/react-dom/cjs/react-dom.development.js:23430:13)
      at commitLayoutMountEffects_complete (../../node_modules/.pnpm/react-dom@18.3.1_react@18.3.1/node_modules/react-dom/cjs/react-dom.development.js:24727:9)
      at commitLayoutEffects_begin (../../node_modules/.pnpm/react-dom@18.3.1_react@18.3.1/node_modules/react-dom/cjs/react-dom.development.js:24713:7)
      at commitLayoutEffects (../../node_modules/.pnpm/react-dom@18.3.1_react@18.3.1/node_modules/react-dom/cjs/react-dom.development.js:24651:3)
      at commitRootImpl (../../node_modules/.pnpm/react-dom@18.3.1_react@18.3.1/node_modules/react-dom/cjs/react-dom.development.js:26862:5)
      at commitRoot (../../node_modules/.pnpm/react-dom@18.3.1_react@18.3.1/node_modules/react-dom/cjs/react-dom.development.js:26721:5)
      at finishConcurrentRender (../../node_modules/.pnpm/react-dom@18.3.1_react@18.3.1/node_modules/react-dom/cjs/react-dom.development.js:25931:9)
      at performConcurrentWorkOnRoot (../../node_modules/.pnpm/react-dom@18.3.1_react@18.3.1/node_modules/react-dom/cjs/react-dom.development.js:25848:7)
      at flushActQueue (../../node_modules/.pnpm/react@18.3.1/node_modules/react/cjs/react.development.js:2667:24)
      at act (../../node_modules/.pnpm/react@18.3.1/node_modules/react/cjs/react.development.js:2582:11)
      at ../../node_modules/.pnpm/@testing-library+react@16.3.2_@testing-library+dom@10.4.1_@types+react-dom@18.3.7_@types+reac_3k5f6qynewwmkoqvlvtzlgtsjq/node_modules/@testing-library/react/dist/act-compat.js:46:25
      at renderRoot (../../node_modules/.pnpm/@testing-library+react@16.3.2_@testing-library+dom@10.4.1_@types+react-dom@18.3.7_@types+reac_3k5f6qynewwmkoqvlvtzlgtsjq/node_modules/@testing-library/react/dist/pure.js:189:26)
      at render (../../node_modules/.pnpm/@testing-library+react@16.3.2_@testing-library+dom@10.4.1_@types+react-dom@18.3.7_@types+reac_3k5f6qynewwmkoqvlvtzlgtsjq/node_modules/@testing-library/react/dist/pure.js:291:10)
      at Object.<anonymous> (components/__tests__/orgs-table.test.tsx:73:11)

  ● OrgsTable › renders rows from initial data

    `Tooltip` must be used within `TooltipProvider`

      54 |
      55 |   it('renders rows from initial data', () => {
    > 56 |     render(withIntl(<OrgsTable initial={initial} apps={apps} />))
         |           ^
      57 |     expect(screen.getByText('Acme')).toBeInTheDocument()
      58 |     expect(screen.getByText('Platform Org')).toBeInTheDocument()
      59 |   })

      at useContext2 (../../node_modules/.pnpm/@radix-ui+react-context@1.1.2_@types+react@18.3.29_react@18.3.1/node_modules/@radix-ui/react-context/src/create-context.tsx:75:13)
      at Tooltip (../../node_modules/.pnpm/@radix-ui+react-tooltip@1.2.8_@types+react-dom@18.3.7_@types+react@18.3.29__@types+react@18.3_xrwsnt2rmlacewwolijhmzdoxi/node_modules/@radix-ui/react-tooltip/src/tooltip.tsx:162:27)
      at renderWithHooks (../../node_modules/.pnpm/react-dom@18.3.1_react@18.3.1/node_modules/react-dom/cjs/react-dom.development.js:15486:18)
      at mountIndeterminateComponent (../../node_modules/.pnpm/react-dom@18.3.1_react@18.3.1/node_modules/react-dom/cjs/react-dom.development.js:20103:13)
      at beginWork (../../node_modules/.pnpm/react-dom@18.3.1_react@18.3.1/node_modules/react-dom/cjs/react-dom.development.js:21626:16)
      at beginWork$1 (../../node_modules/.pnpm/react-dom@18.3.1_react@18.3.1/node_modules/react-dom/cjs/react-dom.development.js:27465:14)
      at performUnitOfWork (../../node_modules/.pnpm/react-dom@18.3.1_react@18.3.1/node_modules/react-dom/cjs/react-dom.development.js:26599:12)
      at workLoopSync (../../node_modules/.pnpm/react-dom@18.3.1_react@18.3.1/node_modules/react-dom/cjs/react-dom.development.js:26505:5)
      at renderRootSync (../../node_modules/.pnpm/react-dom@18.3.1_react@18.3.1/node_modules/react-dom/cjs/react-dom.development.js:26473:7)
      at recoverFromConcurrentError (../../node_modules/.pnpm/react-dom@18.3.1_react@18.3.1/node_modules/react-dom/cjs/react-dom.development.js:25889:20)
      at performConcurrentWorkOnRoot (../../node_modules/.pnpm/react-dom@18.3.1_react@18.3.1/node_modules/react-dom/cjs/react-dom.development.js:25789:22)
      at flushActQueue (../../node_modules/.pnpm/react@18.3.1/node_modules/react/cjs/react.development.js:2667:24)
      at act (../../node_modules/.pnpm/react@18.3.1/node_modules/react/cjs/react.development.js:2582:11)
      at ../../node_modules/.pnpm/@testing-library+react@16.3.2_@testing-library+dom@10.4.1_@types+react-dom@18.3.7_@types+reac_3k5f6qynewwmkoqvlvtzlgtsjq/node_modules/@testing-library/react/dist/act-compat.js:46:25
      at renderRoot (../../node_modules/.pnpm/@testing-library+react@16.3.2_@testing-library+dom@10.4.1_@types+react-dom@18.3.7_@types+reac_3k5f6qynewwmkoqvlvtzlgtsjq/node_modules/@testing-library/react/dist/pure.js:189:26)
      at render (../../node_modules/.pnpm/@testing-library+react@16.3.2_@testing-library+dom@10.4.1_@types+react-dom@18.3.7_@types+reac_3k5f6qynewwmkoqvlvtzlgtsjq/node_modules/@testing-library/react/dist/pure.js:291:10)
      at Object.<anonymous> (components/__tests__/orgs-table.test.tsx:56:11)

  ● OrgsTable › clicking Delete on an ordinary org opens ConfirmDialog with the org name

    `Tooltip` must be used within `TooltipProvider`

      60 |
      61 |   it('clicking Delete on an ordinary org opens ConfirmDialog with the org name', async () => {
    > 62 |     render(withIntl(<OrgsTable initial={initial} apps={apps} />))
         |           ^
      63 |     const menuButtons = screen.getAllByRole('button', { name: /more/i })
      64 |     fireEvent.click(menuButtons[0])
      65 |     fireEvent.click(await screen.findByRole('menuitem', { name: en.orgs.actions.delete }))

      at useContext2 (../../node_modules/.pnpm/@radix-ui+react-context@1.1.2_@types+react@18.3.29_react@18.3.1/node_modules/@radix-ui/react-context/src/create-context.tsx:75:13)
      at Tooltip (../../node_modules/.pnpm/@radix-ui+react-tooltip@1.2.8_@types+react-dom@18.3.7_@types+react@18.3.29__@types+react@18.3_xrwsnt2rmlacewwolijhmzdoxi/node_modules/@radix-ui/react-tooltip/src/tooltip.tsx:162:27)
      at renderWithHooks (../../node_modules/.pnpm/react-dom@18.3.1_react@18.3.1/node_modules/react-dom/cjs/react-dom.development.js:15486:18)
      at mountIndeterminateComponent (../../node_modules/.pnpm/react-dom@18.3.1_react@18.3.1/node_modules/react-dom/cjs/react-dom.development.js:20103:13)
      at beginWork (../../node_modules/.pnpm/react-dom@18.3.1_react@18.3.1/node_modules/react-dom/cjs/react-dom.development.js:21626:16)
      at beginWork$1 (../../node_modules/.pnpm/react-dom@18.3.1_react@18.3.1/node_modules/react-dom/cjs/react-dom.development.js:27465:14)
      at performUnitOfWork (../../node_modules/.pnpm/react-dom@18.3.1_react@18.3.1/node_modules/react-dom/cjs/react-dom.development.js:26599:12)
      at workLoopSync (../../node_modules/.pnpm/react-dom@18.3.1_react@18.3.1/node_modules/react-dom/cjs/react-dom.development.js:26505:5)
      at renderRootSync (../../node_modules/.pnpm/react-dom@18.3.1_react@18.3.1/node_modules/react-dom/cjs/react-dom.development.js:26473:7)
      at recoverFromConcurrentError (../../node_modules/.pnpm/react-dom@18.3.1_react@18.3.1/node_modules/react-dom/cjs/react-dom.development.js:25889:20)
      at performConcurrentWorkOnRoot (../../node_modules/.pnpm/react-dom@18.3.1_react@18.3.1/node_modules/react-dom/cjs/react-dom.development.js:25789:22)
      at flushActQueue (../../node_modules/.pnpm/react@18.3.1/node_modules/react/cjs/react.development.js:2667:24)
      at act (../../node_modules/.pnpm/react@18.3.1/node_modules/react/cjs/react.development.js:2582:11)
      at ../../node_modules/.pnpm/@testing-library+react@16.3.2_@testing-library+dom@10.4.1_@types+react-dom@18.3.7_@types+reac_3k5f6qynewwmkoqvlvtzlgtsjq/node_modules/@testing-library/react/dist/act-compat.js:46:25
      at renderRoot (../../node_modules/.pnpm/@testing-library+react@16.3.2_@testing-library+dom@10.4.1_@types+react-dom@18.3.7_@types+reac_3k5f6qynewwmkoqvlvtzlgtsjq/node_modules/@testing-library/react/dist/pure.js:189:26)
      at render (../../node_modules/.pnpm/@testing-library+react@16.3.2_@testing-library+dom@10.4.1_@types+react-dom@18.3.7_@types+reac_3k5f6qynewwmkoqvlvtzlgtsjq/node_modules/@testing-library/react/dist/pure.js:291:10)
      at Object.<anonymous> (components/__tests__/orgs-table.test.tsx:62:11)

  ● OrgsTable › app filter triggers listOrgsAction with appId

    `Tooltip` must be used within `TooltipProvider`

      71 |     jest.useFakeTimers()
      72 |     ;(actions.listOrgsAction as jest.Mock).mockResolvedValue({ items: [], total: 0, page: 1, pageSize: 25 })
    > 73 |     render(withIntl(<OrgsTable initial={initial} apps={apps} />))
         |           ^
      74 |     fireEvent.change(screen.getByLabelText(en.orgs.filter.appLabel), { target: { value: 'sq_1' } })
      75 |     jest.advanceTimersByTime(400)
      76 |     await waitFor(() => expect(actions.listOrgsAction).toHaveBeenCalledWith({ appId: 'sq_1', page: 1, pageSize: 25 }))

      at useContext2 (../../node_modules/.pnpm/@radix-ui+react-context@1.1.2_@types+react@18.3.29_react@18.3.1/node_modules/@radix-ui/react-context/src/create-context.tsx:75:13)
      at Tooltip (../../node_modules/.pnpm/@radix-ui+react-tooltip@1.2.8_@types+react-dom@18.3.7_@types+react@18.3.29__@types+react@18.3_xrwsnt2rmlacewwolijhmzdoxi/node_modules/@radix-ui/react-tooltip/src/tooltip.tsx:162:27)
      at renderWithHooks (../../node_modules/.pnpm/react-dom@18.3.1_react@18.3.1/node_modules/react-dom/cjs/react-dom.development.js:15486:18)
      at mountIndeterminateComponent (../../node_modules/.pnpm/react-dom@18.3.1_react@18.3.1/node_modules/react-dom/cjs/react-dom.development.js:20103:13)
      at beginWork (../../node_modules/.pnpm/react-dom@18.3.1_react@18.3.1/node_modules/react-dom/cjs/react-dom.development.js:21626:16)
      at beginWork$1 (../../node_modules/.pnpm/react-dom@18.3.1_react@18.3.1/node_modules/react-dom/cjs/react-dom.development.js:27465:14)
      at performUnitOfWork (../../node_modules/.pnpm/react-dom@18.3.1_react@18.3.1/node_modules/react-dom/cjs/react-dom.development.js:26599:12)
      at workLoopSync (../../node_modules/.pnpm/react-dom@18.3.1_react@18.3.1/node_modules/react-dom/cjs/react-dom.development.js:26505:5)
      at renderRootSync (../../node_modules/.pnpm/react-dom@18.3.1_react@18.3.1/node_modules/react-dom/cjs/react-dom.development.js:26473:7)
      at recoverFromConcurrentError (../../node_modules/.pnpm/react-dom@18.3.1_react@18.3.1/node_modules/react-dom/cjs/react-dom.development.js:25889:20)
      at performConcurrentWorkOnRoot (../../node_modules/.pnpm/react-dom@18.3.1_react@18.3.1/node_modules/react-dom/cjs/react-dom.development.js:25789:22)
      at flushActQueue (../../node_modules/.pnpm/react@18.3.1/node_modules/react/cjs/react.development.js:2667:24)
      at act (../../node_modules/.pnpm/react@18.3.1/node_modules/react/cjs/react.development.js:2582:11)
      at ../../node_modules/.pnpm/@testing-library+react@16.3.2_@testing-library+dom@10.4.1_@types+react-dom@18.3.7_@types+reac_3k5f6qynewwmkoqvlvtzlgtsjq/node_modules/@testing-library/react/dist/act-compat.js:46:25
      at renderRoot (../../node_modules/.pnpm/@testing-library+react@16.3.2_@testing-library+dom@10.4.1_@types+react-dom@18.3.7_@types+reac_3k5f6qynewwmkoqvlvtzlgtsjq/node_modules/@testing-library/react/dist/pure.js:189:26)
      at render (../../node_modules/.pnpm/@testing-library+react@16.3.2_@testing-library+dom@10.4.1_@types+react-dom@18.3.7_@types+reac_3k5f6qynewwmkoqvlvtzlgtsjq/node_modules/@testing-library/react/dist/pure.js:291:10)
      at Object.<anonymous> (components/__tests__/orgs-table.test.tsx:73:11)

FAIL components/__tests__/apps-table.test.tsx
  ● Console

    console.error
      Error: Uncaught [Error: `Tooltip` must be used within `TooltipProvider`]
          at reportException (/app/node_modules/.pnpm/jsdom@20.0.3/node_modules/jsdom/lib/jsdom/living/helpers/runtime-script-errors.js:66:24)
          at innerInvokeEventListeners (/app/node_modules/.pnpm/jsdom@20.0.3/node_modules/jsdom/lib/jsdom/living/events/EventTarget-impl.js:353:9)
          at invokeEventListeners (/app/node_modules/.pnpm/jsdom@20.0.3/node_modules/jsdom/lib/jsdom/living/events/EventTarget-impl.js:286:3)
          at HTMLUnknownElementImpl._dispatch (/app/node_modules/.pnpm/jsdom@20.0.3/node_modules/jsdom/lib/jsdom/living/events/EventTarget-impl.js:233:9)
          at HTMLUnknownElementImpl.dispatchEvent (/app/node_modules/.pnpm/jsdom@20.0.3/node_modules/jsdom/lib/jsdom/living/events/EventTarget-impl.js:104:17)
          at HTMLUnknownElement.dispatchEvent (/app/node_modules/.pnpm/jsdom@20.0.3/node_modules/jsdom/lib/jsdom/living/generated/EventTarget.js:241:34)
          at Object.invokeGuardedCallbackDev (/app/node_modules/.pnpm/react-dom@18.3.1_react@18.3.1/node_modules/react-dom/cjs/react-dom.development.js:4213:16)
          at invokeGuardedCallback (/app/node_modules/.pnpm/react-dom@18.3.1_react@18.3.1/node_modules/react-dom/cjs/react-dom.development.js:4277:31)
          at beginWork$1 (/app/node_modules/.pnpm/react-dom@18.3.1_react@18.3.1/node_modules/react-dom/cjs/react-dom.development.js:27490:7)
          at performUnitOfWork (/app/node_modules/.pnpm/react-dom@18.3.1_react@18.3.1/node_modules/react-dom/cjs/react-dom.development.js:26599:12)
          at workLoopSync (/app/node_modules/.pnpm/react-dom@18.3.1_react@18.3.1/node_modules/react-dom/cjs/react-dom.development.js:26505:5)
          at renderRootSync (/app/node_modules/.pnpm/react-dom@18.3.1_react@18.3.1/node_modules/react-dom/cjs/react-dom.development.js:26473:7)
          at performConcurrentWorkOnRoot (/app/node_modules/.pnpm/react-dom@18.3.1_react@18.3.1/node_modules/react-dom/cjs/react-dom.development.js:25777:74)
          at flushActQueue (/app/node_modules/.pnpm/react@18.3.1/node_modules/react/cjs/react.development.js:2667:24)
          at act (/app/node_modules/.pnpm/react@18.3.1/node_modules/react/cjs/react.development.js:2582:11)
          at /app/node_modules/.pnpm/@testing-library+react@16.3.2_@testing-library+dom@10.4.1_@types+react-dom@18.3.7_@types+reac_3k5f6qynewwmkoqvlvtzlgtsjq/node_modules/@testing-library/react/dist/act-compat.js:46:25
          at renderRoot (/app/node_modules/.pnpm/@testing-library+react@16.3.2_@testing-library+dom@10.4.1_@types+react-dom@18.3.7_@types+reac_3k5f6qynewwmkoqvlvtzlgtsjq/node_modules/@testing-library/react/dist/pure.js:189:26)
          at render (/app/node_modules/.pnpm/@testing-library+react@16.3.2_@testing-library+dom@10.4.1_@types+react-dom@18.3.7_@types+reac_3k5f6qynewwmkoqvlvtzlgtsjq/node_modules/@testing-library/react/dist/pure.js:291:10)
          at Object.<anonymous> (/app/apps/admin/components/__tests__/apps-table.test.tsx:57:11)
          at Promise.then.completed (/app/node_modules/.pnpm/jest-circus@29.7.0/node_modules/jest-circus/build/utils.js:298:28)
          at new Promise (<anonymous>)
          at callAsyncCircusFn (/app/node_modules/.pnpm/jest-circus@29.7.0/node_modules/jest-circus/build/utils.js:231:10)
          at _callCircusTest (/app/node_modules/.pnpm/jest-circus@29.7.0/node_modules/jest-circus/build/run.js:316:40)
          at processTicksAndRejections (node:internal/process/task_queues:103:5)
          at _runTest (/app/node_modules/.pnpm/jest-circus@29.7.0/node_modules/jest-circus/build/run.js:252:3)
          at _runTestsForDescribeBlock (/app/node_modules/.pnpm/jest-circus@29.7.0/node_modules/jest-circus/build/run.js:126:9)
          at _runTestsForDescribeBlock (/app/node_modules/.pnpm/jest-circus@29.7.0/node_modules/jest-circus/build/run.js:121:9)
          at run (/app/node_modules/.pnpm/jest-circus@29.7.0/node_modules/jest-circus/build/run.js:71:3)
          at runAndTransformResultsToJestFormat (/app/node_modules/.pnpm/jest-circus@29.7.0/node_modules/jest-circus/build/legacy-code-todo-rewrite/jestAdapterInit.js:122:21)
          at jestAdapter (/app/node_modules/.pnpm/jest-circus@29.7.0/node_modules/jest-circus/build/legacy-code-todo-rewrite/jestAdapter.js:79:19)
          at runTestInternal (/app/node_modules/.pnpm/jest-runner@29.7.0/node_modules/jest-runner/build/runTest.js:367:16)
          at runTest (/app/node_modules/.pnpm/jest-runner@29.7.0/node_modules/jest-runner/build/runTest.js:444:34)
          at Object.worker (/app/node_modules/.pnpm/jest-runner@29.7.0/node_modules/jest-runner/build/testWorker.js:106:12) {
        detail: Error: `Tooltip` must be used within `TooltipProvider`
            at useContext2 (/app/node_modules/.pnpm/@radix-ui+react-context@1.1.2_@types+react@18.3.29_react@18.3.1/node_modules/@radix-ui/react-context/src/create-context.tsx:75:13)
            at Tooltip (/app/node_modules/.pnpm/@radix-ui+react-tooltip@1.2.8_@types+react-dom@18.3.7_@types+react@18.3.29__@types+react@18.3_xrwsnt2rmlacewwolijhmzdoxi/node_modules/@radix-ui/react-tooltip/src/tooltip.tsx:162:27)
            at renderWithHooks (/app/node_modules/.pnpm/react-dom@18.3.1_react@18.3.1/node_modules/react-dom/cjs/react-dom.development.js:15486:18)
            at mountIndeterminateComponent (/app/node_modules/.pnpm/react-dom@18.3.1_react@18.3.1/node_modules/react-dom/cjs/react-dom.development.js:20103:13)
            at beginWork (/app/node_modules/.pnpm/react-dom@18.3.1_react@18.3.1/node_modules/react-dom/cjs/react-dom.development.js:21626:16)
            at HTMLUnknownElement.callCallback (/app/node_modules/.pnpm/react-dom@18.3.1_react@18.3.1/node_modules/react-dom/cjs/react-dom.development.js:4164:14)
            at HTMLUnknownElement.callTheUserObjectsOperation (/app/node_modules/.pnpm/jsdom@20.0.3/node_modules/jsdom/lib/jsdom/living/generated/EventListener.js:26:30)
            at innerInvokeEventListeners (/app/node_modules/.pnpm/jsdom@20.0.3/node_modules/jsdom/lib/jsdom/living/events/EventTarget-impl.js:350:25)
            at invokeEventListeners (/app/node_modules/.pnpm/jsdom@20.0.3/node_modules/jsdom/lib/jsdom/living/events/EventTarget-impl.js:286:3)
            at HTMLUnknownElementImpl._dispatch (/app/node_modules/.pnpm/jsdom@20.0.3/node_modules/jsdom/lib/jsdom/living/events/EventTarget-impl.js:233:9)
            at HTMLUnknownElementImpl.dispatchEvent (/app/node_modules/.pnpm/jsdom@20.0.3/node_modules/jsdom/lib/jsdom/living/events/EventTarget-impl.js:104:17)
            at HTMLUnknownElement.dispatchEvent (/app/node_modules/.pnpm/jsdom@20.0.3/node_modules/jsdom/lib/jsdom/living/generated/EventTarget.js:241:34)
            at Object.invokeGuardedCallbackDev (/app/node_modules/.pnpm/react-dom@18.3.1_react@18.3.1/node_modules/react-dom/cjs/react-dom.development.js:4213:16)
            at invokeGuardedCallback (/app/node_modules/.pnpm/react-dom@18.3.1_react@18.3.1/node_modules/react-dom/cjs/react-dom.development.js:4277:31)
            at beginWork$1 (/app/node_modules/.pnpm/react-dom@18.3.1_react@18.3.1/node_modules/react-dom/cjs/react-dom.development.js:27490:7)
            at performUnitOfWork (/app/node_modules/.pnpm/react-dom@18.3.1_react@18.3.1/node_modules/react-dom/cjs/react-dom.development.js:26599:12)
            at workLoopSync (/app/node_modules/.pnpm/react-dom@18.3.1_react@18.3.1/node_modules/react-dom/cjs/react-dom.development.js:26505:5)
            at renderRootSync (/app/node_modules/.pnpm/react-dom@18.3.1_react@18.3.1/node_modules/react-dom/cjs/react-dom.development.js:26473:7)
            at performConcurrentWorkOnRoot (/app/node_modules/.pnpm/react-dom@18.3.1_react@18.3.1/node_modules/react-dom/cjs/react-dom.development.js:25777:74)
            at flushActQueue (/app/node_modules/.pnpm/react@18.3.1/node_modules/react/cjs/react.development.js:2667:24)
            at act (/app/node_modules/.pnpm/react@18.3.1/node_modules/react/cjs/react.development.js:2582:11)
            at /app/node_modules/.pnpm/@testing-library+react@16.3.2_@testing-library+dom@10.4.1_@types+react-dom@18.3.7_@types+reac_3k5f6qynewwmkoqvlvtzlgtsjq/node_modules/@testing-library/react/dist/act-compat.js:46:25
            at renderRoot (/app/node_modules/.pnpm/@testing-library+react@16.3.2_@testing-library+dom@10.4.1_@types+react-dom@18.3.7_@types+reac_3k5f6qynewwmkoqvlvtzlgtsjq/node_modules/@testing-library/react/dist/pure.js:189:26)
            at render (/app/node_modules/.pnpm/@testing-library+react@16.3.2_@testing-library+dom@10.4.1_@types+react-dom@18.3.7_@types+reac_3k5f6qynewwmkoqvlvtzlgtsjq/node_modules/@testing-library/react/dist/pure.js:291:10)
            at Object.<anonymous> (/app/apps/admin/components/__tests__/apps-table.test.tsx:57:11)
            at Promise.then.completed (/app/node_modules/.pnpm/jest-circus@29.7.0/node_modules/jest-circus/build/utils.js:298:28)
            at new Promise (<anonymous>)
            at callAsyncCircusFn (/app/node_modules/.pnpm/jest-circus@29.7.0/node_modules/jest-circus/build/utils.js:231:10)
            at _callCircusTest (/app/node_modules/.pnpm/jest-circus@29.7.0/node_modules/jest-circus/build/run.js:316:40)
            at processTicksAndRejections (node:internal/process/task_queues:103:5)
            at _runTest (/app/node_modules/.pnpm/jest-circus@29.7.0/node_modules/jest-circus/build/run.js:252:3)
            at _runTestsForDescribeBlock (/app/node_modules/.pnpm/jest-circus@29.7.0/node_modules/jest-circus/build/run.js:126:9)
            at _runTestsForDescribeBlock (/app/node_modules/.pnpm/jest-circus@29.7.0/node_modules/jest-circus/build/run.js:121:9)
            at run (/app/node_modules/.pnpm/jest-circus@29.7.0/node_modules/jest-circus/build/run.js:71:3)
            at runAndTransformResultsToJestFormat (/app/node_modules/.pnpm/jest-circus@29.7.0/node_modules/jest-circus/build/legacy-code-todo-rewrite/jestAdapterInit.js:122:21)
            at jestAdapter (/app/node_modules/.pnpm/jest-circus@29.7.0/node_modules/jest-circus/build/legacy-code-todo-rewrite/jestAdapter.js:79:19)
            at runTestInternal (/app/node_modules/.pnpm/jest-runner@29.7.0/node_modules/jest-runner/build/runTest.js:367:16)
            at runTest (/app/node_modules/.pnpm/jest-runner@29.7.0/node_modules/jest-runner/build/runTest.js:444:34)
            at Object.worker (/app/node_modules/.pnpm/jest-runner@29.7.0/node_modules/jest-runner/build/testWorker.js:106:12),
        type: 'unhandled exception'
      }

      55 |
      56 |   it('renders rows from initial data', () => {
    > 57 |     render(withIntl(<AppsTable initial={initial} />))
         |           ^
      58 |     expect(screen.getByText('Customer Portal')).toBeInTheDocument()
      59 |     expect(screen.getByText('SassyAuth')).toBeInTheDocument()
      60 |   })

      at VirtualConsole.<anonymous> (../../node_modules/.pnpm/jest-environment-jsdom@29.7.0/node_modules/jest-environment-jsdom/build/index.js:63:23)
      at reportException (../../node_modules/.pnpm/jsdom@20.0.3/node_modules/jsdom/lib/jsdom/living/helpers/runtime-script-errors.js:70:28)
      at innerInvokeEventListeners (../../node_modules/.pnpm/jsdom@20.0.3/node_modules/jsdom/lib/jsdom/living/events/EventTarget-impl.js:353:9)
      at invokeEventListeners (../../node_modules/.pnpm/jsdom@20.0.3/node_modules/jsdom/lib/jsdom/living/events/EventTarget-impl.js:286:3)
      at HTMLUnknownElementImpl._dispatch (../../node_modules/.pnpm/jsdom@20.0.3/node_modules/jsdom/lib/jsdom/living/events/EventTarget-impl.js:233:9)
      at HTMLUnknownElementImpl.dispatchEvent (../../node_modules/.pnpm/jsdom@20.0.3/node_modules/jsdom/lib/jsdom/living/events/EventTarget-impl.js:104:17)
      at HTMLUnknownElement.dispatchEvent (../../node_modules/.pnpm/jsdom@20.0.3/node_modules/jsdom/lib/jsdom/living/generated/EventTarget.js:241:34)
      at Object.invokeGuardedCallbackDev (../../node_modules/.pnpm/react-dom@18.3.1_react@18.3.1/node_modules/react-dom/cjs/react-dom.development.js:4213:16)
      at invokeGuardedCallback (../../node_modules/.pnpm/react-dom@18.3.1_react@18.3.1/node_modules/react-dom/cjs/react-dom.development.js:4277:31)
      at beginWork$1 (../../node_modules/.pnpm/react-dom@18.3.1_react@18.3.1/node_modules/react-dom/cjs/react-dom.development.js:27490:7)
      at performUnitOfWork (../../node_modules/.pnpm/react-dom@18.3.1_react@18.3.1/node_modules/react-dom/cjs/react-dom.development.js:26599:12)
      at workLoopSync (../../node_modules/.pnpm/react-dom@18.3.1_react@18.3.1/node_modules/react-dom/cjs/react-dom.development.js:26505:5)
      at renderRootSync (../../node_modules/.pnpm/react-dom@18.3.1_react@18.3.1/node_modules/react-dom/cjs/react-dom.development.js:26473:7)
      at performConcurrentWorkOnRoot (../../node_modules/.pnpm/react-dom@18.3.1_react@18.3.1/node_modules/react-dom/cjs/react-dom.development.js:25777:74)
      at flushActQueue (../../node_modules/.pnpm/react@18.3.1/node_modules/react/cjs/react.development.js:2667:24)
      at act (../../node_modules/.pnpm/react@18.3.1/node_modules/react/cjs/react.development.js:2582:11)
      at ../../node_modules/.pnpm/@testing-library+react@16.3.2_@testing-library+dom@10.4.1_@types+react-dom@18.3.7_@types+reac_3k5f6qynewwmkoqvlvtzlgtsjq/node_modules/@testing-library/react/dist/act-compat.js:46:25
      at renderRoot (../../node_modules/.pnpm/@testing-library+react@16.3.2_@testing-library+dom@10.4.1_@types+react-dom@18.3.7_@types+reac_3k5f6qynewwmkoqvlvtzlgtsjq/node_modules/@testing-library/react/dist/pure.js:189:26)
      at render (../../node_modules/.pnpm/@testing-library+react@16.3.2_@testing-library+dom@10.4.1_@types+react-dom@18.3.7_@types+reac_3k5f6qynewwmkoqvlvtzlgtsjq/node_modules/@testing-library/react/dist/pure.js:291:10)
      at Object.<anonymous> (components/__tests__/apps-table.test.tsx:57:11)

    console.error
      Error: Uncaught [Error: `Tooltip` must be used within `TooltipProvider`]
          at reportException (/app/node_modules/.pnpm/jsdom@20.0.3/node_modules/jsdom/lib/jsdom/living/helpers/runtime-script-errors.js:66:24)
          at innerInvokeEventListeners (/app/node_modules/.pnpm/jsdom@20.0.3/node_modules/jsdom/lib/jsdom/living/events/EventTarget-impl.js:353:9)
          at invokeEventListeners (/app/node_modules/.pnpm/jsdom@20.0.3/node_modules/jsdom/lib/jsdom/living/events/EventTarget-impl.js:286:3)
          at HTMLUnknownElementImpl._dispatch (/app/node_modules/.pnpm/jsdom@20.0.3/node_modules/jsdom/lib/jsdom/living/events/EventTarget-impl.js:233:9)
          at HTMLUnknownElementImpl.dispatchEvent (/app/node_modules/.pnpm/jsdom@20.0.3/node_modules/jsdom/lib/jsdom/living/events/EventTarget-impl.js:104:17)
          at HTMLUnknownElement.dispatchEvent (/app/node_modules/.pnpm/jsdom@20.0.3/node_modules/jsdom/lib/jsdom/living/generated/EventTarget.js:241:34)
          at Object.invokeGuardedCallbackDev (/app/node_modules/.pnpm/react-dom@18.3.1_react@18.3.1/node_modules/react-dom/cjs/react-dom.development.js:4213:16)
          at invokeGuardedCallback (/app/node_modules/.pnpm/react-dom@18.3.1_react@18.3.1/node_modules/react-dom/cjs/react-dom.development.js:4277:31)
          at beginWork$1 (/app/node_modules/.pnpm/react-dom@18.3.1_react@18.3.1/node_modules/react-dom/cjs/react-dom.development.js:27490:7)
          at performUnitOfWork (/app/node_modules/.pnpm/react-dom@18.3.1_react@18.3.1/node_modules/react-dom/cjs/react-dom.development.js:26599:12)
          at workLoopSync (/app/node_modules/.pnpm/react-dom@18.3.1_react@18.3.1/node_modules/react-dom/cjs/react-dom.development.js:26505:5)
          at renderRootSync (/app/node_modules/.pnpm/react-dom@18.3.1_react@18.3.1/node_modules/react-dom/cjs/react-dom.development.js:26473:7)
          at performConcurrentWorkOnRoot (/app/node_modules/.pnpm/react-dom@18.3.1_react@18.3.1/node_modules/react-dom/cjs/react-dom.development.js:25777:74)
          at flushActQueue (/app/node_modules/.pnpm/react@18.3.1/node_modules/react/cjs/react.development.js:2667:24)
          at act (/app/node_modules/.pnpm/react@18.3.1/node_modules/react/cjs/react.development.js:2582:11)
          at /app/node_modules/.pnpm/@testing-library+react@16.3.2_@testing-library+dom@10.4.1_@types+react-dom@18.3.7_@types+reac_3k5f6qynewwmkoqvlvtzlgtsjq/node_modules/@testing-library/react/dist/act-compat.js:46:25
          at renderRoot (/app/node_modules/.pnpm/@testing-library+react@16.3.2_@testing-library+dom@10.4.1_@types+react-dom@18.3.7_@types+reac_3k5f6qynewwmkoqvlvtzlgtsjq/node_modules/@testing-library/react/dist/pure.js:189:26)
          at render (/app/node_modules/.pnpm/@testing-library+react@16.3.2_@testing-library+dom@10.4.1_@types+react-dom@18.3.7_@types+reac_3k5f6qynewwmkoqvlvtzlgtsjq/node_modules/@testing-library/react/dist/pure.js:291:10)
          at Object.<anonymous> (/app/apps/admin/components/__tests__/apps-table.test.tsx:57:11)
          at Promise.then.completed (/app/node_modules/.pnpm/jest-circus@29.7.0/node_modules/jest-circus/build/utils.js:298:28)
          at new Promise (<anonymous>)
          at callAsyncCircusFn (/app/node_modules/.pnpm/jest-circus@29.7.0/node_modules/jest-circus/build/utils.js:231:10)
          at _callCircusTest (/app/node_modules/.pnpm/jest-circus@29.7.0/node_modules/jest-circus/build/run.js:316:40)
          at processTicksAndRejections (node:internal/process/task_queues:103:5)
          at _runTest (/app/node_modules/.pnpm/jest-circus@29.7.0/node_modules/jest-circus/build/run.js:252:3)
          at _runTestsForDescribeBlock (/app/node_modules/.pnpm/jest-circus@29.7.0/node_modules/jest-circus/build/run.js:126:9)
          at _runTestsForDescribeBlock (/app/node_modules/.pnpm/jest-circus@29.7.0/node_modules/jest-circus/build/run.js:121:9)
          at run (/app/node_modules/.pnpm/jest-circus@29.7.0/node_modules/jest-circus/build/run.js:71:3)
          at runAndTransformResultsToJestFormat (/app/node_modules/.pnpm/jest-circus@29.7.0/node_modules/jest-circus/build/legacy-code-todo-rewrite/jestAdapterInit.js:122:21)
          at jestAdapter (/app/node_modules/.pnpm/jest-circus@29.7.0/node_modules/jest-circus/build/legacy-code-todo-rewrite/jestAdapter.js:79:19)
          at runTestInternal (/app/node_modules/.pnpm/jest-runner@29.7.0/node_modules/jest-runner/build/runTest.js:367:16)
          at runTest (/app/node_modules/.pnpm/jest-runner@29.7.0/node_modules/jest-runner/build/runTest.js:444:34)
          at Object.worker (/app/node_modules/.pnpm/jest-runner@29.7.0/node_modules/jest-runner/build/testWorker.js:106:12) {
        detail: Error: `Tooltip` must be used within `TooltipProvider`
            at useContext2 (/app/node_modules/.pnpm/@radix-ui+react-context@1.1.2_@types+react@18.3.29_react@18.3.1/node_modules/@radix-ui/react-context/src/create-context.tsx:75:13)
            at Tooltip (/app/node_modules/.pnpm/@radix-ui+react-tooltip@1.2.8_@types+react-dom@18.3.7_@types+react@18.3.29__@types+react@18.3_xrwsnt2rmlacewwolijhmzdoxi/node_modules/@radix-ui/react-tooltip/src/tooltip.tsx:162:27)
            at renderWithHooks (/app/node_modules/.pnpm/react-dom@18.3.1_react@18.3.1/node_modules/react-dom/cjs/react-dom.development.js:15486:18)
            at mountIndeterminateComponent (/app/node_modules/.pnpm/react-dom@18.3.1_react@18.3.1/node_modules/react-dom/cjs/react-dom.development.js:20103:13)
            at beginWork (/app/node_modules/.pnpm/react-dom@18.3.1_react@18.3.1/node_modules/react-dom/cjs/react-dom.development.js:21626:16)
            at HTMLUnknownElement.callCallback (/app/node_modules/.pnpm/react-dom@18.3.1_react@18.3.1/node_modules/react-dom/cjs/react-dom.development.js:4164:14)
            at HTMLUnknownElement.callTheUserObjectsOperation (/app/node_modules/.pnpm/jsdom@20.0.3/node_modules/jsdom/lib/jsdom/living/generated/EventListener.js:26:30)
            at innerInvokeEventListeners (/app/node_modules/.pnpm/jsdom@20.0.3/node_modules/jsdom/lib/jsdom/living/events/EventTarget-impl.js:350:25)
            at invokeEventListeners (/app/node_modules/.pnpm/jsdom@20.0.3/node_modules/jsdom/lib/jsdom/living/events/EventTarget-impl.js:286:3)
            at HTMLUnknownElementImpl._dispatch (/app/node_modules/.pnpm/jsdom@20.0.3/node_modules/jsdom/lib/jsdom/living/events/EventTarget-impl.js:233:9)
            at HTMLUnknownElementImpl.dispatchEvent (/app/node_modules/.pnpm/jsdom@20.0.3/node_modules/jsdom/lib/jsdom/living/events/EventTarget-impl.js:104:17)
            at HTMLUnknownElement.dispatchEvent (/app/node_modules/.pnpm/jsdom@20.0.3/node_modules/jsdom/lib/jsdom/living/generated/EventTarget.js:241:34)
            at Object.invokeGuardedCallbackDev (/app/node_modules/.pnpm/react-dom@18.3.1_react@18.3.1/node_modules/react-dom/cjs/react-dom.development.js:4213:16)
            at invokeGuardedCallback (/app/node_modules/.pnpm/react-dom@18.3.1_react@18.3.1/node_modules/react-dom/cjs/react-dom.development.js:4277:31)
            at beginWork$1 (/app/node_modules/.pnpm/react-dom@18.3.1_react@18.3.1/node_modules/react-dom/cjs/react-dom.development.js:27490:7)
            at performUnitOfWork (/app/node_modules/.pnpm/react-dom@18.3.1_react@18.3.1/node_modules/react-dom/cjs/react-dom.development.js:26599:12)
            at workLoopSync (/app/node_modules/.pnpm/react-dom@18.3.1_react@18.3.1/node_modules/react-dom/cjs/react-dom.development.js:26505:5)
            at renderRootSync (/app/node_modules/.pnpm/react-dom@18.3.1_react@18.3.1/node_modules/react-dom/cjs/react-dom.development.js:26473:7)
            at performConcurrentWorkOnRoot (/app/node_modules/.pnpm/react-dom@18.3.1_react@18.3.1/node_modules/react-dom/cjs/react-dom.development.js:25777:74)
            at flushActQueue (/app/node_modules/.pnpm/react@18.3.1/node_modules/react/cjs/react.development.js:2667:24)
            at act (/app/node_modules/.pnpm/react@18.3.1/node_modules/react/cjs/react.development.js:2582:11)
            at /app/node_modules/.pnpm/@testing-library+react@16.3.2_@testing-library+dom@10.4.1_@types+react-dom@18.3.7_@types+reac_3k5f6qynewwmkoqvlvtzlgtsjq/node_modules/@testing-library/react/dist/act-compat.js:46:25
            at renderRoot (/app/node_modules/.pnpm/@testing-library+react@16.3.2_@testing-library+dom@10.4.1_@types+react-dom@18.3.7_@types+reac_3k5f6qynewwmkoqvlvtzlgtsjq/node_modules/@testing-library/react/dist/pure.js:189:26)
            at render (/app/node_modules/.pnpm/@testing-library+react@16.3.2_@testing-library+dom@10.4.1_@types+react-dom@18.3.7_@types+reac_3k5f6qynewwmkoqvlvtzlgtsjq/node_modules/@testing-library/react/dist/pure.js:291:10)
            at Object.<anonymous> (/app/apps/admin/components/__tests__/apps-table.test.tsx:57:11)
            at Promise.then.completed (/app/node_modules/.pnpm/jest-circus@29.7.0/node_modules/jest-circus/build/utils.js:298:28)
            at new Promise (<anonymous>)
            at callAsyncCircusFn (/app/node_modules/.pnpm/jest-circus@29.7.0/node_modules/jest-circus/build/utils.js:231:10)
            at _callCircusTest (/app/node_modules/.pnpm/jest-circus@29.7.0/node_modules/jest-circus/build/run.js:316:40)
            at processTicksAndRejections (node:internal/process/task_queues:103:5)
            at _runTest (/app/node_modules/.pnpm/jest-circus@29.7.0/node_modules/jest-circus/build/run.js:252:3)
            at _runTestsForDescribeBlock (/app/node_modules/.pnpm/jest-circus@29.7.0/node_modules/jest-circus/build/run.js:126:9)
            at _runTestsForDescribeBlock (/app/node_modules/.pnpm/jest-circus@29.7.0/node_modules/jest-circus/build/run.js:121:9)
            at run (/app/node_modules/.pnpm/jest-circus@29.7.0/node_modules/jest-circus/build/run.js:71:3)
            at runAndTransformResultsToJestFormat (/app/node_modules/.pnpm/jest-circus@29.7.0/node_modules/jest-circus/build/legacy-code-todo-rewrite/jestAdapterInit.js:122:21)
            at jestAdapter (/app/node_modules/.pnpm/jest-circus@29.7.0/node_modules/jest-circus/build/legacy-code-todo-rewrite/jestAdapter.js:79:19)
            at runTestInternal (/app/node_modules/.pnpm/jest-runner@29.7.0/node_modules/jest-runner/build/runTest.js:367:16)
            at runTest (/app/node_modules/.pnpm/jest-runner@29.7.0/node_modules/jest-runner/build/runTest.js:444:34)
            at Object.worker (/app/node_modules/.pnpm/jest-runner@29.7.0/node_modules/jest-runner/build/testWorker.js:106:12),
        type: 'unhandled exception'
      }

      55 |
      56 |   it('renders rows from initial data', () => {
    > 57 |     render(withIntl(<AppsTable initial={initial} />))
         |           ^
      58 |     expect(screen.getByText('Customer Portal')).toBeInTheDocument()
      59 |     expect(screen.getByText('SassyAuth')).toBeInTheDocument()
      60 |   })

      at VirtualConsole.<anonymous> (../../node_modules/.pnpm/jest-environment-jsdom@29.7.0/node_modules/jest-environment-jsdom/build/index.js:63:23)
      at reportException (../../node_modules/.pnpm/jsdom@20.0.3/node_modules/jsdom/lib/jsdom/living/helpers/runtime-script-errors.js:70:28)
      at innerInvokeEventListeners (../../node_modules/.pnpm/jsdom@20.0.3/node_modules/jsdom/lib/jsdom/living/events/EventTarget-impl.js:353:9)
      at invokeEventListeners (../../node_modules/.pnpm/jsdom@20.0.3/node_modules/jsdom/lib/jsdom/living/events/EventTarget-impl.js:286:3)
      at HTMLUnknownElementImpl._dispatch (../../node_modules/.pnpm/jsdom@20.0.3/node_modules/jsdom/lib/jsdom/living/events/EventTarget-impl.js:233:9)
      at HTMLUnknownElementImpl.dispatchEvent (../../node_modules/.pnpm/jsdom@20.0.3/node_modules/jsdom/lib/jsdom/living/events/EventTarget-impl.js:104:17)
      at HTMLUnknownElement.dispatchEvent (../../node_modules/.pnpm/jsdom@20.0.3/node_modules/jsdom/lib/jsdom/living/generated/EventTarget.js:241:34)
      at Object.invokeGuardedCallbackDev (../../node_modules/.pnpm/react-dom@18.3.1_react@18.3.1/node_modules/react-dom/cjs/react-dom.development.js:4213:16)
      at invokeGuardedCallback (../../node_modules/.pnpm/react-dom@18.3.1_react@18.3.1/node_modules/react-dom/cjs/react-dom.development.js:4277:31)
      at beginWork$1 (../../node_modules/.pnpm/react-dom@18.3.1_react@18.3.1/node_modules/react-dom/cjs/react-dom.development.js:27490:7)
      at performUnitOfWork (../../node_modules/.pnpm/react-dom@18.3.1_react@18.3.1/node_modules/react-dom/cjs/react-dom.development.js:26599:12)
      at workLoopSync (../../node_modules/.pnpm/react-dom@18.3.1_react@18.3.1/node_modules/react-dom/cjs/react-dom.development.js:26505:5)
      at renderRootSync (../../node_modules/.pnpm/react-dom@18.3.1_react@18.3.1/node_modules/react-dom/cjs/react-dom.development.js:26473:7)
      at performConcurrentWorkOnRoot (../../node_modules/.pnpm/react-dom@18.3.1_react@18.3.1/node_modules/react-dom/cjs/react-dom.development.js:25777:74)
      at flushActQueue (../../node_modules/.pnpm/react@18.3.1/node_modules/react/cjs/react.development.js:2667:24)
      at act (../../node_modules/.pnpm/react@18.3.1/node_modules/react/cjs/react.development.js:2582:11)
      at ../../node_modules/.pnpm/@testing-library+react@16.3.2_@testing-library+dom@10.4.1_@types+react-dom@18.3.7_@types+reac_3k5f6qynewwmkoqvlvtzlgtsjq/node_modules/@testing-library/react/dist/act-compat.js:46:25
      at renderRoot (../../node_modules/.pnpm/@testing-library+react@16.3.2_@testing-library+dom@10.4.1_@types+react-dom@18.3.7_@types+reac_3k5f6qynewwmkoqvlvtzlgtsjq/node_modules/@testing-library/react/dist/pure.js:189:26)
      at render (../../node_modules/.pnpm/@testing-library+react@16.3.2_@testing-library+dom@10.4.1_@types+react-dom@18.3.7_@types+reac_3k5f6qynewwmkoqvlvtzlgtsjq/node_modules/@testing-library/react/dist/pure.js:291:10)
      at Object.<anonymous> (components/__tests__/apps-table.test.tsx:57:11)

    console.error
      Error: Uncaught [Error: `Tooltip` must be used within `TooltipProvider`]
          at reportException (/app/node_modules/.pnpm/jsdom@20.0.3/node_modules/jsdom/lib/jsdom/living/helpers/runtime-script-errors.js:66:24)
          at innerInvokeEventListeners (/app/node_modules/.pnpm/jsdom@20.0.3/node_modules/jsdom/lib/jsdom/living/events/EventTarget-impl.js:353:9)
          at invokeEventListeners (/app/node_modules/.pnpm/jsdom@20.0.3/node_modules/jsdom/lib/jsdom/living/events/EventTarget-impl.js:286:3)
          at HTMLUnknownElementImpl._dispatch (/app/node_modules/.pnpm/jsdom@20.0.3/node_modules/jsdom/lib/jsdom/living/events/EventTarget-impl.js:233:9)
          at HTMLUnknownElementImpl.dispatchEvent (/app/node_modules/.pnpm/jsdom@20.0.3/node_modules/jsdom/lib/jsdom/living/events/EventTarget-impl.js:104:17)
          at HTMLUnknownElement.dispatchEvent (/app/node_modules/.pnpm/jsdom@20.0.3/node_modules/jsdom/lib/jsdom/living/generated/EventTarget.js:241:34)
          at Object.invokeGuardedCallbackDev (/app/node_modules/.pnpm/react-dom@18.3.1_react@18.3.1/node_modules/react-dom/cjs/react-dom.development.js:4213:16)
          at invokeGuardedCallback (/app/node_modules/.pnpm/react-dom@18.3.1_react@18.3.1/node_modules/react-dom/cjs/react-dom.development.js:4277:31)
          at beginWork$1 (/app/node_modules/.pnpm/react-dom@18.3.1_react@18.3.1/node_modules/react-dom/cjs/react-dom.development.js:27490:7)
          at performUnitOfWork (/app/node_modules/.pnpm/react-dom@18.3.1_react@18.3.1/node_modules/react-dom/cjs/react-dom.development.js:26599:12)
          at workLoopSync (/app/node_modules/.pnpm/react-dom@18.3.1_react@18.3.1/node_modules/react-dom/cjs/react-dom.development.js:26505:5)
          at renderRootSync (/app/node_modules/.pnpm/react-dom@18.3.1_react@18.3.1/node_modules/react-dom/cjs/react-dom.development.js:26473:7)
          at performConcurrentWorkOnRoot (/app/node_modules/.pnpm/react-dom@18.3.1_react@18.3.1/node_modules/react-dom/cjs/react-dom.development.js:25777:74)
          at flushActQueue (/app/node_modules/.pnpm/react@18.3.1/node_modules/react/cjs/react.development.js:2667:24)
          at act (/app/node_modules/.pnpm/react@18.3.1/node_modules/react/cjs/react.development.js:2582:11)
          at /app/node_modules/.pnpm/@testing-library+react@16.3.2_@testing-library+dom@10.4.1_@types+react-dom@18.3.7_@types+reac_3k5f6qynewwmkoqvlvtzlgtsjq/node_modules/@testing-library/react/dist/act-compat.js:46:25
          at renderRoot (/app/node_modules/.pnpm/@testing-library+react@16.3.2_@testing-library+dom@10.4.1_@types+react-dom@18.3.7_@types+reac_3k5f6qynewwmkoqvlvtzlgtsjq/node_modules/@testing-library/react/dist/pure.js:189:26)
          at render (/app/node_modules/.pnpm/@testing-library+react@16.3.2_@testing-library+dom@10.4.1_@types+react-dom@18.3.7_@types+reac_3k5f6qynewwmkoqvlvtzlgtsjq/node_modules/@testing-library/react/dist/pure.js:291:10)
          at Object.<anonymous> (/app/apps/admin/components/__tests__/apps-table.test.tsx:57:11)
          at Promise.then.completed (/app/node_modules/.pnpm/jest-circus@29.7.0/node_modules/jest-circus/build/utils.js:298:28)
          at new Promise (<anonymous>)
          at callAsyncCircusFn (/app/node_modules/.pnpm/jest-circus@29.7.0/node_modules/jest-circus/build/utils.js:231:10)
          at _callCircusTest (/app/node_modules/.pnpm/jest-circus@29.7.0/node_modules/jest-circus/build/run.js:316:40)
          at processTicksAndRejections (node:internal/process/task_queues:103:5)
          at _runTest (/app/node_modules/.pnpm/jest-circus@29.7.0/node_modules/jest-circus/build/run.js:252:3)
          at _runTestsForDescribeBlock (/app/node_modules/.pnpm/jest-circus@29.7.0/node_modules/jest-circus/build/run.js:126:9)
          at _runTestsForDescribeBlock (/app/node_modules/.pnpm/jest-circus@29.7.0/node_modules/jest-circus/build/run.js:121:9)
          at run (/app/node_modules/.pnpm/jest-circus@29.7.0/node_modules/jest-circus/build/run.js:71:3)
          at runAndTransformResultsToJestFormat (/app/node_modules/.pnpm/jest-circus@29.7.0/node_modules/jest-circus/build/legacy-code-todo-rewrite/jestAdapterInit.js:122:21)
          at jestAdapter (/app/node_modules/.pnpm/jest-circus@29.7.0/node_modules/jest-circus/build/legacy-code-todo-rewrite/jestAdapter.js:79:19)
          at runTestInternal (/app/node_modules/.pnpm/jest-runner@29.7.0/node_modules/jest-runner/build/runTest.js:367:16)
          at runTest (/app/node_modules/.pnpm/jest-runner@29.7.0/node_modules/jest-runner/build/runTest.js:444:34)
          at Object.worker (/app/node_modules/.pnpm/jest-runner@29.7.0/node_modules/jest-runner/build/testWorker.js:106:12) {
        detail: Error: `Tooltip` must be used within `TooltipProvider`
            at useContext2 (/app/node_modules/.pnpm/@radix-ui+react-context@1.1.2_@types+react@18.3.29_react@18.3.1/node_modules/@radix-ui/react-context/src/create-context.tsx:75:13)
            at Tooltip (/app/node_modules/.pnpm/@radix-ui+react-tooltip@1.2.8_@types+react-dom@18.3.7_@types+react@18.3.29__@types+react@18.3_xrwsnt2rmlacewwolijhmzdoxi/node_modules/@radix-ui/react-tooltip/src/tooltip.tsx:162:27)
            at renderWithHooks (/app/node_modules/.pnpm/react-dom@18.3.1_react@18.3.1/node_modules/react-dom/cjs/react-dom.development.js:15486:18)
            at mountIndeterminateComponent (/app/node_modules/.pnpm/react-dom@18.3.1_react@18.3.1/node_modules/react-dom/cjs/react-dom.development.js:20103:13)
            at beginWork (/app/node_modules/.pnpm/react-dom@18.3.1_react@18.3.1/node_modules/react-dom/cjs/react-dom.development.js:21626:16)
            at HTMLUnknownElement.callCallback (/app/node_modules/.pnpm/react-dom@18.3.1_react@18.3.1/node_modules/react-dom/cjs/react-dom.development.js:4164:14)
            at HTMLUnknownElement.callTheUserObjectsOperation (/app/node_modules/.pnpm/jsdom@20.0.3/node_modules/jsdom/lib/jsdom/living/generated/EventListener.js:26:30)
            at innerInvokeEventListeners (/app/node_modules/.pnpm/jsdom@20.0.3/node_modules/jsdom/lib/jsdom/living/events/EventTarget-impl.js:350:25)
            at invokeEventListeners (/app/node_modules/.pnpm/jsdom@20.0.3/node_modules/jsdom/lib/jsdom/living/events/EventTarget-impl.js:286:3)
            at HTMLUnknownElementImpl._dispatch (/app/node_modules/.pnpm/jsdom@20.0.3/node_modules/jsdom/lib/jsdom/living/events/EventTarget-impl.js:233:9)
            at HTMLUnknownElementImpl.dispatchEvent (/app/node_modules/.pnpm/jsdom@20.0.3/node_modules/jsdom/lib/jsdom/living/events/EventTarget-impl.js:104:17)
            at HTMLUnknownElement.dispatchEvent (/app/node_modules/.pnpm/jsdom@20.0.3/node_modules/jsdom/lib/jsdom/living/generated/EventTarget.js:241:34)
            at Object.invokeGuardedCallbackDev (/app/node_modules/.pnpm/react-dom@18.3.1_react@18.3.1/node_modules/react-dom/cjs/react-dom.development.js:4213:16)
            at invokeGuardedCallback (/app/node_modules/.pnpm/react-dom@18.3.1_react@18.3.1/node_modules/react-dom/cjs/react-dom.development.js:4277:31)
            at beginWork$1 (/app/node_modules/.pnpm/react-dom@18.3.1_react@18.3.1/node_modules/react-dom/cjs/react-dom.development.js:27490:7)
            at performUnitOfWork (/app/node_modules/.pnpm/react-dom@18.3.1_react@18.3.1/node_modules/react-dom/cjs/react-dom.development.js:26599:12)
            at workLoopSync (/app/node_modules/.pnpm/react-dom@18.3.1_react@18.3.1/node_modules/react-dom/cjs/react-dom.development.js:26505:5)
            at renderRootSync (/app/node_modules/.pnpm/react-dom@18.3.1_react@18.3.1/node_modules/react-dom/cjs/react-dom.development.js:26473:7)
            at performConcurrentWorkOnRoot (/app/node_modules/.pnpm/react-dom@18.3.1_react@18.3.1/node_modules/react-dom/cjs/react-dom.development.js:25777:74)
            at flushActQueue (/app/node_modules/.pnpm/react@18.3.1/node_modules/react/cjs/react.development.js:2667:24)
            at act (/app/node_modules/.pnpm/react@18.3.1/node_modules/react/cjs/react.development.js:2582:11)
            at /app/node_modules/.pnpm/@testing-library+react@16.3.2_@testing-library+dom@10.4.1_@types+react-dom@18.3.7_@types+reac_3k5f6qynewwmkoqvlvtzlgtsjq/node_modules/@testing-library/react/dist/act-compat.js:46:25
            at renderRoot (/app/node_modules/.pnpm/@testing-library+react@16.3.2_@testing-library+dom@10.4.1_@types+react-dom@18.3.7_@types+reac_3k5f6qynewwmkoqvlvtzlgtsjq/node_modules/@testing-library/react/dist/pure.js:189:26)
            at render (/app/node_modules/.pnpm/@testing-library+react@16.3.2_@testing-library+dom@10.4.1_@types+react-dom@18.3.7_@types+reac_3k5f6qynewwmkoqvlvtzlgtsjq/node_modules/@testing-library/react/dist/pure.js:291:10)
            at Object.<anonymous> (/app/apps/admin/components/__tests__/apps-table.test.tsx:57:11)
            at Promise.then.completed (/app/node_modules/.pnpm/jest-circus@29.7.0/node_modules/jest-circus/build/utils.js:298:28)
            at new Promise (<anonymous>)
            at callAsyncCircusFn (/app/node_modules/.pnpm/jest-circus@29.7.0/node_modules/jest-circus/build/utils.js:231:10)
            at _callCircusTest (/app/node_modules/.pnpm/jest-circus@29.7.0/node_modules/jest-circus/build/run.js:316:40)
            at processTicksAndRejections (node:internal/process/task_queues:103:5)
            at _runTest (/app/node_modules/.pnpm/jest-circus@29.7.0/node_modules/jest-circus/build/run.js:252:3)
            at _runTestsForDescribeBlock (/app/node_modules/.pnpm/jest-circus@29.7.0/node_modules/jest-circus/build/run.js:126:9)
            at _runTestsForDescribeBlock (/app/node_modules/.pnpm/jest-circus@29.7.0/node_modules/jest-circus/build/run.js:121:9)
            at run (/app/node_modules/.pnpm/jest-circus@29.7.0/node_modules/jest-circus/build/run.js:71:3)
            at runAndTransformResultsToJestFormat (/app/node_modules/.pnpm/jest-circus@29.7.0/node_modules/jest-circus/build/legacy-code-todo-rewrite/jestAdapterInit.js:122:21)
            at jestAdapter (/app/node_modules/.pnpm/jest-circus@29.7.0/node_modules/jest-circus/build/legacy-code-todo-rewrite/jestAdapter.js:79:19)
            at runTestInternal (/app/node_modules/.pnpm/jest-runner@29.7.0/node_modules/jest-runner/build/runTest.js:367:16)
            at runTest (/app/node_modules/.pnpm/jest-runner@29.7.0/node_modules/jest-runner/build/runTest.js:444:34)
            at Object.worker (/app/node_modules/.pnpm/jest-runner@29.7.0/node_modules/jest-runner/build/testWorker.js:106:12),
        type: 'unhandled exception'
      }

      55 |
      56 |   it('renders rows from initial data', () => {
    > 57 |     render(withIntl(<AppsTable initial={initial} />))
         |           ^
      58 |     expect(screen.getByText('Customer Portal')).toBeInTheDocument()
      59 |     expect(screen.getByText('SassyAuth')).toBeInTheDocument()
      60 |   })

      at VirtualConsole.<anonymous> (../../node_modules/.pnpm/jest-environment-jsdom@29.7.0/node_modules/jest-environment-jsdom/build/index.js:63:23)
      at reportException (../../node_modules/.pnpm/jsdom@20.0.3/node_modules/jsdom/lib/jsdom/living/helpers/runtime-script-errors.js:70:28)
      at innerInvokeEventListeners (../../node_modules/.pnpm/jsdom@20.0.3/node_modules/jsdom/lib/jsdom/living/events/EventTarget-impl.js:353:9)
      at invokeEventListeners (../../node_modules/.pnpm/jsdom@20.0.3/node_modules/jsdom/lib/jsdom/living/events/EventTarget-impl.js:286:3)
      at HTMLUnknownElementImpl._dispatch (../../node_modules/.pnpm/jsdom@20.0.3/node_modules/jsdom/lib/jsdom/living/events/EventTarget-impl.js:233:9)
      at HTMLUnknownElementImpl.dispatchEvent (../../node_modules/.pnpm/jsdom@20.0.3/node_modules/jsdom/lib/jsdom/living/events/EventTarget-impl.js:104:17)
      at HTMLUnknownElement.dispatchEvent (../../node_modules/.pnpm/jsdom@20.0.3/node_modules/jsdom/lib/jsdom/living/generated/EventTarget.js:241:34)
      at Object.invokeGuardedCallbackDev (../../node_modules/.pnpm/react-dom@18.3.1_react@18.3.1/node_modules/react-dom/cjs/react-dom.development.js:4213:16)
      at invokeGuardedCallback (../../node_modules/.pnpm/react-dom@18.3.1_react@18.3.1/node_modules/react-dom/cjs/react-dom.development.js:4277:31)
      at beginWork$1 (../../node_modules/.pnpm/react-dom@18.3.1_react@18.3.1/node_modules/react-dom/cjs/react-dom.development.js:27490:7)
      at performUnitOfWork (../../node_modules/.pnpm/react-dom@18.3.1_react@18.3.1/node_modules/react-dom/cjs/react-dom.development.js:26599:12)
      at workLoopSync (../../node_modules/.pnpm/react-dom@18.3.1_react@18.3.1/node_modules/react-dom/cjs/react-dom.development.js:26505:5)
      at renderRootSync (../../node_modules/.pnpm/react-dom@18.3.1_react@18.3.1/node_modules/react-dom/cjs/react-dom.development.js:26473:7)
      at performConcurrentWorkOnRoot (../../node_modules/.pnpm/react-dom@18.3.1_react@18.3.1/node_modules/react-dom/cjs/react-dom.development.js:25777:74)
      at flushActQueue (../../node_modules/.pnpm/react@18.3.1/node_modules/react/cjs/react.development.js:2667:24)
      at act (../../node_modules/.pnpm/react@18.3.1/node_modules/react/cjs/react.development.js:2582:11)
      at ../../node_modules/.pnpm/@testing-library+react@16.3.2_@testing-library+dom@10.4.1_@types+react-dom@18.3.7_@types+reac_3k5f6qynewwmkoqvlvtzlgtsjq/node_modules/@testing-library/react/dist/act-compat.js:46:25
      at renderRoot (../../node_modules/.pnpm/@testing-library+react@16.3.2_@testing-library+dom@10.4.1_@types+react-dom@18.3.7_@types+reac_3k5f6qynewwmkoqvlvtzlgtsjq/node_modules/@testing-library/react/dist/pure.js:189:26)
      at render (../../node_modules/.pnpm/@testing-library+react@16.3.2_@testing-library+dom@10.4.1_@types+react-dom@18.3.7_@types+reac_3k5f6qynewwmkoqvlvtzlgtsjq/node_modules/@testing-library/react/dist/pure.js:291:10)
      at Object.<anonymous> (components/__tests__/apps-table.test.tsx:57:11)

    console.error
      Error: Uncaught [Error: `Tooltip` must be used within `TooltipProvider`]
          at reportException (/app/node_modules/.pnpm/jsdom@20.0.3/node_modules/jsdom/lib/jsdom/living/helpers/runtime-script-errors.js:66:24)
          at innerInvokeEventListeners (/app/node_modules/.pnpm/jsdom@20.0.3/node_modules/jsdom/lib/jsdom/living/events/EventTarget-impl.js:353:9)
          at invokeEventListeners (/app/node_modules/.pnpm/jsdom@20.0.3/node_modules/jsdom/lib/jsdom/living/events/EventTarget-impl.js:286:3)
          at HTMLUnknownElementImpl._dispatch (/app/node_modules/.pnpm/jsdom@20.0.3/node_modules/jsdom/lib/jsdom/living/events/EventTarget-impl.js:233:9)
          at HTMLUnknownElementImpl.dispatchEvent (/app/node_modules/.pnpm/jsdom@20.0.3/node_modules/jsdom/lib/jsdom/living/events/EventTarget-impl.js:104:17)
          at HTMLUnknownElement.dispatchEvent (/app/node_modules/.pnpm/jsdom@20.0.3/node_modules/jsdom/lib/jsdom/living/generated/EventTarget.js:241:34)
          at Object.invokeGuardedCallbackDev (/app/node_modules/.pnpm/react-dom@18.3.1_react@18.3.1/node_modules/react-dom/cjs/react-dom.development.js:4213:16)
          at invokeGuardedCallback (/app/node_modules/.pnpm/react-dom@18.3.1_react@18.3.1/node_modules/react-dom/cjs/react-dom.development.js:4277:31)
          at beginWork$1 (/app/node_modules/.pnpm/react-dom@18.3.1_react@18.3.1/node_modules/react-dom/cjs/react-dom.development.js:27490:7)
          at performUnitOfWork (/app/node_modules/.pnpm/react-dom@18.3.1_react@18.3.1/node_modules/react-dom/cjs/react-dom.development.js:26599:12)
          at workLoopSync (/app/node_modules/.pnpm/react-dom@18.3.1_react@18.3.1/node_modules/react-dom/cjs/react-dom.development.js:26505:5)
          at renderRootSync (/app/node_modules/.pnpm/react-dom@18.3.1_react@18.3.1/node_modules/react-dom/cjs/react-dom.development.js:26473:7)
          at performConcurrentWorkOnRoot (/app/node_modules/.pnpm/react-dom@18.3.1_react@18.3.1/node_modules/react-dom/cjs/react-dom.development.js:25777:74)
          at flushActQueue (/app/node_modules/.pnpm/react@18.3.1/node_modules/react/cjs/react.development.js:2667:24)
          at act (/app/node_modules/.pnpm/react@18.3.1/node_modules/react/cjs/react.development.js:2582:11)
          at /app/node_modules/.pnpm/@testing-library+react@16.3.2_@testing-library+dom@10.4.1_@types+react-dom@18.3.7_@types+reac_3k5f6qynewwmkoqvlvtzlgtsjq/node_modules/@testing-library/react/dist/act-compat.js:46:25
          at renderRoot (/app/node_modules/.pnpm/@testing-library+react@16.3.2_@testing-library+dom@10.4.1_@types+react-dom@18.3.7_@types+reac_3k5f6qynewwmkoqvlvtzlgtsjq/node_modules/@testing-library/react/dist/pure.js:189:26)
          at render (/app/node_modules/.pnpm/@testing-library+react@16.3.2_@testing-library+dom@10.4.1_@types+react-dom@18.3.7_@types+reac_3k5f6qynewwmkoqvlvtzlgtsjq/node_modules/@testing-library/react/dist/pure.js:291:10)
          at Object.<anonymous> (/app/apps/admin/components/__tests__/apps-table.test.tsx:57:11)
          at Promise.then.completed (/app/node_modules/.pnpm/jest-circus@29.7.0/node_modules/jest-circus/build/utils.js:298:28)
          at new Promise (<anonymous>)
          at callAsyncCircusFn (/app/node_modules/.pnpm/jest-circus@29.7.0/node_modules/jest-circus/build/utils.js:231:10)
          at _callCircusTest (/app/node_modules/.pnpm/jest-circus@29.7.0/node_modules/jest-circus/build/run.js:316:40)
          at processTicksAndRejections (node:internal/process/task_queues:103:5)
          at _runTest (/app/node_modules/.pnpm/jest-circus@29.7.0/node_modules/jest-circus/build/run.js:252:3)
          at _runTestsForDescribeBlock (/app/node_modules/.pnpm/jest-circus@29.7.0/node_modules/jest-circus/build/run.js:126:9)
          at _runTestsForDescribeBlock (/app/node_modules/.pnpm/jest-circus@29.7.0/node_modules/jest-circus/build/run.js:121:9)
          at run (/app/node_modules/.pnpm/jest-circus@29.7.0/node_modules/jest-circus/build/run.js:71:3)
          at runAndTransformResultsToJestFormat (/app/node_modules/.pnpm/jest-circus@29.7.0/node_modules/jest-circus/build/legacy-code-todo-rewrite/jestAdapterInit.js:122:21)
          at jestAdapter (/app/node_modules/.pnpm/jest-circus@29.7.0/node_modules/jest-circus/build/legacy-code-todo-rewrite/jestAdapter.js:79:19)
          at runTestInternal (/app/node_modules/.pnpm/jest-runner@29.7.0/node_modules/jest-runner/build/runTest.js:367:16)
          at runTest (/app/node_modules/.pnpm/jest-runner@29.7.0/node_modules/jest-runner/build/runTest.js:444:34)
          at Object.worker (/app/node_modules/.pnpm/jest-runner@29.7.0/node_modules/jest-runner/build/testWorker.js:106:12) {
        detail: Error: `Tooltip` must be used within `TooltipProvider`
            at useContext2 (/app/node_modules/.pnpm/@radix-ui+react-context@1.1.2_@types+react@18.3.29_react@18.3.1/node_modules/@radix-ui/react-context/src/create-context.tsx:75:13)
            at Tooltip (/app/node_modules/.pnpm/@radix-ui+react-tooltip@1.2.8_@types+react-dom@18.3.7_@types+react@18.3.29__@types+react@18.3_xrwsnt2rmlacewwolijhmzdoxi/node_modules/@radix-ui/react-tooltip/src/tooltip.tsx:162:27)
            at renderWithHooks (/app/node_modules/.pnpm/react-dom@18.3.1_react@18.3.1/node_modules/react-dom/cjs/react-dom.development.js:15486:18)
            at mountIndeterminateComponent (/app/node_modules/.pnpm/react-dom@18.3.1_react@18.3.1/node_modules/react-dom/cjs/react-dom.development.js:20103:13)
            at beginWork (/app/node_modules/.pnpm/react-dom@18.3.1_react@18.3.1/node_modules/react-dom/cjs/react-dom.development.js:21626:16)
            at HTMLUnknownElement.callCallback (/app/node_modules/.pnpm/react-dom@18.3.1_react@18.3.1/node_modules/react-dom/cjs/react-dom.development.js:4164:14)
            at HTMLUnknownElement.callTheUserObjectsOperation (/app/node_modules/.pnpm/jsdom@20.0.3/node_modules/jsdom/lib/jsdom/living/generated/EventListener.js:26:30)
            at innerInvokeEventListeners (/app/node_modules/.pnpm/jsdom@20.0.3/node_modules/jsdom/lib/jsdom/living/events/EventTarget-impl.js:350:25)
            at invokeEventListeners (/app/node_modules/.pnpm/jsdom@20.0.3/node_modules/jsdom/lib/jsdom/living/events/EventTarget-impl.js:286:3)
            at HTMLUnknownElementImpl._dispatch (/app/node_modules/.pnpm/jsdom@20.0.3/node_modules/jsdom/lib/jsdom/living/events/EventTarget-impl.js:233:9)
            at HTMLUnknownElementImpl.dispatchEvent (/app/node_modules/.pnpm/jsdom@20.0.3/node_modules/jsdom/lib/jsdom/living/events/EventTarget-impl.js:104:17)
            at HTMLUnknownElement.dispatchEvent (/app/node_modules/.pnpm/jsdom@20.0.3/node_modules/jsdom/lib/jsdom/living/generated/EventTarget.js:241:34)
            at Object.invokeGuardedCallbackDev (/app/node_modules/.pnpm/react-dom@18.3.1_react@18.3.1/node_modules/react-dom/cjs/react-dom.development.js:4213:16)
            at invokeGuardedCallback (/app/node_modules/.pnpm/react-dom@18.3.1_react@18.3.1/node_modules/react-dom/cjs/react-dom.development.js:4277:31)
            at beginWork$1 (/app/node_modules/.pnpm/react-dom@18.3.1_react@18.3.1/node_modules/react-dom/cjs/react-dom.development.js:27490:7)
            at performUnitOfWork (/app/node_modules/.pnpm/react-dom@18.3.1_react@18.3.1/node_modules/react-dom/cjs/react-dom.development.js:26599:12)
            at workLoopSync (/app/node_modules/.pnpm/react-dom@18.3.1_react@18.3.1/node_modules/react-dom/cjs/react-dom.development.js:26505:5)
            at renderRootSync (/app/node_modules/.pnpm/react-dom@18.3.1_react@18.3.1/node_modules/react-dom/cjs/react-dom.development.js:26473:7)
            at performConcurrentWorkOnRoot (/app/node_modules/.pnpm/react-dom@18.3.1_react@18.3.1/node_modules/react-dom/cjs/react-dom.development.js:25777:74)
            at flushActQueue (/app/node_modules/.pnpm/react@18.3.1/node_modules/react/cjs/react.development.js:2667:24)
            at act (/app/node_modules/.pnpm/react@18.3.1/node_modules/react/cjs/react.development.js:2582:11)
            at /app/node_modules/.pnpm/@testing-library+react@16.3.2_@testing-library+dom@10.4.1_@types+react-dom@18.3.7_@types+reac_3k5f6qynewwmkoqvlvtzlgtsjq/node_modules/@testing-library/react/dist/act-compat.js:46:25
            at renderRoot (/app/node_modules/.pnpm/@testing-library+react@16.3.2_@testing-library+dom@10.4.1_@types+react-dom@18.3.7_@types+reac_3k5f6qynewwmkoqvlvtzlgtsjq/node_modules/@testing-library/react/dist/pure.js:189:26)
            at render (/app/node_modules/.pnpm/@testing-library+react@16.3.2_@testing-library+dom@10.4.1_@types+react-dom@18.3.7_@types+reac_3k5f6qynewwmkoqvlvtzlgtsjq/node_modules/@testing-library/react/dist/pure.js:291:10)
            at Object.<anonymous> (/app/apps/admin/components/__tests__/apps-table.test.tsx:57:11)
            at Promise.then.completed (/app/node_modules/.pnpm/jest-circus@29.7.0/node_modules/jest-circus/build/utils.js:298:28)
            at new Promise (<anonymous>)
            at callAsyncCircusFn (/app/node_modules/.pnpm/jest-circus@29.7.0/node_modules/jest-circus/build/utils.js:231:10)
            at _callCircusTest (/app/node_modules/.pnpm/jest-circus@29.7.0/node_modules/jest-circus/build/run.js:316:40)
            at processTicksAndRejections (node:internal/process/task_queues:103:5)
            at _runTest (/app/node_modules/.pnpm/jest-circus@29.7.0/node_modules/jest-circus/build/run.js:252:3)
            at _runTestsForDescribeBlock (/app/node_modules/.pnpm/jest-circus@29.7.0/node_modules/jest-circus/build/run.js:126:9)
            at _runTestsForDescribeBlock (/app/node_modules/.pnpm/jest-circus@29.7.0/node_modules/jest-circus/build/run.js:121:9)
            at run (/app/node_modules/.pnpm/jest-circus@29.7.0/node_modules/jest-circus/build/run.js:71:3)
            at runAndTransformResultsToJestFormat (/app/node_modules/.pnpm/jest-circus@29.7.0/node_modules/jest-circus/build/legacy-code-todo-rewrite/jestAdapterInit.js:122:21)
            at jestAdapter (/app/node_modules/.pnpm/jest-circus@29.7.0/node_modules/jest-circus/build/legacy-code-todo-rewrite/jestAdapter.js:79:19)
            at runTestInternal (/app/node_modules/.pnpm/jest-runner@29.7.0/node_modules/jest-runner/build/runTest.js:367:16)
            at runTest (/app/node_modules/.pnpm/jest-runner@29.7.0/node_modules/jest-runner/build/runTest.js:444:34)
            at Object.worker (/app/node_modules/.pnpm/jest-runner@29.7.0/node_modules/jest-runner/build/testWorker.js:106:12),
        type: 'unhandled exception'
      }

      55 |
      56 |   it('renders rows from initial data', () => {
    > 57 |     render(withIntl(<AppsTable initial={initial} />))
         |           ^
      58 |     expect(screen.getByText('Customer Portal')).toBeInTheDocument()
      59 |     expect(screen.getByText('SassyAuth')).toBeInTheDocument()
      60 |   })

      at VirtualConsole.<anonymous> (../../node_modules/.pnpm/jest-environment-jsdom@29.7.0/node_modules/jest-environment-jsdom/build/index.js:63:23)
      at reportException (../../node_modules/.pnpm/jsdom@20.0.3/node_modules/jsdom/lib/jsdom/living/helpers/runtime-script-errors.js:70:28)
      at innerInvokeEventListeners (../../node_modules/.pnpm/jsdom@20.0.3/node_modules/jsdom/lib/jsdom/living/events/EventTarget-impl.js:353:9)
      at invokeEventListeners (../../node_modules/.pnpm/jsdom@20.0.3/node_modules/jsdom/lib/jsdom/living/events/EventTarget-impl.js:286:3)
      at HTMLUnknownElementImpl._dispatch (../../node_modules/.pnpm/jsdom@20.0.3/node_modules/jsdom/lib/jsdom/living/events/EventTarget-impl.js:233:9)
      at HTMLUnknownElementImpl.dispatchEvent (../../node_modules/.pnpm/jsdom@20.0.3/node_modules/jsdom/lib/jsdom/living/events/EventTarget-impl.js:104:17)
      at HTMLUnknownElement.dispatchEvent (../../node_modules/.pnpm/jsdom@20.0.3/node_modules/jsdom/lib/jsdom/living/generated/EventTarget.js:241:34)
      at Object.invokeGuardedCallbackDev (../../node_modules/.pnpm/react-dom@18.3.1_react@18.3.1/node_modules/react-dom/cjs/react-dom.development.js:4213:16)
      at invokeGuardedCallback (../../node_modules/.pnpm/react-dom@18.3.1_react@18.3.1/node_modules/react-dom/cjs/react-dom.development.js:4277:31)
      at beginWork$1 (../../node_modules/.pnpm/react-dom@18.3.1_react@18.3.1/node_modules/react-dom/cjs/react-dom.development.js:27490:7)
      at performUnitOfWork (../../node_modules/.pnpm/react-dom@18.3.1_react@18.3.1/node_modules/react-dom/cjs/react-dom.development.js:26599:12)
      at workLoopSync (../../node_modules/.pnpm/react-dom@18.3.1_react@18.3.1/node_modules/react-dom/cjs/react-dom.development.js:26505:5)
      at renderRootSync (../../node_modules/.pnpm/react-dom@18.3.1_react@18.3.1/node_modules/react-dom/cjs/react-dom.development.js:26473:7)
      at performConcurrentWorkOnRoot (../../node_modules/.pnpm/react-dom@18.3.1_react@18.3.1/node_modules/react-dom/cjs/react-dom.development.js:25777:74)
      at flushActQueue (../../node_modules/.pnpm/react@18.3.1/node_modules/react/cjs/react.development.js:2667:24)
      at act (../../node_modules/.pnpm/react@18.3.1/node_modules/react/cjs/react.development.js:2582:11)
      at ../../node_modules/.pnpm/@testing-library+react@16.3.2_@testing-library+dom@10.4.1_@types+react-dom@18.3.7_@types+reac_3k5f6qynewwmkoqvlvtzlgtsjq/node_modules/@testing-library/react/dist/act-compat.js:46:25
      at renderRoot (../../node_modules/.pnpm/@testing-library+react@16.3.2_@testing-library+dom@10.4.1_@types+react-dom@18.3.7_@types+reac_3k5f6qynewwmkoqvlvtzlgtsjq/node_modules/@testing-library/react/dist/pure.js:189:26)
      at render (../../node_modules/.pnpm/@testing-library+react@16.3.2_@testing-library+dom@10.4.1_@types+react-dom@18.3.7_@types+reac_3k5f6qynewwmkoqvlvtzlgtsjq/node_modules/@testing-library/react/dist/pure.js:291:10)
      at Object.<anonymous> (components/__tests__/apps-table.test.tsx:57:11)

    console.error
      Error: Uncaught [Error: `Tooltip` must be used within `TooltipProvider`]
          at reportException (/app/node_modules/.pnpm/jsdom@20.0.3/node_modules/jsdom/lib/jsdom/living/helpers/runtime-script-errors.js:66:24)
          at innerInvokeEventListeners (/app/node_modules/.pnpm/jsdom@20.0.3/node_modules/jsdom/lib/jsdom/living/events/EventTarget-impl.js:353:9)
          at invokeEventListeners (/app/node_modules/.pnpm/jsdom@20.0.3/node_modules/jsdom/lib/jsdom/living/events/EventTarget-impl.js:286:3)
          at HTMLUnknownElementImpl._dispatch (/app/node_modules/.pnpm/jsdom@20.0.3/node_modules/jsdom/lib/jsdom/living/events/EventTarget-impl.js:233:9)
          at HTMLUnknownElementImpl.dispatchEvent (/app/node_modules/.pnpm/jsdom@20.0.3/node_modules/jsdom/lib/jsdom/living/events/EventTarget-impl.js:104:17)
          at HTMLUnknownElement.dispatchEvent (/app/node_modules/.pnpm/jsdom@20.0.3/node_modules/jsdom/lib/jsdom/living/generated/EventTarget.js:241:34)
          at Object.invokeGuardedCallbackDev (/app/node_modules/.pnpm/react-dom@18.3.1_react@18.3.1/node_modules/react-dom/cjs/react-dom.development.js:4213:16)
          at invokeGuardedCallback (/app/node_modules/.pnpm/react-dom@18.3.1_react@18.3.1/node_modules/react-dom/cjs/react-dom.development.js:4277:31)
          at beginWork$1 (/app/node_modules/.pnpm/react-dom@18.3.1_react@18.3.1/node_modules/react-dom/cjs/react-dom.development.js:27490:7)
          at performUnitOfWork (/app/node_modules/.pnpm/react-dom@18.3.1_react@18.3.1/node_modules/react-dom/cjs/react-dom.development.js:26599:12)
          at workLoopSync (/app/node_modules/.pnpm/react-dom@18.3.1_react@18.3.1/node_modules/react-dom/cjs/react-dom.development.js:26505:5)
          at renderRootSync (/app/node_modules/.pnpm/react-dom@18.3.1_react@18.3.1/node_modules/react-dom/cjs/react-dom.development.js:26473:7)
          at recoverFromConcurrentError (/app/node_modules/.pnpm/react-dom@18.3.1_react@18.3.1/node_modules/react-dom/cjs/react-dom.development.js:25889:20)
          at performConcurrentWorkOnRoot (/app/node_modules/.pnpm/react-dom@18.3.1_react@18.3.1/node_modules/react-dom/cjs/react-dom.development.js:25789:22)
          at flushActQueue (/app/node_modules/.pnpm/react@18.3.1/node_modules/react/cjs/react.development.js:2667:24)
          at act (/app/node_modules/.pnpm/react@18.3.1/node_modules/react/cjs/react.development.js:2582:11)
          at /app/node_modules/.pnpm/@testing-library+react@16.3.2_@testing-library+dom@10.4.1_@types+react-dom@18.3.7_@types+reac_3k5f6qynewwmkoqvlvtzlgtsjq/node_modules/@testing-library/react/dist/act-compat.js:46:25
          at renderRoot (/app/node_modules/.pnpm/@testing-library+react@16.3.2_@testing-library+dom@10.4.1_@types+react-dom@18.3.7_@types+reac_3k5f6qynewwmkoqvlvtzlgtsjq/node_modules/@testing-library/react/dist/pure.js:189:26)
          at render (/app/node_modules/.pnpm/@testing-library+react@16.3.2_@testing-library+dom@10.4.1_@types+react-dom@18.3.7_@types+reac_3k5f6qynewwmkoqvlvtzlgtsjq/node_modules/@testing-library/react/dist/pure.js:291:10)
          at Object.<anonymous> (/app/apps/admin/components/__tests__/apps-table.test.tsx:57:11)
          at Promise.then.completed (/app/node_modules/.pnpm/jest-circus@29.7.0/node_modules/jest-circus/build/utils.js:298:28)
          at new Promise (<anonymous>)
          at callAsyncCircusFn (/app/node_modules/.pnpm/jest-circus@29.7.0/node_modules/jest-circus/build/utils.js:231:10)
          at _callCircusTest (/app/node_modules/.pnpm/jest-circus@29.7.0/node_modules/jest-circus/build/run.js:316:40)
          at processTicksAndRejections (node:internal/process/task_queues:103:5)
          at _runTest (/app/node_modules/.pnpm/jest-circus@29.7.0/node_modules/jest-circus/build/run.js:252:3)
          at _runTestsForDescribeBlock (/app/node_modules/.pnpm/jest-circus@29.7.0/node_modules/jest-circus/build/run.js:126:9)
          at _runTestsForDescribeBlock (/app/node_modules/.pnpm/jest-circus@29.7.0/node_modules/jest-circus/build/run.js:121:9)
          at run (/app/node_modules/.pnpm/jest-circus@29.7.0/node_modules/jest-circus/build/run.js:71:3)
          at runAndTransformResultsToJestFormat (/app/node_modules/.pnpm/jest-circus@29.7.0/node_modules/jest-circus/build/legacy-code-todo-rewrite/jestAdapterInit.js:122:21)
          at jestAdapter (/app/node_modules/.pnpm/jest-circus@29.7.0/node_modules/jest-circus/build/legacy-code-todo-rewrite/jestAdapter.js:79:19)
          at runTestInternal (/app/node_modules/.pnpm/jest-runner@29.7.0/node_modules/jest-runner/build/runTest.js:367:16)
          at runTest (/app/node_modules/.pnpm/jest-runner@29.7.0/node_modules/jest-runner/build/runTest.js:444:34)
          at Object.worker (/app/node_modules/.pnpm/jest-runner@29.7.0/node_modules/jest-runner/build/testWorker.js:106:12) {
        detail: Error: `Tooltip` must be used within `TooltipProvider`
            at useContext2 (/app/node_modules/.pnpm/@radix-ui+react-context@1.1.2_@types+react@18.3.29_react@18.3.1/node_modules/@radix-ui/react-context/src/create-context.tsx:75:13)
            at Tooltip (/app/node_modules/.pnpm/@radix-ui+react-tooltip@1.2.8_@types+react-dom@18.3.7_@types+react@18.3.29__@types+react@18.3_xrwsnt2rmlacewwolijhmzdoxi/node_modules/@radix-ui/react-tooltip/src/tooltip.tsx:162:27)
            at renderWithHooks (/app/node_modules/.pnpm/react-dom@18.3.1_react@18.3.1/node_modules/react-dom/cjs/react-dom.development.js:15486:18)
            at mountIndeterminateComponent (/app/node_modules/.pnpm/react-dom@18.3.1_react@18.3.1/node_modules/react-dom/cjs/react-dom.development.js:20103:13)
            at beginWork (/app/node_modules/.pnpm/react-dom@18.3.1_react@18.3.1/node_modules/react-dom/cjs/react-dom.development.js:21626:16)
            at HTMLUnknownElement.callCallback (/app/node_modules/.pnpm/react-dom@18.3.1_react@18.3.1/node_modules/react-dom/cjs/react-dom.development.js:4164:14)
            at HTMLUnknownElement.callTheUserObjectsOperation (/app/node_modules/.pnpm/jsdom@20.0.3/node_modules/jsdom/lib/jsdom/living/generated/EventListener.js:26:30)
            at innerInvokeEventListeners (/app/node_modules/.pnpm/jsdom@20.0.3/node_modules/jsdom/lib/jsdom/living/events/EventTarget-impl.js:350:25)
            at invokeEventListeners (/app/node_modules/.pnpm/jsdom@20.0.3/node_modules/jsdom/lib/jsdom/living/events/EventTarget-impl.js:286:3)
            at HTMLUnknownElementImpl._dispatch (/app/node_modules/.pnpm/jsdom@20.0.3/node_modules/jsdom/lib/jsdom/living/events/EventTarget-impl.js:233:9)
            at HTMLUnknownElementImpl.dispatchEvent (/app/node_modules/.pnpm/jsdom@20.0.3/node_modules/jsdom/lib/jsdom/living/events/EventTarget-impl.js:104:17)
            at HTMLUnknownElement.dispatchEvent (/app/node_modules/.pnpm/jsdom@20.0.3/node_modules/jsdom/lib/jsdom/living/generated/EventTarget.js:241:34)
            at Object.invokeGuardedCallbackDev (/app/node_modules/.pnpm/react-dom@18.3.1_react@18.3.1/node_modules/react-dom/cjs/react-dom.development.js:4213:16)
            at invokeGuardedCallback (/app/node_modules/.pnpm/react-dom@18.3.1_react@18.3.1/node_modules/react-dom/cjs/react-dom.development.js:4277:31)
            at beginWork$1 (/app/node_modules/.pnpm/react-dom@18.3.1_react@18.3.1/node_modules/react-dom/cjs/react-dom.development.js:27490:7)
            at performUnitOfWork (/app/node_modules/.pnpm/react-dom@18.3.1_react@18.3.1/node_modules/react-dom/cjs/react-dom.development.js:26599:12)
            at workLoopSync (/app/node_modules/.pnpm/react-dom@18.3.1_react@18.3.1/node_modules/react-dom/cjs/react-dom.development.js:26505:5)
            at renderRootSync (/app/node_modules/.pnpm/react-dom@18.3.1_react@18.3.1/node_modules/react-dom/cjs/react-dom.development.js:26473:7)
            at recoverFromConcurrentError (/app/node_modules/.pnpm/react-dom@18.3.1_react@18.3.1/node_modules/react-dom/cjs/react-dom.development.js:25889:20)
            at performConcurrentWorkOnRoot (/app/node_modules/.pnpm/react-dom@18.3.1_react@18.3.1/node_modules/react-dom/cjs/react-dom.development.js:25789:22)
            at flushActQueue (/app/node_modules/.pnpm/react@18.3.1/node_modules/react/cjs/react.development.js:2667:24)
            at act (/app/node_modules/.pnpm/react@18.3.1/node_modules/react/cjs/react.development.js:2582:11)
            at /app/node_modules/.pnpm/@testing-library+react@16.3.2_@testing-library+dom@10.4.1_@types+react-dom@18.3.7_@types+reac_3k5f6qynewwmkoqvlvtzlgtsjq/node_modules/@testing-library/react/dist/act-compat.js:46:25
            at renderRoot (/app/node_modules/.pnpm/@testing-library+react@16.3.2_@testing-library+dom@10.4.1_@types+react-dom@18.3.7_@types+reac_3k5f6qynewwmkoqvlvtzlgtsjq/node_modules/@testing-library/react/dist/pure.js:189:26)
            at render (/app/node_modules/.pnpm/@testing-library+react@16.3.2_@testing-library+dom@10.4.1_@types+react-dom@18.3.7_@types+reac_3k5f6qynewwmkoqvlvtzlgtsjq/node_modules/@testing-library/react/dist/pure.js:291:10)
            at Object.<anonymous> (/app/apps/admin/components/__tests__/apps-table.test.tsx:57:11)
            at Promise.then.completed (/app/node_modules/.pnpm/jest-circus@29.7.0/node_modules/jest-circus/build/utils.js:298:28)
            at new Promise (<anonymous>)
            at callAsyncCircusFn (/app/node_modules/.pnpm/jest-circus@29.7.0/node_modules/jest-circus/build/utils.js:231:10)
            at _callCircusTest (/app/node_modules/.pnpm/jest-circus@29.7.0/node_modules/jest-circus/build/run.js:316:40)
            at processTicksAndRejections (node:internal/process/task_queues:103:5)
            at _runTest (/app/node_modules/.pnpm/jest-circus@29.7.0/node_modules/jest-circus/build/run.js:252:3)
            at _runTestsForDescribeBlock (/app/node_modules/.pnpm/jest-circus@29.7.0/node_modules/jest-circus/build/run.js:126:9)
            at _runTestsForDescribeBlock (/app/node_modules/.pnpm/jest-circus@29.7.0/node_modules/jest-circus/build/run.js:121:9)
            at run (/app/node_modules/.pnpm/jest-circus@29.7.0/node_modules/jest-circus/build/run.js:71:3)
            at runAndTransformResultsToJestFormat (/app/node_modules/.pnpm/jest-circus@29.7.0/node_modules/jest-circus/build/legacy-code-todo-rewrite/jestAdapterInit.js:122:21)
            at jestAdapter (/app/node_modules/.pnpm/jest-circus@29.7.0/node_modules/jest-circus/build/legacy-code-todo-rewrite/jestAdapter.js:79:19)
            at runTestInternal (/app/node_modules/.pnpm/jest-runner@29.7.0/node_modules/jest-runner/build/runTest.js:367:16)
            at runTest (/app/node_modules/.pnpm/jest-runner@29.7.0/node_modules/jest-runner/build/runTest.js:444:34)
            at Object.worker (/app/node_modules/.pnpm/jest-runner@29.7.0/node_modules/jest-runner/build/testWorker.js:106:12),
        type: 'unhandled exception'
      }

      55 |
      56 |   it('renders rows from initial data', () => {
    > 57 |     render(withIntl(<AppsTable initial={initial} />))
         |           ^
      58 |     expect(screen.getByText('Customer Portal')).toBeInTheDocument()
      59 |     expect(screen.getByText('SassyAuth')).toBeInTheDocument()
      60 |   })

      at VirtualConsole.<anonymous> (../../node_modules/.pnpm/jest-environment-jsdom@29.7.0/node_modules/jest-environment-jsdom/build/index.js:63:23)
      at reportException (../../node_modules/.pnpm/jsdom@20.0.3/node_modules/jsdom/lib/jsdom/living/helpers/runtime-script-errors.js:70:28)
      at innerInvokeEventListeners (../../node_modules/.pnpm/jsdom@20.0.3/node_modules/jsdom/lib/jsdom/living/events/EventTarget-impl.js:353:9)
      at invokeEventListeners (../../node_modules/.pnpm/jsdom@20.0.3/node_modules/jsdom/lib/jsdom/living/events/EventTarget-impl.js:286:3)
      at HTMLUnknownElementImpl._dispatch (../../node_modules/.pnpm/jsdom@20.0.3/node_modules/jsdom/lib/jsdom/living/events/EventTarget-impl.js:233:9)
      at HTMLUnknownElementImpl.dispatchEvent (../../node_modules/.pnpm/jsdom@20.0.3/node_modules/jsdom/lib/jsdom/living/events/EventTarget-impl.js:104:17)
      at HTMLUnknownElement.dispatchEvent (../../node_modules/.pnpm/jsdom@20.0.3/node_modules/jsdom/lib/jsdom/living/generated/EventTarget.js:241:34)
      at Object.invokeGuardedCallbackDev (../../node_modules/.pnpm/react-dom@18.3.1_react@18.3.1/node_modules/react-dom/cjs/react-dom.development.js:4213:16)
      at invokeGuardedCallback (../../node_modules/.pnpm/react-dom@18.3.1_react@18.3.1/node_modules/react-dom/cjs/react-dom.development.js:4277:31)
      at beginWork$1 (../../node_modules/.pnpm/react-dom@18.3.1_react@18.3.1/node_modules/react-dom/cjs/react-dom.development.js:27490:7)
      at performUnitOfWork (../../node_modules/.pnpm/react-dom@18.3.1_react@18.3.1/node_modules/react-dom/cjs/react-dom.development.js:26599:12)
      at workLoopSync (../../node_modules/.pnpm/react-dom@18.3.1_react@18.3.1/node_modules/react-dom/cjs/react-dom.development.js:26505:5)
      at renderRootSync (../../node_modules/.pnpm/react-dom@18.3.1_react@18.3.1/node_modules/react-dom/cjs/react-dom.development.js:26473:7)
      at recoverFromConcurrentError (../../node_modules/.pnpm/react-dom@18.3.1_react@18.3.1/node_modules/react-dom/cjs/react-dom.development.js:25889:20)
      at performConcurrentWorkOnRoot (../../node_modules/.pnpm/react-dom@18.3.1_react@18.3.1/node_modules/react-dom/cjs/react-dom.development.js:25789:22)
      at flushActQueue (../../node_modules/.pnpm/react@18.3.1/node_modules/react/cjs/react.development.js:2667:24)
      at act (../../node_modules/.pnpm/react@18.3.1/node_modules/react/cjs/react.development.js:2582:11)
      at ../../node_modules/.pnpm/@testing-library+react@16.3.2_@testing-library+dom@10.4.1_@types+react-dom@18.3.7_@types+reac_3k5f6qynewwmkoqvlvtzlgtsjq/node_modules/@testing-library/react/dist/act-compat.js:46:25
      at renderRoot (../../node_modules/.pnpm/@testing-library+react@16.3.2_@testing-library+dom@10.4.1_@types+react-dom@18.3.7_@types+reac_3k5f6qynewwmkoqvlvtzlgtsjq/node_modules/@testing-library/react/dist/pure.js:189:26)
      at render (../../node_modules/.pnpm/@testing-library+react@16.3.2_@testing-library+dom@10.4.1_@types+react-dom@18.3.7_@types+reac_3k5f6qynewwmkoqvlvtzlgtsjq/node_modules/@testing-library/react/dist/pure.js:291:10)
      at Object.<anonymous> (components/__tests__/apps-table.test.tsx:57:11)

    console.error
      Error: Uncaught [Error: `Tooltip` must be used within `TooltipProvider`]
          at reportException (/app/node_modules/.pnpm/jsdom@20.0.3/node_modules/jsdom/lib/jsdom/living/helpers/runtime-script-errors.js:66:24)
          at innerInvokeEventListeners (/app/node_modules/.pnpm/jsdom@20.0.3/node_modules/jsdom/lib/jsdom/living/events/EventTarget-impl.js:353:9)
          at invokeEventListeners (/app/node_modules/.pnpm/jsdom@20.0.3/node_modules/jsdom/lib/jsdom/living/events/EventTarget-impl.js:286:3)
          at HTMLUnknownElementImpl._dispatch (/app/node_modules/.pnpm/jsdom@20.0.3/node_modules/jsdom/lib/jsdom/living/events/EventTarget-impl.js:233:9)
          at HTMLUnknownElementImpl.dispatchEvent (/app/node_modules/.pnpm/jsdom@20.0.3/node_modules/jsdom/lib/jsdom/living/events/EventTarget-impl.js:104:17)
          at HTMLUnknownElement.dispatchEvent (/app/node_modules/.pnpm/jsdom@20.0.3/node_modules/jsdom/lib/jsdom/living/generated/EventTarget.js:241:34)
          at Object.invokeGuardedCallbackDev (/app/node_modules/.pnpm/react-dom@18.3.1_react@18.3.1/node_modules/react-dom/cjs/react-dom.development.js:4213:16)
          at invokeGuardedCallback (/app/node_modules/.pnpm/react-dom@18.3.1_react@18.3.1/node_modules/react-dom/cjs/react-dom.development.js:4277:31)
          at beginWork$1 (/app/node_modules/.pnpm/react-dom@18.3.1_react@18.3.1/node_modules/react-dom/cjs/react-dom.development.js:27490:7)
          at performUnitOfWork (/app/node_modules/.pnpm/react-dom@18.3.1_react@18.3.1/node_modules/react-dom/cjs/react-dom.development.js:26599:12)
          at workLoopSync (/app/node_modules/.pnpm/react-dom@18.3.1_react@18.3.1/node_modules/react-dom/cjs/react-dom.development.js:26505:5)
          at renderRootSync (/app/node_modules/.pnpm/react-dom@18.3.1_react@18.3.1/node_modules/react-dom/cjs/react-dom.development.js:26473:7)
          at recoverFromConcurrentError (/app/node_modules/.pnpm/react-dom@18.3.1_react@18.3.1/node_modules/react-dom/cjs/react-dom.development.js:25889:20)
          at performConcurrentWorkOnRoot (/app/node_modules/.pnpm/react-dom@18.3.1_react@18.3.1/node_modules/react-dom/cjs/react-dom.development.js:25789:22)
          at flushActQueue (/app/node_modules/.pnpm/react@18.3.1/node_modules/react/cjs/react.development.js:2667:24)
          at act (/app/node_modules/.pnpm/react@18.3.1/node_modules/react/cjs/react.development.js:2582:11)
          at /app/node_modules/.pnpm/@testing-library+react@16.3.2_@testing-library+dom@10.4.1_@types+react-dom@18.3.7_@types+reac_3k5f6qynewwmkoqvlvtzlgtsjq/node_modules/@testing-library/react/dist/act-compat.js:46:25
          at renderRoot (/app/node_modules/.pnpm/@testing-library+react@16.3.2_@testing-library+dom@10.4.1_@types+react-dom@18.3.7_@types+reac_3k5f6qynewwmkoqvlvtzlgtsjq/node_modules/@testing-library/react/dist/pure.js:189:26)
          at render (/app/node_modules/.pnpm/@testing-library+react@16.3.2_@testing-library+dom@10.4.1_@types+react-dom@18.3.7_@types+reac_3k5f6qynewwmkoqvlvtzlgtsjq/node_modules/@testing-library/react/dist/pure.js:291:10)
          at Object.<anonymous> (/app/apps/admin/components/__tests__/apps-table.test.tsx:57:11)
          at Promise.then.completed (/app/node_modules/.pnpm/jest-circus@29.7.0/node_modules/jest-circus/build/utils.js:298:28)
          at new Promise (<anonymous>)
          at callAsyncCircusFn (/app/node_modules/.pnpm/jest-circus@29.7.0/node_modules/jest-circus/build/utils.js:231:10)
          at _callCircusTest (/app/node_modules/.pnpm/jest-circus@29.7.0/node_modules/jest-circus/build/run.js:316:40)
          at processTicksAndRejections (node:internal/process/task_queues:103:5)
          at _runTest (/app/node_modules/.pnpm/jest-circus@29.7.0/node_modules/jest-circus/build/run.js:252:3)
          at _runTestsForDescribeBlock (/app/node_modules/.pnpm/jest-circus@29.7.0/node_modules/jest-circus/build/run.js:126:9)
          at _runTestsForDescribeBlock (/app/node_modules/.pnpm/jest-circus@29.7.0/node_modules/jest-circus/build/run.js:121:9)
          at run (/app/node_modules/.pnpm/jest-circus@29.7.0/node_modules/jest-circus/build/run.js:71:3)
          at runAndTransformResultsToJestFormat (/app/node_modules/.pnpm/jest-circus@29.7.0/node_modules/jest-circus/build/legacy-code-todo-rewrite/jestAdapterInit.js:122:21)
          at jestAdapter (/app/node_modules/.pnpm/jest-circus@29.7.0/node_modules/jest-circus/build/legacy-code-todo-rewrite/jestAdapter.js:79:19)
          at runTestInternal (/app/node_modules/.pnpm/jest-runner@29.7.0/node_modules/jest-runner/build/runTest.js:367:16)
          at runTest (/app/node_modules/.pnpm/jest-runner@29.7.0/node_modules/jest-runner/build/runTest.js:444:34)
          at Object.worker (/app/node_modules/.pnpm/jest-runner@29.7.0/node_modules/jest-runner/build/testWorker.js:106:12) {
        detail: Error: `Tooltip` must be used within `TooltipProvider`
            at useContext2 (/app/node_modules/.pnpm/@radix-ui+react-context@1.1.2_@types+react@18.3.29_react@18.3.1/node_modules/@radix-ui/react-context/src/create-context.tsx:75:13)
            at Tooltip (/app/node_modules/.pnpm/@radix-ui+react-tooltip@1.2.8_@types+react-dom@18.3.7_@types+react@18.3.29__@types+react@18.3_xrwsnt2rmlacewwolijhmzdoxi/node_modules/@radix-ui/react-tooltip/src/tooltip.tsx:162:27)
            at renderWithHooks (/app/node_modules/.pnpm/react-dom@18.3.1_react@18.3.1/node_modules/react-dom/cjs/react-dom.development.js:15486:18)
            at mountIndeterminateComponent (/app/node_modules/.pnpm/react-dom@18.3.1_react@18.3.1/node_modules/react-dom/cjs/react-dom.development.js:20103:13)
            at beginWork (/app/node_modules/.pnpm/react-dom@18.3.1_react@18.3.1/node_modules/react-dom/cjs/react-dom.development.js:21626:16)
            at HTMLUnknownElement.callCallback (/app/node_modules/.pnpm/react-dom@18.3.1_react@18.3.1/node_modules/react-dom/cjs/react-dom.development.js:4164:14)
            at HTMLUnknownElement.callTheUserObjectsOperation (/app/node_modules/.pnpm/jsdom@20.0.3/node_modules/jsdom/lib/jsdom/living/generated/EventListener.js:26:30)
            at innerInvokeEventListeners (/app/node_modules/.pnpm/jsdom@20.0.3/node_modules/jsdom/lib/jsdom/living/events/EventTarget-impl.js:350:25)
            at invokeEventListeners (/app/node_modules/.pnpm/jsdom@20.0.3/node_modules/jsdom/lib/jsdom/living/events/EventTarget-impl.js:286:3)
            at HTMLUnknownElementImpl._dispatch (/app/node_modules/.pnpm/jsdom@20.0.3/node_modules/jsdom/lib/jsdom/living/events/EventTarget-impl.js:233:9)
            at HTMLUnknownElementImpl.dispatchEvent (/app/node_modules/.pnpm/jsdom@20.0.3/node_modules/jsdom/lib/jsdom/living/events/EventTarget-impl.js:104:17)
            at HTMLUnknownElement.dispatchEvent (/app/node_modules/.pnpm/jsdom@20.0.3/node_modules/jsdom/lib/jsdom/living/generated/EventTarget.js:241:34)
            at Object.invokeGuardedCallbackDev (/app/node_modules/.pnpm/react-dom@18.3.1_react@18.3.1/node_modules/react-dom/cjs/react-dom.development.js:4213:16)
            at invokeGuardedCallback (/app/node_modules/.pnpm/react-dom@18.3.1_react@18.3.1/node_modules/react-dom/cjs/react-dom.development.js:4277:31)
            at beginWork$1 (/app/node_modules/.pnpm/react-dom@18.3.1_react@18.3.1/node_modules/react-dom/cjs/react-dom.development.js:27490:7)
            at performUnitOfWork (/app/node_modules/.pnpm/react-dom@18.3.1_react@18.3.1/node_modules/react-dom/cjs/react-dom.development.js:26599:12)
            at workLoopSync (/app/node_modules/.pnpm/react-dom@18.3.1_react@18.3.1/node_modules/react-dom/cjs/react-dom.development.js:26505:5)
            at renderRootSync (/app/node_modules/.pnpm/react-dom@18.3.1_react@18.3.1/node_modules/react-dom/cjs/react-dom.development.js:26473:7)
            at recoverFromConcurrentError (/app/node_modules/.pnpm/react-dom@18.3.1_react@18.3.1/node_modules/react-dom/cjs/react-dom.development.js:25889:20)
            at performConcurrentWorkOnRoot (/app/node_modules/.pnpm/react-dom@18.3.1_react@18.3.1/node_modules/react-dom/cjs/react-dom.development.js:25789:22)
            at flushActQueue (/app/node_modules/.pnpm/react@18.3.1/node_modules/react/cjs/react.development.js:2667:24)
            at act (/app/node_modules/.pnpm/react@18.3.1/node_modules/react/cjs/react.development.js:2582:11)
            at /app/node_modules/.pnpm/@testing-library+react@16.3.2_@testing-library+dom@10.4.1_@types+react-dom@18.3.7_@types+reac_3k5f6qynewwmkoqvlvtzlgtsjq/node_modules/@testing-library/react/dist/act-compat.js:46:25
            at renderRoot (/app/node_modules/.pnpm/@testing-library+react@16.3.2_@testing-library+dom@10.4.1_@types+react-dom@18.3.7_@types+reac_3k5f6qynewwmkoqvlvtzlgtsjq/node_modules/@testing-library/react/dist/pure.js:189:26)
            at render (/app/node_modules/.pnpm/@testing-library+react@16.3.2_@testing-library+dom@10.4.1_@types+react-dom@18.3.7_@types+reac_3k5f6qynewwmkoqvlvtzlgtsjq/node_modules/@testing-library/react/dist/pure.js:291:10)
            at Object.<anonymous> (/app/apps/admin/components/__tests__/apps-table.test.tsx:57:11)
            at Promise.then.completed (/app/node_modules/.pnpm/jest-circus@29.7.0/node_modules/jest-circus/build/utils.js:298:28)
            at new Promise (<anonymous>)
            at callAsyncCircusFn (/app/node_modules/.pnpm/jest-circus@29.7.0/node_modules/jest-circus/build/utils.js:231:10)
            at _callCircusTest (/app/node_modules/.pnpm/jest-circus@29.7.0/node_modules/jest-circus/build/run.js:316:40)
            at processTicksAndRejections (node:internal/process/task_queues:103:5)
            at _runTest (/app/node_modules/.pnpm/jest-circus@29.7.0/node_modules/jest-circus/build/run.js:252:3)
            at _runTestsForDescribeBlock (/app/node_modules/.pnpm/jest-circus@29.7.0/node_modules/jest-circus/build/run.js:126:9)
            at _runTestsForDescribeBlock (/app/node_modules/.pnpm/jest-circus@29.7.0/node_modules/jest-circus/build/run.js:121:9)
            at run (/app/node_modules/.pnpm/jest-circus@29.7.0/node_modules/jest-circus/build/run.js:71:3)
            at runAndTransformResultsToJestFormat (/app/node_modules/.pnpm/jest-circus@29.7.0/node_modules/jest-circus/build/legacy-code-todo-rewrite/jestAdapterInit.js:122:21)
            at jestAdapter (/app/node_modules/.pnpm/jest-circus@29.7.0/node_modules/jest-circus/build/legacy-code-todo-rewrite/jestAdapter.js:79:19)
            at runTestInternal (/app/node_modules/.pnpm/jest-runner@29.7.0/node_modules/jest-runner/build/runTest.js:367:16)
            at runTest (/app/node_modules/.pnpm/jest-runner@29.7.0/node_modules/jest-runner/build/runTest.js:444:34)
            at Object.worker (/app/node_modules/.pnpm/jest-runner@29.7.0/node_modules/jest-runner/build/testWorker.js:106:12),
        type: 'unhandled exception'
      }

      55 |
      56 |   it('renders rows from initial data', () => {
    > 57 |     render(withIntl(<AppsTable initial={initial} />))
         |           ^
      58 |     expect(screen.getByText('Customer Portal')).toBeInTheDocument()
      59 |     expect(screen.getByText('SassyAuth')).toBeInTheDocument()
      60 |   })

      at VirtualConsole.<anonymous> (../../node_modules/.pnpm/jest-environment-jsdom@29.7.0/node_modules/jest-environment-jsdom/build/index.js:63:23)
      at reportException (../../node_modules/.pnpm/jsdom@20.0.3/node_modules/jsdom/lib/jsdom/living/helpers/runtime-script-errors.js:70:28)
      at innerInvokeEventListeners (../../node_modules/.pnpm/jsdom@20.0.3/node_modules/jsdom/lib/jsdom/living/events/EventTarget-impl.js:353:9)
      at invokeEventListeners (../../node_modules/.pnpm/jsdom@20.0.3/node_modules/jsdom/lib/jsdom/living/events/EventTarget-impl.js:286:3)
      at HTMLUnknownElementImpl._dispatch (../../node_modules/.pnpm/jsdom@20.0.3/node_modules/jsdom/lib/jsdom/living/events/EventTarget-impl.js:233:9)
      at HTMLUnknownElementImpl.dispatchEvent (../../node_modules/.pnpm/jsdom@20.0.3/node_modules/jsdom/lib/jsdom/living/events/EventTarget-impl.js:104:17)
      at HTMLUnknownElement.dispatchEvent (../../node_modules/.pnpm/jsdom@20.0.3/node_modules/jsdom/lib/jsdom/living/generated/EventTarget.js:241:34)
      at Object.invokeGuardedCallbackDev (../../node_modules/.pnpm/react-dom@18.3.1_react@18.3.1/node_modules/react-dom/cjs/react-dom.development.js:4213:16)
      at invokeGuardedCallback (../../node_modules/.pnpm/react-dom@18.3.1_react@18.3.1/node_modules/react-dom/cjs/react-dom.development.js:4277:31)
      at beginWork$1 (../../node_modules/.pnpm/react-dom@18.3.1_react@18.3.1/node_modules/react-dom/cjs/react-dom.development.js:27490:7)
      at performUnitOfWork (../../node_modules/.pnpm/react-dom@18.3.1_react@18.3.1/node_modules/react-dom/cjs/react-dom.development.js:26599:12)
      at workLoopSync (../../node_modules/.pnpm/react-dom@18.3.1_react@18.3.1/node_modules/react-dom/cjs/react-dom.development.js:26505:5)
      at renderRootSync (../../node_modules/.pnpm/react-dom@18.3.1_react@18.3.1/node_modules/react-dom/cjs/react-dom.development.js:26473:7)
      at recoverFromConcurrentError (../../node_modules/.pnpm/react-dom@18.3.1_react@18.3.1/node_modules/react-dom/cjs/react-dom.development.js:25889:20)
      at performConcurrentWorkOnRoot (../../node_modules/.pnpm/react-dom@18.3.1_react@18.3.1/node_modules/react-dom/cjs/react-dom.development.js:25789:22)
      at flushActQueue (../../node_modules/.pnpm/react@18.3.1/node_modules/react/cjs/react.development.js:2667:24)
      at act (../../node_modules/.pnpm/react@18.3.1/node_modules/react/cjs/react.development.js:2582:11)
      at ../../node_modules/.pnpm/@testing-library+react@16.3.2_@testing-library+dom@10.4.1_@types+react-dom@18.3.7_@types+reac_3k5f6qynewwmkoqvlvtzlgtsjq/node_modules/@testing-library/react/dist/act-compat.js:46:25
      at renderRoot (../../node_modules/.pnpm/@testing-library+react@16.3.2_@testing-library+dom@10.4.1_@types+react-dom@18.3.7_@types+reac_3k5f6qynewwmkoqvlvtzlgtsjq/node_modules/@testing-library/react/dist/pure.js:189:26)
      at render (../../node_modules/.pnpm/@testing-library+react@16.3.2_@testing-library+dom@10.4.1_@types+react-dom@18.3.7_@types+reac_3k5f6qynewwmkoqvlvtzlgtsjq/node_modules/@testing-library/react/dist/pure.js:291:10)
      at Object.<anonymous> (components/__tests__/apps-table.test.tsx:57:11)

    console.error
      Error: Uncaught [Error: `Tooltip` must be used within `TooltipProvider`]
          at reportException (/app/node_modules/.pnpm/jsdom@20.0.3/node_modules/jsdom/lib/jsdom/living/helpers/runtime-script-errors.js:66:24)
          at innerInvokeEventListeners (/app/node_modules/.pnpm/jsdom@20.0.3/node_modules/jsdom/lib/jsdom/living/events/EventTarget-impl.js:353:9)
          at invokeEventListeners (/app/node_modules/.pnpm/jsdom@20.0.3/node_modules/jsdom/lib/jsdom/living/events/EventTarget-impl.js:286:3)
          at HTMLUnknownElementImpl._dispatch (/app/node_modules/.pnpm/jsdom@20.0.3/node_modules/jsdom/lib/jsdom/living/events/EventTarget-impl.js:233:9)
          at HTMLUnknownElementImpl.dispatchEvent (/app/node_modules/.pnpm/jsdom@20.0.3/node_modules/jsdom/lib/jsdom/living/events/EventTarget-impl.js:104:17)
          at HTMLUnknownElement.dispatchEvent (/app/node_modules/.pnpm/jsdom@20.0.3/node_modules/jsdom/lib/jsdom/living/generated/EventTarget.js:241:34)
          at Object.invokeGuardedCallbackDev (/app/node_modules/.pnpm/react-dom@18.3.1_react@18.3.1/node_modules/react-dom/cjs/react-dom.development.js:4213:16)
          at invokeGuardedCallback (/app/node_modules/.pnpm/react-dom@18.3.1_react@18.3.1/node_modules/react-dom/cjs/react-dom.development.js:4277:31)
          at beginWork$1 (/app/node_modules/.pnpm/react-dom@18.3.1_react@18.3.1/node_modules/react-dom/cjs/react-dom.development.js:27490:7)
          at performUnitOfWork (/app/node_modules/.pnpm/react-dom@18.3.1_react@18.3.1/node_modules/react-dom/cjs/react-dom.development.js:26599:12)
          at workLoopSync (/app/node_modules/.pnpm/react-dom@18.3.1_react@18.3.1/node_modules/react-dom/cjs/react-dom.development.js:26505:5)
          at renderRootSync (/app/node_modules/.pnpm/react-dom@18.3.1_react@18.3.1/node_modules/react-dom/cjs/react-dom.development.js:26473:7)
          at recoverFromConcurrentError (/app/node_modules/.pnpm/react-dom@18.3.1_react@18.3.1/node_modules/react-dom/cjs/react-dom.development.js:25889:20)
          at performConcurrentWorkOnRoot (/app/node_modules/.pnpm/react-dom@18.3.1_react@18.3.1/node_modules/react-dom/cjs/react-dom.development.js:25789:22)
          at flushActQueue (/app/node_modules/.pnpm/react@18.3.1/node_modules/react/cjs/react.development.js:2667:24)
          at act (/app/node_modules/.pnpm/react@18.3.1/node_modules/react/cjs/react.development.js:2582:11)
          at /app/node_modules/.pnpm/@testing-library+react@16.3.2_@testing-library+dom@10.4.1_@types+react-dom@18.3.7_@types+reac_3k5f6qynewwmkoqvlvtzlgtsjq/node_modules/@testing-library/react/dist/act-compat.js:46:25
          at renderRoot (/app/node_modules/.pnpm/@testing-library+react@16.3.2_@testing-library+dom@10.4.1_@types+react-dom@18.3.7_@types+reac_3k5f6qynewwmkoqvlvtzlgtsjq/node_modules/@testing-library/react/dist/pure.js:189:26)
          at render (/app/node_modules/.pnpm/@testing-library+react@16.3.2_@testing-library+dom@10.4.1_@types+react-dom@18.3.7_@types+reac_3k5f6qynewwmkoqvlvtzlgtsjq/node_modules/@testing-library/react/dist/pure.js:291:10)
          at Object.<anonymous> (/app/apps/admin/components/__tests__/apps-table.test.tsx:57:11)
          at Promise.then.completed (/app/node_modules/.pnpm/jest-circus@29.7.0/node_modules/jest-circus/build/utils.js:298:28)
          at new Promise (<anonymous>)
          at callAsyncCircusFn (/app/node_modules/.pnpm/jest-circus@29.7.0/node_modules/jest-circus/build/utils.js:231:10)
          at _callCircusTest (/app/node_modules/.pnpm/jest-circus@29.7.0/node_modules/jest-circus/build/run.js:316:40)
          at processTicksAndRejections (node:internal/process/task_queues:103:5)
          at _runTest (/app/node_modules/.pnpm/jest-circus@29.7.0/node_modules/jest-circus/build/run.js:252:3)
          at _runTestsForDescribeBlock (/app/node_modules/.pnpm/jest-circus@29.7.0/node_modules/jest-circus/build/run.js:126:9)
          at _runTestsForDescribeBlock (/app/node_modules/.pnpm/jest-circus@29.7.0/node_modules/jest-circus/build/run.js:121:9)
          at run (/app/node_modules/.pnpm/jest-circus@29.7.0/node_modules/jest-circus/build/run.js:71:3)
          at runAndTransformResultsToJestFormat (/app/node_modules/.pnpm/jest-circus@29.7.0/node_modules/jest-circus/build/legacy-code-todo-rewrite/jestAdapterInit.js:122:21)
          at jestAdapter (/app/node_modules/.pnpm/jest-circus@29.7.0/node_modules/jest-circus/build/legacy-code-todo-rewrite/jestAdapter.js:79:19)
          at runTestInternal (/app/node_modules/.pnpm/jest-runner@29.7.0/node_modules/jest-runner/build/runTest.js:367:16)
          at runTest (/app/node_modules/.pnpm/jest-runner@29.7.0/node_modules/jest-runner/build/runTest.js:444:34)
          at Object.worker (/app/node_modules/.pnpm/jest-runner@29.7.0/node_modules/jest-runner/build/testWorker.js:106:12) {
        detail: Error: `Tooltip` must be used within `TooltipProvider`
            at useContext2 (/app/node_modules/.pnpm/@radix-ui+react-context@1.1.2_@types+react@18.3.29_react@18.3.1/node_modules/@radix-ui/react-context/src/create-context.tsx:75:13)
            at Tooltip (/app/node_modules/.pnpm/@radix-ui+react-tooltip@1.2.8_@types+react-dom@18.3.7_@types+react@18.3.29__@types+react@18.3_xrwsnt2rmlacewwolijhmzdoxi/node_modules/@radix-ui/react-tooltip/src/tooltip.tsx:162:27)
            at renderWithHooks (/app/node_modules/.pnpm/react-dom@18.3.1_react@18.3.1/node_modules/react-dom/cjs/react-dom.development.js:15486:18)
            at mountIndeterminateComponent (/app/node_modules/.pnpm/react-dom@18.3.1_react@18.3.1/node_modules/react-dom/cjs/react-dom.development.js:20103:13)
            at beginWork (/app/node_modules/.pnpm/react-dom@18.3.1_react@18.3.1/node_modules/react-dom/cjs/react-dom.development.js:21626:16)
            at HTMLUnknownElement.callCallback (/app/node_modules/.pnpm/react-dom@18.3.1_react@18.3.1/node_modules/react-dom/cjs/react-dom.development.js:4164:14)
            at HTMLUnknownElement.callTheUserObjectsOperation (/app/node_modules/.pnpm/jsdom@20.0.3/node_modules/jsdom/lib/jsdom/living/generated/EventListener.js:26:30)
            at innerInvokeEventListeners (/app/node_modules/.pnpm/jsdom@20.0.3/node_modules/jsdom/lib/jsdom/living/events/EventTarget-impl.js:350:25)
            at invokeEventListeners (/app/node_modules/.pnpm/jsdom@20.0.3/node_modules/jsdom/lib/jsdom/living/events/EventTarget-impl.js:286:3)
            at HTMLUnknownElementImpl._dispatch (/app/node_modules/.pnpm/jsdom@20.0.3/node_modules/jsdom/lib/jsdom/living/events/EventTarget-impl.js:233:9)
            at HTMLUnknownElementImpl.dispatchEvent (/app/node_modules/.pnpm/jsdom@20.0.3/node_modules/jsdom/lib/jsdom/living/events/EventTarget-impl.js:104:17)
            at HTMLUnknownElement.dispatchEvent (/app/node_modules/.pnpm/jsdom@20.0.3/node_modules/jsdom/lib/jsdom/living/generated/EventTarget.js:241:34)
            at Object.invokeGuardedCallbackDev (/app/node_modules/.pnpm/react-dom@18.3.1_react@18.3.1/node_modules/react-dom/cjs/react-dom.development.js:4213:16)
            at invokeGuardedCallback (/app/node_modules/.pnpm/react-dom@18.3.1_react@18.3.1/node_modules/react-dom/cjs/react-dom.development.js:4277:31)
            at beginWork$1 (/app/node_modules/.pnpm/react-dom@18.3.1_react@18.3.1/node_modules/react-dom/cjs/react-dom.development.js:27490:7)
            at performUnitOfWork (/app/node_modules/.pnpm/react-dom@18.3.1_react@18.3.1/node_modules/react-dom/cjs/react-dom.development.js:26599:12)
            at workLoopSync (/app/node_modules/.pnpm/react-dom@18.3.1_react@18.3.1/node_modules/react-dom/cjs/react-dom.development.js:26505:5)
            at renderRootSync (/app/node_modules/.pnpm/react-dom@18.3.1_react@18.3.1/node_modules/react-dom/cjs/react-dom.development.js:26473:7)
            at recoverFromConcurrentError (/app/node_modules/.pnpm/react-dom@18.3.1_react@18.3.1/node_modules/react-dom/cjs/react-dom.development.js:25889:20)
            at performConcurrentWorkOnRoot (/app/node_modules/.pnpm/react-dom@18.3.1_react@18.3.1/node_modules/react-dom/cjs/react-dom.development.js:25789:22)
            at flushActQueue (/app/node_modules/.pnpm/react@18.3.1/node_modules/react/cjs/react.development.js:2667:24)
            at act (/app/node_modules/.pnpm/react@18.3.1/node_modules/react/cjs/react.development.js:2582:11)
            at /app/node_modules/.pnpm/@testing-library+react@16.3.2_@testing-library+dom@10.4.1_@types+react-dom@18.3.7_@types+reac_3k5f6qynewwmkoqvlvtzlgtsjq/node_modules/@testing-library/react/dist/act-compat.js:46:25
            at renderRoot (/app/node_modules/.pnpm/@testing-library+react@16.3.2_@testing-library+dom@10.4.1_@types+react-dom@18.3.7_@types+reac_3k5f6qynewwmkoqvlvtzlgtsjq/node_modules/@testing-library/react/dist/pure.js:189:26)
            at render (/app/node_modules/.pnpm/@testing-library+react@16.3.2_@testing-library+dom@10.4.1_@types+react-dom@18.3.7_@types+reac_3k5f6qynewwmkoqvlvtzlgtsjq/node_modules/@testing-library/react/dist/pure.js:291:10)
            at Object.<anonymous> (/app/apps/admin/components/__tests__/apps-table.test.tsx:57:11)
            at Promise.then.completed (/app/node_modules/.pnpm/jest-circus@29.7.0/node_modules/jest-circus/build/utils.js:298:28)
            at new Promise (<anonymous>)
            at callAsyncCircusFn (/app/node_modules/.pnpm/jest-circus@29.7.0/node_modules/jest-circus/build/utils.js:231:10)
            at _callCircusTest (/app/node_modules/.pnpm/jest-circus@29.7.0/node_modules/jest-circus/build/run.js:316:40)
            at processTicksAndRejections (node:internal/process/task_queues:103:5)
            at _runTest (/app/node_modules/.pnpm/jest-circus@29.7.0/node_modules/jest-circus/build/run.js:252:3)
            at _runTestsForDescribeBlock (/app/node_modules/.pnpm/jest-circus@29.7.0/node_modules/jest-circus/build/run.js:126:9)
            at _runTestsForDescribeBlock (/app/node_modules/.pnpm/jest-circus@29.7.0/node_modules/jest-circus/build/run.js:121:9)
            at run (/app/node_modules/.pnpm/jest-circus@29.7.0/node_modules/jest-circus/build/run.js:71:3)
            at runAndTransformResultsToJestFormat (/app/node_modules/.pnpm/jest-circus@29.7.0/node_modules/jest-circus/build/legacy-code-todo-rewrite/jestAdapterInit.js:122:21)
            at jestAdapter (/app/node_modules/.pnpm/jest-circus@29.7.0/node_modules/jest-circus/build/legacy-code-todo-rewrite/jestAdapter.js:79:19)
            at runTestInternal (/app/node_modules/.pnpm/jest-runner@29.7.0/node_modules/jest-runner/build/runTest.js:367:16)
            at runTest (/app/node_modules/.pnpm/jest-runner@29.7.0/node_modules/jest-runner/build/runTest.js:444:34)
            at Object.worker (/app/node_modules/.pnpm/jest-runner@29.7.0/node_modules/jest-runner/build/testWorker.js:106:12),
        type: 'unhandled exception'
      }

      55 |
      56 |   it('renders rows from initial data', () => {
    > 57 |     render(withIntl(<AppsTable initial={initial} />))
         |           ^
      58 |     expect(screen.getByText('Customer Portal')).toBeInTheDocument()
      59 |     expect(screen.getByText('SassyAuth')).toBeInTheDocument()
      60 |   })

      at VirtualConsole.<anonymous> (../../node_modules/.pnpm/jest-environment-jsdom@29.7.0/node_modules/jest-environment-jsdom/build/index.js:63:23)
      at reportException (../../node_modules/.pnpm/jsdom@20.0.3/node_modules/jsdom/lib/jsdom/living/helpers/runtime-script-errors.js:70:28)
      at innerInvokeEventListeners (../../node_modules/.pnpm/jsdom@20.0.3/node_modules/jsdom/lib/jsdom/living/events/EventTarget-impl.js:353:9)
      at invokeEventListeners (../../node_modules/.pnpm/jsdom@20.0.3/node_modules/jsdom/lib/jsdom/living/events/EventTarget-impl.js:286:3)
      at HTMLUnknownElementImpl._dispatch (../../node_modules/.pnpm/jsdom@20.0.3/node_modules/jsdom/lib/jsdom/living/events/EventTarget-impl.js:233:9)
      at HTMLUnknownElementImpl.dispatchEvent (../../node_modules/.pnpm/jsdom@20.0.3/node_modules/jsdom/lib/jsdom/living/events/EventTarget-impl.js:104:17)
      at HTMLUnknownElement.dispatchEvent (../../node_modules/.pnpm/jsdom@20.0.3/node_modules/jsdom/lib/jsdom/living/generated/EventTarget.js:241:34)
      at Object.invokeGuardedCallbackDev (../../node_modules/.pnpm/react-dom@18.3.1_react@18.3.1/node_modules/react-dom/cjs/react-dom.development.js:4213:16)
      at invokeGuardedCallback (../../node_modules/.pnpm/react-dom@18.3.1_react@18.3.1/node_modules/react-dom/cjs/react-dom.development.js:4277:31)
      at beginWork$1 (../../node_modules/.pnpm/react-dom@18.3.1_react@18.3.1/node_modules/react-dom/cjs/react-dom.development.js:27490:7)
      at performUnitOfWork (../../node_modules/.pnpm/react-dom@18.3.1_react@18.3.1/node_modules/react-dom/cjs/react-dom.development.js:26599:12)
      at workLoopSync (../../node_modules/.pnpm/react-dom@18.3.1_react@18.3.1/node_modules/react-dom/cjs/react-dom.development.js:26505:5)
      at renderRootSync (../../node_modules/.pnpm/react-dom@18.3.1_react@18.3.1/node_modules/react-dom/cjs/react-dom.development.js:26473:7)
      at recoverFromConcurrentError (../../node_modules/.pnpm/react-dom@18.3.1_react@18.3.1/node_modules/react-dom/cjs/react-dom.development.js:25889:20)
      at performConcurrentWorkOnRoot (../../node_modules/.pnpm/react-dom@18.3.1_react@18.3.1/node_modules/react-dom/cjs/react-dom.development.js:25789:22)
      at flushActQueue (../../node_modules/.pnpm/react@18.3.1/node_modules/react/cjs/react.development.js:2667:24)
      at act (../../node_modules/.pnpm/react@18.3.1/node_modules/react/cjs/react.development.js:2582:11)
      at ../../node_modules/.pnpm/@testing-library+react@16.3.2_@testing-library+dom@10.4.1_@types+react-dom@18.3.7_@types+reac_3k5f6qynewwmkoqvlvtzlgtsjq/node_modules/@testing-library/react/dist/act-compat.js:46:25
      at renderRoot (../../node_modules/.pnpm/@testing-library+react@16.3.2_@testing-library+dom@10.4.1_@types+react-dom@18.3.7_@types+reac_3k5f6qynewwmkoqvlvtzlgtsjq/node_modules/@testing-library/react/dist/pure.js:189:26)
      at render (../../node_modules/.pnpm/@testing-library+react@16.3.2_@testing-library+dom@10.4.1_@types+react-dom@18.3.7_@types+reac_3k5f6qynewwmkoqvlvtzlgtsjq/node_modules/@testing-library/react/dist/pure.js:291:10)
      at Object.<anonymous> (components/__tests__/apps-table.test.tsx:57:11)

    console.error
      Error: Uncaught [Error: `Tooltip` must be used within `TooltipProvider`]
          at reportException (/app/node_modules/.pnpm/jsdom@20.0.3/node_modules/jsdom/lib/jsdom/living/helpers/runtime-script-errors.js:66:24)
          at innerInvokeEventListeners (/app/node_modules/.pnpm/jsdom@20.0.3/node_modules/jsdom/lib/jsdom/living/events/EventTarget-impl.js:353:9)
          at invokeEventListeners (/app/node_modules/.pnpm/jsdom@20.0.3/node_modules/jsdom/lib/jsdom/living/events/EventTarget-impl.js:286:3)
          at HTMLUnknownElementImpl._dispatch (/app/node_modules/.pnpm/jsdom@20.0.3/node_modules/jsdom/lib/jsdom/living/events/EventTarget-impl.js:233:9)
          at HTMLUnknownElementImpl.dispatchEvent (/app/node_modules/.pnpm/jsdom@20.0.3/node_modules/jsdom/lib/jsdom/living/events/EventTarget-impl.js:104:17)
          at HTMLUnknownElement.dispatchEvent (/app/node_modules/.pnpm/jsdom@20.0.3/node_modules/jsdom/lib/jsdom/living/generated/EventTarget.js:241:34)
          at Object.invokeGuardedCallbackDev (/app/node_modules/.pnpm/react-dom@18.3.1_react@18.3.1/node_modules/react-dom/cjs/react-dom.development.js:4213:16)
          at invokeGuardedCallback (/app/node_modules/.pnpm/react-dom@18.3.1_react@18.3.1/node_modules/react-dom/cjs/react-dom.development.js:4277:31)
          at beginWork$1 (/app/node_modules/.pnpm/react-dom@18.3.1_react@18.3.1/node_modules/react-dom/cjs/react-dom.development.js:27490:7)
          at performUnitOfWork (/app/node_modules/.pnpm/react-dom@18.3.1_react@18.3.1/node_modules/react-dom/cjs/react-dom.development.js:26599:12)
          at workLoopSync (/app/node_modules/.pnpm/react-dom@18.3.1_react@18.3.1/node_modules/react-dom/cjs/react-dom.development.js:26505:5)
          at renderRootSync (/app/node_modules/.pnpm/react-dom@18.3.1_react@18.3.1/node_modules/react-dom/cjs/react-dom.development.js:26473:7)
          at recoverFromConcurrentError (/app/node_modules/.pnpm/react-dom@18.3.1_react@18.3.1/node_modules/react-dom/cjs/react-dom.development.js:25889:20)
          at performConcurrentWorkOnRoot (/app/node_modules/.pnpm/react-dom@18.3.1_react@18.3.1/node_modules/react-dom/cjs/react-dom.development.js:25789:22)
          at flushActQueue (/app/node_modules/.pnpm/react@18.3.1/node_modules/react/cjs/react.development.js:2667:24)
          at act (/app/node_modules/.pnpm/react@18.3.1/node_modules/react/cjs/react.development.js:2582:11)
          at /app/node_modules/.pnpm/@testing-library+react@16.3.2_@testing-library+dom@10.4.1_@types+react-dom@18.3.7_@types+reac_3k5f6qynewwmkoqvlvtzlgtsjq/node_modules/@testing-library/react/dist/act-compat.js:46:25
          at renderRoot (/app/node_modules/.pnpm/@testing-library+react@16.3.2_@testing-library+dom@10.4.1_@types+react-dom@18.3.7_@types+reac_3k5f6qynewwmkoqvlvtzlgtsjq/node_modules/@testing-library/react/dist/pure.js:189:26)
          at render (/app/node_modules/.pnpm/@testing-library+react@16.3.2_@testing-library+dom@10.4.1_@types+react-dom@18.3.7_@types+reac_3k5f6qynewwmkoqvlvtzlgtsjq/node_modules/@testing-library/react/dist/pure.js:291:10)
          at Object.<anonymous> (/app/apps/admin/components/__tests__/apps-table.test.tsx:57:11)
          at Promise.then.completed (/app/node_modules/.pnpm/jest-circus@29.7.0/node_modules/jest-circus/build/utils.js:298:28)
          at new Promise (<anonymous>)
          at callAsyncCircusFn (/app/node_modules/.pnpm/jest-circus@29.7.0/node_modules/jest-circus/build/utils.js:231:10)
          at _callCircusTest (/app/node_modules/.pnpm/jest-circus@29.7.0/node_modules/jest-circus/build/run.js:316:40)
          at processTicksAndRejections (node:internal/process/task_queues:103:5)
          at _runTest (/app/node_modules/.pnpm/jest-circus@29.7.0/node_modules/jest-circus/build/run.js:252:3)
          at _runTestsForDescribeBlock (/app/node_modules/.pnpm/jest-circus@29.7.0/node_modules/jest-circus/build/run.js:126:9)
          at _runTestsForDescribeBlock (/app/node_modules/.pnpm/jest-circus@29.7.0/node_modules/jest-circus/build/run.js:121:9)
          at run (/app/node_modules/.pnpm/jest-circus@29.7.0/node_modules/jest-circus/build/run.js:71:3)
          at runAndTransformResultsToJestFormat (/app/node_modules/.pnpm/jest-circus@29.7.0/node_modules/jest-circus/build/legacy-code-todo-rewrite/jestAdapterInit.js:122:21)
          at jestAdapter (/app/node_modules/.pnpm/jest-circus@29.7.0/node_modules/jest-circus/build/legacy-code-todo-rewrite/jestAdapter.js:79:19)
          at runTestInternal (/app/node_modules/.pnpm/jest-runner@29.7.0/node_modules/jest-runner/build/runTest.js:367:16)
          at runTest (/app/node_modules/.pnpm/jest-runner@29.7.0/node_modules/jest-runner/build/runTest.js:444:34)
          at Object.worker (/app/node_modules/.pnpm/jest-runner@29.7.0/node_modules/jest-runner/build/testWorker.js:106:12) {
        detail: Error: `Tooltip` must be used within `TooltipProvider`
            at useContext2 (/app/node_modules/.pnpm/@radix-ui+react-context@1.1.2_@types+react@18.3.29_react@18.3.1/node_modules/@radix-ui/react-context/src/create-context.tsx:75:13)
            at Tooltip (/app/node_modules/.pnpm/@radix-ui+react-tooltip@1.2.8_@types+react-dom@18.3.7_@types+react@18.3.29__@types+react@18.3_xrwsnt2rmlacewwolijhmzdoxi/node_modules/@radix-ui/react-tooltip/src/tooltip.tsx:162:27)
            at renderWithHooks (/app/node_modules/.pnpm/react-dom@18.3.1_react@18.3.1/node_modules/react-dom/cjs/react-dom.development.js:15486:18)
            at mountIndeterminateComponent (/app/node_modules/.pnpm/react-dom@18.3.1_react@18.3.1/node_modules/react-dom/cjs/react-dom.development.js:20103:13)
            at beginWork (/app/node_modules/.pnpm/react-dom@18.3.1_react@18.3.1/node_modules/react-dom/cjs/react-dom.development.js:21626:16)
            at HTMLUnknownElement.callCallback (/app/node_modules/.pnpm/react-dom@18.3.1_react@18.3.1/node_modules/react-dom/cjs/react-dom.development.js:4164:14)
            at HTMLUnknownElement.callTheUserObjectsOperation (/app/node_modules/.pnpm/jsdom@20.0.3/node_modules/jsdom/lib/jsdom/living/generated/EventListener.js:26:30)
            at innerInvokeEventListeners (/app/node_modules/.pnpm/jsdom@20.0.3/node_modules/jsdom/lib/jsdom/living/events/EventTarget-impl.js:350:25)
            at invokeEventListeners (/app/node_modules/.pnpm/jsdom@20.0.3/node_modules/jsdom/lib/jsdom/living/events/EventTarget-impl.js:286:3)
            at HTMLUnknownElementImpl._dispatch (/app/node_modules/.pnpm/jsdom@20.0.3/node_modules/jsdom/lib/jsdom/living/events/EventTarget-impl.js:233:9)
            at HTMLUnknownElementImpl.dispatchEvent (/app/node_modules/.pnpm/jsdom@20.0.3/node_modules/jsdom/lib/jsdom/living/events/EventTarget-impl.js:104:17)
            at HTMLUnknownElement.dispatchEvent (/app/node_modules/.pnpm/jsdom@20.0.3/node_modules/jsdom/lib/jsdom/living/generated/EventTarget.js:241:34)
            at Object.invokeGuardedCallbackDev (/app/node_modules/.pnpm/react-dom@18.3.1_react@18.3.1/node_modules/react-dom/cjs/react-dom.development.js:4213:16)
            at invokeGuardedCallback (/app/node_modules/.pnpm/react-dom@18.3.1_react@18.3.1/node_modules/react-dom/cjs/react-dom.development.js:4277:31)
            at beginWork$1 (/app/node_modules/.pnpm/react-dom@18.3.1_react@18.3.1/node_modules/react-dom/cjs/react-dom.development.js:27490:7)
            at performUnitOfWork (/app/node_modules/.pnpm/react-dom@18.3.1_react@18.3.1/node_modules/react-dom/cjs/react-dom.development.js:26599:12)
            at workLoopSync (/app/node_modules/.pnpm/react-dom@18.3.1_react@18.3.1/node_modules/react-dom/cjs/react-dom.development.js:26505:5)
            at renderRootSync (/app/node_modules/.pnpm/react-dom@18.3.1_react@18.3.1/node_modules/react-dom/cjs/react-dom.development.js:26473:7)
            at recoverFromConcurrentError (/app/node_modules/.pnpm/react-dom@18.3.1_react@18.3.1/node_modules/react-dom/cjs/react-dom.development.js:25889:20)
            at performConcurrentWorkOnRoot (/app/node_modules/.pnpm/react-dom@18.3.1_react@18.3.1/node_modules/react-dom/cjs/react-dom.development.js:25789:22)
            at flushActQueue (/app/node_modules/.pnpm/react@18.3.1/node_modules/react/cjs/react.development.js:2667:24)
            at act (/app/node_modules/.pnpm/react@18.3.1/node_modules/react/cjs/react.development.js:2582:11)
            at /app/node_modules/.pnpm/@testing-library+react@16.3.2_@testing-library+dom@10.4.1_@types+react-dom@18.3.7_@types+reac_3k5f6qynewwmkoqvlvtzlgtsjq/node_modules/@testing-library/react/dist/act-compat.js:46:25
            at renderRoot (/app/node_modules/.pnpm/@testing-library+react@16.3.2_@testing-library+dom@10.4.1_@types+react-dom@18.3.7_@types+reac_3k5f6qynewwmkoqvlvtzlgtsjq/node_modules/@testing-library/react/dist/pure.js:189:26)
            at render (/app/node_modules/.pnpm/@testing-library+react@16.3.2_@testing-library+dom@10.4.1_@types+react-dom@18.3.7_@types+reac_3k5f6qynewwmkoqvlvtzlgtsjq/node_modules/@testing-library/react/dist/pure.js:291:10)
            at Object.<anonymous> (/app/apps/admin/components/__tests__/apps-table.test.tsx:57:11)
            at Promise.then.completed (/app/node_modules/.pnpm/jest-circus@29.7.0/node_modules/jest-circus/build/utils.js:298:28)
            at new Promise (<anonymous>)
            at callAsyncCircusFn (/app/node_modules/.pnpm/jest-circus@29.7.0/node_modules/jest-circus/build/utils.js:231:10)
            at _callCircusTest (/app/node_modules/.pnpm/jest-circus@29.7.0/node_modules/jest-circus/build/run.js:316:40)
            at processTicksAndRejections (node:internal/process/task_queues:103:5)
            at _runTest (/app/node_modules/.pnpm/jest-circus@29.7.0/node_modules/jest-circus/build/run.js:252:3)
            at _runTestsForDescribeBlock (/app/node_modules/.pnpm/jest-circus@29.7.0/node_modules/jest-circus/build/run.js:126:9)
            at _runTestsForDescribeBlock (/app/node_modules/.pnpm/jest-circus@29.7.0/node_modules/jest-circus/build/run.js:121:9)
            at run (/app/node_modules/.pnpm/jest-circus@29.7.0/node_modules/jest-circus/build/run.js:71:3)
            at runAndTransformResultsToJestFormat (/app/node_modules/.pnpm/jest-circus@29.7.0/node_modules/jest-circus/build/legacy-code-todo-rewrite/jestAdapterInit.js:122:21)
            at jestAdapter (/app/node_modules/.pnpm/jest-circus@29.7.0/node_modules/jest-circus/build/legacy-code-todo-rewrite/jestAdapter.js:79:19)
            at runTestInternal (/app/node_modules/.pnpm/jest-runner@29.7.0/node_modules/jest-runner/build/runTest.js:367:16)
            at runTest (/app/node_modules/.pnpm/jest-runner@29.7.0/node_modules/jest-runner/build/runTest.js:444:34)
            at Object.worker (/app/node_modules/.pnpm/jest-runner@29.7.0/node_modules/jest-runner/build/testWorker.js:106:12),
        type: 'unhandled exception'
      }

      55 |
      56 |   it('renders rows from initial data', () => {
    > 57 |     render(withIntl(<AppsTable initial={initial} />))
         |           ^
      58 |     expect(screen.getByText('Customer Portal')).toBeInTheDocument()
      59 |     expect(screen.getByText('SassyAuth')).toBeInTheDocument()
      60 |   })

      at VirtualConsole.<anonymous> (../../node_modules/.pnpm/jest-environment-jsdom@29.7.0/node_modules/jest-environment-jsdom/build/index.js:63:23)
      at reportException (../../node_modules/.pnpm/jsdom@20.0.3/node_modules/jsdom/lib/jsdom/living/helpers/runtime-script-errors.js:70:28)
      at innerInvokeEventListeners (../../node_modules/.pnpm/jsdom@20.0.3/node_modules/jsdom/lib/jsdom/living/events/EventTarget-impl.js:353:9)
      at invokeEventListeners (../../node_modules/.pnpm/jsdom@20.0.3/node_modules/jsdom/lib/jsdom/living/events/EventTarget-impl.js:286:3)
      at HTMLUnknownElementImpl._dispatch (../../node_modules/.pnpm/jsdom@20.0.3/node_modules/jsdom/lib/jsdom/living/events/EventTarget-impl.js:233:9)
      at HTMLUnknownElementImpl.dispatchEvent (../../node_modules/.pnpm/jsdom@20.0.3/node_modules/jsdom/lib/jsdom/living/events/EventTarget-impl.js:104:17)
      at HTMLUnknownElement.dispatchEvent (../../node_modules/.pnpm/jsdom@20.0.3/node_modules/jsdom/lib/jsdom/living/generated/EventTarget.js:241:34)
      at Object.invokeGuardedCallbackDev (../../node_modules/.pnpm/react-dom@18.3.1_react@18.3.1/node_modules/react-dom/cjs/react-dom.development.js:4213:16)
      at invokeGuardedCallback (../../node_modules/.pnpm/react-dom@18.3.1_react@18.3.1/node_modules/react-dom/cjs/react-dom.development.js:4277:31)
      at beginWork$1 (../../node_modules/.pnpm/react-dom@18.3.1_react@18.3.1/node_modules/react-dom/cjs/react-dom.development.js:27490:7)
      at performUnitOfWork (../../node_modules/.pnpm/react-dom@18.3.1_react@18.3.1/node_modules/react-dom/cjs/react-dom.development.js:26599:12)
      at workLoopSync (../../node_modules/.pnpm/react-dom@18.3.1_react@18.3.1/node_modules/react-dom/cjs/react-dom.development.js:26505:5)
      at renderRootSync (../../node_modules/.pnpm/react-dom@18.3.1_react@18.3.1/node_modules/react-dom/cjs/react-dom.development.js:26473:7)
      at recoverFromConcurrentError (../../node_modules/.pnpm/react-dom@18.3.1_react@18.3.1/node_modules/react-dom/cjs/react-dom.development.js:25889:20)
      at performConcurrentWorkOnRoot (../../node_modules/.pnpm/react-dom@18.3.1_react@18.3.1/node_modules/react-dom/cjs/react-dom.development.js:25789:22)
      at flushActQueue (../../node_modules/.pnpm/react@18.3.1/node_modules/react/cjs/react.development.js:2667:24)
      at act (../../node_modules/.pnpm/react@18.3.1/node_modules/react/cjs/react.development.js:2582:11)
      at ../../node_modules/.pnpm/@testing-library+react@16.3.2_@testing-library+dom@10.4.1_@types+react-dom@18.3.7_@types+reac_3k5f6qynewwmkoqvlvtzlgtsjq/node_modules/@testing-library/react/dist/act-compat.js:46:25
      at renderRoot (../../node_modules/.pnpm/@testing-library+react@16.3.2_@testing-library+dom@10.4.1_@types+react-dom@18.3.7_@types+reac_3k5f6qynewwmkoqvlvtzlgtsjq/node_modules/@testing-library/react/dist/pure.js:189:26)
      at render (../../node_modules/.pnpm/@testing-library+react@16.3.2_@testing-library+dom@10.4.1_@types+react-dom@18.3.7_@types+reac_3k5f6qynewwmkoqvlvtzlgtsjq/node_modules/@testing-library/react/dist/pure.js:291:10)
      at Object.<anonymous> (components/__tests__/apps-table.test.tsx:57:11)

    console.error
      The above error occurred in the <Tooltip> component:

          at Tooltip (/app/node_modules/.pnpm/@radix-ui+react-tooltip@1.2.8_@types+react-dom@18.3.7_@types+react@18.3.29__@types+react@18.3_xrwsnt2rmlacewwolijhmzdoxi/node_modules/@radix-ui/react-tooltip/src/tooltip.tsx:154:5)
          at div
          at cell (/app/apps/admin/components/apps-table.tsx:75:16)
          at td
          at /app/packages/ui/src/components/ui/table.tsx:87:6
          at tr
          at /app/packages/ui/src/components/ui/table.tsx:57:6
          at tbody
          at /app/packages/ui/src/components/ui/table.tsx:30:6
          at table
          at div
          at /app/packages/ui/src/components/ui/table.tsx:8:6
          at DataTable (/app/packages/ui/src/components/data-table.tsx:23:36)
          at div
          at AppsTable (/app/apps/admin/components/apps-table.tsx:22:29)
          at IntlProvider (/app/node_modules/.pnpm/use-intl@3.26.5_react@18.3.1/node_modules/use-intl/dist/development/_IntlProvider.js:16:5)
          at NextIntlClientProvider (/app/node_modules/.pnpm/next-intl@3.26.5_next@15.5.18_@babel+core@7.29.7_@opentelemetry+api@1.9.1_@playwright+test@1._uib3rlo2eksg3yll53rffkx7ea/node_modules/next-intl/dist/development/shared/NextIntlClientProvider.js:16:5)

      Consider adding an error boundary to your tree to customize error handling behavior.
      Visit https://reactjs.org/link/error-boundaries to learn more about error boundaries.

      55 |
      56 |   it('renders rows from initial data', () => {
    > 57 |     render(withIntl(<AppsTable initial={initial} />))
         |           ^
      58 |     expect(screen.getByText('Customer Portal')).toBeInTheDocument()
      59 |     expect(screen.getByText('SassyAuth')).toBeInTheDocument()
      60 |   })

      at logCapturedError (../../node_modules/.pnpm/react-dom@18.3.1_react@18.3.1/node_modules/react-dom/cjs/react-dom.development.js:18704:23)
      at update.callback (../../node_modules/.pnpm/react-dom@18.3.1_react@18.3.1/node_modules/react-dom/cjs/react-dom.development.js:18737:5)
      at callCallback (../../node_modules/.pnpm/react-dom@18.3.1_react@18.3.1/node_modules/react-dom/cjs/react-dom.development.js:15036:12)
      at commitUpdateQueue (../../node_modules/.pnpm/react-dom@18.3.1_react@18.3.1/node_modules/react-dom/cjs/react-dom.development.js:15057:9)
      at commitLayoutEffectOnFiber (../../node_modules/.pnpm/react-dom@18.3.1_react@18.3.1/node_modules/react-dom/cjs/react-dom.development.js:23430:13)
      at commitLayoutMountEffects_complete (../../node_modules/.pnpm/react-dom@18.3.1_react@18.3.1/node_modules/react-dom/cjs/react-dom.development.js:24727:9)
      at commitLayoutEffects_begin (../../node_modules/.pnpm/react-dom@18.3.1_react@18.3.1/node_modules/react-dom/cjs/react-dom.development.js:24713:7)
      at commitLayoutEffects (../../node_modules/.pnpm/react-dom@18.3.1_react@18.3.1/node_modules/react-dom/cjs/react-dom.development.js:24651:3)
      at commitRootImpl (../../node_modules/.pnpm/react-dom@18.3.1_react@18.3.1/node_modules/react-dom/cjs/react-dom.development.js:26862:5)
      at commitRoot (../../node_modules/.pnpm/react-dom@18.3.1_react@18.3.1/node_modules/react-dom/cjs/react-dom.development.js:26721:5)
      at finishConcurrentRender (../../node_modules/.pnpm/react-dom@18.3.1_react@18.3.1/node_modules/react-dom/cjs/react-dom.development.js:25931:9)
      at performConcurrentWorkOnRoot (../../node_modules/.pnpm/react-dom@18.3.1_react@18.3.1/node_modules/react-dom/cjs/react-dom.development.js:25848:7)
      at flushActQueue (../../node_modules/.pnpm/react@18.3.1/node_modules/react/cjs/react.development.js:2667:24)
      at act (../../node_modules/.pnpm/react@18.3.1/node_modules/react/cjs/react.development.js:2582:11)
      at ../../node_modules/.pnpm/@testing-library+react@16.3.2_@testing-library+dom@10.4.1_@types+react-dom@18.3.7_@types+reac_3k5f6qynewwmkoqvlvtzlgtsjq/node_modules/@testing-library/react/dist/act-compat.js:46:25
      at renderRoot (../../node_modules/.pnpm/@testing-library+react@16.3.2_@testing-library+dom@10.4.1_@types+react-dom@18.3.7_@types+reac_3k5f6qynewwmkoqvlvtzlgtsjq/node_modules/@testing-library/react/dist/pure.js:189:26)
      at render (../../node_modules/.pnpm/@testing-library+react@16.3.2_@testing-library+dom@10.4.1_@types+react-dom@18.3.7_@types+reac_3k5f6qynewwmkoqvlvtzlgtsjq/node_modules/@testing-library/react/dist/pure.js:291:10)
      at Object.<anonymous> (components/__tests__/apps-table.test.tsx:57:11)

    console.error
      The above error occurred in the <Tooltip> component:

          at Tooltip (/app/node_modules/.pnpm/@radix-ui+react-tooltip@1.2.8_@types+react-dom@18.3.7_@types+react@18.3.29__@types+react@18.3_xrwsnt2rmlacewwolijhmzdoxi/node_modules/@radix-ui/react-tooltip/src/tooltip.tsx:154:5)
          at Passthrough (/app/apps/admin/components/__tests__/apps-table.test.tsx:20:26)
          at cell (/app/apps/admin/components/apps-table.tsx:107:16)
          at td
          at /app/packages/ui/src/components/ui/table.tsx:87:6
          at tr
          at /app/packages/ui/src/components/ui/table.tsx:57:6
          at tbody
          at /app/packages/ui/src/components/ui/table.tsx:30:6
          at table
          at div
          at /app/packages/ui/src/components/ui/table.tsx:8:6
          at DataTable (/app/packages/ui/src/components/data-table.tsx:23:36)
          at div
          at AppsTable (/app/apps/admin/components/apps-table.tsx:22:29)
          at IntlProvider (/app/node_modules/.pnpm/use-intl@3.26.5_react@18.3.1/node_modules/use-intl/dist/development/_IntlProvider.js:16:5)
          at NextIntlClientProvider (/app/node_modules/.pnpm/next-intl@3.26.5_next@15.5.18_@babel+core@7.29.7_@opentelemetry+api@1.9.1_@playwright+test@1._uib3rlo2eksg3yll53rffkx7ea/node_modules/next-intl/dist/development/shared/NextIntlClientProvider.js:16:5)

      Consider adding an error boundary to your tree to customize error handling behavior.
      Visit https://reactjs.org/link/error-boundaries to learn more about error boundaries.

      55 |
      56 |   it('renders rows from initial data', () => {
    > 57 |     render(withIntl(<AppsTable initial={initial} />))
         |           ^
      58 |     expect(screen.getByText('Customer Portal')).toBeInTheDocument()
      59 |     expect(screen.getByText('SassyAuth')).toBeInTheDocument()
      60 |   })

      at logCapturedError (../../node_modules/.pnpm/react-dom@18.3.1_react@18.3.1/node_modules/react-dom/cjs/react-dom.development.js:18704:23)
      at update.callback (../../node_modules/.pnpm/react-dom@18.3.1_react@18.3.1/node_modules/react-dom/cjs/react-dom.development.js:18737:5)
      at callCallback (../../node_modules/.pnpm/react-dom@18.3.1_react@18.3.1/node_modules/react-dom/cjs/react-dom.development.js:15036:12)
      at commitUpdateQueue (../../node_modules/.pnpm/react-dom@18.3.1_react@18.3.1/node_modules/react-dom/cjs/react-dom.development.js:15057:9)
      at commitLayoutEffectOnFiber (../../node_modules/.pnpm/react-dom@18.3.1_react@18.3.1/node_modules/react-dom/cjs/react-dom.development.js:23430:13)
      at commitLayoutMountEffects_complete (../../node_modules/.pnpm/react-dom@18.3.1_react@18.3.1/node_modules/react-dom/cjs/react-dom.development.js:24727:9)
      at commitLayoutEffects_begin (../../node_modules/.pnpm/react-dom@18.3.1_react@18.3.1/node_modules/react-dom/cjs/react-dom.development.js:24713:7)
      at commitLayoutEffects (../../node_modules/.pnpm/react-dom@18.3.1_react@18.3.1/node_modules/react-dom/cjs/react-dom.development.js:24651:3)
      at commitRootImpl (../../node_modules/.pnpm/react-dom@18.3.1_react@18.3.1/node_modules/react-dom/cjs/react-dom.development.js:26862:5)
      at commitRoot (../../node_modules/.pnpm/react-dom@18.3.1_react@18.3.1/node_modules/react-dom/cjs/react-dom.development.js:26721:5)
      at finishConcurrentRender (../../node_modules/.pnpm/react-dom@18.3.1_react@18.3.1/node_modules/react-dom/cjs/react-dom.development.js:25931:9)
      at performConcurrentWorkOnRoot (../../node_modules/.pnpm/react-dom@18.3.1_react@18.3.1/node_modules/react-dom/cjs/react-dom.development.js:25848:7)
      at flushActQueue (../../node_modules/.pnpm/react@18.3.1/node_modules/react/cjs/react.development.js:2667:24)
      at act (../../node_modules/.pnpm/react@18.3.1/node_modules/react/cjs/react.development.js:2582:11)
      at ../../node_modules/.pnpm/@testing-library+react@16.3.2_@testing-library+dom@10.4.1_@types+react-dom@18.3.7_@types+reac_3k5f6qynewwmkoqvlvtzlgtsjq/node_modules/@testing-library/react/dist/act-compat.js:46:25
      at renderRoot (../../node_modules/.pnpm/@testing-library+react@16.3.2_@testing-library+dom@10.4.1_@types+react-dom@18.3.7_@types+reac_3k5f6qynewwmkoqvlvtzlgtsjq/node_modules/@testing-library/react/dist/pure.js:189:26)
      at render (../../node_modules/.pnpm/@testing-library+react@16.3.2_@testing-library+dom@10.4.1_@types+react-dom@18.3.7_@types+reac_3k5f6qynewwmkoqvlvtzlgtsjq/node_modules/@testing-library/react/dist/pure.js:291:10)
      at Object.<anonymous> (components/__tests__/apps-table.test.tsx:57:11)

    console.error
      The above error occurred in the <Tooltip> component:

          at Tooltip (/app/node_modules/.pnpm/@radix-ui+react-tooltip@1.2.8_@types+react-dom@18.3.7_@types+react@18.3.29__@types+react@18.3_xrwsnt2rmlacewwolijhmzdoxi/node_modules/@radix-ui/react-tooltip/src/tooltip.tsx:154:5)
          at div
          at cell (/app/apps/admin/components/apps-table.tsx:75:16)
          at td
          at /app/packages/ui/src/components/ui/table.tsx:87:6
          at tr
          at /app/packages/ui/src/components/ui/table.tsx:57:6
          at tbody
          at /app/packages/ui/src/components/ui/table.tsx:30:6
          at table
          at div
          at /app/packages/ui/src/components/ui/table.tsx:8:6
          at DataTable (/app/packages/ui/src/components/data-table.tsx:23:36)
          at div
          at AppsTable (/app/apps/admin/components/apps-table.tsx:22:29)
          at IntlProvider (/app/node_modules/.pnpm/use-intl@3.26.5_react@18.3.1/node_modules/use-intl/dist/development/_IntlProvider.js:16:5)
          at NextIntlClientProvider (/app/node_modules/.pnpm/next-intl@3.26.5_next@15.5.18_@babel+core@7.29.7_@opentelemetry+api@1.9.1_@playwright+test@1._uib3rlo2eksg3yll53rffkx7ea/node_modules/next-intl/dist/development/shared/NextIntlClientProvider.js:16:5)

      Consider adding an error boundary to your tree to customize error handling behavior.
      Visit https://reactjs.org/link/error-boundaries to learn more about error boundaries.

      55 |
      56 |   it('renders rows from initial data', () => {
    > 57 |     render(withIntl(<AppsTable initial={initial} />))
         |           ^
      58 |     expect(screen.getByText('Customer Portal')).toBeInTheDocument()
      59 |     expect(screen.getByText('SassyAuth')).toBeInTheDocument()
      60 |   })

      at logCapturedError (../../node_modules/.pnpm/react-dom@18.3.1_react@18.3.1/node_modules/react-dom/cjs/react-dom.development.js:18704:23)
      at update.callback (../../node_modules/.pnpm/react-dom@18.3.1_react@18.3.1/node_modules/react-dom/cjs/react-dom.development.js:18737:5)
      at callCallback (../../node_modules/.pnpm/react-dom@18.3.1_react@18.3.1/node_modules/react-dom/cjs/react-dom.development.js:15036:12)
      at commitUpdateQueue (../../node_modules/.pnpm/react-dom@18.3.1_react@18.3.1/node_modules/react-dom/cjs/react-dom.development.js:15057:9)
      at commitLayoutEffectOnFiber (../../node_modules/.pnpm/react-dom@18.3.1_react@18.3.1/node_modules/react-dom/cjs/react-dom.development.js:23430:13)
      at commitLayoutMountEffects_complete (../../node_modules/.pnpm/react-dom@18.3.1_react@18.3.1/node_modules/react-dom/cjs/react-dom.development.js:24727:9)
      at commitLayoutEffects_begin (../../node_modules/.pnpm/react-dom@18.3.1_react@18.3.1/node_modules/react-dom/cjs/react-dom.development.js:24713:7)
      at commitLayoutEffects (../../node_modules/.pnpm/react-dom@18.3.1_react@18.3.1/node_modules/react-dom/cjs/react-dom.development.js:24651:3)
      at commitRootImpl (../../node_modules/.pnpm/react-dom@18.3.1_react@18.3.1/node_modules/react-dom/cjs/react-dom.development.js:26862:5)
      at commitRoot (../../node_modules/.pnpm/react-dom@18.3.1_react@18.3.1/node_modules/react-dom/cjs/react-dom.development.js:26721:5)
      at finishConcurrentRender (../../node_modules/.pnpm/react-dom@18.3.1_react@18.3.1/node_modules/react-dom/cjs/react-dom.development.js:25931:9)
      at performConcurrentWorkOnRoot (../../node_modules/.pnpm/react-dom@18.3.1_react@18.3.1/node_modules/react-dom/cjs/react-dom.development.js:25848:7)
      at flushActQueue (../../node_modules/.pnpm/react@18.3.1/node_modules/react/cjs/react.development.js:2667:24)
      at act (../../node_modules/.pnpm/react@18.3.1/node_modules/react/cjs/react.development.js:2582:11)
      at ../../node_modules/.pnpm/@testing-library+react@16.3.2_@testing-library+dom@10.4.1_@types+react-dom@18.3.7_@types+reac_3k5f6qynewwmkoqvlvtzlgtsjq/node_modules/@testing-library/react/dist/act-compat.js:46:25
      at renderRoot (../../node_modules/.pnpm/@testing-library+react@16.3.2_@testing-library+dom@10.4.1_@types+react-dom@18.3.7_@types+reac_3k5f6qynewwmkoqvlvtzlgtsjq/node_modules/@testing-library/react/dist/pure.js:189:26)
      at render (../../node_modules/.pnpm/@testing-library+react@16.3.2_@testing-library+dom@10.4.1_@types+react-dom@18.3.7_@types+reac_3k5f6qynewwmkoqvlvtzlgtsjq/node_modules/@testing-library/react/dist/pure.js:291:10)
      at Object.<anonymous> (components/__tests__/apps-table.test.tsx:57:11)

    console.error
      The above error occurred in the <Tooltip> component:

          at Tooltip (/app/node_modules/.pnpm/@radix-ui+react-tooltip@1.2.8_@types+react-dom@18.3.7_@types+react@18.3.29__@types+react@18.3_xrwsnt2rmlacewwolijhmzdoxi/node_modules/@radix-ui/react-tooltip/src/tooltip.tsx:154:5)
          at Passthrough (/app/apps/admin/components/__tests__/apps-table.test.tsx:20:26)
          at cell (/app/apps/admin/components/apps-table.tsx:107:16)
          at td
          at /app/packages/ui/src/components/ui/table.tsx:87:6
          at tr
          at /app/packages/ui/src/components/ui/table.tsx:57:6
          at tbody
          at /app/packages/ui/src/components/ui/table.tsx:30:6
          at table
          at div
          at /app/packages/ui/src/components/ui/table.tsx:8:6
          at DataTable (/app/packages/ui/src/components/data-table.tsx:23:36)
          at div
          at AppsTable (/app/apps/admin/components/apps-table.tsx:22:29)
          at IntlProvider (/app/node_modules/.pnpm/use-intl@3.26.5_react@18.3.1/node_modules/use-intl/dist/development/_IntlProvider.js:16:5)
          at NextIntlClientProvider (/app/node_modules/.pnpm/next-intl@3.26.5_next@15.5.18_@babel+core@7.29.7_@opentelemetry+api@1.9.1_@playwright+test@1._uib3rlo2eksg3yll53rffkx7ea/node_modules/next-intl/dist/development/shared/NextIntlClientProvider.js:16:5)

      Consider adding an error boundary to your tree to customize error handling behavior.
      Visit https://reactjs.org/link/error-boundaries to learn more about error boundaries.

      55 |
      56 |   it('renders rows from initial data', () => {
    > 57 |     render(withIntl(<AppsTable initial={initial} />))
         |           ^
      58 |     expect(screen.getByText('Customer Portal')).toBeInTheDocument()
      59 |     expect(screen.getByText('SassyAuth')).toBeInTheDocument()
      60 |   })

      at logCapturedError (../../node_modules/.pnpm/react-dom@18.3.1_react@18.3.1/node_modules/react-dom/cjs/react-dom.development.js:18704:23)
      at update.callback (../../node_modules/.pnpm/react-dom@18.3.1_react@18.3.1/node_modules/react-dom/cjs/react-dom.development.js:18737:5)
      at callCallback (../../node_modules/.pnpm/react-dom@18.3.1_react@18.3.1/node_modules/react-dom/cjs/react-dom.development.js:15036:12)
      at commitUpdateQueue (../../node_modules/.pnpm/react-dom@18.3.1_react@18.3.1/node_modules/react-dom/cjs/react-dom.development.js:15057:9)
      at commitLayoutEffectOnFiber (../../node_modules/.pnpm/react-dom@18.3.1_react@18.3.1/node_modules/react-dom/cjs/react-dom.development.js:23430:13)
      at commitLayoutMountEffects_complete (../../node_modules/.pnpm/react-dom@18.3.1_react@18.3.1/node_modules/react-dom/cjs/react-dom.development.js:24727:9)
      at commitLayoutEffects_begin (../../node_modules/.pnpm/react-dom@18.3.1_react@18.3.1/node_modules/react-dom/cjs/react-dom.development.js:24713:7)
      at commitLayoutEffects (../../node_modules/.pnpm/react-dom@18.3.1_react@18.3.1/node_modules/react-dom/cjs/react-dom.development.js:24651:3)
      at commitRootImpl (../../node_modules/.pnpm/react-dom@18.3.1_react@18.3.1/node_modules/react-dom/cjs/react-dom.development.js:26862:5)
      at commitRoot (../../node_modules/.pnpm/react-dom@18.3.1_react@18.3.1/node_modules/react-dom/cjs/react-dom.development.js:26721:5)
      at finishConcurrentRender (../../node_modules/.pnpm/react-dom@18.3.1_react@18.3.1/node_modules/react-dom/cjs/react-dom.development.js:25931:9)
      at performConcurrentWorkOnRoot (../../node_modules/.pnpm/react-dom@18.3.1_react@18.3.1/node_modules/react-dom/cjs/react-dom.development.js:25848:7)
      at flushActQueue (../../node_modules/.pnpm/react@18.3.1/node_modules/react/cjs/react.development.js:2667:24)
      at act (../../node_modules/.pnpm/react@18.3.1/node_modules/react/cjs/react.development.js:2582:11)
      at ../../node_modules/.pnpm/@testing-library+react@16.3.2_@testing-library+dom@10.4.1_@types+react-dom@18.3.7_@types+reac_3k5f6qynewwmkoqvlvtzlgtsjq/node_modules/@testing-library/react/dist/act-compat.js:46:25
      at renderRoot (../../node_modules/.pnpm/@testing-library+react@16.3.2_@testing-library+dom@10.4.1_@types+react-dom@18.3.7_@types+reac_3k5f6qynewwmkoqvlvtzlgtsjq/node_modules/@testing-library/react/dist/pure.js:189:26)
      at render (../../node_modules/.pnpm/@testing-library+react@16.3.2_@testing-library+dom@10.4.1_@types+react-dom@18.3.7_@types+reac_3k5f6qynewwmkoqvlvtzlgtsjq/node_modules/@testing-library/react/dist/pure.js:291:10)
      at Object.<anonymous> (components/__tests__/apps-table.test.tsx:57:11)

    console.error
      Error: Uncaught [Error: `Tooltip` must be used within `TooltipProvider`]
          at reportException (/app/node_modules/.pnpm/jsdom@20.0.3/node_modules/jsdom/lib/jsdom/living/helpers/runtime-script-errors.js:66:24)
          at innerInvokeEventListeners (/app/node_modules/.pnpm/jsdom@20.0.3/node_modules/jsdom/lib/jsdom/living/events/EventTarget-impl.js:353:9)
          at invokeEventListeners (/app/node_modules/.pnpm/jsdom@20.0.3/node_modules/jsdom/lib/jsdom/living/events/EventTarget-impl.js:286:3)
          at HTMLUnknownElementImpl._dispatch (/app/node_modules/.pnpm/jsdom@20.0.3/node_modules/jsdom/lib/jsdom/living/events/EventTarget-impl.js:233:9)
          at HTMLUnknownElementImpl.dispatchEvent (/app/node_modules/.pnpm/jsdom@20.0.3/node_modules/jsdom/lib/jsdom/living/events/EventTarget-impl.js:104:17)
          at HTMLUnknownElement.dispatchEvent (/app/node_modules/.pnpm/jsdom@20.0.3/node_modules/jsdom/lib/jsdom/living/generated/EventTarget.js:241:34)
          at Object.invokeGuardedCallbackDev (/app/node_modules/.pnpm/react-dom@18.3.1_react@18.3.1/node_modules/react-dom/cjs/react-dom.development.js:4213:16)
          at invokeGuardedCallback (/app/node_modules/.pnpm/react-dom@18.3.1_react@18.3.1/node_modules/react-dom/cjs/react-dom.development.js:4277:31)
          at beginWork$1 (/app/node_modules/.pnpm/react-dom@18.3.1_react@18.3.1/node_modules/react-dom/cjs/react-dom.development.js:27490:7)
          at performUnitOfWork (/app/node_modules/.pnpm/react-dom@18.3.1_react@18.3.1/node_modules/react-dom/cjs/react-dom.development.js:26599:12)
          at workLoopSync (/app/node_modules/.pnpm/react-dom@18.3.1_react@18.3.1/node_modules/react-dom/cjs/react-dom.development.js:26505:5)
          at renderRootSync (/app/node_modules/.pnpm/react-dom@18.3.1_react@18.3.1/node_modules/react-dom/cjs/react-dom.development.js:26473:7)
          at performConcurrentWorkOnRoot (/app/node_modules/.pnpm/react-dom@18.3.1_react@18.3.1/node_modules/react-dom/cjs/react-dom.development.js:25777:74)
          at flushActQueue (/app/node_modules/.pnpm/react@18.3.1/node_modules/react/cjs/react.development.js:2667:24)
          at act (/app/node_modules/.pnpm/react@18.3.1/node_modules/react/cjs/react.development.js:2582:11)
          at /app/node_modules/.pnpm/@testing-library+react@16.3.2_@testing-library+dom@10.4.1_@types+react-dom@18.3.7_@types+reac_3k5f6qynewwmkoqvlvtzlgtsjq/node_modules/@testing-library/react/dist/act-compat.js:46:25
          at renderRoot (/app/node_modules/.pnpm/@testing-library+react@16.3.2_@testing-library+dom@10.4.1_@types+react-dom@18.3.7_@types+reac_3k5f6qynewwmkoqvlvtzlgtsjq/node_modules/@testing-library/react/dist/pure.js:189:26)
          at render (/app/node_modules/.pnpm/@testing-library+react@16.3.2_@testing-library+dom@10.4.1_@types+react-dom@18.3.7_@types+reac_3k5f6qynewwmkoqvlvtzlgtsjq/node_modules/@testing-library/react/dist/pure.js:291:10)
          at Object.<anonymous> (/app/apps/admin/components/__tests__/apps-table.test.tsx:63:11)
          at Promise.then.completed (/app/node_modules/.pnpm/jest-circus@29.7.0/node_modules/jest-circus/build/utils.js:298:28)
          at new Promise (<anonymous>)
          at callAsyncCircusFn (/app/node_modules/.pnpm/jest-circus@29.7.0/node_modules/jest-circus/build/utils.js:231:10)
          at _callCircusTest (/app/node_modules/.pnpm/jest-circus@29.7.0/node_modules/jest-circus/build/run.js:316:40)
          at processTicksAndRejections (node:internal/process/task_queues:103:5)
          at _runTest (/app/node_modules/.pnpm/jest-circus@29.7.0/node_modules/jest-circus/build/run.js:252:3)
          at _runTestsForDescribeBlock (/app/node_modules/.pnpm/jest-circus@29.7.0/node_modules/jest-circus/build/run.js:126:9)
          at _runTestsForDescribeBlock (/app/node_modules/.pnpm/jest-circus@29.7.0/node_modules/jest-circus/build/run.js:121:9)
          at run (/app/node_modules/.pnpm/jest-circus@29.7.0/node_modules/jest-circus/build/run.js:71:3)
          at runAndTransformResultsToJestFormat (/app/node_modules/.pnpm/jest-circus@29.7.0/node_modules/jest-circus/build/legacy-code-todo-rewrite/jestAdapterInit.js:122:21)
          at jestAdapter (/app/node_modules/.pnpm/jest-circus@29.7.0/node_modules/jest-circus/build/legacy-code-todo-rewrite/jestAdapter.js:79:19)
          at runTestInternal (/app/node_modules/.pnpm/jest-runner@29.7.0/node_modules/jest-runner/build/runTest.js:367:16)
          at runTest (/app/node_modules/.pnpm/jest-runner@29.7.0/node_modules/jest-runner/build/runTest.js:444:34)
          at Object.worker (/app/node_modules/.pnpm/jest-runner@29.7.0/node_modules/jest-runner/build/testWorker.js:106:12) {
        detail: Error: `Tooltip` must be used within `TooltipProvider`
            at useContext2 (/app/node_modules/.pnpm/@radix-ui+react-context@1.1.2_@types+react@18.3.29_react@18.3.1/node_modules/@radix-ui/react-context/src/create-context.tsx:75:13)
            at Tooltip (/app/node_modules/.pnpm/@radix-ui+react-tooltip@1.2.8_@types+react-dom@18.3.7_@types+react@18.3.29__@types+react@18.3_xrwsnt2rmlacewwolijhmzdoxi/node_modules/@radix-ui/react-tooltip/src/tooltip.tsx:162:27)
            at renderWithHooks (/app/node_modules/.pnpm/react-dom@18.3.1_react@18.3.1/node_modules/react-dom/cjs/react-dom.development.js:15486:18)
            at mountIndeterminateComponent (/app/node_modules/.pnpm/react-dom@18.3.1_react@18.3.1/node_modules/react-dom/cjs/react-dom.development.js:20103:13)
            at beginWork (/app/node_modules/.pnpm/react-dom@18.3.1_react@18.3.1/node_modules/react-dom/cjs/react-dom.development.js:21626:16)
            at HTMLUnknownElement.callCallback (/app/node_modules/.pnpm/react-dom@18.3.1_react@18.3.1/node_modules/react-dom/cjs/react-dom.development.js:4164:14)
            at HTMLUnknownElement.callTheUserObjectsOperation (/app/node_modules/.pnpm/jsdom@20.0.3/node_modules/jsdom/lib/jsdom/living/generated/EventListener.js:26:30)
            at innerInvokeEventListeners (/app/node_modules/.pnpm/jsdom@20.0.3/node_modules/jsdom/lib/jsdom/living/events/EventTarget-impl.js:350:25)
            at invokeEventListeners (/app/node_modules/.pnpm/jsdom@20.0.3/node_modules/jsdom/lib/jsdom/living/events/EventTarget-impl.js:286:3)
            at HTMLUnknownElementImpl._dispatch (/app/node_modules/.pnpm/jsdom@20.0.3/node_modules/jsdom/lib/jsdom/living/events/EventTarget-impl.js:233:9)
            at HTMLUnknownElementImpl.dispatchEvent (/app/node_modules/.pnpm/jsdom@20.0.3/node_modules/jsdom/lib/jsdom/living/events/EventTarget-impl.js:104:17)
            at HTMLUnknownElement.dispatchEvent (/app/node_modules/.pnpm/jsdom@20.0.3/node_modules/jsdom/lib/jsdom/living/generated/EventTarget.js:241:34)
            at Object.invokeGuardedCallbackDev (/app/node_modules/.pnpm/react-dom@18.3.1_react@18.3.1/node_modules/react-dom/cjs/react-dom.development.js:4213:16)
            at invokeGuardedCallback (/app/node_modules/.pnpm/react-dom@18.3.1_react@18.3.1/node_modules/react-dom/cjs/react-dom.development.js:4277:31)
            at beginWork$1 (/app/node_modules/.pnpm/react-dom@18.3.1_react@18.3.1/node_modules/react-dom/cjs/react-dom.development.js:27490:7)
            at performUnitOfWork (/app/node_modules/.pnpm/react-dom@18.3.1_react@18.3.1/node_modules/react-dom/cjs/react-dom.development.js:26599:12)
            at workLoopSync (/app/node_modules/.pnpm/react-dom@18.3.1_react@18.3.1/node_modules/react-dom/cjs/react-dom.development.js:26505:5)
            at renderRootSync (/app/node_modules/.pnpm/react-dom@18.3.1_react@18.3.1/node_modules/react-dom/cjs/react-dom.development.js:26473:7)
            at performConcurrentWorkOnRoot (/app/node_modules/.pnpm/react-dom@18.3.1_react@18.3.1/node_modules/react-dom/cjs/react-dom.development.js:25777:74)
            at flushActQueue (/app/node_modules/.pnpm/react@18.3.1/node_modules/react/cjs/react.development.js:2667:24)
            at act (/app/node_modules/.pnpm/react@18.3.1/node_modules/react/cjs/react.development.js:2582:11)
            at /app/node_modules/.pnpm/@testing-library+react@16.3.2_@testing-library+dom@10.4.1_@types+react-dom@18.3.7_@types+reac_3k5f6qynewwmkoqvlvtzlgtsjq/node_modules/@testing-library/react/dist/act-compat.js:46:25
            at renderRoot (/app/node_modules/.pnpm/@testing-library+react@16.3.2_@testing-library+dom@10.4.1_@types+react-dom@18.3.7_@types+reac_3k5f6qynewwmkoqvlvtzlgtsjq/node_modules/@testing-library/react/dist/pure.js:189:26)
            at render (/app/node_modules/.pnpm/@testing-library+react@16.3.2_@testing-library+dom@10.4.1_@types+react-dom@18.3.7_@types+reac_3k5f6qynewwmkoqvlvtzlgtsjq/node_modules/@testing-library/react/dist/pure.js:291:10)
            at Object.<anonymous> (/app/apps/admin/components/__tests__/apps-table.test.tsx:63:11)
            at Promise.then.completed (/app/node_modules/.pnpm/jest-circus@29.7.0/node_modules/jest-circus/build/utils.js:298:28)
            at new Promise (<anonymous>)
            at callAsyncCircusFn (/app/node_modules/.pnpm/jest-circus@29.7.0/node_modules/jest-circus/build/utils.js:231:10)
            at _callCircusTest (/app/node_modules/.pnpm/jest-circus@29.7.0/node_modules/jest-circus/build/run.js:316:40)
            at processTicksAndRejections (node:internal/process/task_queues:103:5)
            at _runTest (/app/node_modules/.pnpm/jest-circus@29.7.0/node_modules/jest-circus/build/run.js:252:3)
            at _runTestsForDescribeBlock (/app/node_modules/.pnpm/jest-circus@29.7.0/node_modules/jest-circus/build/run.js:126:9)
            at _runTestsForDescribeBlock (/app/node_modules/.pnpm/jest-circus@29.7.0/node_modules/jest-circus/build/run.js:121:9)
            at run (/app/node_modules/.pnpm/jest-circus@29.7.0/node_modules/jest-circus/build/run.js:71:3)
            at runAndTransformResultsToJestFormat (/app/node_modules/.pnpm/jest-circus@29.7.0/node_modules/jest-circus/build/legacy-code-todo-rewrite/jestAdapterInit.js:122:21)
            at jestAdapter (/app/node_modules/.pnpm/jest-circus@29.7.0/node_modules/jest-circus/build/legacy-code-todo-rewrite/jestAdapter.js:79:19)
            at runTestInternal (/app/node_modules/.pnpm/jest-runner@29.7.0/node_modules/jest-runner/build/runTest.js:367:16)
            at runTest (/app/node_modules/.pnpm/jest-runner@29.7.0/node_modules/jest-runner/build/runTest.js:444:34)
            at Object.worker (/app/node_modules/.pnpm/jest-runner@29.7.0/node_modules/jest-runner/build/testWorker.js:106:12),
        type: 'unhandled exception'
      }

      61 |
      62 |   it('clicking Delete on an ordinary app opens ConfirmDialog with the app name', async () => {
    > 63 |     render(withIntl(<AppsTable initial={initial} />))
         |           ^
      64 |     // Open the row action menu for Customer Portal (first row)
      65 |     const menuButtons = screen.getAllByRole('button', { name: /more/i })
      66 |     fireEvent.click(menuButtons[0])

      at VirtualConsole.<anonymous> (../../node_modules/.pnpm/jest-environment-jsdom@29.7.0/node_modules/jest-environment-jsdom/build/index.js:63:23)
      at reportException (../../node_modules/.pnpm/jsdom@20.0.3/node_modules/jsdom/lib/jsdom/living/helpers/runtime-script-errors.js:70:28)
      at innerInvokeEventListeners (../../node_modules/.pnpm/jsdom@20.0.3/node_modules/jsdom/lib/jsdom/living/events/EventTarget-impl.js:353:9)
      at invokeEventListeners (../../node_modules/.pnpm/jsdom@20.0.3/node_modules/jsdom/lib/jsdom/living/events/EventTarget-impl.js:286:3)
      at HTMLUnknownElementImpl._dispatch (../../node_modules/.pnpm/jsdom@20.0.3/node_modules/jsdom/lib/jsdom/living/events/EventTarget-impl.js:233:9)
      at HTMLUnknownElementImpl.dispatchEvent (../../node_modules/.pnpm/jsdom@20.0.3/node_modules/jsdom/lib/jsdom/living/events/EventTarget-impl.js:104:17)
      at HTMLUnknownElement.dispatchEvent (../../node_modules/.pnpm/jsdom@20.0.3/node_modules/jsdom/lib/jsdom/living/generated/EventTarget.js:241:34)
      at Object.invokeGuardedCallbackDev (../../node_modules/.pnpm/react-dom@18.3.1_react@18.3.1/node_modules/react-dom/cjs/react-dom.development.js:4213:16)
      at invokeGuardedCallback (../../node_modules/.pnpm/react-dom@18.3.1_react@18.3.1/node_modules/react-dom/cjs/react-dom.development.js:4277:31)
      at beginWork$1 (../../node_modules/.pnpm/react-dom@18.3.1_react@18.3.1/node_modules/react-dom/cjs/react-dom.development.js:27490:7)
      at performUnitOfWork (../../node_modules/.pnpm/react-dom@18.3.1_react@18.3.1/node_modules/react-dom/cjs/react-dom.development.js:26599:12)
      at workLoopSync (../../node_modules/.pnpm/react-dom@18.3.1_react@18.3.1/node_modules/react-dom/cjs/react-dom.development.js:26505:5)
      at renderRootSync (../../node_modules/.pnpm/react-dom@18.3.1_react@18.3.1/node_modules/react-dom/cjs/react-dom.development.js:26473:7)
      at performConcurrentWorkOnRoot (../../node_modules/.pnpm/react-dom@18.3.1_react@18.3.1/node_modules/react-dom/cjs/react-dom.development.js:25777:74)
      at flushActQueue (../../node_modules/.pnpm/react@18.3.1/node_modules/react/cjs/react.development.js:2667:24)
      at act (../../node_modules/.pnpm/react@18.3.1/node_modules/react/cjs/react.development.js:2582:11)
      at ../../node_modules/.pnpm/@testing-library+react@16.3.2_@testing-library+dom@10.4.1_@types+react-dom@18.3.7_@types+reac_3k5f6qynewwmkoqvlvtzlgtsjq/node_modules/@testing-library/react/dist/act-compat.js:46:25
      at renderRoot (../../node_modules/.pnpm/@testing-library+react@16.3.2_@testing-library+dom@10.4.1_@types+react-dom@18.3.7_@types+reac_3k5f6qynewwmkoqvlvtzlgtsjq/node_modules/@testing-library/react/dist/pure.js:189:26)
      at render (../../node_modules/.pnpm/@testing-library+react@16.3.2_@testing-library+dom@10.4.1_@types+react-dom@18.3.7_@types+reac_3k5f6qynewwmkoqvlvtzlgtsjq/node_modules/@testing-library/react/dist/pure.js:291:10)
      at Object.<anonymous> (components/__tests__/apps-table.test.tsx:63:11)

    console.error
      Error: Uncaught [Error: `Tooltip` must be used within `TooltipProvider`]
          at reportException (/app/node_modules/.pnpm/jsdom@20.0.3/node_modules/jsdom/lib/jsdom/living/helpers/runtime-script-errors.js:66:24)
          at innerInvokeEventListeners (/app/node_modules/.pnpm/jsdom@20.0.3/node_modules/jsdom/lib/jsdom/living/events/EventTarget-impl.js:353:9)
          at invokeEventListeners (/app/node_modules/.pnpm/jsdom@20.0.3/node_modules/jsdom/lib/jsdom/living/events/EventTarget-impl.js:286:3)
          at HTMLUnknownElementImpl._dispatch (/app/node_modules/.pnpm/jsdom@20.0.3/node_modules/jsdom/lib/jsdom/living/events/EventTarget-impl.js:233:9)
          at HTMLUnknownElementImpl.dispatchEvent (/app/node_modules/.pnpm/jsdom@20.0.3/node_modules/jsdom/lib/jsdom/living/events/EventTarget-impl.js:104:17)
          at HTMLUnknownElement.dispatchEvent (/app/node_modules/.pnpm/jsdom@20.0.3/node_modules/jsdom/lib/jsdom/living/generated/EventTarget.js:241:34)
          at Object.invokeGuardedCallbackDev (/app/node_modules/.pnpm/react-dom@18.3.1_react@18.3.1/node_modules/react-dom/cjs/react-dom.development.js:4213:16)
          at invokeGuardedCallback (/app/node_modules/.pnpm/react-dom@18.3.1_react@18.3.1/node_modules/react-dom/cjs/react-dom.development.js:4277:31)
          at beginWork$1 (/app/node_modules/.pnpm/react-dom@18.3.1_react@18.3.1/node_modules/react-dom/cjs/react-dom.development.js:27490:7)
          at performUnitOfWork (/app/node_modules/.pnpm/react-dom@18.3.1_react@18.3.1/node_modules/react-dom/cjs/react-dom.development.js:26599:12)
          at workLoopSync (/app/node_modules/.pnpm/react-dom@18.3.1_react@18.3.1/node_modules/react-dom/cjs/react-dom.development.js:26505:5)
          at renderRootSync (/app/node_modules/.pnpm/react-dom@18.3.1_react@18.3.1/node_modules/react-dom/cjs/react-dom.development.js:26473:7)
          at performConcurrentWorkOnRoot (/app/node_modules/.pnpm/react-dom@18.3.1_react@18.3.1/node_modules/react-dom/cjs/react-dom.development.js:25777:74)
          at flushActQueue (/app/node_modules/.pnpm/react@18.3.1/node_modules/react/cjs/react.development.js:2667:24)
          at act (/app/node_modules/.pnpm/react@18.3.1/node_modules/react/cjs/react.development.js:2582:11)
          at /app/node_modules/.pnpm/@testing-library+react@16.3.2_@testing-library+dom@10.4.1_@types+react-dom@18.3.7_@types+reac_3k5f6qynewwmkoqvlvtzlgtsjq/node_modules/@testing-library/react/dist/act-compat.js:46:25
          at renderRoot (/app/node_modules/.pnpm/@testing-library+react@16.3.2_@testing-library+dom@10.4.1_@types+react-dom@18.3.7_@types+reac_3k5f6qynewwmkoqvlvtzlgtsjq/node_modules/@testing-library/react/dist/pure.js:189:26)
          at render (/app/node_modules/.pnpm/@testing-library+react@16.3.2_@testing-library+dom@10.4.1_@types+react-dom@18.3.7_@types+reac_3k5f6qynewwmkoqvlvtzlgtsjq/node_modules/@testing-library/react/dist/pure.js:291:10)
          at Object.<anonymous> (/app/apps/admin/components/__tests__/apps-table.test.tsx:63:11)
          at Promise.then.completed (/app/node_modules/.pnpm/jest-circus@29.7.0/node_modules/jest-circus/build/utils.js:298:28)
          at new Promise (<anonymous>)
          at callAsyncCircusFn (/app/node_modules/.pnpm/jest-circus@29.7.0/node_modules/jest-circus/build/utils.js:231:10)
          at _callCircusTest (/app/node_modules/.pnpm/jest-circus@29.7.0/node_modules/jest-circus/build/run.js:316:40)
          at processTicksAndRejections (node:internal/process/task_queues:103:5)
          at _runTest (/app/node_modules/.pnpm/jest-circus@29.7.0/node_modules/jest-circus/build/run.js:252:3)
          at _runTestsForDescribeBlock (/app/node_modules/.pnpm/jest-circus@29.7.0/node_modules/jest-circus/build/run.js:126:9)
          at _runTestsForDescribeBlock (/app/node_modules/.pnpm/jest-circus@29.7.0/node_modules/jest-circus/build/run.js:121:9)
          at run (/app/node_modules/.pnpm/jest-circus@29.7.0/node_modules/jest-circus/build/run.js:71:3)
          at runAndTransformResultsToJestFormat (/app/node_modules/.pnpm/jest-circus@29.7.0/node_modules/jest-circus/build/legacy-code-todo-rewrite/jestAdapterInit.js:122:21)
          at jestAdapter (/app/node_modules/.pnpm/jest-circus@29.7.0/node_modules/jest-circus/build/legacy-code-todo-rewrite/jestAdapter.js:79:19)
          at runTestInternal (/app/node_modules/.pnpm/jest-runner@29.7.0/node_modules/jest-runner/build/runTest.js:367:16)
          at runTest (/app/node_modules/.pnpm/jest-runner@29.7.0/node_modules/jest-runner/build/runTest.js:444:34)
          at Object.worker (/app/node_modules/.pnpm/jest-runner@29.7.0/node_modules/jest-runner/build/testWorker.js:106:12) {
        detail: Error: `Tooltip` must be used within `TooltipProvider`
            at useContext2 (/app/node_modules/.pnpm/@radix-ui+react-context@1.1.2_@types+react@18.3.29_react@18.3.1/node_modules/@radix-ui/react-context/src/create-context.tsx:75:13)
            at Tooltip (/app/node_modules/.pnpm/@radix-ui+react-tooltip@1.2.8_@types+react-dom@18.3.7_@types+react@18.3.29__@types+react@18.3_xrwsnt2rmlacewwolijhmzdoxi/node_modules/@radix-ui/react-tooltip/src/tooltip.tsx:162:27)
            at renderWithHooks (/app/node_modules/.pnpm/react-dom@18.3.1_react@18.3.1/node_modules/react-dom/cjs/react-dom.development.js:15486:18)
            at mountIndeterminateComponent (/app/node_modules/.pnpm/react-dom@18.3.1_react@18.3.1/node_modules/react-dom/cjs/react-dom.development.js:20103:13)
            at beginWork (/app/node_modules/.pnpm/react-dom@18.3.1_react@18.3.1/node_modules/react-dom/cjs/react-dom.development.js:21626:16)
            at HTMLUnknownElement.callCallback (/app/node_modules/.pnpm/react-dom@18.3.1_react@18.3.1/node_modules/react-dom/cjs/react-dom.development.js:4164:14)
            at HTMLUnknownElement.callTheUserObjectsOperation (/app/node_modules/.pnpm/jsdom@20.0.3/node_modules/jsdom/lib/jsdom/living/generated/EventListener.js:26:30)
            at innerInvokeEventListeners (/app/node_modules/.pnpm/jsdom@20.0.3/node_modules/jsdom/lib/jsdom/living/events/EventTarget-impl.js:350:25)
            at invokeEventListeners (/app/node_modules/.pnpm/jsdom@20.0.3/node_modules/jsdom/lib/jsdom/living/events/EventTarget-impl.js:286:3)
            at HTMLUnknownElementImpl._dispatch (/app/node_modules/.pnpm/jsdom@20.0.3/node_modules/jsdom/lib/jsdom/living/events/EventTarget-impl.js:233:9)
            at HTMLUnknownElementImpl.dispatchEvent (/app/node_modules/.pnpm/jsdom@20.0.3/node_modules/jsdom/lib/jsdom/living/events/EventTarget-impl.js:104:17)
            at HTMLUnknownElement.dispatchEvent (/app/node_modules/.pnpm/jsdom@20.0.3/node_modules/jsdom/lib/jsdom/living/generated/EventTarget.js:241:34)
            at Object.invokeGuardedCallbackDev (/app/node_modules/.pnpm/react-dom@18.3.1_react@18.3.1/node_modules/react-dom/cjs/react-dom.development.js:4213:16)
            at invokeGuardedCallback (/app/node_modules/.pnpm/react-dom@18.3.1_react@18.3.1/node_modules/react-dom/cjs/react-dom.development.js:4277:31)
            at beginWork$1 (/app/node_modules/.pnpm/react-dom@18.3.1_react@18.3.1/node_modules/react-dom/cjs/react-dom.development.js:27490:7)
            at performUnitOfWork (/app/node_modules/.pnpm/react-dom@18.3.1_react@18.3.1/node_modules/react-dom/cjs/react-dom.development.js:26599:12)
            at workLoopSync (/app/node_modules/.pnpm/react-dom@18.3.1_react@18.3.1/node_modules/react-dom/cjs/react-dom.development.js:26505:5)
            at renderRootSync (/app/node_modules/.pnpm/react-dom@18.3.1_react@18.3.1/node_modules/react-dom/cjs/react-dom.development.js:26473:7)
            at performConcurrentWorkOnRoot (/app/node_modules/.pnpm/react-dom@18.3.1_react@18.3.1/node_modules/react-dom/cjs/react-dom.development.js:25777:74)
            at flushActQueue (/app/node_modules/.pnpm/react@18.3.1/node_modules/react/cjs/react.development.js:2667:24)
            at act (/app/node_modules/.pnpm/react@18.3.1/node_modules/react/cjs/react.development.js:2582:11)
            at /app/node_modules/.pnpm/@testing-library+react@16.3.2_@testing-library+dom@10.4.1_@types+react-dom@18.3.7_@types+reac_3k5f6qynewwmkoqvlvtzlgtsjq/node_modules/@testing-library/react/dist/act-compat.js:46:25
            at renderRoot (/app/node_modules/.pnpm/@testing-library+react@16.3.2_@testing-library+dom@10.4.1_@types+react-dom@18.3.7_@types+reac_3k5f6qynewwmkoqvlvtzlgtsjq/node_modules/@testing-library/react/dist/pure.js:189:26)
            at render (/app/node_modules/.pnpm/@testing-library+react@16.3.2_@testing-library+dom@10.4.1_@types+react-dom@18.3.7_@types+reac_3k5f6qynewwmkoqvlvtzlgtsjq/node_modules/@testing-library/react/dist/pure.js:291:10)
            at Object.<anonymous> (/app/apps/admin/components/__tests__/apps-table.test.tsx:63:11)
            at Promise.then.completed (/app/node_modules/.pnpm/jest-circus@29.7.0/node_modules/jest-circus/build/utils.js:298:28)
            at new Promise (<anonymous>)
            at callAsyncCircusFn (/app/node_modules/.pnpm/jest-circus@29.7.0/node_modules/jest-circus/build/utils.js:231:10)
            at _callCircusTest (/app/node_modules/.pnpm/jest-circus@29.7.0/node_modules/jest-circus/build/run.js:316:40)
            at processTicksAndRejections (node:internal/process/task_queues:103:5)
            at _runTest (/app/node_modules/.pnpm/jest-circus@29.7.0/node_modules/jest-circus/build/run.js:252:3)
            at _runTestsForDescribeBlock (/app/node_modules/.pnpm/jest-circus@29.7.0/node_modules/jest-circus/build/run.js:126:9)
            at _runTestsForDescribeBlock (/app/node_modules/.pnpm/jest-circus@29.7.0/node_modules/jest-circus/build/run.js:121:9)
            at run (/app/node_modules/.pnpm/jest-circus@29.7.0/node_modules/jest-circus/build/run.js:71:3)
            at runAndTransformResultsToJestFormat (/app/node_modules/.pnpm/jest-circus@29.7.0/node_modules/jest-circus/build/legacy-code-todo-rewrite/jestAdapterInit.js:122:21)
            at jestAdapter (/app/node_modules/.pnpm/jest-circus@29.7.0/node_modules/jest-circus/build/legacy-code-todo-rewrite/jestAdapter.js:79:19)
            at runTestInternal (/app/node_modules/.pnpm/jest-runner@29.7.0/node_modules/jest-runner/build/runTest.js:367:16)
            at runTest (/app/node_modules/.pnpm/jest-runner@29.7.0/node_modules/jest-runner/build/runTest.js:444:34)
            at Object.worker (/app/node_modules/.pnpm/jest-runner@29.7.0/node_modules/jest-runner/build/testWorker.js:106:12),
        type: 'unhandled exception'
      }

      61 |
      62 |   it('clicking Delete on an ordinary app opens ConfirmDialog with the app name', async () => {
    > 63 |     render(withIntl(<AppsTable initial={initial} />))
         |           ^
      64 |     // Open the row action menu for Customer Portal (first row)
      65 |     const menuButtons = screen.getAllByRole('button', { name: /more/i })
      66 |     fireEvent.click(menuButtons[0])

      at VirtualConsole.<anonymous> (../../node_modules/.pnpm/jest-environment-jsdom@29.7.0/node_modules/jest-environment-jsdom/build/index.js:63:23)
      at reportException (../../node_modules/.pnpm/jsdom@20.0.3/node_modules/jsdom/lib/jsdom/living/helpers/runtime-script-errors.js:70:28)
      at innerInvokeEventListeners (../../node_modules/.pnpm/jsdom@20.0.3/node_modules/jsdom/lib/jsdom/living/events/EventTarget-impl.js:353:9)
      at invokeEventListeners (../../node_modules/.pnpm/jsdom@20.0.3/node_modules/jsdom/lib/jsdom/living/events/EventTarget-impl.js:286:3)
      at HTMLUnknownElementImpl._dispatch (../../node_modules/.pnpm/jsdom@20.0.3/node_modules/jsdom/lib/jsdom/living/events/EventTarget-impl.js:233:9)
      at HTMLUnknownElementImpl.dispatchEvent (../../node_modules/.pnpm/jsdom@20.0.3/node_modules/jsdom/lib/jsdom/living/events/EventTarget-impl.js:104:17)
      at HTMLUnknownElement.dispatchEvent (../../node_modules/.pnpm/jsdom@20.0.3/node_modules/jsdom/lib/jsdom/living/generated/EventTarget.js:241:34)
      at Object.invokeGuardedCallbackDev (../../node_modules/.pnpm/react-dom@18.3.1_react@18.3.1/node_modules/react-dom/cjs/react-dom.development.js:4213:16)
      at invokeGuardedCallback (../../node_modules/.pnpm/react-dom@18.3.1_react@18.3.1/node_modules/react-dom/cjs/react-dom.development.js:4277:31)
      at beginWork$1 (../../node_modules/.pnpm/react-dom@18.3.1_react@18.3.1/node_modules/react-dom/cjs/react-dom.development.js:27490:7)
      at performUnitOfWork (../../node_modules/.pnpm/react-dom@18.3.1_react@18.3.1/node_modules/react-dom/cjs/react-dom.development.js:26599:12)
      at workLoopSync (../../node_modules/.pnpm/react-dom@18.3.1_react@18.3.1/node_modules/react-dom/cjs/react-dom.development.js:26505:5)
      at renderRootSync (../../node_modules/.pnpm/react-dom@18.3.1_react@18.3.1/node_modules/react-dom/cjs/react-dom.development.js:26473:7)
      at performConcurrentWorkOnRoot (../../node_modules/.pnpm/react-dom@18.3.1_react@18.3.1/node_modules/react-dom/cjs/react-dom.development.js:25777:74)
      at flushActQueue (../../node_modules/.pnpm/react@18.3.1/node_modules/react/cjs/react.development.js:2667:24)
      at act (../../node_modules/.pnpm/react@18.3.1/node_modules/react/cjs/react.development.js:2582:11)
      at ../../node_modules/.pnpm/@testing-library+react@16.3.2_@testing-library+dom@10.4.1_@types+react-dom@18.3.7_@types+reac_3k5f6qynewwmkoqvlvtzlgtsjq/node_modules/@testing-library/react/dist/act-compat.js:46:25
      at renderRoot (../../node_modules/.pnpm/@testing-library+react@16.3.2_@testing-library+dom@10.4.1_@types+react-dom@18.3.7_@types+reac_3k5f6qynewwmkoqvlvtzlgtsjq/node_modules/@testing-library/react/dist/pure.js:189:26)
      at render (../../node_modules/.pnpm/@testing-library+react@16.3.2_@testing-library+dom@10.4.1_@types+react-dom@18.3.7_@types+reac_3k5f6qynewwmkoqvlvtzlgtsjq/node_modules/@testing-library/react/dist/pure.js:291:10)
      at Object.<anonymous> (components/__tests__/apps-table.test.tsx:63:11)

    console.error
      Error: Uncaught [Error: `Tooltip` must be used within `TooltipProvider`]
          at reportException (/app/node_modules/.pnpm/jsdom@20.0.3/node_modules/jsdom/lib/jsdom/living/helpers/runtime-script-errors.js:66:24)
          at innerInvokeEventListeners (/app/node_modules/.pnpm/jsdom@20.0.3/node_modules/jsdom/lib/jsdom/living/events/EventTarget-impl.js:353:9)
          at invokeEventListeners (/app/node_modules/.pnpm/jsdom@20.0.3/node_modules/jsdom/lib/jsdom/living/events/EventTarget-impl.js:286:3)
          at HTMLUnknownElementImpl._dispatch (/app/node_modules/.pnpm/jsdom@20.0.3/node_modules/jsdom/lib/jsdom/living/events/EventTarget-impl.js:233:9)
          at HTMLUnknownElementImpl.dispatchEvent (/app/node_modules/.pnpm/jsdom@20.0.3/node_modules/jsdom/lib/jsdom/living/events/EventTarget-impl.js:104:17)
          at HTMLUnknownElement.dispatchEvent (/app/node_modules/.pnpm/jsdom@20.0.3/node_modules/jsdom/lib/jsdom/living/generated/EventTarget.js:241:34)
          at Object.invokeGuardedCallbackDev (/app/node_modules/.pnpm/react-dom@18.3.1_react@18.3.1/node_modules/react-dom/cjs/react-dom.development.js:4213:16)
          at invokeGuardedCallback (/app/node_modules/.pnpm/react-dom@18.3.1_react@18.3.1/node_modules/react-dom/cjs/react-dom.development.js:4277:31)
          at beginWork$1 (/app/node_modules/.pnpm/react-dom@18.3.1_react@18.3.1/node_modules/react-dom/cjs/react-dom.development.js:27490:7)
          at performUnitOfWork (/app/node_modules/.pnpm/react-dom@18.3.1_react@18.3.1/node_modules/react-dom/cjs/react-dom.development.js:26599:12)
          at workLoopSync (/app/node_modules/.pnpm/react-dom@18.3.1_react@18.3.1/node_modules/react-dom/cjs/react-dom.development.js:26505:5)
          at renderRootSync (/app/node_modules/.pnpm/react-dom@18.3.1_react@18.3.1/node_modules/react-dom/cjs/react-dom.development.js:26473:7)
          at performConcurrentWorkOnRoot (/app/node_modules/.pnpm/react-dom@18.3.1_react@18.3.1/node_modules/react-dom/cjs/react-dom.development.js:25777:74)
          at flushActQueue (/app/node_modules/.pnpm/react@18.3.1/node_modules/react/cjs/react.development.js:2667:24)
          at act (/app/node_modules/.pnpm/react@18.3.1/node_modules/react/cjs/react.development.js:2582:11)
          at /app/node_modules/.pnpm/@testing-library+react@16.3.2_@testing-library+dom@10.4.1_@types+react-dom@18.3.7_@types+reac_3k5f6qynewwmkoqvlvtzlgtsjq/node_modules/@testing-library/react/dist/act-compat.js:46:25
          at renderRoot (/app/node_modules/.pnpm/@testing-library+react@16.3.2_@testing-library+dom@10.4.1_@types+react-dom@18.3.7_@types+reac_3k5f6qynewwmkoqvlvtzlgtsjq/node_modules/@testing-library/react/dist/pure.js:189:26)
          at render (/app/node_modules/.pnpm/@testing-library+react@16.3.2_@testing-library+dom@10.4.1_@types+react-dom@18.3.7_@types+reac_3k5f6qynewwmkoqvlvtzlgtsjq/node_modules/@testing-library/react/dist/pure.js:291:10)
          at Object.<anonymous> (/app/apps/admin/components/__tests__/apps-table.test.tsx:63:11)
          at Promise.then.completed (/app/node_modules/.pnpm/jest-circus@29.7.0/node_modules/jest-circus/build/utils.js:298:28)
          at new Promise (<anonymous>)
          at callAsyncCircusFn (/app/node_modules/.pnpm/jest-circus@29.7.0/node_modules/jest-circus/build/utils.js:231:10)
          at _callCircusTest (/app/node_modules/.pnpm/jest-circus@29.7.0/node_modules/jest-circus/build/run.js:316:40)
          at processTicksAndRejections (node:internal/process/task_queues:103:5)
          at _runTest (/app/node_modules/.pnpm/jest-circus@29.7.0/node_modules/jest-circus/build/run.js:252:3)
          at _runTestsForDescribeBlock (/app/node_modules/.pnpm/jest-circus@29.7.0/node_modules/jest-circus/build/run.js:126:9)
          at _runTestsForDescribeBlock (/app/node_modules/.pnpm/jest-circus@29.7.0/node_modules/jest-circus/build/run.js:121:9)
          at run (/app/node_modules/.pnpm/jest-circus@29.7.0/node_modules/jest-circus/build/run.js:71:3)
          at runAndTransformResultsToJestFormat (/app/node_modules/.pnpm/jest-circus@29.7.0/node_modules/jest-circus/build/legacy-code-todo-rewrite/jestAdapterInit.js:122:21)
          at jestAdapter (/app/node_modules/.pnpm/jest-circus@29.7.0/node_modules/jest-circus/build/legacy-code-todo-rewrite/jestAdapter.js:79:19)
          at runTestInternal (/app/node_modules/.pnpm/jest-runner@29.7.0/node_modules/jest-runner/build/runTest.js:367:16)
          at runTest (/app/node_modules/.pnpm/jest-runner@29.7.0/node_modules/jest-runner/build/runTest.js:444:34)
          at Object.worker (/app/node_modules/.pnpm/jest-runner@29.7.0/node_modules/jest-runner/build/testWorker.js:106:12) {
        detail: Error: `Tooltip` must be used within `TooltipProvider`
            at useContext2 (/app/node_modules/.pnpm/@radix-ui+react-context@1.1.2_@types+react@18.3.29_react@18.3.1/node_modules/@radix-ui/react-context/src/create-context.tsx:75:13)
            at Tooltip (/app/node_modules/.pnpm/@radix-ui+react-tooltip@1.2.8_@types+react-dom@18.3.7_@types+react@18.3.29__@types+react@18.3_xrwsnt2rmlacewwolijhmzdoxi/node_modules/@radix-ui/react-tooltip/src/tooltip.tsx:162:27)
            at renderWithHooks (/app/node_modules/.pnpm/react-dom@18.3.1_react@18.3.1/node_modules/react-dom/cjs/react-dom.development.js:15486:18)
            at mountIndeterminateComponent (/app/node_modules/.pnpm/react-dom@18.3.1_react@18.3.1/node_modules/react-dom/cjs/react-dom.development.js:20103:13)
            at beginWork (/app/node_modules/.pnpm/react-dom@18.3.1_react@18.3.1/node_modules/react-dom/cjs/react-dom.development.js:21626:16)
            at HTMLUnknownElement.callCallback (/app/node_modules/.pnpm/react-dom@18.3.1_react@18.3.1/node_modules/react-dom/cjs/react-dom.development.js:4164:14)
            at HTMLUnknownElement.callTheUserObjectsOperation (/app/node_modules/.pnpm/jsdom@20.0.3/node_modules/jsdom/lib/jsdom/living/generated/EventListener.js:26:30)
            at innerInvokeEventListeners (/app/node_modules/.pnpm/jsdom@20.0.3/node_modules/jsdom/lib/jsdom/living/events/EventTarget-impl.js:350:25)
            at invokeEventListeners (/app/node_modules/.pnpm/jsdom@20.0.3/node_modules/jsdom/lib/jsdom/living/events/EventTarget-impl.js:286:3)
            at HTMLUnknownElementImpl._dispatch (/app/node_modules/.pnpm/jsdom@20.0.3/node_modules/jsdom/lib/jsdom/living/events/EventTarget-impl.js:233:9)
            at HTMLUnknownElementImpl.dispatchEvent (/app/node_modules/.pnpm/jsdom@20.0.3/node_modules/jsdom/lib/jsdom/living/events/EventTarget-impl.js:104:17)
            at HTMLUnknownElement.dispatchEvent (/app/node_modules/.pnpm/jsdom@20.0.3/node_modules/jsdom/lib/jsdom/living/generated/EventTarget.js:241:34)
            at Object.invokeGuardedCallbackDev (/app/node_modules/.pnpm/react-dom@18.3.1_react@18.3.1/node_modules/react-dom/cjs/react-dom.development.js:4213:16)
            at invokeGuardedCallback (/app/node_modules/.pnpm/react-dom@18.3.1_react@18.3.1/node_modules/react-dom/cjs/react-dom.development.js:4277:31)
            at beginWork$1 (/app/node_modules/.pnpm/react-dom@18.3.1_react@18.3.1/node_modules/react-dom/cjs/react-dom.development.js:27490:7)
            at performUnitOfWork (/app/node_modules/.pnpm/react-dom@18.3.1_react@18.3.1/node_modules/react-dom/cjs/react-dom.development.js:26599:12)
            at workLoopSync (/app/node_modules/.pnpm/react-dom@18.3.1_react@18.3.1/node_modules/react-dom/cjs/react-dom.development.js:26505:5)
            at renderRootSync (/app/node_modules/.pnpm/react-dom@18.3.1_react@18.3.1/node_modules/react-dom/cjs/react-dom.development.js:26473:7)
            at performConcurrentWorkOnRoot (/app/node_modules/.pnpm/react-dom@18.3.1_react@18.3.1/node_modules/react-dom/cjs/react-dom.development.js:25777:74)
            at flushActQueue (/app/node_modules/.pnpm/react@18.3.1/node_modules/react/cjs/react.development.js:2667:24)
            at act (/app/node_modules/.pnpm/react@18.3.1/node_modules/react/cjs/react.development.js:2582:11)
            at /app/node_modules/.pnpm/@testing-library+react@16.3.2_@testing-library+dom@10.4.1_@types+react-dom@18.3.7_@types+reac_3k5f6qynewwmkoqvlvtzlgtsjq/node_modules/@testing-library/react/dist/act-compat.js:46:25
            at renderRoot (/app/node_modules/.pnpm/@testing-library+react@16.3.2_@testing-library+dom@10.4.1_@types+react-dom@18.3.7_@types+reac_3k5f6qynewwmkoqvlvtzlgtsjq/node_modules/@testing-library/react/dist/pure.js:189:26)
            at render (/app/node_modules/.pnpm/@testing-library+react@16.3.2_@testing-library+dom@10.4.1_@types+react-dom@18.3.7_@types+reac_3k5f6qynewwmkoqvlvtzlgtsjq/node_modules/@testing-library/react/dist/pure.js:291:10)
            at Object.<anonymous> (/app/apps/admin/components/__tests__/apps-table.test.tsx:63:11)
            at Promise.then.completed (/app/node_modules/.pnpm/jest-circus@29.7.0/node_modules/jest-circus/build/utils.js:298:28)
            at new Promise (<anonymous>)
            at callAsyncCircusFn (/app/node_modules/.pnpm/jest-circus@29.7.0/node_modules/jest-circus/build/utils.js:231:10)
            at _callCircusTest (/app/node_modules/.pnpm/jest-circus@29.7.0/node_modules/jest-circus/build/run.js:316:40)
            at processTicksAndRejections (node:internal/process/task_queues:103:5)
            at _runTest (/app/node_modules/.pnpm/jest-circus@29.7.0/node_modules/jest-circus/build/run.js:252:3)
            at _runTestsForDescribeBlock (/app/node_modules/.pnpm/jest-circus@29.7.0/node_modules/jest-circus/build/run.js:126:9)
            at _runTestsForDescribeBlock (/app/node_modules/.pnpm/jest-circus@29.7.0/node_modules/jest-circus/build/run.js:121:9)
            at run (/app/node_modules/.pnpm/jest-circus@29.7.0/node_modules/jest-circus/build/run.js:71:3)
            at runAndTransformResultsToJestFormat (/app/node_modules/.pnpm/jest-circus@29.7.0/node_modules/jest-circus/build/legacy-code-todo-rewrite/jestAdapterInit.js:122:21)
            at jestAdapter (/app/node_modules/.pnpm/jest-circus@29.7.0/node_modules/jest-circus/build/legacy-code-todo-rewrite/jestAdapter.js:79:19)
            at runTestInternal (/app/node_modules/.pnpm/jest-runner@29.7.0/node_modules/jest-runner/build/runTest.js:367:16)
            at runTest (/app/node_modules/.pnpm/jest-runner@29.7.0/node_modules/jest-runner/build/runTest.js:444:34)
            at Object.worker (/app/node_modules/.pnpm/jest-runner@29.7.0/node_modules/jest-runner/build/testWorker.js:106:12),
        type: 'unhandled exception'
      }

      61 |
      62 |   it('clicking Delete on an ordinary app opens ConfirmDialog with the app name', async () => {
    > 63 |     render(withIntl(<AppsTable initial={initial} />))
         |           ^
      64 |     // Open the row action menu for Customer Portal (first row)
      65 |     const menuButtons = screen.getAllByRole('button', { name: /more/i })
      66 |     fireEvent.click(menuButtons[0])

      at VirtualConsole.<anonymous> (../../node_modules/.pnpm/jest-environment-jsdom@29.7.0/node_modules/jest-environment-jsdom/build/index.js:63:23)
      at reportException (../../node_modules/.pnpm/jsdom@20.0.3/node_modules/jsdom/lib/jsdom/living/helpers/runtime-script-errors.js:70:28)
      at innerInvokeEventListeners (../../node_modules/.pnpm/jsdom@20.0.3/node_modules/jsdom/lib/jsdom/living/events/EventTarget-impl.js:353:9)
      at invokeEventListeners (../../node_modules/.pnpm/jsdom@20.0.3/node_modules/jsdom/lib/jsdom/living/events/EventTarget-impl.js:286:3)
      at HTMLUnknownElementImpl._dispatch (../../node_modules/.pnpm/jsdom@20.0.3/node_modules/jsdom/lib/jsdom/living/events/EventTarget-impl.js:233:9)
      at HTMLUnknownElementImpl.dispatchEvent (../../node_modules/.pnpm/jsdom@20.0.3/node_modules/jsdom/lib/jsdom/living/events/EventTarget-impl.js:104:17)
      at HTMLUnknownElement.dispatchEvent (../../node_modules/.pnpm/jsdom@20.0.3/node_modules/jsdom/lib/jsdom/living/generated/EventTarget.js:241:34)
      at Object.invokeGuardedCallbackDev (../../node_modules/.pnpm/react-dom@18.3.1_react@18.3.1/node_modules/react-dom/cjs/react-dom.development.js:4213:16)
      at invokeGuardedCallback (../../node_modules/.pnpm/react-dom@18.3.1_react@18.3.1/node_modules/react-dom/cjs/react-dom.development.js:4277:31)
      at beginWork$1 (../../node_modules/.pnpm/react-dom@18.3.1_react@18.3.1/node_modules/react-dom/cjs/react-dom.development.js:27490:7)
      at performUnitOfWork (../../node_modules/.pnpm/react-dom@18.3.1_react@18.3.1/node_modules/react-dom/cjs/react-dom.development.js:26599:12)
      at workLoopSync (../../node_modules/.pnpm/react-dom@18.3.1_react@18.3.1/node_modules/react-dom/cjs/react-dom.development.js:26505:5)
      at renderRootSync (../../node_modules/.pnpm/react-dom@18.3.1_react@18.3.1/node_modules/react-dom/cjs/react-dom.development.js:26473:7)
      at performConcurrentWorkOnRoot (../../node_modules/.pnpm/react-dom@18.3.1_react@18.3.1/node_modules/react-dom/cjs/react-dom.development.js:25777:74)
      at flushActQueue (../../node_modules/.pnpm/react@18.3.1/node_modules/react/cjs/react.development.js:2667:24)
      at act (../../node_modules/.pnpm/react@18.3.1/node_modules/react/cjs/react.development.js:2582:11)
      at ../../node_modules/.pnpm/@testing-library+react@16.3.2_@testing-library+dom@10.4.1_@types+react-dom@18.3.7_@types+reac_3k5f6qynewwmkoqvlvtzlgtsjq/node_modules/@testing-library/react/dist/act-compat.js:46:25
      at renderRoot (../../node_modules/.pnpm/@testing-library+react@16.3.2_@testing-library+dom@10.4.1_@types+react-dom@18.3.7_@types+reac_3k5f6qynewwmkoqvlvtzlgtsjq/node_modules/@testing-library/react/dist/pure.js:189:26)
      at render (../../node_modules/.pnpm/@testing-library+react@16.3.2_@testing-library+dom@10.4.1_@types+react-dom@18.3.7_@types+reac_3k5f6qynewwmkoqvlvtzlgtsjq/node_modules/@testing-library/react/dist/pure.js:291:10)
      at Object.<anonymous> (components/__tests__/apps-table.test.tsx:63:11)

    console.error
      Error: Uncaught [Error: `Tooltip` must be used within `TooltipProvider`]
          at reportException (/app/node_modules/.pnpm/jsdom@20.0.3/node_modules/jsdom/lib/jsdom/living/helpers/runtime-script-errors.js:66:24)
          at innerInvokeEventListeners (/app/node_modules/.pnpm/jsdom@20.0.3/node_modules/jsdom/lib/jsdom/living/events/EventTarget-impl.js:353:9)
          at invokeEventListeners (/app/node_modules/.pnpm/jsdom@20.0.3/node_modules/jsdom/lib/jsdom/living/events/EventTarget-impl.js:286:3)
          at HTMLUnknownElementImpl._dispatch (/app/node_modules/.pnpm/jsdom@20.0.3/node_modules/jsdom/lib/jsdom/living/events/EventTarget-impl.js:233:9)
          at HTMLUnknownElementImpl.dispatchEvent (/app/node_modules/.pnpm/jsdom@20.0.3/node_modules/jsdom/lib/jsdom/living/events/EventTarget-impl.js:104:17)
          at HTMLUnknownElement.dispatchEvent (/app/node_modules/.pnpm/jsdom@20.0.3/node_modules/jsdom/lib/jsdom/living/generated/EventTarget.js:241:34)
          at Object.invokeGuardedCallbackDev (/app/node_modules/.pnpm/react-dom@18.3.1_react@18.3.1/node_modules/react-dom/cjs/react-dom.development.js:4213:16)
          at invokeGuardedCallback (/app/node_modules/.pnpm/react-dom@18.3.1_react@18.3.1/node_modules/react-dom/cjs/react-dom.development.js:4277:31)
          at beginWork$1 (/app/node_modules/.pnpm/react-dom@18.3.1_react@18.3.1/node_modules/react-dom/cjs/react-dom.development.js:27490:7)
          at performUnitOfWork (/app/node_modules/.pnpm/react-dom@18.3.1_react@18.3.1/node_modules/react-dom/cjs/react-dom.development.js:26599:12)
          at workLoopSync (/app/node_modules/.pnpm/react-dom@18.3.1_react@18.3.1/node_modules/react-dom/cjs/react-dom.development.js:26505:5)
          at renderRootSync (/app/node_modules/.pnpm/react-dom@18.3.1_react@18.3.1/node_modules/react-dom/cjs/react-dom.development.js:26473:7)
          at performConcurrentWorkOnRoot (/app/node_modules/.pnpm/react-dom@18.3.1_react@18.3.1/node_modules/react-dom/cjs/react-dom.development.js:25777:74)
          at flushActQueue (/app/node_modules/.pnpm/react@18.3.1/node_modules/react/cjs/react.development.js:2667:24)
          at act (/app/node_modules/.pnpm/react@18.3.1/node_modules/react/cjs/react.development.js:2582:11)
          at /app/node_modules/.pnpm/@testing-library+react@16.3.2_@testing-library+dom@10.4.1_@types+react-dom@18.3.7_@types+reac_3k5f6qynewwmkoqvlvtzlgtsjq/node_modules/@testing-library/react/dist/act-compat.js:46:25
          at renderRoot (/app/node_modules/.pnpm/@testing-library+react@16.3.2_@testing-library+dom@10.4.1_@types+react-dom@18.3.7_@types+reac_3k5f6qynewwmkoqvlvtzlgtsjq/node_modules/@testing-library/react/dist/pure.js:189:26)
          at render (/app/node_modules/.pnpm/@testing-library+react@16.3.2_@testing-library+dom@10.4.1_@types+react-dom@18.3.7_@types+reac_3k5f6qynewwmkoqvlvtzlgtsjq/node_modules/@testing-library/react/dist/pure.js:291:10)
          at Object.<anonymous> (/app/apps/admin/components/__tests__/apps-table.test.tsx:63:11)
          at Promise.then.completed (/app/node_modules/.pnpm/jest-circus@29.7.0/node_modules/jest-circus/build/utils.js:298:28)
          at new Promise (<anonymous>)
          at callAsyncCircusFn (/app/node_modules/.pnpm/jest-circus@29.7.0/node_modules/jest-circus/build/utils.js:231:10)
          at _callCircusTest (/app/node_modules/.pnpm/jest-circus@29.7.0/node_modules/jest-circus/build/run.js:316:40)
          at processTicksAndRejections (node:internal/process/task_queues:103:5)
          at _runTest (/app/node_modules/.pnpm/jest-circus@29.7.0/node_modules/jest-circus/build/run.js:252:3)
          at _runTestsForDescribeBlock (/app/node_modules/.pnpm/jest-circus@29.7.0/node_modules/jest-circus/build/run.js:126:9)
          at _runTestsForDescribeBlock (/app/node_modules/.pnpm/jest-circus@29.7.0/node_modules/jest-circus/build/run.js:121:9)
          at run (/app/node_modules/.pnpm/jest-circus@29.7.0/node_modules/jest-circus/build/run.js:71:3)
          at runAndTransformResultsToJestFormat (/app/node_modules/.pnpm/jest-circus@29.7.0/node_modules/jest-circus/build/legacy-code-todo-rewrite/jestAdapterInit.js:122:21)
          at jestAdapter (/app/node_modules/.pnpm/jest-circus@29.7.0/node_modules/jest-circus/build/legacy-code-todo-rewrite/jestAdapter.js:79:19)
          at runTestInternal (/app/node_modules/.pnpm/jest-runner@29.7.0/node_modules/jest-runner/build/runTest.js:367:16)
          at runTest (/app/node_modules/.pnpm/jest-runner@29.7.0/node_modules/jest-runner/build/runTest.js:444:34)
          at Object.worker (/app/node_modules/.pnpm/jest-runner@29.7.0/node_modules/jest-runner/build/testWorker.js:106:12) {
        detail: Error: `Tooltip` must be used within `TooltipProvider`
            at useContext2 (/app/node_modules/.pnpm/@radix-ui+react-context@1.1.2_@types+react@18.3.29_react@18.3.1/node_modules/@radix-ui/react-context/src/create-context.tsx:75:13)
            at Tooltip (/app/node_modules/.pnpm/@radix-ui+react-tooltip@1.2.8_@types+react-dom@18.3.7_@types+react@18.3.29__@types+react@18.3_xrwsnt2rmlacewwolijhmzdoxi/node_modules/@radix-ui/react-tooltip/src/tooltip.tsx:162:27)
            at renderWithHooks (/app/node_modules/.pnpm/react-dom@18.3.1_react@18.3.1/node_modules/react-dom/cjs/react-dom.development.js:15486:18)
            at mountIndeterminateComponent (/app/node_modules/.pnpm/react-dom@18.3.1_react@18.3.1/node_modules/react-dom/cjs/react-dom.development.js:20103:13)
            at beginWork (/app/node_modules/.pnpm/react-dom@18.3.1_react@18.3.1/node_modules/react-dom/cjs/react-dom.development.js:21626:16)
            at HTMLUnknownElement.callCallback (/app/node_modules/.pnpm/react-dom@18.3.1_react@18.3.1/node_modules/react-dom/cjs/react-dom.development.js:4164:14)
            at HTMLUnknownElement.callTheUserObjectsOperation (/app/node_modules/.pnpm/jsdom@20.0.3/node_modules/jsdom/lib/jsdom/living/generated/EventListener.js:26:30)
            at innerInvokeEventListeners (/app/node_modules/.pnpm/jsdom@20.0.3/node_modules/jsdom/lib/jsdom/living/events/EventTarget-impl.js:350:25)
            at invokeEventListeners (/app/node_modules/.pnpm/jsdom@20.0.3/node_modules/jsdom/lib/jsdom/living/events/EventTarget-impl.js:286:3)
            at HTMLUnknownElementImpl._dispatch (/app/node_modules/.pnpm/jsdom@20.0.3/node_modules/jsdom/lib/jsdom/living/events/EventTarget-impl.js:233:9)
            at HTMLUnknownElementImpl.dispatchEvent (/app/node_modules/.pnpm/jsdom@20.0.3/node_modules/jsdom/lib/jsdom/living/events/EventTarget-impl.js:104:17)
            at HTMLUnknownElement.dispatchEvent (/app/node_modules/.pnpm/jsdom@20.0.3/node_modules/jsdom/lib/jsdom/living/generated/EventTarget.js:241:34)
            at Object.invokeGuardedCallbackDev (/app/node_modules/.pnpm/react-dom@18.3.1_react@18.3.1/node_modules/react-dom/cjs/react-dom.development.js:4213:16)
            at invokeGuardedCallback (/app/node_modules/.pnpm/react-dom@18.3.1_react@18.3.1/node_modules/react-dom/cjs/react-dom.development.js:4277:31)
            at beginWork$1 (/app/node_modules/.pnpm/react-dom@18.3.1_react@18.3.1/node_modules/react-dom/cjs/react-dom.development.js:27490:7)
            at performUnitOfWork (/app/node_modules/.pnpm/react-dom@18.3.1_react@18.3.1/node_modules/react-dom/cjs/react-dom.development.js:26599:12)
            at workLoopSync (/app/node_modules/.pnpm/react-dom@18.3.1_react@18.3.1/node_modules/react-dom/cjs/react-dom.development.js:26505:5)
            at renderRootSync (/app/node_modules/.pnpm/react-dom@18.3.1_react@18.3.1/node_modules/react-dom/cjs/react-dom.development.js:26473:7)
            at performConcurrentWorkOnRoot (/app/node_modules/.pnpm/react-dom@18.3.1_react@18.3.1/node_modules/react-dom/cjs/react-dom.development.js:25777:74)
            at flushActQueue (/app/node_modules/.pnpm/react@18.3.1/node_modules/react/cjs/react.development.js:2667:24)
            at act (/app/node_modules/.pnpm/react@18.3.1/node_modules/react/cjs/react.development.js:2582:11)
            at /app/node_modules/.pnpm/@testing-library+react@16.3.2_@testing-library+dom@10.4.1_@types+react-dom@18.3.7_@types+reac_3k5f6qynewwmkoqvlvtzlgtsjq/node_modules/@testing-library/react/dist/act-compat.js:46:25
            at renderRoot (/app/node_modules/.pnpm/@testing-library+react@16.3.2_@testing-library+dom@10.4.1_@types+react-dom@18.3.7_@types+reac_3k5f6qynewwmkoqvlvtzlgtsjq/node_modules/@testing-library/react/dist/pure.js:189:26)
            at render (/app/node_modules/.pnpm/@testing-library+react@16.3.2_@testing-library+dom@10.4.1_@types+react-dom@18.3.7_@types+reac_3k5f6qynewwmkoqvlvtzlgtsjq/node_modules/@testing-library/react/dist/pure.js:291:10)
            at Object.<anonymous> (/app/apps/admin/components/__tests__/apps-table.test.tsx:63:11)
            at Promise.then.completed (/app/node_modules/.pnpm/jest-circus@29.7.0/node_modules/jest-circus/build/utils.js:298:28)
            at new Promise (<anonymous>)
            at callAsyncCircusFn (/app/node_modules/.pnpm/jest-circus@29.7.0/node_modules/jest-circus/build/utils.js:231:10)
            at _callCircusTest (/app/node_modules/.pnpm/jest-circus@29.7.0/node_modules/jest-circus/build/run.js:316:40)
            at processTicksAndRejections (node:internal/process/task_queues:103:5)
            at _runTest (/app/node_modules/.pnpm/jest-circus@29.7.0/node_modules/jest-circus/build/run.js:252:3)
            at _runTestsForDescribeBlock (/app/node_modules/.pnpm/jest-circus@29.7.0/node_modules/jest-circus/build/run.js:126:9)
            at _runTestsForDescribeBlock (/app/node_modules/.pnpm/jest-circus@29.7.0/node_modules/jest-circus/build/run.js:121:9)
            at run (/app/node_modules/.pnpm/jest-circus@29.7.0/node_modules/jest-circus/build/run.js:71:3)
            at runAndTransformResultsToJestFormat (/app/node_modules/.pnpm/jest-circus@29.7.0/node_modules/jest-circus/build/legacy-code-todo-rewrite/jestAdapterInit.js:122:21)
            at jestAdapter (/app/node_modules/.pnpm/jest-circus@29.7.0/node_modules/jest-circus/build/legacy-code-todo-rewrite/jestAdapter.js:79:19)
            at runTestInternal (/app/node_modules/.pnpm/jest-runner@29.7.0/node_modules/jest-runner/build/runTest.js:367:16)
            at runTest (/app/node_modules/.pnpm/jest-runner@29.7.0/node_modules/jest-runner/build/runTest.js:444:34)
            at Object.worker (/app/node_modules/.pnpm/jest-runner@29.7.0/node_modules/jest-runner/build/testWorker.js:106:12),
        type: 'unhandled exception'
      }

      61 |
      62 |   it('clicking Delete on an ordinary app opens ConfirmDialog with the app name', async () => {
    > 63 |     render(withIntl(<AppsTable initial={initial} />))
         |           ^
      64 |     // Open the row action menu for Customer Portal (first row)
      65 |     const menuButtons = screen.getAllByRole('button', { name: /more/i })
      66 |     fireEvent.click(menuButtons[0])

      at VirtualConsole.<anonymous> (../../node_modules/.pnpm/jest-environment-jsdom@29.7.0/node_modules/jest-environment-jsdom/build/index.js:63:23)
      at reportException (../../node_modules/.pnpm/jsdom@20.0.3/node_modules/jsdom/lib/jsdom/living/helpers/runtime-script-errors.js:70:28)
      at innerInvokeEventListeners (../../node_modules/.pnpm/jsdom@20.0.3/node_modules/jsdom/lib/jsdom/living/events/EventTarget-impl.js:353:9)
      at invokeEventListeners (../../node_modules/.pnpm/jsdom@20.0.3/node_modules/jsdom/lib/jsdom/living/events/EventTarget-impl.js:286:3)
      at HTMLUnknownElementImpl._dispatch (../../node_modules/.pnpm/jsdom@20.0.3/node_modules/jsdom/lib/jsdom/living/events/EventTarget-impl.js:233:9)
      at HTMLUnknownElementImpl.dispatchEvent (../../node_modules/.pnpm/jsdom@20.0.3/node_modules/jsdom/lib/jsdom/living/events/EventTarget-impl.js:104:17)
      at HTMLUnknownElement.dispatchEvent (../../node_modules/.pnpm/jsdom@20.0.3/node_modules/jsdom/lib/jsdom/living/generated/EventTarget.js:241:34)
      at Object.invokeGuardedCallbackDev (../../node_modules/.pnpm/react-dom@18.3.1_react@18.3.1/node_modules/react-dom/cjs/react-dom.development.js:4213:16)
      at invokeGuardedCallback (../../node_modules/.pnpm/react-dom@18.3.1_react@18.3.1/node_modules/react-dom/cjs/react-dom.development.js:4277:31)
      at beginWork$1 (../../node_modules/.pnpm/react-dom@18.3.1_react@18.3.1/node_modules/react-dom/cjs/react-dom.development.js:27490:7)
      at performUnitOfWork (../../node_modules/.pnpm/react-dom@18.3.1_react@18.3.1/node_modules/react-dom/cjs/react-dom.development.js:26599:12)
      at workLoopSync (../../node_modules/.pnpm/react-dom@18.3.1_react@18.3.1/node_modules/react-dom/cjs/react-dom.development.js:26505:5)
      at renderRootSync (../../node_modules/.pnpm/react-dom@18.3.1_react@18.3.1/node_modules/react-dom/cjs/react-dom.development.js:26473:7)
      at performConcurrentWorkOnRoot (../../node_modules/.pnpm/react-dom@18.3.1_react@18.3.1/node_modules/react-dom/cjs/react-dom.development.js:25777:74)
      at flushActQueue (../../node_modules/.pnpm/react@18.3.1/node_modules/react/cjs/react.development.js:2667:24)
      at act (../../node_modules/.pnpm/react@18.3.1/node_modules/react/cjs/react.development.js:2582:11)
      at ../../node_modules/.pnpm/@testing-library+react@16.3.2_@testing-library+dom@10.4.1_@types+react-dom@18.3.7_@types+reac_3k5f6qynewwmkoqvlvtzlgtsjq/node_modules/@testing-library/react/dist/act-compat.js:46:25
      at renderRoot (../../node_modules/.pnpm/@testing-library+react@16.3.2_@testing-library+dom@10.4.1_@types+react-dom@18.3.7_@types+reac_3k5f6qynewwmkoqvlvtzlgtsjq/node_modules/@testing-library/react/dist/pure.js:189:26)
      at render (../../node_modules/.pnpm/@testing-library+react@16.3.2_@testing-library+dom@10.4.1_@types+react-dom@18.3.7_@types+reac_3k5f6qynewwmkoqvlvtzlgtsjq/node_modules/@testing-library/react/dist/pure.js:291:10)
      at Object.<anonymous> (components/__tests__/apps-table.test.tsx:63:11)

    console.error
      Error: Uncaught [Error: `Tooltip` must be used within `TooltipProvider`]
          at reportException (/app/node_modules/.pnpm/jsdom@20.0.3/node_modules/jsdom/lib/jsdom/living/helpers/runtime-script-errors.js:66:24)
          at innerInvokeEventListeners (/app/node_modules/.pnpm/jsdom@20.0.3/node_modules/jsdom/lib/jsdom/living/events/EventTarget-impl.js:353:9)
          at invokeEventListeners (/app/node_modules/.pnpm/jsdom@20.0.3/node_modules/jsdom/lib/jsdom/living/events/EventTarget-impl.js:286:3)
          at HTMLUnknownElementImpl._dispatch (/app/node_modules/.pnpm/jsdom@20.0.3/node_modules/jsdom/lib/jsdom/living/events/EventTarget-impl.js:233:9)
          at HTMLUnknownElementImpl.dispatchEvent (/app/node_modules/.pnpm/jsdom@20.0.3/node_modules/jsdom/lib/jsdom/living/events/EventTarget-impl.js:104:17)
          at HTMLUnknownElement.dispatchEvent (/app/node_modules/.pnpm/jsdom@20.0.3/node_modules/jsdom/lib/jsdom/living/generated/EventTarget.js:241:34)
          at Object.invokeGuardedCallbackDev (/app/node_modules/.pnpm/react-dom@18.3.1_react@18.3.1/node_modules/react-dom/cjs/react-dom.development.js:4213:16)
          at invokeGuardedCallback (/app/node_modules/.pnpm/react-dom@18.3.1_react@18.3.1/node_modules/react-dom/cjs/react-dom.development.js:4277:31)
          at beginWork$1 (/app/node_modules/.pnpm/react-dom@18.3.1_react@18.3.1/node_modules/react-dom/cjs/react-dom.development.js:27490:7)
          at performUnitOfWork (/app/node_modules/.pnpm/react-dom@18.3.1_react@18.3.1/node_modules/react-dom/cjs/react-dom.development.js:26599:12)
          at workLoopSync (/app/node_modules/.pnpm/react-dom@18.3.1_react@18.3.1/node_modules/react-dom/cjs/react-dom.development.js:26505:5)
          at renderRootSync (/app/node_modules/.pnpm/react-dom@18.3.1_react@18.3.1/node_modules/react-dom/cjs/react-dom.development.js:26473:7)
          at recoverFromConcurrentError (/app/node_modules/.pnpm/react-dom@18.3.1_react@18.3.1/node_modules/react-dom/cjs/react-dom.development.js:25889:20)
          at performConcurrentWorkOnRoot (/app/node_modules/.pnpm/react-dom@18.3.1_react@18.3.1/node_modules/react-dom/cjs/react-dom.development.js:25789:22)
          at flushActQueue (/app/node_modules/.pnpm/react@18.3.1/node_modules/react/cjs/react.development.js:2667:24)
          at act (/app/node_modules/.pnpm/react@18.3.1/node_modules/react/cjs/react.development.js:2582:11)
          at /app/node_modules/.pnpm/@testing-library+react@16.3.2_@testing-library+dom@10.4.1_@types+react-dom@18.3.7_@types+reac_3k5f6qynewwmkoqvlvtzlgtsjq/node_modules/@testing-library/react/dist/act-compat.js:46:25
          at renderRoot (/app/node_modules/.pnpm/@testing-library+react@16.3.2_@testing-library+dom@10.4.1_@types+react-dom@18.3.7_@types+reac_3k5f6qynewwmkoqvlvtzlgtsjq/node_modules/@testing-library/react/dist/pure.js:189:26)
          at render (/app/node_modules/.pnpm/@testing-library+react@16.3.2_@testing-library+dom@10.4.1_@types+react-dom@18.3.7_@types+reac_3k5f6qynewwmkoqvlvtzlgtsjq/node_modules/@testing-library/react/dist/pure.js:291:10)
          at Object.<anonymous> (/app/apps/admin/components/__tests__/apps-table.test.tsx:63:11)
          at Promise.then.completed (/app/node_modules/.pnpm/jest-circus@29.7.0/node_modules/jest-circus/build/utils.js:298:28)
          at new Promise (<anonymous>)
          at callAsyncCircusFn (/app/node_modules/.pnpm/jest-circus@29.7.0/node_modules/jest-circus/build/utils.js:231:10)
          at _callCircusTest (/app/node_modules/.pnpm/jest-circus@29.7.0/node_modules/jest-circus/build/run.js:316:40)
          at processTicksAndRejections (node:internal/process/task_queues:103:5)
          at _runTest (/app/node_modules/.pnpm/jest-circus@29.7.0/node_modules/jest-circus/build/run.js:252:3)
          at _runTestsForDescribeBlock (/app/node_modules/.pnpm/jest-circus@29.7.0/node_modules/jest-circus/build/run.js:126:9)
          at _runTestsForDescribeBlock (/app/node_modules/.pnpm/jest-circus@29.7.0/node_modules/jest-circus/build/run.js:121:9)
          at run (/app/node_modules/.pnpm/jest-circus@29.7.0/node_modules/jest-circus/build/run.js:71:3)
          at runAndTransformResultsToJestFormat (/app/node_modules/.pnpm/jest-circus@29.7.0/node_modules/jest-circus/build/legacy-code-todo-rewrite/jestAdapterInit.js:122:21)
          at jestAdapter (/app/node_modules/.pnpm/jest-circus@29.7.0/node_modules/jest-circus/build/legacy-code-todo-rewrite/jestAdapter.js:79:19)
          at runTestInternal (/app/node_modules/.pnpm/jest-runner@29.7.0/node_modules/jest-runner/build/runTest.js:367:16)
          at runTest (/app/node_modules/.pnpm/jest-runner@29.7.0/node_modules/jest-runner/build/runTest.js:444:34)
          at Object.worker (/app/node_modules/.pnpm/jest-runner@29.7.0/node_modules/jest-runner/build/testWorker.js:106:12) {
        detail: Error: `Tooltip` must be used within `TooltipProvider`
            at useContext2 (/app/node_modules/.pnpm/@radix-ui+react-context@1.1.2_@types+react@18.3.29_react@18.3.1/node_modules/@radix-ui/react-context/src/create-context.tsx:75:13)
            at Tooltip (/app/node_modules/.pnpm/@radix-ui+react-tooltip@1.2.8_@types+react-dom@18.3.7_@types+react@18.3.29__@types+react@18.3_xrwsnt2rmlacewwolijhmzdoxi/node_modules/@radix-ui/react-tooltip/src/tooltip.tsx:162:27)
            at renderWithHooks (/app/node_modules/.pnpm/react-dom@18.3.1_react@18.3.1/node_modules/react-dom/cjs/react-dom.development.js:15486:18)
            at mountIndeterminateComponent (/app/node_modules/.pnpm/react-dom@18.3.1_react@18.3.1/node_modules/react-dom/cjs/react-dom.development.js:20103:13)
            at beginWork (/app/node_modules/.pnpm/react-dom@18.3.1_react@18.3.1/node_modules/react-dom/cjs/react-dom.development.js:21626:16)
            at HTMLUnknownElement.callCallback (/app/node_modules/.pnpm/react-dom@18.3.1_react@18.3.1/node_modules/react-dom/cjs/react-dom.development.js:4164:14)
            at HTMLUnknownElement.callTheUserObjectsOperation (/app/node_modules/.pnpm/jsdom@20.0.3/node_modules/jsdom/lib/jsdom/living/generated/EventListener.js:26:30)
            at innerInvokeEventListeners (/app/node_modules/.pnpm/jsdom@20.0.3/node_modules/jsdom/lib/jsdom/living/events/EventTarget-impl.js:350:25)
            at invokeEventListeners (/app/node_modules/.pnpm/jsdom@20.0.3/node_modules/jsdom/lib/jsdom/living/events/EventTarget-impl.js:286:3)
            at HTMLUnknownElementImpl._dispatch (/app/node_modules/.pnpm/jsdom@20.0.3/node_modules/jsdom/lib/jsdom/living/events/EventTarget-impl.js:233:9)
            at HTMLUnknownElementImpl.dispatchEvent (/app/node_modules/.pnpm/jsdom@20.0.3/node_modules/jsdom/lib/jsdom/living/events/EventTarget-impl.js:104:17)
            at HTMLUnknownElement.dispatchEvent (/app/node_modules/.pnpm/jsdom@20.0.3/node_modules/jsdom/lib/jsdom/living/generated/EventTarget.js:241:34)
            at Object.invokeGuardedCallbackDev (/app/node_modules/.pnpm/react-dom@18.3.1_react@18.3.1/node_modules/react-dom/cjs/react-dom.development.js:4213:16)
            at invokeGuardedCallback (/app/node_modules/.pnpm/react-dom@18.3.1_react@18.3.1/node_modules/react-dom/cjs/react-dom.development.js:4277:31)
            at beginWork$1 (/app/node_modules/.pnpm/react-dom@18.3.1_react@18.3.1/node_modules/react-dom/cjs/react-dom.development.js:27490:7)
            at performUnitOfWork (/app/node_modules/.pnpm/react-dom@18.3.1_react@18.3.1/node_modules/react-dom/cjs/react-dom.development.js:26599:12)
            at workLoopSync (/app/node_modules/.pnpm/react-dom@18.3.1_react@18.3.1/node_modules/react-dom/cjs/react-dom.development.js:26505:5)
            at renderRootSync (/app/node_modules/.pnpm/react-dom@18.3.1_react@18.3.1/node_modules/react-dom/cjs/react-dom.development.js:26473:7)
            at recoverFromConcurrentError (/app/node_modules/.pnpm/react-dom@18.3.1_react@18.3.1/node_modules/react-dom/cjs/react-dom.development.js:25889:20)
            at performConcurrentWorkOnRoot (/app/node_modules/.pnpm/react-dom@18.3.1_react@18.3.1/node_modules/react-dom/cjs/react-dom.development.js:25789:22)
            at flushActQueue (/app/node_modules/.pnpm/react@18.3.1/node_modules/react/cjs/react.development.js:2667:24)
            at act (/app/node_modules/.pnpm/react@18.3.1/node_modules/react/cjs/react.development.js:2582:11)
            at /app/node_modules/.pnpm/@testing-library+react@16.3.2_@testing-library+dom@10.4.1_@types+react-dom@18.3.7_@types+reac_3k5f6qynewwmkoqvlvtzlgtsjq/node_modules/@testing-library/react/dist/act-compat.js:46:25
            at renderRoot (/app/node_modules/.pnpm/@testing-library+react@16.3.2_@testing-library+dom@10.4.1_@types+react-dom@18.3.7_@types+reac_3k5f6qynewwmkoqvlvtzlgtsjq/node_modules/@testing-library/react/dist/pure.js:189:26)
            at render (/app/node_modules/.pnpm/@testing-library+react@16.3.2_@testing-library+dom@10.4.1_@types+react-dom@18.3.7_@types+reac_3k5f6qynewwmkoqvlvtzlgtsjq/node_modules/@testing-library/react/dist/pure.js:291:10)
            at Object.<anonymous> (/app/apps/admin/components/__tests__/apps-table.test.tsx:63:11)
            at Promise.then.completed (/app/node_modules/.pnpm/jest-circus@29.7.0/node_modules/jest-circus/build/utils.js:298:28)
            at new Promise (<anonymous>)
            at callAsyncCircusFn (/app/node_modules/.pnpm/jest-circus@29.7.0/node_modules/jest-circus/build/utils.js:231:10)
            at _callCircusTest (/app/node_modules/.pnpm/jest-circus@29.7.0/node_modules/jest-circus/build/run.js:316:40)
            at processTicksAndRejections (node:internal/process/task_queues:103:5)
            at _runTest (/app/node_modules/.pnpm/jest-circus@29.7.0/node_modules/jest-circus/build/run.js:252:3)
            at _runTestsForDescribeBlock (/app/node_modules/.pnpm/jest-circus@29.7.0/node_modules/jest-circus/build/run.js:126:9)
            at _runTestsForDescribeBlock (/app/node_modules/.pnpm/jest-circus@29.7.0/node_modules/jest-circus/build/run.js:121:9)
            at run (/app/node_modules/.pnpm/jest-circus@29.7.0/node_modules/jest-circus/build/run.js:71:3)
            at runAndTransformResultsToJestFormat (/app/node_modules/.pnpm/jest-circus@29.7.0/node_modules/jest-circus/build/legacy-code-todo-rewrite/jestAdapterInit.js:122:21)
            at jestAdapter (/app/node_modules/.pnpm/jest-circus@29.7.0/node_modules/jest-circus/build/legacy-code-todo-rewrite/jestAdapter.js:79:19)
            at runTestInternal (/app/node_modules/.pnpm/jest-runner@29.7.0/node_modules/jest-runner/build/runTest.js:367:16)
            at runTest (/app/node_modules/.pnpm/jest-runner@29.7.0/node_modules/jest-runner/build/runTest.js:444:34)
            at Object.worker (/app/node_modules/.pnpm/jest-runner@29.7.0/node_modules/jest-runner/build/testWorker.js:106:12),
        type: 'unhandled exception'
      }

      61 |
      62 |   it('clicking Delete on an ordinary app opens ConfirmDialog with the app name', async () => {
    > 63 |     render(withIntl(<AppsTable initial={initial} />))
         |           ^
      64 |     // Open the row action menu for Customer Portal (first row)
      65 |     const menuButtons = screen.getAllByRole('button', { name: /more/i })
      66 |     fireEvent.click(menuButtons[0])

      at VirtualConsole.<anonymous> (../../node_modules/.pnpm/jest-environment-jsdom@29.7.0/node_modules/jest-environment-jsdom/build/index.js:63:23)
      at reportException (../../node_modules/.pnpm/jsdom@20.0.3/node_modules/jsdom/lib/jsdom/living/helpers/runtime-script-errors.js:70:28)
      at innerInvokeEventListeners (../../node_modules/.pnpm/jsdom@20.0.3/node_modules/jsdom/lib/jsdom/living/events/EventTarget-impl.js:353:9)
      at invokeEventListeners (../../node_modules/.pnpm/jsdom@20.0.3/node_modules/jsdom/lib/jsdom/living/events/EventTarget-impl.js:286:3)
      at HTMLUnknownElementImpl._dispatch (../../node_modules/.pnpm/jsdom@20.0.3/node_modules/jsdom/lib/jsdom/living/events/EventTarget-impl.js:233:9)
      at HTMLUnknownElementImpl.dispatchEvent (../../node_modules/.pnpm/jsdom@20.0.3/node_modules/jsdom/lib/jsdom/living/events/EventTarget-impl.js:104:17)
      at HTMLUnknownElement.dispatchEvent (../../node_modules/.pnpm/jsdom@20.0.3/node_modules/jsdom/lib/jsdom/living/generated/EventTarget.js:241:34)
      at Object.invokeGuardedCallbackDev (../../node_modules/.pnpm/react-dom@18.3.1_react@18.3.1/node_modules/react-dom/cjs/react-dom.development.js:4213:16)
      at invokeGuardedCallback (../../node_modules/.pnpm/react-dom@18.3.1_react@18.3.1/node_modules/react-dom/cjs/react-dom.development.js:4277:31)
      at beginWork$1 (../../node_modules/.pnpm/react-dom@18.3.1_react@18.3.1/node_modules/react-dom/cjs/react-dom.development.js:27490:7)
      at performUnitOfWork (../../node_modules/.pnpm/react-dom@18.3.1_react@18.3.1/node_modules/react-dom/cjs/react-dom.development.js:26599:12)
      at workLoopSync (../../node_modules/.pnpm/react-dom@18.3.1_react@18.3.1/node_modules/react-dom/cjs/react-dom.development.js:26505:5)
      at renderRootSync (../../node_modules/.pnpm/react-dom@18.3.1_react@18.3.1/node_modules/react-dom/cjs/react-dom.development.js:26473:7)
      at recoverFromConcurrentError (../../node_modules/.pnpm/react-dom@18.3.1_react@18.3.1/node_modules/react-dom/cjs/react-dom.development.js:25889:20)
      at performConcurrentWorkOnRoot (../../node_modules/.pnpm/react-dom@18.3.1_react@18.3.1/node_modules/react-dom/cjs/react-dom.development.js:25789:22)
      at flushActQueue (../../node_modules/.pnpm/react@18.3.1/node_modules/react/cjs/react.development.js:2667:24)
      at act (../../node_modules/.pnpm/react@18.3.1/node_modules/react/cjs/react.development.js:2582:11)
      at ../../node_modules/.pnpm/@testing-library+react@16.3.2_@testing-library+dom@10.4.1_@types+react-dom@18.3.7_@types+reac_3k5f6qynewwmkoqvlvtzlgtsjq/node_modules/@testing-library/react/dist/act-compat.js:46:25
      at renderRoot (../../node_modules/.pnpm/@testing-library+react@16.3.2_@testing-library+dom@10.4.1_@types+react-dom@18.3.7_@types+reac_3k5f6qynewwmkoqvlvtzlgtsjq/node_modules/@testing-library/react/dist/pure.js:189:26)
      at render (../../node_modules/.pnpm/@testing-library+react@16.3.2_@testing-library+dom@10.4.1_@types+react-dom@18.3.7_@types+reac_3k5f6qynewwmkoqvlvtzlgtsjq/node_modules/@testing-library/react/dist/pure.js:291:10)
      at Object.<anonymous> (components/__tests__/apps-table.test.tsx:63:11)

    console.error
      Error: Uncaught [Error: `Tooltip` must be used within `TooltipProvider`]
          at reportException (/app/node_modules/.pnpm/jsdom@20.0.3/node_modules/jsdom/lib/jsdom/living/helpers/runtime-script-errors.js:66:24)
          at innerInvokeEventListeners (/app/node_modules/.pnpm/jsdom@20.0.3/node_modules/jsdom/lib/jsdom/living/events/EventTarget-impl.js:353:9)
          at invokeEventListeners (/app/node_modules/.pnpm/jsdom@20.0.3/node_modules/jsdom/lib/jsdom/living/events/EventTarget-impl.js:286:3)
          at HTMLUnknownElementImpl._dispatch (/app/node_modules/.pnpm/jsdom@20.0.3/node_modules/jsdom/lib/jsdom/living/events/EventTarget-impl.js:233:9)
          at HTMLUnknownElementImpl.dispatchEvent (/app/node_modules/.pnpm/jsdom@20.0.3/node_modules/jsdom/lib/jsdom/living/events/EventTarget-impl.js:104:17)
          at HTMLUnknownElement.dispatchEvent (/app/node_modules/.pnpm/jsdom@20.0.3/node_modules/jsdom/lib/jsdom/living/generated/EventTarget.js:241:34)
          at Object.invokeGuardedCallbackDev (/app/node_modules/.pnpm/react-dom@18.3.1_react@18.3.1/node_modules/react-dom/cjs/react-dom.development.js:4213:16)
          at invokeGuardedCallback (/app/node_modules/.pnpm/react-dom@18.3.1_react@18.3.1/node_modules/react-dom/cjs/react-dom.development.js:4277:31)
          at beginWork$1 (/app/node_modules/.pnpm/react-dom@18.3.1_react@18.3.1/node_modules/react-dom/cjs/react-dom.development.js:27490:7)
          at performUnitOfWork (/app/node_modules/.pnpm/react-dom@18.3.1_react@18.3.1/node_modules/react-dom/cjs/react-dom.development.js:26599:12)
          at workLoopSync (/app/node_modules/.pnpm/react-dom@18.3.1_react@18.3.1/node_modules/react-dom/cjs/react-dom.development.js:26505:5)
          at renderRootSync (/app/node_modules/.pnpm/react-dom@18.3.1_react@18.3.1/node_modules/react-dom/cjs/react-dom.development.js:26473:7)
          at recoverFromConcurrentError (/app/node_modules/.pnpm/react-dom@18.3.1_react@18.3.1/node_modules/react-dom/cjs/react-dom.development.js:25889:20)
          at performConcurrentWorkOnRoot (/app/node_modules/.pnpm/react-dom@18.3.1_react@18.3.1/node_modules/react-dom/cjs/react-dom.development.js:25789:22)
          at flushActQueue (/app/node_modules/.pnpm/react@18.3.1/node_modules/react/cjs/react.development.js:2667:24)
          at act (/app/node_modules/.pnpm/react@18.3.1/node_modules/react/cjs/react.development.js:2582:11)
          at /app/node_modules/.pnpm/@testing-library+react@16.3.2_@testing-library+dom@10.4.1_@types+react-dom@18.3.7_@types+reac_3k5f6qynewwmkoqvlvtzlgtsjq/node_modules/@testing-library/react/dist/act-compat.js:46:25
          at renderRoot (/app/node_modules/.pnpm/@testing-library+react@16.3.2_@testing-library+dom@10.4.1_@types+react-dom@18.3.7_@types+reac_3k5f6qynewwmkoqvlvtzlgtsjq/node_modules/@testing-library/react/dist/pure.js:189:26)
          at render (/app/node_modules/.pnpm/@testing-library+react@16.3.2_@testing-library+dom@10.4.1_@types+react-dom@18.3.7_@types+reac_3k5f6qynewwmkoqvlvtzlgtsjq/node_modules/@testing-library/react/dist/pure.js:291:10)
          at Object.<anonymous> (/app/apps/admin/components/__tests__/apps-table.test.tsx:63:11)
          at Promise.then.completed (/app/node_modules/.pnpm/jest-circus@29.7.0/node_modules/jest-circus/build/utils.js:298:28)
          at new Promise (<anonymous>)
          at callAsyncCircusFn (/app/node_modules/.pnpm/jest-circus@29.7.0/node_modules/jest-circus/build/utils.js:231:10)
          at _callCircusTest (/app/node_modules/.pnpm/jest-circus@29.7.0/node_modules/jest-circus/build/run.js:316:40)
          at processTicksAndRejections (node:internal/process/task_queues:103:5)
          at _runTest (/app/node_modules/.pnpm/jest-circus@29.7.0/node_modules/jest-circus/build/run.js:252:3)
          at _runTestsForDescribeBlock (/app/node_modules/.pnpm/jest-circus@29.7.0/node_modules/jest-circus/build/run.js:126:9)
          at _runTestsForDescribeBlock (/app/node_modules/.pnpm/jest-circus@29.7.0/node_modules/jest-circus/build/run.js:121:9)
          at run (/app/node_modules/.pnpm/jest-circus@29.7.0/node_modules/jest-circus/build/run.js:71:3)
          at runAndTransformResultsToJestFormat (/app/node_modules/.pnpm/jest-circus@29.7.0/node_modules/jest-circus/build/legacy-code-todo-rewrite/jestAdapterInit.js:122:21)
          at jestAdapter (/app/node_modules/.pnpm/jest-circus@29.7.0/node_modules/jest-circus/build/legacy-code-todo-rewrite/jestAdapter.js:79:19)
          at runTestInternal (/app/node_modules/.pnpm/jest-runner@29.7.0/node_modules/jest-runner/build/runTest.js:367:16)
          at runTest (/app/node_modules/.pnpm/jest-runner@29.7.0/node_modules/jest-runner/build/runTest.js:444:34)
          at Object.worker (/app/node_modules/.pnpm/jest-runner@29.7.0/node_modules/jest-runner/build/testWorker.js:106:12) {
        detail: Error: `Tooltip` must be used within `TooltipProvider`
            at useContext2 (/app/node_modules/.pnpm/@radix-ui+react-context@1.1.2_@types+react@18.3.29_react@18.3.1/node_modules/@radix-ui/react-context/src/create-context.tsx:75:13)
            at Tooltip (/app/node_modules/.pnpm/@radix-ui+react-tooltip@1.2.8_@types+react-dom@18.3.7_@types+react@18.3.29__@types+react@18.3_xrwsnt2rmlacewwolijhmzdoxi/node_modules/@radix-ui/react-tooltip/src/tooltip.tsx:162:27)
            at renderWithHooks (/app/node_modules/.pnpm/react-dom@18.3.1_react@18.3.1/node_modules/react-dom/cjs/react-dom.development.js:15486:18)
            at mountIndeterminateComponent (/app/node_modules/.pnpm/react-dom@18.3.1_react@18.3.1/node_modules/react-dom/cjs/react-dom.development.js:20103:13)
            at beginWork (/app/node_modules/.pnpm/react-dom@18.3.1_react@18.3.1/node_modules/react-dom/cjs/react-dom.development.js:21626:16)
            at HTMLUnknownElement.callCallback (/app/node_modules/.pnpm/react-dom@18.3.1_react@18.3.1/node_modules/react-dom/cjs/react-dom.development.js:4164:14)
            at HTMLUnknownElement.callTheUserObjectsOperation (/app/node_modules/.pnpm/jsdom@20.0.3/node_modules/jsdom/lib/jsdom/living/generated/EventListener.js:26:30)
            at innerInvokeEventListeners (/app/node_modules/.pnpm/jsdom@20.0.3/node_modules/jsdom/lib/jsdom/living/events/EventTarget-impl.js:350:25)
            at invokeEventListeners (/app/node_modules/.pnpm/jsdom@20.0.3/node_modules/jsdom/lib/jsdom/living/events/EventTarget-impl.js:286:3)
            at HTMLUnknownElementImpl._dispatch (/app/node_modules/.pnpm/jsdom@20.0.3/node_modules/jsdom/lib/jsdom/living/events/EventTarget-impl.js:233:9)
            at HTMLUnknownElementImpl.dispatchEvent (/app/node_modules/.pnpm/jsdom@20.0.3/node_modules/jsdom/lib/jsdom/living/events/EventTarget-impl.js:104:17)
            at HTMLUnknownElement.dispatchEvent (/app/node_modules/.pnpm/jsdom@20.0.3/node_modules/jsdom/lib/jsdom/living/generated/EventTarget.js:241:34)
            at Object.invokeGuardedCallbackDev (/app/node_modules/.pnpm/react-dom@18.3.1_react@18.3.1/node_modules/react-dom/cjs/react-dom.development.js:4213:16)
            at invokeGuardedCallback (/app/node_modules/.pnpm/react-dom@18.3.1_react@18.3.1/node_modules/react-dom/cjs/react-dom.development.js:4277:31)
            at beginWork$1 (/app/node_modules/.pnpm/react-dom@18.3.1_react@18.3.1/node_modules/react-dom/cjs/react-dom.development.js:27490:7)
            at performUnitOfWork (/app/node_modules/.pnpm/react-dom@18.3.1_react@18.3.1/node_modules/react-dom/cjs/react-dom.development.js:26599:12)
            at workLoopSync (/app/node_modules/.pnpm/react-dom@18.3.1_react@18.3.1/node_modules/react-dom/cjs/react-dom.development.js:26505:5)
            at renderRootSync (/app/node_modules/.pnpm/react-dom@18.3.1_react@18.3.1/node_modules/react-dom/cjs/react-dom.development.js:26473:7)
            at recoverFromConcurrentError (/app/node_modules/.pnpm/react-dom@18.3.1_react@18.3.1/node_modules/react-dom/cjs/react-dom.development.js:25889:20)
            at performConcurrentWorkOnRoot (/app/node_modules/.pnpm/react-dom@18.3.1_react@18.3.1/node_modules/react-dom/cjs/react-dom.development.js:25789:22)
            at flushActQueue (/app/node_modules/.pnpm/react@18.3.1/node_modules/react/cjs/react.development.js:2667:24)
            at act (/app/node_modules/.pnpm/react@18.3.1/node_modules/react/cjs/react.development.js:2582:11)
            at /app/node_modules/.pnpm/@testing-library+react@16.3.2_@testing-library+dom@10.4.1_@types+react-dom@18.3.7_@types+reac_3k5f6qynewwmkoqvlvtzlgtsjq/node_modules/@testing-library/react/dist/act-compat.js:46:25
            at renderRoot (/app/node_modules/.pnpm/@testing-library+react@16.3.2_@testing-library+dom@10.4.1_@types+react-dom@18.3.7_@types+reac_3k5f6qynewwmkoqvlvtzlgtsjq/node_modules/@testing-library/react/dist/pure.js:189:26)
            at render (/app/node_modules/.pnpm/@testing-library+react@16.3.2_@testing-library+dom@10.4.1_@types+react-dom@18.3.7_@types+reac_3k5f6qynewwmkoqvlvtzlgtsjq/node_modules/@testing-library/react/dist/pure.js:291:10)
            at Object.<anonymous> (/app/apps/admin/components/__tests__/apps-table.test.tsx:63:11)
            at Promise.then.completed (/app/node_modules/.pnpm/jest-circus@29.7.0/node_modules/jest-circus/build/utils.js:298:28)
            at new Promise (<anonymous>)
            at callAsyncCircusFn (/app/node_modules/.pnpm/jest-circus@29.7.0/node_modules/jest-circus/build/utils.js:231:10)
            at _callCircusTest (/app/node_modules/.pnpm/jest-circus@29.7.0/node_modules/jest-circus/build/run.js:316:40)
            at processTicksAndRejections (node:internal/process/task_queues:103:5)
            at _runTest (/app/node_modules/.pnpm/jest-circus@29.7.0/node_modules/jest-circus/build/run.js:252:3)
            at _runTestsForDescribeBlock (/app/node_modules/.pnpm/jest-circus@29.7.0/node_modules/jest-circus/build/run.js:126:9)
            at _runTestsForDescribeBlock (/app/node_modules/.pnpm/jest-circus@29.7.0/node_modules/jest-circus/build/run.js:121:9)
            at run (/app/node_modules/.pnpm/jest-circus@29.7.0/node_modules/jest-circus/build/run.js:71:3)
            at runAndTransformResultsToJestFormat (/app/node_modules/.pnpm/jest-circus@29.7.0/node_modules/jest-circus/build/legacy-code-todo-rewrite/jestAdapterInit.js:122:21)
            at jestAdapter (/app/node_modules/.pnpm/jest-circus@29.7.0/node_modules/jest-circus/build/legacy-code-todo-rewrite/jestAdapter.js:79:19)
            at runTestInternal (/app/node_modules/.pnpm/jest-runner@29.7.0/node_modules/jest-runner/build/runTest.js:367:16)
            at runTest (/app/node_modules/.pnpm/jest-runner@29.7.0/node_modules/jest-runner/build/runTest.js:444:34)
            at Object.worker (/app/node_modules/.pnpm/jest-runner@29.7.0/node_modules/jest-runner/build/testWorker.js:106:12),
        type: 'unhandled exception'
      }

      61 |
      62 |   it('clicking Delete on an ordinary app opens ConfirmDialog with the app name', async () => {
    > 63 |     render(withIntl(<AppsTable initial={initial} />))
         |           ^
      64 |     // Open the row action menu for Customer Portal (first row)
      65 |     const menuButtons = screen.getAllByRole('button', { name: /more/i })
      66 |     fireEvent.click(menuButtons[0])

      at VirtualConsole.<anonymous> (../../node_modules/.pnpm/jest-environment-jsdom@29.7.0/node_modules/jest-environment-jsdom/build/index.js:63:23)
      at reportException (../../node_modules/.pnpm/jsdom@20.0.3/node_modules/jsdom/lib/jsdom/living/helpers/runtime-script-errors.js:70:28)
      at innerInvokeEventListeners (../../node_modules/.pnpm/jsdom@20.0.3/node_modules/jsdom/lib/jsdom/living/events/EventTarget-impl.js:353:9)
      at invokeEventListeners (../../node_modules/.pnpm/jsdom@20.0.3/node_modules/jsdom/lib/jsdom/living/events/EventTarget-impl.js:286:3)
      at HTMLUnknownElementImpl._dispatch (../../node_modules/.pnpm/jsdom@20.0.3/node_modules/jsdom/lib/jsdom/living/events/EventTarget-impl.js:233:9)
      at HTMLUnknownElementImpl.dispatchEvent (../../node_modules/.pnpm/jsdom@20.0.3/node_modules/jsdom/lib/jsdom/living/events/EventTarget-impl.js:104:17)
      at HTMLUnknownElement.dispatchEvent (../../node_modules/.pnpm/jsdom@20.0.3/node_modules/jsdom/lib/jsdom/living/generated/EventTarget.js:241:34)
      at Object.invokeGuardedCallbackDev (../../node_modules/.pnpm/react-dom@18.3.1_react@18.3.1/node_modules/react-dom/cjs/react-dom.development.js:4213:16)
      at invokeGuardedCallback (../../node_modules/.pnpm/react-dom@18.3.1_react@18.3.1/node_modules/react-dom/cjs/react-dom.development.js:4277:31)
      at beginWork$1 (../../node_modules/.pnpm/react-dom@18.3.1_react@18.3.1/node_modules/react-dom/cjs/react-dom.development.js:27490:7)
      at performUnitOfWork (../../node_modules/.pnpm/react-dom@18.3.1_react@18.3.1/node_modules/react-dom/cjs/react-dom.development.js:26599:12)
      at workLoopSync (../../node_modules/.pnpm/react-dom@18.3.1_react@18.3.1/node_modules/react-dom/cjs/react-dom.development.js:26505:5)
      at renderRootSync (../../node_modules/.pnpm/react-dom@18.3.1_react@18.3.1/node_modules/react-dom/cjs/react-dom.development.js:26473:7)
      at recoverFromConcurrentError (../../node_modules/.pnpm/react-dom@18.3.1_react@18.3.1/node_modules/react-dom/cjs/react-dom.development.js:25889:20)
      at performConcurrentWorkOnRoot (../../node_modules/.pnpm/react-dom@18.3.1_react@18.3.1/node_modules/react-dom/cjs/react-dom.development.js:25789:22)
      at flushActQueue (../../node_modules/.pnpm/react@18.3.1/node_modules/react/cjs/react.development.js:2667:24)
      at act (../../node_modules/.pnpm/react@18.3.1/node_modules/react/cjs/react.development.js:2582:11)
      at ../../node_modules/.pnpm/@testing-library+react@16.3.2_@testing-library+dom@10.4.1_@types+react-dom@18.3.7_@types+reac_3k5f6qynewwmkoqvlvtzlgtsjq/node_modules/@testing-library/react/dist/act-compat.js:46:25
      at renderRoot (../../node_modules/.pnpm/@testing-library+react@16.3.2_@testing-library+dom@10.4.1_@types+react-dom@18.3.7_@types+reac_3k5f6qynewwmkoqvlvtzlgtsjq/node_modules/@testing-library/react/dist/pure.js:189:26)
      at render (../../node_modules/.pnpm/@testing-library+react@16.3.2_@testing-library+dom@10.4.1_@types+react-dom@18.3.7_@types+reac_3k5f6qynewwmkoqvlvtzlgtsjq/node_modules/@testing-library/react/dist/pure.js:291:10)
      at Object.<anonymous> (components/__tests__/apps-table.test.tsx:63:11)

    console.error
      Error: Uncaught [Error: `Tooltip` must be used within `TooltipProvider`]
          at reportException (/app/node_modules/.pnpm/jsdom@20.0.3/node_modules/jsdom/lib/jsdom/living/helpers/runtime-script-errors.js:66:24)
          at innerInvokeEventListeners (/app/node_modules/.pnpm/jsdom@20.0.3/node_modules/jsdom/lib/jsdom/living/events/EventTarget-impl.js:353:9)
          at invokeEventListeners (/app/node_modules/.pnpm/jsdom@20.0.3/node_modules/jsdom/lib/jsdom/living/events/EventTarget-impl.js:286:3)
          at HTMLUnknownElementImpl._dispatch (/app/node_modules/.pnpm/jsdom@20.0.3/node_modules/jsdom/lib/jsdom/living/events/EventTarget-impl.js:233:9)
          at HTMLUnknownElementImpl.dispatchEvent (/app/node_modules/.pnpm/jsdom@20.0.3/node_modules/jsdom/lib/jsdom/living/events/EventTarget-impl.js:104:17)
          at HTMLUnknownElement.dispatchEvent (/app/node_modules/.pnpm/jsdom@20.0.3/node_modules/jsdom/lib/jsdom/living/generated/EventTarget.js:241:34)
          at Object.invokeGuardedCallbackDev (/app/node_modules/.pnpm/react-dom@18.3.1_react@18.3.1/node_modules/react-dom/cjs/react-dom.development.js:4213:16)
          at invokeGuardedCallback (/app/node_modules/.pnpm/react-dom@18.3.1_react@18.3.1/node_modules/react-dom/cjs/react-dom.development.js:4277:31)
          at beginWork$1 (/app/node_modules/.pnpm/react-dom@18.3.1_react@18.3.1/node_modules/react-dom/cjs/react-dom.development.js:27490:7)
          at performUnitOfWork (/app/node_modules/.pnpm/react-dom@18.3.1_react@18.3.1/node_modules/react-dom/cjs/react-dom.development.js:26599:12)
          at workLoopSync (/app/node_modules/.pnpm/react-dom@18.3.1_react@18.3.1/node_modules/react-dom/cjs/react-dom.development.js:26505:5)
          at renderRootSync (/app/node_modules/.pnpm/react-dom@18.3.1_react@18.3.1/node_modules/react-dom/cjs/react-dom.development.js:26473:7)
          at recoverFromConcurrentError (/app/node_modules/.pnpm/react-dom@18.3.1_react@18.3.1/node_modules/react-dom/cjs/react-dom.development.js:25889:20)
          at performConcurrentWorkOnRoot (/app/node_modules/.pnpm/react-dom@18.3.1_react@18.3.1/node_modules/react-dom/cjs/react-dom.development.js:25789:22)
          at flushActQueue (/app/node_modules/.pnpm/react@18.3.1/node_modules/react/cjs/react.development.js:2667:24)
          at act (/app/node_modules/.pnpm/react@18.3.1/node_modules/react/cjs/react.development.js:2582:11)
          at /app/node_modules/.pnpm/@testing-library+react@16.3.2_@testing-library+dom@10.4.1_@types+react-dom@18.3.7_@types+reac_3k5f6qynewwmkoqvlvtzlgtsjq/node_modules/@testing-library/react/dist/act-compat.js:46:25
          at renderRoot (/app/node_modules/.pnpm/@testing-library+react@16.3.2_@testing-library+dom@10.4.1_@types+react-dom@18.3.7_@types+reac_3k5f6qynewwmkoqvlvtzlgtsjq/node_modules/@testing-library/react/dist/pure.js:189:26)
          at render (/app/node_modules/.pnpm/@testing-library+react@16.3.2_@testing-library+dom@10.4.1_@types+react-dom@18.3.7_@types+reac_3k5f6qynewwmkoqvlvtzlgtsjq/node_modules/@testing-library/react/dist/pure.js:291:10)
          at Object.<anonymous> (/app/apps/admin/components/__tests__/apps-table.test.tsx:63:11)
          at Promise.then.completed (/app/node_modules/.pnpm/jest-circus@29.7.0/node_modules/jest-circus/build/utils.js:298:28)
          at new Promise (<anonymous>)
          at callAsyncCircusFn (/app/node_modules/.pnpm/jest-circus@29.7.0/node_modules/jest-circus/build/utils.js:231:10)
          at _callCircusTest (/app/node_modules/.pnpm/jest-circus@29.7.0/node_modules/jest-circus/build/run.js:316:40)
          at processTicksAndRejections (node:internal/process/task_queues:103:5)
          at _runTest (/app/node_modules/.pnpm/jest-circus@29.7.0/node_modules/jest-circus/build/run.js:252:3)
          at _runTestsForDescribeBlock (/app/node_modules/.pnpm/jest-circus@29.7.0/node_modules/jest-circus/build/run.js:126:9)
          at _runTestsForDescribeBlock (/app/node_modules/.pnpm/jest-circus@29.7.0/node_modules/jest-circus/build/run.js:121:9)
          at run (/app/node_modules/.pnpm/jest-circus@29.7.0/node_modules/jest-circus/build/run.js:71:3)
          at runAndTransformResultsToJestFormat (/app/node_modules/.pnpm/jest-circus@29.7.0/node_modules/jest-circus/build/legacy-code-todo-rewrite/jestAdapterInit.js:122:21)
          at jestAdapter (/app/node_modules/.pnpm/jest-circus@29.7.0/node_modules/jest-circus/build/legacy-code-todo-rewrite/jestAdapter.js:79:19)
          at runTestInternal (/app/node_modules/.pnpm/jest-runner@29.7.0/node_modules/jest-runner/build/runTest.js:367:16)
          at runTest (/app/node_modules/.pnpm/jest-runner@29.7.0/node_modules/jest-runner/build/runTest.js:444:34)
          at Object.worker (/app/node_modules/.pnpm/jest-runner@29.7.0/node_modules/jest-runner/build/testWorker.js:106:12) {
        detail: Error: `Tooltip` must be used within `TooltipProvider`
            at useContext2 (/app/node_modules/.pnpm/@radix-ui+react-context@1.1.2_@types+react@18.3.29_react@18.3.1/node_modules/@radix-ui/react-context/src/create-context.tsx:75:13)
            at Tooltip (/app/node_modules/.pnpm/@radix-ui+react-tooltip@1.2.8_@types+react-dom@18.3.7_@types+react@18.3.29__@types+react@18.3_xrwsnt2rmlacewwolijhmzdoxi/node_modules/@radix-ui/react-tooltip/src/tooltip.tsx:162:27)
            at renderWithHooks (/app/node_modules/.pnpm/react-dom@18.3.1_react@18.3.1/node_modules/react-dom/cjs/react-dom.development.js:15486:18)
            at mountIndeterminateComponent (/app/node_modules/.pnpm/react-dom@18.3.1_react@18.3.1/node_modules/react-dom/cjs/react-dom.development.js:20103:13)
            at beginWork (/app/node_modules/.pnpm/react-dom@18.3.1_react@18.3.1/node_modules/react-dom/cjs/react-dom.development.js:21626:16)
            at HTMLUnknownElement.callCallback (/app/node_modules/.pnpm/react-dom@18.3.1_react@18.3.1/node_modules/react-dom/cjs/react-dom.development.js:4164:14)
            at HTMLUnknownElement.callTheUserObjectsOperation (/app/node_modules/.pnpm/jsdom@20.0.3/node_modules/jsdom/lib/jsdom/living/generated/EventListener.js:26:30)
            at innerInvokeEventListeners (/app/node_modules/.pnpm/jsdom@20.0.3/node_modules/jsdom/lib/jsdom/living/events/EventTarget-impl.js:350:25)
            at invokeEventListeners (/app/node_modules/.pnpm/jsdom@20.0.3/node_modules/jsdom/lib/jsdom/living/events/EventTarget-impl.js:286:3)
            at HTMLUnknownElementImpl._dispatch (/app/node_modules/.pnpm/jsdom@20.0.3/node_modules/jsdom/lib/jsdom/living/events/EventTarget-impl.js:233:9)
            at HTMLUnknownElementImpl.dispatchEvent (/app/node_modules/.pnpm/jsdom@20.0.3/node_modules/jsdom/lib/jsdom/living/events/EventTarget-impl.js:104:17)
            at HTMLUnknownElement.dispatchEvent (/app/node_modules/.pnpm/jsdom@20.0.3/node_modules/jsdom/lib/jsdom/living/generated/EventTarget.js:241:34)
            at Object.invokeGuardedCallbackDev (/app/node_modules/.pnpm/react-dom@18.3.1_react@18.3.1/node_modules/react-dom/cjs/react-dom.development.js:4213:16)
            at invokeGuardedCallback (/app/node_modules/.pnpm/react-dom@18.3.1_react@18.3.1/node_modules/react-dom/cjs/react-dom.development.js:4277:31)
            at beginWork$1 (/app/node_modules/.pnpm/react-dom@18.3.1_react@18.3.1/node_modules/react-dom/cjs/react-dom.development.js:27490:7)
            at performUnitOfWork (/app/node_modules/.pnpm/react-dom@18.3.1_react@18.3.1/node_modules/react-dom/cjs/react-dom.development.js:26599:12)
            at workLoopSync (/app/node_modules/.pnpm/react-dom@18.3.1_react@18.3.1/node_modules/react-dom/cjs/react-dom.development.js:26505:5)
            at renderRootSync (/app/node_modules/.pnpm/react-dom@18.3.1_react@18.3.1/node_modules/react-dom/cjs/react-dom.development.js:26473:7)
            at recoverFromConcurrentError (/app/node_modules/.pnpm/react-dom@18.3.1_react@18.3.1/node_modules/react-dom/cjs/react-dom.development.js:25889:20)
            at performConcurrentWorkOnRoot (/app/node_modules/.pnpm/react-dom@18.3.1_react@18.3.1/node_modules/react-dom/cjs/react-dom.development.js:25789:22)
            at flushActQueue (/app/node_modules/.pnpm/react@18.3.1/node_modules/react/cjs/react.development.js:2667:24)
            at act (/app/node_modules/.pnpm/react@18.3.1/node_modules/react/cjs/react.development.js:2582:11)
            at /app/node_modules/.pnpm/@testing-library+react@16.3.2_@testing-library+dom@10.4.1_@types+react-dom@18.3.7_@types+reac_3k5f6qynewwmkoqvlvtzlgtsjq/node_modules/@testing-library/react/dist/act-compat.js:46:25
            at renderRoot (/app/node_modules/.pnpm/@testing-library+react@16.3.2_@testing-library+dom@10.4.1_@types+react-dom@18.3.7_@types+reac_3k5f6qynewwmkoqvlvtzlgtsjq/node_modules/@testing-library/react/dist/pure.js:189:26)
            at render (/app/node_modules/.pnpm/@testing-library+react@16.3.2_@testing-library+dom@10.4.1_@types+react-dom@18.3.7_@types+reac_3k5f6qynewwmkoqvlvtzlgtsjq/node_modules/@testing-library/react/dist/pure.js:291:10)
            at Object.<anonymous> (/app/apps/admin/components/__tests__/apps-table.test.tsx:63:11)
            at Promise.then.completed (/app/node_modules/.pnpm/jest-circus@29.7.0/node_modules/jest-circus/build/utils.js:298:28)
            at new Promise (<anonymous>)
            at callAsyncCircusFn (/app/node_modules/.pnpm/jest-circus@29.7.0/node_modules/jest-circus/build/utils.js:231:10)
            at _callCircusTest (/app/node_modules/.pnpm/jest-circus@29.7.0/node_modules/jest-circus/build/run.js:316:40)
            at processTicksAndRejections (node:internal/process/task_queues:103:5)
            at _runTest (/app/node_modules/.pnpm/jest-circus@29.7.0/node_modules/jest-circus/build/run.js:252:3)
            at _runTestsForDescribeBlock (/app/node_modules/.pnpm/jest-circus@29.7.0/node_modules/jest-circus/build/run.js:126:9)
            at _runTestsForDescribeBlock (/app/node_modules/.pnpm/jest-circus@29.7.0/node_modules/jest-circus/build/run.js:121:9)
            at run (/app/node_modules/.pnpm/jest-circus@29.7.0/node_modules/jest-circus/build/run.js:71:3)
            at runAndTransformResultsToJestFormat (/app/node_modules/.pnpm/jest-circus@29.7.0/node_modules/jest-circus/build/legacy-code-todo-rewrite/jestAdapterInit.js:122:21)
            at jestAdapter (/app/node_modules/.pnpm/jest-circus@29.7.0/node_modules/jest-circus/build/legacy-code-todo-rewrite/jestAdapter.js:79:19)
            at runTestInternal (/app/node_modules/.pnpm/jest-runner@29.7.0/node_modules/jest-runner/build/runTest.js:367:16)
            at runTest (/app/node_modules/.pnpm/jest-runner@29.7.0/node_modules/jest-runner/build/runTest.js:444:34)
            at Object.worker (/app/node_modules/.pnpm/jest-runner@29.7.0/node_modules/jest-runner/build/testWorker.js:106:12),
        type: 'unhandled exception'
      }

      61 |
      62 |   it('clicking Delete on an ordinary app opens ConfirmDialog with the app name', async () => {
    > 63 |     render(withIntl(<AppsTable initial={initial} />))
         |           ^
      64 |     // Open the row action menu for Customer Portal (first row)
      65 |     const menuButtons = screen.getAllByRole('button', { name: /more/i })
      66 |     fireEvent.click(menuButtons[0])

      at VirtualConsole.<anonymous> (../../node_modules/.pnpm/jest-environment-jsdom@29.7.0/node_modules/jest-environment-jsdom/build/index.js:63:23)
      at reportException (../../node_modules/.pnpm/jsdom@20.0.3/node_modules/jsdom/lib/jsdom/living/helpers/runtime-script-errors.js:70:28)
      at innerInvokeEventListeners (../../node_modules/.pnpm/jsdom@20.0.3/node_modules/jsdom/lib/jsdom/living/events/EventTarget-impl.js:353:9)
      at invokeEventListeners (../../node_modules/.pnpm/jsdom@20.0.3/node_modules/jsdom/lib/jsdom/living/events/EventTarget-impl.js:286:3)
      at HTMLUnknownElementImpl._dispatch (../../node_modules/.pnpm/jsdom@20.0.3/node_modules/jsdom/lib/jsdom/living/events/EventTarget-impl.js:233:9)
      at HTMLUnknownElementImpl.dispatchEvent (../../node_modules/.pnpm/jsdom@20.0.3/node_modules/jsdom/lib/jsdom/living/events/EventTarget-impl.js:104:17)
      at HTMLUnknownElement.dispatchEvent (../../node_modules/.pnpm/jsdom@20.0.3/node_modules/jsdom/lib/jsdom/living/generated/EventTarget.js:241:34)
      at Object.invokeGuardedCallbackDev (../../node_modules/.pnpm/react-dom@18.3.1_react@18.3.1/node_modules/react-dom/cjs/react-dom.development.js:4213:16)
      at invokeGuardedCallback (../../node_modules/.pnpm/react-dom@18.3.1_react@18.3.1/node_modules/react-dom/cjs/react-dom.development.js:4277:31)
      at beginWork$1 (../../node_modules/.pnpm/react-dom@18.3.1_react@18.3.1/node_modules/react-dom/cjs/react-dom.development.js:27490:7)
      at performUnitOfWork (../../node_modules/.pnpm/react-dom@18.3.1_react@18.3.1/node_modules/react-dom/cjs/react-dom.development.js:26599:12)
      at workLoopSync (../../node_modules/.pnpm/react-dom@18.3.1_react@18.3.1/node_modules/react-dom/cjs/react-dom.development.js:26505:5)
      at renderRootSync (../../node_modules/.pnpm/react-dom@18.3.1_react@18.3.1/node_modules/react-dom/cjs/react-dom.development.js:26473:7)
      at recoverFromConcurrentError (../../node_modules/.pnpm/react-dom@18.3.1_react@18.3.1/node_modules/react-dom/cjs/react-dom.development.js:25889:20)
      at performConcurrentWorkOnRoot (../../node_modules/.pnpm/react-dom@18.3.1_react@18.3.1/node_modules/react-dom/cjs/react-dom.development.js:25789:22)
      at flushActQueue (../../node_modules/.pnpm/react@18.3.1/node_modules/react/cjs/react.development.js:2667:24)
      at act (../../node_modules/.pnpm/react@18.3.1/node_modules/react/cjs/react.development.js:2582:11)
      at ../../node_modules/.pnpm/@testing-library+react@16.3.2_@testing-library+dom@10.4.1_@types+react-dom@18.3.7_@types+reac_3k5f6qynewwmkoqvlvtzlgtsjq/node_modules/@testing-library/react/dist/act-compat.js:46:25
      at renderRoot (../../node_modules/.pnpm/@testing-library+react@16.3.2_@testing-library+dom@10.4.1_@types+react-dom@18.3.7_@types+reac_3k5f6qynewwmkoqvlvtzlgtsjq/node_modules/@testing-library/react/dist/pure.js:189:26)
      at render (../../node_modules/.pnpm/@testing-library+react@16.3.2_@testing-library+dom@10.4.1_@types+react-dom@18.3.7_@types+reac_3k5f6qynewwmkoqvlvtzlgtsjq/node_modules/@testing-library/react/dist/pure.js:291:10)
      at Object.<anonymous> (components/__tests__/apps-table.test.tsx:63:11)

    console.error
      Error: Uncaught [Error: `Tooltip` must be used within `TooltipProvider`]
          at reportException (/app/node_modules/.pnpm/jsdom@20.0.3/node_modules/jsdom/lib/jsdom/living/helpers/runtime-script-errors.js:66:24)
          at innerInvokeEventListeners (/app/node_modules/.pnpm/jsdom@20.0.3/node_modules/jsdom/lib/jsdom/living/events/EventTarget-impl.js:353:9)
          at invokeEventListeners (/app/node_modules/.pnpm/jsdom@20.0.3/node_modules/jsdom/lib/jsdom/living/events/EventTarget-impl.js:286:3)
          at HTMLUnknownElementImpl._dispatch (/app/node_modules/.pnpm/jsdom@20.0.3/node_modules/jsdom/lib/jsdom/living/events/EventTarget-impl.js:233:9)
          at HTMLUnknownElementImpl.dispatchEvent (/app/node_modules/.pnpm/jsdom@20.0.3/node_modules/jsdom/lib/jsdom/living/events/EventTarget-impl.js:104:17)
          at HTMLUnknownElement.dispatchEvent (/app/node_modules/.pnpm/jsdom@20.0.3/node_modules/jsdom/lib/jsdom/living/generated/EventTarget.js:241:34)
          at Object.invokeGuardedCallbackDev (/app/node_modules/.pnpm/react-dom@18.3.1_react@18.3.1/node_modules/react-dom/cjs/react-dom.development.js:4213:16)
          at invokeGuardedCallback (/app/node_modules/.pnpm/react-dom@18.3.1_react@18.3.1/node_modules/react-dom/cjs/react-dom.development.js:4277:31)
          at beginWork$1 (/app/node_modules/.pnpm/react-dom@18.3.1_react@18.3.1/node_modules/react-dom/cjs/react-dom.development.js:27490:7)
          at performUnitOfWork (/app/node_modules/.pnpm/react-dom@18.3.1_react@18.3.1/node_modules/react-dom/cjs/react-dom.development.js:26599:12)
          at workLoopSync (/app/node_modules/.pnpm/react-dom@18.3.1_react@18.3.1/node_modules/react-dom/cjs/react-dom.development.js:26505:5)
          at renderRootSync (/app/node_modules/.pnpm/react-dom@18.3.1_react@18.3.1/node_modules/react-dom/cjs/react-dom.development.js:26473:7)
          at recoverFromConcurrentError (/app/node_modules/.pnpm/react-dom@18.3.1_react@18.3.1/node_modules/react-dom/cjs/react-dom.development.js:25889:20)
          at performConcurrentWorkOnRoot (/app/node_modules/.pnpm/react-dom@18.3.1_react@18.3.1/node_modules/react-dom/cjs/react-dom.development.js:25789:22)
          at flushActQueue (/app/node_modules/.pnpm/react@18.3.1/node_modules/react/cjs/react.development.js:2667:24)
          at act (/app/node_modules/.pnpm/react@18.3.1/node_modules/react/cjs/react.development.js:2582:11)
          at /app/node_modules/.pnpm/@testing-library+react@16.3.2_@testing-library+dom@10.4.1_@types+react-dom@18.3.7_@types+reac_3k5f6qynewwmkoqvlvtzlgtsjq/node_modules/@testing-library/react/dist/act-compat.js:46:25
          at renderRoot (/app/node_modules/.pnpm/@testing-library+react@16.3.2_@testing-library+dom@10.4.1_@types+react-dom@18.3.7_@types+reac_3k5f6qynewwmkoqvlvtzlgtsjq/node_modules/@testing-library/react/dist/pure.js:189:26)
          at render (/app/node_modules/.pnpm/@testing-library+react@16.3.2_@testing-library+dom@10.4.1_@types+react-dom@18.3.7_@types+reac_3k5f6qynewwmkoqvlvtzlgtsjq/node_modules/@testing-library/react/dist/pure.js:291:10)
          at Object.<anonymous> (/app/apps/admin/components/__tests__/apps-table.test.tsx:63:11)
          at Promise.then.completed (/app/node_modules/.pnpm/jest-circus@29.7.0/node_modules/jest-circus/build/utils.js:298:28)
          at new Promise (<anonymous>)
          at callAsyncCircusFn (/app/node_modules/.pnpm/jest-circus@29.7.0/node_modules/jest-circus/build/utils.js:231:10)
          at _callCircusTest (/app/node_modules/.pnpm/jest-circus@29.7.0/node_modules/jest-circus/build/run.js:316:40)
          at processTicksAndRejections (node:internal/process/task_queues:103:5)
          at _runTest (/app/node_modules/.pnpm/jest-circus@29.7.0/node_modules/jest-circus/build/run.js:252:3)
          at _runTestsForDescribeBlock (/app/node_modules/.pnpm/jest-circus@29.7.0/node_modules/jest-circus/build/run.js:126:9)
          at _runTestsForDescribeBlock (/app/node_modules/.pnpm/jest-circus@29.7.0/node_modules/jest-circus/build/run.js:121:9)
          at run (/app/node_modules/.pnpm/jest-circus@29.7.0/node_modules/jest-circus/build/run.js:71:3)
          at runAndTransformResultsToJestFormat (/app/node_modules/.pnpm/jest-circus@29.7.0/node_modules/jest-circus/build/legacy-code-todo-rewrite/jestAdapterInit.js:122:21)
          at jestAdapter (/app/node_modules/.pnpm/jest-circus@29.7.0/node_modules/jest-circus/build/legacy-code-todo-rewrite/jestAdapter.js:79:19)
          at runTestInternal (/app/node_modules/.pnpm/jest-runner@29.7.0/node_modules/jest-runner/build/runTest.js:367:16)
          at runTest (/app/node_modules/.pnpm/jest-runner@29.7.0/node_modules/jest-runner/build/runTest.js:444:34)
          at Object.worker (/app/node_modules/.pnpm/jest-runner@29.7.0/node_modules/jest-runner/build/testWorker.js:106:12) {
        detail: Error: `Tooltip` must be used within `TooltipProvider`
            at useContext2 (/app/node_modules/.pnpm/@radix-ui+react-context@1.1.2_@types+react@18.3.29_react@18.3.1/node_modules/@radix-ui/react-context/src/create-context.tsx:75:13)
            at Tooltip (/app/node_modules/.pnpm/@radix-ui+react-tooltip@1.2.8_@types+react-dom@18.3.7_@types+react@18.3.29__@types+react@18.3_xrwsnt2rmlacewwolijhmzdoxi/node_modules/@radix-ui/react-tooltip/src/tooltip.tsx:162:27)
            at renderWithHooks (/app/node_modules/.pnpm/react-dom@18.3.1_react@18.3.1/node_modules/react-dom/cjs/react-dom.development.js:15486:18)
            at mountIndeterminateComponent (/app/node_modules/.pnpm/react-dom@18.3.1_react@18.3.1/node_modules/react-dom/cjs/react-dom.development.js:20103:13)
            at beginWork (/app/node_modules/.pnpm/react-dom@18.3.1_react@18.3.1/node_modules/react-dom/cjs/react-dom.development.js:21626:16)
            at HTMLUnknownElement.callCallback (/app/node_modules/.pnpm/react-dom@18.3.1_react@18.3.1/node_modules/react-dom/cjs/react-dom.development.js:4164:14)
            at HTMLUnknownElement.callTheUserObjectsOperation (/app/node_modules/.pnpm/jsdom@20.0.3/node_modules/jsdom/lib/jsdom/living/generated/EventListener.js:26:30)
            at innerInvokeEventListeners (/app/node_modules/.pnpm/jsdom@20.0.3/node_modules/jsdom/lib/jsdom/living/events/EventTarget-impl.js:350:25)
            at invokeEventListeners (/app/node_modules/.pnpm/jsdom@20.0.3/node_modules/jsdom/lib/jsdom/living/events/EventTarget-impl.js:286:3)
            at HTMLUnknownElementImpl._dispatch (/app/node_modules/.pnpm/jsdom@20.0.3/node_modules/jsdom/lib/jsdom/living/events/EventTarget-impl.js:233:9)
            at HTMLUnknownElementImpl.dispatchEvent (/app/node_modules/.pnpm/jsdom@20.0.3/node_modules/jsdom/lib/jsdom/living/events/EventTarget-impl.js:104:17)
            at HTMLUnknownElement.dispatchEvent (/app/node_modules/.pnpm/jsdom@20.0.3/node_modules/jsdom/lib/jsdom/living/generated/EventTarget.js:241:34)
            at Object.invokeGuardedCallbackDev (/app/node_modules/.pnpm/react-dom@18.3.1_react@18.3.1/node_modules/react-dom/cjs/react-dom.development.js:4213:16)
            at invokeGuardedCallback (/app/node_modules/.pnpm/react-dom@18.3.1_react@18.3.1/node_modules/react-dom/cjs/react-dom.development.js:4277:31)
            at beginWork$1 (/app/node_modules/.pnpm/react-dom@18.3.1_react@18.3.1/node_modules/react-dom/cjs/react-dom.development.js:27490:7)
            at performUnitOfWork (/app/node_modules/.pnpm/react-dom@18.3.1_react@18.3.1/node_modules/react-dom/cjs/react-dom.development.js:26599:12)
            at workLoopSync (/app/node_modules/.pnpm/react-dom@18.3.1_react@18.3.1/node_modules/react-dom/cjs/react-dom.development.js:26505:5)
            at renderRootSync (/app/node_modules/.pnpm/react-dom@18.3.1_react@18.3.1/node_modules/react-dom/cjs/react-dom.development.js:26473:7)
            at recoverFromConcurrentError (/app/node_modules/.pnpm/react-dom@18.3.1_react@18.3.1/node_modules/react-dom/cjs/react-dom.development.js:25889:20)
            at performConcurrentWorkOnRoot (/app/node_modules/.pnpm/react-dom@18.3.1_react@18.3.1/node_modules/react-dom/cjs/react-dom.development.js:25789:22)
            at flushActQueue (/app/node_modules/.pnpm/react@18.3.1/node_modules/react/cjs/react.development.js:2667:24)
            at act (/app/node_modules/.pnpm/react@18.3.1/node_modules/react/cjs/react.development.js:2582:11)
            at /app/node_modules/.pnpm/@testing-library+react@16.3.2_@testing-library+dom@10.4.1_@types+react-dom@18.3.7_@types+reac_3k5f6qynewwmkoqvlvtzlgtsjq/node_modules/@testing-library/react/dist/act-compat.js:46:25
            at renderRoot (/app/node_modules/.pnpm/@testing-library+react@16.3.2_@testing-library+dom@10.4.1_@types+react-dom@18.3.7_@types+reac_3k5f6qynewwmkoqvlvtzlgtsjq/node_modules/@testing-library/react/dist/pure.js:189:26)
            at render (/app/node_modules/.pnpm/@testing-library+react@16.3.2_@testing-library+dom@10.4.1_@types+react-dom@18.3.7_@types+reac_3k5f6qynewwmkoqvlvtzlgtsjq/node_modules/@testing-library/react/dist/pure.js:291:10)
            at Object.<anonymous> (/app/apps/admin/components/__tests__/apps-table.test.tsx:63:11)
            at Promise.then.completed (/app/node_modules/.pnpm/jest-circus@29.7.0/node_modules/jest-circus/build/utils.js:298:28)
            at new Promise (<anonymous>)
            at callAsyncCircusFn (/app/node_modules/.pnpm/jest-circus@29.7.0/node_modules/jest-circus/build/utils.js:231:10)
            at _callCircusTest (/app/node_modules/.pnpm/jest-circus@29.7.0/node_modules/jest-circus/build/run.js:316:40)
            at processTicksAndRejections (node:internal/process/task_queues:103:5)
            at _runTest (/app/node_modules/.pnpm/jest-circus@29.7.0/node_modules/jest-circus/build/run.js:252:3)
            at _runTestsForDescribeBlock (/app/node_modules/.pnpm/jest-circus@29.7.0/node_modules/jest-circus/build/run.js:126:9)
            at _runTestsForDescribeBlock (/app/node_modules/.pnpm/jest-circus@29.7.0/node_modules/jest-circus/build/run.js:121:9)
            at run (/app/node_modules/.pnpm/jest-circus@29.7.0/node_modules/jest-circus/build/run.js:71:3)
            at runAndTransformResultsToJestFormat (/app/node_modules/.pnpm/jest-circus@29.7.0/node_modules/jest-circus/build/legacy-code-todo-rewrite/jestAdapterInit.js:122:21)
            at jestAdapter (/app/node_modules/.pnpm/jest-circus@29.7.0/node_modules/jest-circus/build/legacy-code-todo-rewrite/jestAdapter.js:79:19)
            at runTestInternal (/app/node_modules/.pnpm/jest-runner@29.7.0/node_modules/jest-runner/build/runTest.js:367:16)
            at runTest (/app/node_modules/.pnpm/jest-runner@29.7.0/node_modules/jest-runner/build/runTest.js:444:34)
            at Object.worker (/app/node_modules/.pnpm/jest-runner@29.7.0/node_modules/jest-runner/build/testWorker.js:106:12),
        type: 'unhandled exception'
      }

      61 |
      62 |   it('clicking Delete on an ordinary app opens ConfirmDialog with the app name', async () => {
    > 63 |     render(withIntl(<AppsTable initial={initial} />))
         |           ^
      64 |     // Open the row action menu for Customer Portal (first row)
      65 |     const menuButtons = screen.getAllByRole('button', { name: /more/i })
      66 |     fireEvent.click(menuButtons[0])

      at VirtualConsole.<anonymous> (../../node_modules/.pnpm/jest-environment-jsdom@29.7.0/node_modules/jest-environment-jsdom/build/index.js:63:23)
      at reportException (../../node_modules/.pnpm/jsdom@20.0.3/node_modules/jsdom/lib/jsdom/living/helpers/runtime-script-errors.js:70:28)
      at innerInvokeEventListeners (../../node_modules/.pnpm/jsdom@20.0.3/node_modules/jsdom/lib/jsdom/living/events/EventTarget-impl.js:353:9)
      at invokeEventListeners (../../node_modules/.pnpm/jsdom@20.0.3/node_modules/jsdom/lib/jsdom/living/events/EventTarget-impl.js:286:3)
      at HTMLUnknownElementImpl._dispatch (../../node_modules/.pnpm/jsdom@20.0.3/node_modules/jsdom/lib/jsdom/living/events/EventTarget-impl.js:233:9)
      at HTMLUnknownElementImpl.dispatchEvent (../../node_modules/.pnpm/jsdom@20.0.3/node_modules/jsdom/lib/jsdom/living/events/EventTarget-impl.js:104:17)
      at HTMLUnknownElement.dispatchEvent (../../node_modules/.pnpm/jsdom@20.0.3/node_modules/jsdom/lib/jsdom/living/generated/EventTarget.js:241:34)
      at Object.invokeGuardedCallbackDev (../../node_modules/.pnpm/react-dom@18.3.1_react@18.3.1/node_modules/react-dom/cjs/react-dom.development.js:4213:16)
      at invokeGuardedCallback (../../node_modules/.pnpm/react-dom@18.3.1_react@18.3.1/node_modules/react-dom/cjs/react-dom.development.js:4277:31)
      at beginWork$1 (../../node_modules/.pnpm/react-dom@18.3.1_react@18.3.1/node_modules/react-dom/cjs/react-dom.development.js:27490:7)
      at performUnitOfWork (../../node_modules/.pnpm/react-dom@18.3.1_react@18.3.1/node_modules/react-dom/cjs/react-dom.development.js:26599:12)
      at workLoopSync (../../node_modules/.pnpm/react-dom@18.3.1_react@18.3.1/node_modules/react-dom/cjs/react-dom.development.js:26505:5)
      at renderRootSync (../../node_modules/.pnpm/react-dom@18.3.1_react@18.3.1/node_modules/react-dom/cjs/react-dom.development.js:26473:7)
      at recoverFromConcurrentError (../../node_modules/.pnpm/react-dom@18.3.1_react@18.3.1/node_modules/react-dom/cjs/react-dom.development.js:25889:20)
      at performConcurrentWorkOnRoot (../../node_modules/.pnpm/react-dom@18.3.1_react@18.3.1/node_modules/react-dom/cjs/react-dom.development.js:25789:22)
      at flushActQueue (../../node_modules/.pnpm/react@18.3.1/node_modules/react/cjs/react.development.js:2667:24)
      at act (../../node_modules/.pnpm/react@18.3.1/node_modules/react/cjs/react.development.js:2582:11)
      at ../../node_modules/.pnpm/@testing-library+react@16.3.2_@testing-library+dom@10.4.1_@types+react-dom@18.3.7_@types+reac_3k5f6qynewwmkoqvlvtzlgtsjq/node_modules/@testing-library/react/dist/act-compat.js:46:25
      at renderRoot (../../node_modules/.pnpm/@testing-library+react@16.3.2_@testing-library+dom@10.4.1_@types+react-dom@18.3.7_@types+reac_3k5f6qynewwmkoqvlvtzlgtsjq/node_modules/@testing-library/react/dist/pure.js:189:26)
      at render (../../node_modules/.pnpm/@testing-library+react@16.3.2_@testing-library+dom@10.4.1_@types+react-dom@18.3.7_@types+reac_3k5f6qynewwmkoqvlvtzlgtsjq/node_modules/@testing-library/react/dist/pure.js:291:10)
      at Object.<anonymous> (components/__tests__/apps-table.test.tsx:63:11)

    console.error
      The above error occurred in the <Tooltip> component:

          at Tooltip (/app/node_modules/.pnpm/@radix-ui+react-tooltip@1.2.8_@types+react-dom@18.3.7_@types+react@18.3.29__@types+react@18.3_xrwsnt2rmlacewwolijhmzdoxi/node_modules/@radix-ui/react-tooltip/src/tooltip.tsx:154:5)
          at div
          at cell (/app/apps/admin/components/apps-table.tsx:75:16)
          at td
          at /app/packages/ui/src/components/ui/table.tsx:87:6
          at tr
          at /app/packages/ui/src/components/ui/table.tsx:57:6
          at tbody
          at /app/packages/ui/src/components/ui/table.tsx:30:6
          at table
          at div
          at /app/packages/ui/src/components/ui/table.tsx:8:6
          at DataTable (/app/packages/ui/src/components/data-table.tsx:23:36)
          at div
          at AppsTable (/app/apps/admin/components/apps-table.tsx:22:29)
          at IntlProvider (/app/node_modules/.pnpm/use-intl@3.26.5_react@18.3.1/node_modules/use-intl/dist/development/_IntlProvider.js:16:5)
          at NextIntlClientProvider (/app/node_modules/.pnpm/next-intl@3.26.5_next@15.5.18_@babel+core@7.29.7_@opentelemetry+api@1.9.1_@playwright+test@1._uib3rlo2eksg3yll53rffkx7ea/node_modules/next-intl/dist/development/shared/NextIntlClientProvider.js:16:5)

      Consider adding an error boundary to your tree to customize error handling behavior.
      Visit https://reactjs.org/link/error-boundaries to learn more about error boundaries.

      61 |
      62 |   it('clicking Delete on an ordinary app opens ConfirmDialog with the app name', async () => {
    > 63 |     render(withIntl(<AppsTable initial={initial} />))
         |           ^
      64 |     // Open the row action menu for Customer Portal (first row)
      65 |     const menuButtons = screen.getAllByRole('button', { name: /more/i })
      66 |     fireEvent.click(menuButtons[0])

      at logCapturedError (../../node_modules/.pnpm/react-dom@18.3.1_react@18.3.1/node_modules/react-dom/cjs/react-dom.development.js:18704:23)
      at update.callback (../../node_modules/.pnpm/react-dom@18.3.1_react@18.3.1/node_modules/react-dom/cjs/react-dom.development.js:18737:5)
      at callCallback (../../node_modules/.pnpm/react-dom@18.3.1_react@18.3.1/node_modules/react-dom/cjs/react-dom.development.js:15036:12)
      at commitUpdateQueue (../../node_modules/.pnpm/react-dom@18.3.1_react@18.3.1/node_modules/react-dom/cjs/react-dom.development.js:15057:9)
      at commitLayoutEffectOnFiber (../../node_modules/.pnpm/react-dom@18.3.1_react@18.3.1/node_modules/react-dom/cjs/react-dom.development.js:23430:13)
      at commitLayoutMountEffects_complete (../../node_modules/.pnpm/react-dom@18.3.1_react@18.3.1/node_modules/react-dom/cjs/react-dom.development.js:24727:9)
      at commitLayoutEffects_begin (../../node_modules/.pnpm/react-dom@18.3.1_react@18.3.1/node_modules/react-dom/cjs/react-dom.development.js:24713:7)
      at commitLayoutEffects (../../node_modules/.pnpm/react-dom@18.3.1_react@18.3.1/node_modules/react-dom/cjs/react-dom.development.js:24651:3)
      at commitRootImpl (../../node_modules/.pnpm/react-dom@18.3.1_react@18.3.1/node_modules/react-dom/cjs/react-dom.development.js:26862:5)
      at commitRoot (../../node_modules/.pnpm/react-dom@18.3.1_react@18.3.1/node_modules/react-dom/cjs/react-dom.development.js:26721:5)
      at finishConcurrentRender (../../node_modules/.pnpm/react-dom@18.3.1_react@18.3.1/node_modules/react-dom/cjs/react-dom.development.js:25931:9)
      at performConcurrentWorkOnRoot (../../node_modules/.pnpm/react-dom@18.3.1_react@18.3.1/node_modules/react-dom/cjs/react-dom.development.js:25848:7)
      at flushActQueue (../../node_modules/.pnpm/react@18.3.1/node_modules/react/cjs/react.development.js:2667:24)
      at act (../../node_modules/.pnpm/react@18.3.1/node_modules/react/cjs/react.development.js:2582:11)
      at ../../node_modules/.pnpm/@testing-library+react@16.3.2_@testing-library+dom@10.4.1_@types+react-dom@18.3.7_@types+reac_3k5f6qynewwmkoqvlvtzlgtsjq/node_modules/@testing-library/react/dist/act-compat.js:46:25
      at renderRoot (../../node_modules/.pnpm/@testing-library+react@16.3.2_@testing-library+dom@10.4.1_@types+react-dom@18.3.7_@types+reac_3k5f6qynewwmkoqvlvtzlgtsjq/node_modules/@testing-library/react/dist/pure.js:189:26)
      at render (../../node_modules/.pnpm/@testing-library+react@16.3.2_@testing-library+dom@10.4.1_@types+react-dom@18.3.7_@types+reac_3k5f6qynewwmkoqvlvtzlgtsjq/node_modules/@testing-library/react/dist/pure.js:291:10)
      at Object.<anonymous> (components/__tests__/apps-table.test.tsx:63:11)

    console.error
      The above error occurred in the <Tooltip> component:

          at Tooltip (/app/node_modules/.pnpm/@radix-ui+react-tooltip@1.2.8_@types+react-dom@18.3.7_@types+react@18.3.29__@types+react@18.3_xrwsnt2rmlacewwolijhmzdoxi/node_modules/@radix-ui/react-tooltip/src/tooltip.tsx:154:5)
          at Passthrough (/app/apps/admin/components/__tests__/apps-table.test.tsx:20:26)
          at cell (/app/apps/admin/components/apps-table.tsx:107:16)
          at td
          at /app/packages/ui/src/components/ui/table.tsx:87:6
          at tr
          at /app/packages/ui/src/components/ui/table.tsx:57:6
          at tbody
          at /app/packages/ui/src/components/ui/table.tsx:30:6
          at table
          at div
          at /app/packages/ui/src/components/ui/table.tsx:8:6
          at DataTable (/app/packages/ui/src/components/data-table.tsx:23:36)
          at div
          at AppsTable (/app/apps/admin/components/apps-table.tsx:22:29)
          at IntlProvider (/app/node_modules/.pnpm/use-intl@3.26.5_react@18.3.1/node_modules/use-intl/dist/development/_IntlProvider.js:16:5)
          at NextIntlClientProvider (/app/node_modules/.pnpm/next-intl@3.26.5_next@15.5.18_@babel+core@7.29.7_@opentelemetry+api@1.9.1_@playwright+test@1._uib3rlo2eksg3yll53rffkx7ea/node_modules/next-intl/dist/development/shared/NextIntlClientProvider.js:16:5)

      Consider adding an error boundary to your tree to customize error handling behavior.
      Visit https://reactjs.org/link/error-boundaries to learn more about error boundaries.

      61 |
      62 |   it('clicking Delete on an ordinary app opens ConfirmDialog with the app name', async () => {
    > 63 |     render(withIntl(<AppsTable initial={initial} />))
         |           ^
      64 |     // Open the row action menu for Customer Portal (first row)
      65 |     const menuButtons = screen.getAllByRole('button', { name: /more/i })
      66 |     fireEvent.click(menuButtons[0])

      at logCapturedError (../../node_modules/.pnpm/react-dom@18.3.1_react@18.3.1/node_modules/react-dom/cjs/react-dom.development.js:18704:23)
      at update.callback (../../node_modules/.pnpm/react-dom@18.3.1_react@18.3.1/node_modules/react-dom/cjs/react-dom.development.js:18737:5)
      at callCallback (../../node_modules/.pnpm/react-dom@18.3.1_react@18.3.1/node_modules/react-dom/cjs/react-dom.development.js:15036:12)
      at commitUpdateQueue (../../node_modules/.pnpm/react-dom@18.3.1_react@18.3.1/node_modules/react-dom/cjs/react-dom.development.js:15057:9)
      at commitLayoutEffectOnFiber (../../node_modules/.pnpm/react-dom@18.3.1_react@18.3.1/node_modules/react-dom/cjs/react-dom.development.js:23430:13)
      at commitLayoutMountEffects_complete (../../node_modules/.pnpm/react-dom@18.3.1_react@18.3.1/node_modules/react-dom/cjs/react-dom.development.js:24727:9)
      at commitLayoutEffects_begin (../../node_modules/.pnpm/react-dom@18.3.1_react@18.3.1/node_modules/react-dom/cjs/react-dom.development.js:24713:7)
      at commitLayoutEffects (../../node_modules/.pnpm/react-dom@18.3.1_react@18.3.1/node_modules/react-dom/cjs/react-dom.development.js:24651:3)
      at commitRootImpl (../../node_modules/.pnpm/react-dom@18.3.1_react@18.3.1/node_modules/react-dom/cjs/react-dom.development.js:26862:5)
      at commitRoot (../../node_modules/.pnpm/react-dom@18.3.1_react@18.3.1/node_modules/react-dom/cjs/react-dom.development.js:26721:5)
      at finishConcurrentRender (../../node_modules/.pnpm/react-dom@18.3.1_react@18.3.1/node_modules/react-dom/cjs/react-dom.development.js:25931:9)
      at performConcurrentWorkOnRoot (../../node_modules/.pnpm/react-dom@18.3.1_react@18.3.1/node_modules/react-dom/cjs/react-dom.development.js:25848:7)
      at flushActQueue (../../node_modules/.pnpm/react@18.3.1/node_modules/react/cjs/react.development.js:2667:24)
      at act (../../node_modules/.pnpm/react@18.3.1/node_modules/react/cjs/react.development.js:2582:11)
      at ../../node_modules/.pnpm/@testing-library+react@16.3.2_@testing-library+dom@10.4.1_@types+react-dom@18.3.7_@types+reac_3k5f6qynewwmkoqvlvtzlgtsjq/node_modules/@testing-library/react/dist/act-compat.js:46:25
      at renderRoot (../../node_modules/.pnpm/@testing-library+react@16.3.2_@testing-library+dom@10.4.1_@types+react-dom@18.3.7_@types+reac_3k5f6qynewwmkoqvlvtzlgtsjq/node_modules/@testing-library/react/dist/pure.js:189:26)
      at render (../../node_modules/.pnpm/@testing-library+react@16.3.2_@testing-library+dom@10.4.1_@types+react-dom@18.3.7_@types+reac_3k5f6qynewwmkoqvlvtzlgtsjq/node_modules/@testing-library/react/dist/pure.js:291:10)
      at Object.<anonymous> (components/__tests__/apps-table.test.tsx:63:11)

    console.error
      The above error occurred in the <Tooltip> component:

          at Tooltip (/app/node_modules/.pnpm/@radix-ui+react-tooltip@1.2.8_@types+react-dom@18.3.7_@types+react@18.3.29__@types+react@18.3_xrwsnt2rmlacewwolijhmzdoxi/node_modules/@radix-ui/react-tooltip/src/tooltip.tsx:154:5)
          at div
          at cell (/app/apps/admin/components/apps-table.tsx:75:16)
          at td
          at /app/packages/ui/src/components/ui/table.tsx:87:6
          at tr
          at /app/packages/ui/src/components/ui/table.tsx:57:6
          at tbody
          at /app/packages/ui/src/components/ui/table.tsx:30:6
          at table
          at div
          at /app/packages/ui/src/components/ui/table.tsx:8:6
          at DataTable (/app/packages/ui/src/components/data-table.tsx:23:36)
          at div
          at AppsTable (/app/apps/admin/components/apps-table.tsx:22:29)
          at IntlProvider (/app/node_modules/.pnpm/use-intl@3.26.5_react@18.3.1/node_modules/use-intl/dist/development/_IntlProvider.js:16:5)
          at NextIntlClientProvider (/app/node_modules/.pnpm/next-intl@3.26.5_next@15.5.18_@babel+core@7.29.7_@opentelemetry+api@1.9.1_@playwright+test@1._uib3rlo2eksg3yll53rffkx7ea/node_modules/next-intl/dist/development/shared/NextIntlClientProvider.js:16:5)

      Consider adding an error boundary to your tree to customize error handling behavior.
      Visit https://reactjs.org/link/error-boundaries to learn more about error boundaries.

      61 |
      62 |   it('clicking Delete on an ordinary app opens ConfirmDialog with the app name', async () => {
    > 63 |     render(withIntl(<AppsTable initial={initial} />))
         |           ^
      64 |     // Open the row action menu for Customer Portal (first row)
      65 |     const menuButtons = screen.getAllByRole('button', { name: /more/i })
      66 |     fireEvent.click(menuButtons[0])

      at logCapturedError (../../node_modules/.pnpm/react-dom@18.3.1_react@18.3.1/node_modules/react-dom/cjs/react-dom.development.js:18704:23)
      at update.callback (../../node_modules/.pnpm/react-dom@18.3.1_react@18.3.1/node_modules/react-dom/cjs/react-dom.development.js:18737:5)
      at callCallback (../../node_modules/.pnpm/react-dom@18.3.1_react@18.3.1/node_modules/react-dom/cjs/react-dom.development.js:15036:12)
      at commitUpdateQueue (../../node_modules/.pnpm/react-dom@18.3.1_react@18.3.1/node_modules/react-dom/cjs/react-dom.development.js:15057:9)
      at commitLayoutEffectOnFiber (../../node_modules/.pnpm/react-dom@18.3.1_react@18.3.1/node_modules/react-dom/cjs/react-dom.development.js:23430:13)
      at commitLayoutMountEffects_complete (../../node_modules/.pnpm/react-dom@18.3.1_react@18.3.1/node_modules/react-dom/cjs/react-dom.development.js:24727:9)
      at commitLayoutEffects_begin (../../node_modules/.pnpm/react-dom@18.3.1_react@18.3.1/node_modules/react-dom/cjs/react-dom.development.js:24713:7)
      at commitLayoutEffects (../../node_modules/.pnpm/react-dom@18.3.1_react@18.3.1/node_modules/react-dom/cjs/react-dom.development.js:24651:3)
      at commitRootImpl (../../node_modules/.pnpm/react-dom@18.3.1_react@18.3.1/node_modules/react-dom/cjs/react-dom.development.js:26862:5)
      at commitRoot (../../node_modules/.pnpm/react-dom@18.3.1_react@18.3.1/node_modules/react-dom/cjs/react-dom.development.js:26721:5)
      at finishConcurrentRender (../../node_modules/.pnpm/react-dom@18.3.1_react@18.3.1/node_modules/react-dom/cjs/react-dom.development.js:25931:9)
      at performConcurrentWorkOnRoot (../../node_modules/.pnpm/react-dom@18.3.1_react@18.3.1/node_modules/react-dom/cjs/react-dom.development.js:25848:7)
      at flushActQueue (../../node_modules/.pnpm/react@18.3.1/node_modules/react/cjs/react.development.js:2667:24)
      at act (../../node_modules/.pnpm/react@18.3.1/node_modules/react/cjs/react.development.js:2582:11)
      at ../../node_modules/.pnpm/@testing-library+react@16.3.2_@testing-library+dom@10.4.1_@types+react-dom@18.3.7_@types+reac_3k5f6qynewwmkoqvlvtzlgtsjq/node_modules/@testing-library/react/dist/act-compat.js:46:25
      at renderRoot (../../node_modules/.pnpm/@testing-library+react@16.3.2_@testing-library+dom@10.4.1_@types+react-dom@18.3.7_@types+reac_3k5f6qynewwmkoqvlvtzlgtsjq/node_modules/@testing-library/react/dist/pure.js:189:26)
      at render (../../node_modules/.pnpm/@testing-library+react@16.3.2_@testing-library+dom@10.4.1_@types+react-dom@18.3.7_@types+reac_3k5f6qynewwmkoqvlvtzlgtsjq/node_modules/@testing-library/react/dist/pure.js:291:10)
      at Object.<anonymous> (components/__tests__/apps-table.test.tsx:63:11)

    console.error
      The above error occurred in the <Tooltip> component:

          at Tooltip (/app/node_modules/.pnpm/@radix-ui+react-tooltip@1.2.8_@types+react-dom@18.3.7_@types+react@18.3.29__@types+react@18.3_xrwsnt2rmlacewwolijhmzdoxi/node_modules/@radix-ui/react-tooltip/src/tooltip.tsx:154:5)
          at Passthrough (/app/apps/admin/components/__tests__/apps-table.test.tsx:20:26)
          at cell (/app/apps/admin/components/apps-table.tsx:107:16)
          at td
          at /app/packages/ui/src/components/ui/table.tsx:87:6
          at tr
          at /app/packages/ui/src/components/ui/table.tsx:57:6
          at tbody
          at /app/packages/ui/src/components/ui/table.tsx:30:6
          at table
          at div
          at /app/packages/ui/src/components/ui/table.tsx:8:6
          at DataTable (/app/packages/ui/src/components/data-table.tsx:23:36)
          at div
          at AppsTable (/app/apps/admin/components/apps-table.tsx:22:29)
          at IntlProvider (/app/node_modules/.pnpm/use-intl@3.26.5_react@18.3.1/node_modules/use-intl/dist/development/_IntlProvider.js:16:5)
          at NextIntlClientProvider (/app/node_modules/.pnpm/next-intl@3.26.5_next@15.5.18_@babel+core@7.29.7_@opentelemetry+api@1.9.1_@playwright+test@1._uib3rlo2eksg3yll53rffkx7ea/node_modules/next-intl/dist/development/shared/NextIntlClientProvider.js:16:5)

      Consider adding an error boundary to your tree to customize error handling behavior.
      Visit https://reactjs.org/link/error-boundaries to learn more about error boundaries.

      61 |
      62 |   it('clicking Delete on an ordinary app opens ConfirmDialog with the app name', async () => {
    > 63 |     render(withIntl(<AppsTable initial={initial} />))
         |           ^
      64 |     // Open the row action menu for Customer Portal (first row)
      65 |     const menuButtons = screen.getAllByRole('button', { name: /more/i })
      66 |     fireEvent.click(menuButtons[0])

      at logCapturedError (../../node_modules/.pnpm/react-dom@18.3.1_react@18.3.1/node_modules/react-dom/cjs/react-dom.development.js:18704:23)
      at update.callback (../../node_modules/.pnpm/react-dom@18.3.1_react@18.3.1/node_modules/react-dom/cjs/react-dom.development.js:18737:5)
      at callCallback (../../node_modules/.pnpm/react-dom@18.3.1_react@18.3.1/node_modules/react-dom/cjs/react-dom.development.js:15036:12)
      at commitUpdateQueue (../../node_modules/.pnpm/react-dom@18.3.1_react@18.3.1/node_modules/react-dom/cjs/react-dom.development.js:15057:9)
      at commitLayoutEffectOnFiber (../../node_modules/.pnpm/react-dom@18.3.1_react@18.3.1/node_modules/react-dom/cjs/react-dom.development.js:23430:13)
      at commitLayoutMountEffects_complete (../../node_modules/.pnpm/react-dom@18.3.1_react@18.3.1/node_modules/react-dom/cjs/react-dom.development.js:24727:9)
      at commitLayoutEffects_begin (../../node_modules/.pnpm/react-dom@18.3.1_react@18.3.1/node_modules/react-dom/cjs/react-dom.development.js:24713:7)
      at commitLayoutEffects (../../node_modules/.pnpm/react-dom@18.3.1_react@18.3.1/node_modules/react-dom/cjs/react-dom.development.js:24651:3)
      at commitRootImpl (../../node_modules/.pnpm/react-dom@18.3.1_react@18.3.1/node_modules/react-dom/cjs/react-dom.development.js:26862:5)
      at commitRoot (../../node_modules/.pnpm/react-dom@18.3.1_react@18.3.1/node_modules/react-dom/cjs/react-dom.development.js:26721:5)
      at finishConcurrentRender (../../node_modules/.pnpm/react-dom@18.3.1_react@18.3.1/node_modules/react-dom/cjs/react-dom.development.js:25931:9)
      at performConcurrentWorkOnRoot (../../node_modules/.pnpm/react-dom@18.3.1_react@18.3.1/node_modules/react-dom/cjs/react-dom.development.js:25848:7)
      at flushActQueue (../../node_modules/.pnpm/react@18.3.1/node_modules/react/cjs/react.development.js:2667:24)
      at act (../../node_modules/.pnpm/react@18.3.1/node_modules/react/cjs/react.development.js:2582:11)
      at ../../node_modules/.pnpm/@testing-library+react@16.3.2_@testing-library+dom@10.4.1_@types+react-dom@18.3.7_@types+reac_3k5f6qynewwmkoqvlvtzlgtsjq/node_modules/@testing-library/react/dist/act-compat.js:46:25
      at renderRoot (../../node_modules/.pnpm/@testing-library+react@16.3.2_@testing-library+dom@10.4.1_@types+react-dom@18.3.7_@types+reac_3k5f6qynewwmkoqvlvtzlgtsjq/node_modules/@testing-library/react/dist/pure.js:189:26)
      at render (../../node_modules/.pnpm/@testing-library+react@16.3.2_@testing-library+dom@10.4.1_@types+react-dom@18.3.7_@types+reac_3k5f6qynewwmkoqvlvtzlgtsjq/node_modules/@testing-library/react/dist/pure.js:291:10)
      at Object.<anonymous> (components/__tests__/apps-table.test.tsx:63:11)

    console.error
      Error: Uncaught [Error: `Tooltip` must be used within `TooltipProvider`]
          at reportException (/app/node_modules/.pnpm/jsdom@20.0.3/node_modules/jsdom/lib/jsdom/living/helpers/runtime-script-errors.js:66:24)
          at innerInvokeEventListeners (/app/node_modules/.pnpm/jsdom@20.0.3/node_modules/jsdom/lib/jsdom/living/events/EventTarget-impl.js:353:9)
          at invokeEventListeners (/app/node_modules/.pnpm/jsdom@20.0.3/node_modules/jsdom/lib/jsdom/living/events/EventTarget-impl.js:286:3)
          at HTMLUnknownElementImpl._dispatch (/app/node_modules/.pnpm/jsdom@20.0.3/node_modules/jsdom/lib/jsdom/living/events/EventTarget-impl.js:233:9)
          at HTMLUnknownElementImpl.dispatchEvent (/app/node_modules/.pnpm/jsdom@20.0.3/node_modules/jsdom/lib/jsdom/living/events/EventTarget-impl.js:104:17)
          at HTMLUnknownElement.dispatchEvent (/app/node_modules/.pnpm/jsdom@20.0.3/node_modules/jsdom/lib/jsdom/living/generated/EventTarget.js:241:34)
          at Object.invokeGuardedCallbackDev (/app/node_modules/.pnpm/react-dom@18.3.1_react@18.3.1/node_modules/react-dom/cjs/react-dom.development.js:4213:16)
          at invokeGuardedCallback (/app/node_modules/.pnpm/react-dom@18.3.1_react@18.3.1/node_modules/react-dom/cjs/react-dom.development.js:4277:31)
          at beginWork$1 (/app/node_modules/.pnpm/react-dom@18.3.1_react@18.3.1/node_modules/react-dom/cjs/react-dom.development.js:27490:7)
          at performUnitOfWork (/app/node_modules/.pnpm/react-dom@18.3.1_react@18.3.1/node_modules/react-dom/cjs/react-dom.development.js:26599:12)
          at workLoopSync (/app/node_modules/.pnpm/react-dom@18.3.1_react@18.3.1/node_modules/react-dom/cjs/react-dom.development.js:26505:5)
          at renderRootSync (/app/node_modules/.pnpm/react-dom@18.3.1_react@18.3.1/node_modules/react-dom/cjs/react-dom.development.js:26473:7)
          at performConcurrentWorkOnRoot (/app/node_modules/.pnpm/react-dom@18.3.1_react@18.3.1/node_modules/react-dom/cjs/react-dom.development.js:25777:74)
          at flushActQueue (/app/node_modules/.pnpm/react@18.3.1/node_modules/react/cjs/react.development.js:2667:24)
          at act (/app/node_modules/.pnpm/react@18.3.1/node_modules/react/cjs/react.development.js:2582:11)
          at /app/node_modules/.pnpm/@testing-library+react@16.3.2_@testing-library+dom@10.4.1_@types+react-dom@18.3.7_@types+reac_3k5f6qynewwmkoqvlvtzlgtsjq/node_modules/@testing-library/react/dist/act-compat.js:46:25
          at renderRoot (/app/node_modules/.pnpm/@testing-library+react@16.3.2_@testing-library+dom@10.4.1_@types+react-dom@18.3.7_@types+reac_3k5f6qynewwmkoqvlvtzlgtsjq/node_modules/@testing-library/react/dist/pure.js:189:26)
          at render (/app/node_modules/.pnpm/@testing-library+react@16.3.2_@testing-library+dom@10.4.1_@types+react-dom@18.3.7_@types+reac_3k5f6qynewwmkoqvlvtzlgtsjq/node_modules/@testing-library/react/dist/pure.js:291:10)
          at Object.<anonymous> (/app/apps/admin/components/__tests__/apps-table.test.tsx:76:11)
          at Promise.then.completed (/app/node_modules/.pnpm/jest-circus@29.7.0/node_modules/jest-circus/build/utils.js:298:28)
          at new Promise (<anonymous>)
          at callAsyncCircusFn (/app/node_modules/.pnpm/jest-circus@29.7.0/node_modules/jest-circus/build/utils.js:231:10)
          at _callCircusTest (/app/node_modules/.pnpm/jest-circus@29.7.0/node_modules/jest-circus/build/run.js:316:40)
          at processTicksAndRejections (node:internal/process/task_queues:103:5)
          at _runTest (/app/node_modules/.pnpm/jest-circus@29.7.0/node_modules/jest-circus/build/run.js:252:3)
          at _runTestsForDescribeBlock (/app/node_modules/.pnpm/jest-circus@29.7.0/node_modules/jest-circus/build/run.js:126:9)
          at _runTestsForDescribeBlock (/app/node_modules/.pnpm/jest-circus@29.7.0/node_modules/jest-circus/build/run.js:121:9)
          at run (/app/node_modules/.pnpm/jest-circus@29.7.0/node_modules/jest-circus/build/run.js:71:3)
          at runAndTransformResultsToJestFormat (/app/node_modules/.pnpm/jest-circus@29.7.0/node_modules/jest-circus/build/legacy-code-todo-rewrite/jestAdapterInit.js:122:21)
          at jestAdapter (/app/node_modules/.pnpm/jest-circus@29.7.0/node_modules/jest-circus/build/legacy-code-todo-rewrite/jestAdapter.js:79:19)
          at runTestInternal (/app/node_modules/.pnpm/jest-runner@29.7.0/node_modules/jest-runner/build/runTest.js:367:16)
          at runTest (/app/node_modules/.pnpm/jest-runner@29.7.0/node_modules/jest-runner/build/runTest.js:444:34)
          at Object.worker (/app/node_modules/.pnpm/jest-runner@29.7.0/node_modules/jest-runner/build/testWorker.js:106:12) {
        detail: Error: `Tooltip` must be used within `TooltipProvider`
            at useContext2 (/app/node_modules/.pnpm/@radix-ui+react-context@1.1.2_@types+react@18.3.29_react@18.3.1/node_modules/@radix-ui/react-context/src/create-context.tsx:75:13)
            at Tooltip (/app/node_modules/.pnpm/@radix-ui+react-tooltip@1.2.8_@types+react-dom@18.3.7_@types+react@18.3.29__@types+react@18.3_xrwsnt2rmlacewwolijhmzdoxi/node_modules/@radix-ui/react-tooltip/src/tooltip.tsx:162:27)
            at renderWithHooks (/app/node_modules/.pnpm/react-dom@18.3.1_react@18.3.1/node_modules/react-dom/cjs/react-dom.development.js:15486:18)
            at mountIndeterminateComponent (/app/node_modules/.pnpm/react-dom@18.3.1_react@18.3.1/node_modules/react-dom/cjs/react-dom.development.js:20103:13)
            at beginWork (/app/node_modules/.pnpm/react-dom@18.3.1_react@18.3.1/node_modules/react-dom/cjs/react-dom.development.js:21626:16)
            at HTMLUnknownElement.callCallback (/app/node_modules/.pnpm/react-dom@18.3.1_react@18.3.1/node_modules/react-dom/cjs/react-dom.development.js:4164:14)
            at HTMLUnknownElement.callTheUserObjectsOperation (/app/node_modules/.pnpm/jsdom@20.0.3/node_modules/jsdom/lib/jsdom/living/generated/EventListener.js:26:30)
            at innerInvokeEventListeners (/app/node_modules/.pnpm/jsdom@20.0.3/node_modules/jsdom/lib/jsdom/living/events/EventTarget-impl.js:350:25)
            at invokeEventListeners (/app/node_modules/.pnpm/jsdom@20.0.3/node_modules/jsdom/lib/jsdom/living/events/EventTarget-impl.js:286:3)
            at HTMLUnknownElementImpl._dispatch (/app/node_modules/.pnpm/jsdom@20.0.3/node_modules/jsdom/lib/jsdom/living/events/EventTarget-impl.js:233:9)
            at HTMLUnknownElementImpl.dispatchEvent (/app/node_modules/.pnpm/jsdom@20.0.3/node_modules/jsdom/lib/jsdom/living/events/EventTarget-impl.js:104:17)
            at HTMLUnknownElement.dispatchEvent (/app/node_modules/.pnpm/jsdom@20.0.3/node_modules/jsdom/lib/jsdom/living/generated/EventTarget.js:241:34)
            at Object.invokeGuardedCallbackDev (/app/node_modules/.pnpm/react-dom@18.3.1_react@18.3.1/node_modules/react-dom/cjs/react-dom.development.js:4213:16)
            at invokeGuardedCallback (/app/node_modules/.pnpm/react-dom@18.3.1_react@18.3.1/node_modules/react-dom/cjs/react-dom.development.js:4277:31)
            at beginWork$1 (/app/node_modules/.pnpm/react-dom@18.3.1_react@18.3.1/node_modules/react-dom/cjs/react-dom.development.js:27490:7)
            at performUnitOfWork (/app/node_modules/.pnpm/react-dom@18.3.1_react@18.3.1/node_modules/react-dom/cjs/react-dom.development.js:26599:12)
            at workLoopSync (/app/node_modules/.pnpm/react-dom@18.3.1_react@18.3.1/node_modules/react-dom/cjs/react-dom.development.js:26505:5)
            at renderRootSync (/app/node_modules/.pnpm/react-dom@18.3.1_react@18.3.1/node_modules/react-dom/cjs/react-dom.development.js:26473:7)
            at performConcurrentWorkOnRoot (/app/node_modules/.pnpm/react-dom@18.3.1_react@18.3.1/node_modules/react-dom/cjs/react-dom.development.js:25777:74)
            at flushActQueue (/app/node_modules/.pnpm/react@18.3.1/node_modules/react/cjs/react.development.js:2667:24)
            at act (/app/node_modules/.pnpm/react@18.3.1/node_modules/react/cjs/react.development.js:2582:11)
            at /app/node_modules/.pnpm/@testing-library+react@16.3.2_@testing-library+dom@10.4.1_@types+react-dom@18.3.7_@types+reac_3k5f6qynewwmkoqvlvtzlgtsjq/node_modules/@testing-library/react/dist/act-compat.js:46:25
            at renderRoot (/app/node_modules/.pnpm/@testing-library+react@16.3.2_@testing-library+dom@10.4.1_@types+react-dom@18.3.7_@types+reac_3k5f6qynewwmkoqvlvtzlgtsjq/node_modules/@testing-library/react/dist/pure.js:189:26)
            at render (/app/node_modules/.pnpm/@testing-library+react@16.3.2_@testing-library+dom@10.4.1_@types+react-dom@18.3.7_@types+reac_3k5f6qynewwmkoqvlvtzlgtsjq/node_modules/@testing-library/react/dist/pure.js:291:10)
            at Object.<anonymous> (/app/apps/admin/components/__tests__/apps-table.test.tsx:76:11)
            at Promise.then.completed (/app/node_modules/.pnpm/jest-circus@29.7.0/node_modules/jest-circus/build/utils.js:298:28)
            at new Promise (<anonymous>)
            at callAsyncCircusFn (/app/node_modules/.pnpm/jest-circus@29.7.0/node_modules/jest-circus/build/utils.js:231:10)
            at _callCircusTest (/app/node_modules/.pnpm/jest-circus@29.7.0/node_modules/jest-circus/build/run.js:316:40)
            at processTicksAndRejections (node:internal/process/task_queues:103:5)
            at _runTest (/app/node_modules/.pnpm/jest-circus@29.7.0/node_modules/jest-circus/build/run.js:252:3)
            at _runTestsForDescribeBlock (/app/node_modules/.pnpm/jest-circus@29.7.0/node_modules/jest-circus/build/run.js:126:9)
            at _runTestsForDescribeBlock (/app/node_modules/.pnpm/jest-circus@29.7.0/node_modules/jest-circus/build/run.js:121:9)
            at run (/app/node_modules/.pnpm/jest-circus@29.7.0/node_modules/jest-circus/build/run.js:71:3)
            at runAndTransformResultsToJestFormat (/app/node_modules/.pnpm/jest-circus@29.7.0/node_modules/jest-circus/build/legacy-code-todo-rewrite/jestAdapterInit.js:122:21)
            at jestAdapter (/app/node_modules/.pnpm/jest-circus@29.7.0/node_modules/jest-circus/build/legacy-code-todo-rewrite/jestAdapter.js:79:19)
            at runTestInternal (/app/node_modules/.pnpm/jest-runner@29.7.0/node_modules/jest-runner/build/runTest.js:367:16)
            at runTest (/app/node_modules/.pnpm/jest-runner@29.7.0/node_modules/jest-runner/build/runTest.js:444:34)
            at Object.worker (/app/node_modules/.pnpm/jest-runner@29.7.0/node_modules/jest-runner/build/testWorker.js:106:12),
        type: 'unhandled exception'
      }

      74 |     jest.useFakeTimers()
      75 |     ;(actions.listAppsAction as jest.Mock).mockResolvedValue({ items: [], total: 0, page: 1, pageSize: 25 })
    > 76 |     render(withIntl(<AppsTable initial={initial} />))
         |           ^
      77 |     fireEvent.change(screen.getByPlaceholderText(en.apps.search), { target: { value: 'port' } })
      78 |     jest.advanceTimersByTime(400)
      79 |     await waitFor(() => expect(actions.listAppsAction).toHaveBeenCalledWith({ q: 'port', page: 1, pageSize: 25 }))

      at VirtualConsole.<anonymous> (../../node_modules/.pnpm/jest-environment-jsdom@29.7.0/node_modules/jest-environment-jsdom/build/index.js:63:23)
      at reportException (../../node_modules/.pnpm/jsdom@20.0.3/node_modules/jsdom/lib/jsdom/living/helpers/runtime-script-errors.js:70:28)
      at innerInvokeEventListeners (../../node_modules/.pnpm/jsdom@20.0.3/node_modules/jsdom/lib/jsdom/living/events/EventTarget-impl.js:353:9)
      at invokeEventListeners (../../node_modules/.pnpm/jsdom@20.0.3/node_modules/jsdom/lib/jsdom/living/events/EventTarget-impl.js:286:3)
      at HTMLUnknownElementImpl._dispatch (../../node_modules/.pnpm/jsdom@20.0.3/node_modules/jsdom/lib/jsdom/living/events/EventTarget-impl.js:233:9)
      at HTMLUnknownElementImpl.dispatchEvent (../../node_modules/.pnpm/jsdom@20.0.3/node_modules/jsdom/lib/jsdom/living/events/EventTarget-impl.js:104:17)
      at HTMLUnknownElement.dispatchEvent (../../node_modules/.pnpm/jsdom@20.0.3/node_modules/jsdom/lib/jsdom/living/generated/EventTarget.js:241:34)
      at Object.invokeGuardedCallbackDev (../../node_modules/.pnpm/react-dom@18.3.1_react@18.3.1/node_modules/react-dom/cjs/react-dom.development.js:4213:16)
      at invokeGuardedCallback (../../node_modules/.pnpm/react-dom@18.3.1_react@18.3.1/node_modules/react-dom/cjs/react-dom.development.js:4277:31)
      at beginWork$1 (../../node_modules/.pnpm/react-dom@18.3.1_react@18.3.1/node_modules/react-dom/cjs/react-dom.development.js:27490:7)
      at performUnitOfWork (../../node_modules/.pnpm/react-dom@18.3.1_react@18.3.1/node_modules/react-dom/cjs/react-dom.development.js:26599:12)
      at workLoopSync (../../node_modules/.pnpm/react-dom@18.3.1_react@18.3.1/node_modules/react-dom/cjs/react-dom.development.js:26505:5)
      at renderRootSync (../../node_modules/.pnpm/react-dom@18.3.1_react@18.3.1/node_modules/react-dom/cjs/react-dom.development.js:26473:7)
      at performConcurrentWorkOnRoot (../../node_modules/.pnpm/react-dom@18.3.1_react@18.3.1/node_modules/react-dom/cjs/react-dom.development.js:25777:74)
      at flushActQueue (../../node_modules/.pnpm/react@18.3.1/node_modules/react/cjs/react.development.js:2667:24)
      at act (../../node_modules/.pnpm/react@18.3.1/node_modules/react/cjs/react.development.js:2582:11)
      at ../../node_modules/.pnpm/@testing-library+react@16.3.2_@testing-library+dom@10.4.1_@types+react-dom@18.3.7_@types+reac_3k5f6qynewwmkoqvlvtzlgtsjq/node_modules/@testing-library/react/dist/act-compat.js:46:25
      at renderRoot (../../node_modules/.pnpm/@testing-library+react@16.3.2_@testing-library+dom@10.4.1_@types+react-dom@18.3.7_@types+reac_3k5f6qynewwmkoqvlvtzlgtsjq/node_modules/@testing-library/react/dist/pure.js:189:26)
      at render (../../node_modules/.pnpm/@testing-library+react@16.3.2_@testing-library+dom@10.4.1_@types+react-dom@18.3.7_@types+reac_3k5f6qynewwmkoqvlvtzlgtsjq/node_modules/@testing-library/react/dist/pure.js:291:10)
      at Object.<anonymous> (components/__tests__/apps-table.test.tsx:76:11)

    console.error
      Error: Uncaught [Error: `Tooltip` must be used within `TooltipProvider`]
          at reportException (/app/node_modules/.pnpm/jsdom@20.0.3/node_modules/jsdom/lib/jsdom/living/helpers/runtime-script-errors.js:66:24)
          at innerInvokeEventListeners (/app/node_modules/.pnpm/jsdom@20.0.3/node_modules/jsdom/lib/jsdom/living/events/EventTarget-impl.js:353:9)
          at invokeEventListeners (/app/node_modules/.pnpm/jsdom@20.0.3/node_modules/jsdom/lib/jsdom/living/events/EventTarget-impl.js:286:3)
          at HTMLUnknownElementImpl._dispatch (/app/node_modules/.pnpm/jsdom@20.0.3/node_modules/jsdom/lib/jsdom/living/events/EventTarget-impl.js:233:9)
          at HTMLUnknownElementImpl.dispatchEvent (/app/node_modules/.pnpm/jsdom@20.0.3/node_modules/jsdom/lib/jsdom/living/events/EventTarget-impl.js:104:17)
          at HTMLUnknownElement.dispatchEvent (/app/node_modules/.pnpm/jsdom@20.0.3/node_modules/jsdom/lib/jsdom/living/generated/EventTarget.js:241:34)
          at Object.invokeGuardedCallbackDev (/app/node_modules/.pnpm/react-dom@18.3.1_react@18.3.1/node_modules/react-dom/cjs/react-dom.development.js:4213:16)
          at invokeGuardedCallback (/app/node_modules/.pnpm/react-dom@18.3.1_react@18.3.1/node_modules/react-dom/cjs/react-dom.development.js:4277:31)
          at beginWork$1 (/app/node_modules/.pnpm/react-dom@18.3.1_react@18.3.1/node_modules/react-dom/cjs/react-dom.development.js:27490:7)
          at performUnitOfWork (/app/node_modules/.pnpm/react-dom@18.3.1_react@18.3.1/node_modules/react-dom/cjs/react-dom.development.js:26599:12)
          at workLoopSync (/app/node_modules/.pnpm/react-dom@18.3.1_react@18.3.1/node_modules/react-dom/cjs/react-dom.development.js:26505:5)
          at renderRootSync (/app/node_modules/.pnpm/react-dom@18.3.1_react@18.3.1/node_modules/react-dom/cjs/react-dom.development.js:26473:7)
          at performConcurrentWorkOnRoot (/app/node_modules/.pnpm/react-dom@18.3.1_react@18.3.1/node_modules/react-dom/cjs/react-dom.development.js:25777:74)
          at flushActQueue (/app/node_modules/.pnpm/react@18.3.1/node_modules/react/cjs/react.development.js:2667:24)
          at act (/app/node_modules/.pnpm/react@18.3.1/node_modules/react/cjs/react.development.js:2582:11)
          at /app/node_modules/.pnpm/@testing-library+react@16.3.2_@testing-library+dom@10.4.1_@types+react-dom@18.3.7_@types+reac_3k5f6qynewwmkoqvlvtzlgtsjq/node_modules/@testing-library/react/dist/act-compat.js:46:25
          at renderRoot (/app/node_modules/.pnpm/@testing-library+react@16.3.2_@testing-library+dom@10.4.1_@types+react-dom@18.3.7_@types+reac_3k5f6qynewwmkoqvlvtzlgtsjq/node_modules/@testing-library/react/dist/pure.js:189:26)
          at render (/app/node_modules/.pnpm/@testing-library+react@16.3.2_@testing-library+dom@10.4.1_@types+react-dom@18.3.7_@types+reac_3k5f6qynewwmkoqvlvtzlgtsjq/node_modules/@testing-library/react/dist/pure.js:291:10)
          at Object.<anonymous> (/app/apps/admin/components/__tests__/apps-table.test.tsx:76:11)
          at Promise.then.completed (/app/node_modules/.pnpm/jest-circus@29.7.0/node_modules/jest-circus/build/utils.js:298:28)
          at new Promise (<anonymous>)
          at callAsyncCircusFn (/app/node_modules/.pnpm/jest-circus@29.7.0/node_modules/jest-circus/build/utils.js:231:10)
          at _callCircusTest (/app/node_modules/.pnpm/jest-circus@29.7.0/node_modules/jest-circus/build/run.js:316:40)
          at processTicksAndRejections (node:internal/process/task_queues:103:5)
          at _runTest (/app/node_modules/.pnpm/jest-circus@29.7.0/node_modules/jest-circus/build/run.js:252:3)
          at _runTestsForDescribeBlock (/app/node_modules/.pnpm/jest-circus@29.7.0/node_modules/jest-circus/build/run.js:126:9)
          at _runTestsForDescribeBlock (/app/node_modules/.pnpm/jest-circus@29.7.0/node_modules/jest-circus/build/run.js:121:9)
          at run (/app/node_modules/.pnpm/jest-circus@29.7.0/node_modules/jest-circus/build/run.js:71:3)
          at runAndTransformResultsToJestFormat (/app/node_modules/.pnpm/jest-circus@29.7.0/node_modules/jest-circus/build/legacy-code-todo-rewrite/jestAdapterInit.js:122:21)
          at jestAdapter (/app/node_modules/.pnpm/jest-circus@29.7.0/node_modules/jest-circus/build/legacy-code-todo-rewrite/jestAdapter.js:79:19)
          at runTestInternal (/app/node_modules/.pnpm/jest-runner@29.7.0/node_modules/jest-runner/build/runTest.js:367:16)
          at runTest (/app/node_modules/.pnpm/jest-runner@29.7.0/node_modules/jest-runner/build/runTest.js:444:34)
          at Object.worker (/app/node_modules/.pnpm/jest-runner@29.7.0/node_modules/jest-runner/build/testWorker.js:106:12) {
        detail: Error: `Tooltip` must be used within `TooltipProvider`
            at useContext2 (/app/node_modules/.pnpm/@radix-ui+react-context@1.1.2_@types+react@18.3.29_react@18.3.1/node_modules/@radix-ui/react-context/src/create-context.tsx:75:13)
            at Tooltip (/app/node_modules/.pnpm/@radix-ui+react-tooltip@1.2.8_@types+react-dom@18.3.7_@types+react@18.3.29__@types+react@18.3_xrwsnt2rmlacewwolijhmzdoxi/node_modules/@radix-ui/react-tooltip/src/tooltip.tsx:162:27)
            at renderWithHooks (/app/node_modules/.pnpm/react-dom@18.3.1_react@18.3.1/node_modules/react-dom/cjs/react-dom.development.js:15486:18)
            at mountIndeterminateComponent (/app/node_modules/.pnpm/react-dom@18.3.1_react@18.3.1/node_modules/react-dom/cjs/react-dom.development.js:20103:13)
            at beginWork (/app/node_modules/.pnpm/react-dom@18.3.1_react@18.3.1/node_modules/react-dom/cjs/react-dom.development.js:21626:16)
            at HTMLUnknownElement.callCallback (/app/node_modules/.pnpm/react-dom@18.3.1_react@18.3.1/node_modules/react-dom/cjs/react-dom.development.js:4164:14)
            at HTMLUnknownElement.callTheUserObjectsOperation (/app/node_modules/.pnpm/jsdom@20.0.3/node_modules/jsdom/lib/jsdom/living/generated/EventListener.js:26:30)
            at innerInvokeEventListeners (/app/node_modules/.pnpm/jsdom@20.0.3/node_modules/jsdom/lib/jsdom/living/events/EventTarget-impl.js:350:25)
            at invokeEventListeners (/app/node_modules/.pnpm/jsdom@20.0.3/node_modules/jsdom/lib/jsdom/living/events/EventTarget-impl.js:286:3)
            at HTMLUnknownElementImpl._dispatch (/app/node_modules/.pnpm/jsdom@20.0.3/node_modules/jsdom/lib/jsdom/living/events/EventTarget-impl.js:233:9)
            at HTMLUnknownElementImpl.dispatchEvent (/app/node_modules/.pnpm/jsdom@20.0.3/node_modules/jsdom/lib/jsdom/living/events/EventTarget-impl.js:104:17)
            at HTMLUnknownElement.dispatchEvent (/app/node_modules/.pnpm/jsdom@20.0.3/node_modules/jsdom/lib/jsdom/living/generated/EventTarget.js:241:34)
            at Object.invokeGuardedCallbackDev (/app/node_modules/.pnpm/react-dom@18.3.1_react@18.3.1/node_modules/react-dom/cjs/react-dom.development.js:4213:16)
            at invokeGuardedCallback (/app/node_modules/.pnpm/react-dom@18.3.1_react@18.3.1/node_modules/react-dom/cjs/react-dom.development.js:4277:31)
            at beginWork$1 (/app/node_modules/.pnpm/react-dom@18.3.1_react@18.3.1/node_modules/react-dom/cjs/react-dom.development.js:27490:7)
            at performUnitOfWork (/app/node_modules/.pnpm/react-dom@18.3.1_react@18.3.1/node_modules/react-dom/cjs/react-dom.development.js:26599:12)
            at workLoopSync (/app/node_modules/.pnpm/react-dom@18.3.1_react@18.3.1/node_modules/react-dom/cjs/react-dom.development.js:26505:5)
            at renderRootSync (/app/node_modules/.pnpm/react-dom@18.3.1_react@18.3.1/node_modules/react-dom/cjs/react-dom.development.js:26473:7)
            at performConcurrentWorkOnRoot (/app/node_modules/.pnpm/react-dom@18.3.1_react@18.3.1/node_modules/react-dom/cjs/react-dom.development.js:25777:74)
            at flushActQueue (/app/node_modules/.pnpm/react@18.3.1/node_modules/react/cjs/react.development.js:2667:24)
            at act (/app/node_modules/.pnpm/react@18.3.1/node_modules/react/cjs/react.development.js:2582:11)
            at /app/node_modules/.pnpm/@testing-library+react@16.3.2_@testing-library+dom@10.4.1_@types+react-dom@18.3.7_@types+reac_3k5f6qynewwmkoqvlvtzlgtsjq/node_modules/@testing-library/react/dist/act-compat.js:46:25
            at renderRoot (/app/node_modules/.pnpm/@testing-library+react@16.3.2_@testing-library+dom@10.4.1_@types+react-dom@18.3.7_@types+reac_3k5f6qynewwmkoqvlvtzlgtsjq/node_modules/@testing-library/react/dist/pure.js:189:26)
            at render (/app/node_modules/.pnpm/@testing-library+react@16.3.2_@testing-library+dom@10.4.1_@types+react-dom@18.3.7_@types+reac_3k5f6qynewwmkoqvlvtzlgtsjq/node_modules/@testing-library/react/dist/pure.js:291:10)
            at Object.<anonymous> (/app/apps/admin/components/__tests__/apps-table.test.tsx:76:11)
            at Promise.then.completed (/app/node_modules/.pnpm/jest-circus@29.7.0/node_modules/jest-circus/build/utils.js:298:28)
            at new Promise (<anonymous>)
            at callAsyncCircusFn (/app/node_modules/.pnpm/jest-circus@29.7.0/node_modules/jest-circus/build/utils.js:231:10)
            at _callCircusTest (/app/node_modules/.pnpm/jest-circus@29.7.0/node_modules/jest-circus/build/run.js:316:40)
            at processTicksAndRejections (node:internal/process/task_queues:103:5)
            at _runTest (/app/node_modules/.pnpm/jest-circus@29.7.0/node_modules/jest-circus/build/run.js:252:3)
            at _runTestsForDescribeBlock (/app/node_modules/.pnpm/jest-circus@29.7.0/node_modules/jest-circus/build/run.js:126:9)
            at _runTestsForDescribeBlock (/app/node_modules/.pnpm/jest-circus@29.7.0/node_modules/jest-circus/build/run.js:121:9)
            at run (/app/node_modules/.pnpm/jest-circus@29.7.0/node_modules/jest-circus/build/run.js:71:3)
            at runAndTransformResultsToJestFormat (/app/node_modules/.pnpm/jest-circus@29.7.0/node_modules/jest-circus/build/legacy-code-todo-rewrite/jestAdapterInit.js:122:21)
            at jestAdapter (/app/node_modules/.pnpm/jest-circus@29.7.0/node_modules/jest-circus/build/legacy-code-todo-rewrite/jestAdapter.js:79:19)
            at runTestInternal (/app/node_modules/.pnpm/jest-runner@29.7.0/node_modules/jest-runner/build/runTest.js:367:16)
            at runTest (/app/node_modules/.pnpm/jest-runner@29.7.0/node_modules/jest-runner/build/runTest.js:444:34)
            at Object.worker (/app/node_modules/.pnpm/jest-runner@29.7.0/node_modules/jest-runner/build/testWorker.js:106:12),
        type: 'unhandled exception'
      }

      74 |     jest.useFakeTimers()
      75 |     ;(actions.listAppsAction as jest.Mock).mockResolvedValue({ items: [], total: 0, page: 1, pageSize: 25 })
    > 76 |     render(withIntl(<AppsTable initial={initial} />))
         |           ^
      77 |     fireEvent.change(screen.getByPlaceholderText(en.apps.search), { target: { value: 'port' } })
      78 |     jest.advanceTimersByTime(400)
      79 |     await waitFor(() => expect(actions.listAppsAction).toHaveBeenCalledWith({ q: 'port', page: 1, pageSize: 25 }))

      at VirtualConsole.<anonymous> (../../node_modules/.pnpm/jest-environment-jsdom@29.7.0/node_modules/jest-environment-jsdom/build/index.js:63:23)
      at reportException (../../node_modules/.pnpm/jsdom@20.0.3/node_modules/jsdom/lib/jsdom/living/helpers/runtime-script-errors.js:70:28)
      at innerInvokeEventListeners (../../node_modules/.pnpm/jsdom@20.0.3/node_modules/jsdom/lib/jsdom/living/events/EventTarget-impl.js:353:9)
      at invokeEventListeners (../../node_modules/.pnpm/jsdom@20.0.3/node_modules/jsdom/lib/jsdom/living/events/EventTarget-impl.js:286:3)
      at HTMLUnknownElementImpl._dispatch (../../node_modules/.pnpm/jsdom@20.0.3/node_modules/jsdom/lib/jsdom/living/events/EventTarget-impl.js:233:9)
      at HTMLUnknownElementImpl.dispatchEvent (../../node_modules/.pnpm/jsdom@20.0.3/node_modules/jsdom/lib/jsdom/living/events/EventTarget-impl.js:104:17)
      at HTMLUnknownElement.dispatchEvent (../../node_modules/.pnpm/jsdom@20.0.3/node_modules/jsdom/lib/jsdom/living/generated/EventTarget.js:241:34)
      at Object.invokeGuardedCallbackDev (../../node_modules/.pnpm/react-dom@18.3.1_react@18.3.1/node_modules/react-dom/cjs/react-dom.development.js:4213:16)
      at invokeGuardedCallback (../../node_modules/.pnpm/react-dom@18.3.1_react@18.3.1/node_modules/react-dom/cjs/react-dom.development.js:4277:31)
      at beginWork$1 (../../node_modules/.pnpm/react-dom@18.3.1_react@18.3.1/node_modules/react-dom/cjs/react-dom.development.js:27490:7)
      at performUnitOfWork (../../node_modules/.pnpm/react-dom@18.3.1_react@18.3.1/node_modules/react-dom/cjs/react-dom.development.js:26599:12)
      at workLoopSync (../../node_modules/.pnpm/react-dom@18.3.1_react@18.3.1/node_modules/react-dom/cjs/react-dom.development.js:26505:5)
      at renderRootSync (../../node_modules/.pnpm/react-dom@18.3.1_react@18.3.1/node_modules/react-dom/cjs/react-dom.development.js:26473:7)
      at performConcurrentWorkOnRoot (../../node_modules/.pnpm/react-dom@18.3.1_react@18.3.1/node_modules/react-dom/cjs/react-dom.development.js:25777:74)
      at flushActQueue (../../node_modules/.pnpm/react@18.3.1/node_modules/react/cjs/react.development.js:2667:24)
      at act (../../node_modules/.pnpm/react@18.3.1/node_modules/react/cjs/react.development.js:2582:11)
      at ../../node_modules/.pnpm/@testing-library+react@16.3.2_@testing-library+dom@10.4.1_@types+react-dom@18.3.7_@types+reac_3k5f6qynewwmkoqvlvtzlgtsjq/node_modules/@testing-library/react/dist/act-compat.js:46:25
      at renderRoot (../../node_modules/.pnpm/@testing-library+react@16.3.2_@testing-library+dom@10.4.1_@types+react-dom@18.3.7_@types+reac_3k5f6qynewwmkoqvlvtzlgtsjq/node_modules/@testing-library/react/dist/pure.js:189:26)
      at render (../../node_modules/.pnpm/@testing-library+react@16.3.2_@testing-library+dom@10.4.1_@types+react-dom@18.3.7_@types+reac_3k5f6qynewwmkoqvlvtzlgtsjq/node_modules/@testing-library/react/dist/pure.js:291:10)
      at Object.<anonymous> (components/__tests__/apps-table.test.tsx:76:11)

    console.error
      Error: Uncaught [Error: `Tooltip` must be used within `TooltipProvider`]
          at reportException (/app/node_modules/.pnpm/jsdom@20.0.3/node_modules/jsdom/lib/jsdom/living/helpers/runtime-script-errors.js:66:24)
          at innerInvokeEventListeners (/app/node_modules/.pnpm/jsdom@20.0.3/node_modules/jsdom/lib/jsdom/living/events/EventTarget-impl.js:353:9)
          at invokeEventListeners (/app/node_modules/.pnpm/jsdom@20.0.3/node_modules/jsdom/lib/jsdom/living/events/EventTarget-impl.js:286:3)
          at HTMLUnknownElementImpl._dispatch (/app/node_modules/.pnpm/jsdom@20.0.3/node_modules/jsdom/lib/jsdom/living/events/EventTarget-impl.js:233:9)
          at HTMLUnknownElementImpl.dispatchEvent (/app/node_modules/.pnpm/jsdom@20.0.3/node_modules/jsdom/lib/jsdom/living/events/EventTarget-impl.js:104:17)
          at HTMLUnknownElement.dispatchEvent (/app/node_modules/.pnpm/jsdom@20.0.3/node_modules/jsdom/lib/jsdom/living/generated/EventTarget.js:241:34)
          at Object.invokeGuardedCallbackDev (/app/node_modules/.pnpm/react-dom@18.3.1_react@18.3.1/node_modules/react-dom/cjs/react-dom.development.js:4213:16)
          at invokeGuardedCallback (/app/node_modules/.pnpm/react-dom@18.3.1_react@18.3.1/node_modules/react-dom/cjs/react-dom.development.js:4277:31)
          at beginWork$1 (/app/node_modules/.pnpm/react-dom@18.3.1_react@18.3.1/node_modules/react-dom/cjs/react-dom.development.js:27490:7)
          at performUnitOfWork (/app/node_modules/.pnpm/react-dom@18.3.1_react@18.3.1/node_modules/react-dom/cjs/react-dom.development.js:26599:12)
          at workLoopSync (/app/node_modules/.pnpm/react-dom@18.3.1_react@18.3.1/node_modules/react-dom/cjs/react-dom.development.js:26505:5)
          at renderRootSync (/app/node_modules/.pnpm/react-dom@18.3.1_react@18.3.1/node_modules/react-dom/cjs/react-dom.development.js:26473:7)
          at performConcurrentWorkOnRoot (/app/node_modules/.pnpm/react-dom@18.3.1_react@18.3.1/node_modules/react-dom/cjs/react-dom.development.js:25777:74)
          at flushActQueue (/app/node_modules/.pnpm/react@18.3.1/node_modules/react/cjs/react.development.js:2667:24)
          at act (/app/node_modules/.pnpm/react@18.3.1/node_modules/react/cjs/react.development.js:2582:11)
          at /app/node_modules/.pnpm/@testing-library+react@16.3.2_@testing-library+dom@10.4.1_@types+react-dom@18.3.7_@types+reac_3k5f6qynewwmkoqvlvtzlgtsjq/node_modules/@testing-library/react/dist/act-compat.js:46:25
          at renderRoot (/app/node_modules/.pnpm/@testing-library+react@16.3.2_@testing-library+dom@10.4.1_@types+react-dom@18.3.7_@types+reac_3k5f6qynewwmkoqvlvtzlgtsjq/node_modules/@testing-library/react/dist/pure.js:189:26)
          at render (/app/node_modules/.pnpm/@testing-library+react@16.3.2_@testing-library+dom@10.4.1_@types+react-dom@18.3.7_@types+reac_3k5f6qynewwmkoqvlvtzlgtsjq/node_modules/@testing-library/react/dist/pure.js:291:10)
          at Object.<anonymous> (/app/apps/admin/components/__tests__/apps-table.test.tsx:76:11)
          at Promise.then.completed (/app/node_modules/.pnpm/jest-circus@29.7.0/node_modules/jest-circus/build/utils.js:298:28)
          at new Promise (<anonymous>)
          at callAsyncCircusFn (/app/node_modules/.pnpm/jest-circus@29.7.0/node_modules/jest-circus/build/utils.js:231:10)
          at _callCircusTest (/app/node_modules/.pnpm/jest-circus@29.7.0/node_modules/jest-circus/build/run.js:316:40)
          at processTicksAndRejections (node:internal/process/task_queues:103:5)
          at _runTest (/app/node_modules/.pnpm/jest-circus@29.7.0/node_modules/jest-circus/build/run.js:252:3)
          at _runTestsForDescribeBlock (/app/node_modules/.pnpm/jest-circus@29.7.0/node_modules/jest-circus/build/run.js:126:9)
          at _runTestsForDescribeBlock (/app/node_modules/.pnpm/jest-circus@29.7.0/node_modules/jest-circus/build/run.js:121:9)
          at run (/app/node_modules/.pnpm/jest-circus@29.7.0/node_modules/jest-circus/build/run.js:71:3)
          at runAndTransformResultsToJestFormat (/app/node_modules/.pnpm/jest-circus@29.7.0/node_modules/jest-circus/build/legacy-code-todo-rewrite/jestAdapterInit.js:122:21)
          at jestAdapter (/app/node_modules/.pnpm/jest-circus@29.7.0/node_modules/jest-circus/build/legacy-code-todo-rewrite/jestAdapter.js:79:19)
          at runTestInternal (/app/node_modules/.pnpm/jest-runner@29.7.0/node_modules/jest-runner/build/runTest.js:367:16)
          at runTest (/app/node_modules/.pnpm/jest-runner@29.7.0/node_modules/jest-runner/build/runTest.js:444:34)
          at Object.worker (/app/node_modules/.pnpm/jest-runner@29.7.0/node_modules/jest-runner/build/testWorker.js:106:12) {
        detail: Error: `Tooltip` must be used within `TooltipProvider`
            at useContext2 (/app/node_modules/.pnpm/@radix-ui+react-context@1.1.2_@types+react@18.3.29_react@18.3.1/node_modules/@radix-ui/react-context/src/create-context.tsx:75:13)
            at Tooltip (/app/node_modules/.pnpm/@radix-ui+react-tooltip@1.2.8_@types+react-dom@18.3.7_@types+react@18.3.29__@types+react@18.3_xrwsnt2rmlacewwolijhmzdoxi/node_modules/@radix-ui/react-tooltip/src/tooltip.tsx:162:27)
            at renderWithHooks (/app/node_modules/.pnpm/react-dom@18.3.1_react@18.3.1/node_modules/react-dom/cjs/react-dom.development.js:15486:18)
            at mountIndeterminateComponent (/app/node_modules/.pnpm/react-dom@18.3.1_react@18.3.1/node_modules/react-dom/cjs/react-dom.development.js:20103:13)
            at beginWork (/app/node_modules/.pnpm/react-dom@18.3.1_react@18.3.1/node_modules/react-dom/cjs/react-dom.development.js:21626:16)
            at HTMLUnknownElement.callCallback (/app/node_modules/.pnpm/react-dom@18.3.1_react@18.3.1/node_modules/react-dom/cjs/react-dom.development.js:4164:14)
            at HTMLUnknownElement.callTheUserObjectsOperation (/app/node_modules/.pnpm/jsdom@20.0.3/node_modules/jsdom/lib/jsdom/living/generated/EventListener.js:26:30)
            at innerInvokeEventListeners (/app/node_modules/.pnpm/jsdom@20.0.3/node_modules/jsdom/lib/jsdom/living/events/EventTarget-impl.js:350:25)
            at invokeEventListeners (/app/node_modules/.pnpm/jsdom@20.0.3/node_modules/jsdom/lib/jsdom/living/events/EventTarget-impl.js:286:3)
            at HTMLUnknownElementImpl._dispatch (/app/node_modules/.pnpm/jsdom@20.0.3/node_modules/jsdom/lib/jsdom/living/events/EventTarget-impl.js:233:9)
            at HTMLUnknownElementImpl.dispatchEvent (/app/node_modules/.pnpm/jsdom@20.0.3/node_modules/jsdom/lib/jsdom/living/events/EventTarget-impl.js:104:17)
            at HTMLUnknownElement.dispatchEvent (/app/node_modules/.pnpm/jsdom@20.0.3/node_modules/jsdom/lib/jsdom/living/generated/EventTarget.js:241:34)
            at Object.invokeGuardedCallbackDev (/app/node_modules/.pnpm/react-dom@18.3.1_react@18.3.1/node_modules/react-dom/cjs/react-dom.development.js:4213:16)
            at invokeGuardedCallback (/app/node_modules/.pnpm/react-dom@18.3.1_react@18.3.1/node_modules/react-dom/cjs/react-dom.development.js:4277:31)
            at beginWork$1 (/app/node_modules/.pnpm/react-dom@18.3.1_react@18.3.1/node_modules/react-dom/cjs/react-dom.development.js:27490:7)
            at performUnitOfWork (/app/node_modules/.pnpm/react-dom@18.3.1_react@18.3.1/node_modules/react-dom/cjs/react-dom.development.js:26599:12)
            at workLoopSync (/app/node_modules/.pnpm/react-dom@18.3.1_react@18.3.1/node_modules/react-dom/cjs/react-dom.development.js:26505:5)
            at renderRootSync (/app/node_modules/.pnpm/react-dom@18.3.1_react@18.3.1/node_modules/react-dom/cjs/react-dom.development.js:26473:7)
            at performConcurrentWorkOnRoot (/app/node_modules/.pnpm/react-dom@18.3.1_react@18.3.1/node_modules/react-dom/cjs/react-dom.development.js:25777:74)
            at flushActQueue (/app/node_modules/.pnpm/react@18.3.1/node_modules/react/cjs/react.development.js:2667:24)
            at act (/app/node_modules/.pnpm/react@18.3.1/node_modules/react/cjs/react.development.js:2582:11)
            at /app/node_modules/.pnpm/@testing-library+react@16.3.2_@testing-library+dom@10.4.1_@types+react-dom@18.3.7_@types+reac_3k5f6qynewwmkoqvlvtzlgtsjq/node_modules/@testing-library/react/dist/act-compat.js:46:25
            at renderRoot (/app/node_modules/.pnpm/@testing-library+react@16.3.2_@testing-library+dom@10.4.1_@types+react-dom@18.3.7_@types+reac_3k5f6qynewwmkoqvlvtzlgtsjq/node_modules/@testing-library/react/dist/pure.js:189:26)
            at render (/app/node_modules/.pnpm/@testing-library+react@16.3.2_@testing-library+dom@10.4.1_@types+react-dom@18.3.7_@types+reac_3k5f6qynewwmkoqvlvtzlgtsjq/node_modules/@testing-library/react/dist/pure.js:291:10)
            at Object.<anonymous> (/app/apps/admin/components/__tests__/apps-table.test.tsx:76:11)
            at Promise.then.completed (/app/node_modules/.pnpm/jest-circus@29.7.0/node_modules/jest-circus/build/utils.js:298:28)
            at new Promise (<anonymous>)
            at callAsyncCircusFn (/app/node_modules/.pnpm/jest-circus@29.7.0/node_modules/jest-circus/build/utils.js:231:10)
            at _callCircusTest (/app/node_modules/.pnpm/jest-circus@29.7.0/node_modules/jest-circus/build/run.js:316:40)
            at processTicksAndRejections (node:internal/process/task_queues:103:5)
            at _runTest (/app/node_modules/.pnpm/jest-circus@29.7.0/node_modules/jest-circus/build/run.js:252:3)
            at _runTestsForDescribeBlock (/app/node_modules/.pnpm/jest-circus@29.7.0/node_modules/jest-circus/build/run.js:126:9)
            at _runTestsForDescribeBlock (/app/node_modules/.pnpm/jest-circus@29.7.0/node_modules/jest-circus/build/run.js:121:9)
            at run (/app/node_modules/.pnpm/jest-circus@29.7.0/node_modules/jest-circus/build/run.js:71:3)
            at runAndTransformResultsToJestFormat (/app/node_modules/.pnpm/jest-circus@29.7.0/node_modules/jest-circus/build/legacy-code-todo-rewrite/jestAdapterInit.js:122:21)
            at jestAdapter (/app/node_modules/.pnpm/jest-circus@29.7.0/node_modules/jest-circus/build/legacy-code-todo-rewrite/jestAdapter.js:79:19)
            at runTestInternal (/app/node_modules/.pnpm/jest-runner@29.7.0/node_modules/jest-runner/build/runTest.js:367:16)
            at runTest (/app/node_modules/.pnpm/jest-runner@29.7.0/node_modules/jest-runner/build/runTest.js:444:34)
            at Object.worker (/app/node_modules/.pnpm/jest-runner@29.7.0/node_modules/jest-runner/build/testWorker.js:106:12),
        type: 'unhandled exception'
      }

      74 |     jest.useFakeTimers()
      75 |     ;(actions.listAppsAction as jest.Mock).mockResolvedValue({ items: [], total: 0, page: 1, pageSize: 25 })
    > 76 |     render(withIntl(<AppsTable initial={initial} />))
         |           ^
      77 |     fireEvent.change(screen.getByPlaceholderText(en.apps.search), { target: { value: 'port' } })
      78 |     jest.advanceTimersByTime(400)
      79 |     await waitFor(() => expect(actions.listAppsAction).toHaveBeenCalledWith({ q: 'port', page: 1, pageSize: 25 }))

      at VirtualConsole.<anonymous> (../../node_modules/.pnpm/jest-environment-jsdom@29.7.0/node_modules/jest-environment-jsdom/build/index.js:63:23)
      at reportException (../../node_modules/.pnpm/jsdom@20.0.3/node_modules/jsdom/lib/jsdom/living/helpers/runtime-script-errors.js:70:28)
      at innerInvokeEventListeners (../../node_modules/.pnpm/jsdom@20.0.3/node_modules/jsdom/lib/jsdom/living/events/EventTarget-impl.js:353:9)
      at invokeEventListeners (../../node_modules/.pnpm/jsdom@20.0.3/node_modules/jsdom/lib/jsdom/living/events/EventTarget-impl.js:286:3)
      at HTMLUnknownElementImpl._dispatch (../../node_modules/.pnpm/jsdom@20.0.3/node_modules/jsdom/lib/jsdom/living/events/EventTarget-impl.js:233:9)
      at HTMLUnknownElementImpl.dispatchEvent (../../node_modules/.pnpm/jsdom@20.0.3/node_modules/jsdom/lib/jsdom/living/events/EventTarget-impl.js:104:17)
      at HTMLUnknownElement.dispatchEvent (../../node_modules/.pnpm/jsdom@20.0.3/node_modules/jsdom/lib/jsdom/living/generated/EventTarget.js:241:34)
      at Object.invokeGuardedCallbackDev (../../node_modules/.pnpm/react-dom@18.3.1_react@18.3.1/node_modules/react-dom/cjs/react-dom.development.js:4213:16)
      at invokeGuardedCallback (../../node_modules/.pnpm/react-dom@18.3.1_react@18.3.1/node_modules/react-dom/cjs/react-dom.development.js:4277:31)
      at beginWork$1 (../../node_modules/.pnpm/react-dom@18.3.1_react@18.3.1/node_modules/react-dom/cjs/react-dom.development.js:27490:7)
      at performUnitOfWork (../../node_modules/.pnpm/react-dom@18.3.1_react@18.3.1/node_modules/react-dom/cjs/react-dom.development.js:26599:12)
      at workLoopSync (../../node_modules/.pnpm/react-dom@18.3.1_react@18.3.1/node_modules/react-dom/cjs/react-dom.development.js:26505:5)
      at renderRootSync (../../node_modules/.pnpm/react-dom@18.3.1_react@18.3.1/node_modules/react-dom/cjs/react-dom.development.js:26473:7)
      at performConcurrentWorkOnRoot (../../node_modules/.pnpm/react-dom@18.3.1_react@18.3.1/node_modules/react-dom/cjs/react-dom.development.js:25777:74)
      at flushActQueue (../../node_modules/.pnpm/react@18.3.1/node_modules/react/cjs/react.development.js:2667:24)
      at act (../../node_modules/.pnpm/react@18.3.1/node_modules/react/cjs/react.development.js:2582:11)
      at ../../node_modules/.pnpm/@testing-library+react@16.3.2_@testing-library+dom@10.4.1_@types+react-dom@18.3.7_@types+reac_3k5f6qynewwmkoqvlvtzlgtsjq/node_modules/@testing-library/react/dist/act-compat.js:46:25
      at renderRoot (../../node_modules/.pnpm/@testing-library+react@16.3.2_@testing-library+dom@10.4.1_@types+react-dom@18.3.7_@types+reac_3k5f6qynewwmkoqvlvtzlgtsjq/node_modules/@testing-library/react/dist/pure.js:189:26)
      at render (../../node_modules/.pnpm/@testing-library+react@16.3.2_@testing-library+dom@10.4.1_@types+react-dom@18.3.7_@types+reac_3k5f6qynewwmkoqvlvtzlgtsjq/node_modules/@testing-library/react/dist/pure.js:291:10)
      at Object.<anonymous> (components/__tests__/apps-table.test.tsx:76:11)

    console.error
      Error: Uncaught [Error: `Tooltip` must be used within `TooltipProvider`]
          at reportException (/app/node_modules/.pnpm/jsdom@20.0.3/node_modules/jsdom/lib/jsdom/living/helpers/runtime-script-errors.js:66:24)
          at innerInvokeEventListeners (/app/node_modules/.pnpm/jsdom@20.0.3/node_modules/jsdom/lib/jsdom/living/events/EventTarget-impl.js:353:9)
          at invokeEventListeners (/app/node_modules/.pnpm/jsdom@20.0.3/node_modules/jsdom/lib/jsdom/living/events/EventTarget-impl.js:286:3)
          at HTMLUnknownElementImpl._dispatch (/app/node_modules/.pnpm/jsdom@20.0.3/node_modules/jsdom/lib/jsdom/living/events/EventTarget-impl.js:233:9)
          at HTMLUnknownElementImpl.dispatchEvent (/app/node_modules/.pnpm/jsdom@20.0.3/node_modules/jsdom/lib/jsdom/living/events/EventTarget-impl.js:104:17)
          at HTMLUnknownElement.dispatchEvent (/app/node_modules/.pnpm/jsdom@20.0.3/node_modules/jsdom/lib/jsdom/living/generated/EventTarget.js:241:34)
          at Object.invokeGuardedCallbackDev (/app/node_modules/.pnpm/react-dom@18.3.1_react@18.3.1/node_modules/react-dom/cjs/react-dom.development.js:4213:16)
          at invokeGuardedCallback (/app/node_modules/.pnpm/react-dom@18.3.1_react@18.3.1/node_modules/react-dom/cjs/react-dom.development.js:4277:31)
          at beginWork$1 (/app/node_modules/.pnpm/react-dom@18.3.1_react@18.3.1/node_modules/react-dom/cjs/react-dom.development.js:27490:7)
          at performUnitOfWork (/app/node_modules/.pnpm/react-dom@18.3.1_react@18.3.1/node_modules/react-dom/cjs/react-dom.development.js:26599:12)
          at workLoopSync (/app/node_modules/.pnpm/react-dom@18.3.1_react@18.3.1/node_modules/react-dom/cjs/react-dom.development.js:26505:5)
          at renderRootSync (/app/node_modules/.pnpm/react-dom@18.3.1_react@18.3.1/node_modules/react-dom/cjs/react-dom.development.js:26473:7)
          at performConcurrentWorkOnRoot (/app/node_modules/.pnpm/react-dom@18.3.1_react@18.3.1/node_modules/react-dom/cjs/react-dom.development.js:25777:74)
          at flushActQueue (/app/node_modules/.pnpm/react@18.3.1/node_modules/react/cjs/react.development.js:2667:24)
          at act (/app/node_modules/.pnpm/react@18.3.1/node_modules/react/cjs/react.development.js:2582:11)
          at /app/node_modules/.pnpm/@testing-library+react@16.3.2_@testing-library+dom@10.4.1_@types+react-dom@18.3.7_@types+reac_3k5f6qynewwmkoqvlvtzlgtsjq/node_modules/@testing-library/react/dist/act-compat.js:46:25
          at renderRoot (/app/node_modules/.pnpm/@testing-library+react@16.3.2_@testing-library+dom@10.4.1_@types+react-dom@18.3.7_@types+reac_3k5f6qynewwmkoqvlvtzlgtsjq/node_modules/@testing-library/react/dist/pure.js:189:26)
          at render (/app/node_modules/.pnpm/@testing-library+react@16.3.2_@testing-library+dom@10.4.1_@types+react-dom@18.3.7_@types+reac_3k5f6qynewwmkoqvlvtzlgtsjq/node_modules/@testing-library/react/dist/pure.js:291:10)
          at Object.<anonymous> (/app/apps/admin/components/__tests__/apps-table.test.tsx:76:11)
          at Promise.then.completed (/app/node_modules/.pnpm/jest-circus@29.7.0/node_modules/jest-circus/build/utils.js:298:28)
          at new Promise (<anonymous>)
          at callAsyncCircusFn (/app/node_modules/.pnpm/jest-circus@29.7.0/node_modules/jest-circus/build/utils.js:231:10)
          at _callCircusTest (/app/node_modules/.pnpm/jest-circus@29.7.0/node_modules/jest-circus/build/run.js:316:40)
          at processTicksAndRejections (node:internal/process/task_queues:103:5)
          at _runTest (/app/node_modules/.pnpm/jest-circus@29.7.0/node_modules/jest-circus/build/run.js:252:3)
          at _runTestsForDescribeBlock (/app/node_modules/.pnpm/jest-circus@29.7.0/node_modules/jest-circus/build/run.js:126:9)
          at _runTestsForDescribeBlock (/app/node_modules/.pnpm/jest-circus@29.7.0/node_modules/jest-circus/build/run.js:121:9)
          at run (/app/node_modules/.pnpm/jest-circus@29.7.0/node_modules/jest-circus/build/run.js:71:3)
          at runAndTransformResultsToJestFormat (/app/node_modules/.pnpm/jest-circus@29.7.0/node_modules/jest-circus/build/legacy-code-todo-rewrite/jestAdapterInit.js:122:21)
          at jestAdapter (/app/node_modules/.pnpm/jest-circus@29.7.0/node_modules/jest-circus/build/legacy-code-todo-rewrite/jestAdapter.js:79:19)
          at runTestInternal (/app/node_modules/.pnpm/jest-runner@29.7.0/node_modules/jest-runner/build/runTest.js:367:16)
          at runTest (/app/node_modules/.pnpm/jest-runner@29.7.0/node_modules/jest-runner/build/runTest.js:444:34)
          at Object.worker (/app/node_modules/.pnpm/jest-runner@29.7.0/node_modules/jest-runner/build/testWorker.js:106:12) {
        detail: Error: `Tooltip` must be used within `TooltipProvider`
            at useContext2 (/app/node_modules/.pnpm/@radix-ui+react-context@1.1.2_@types+react@18.3.29_react@18.3.1/node_modules/@radix-ui/react-context/src/create-context.tsx:75:13)
            at Tooltip (/app/node_modules/.pnpm/@radix-ui+react-tooltip@1.2.8_@types+react-dom@18.3.7_@types+react@18.3.29__@types+react@18.3_xrwsnt2rmlacewwolijhmzdoxi/node_modules/@radix-ui/react-tooltip/src/tooltip.tsx:162:27)
            at renderWithHooks (/app/node_modules/.pnpm/react-dom@18.3.1_react@18.3.1/node_modules/react-dom/cjs/react-dom.development.js:15486:18)
            at mountIndeterminateComponent (/app/node_modules/.pnpm/react-dom@18.3.1_react@18.3.1/node_modules/react-dom/cjs/react-dom.development.js:20103:13)
            at beginWork (/app/node_modules/.pnpm/react-dom@18.3.1_react@18.3.1/node_modules/react-dom/cjs/react-dom.development.js:21626:16)
            at HTMLUnknownElement.callCallback (/app/node_modules/.pnpm/react-dom@18.3.1_react@18.3.1/node_modules/react-dom/cjs/react-dom.development.js:4164:14)
            at HTMLUnknownElement.callTheUserObjectsOperation (/app/node_modules/.pnpm/jsdom@20.0.3/node_modules/jsdom/lib/jsdom/living/generated/EventListener.js:26:30)
            at innerInvokeEventListeners (/app/node_modules/.pnpm/jsdom@20.0.3/node_modules/jsdom/lib/jsdom/living/events/EventTarget-impl.js:350:25)
            at invokeEventListeners (/app/node_modules/.pnpm/jsdom@20.0.3/node_modules/jsdom/lib/jsdom/living/events/EventTarget-impl.js:286:3)
            at HTMLUnknownElementImpl._dispatch (/app/node_modules/.pnpm/jsdom@20.0.3/node_modules/jsdom/lib/jsdom/living/events/EventTarget-impl.js:233:9)
            at HTMLUnknownElementImpl.dispatchEvent (/app/node_modules/.pnpm/jsdom@20.0.3/node_modules/jsdom/lib/jsdom/living/events/EventTarget-impl.js:104:17)
            at HTMLUnknownElement.dispatchEvent (/app/node_modules/.pnpm/jsdom@20.0.3/node_modules/jsdom/lib/jsdom/living/generated/EventTarget.js:241:34)
            at Object.invokeGuardedCallbackDev (/app/node_modules/.pnpm/react-dom@18.3.1_react@18.3.1/node_modules/react-dom/cjs/react-dom.development.js:4213:16)
            at invokeGuardedCallback (/app/node_modules/.pnpm/react-dom@18.3.1_react@18.3.1/node_modules/react-dom/cjs/react-dom.development.js:4277:31)
            at beginWork$1 (/app/node_modules/.pnpm/react-dom@18.3.1_react@18.3.1/node_modules/react-dom/cjs/react-dom.development.js:27490:7)
            at performUnitOfWork (/app/node_modules/.pnpm/react-dom@18.3.1_react@18.3.1/node_modules/react-dom/cjs/react-dom.development.js:26599:12)
            at workLoopSync (/app/node_modules/.pnpm/react-dom@18.3.1_react@18.3.1/node_modules/react-dom/cjs/react-dom.development.js:26505:5)
            at renderRootSync (/app/node_modules/.pnpm/react-dom@18.3.1_react@18.3.1/node_modules/react-dom/cjs/react-dom.development.js:26473:7)
            at performConcurrentWorkOnRoot (/app/node_modules/.pnpm/react-dom@18.3.1_react@18.3.1/node_modules/react-dom/cjs/react-dom.development.js:25777:74)
            at flushActQueue (/app/node_modules/.pnpm/react@18.3.1/node_modules/react/cjs/react.development.js:2667:24)
            at act (/app/node_modules/.pnpm/react@18.3.1/node_modules/react/cjs/react.development.js:2582:11)
            at /app/node_modules/.pnpm/@testing-library+react@16.3.2_@testing-library+dom@10.4.1_@types+react-dom@18.3.7_@types+reac_3k5f6qynewwmkoqvlvtzlgtsjq/node_modules/@testing-library/react/dist/act-compat.js:46:25
            at renderRoot (/app/node_modules/.pnpm/@testing-library+react@16.3.2_@testing-library+dom@10.4.1_@types+react-dom@18.3.7_@types+reac_3k5f6qynewwmkoqvlvtzlgtsjq/node_modules/@testing-library/react/dist/pure.js:189:26)
            at render (/app/node_modules/.pnpm/@testing-library+react@16.3.2_@testing-library+dom@10.4.1_@types+react-dom@18.3.7_@types+reac_3k5f6qynewwmkoqvlvtzlgtsjq/node_modules/@testing-library/react/dist/pure.js:291:10)
            at Object.<anonymous> (/app/apps/admin/components/__tests__/apps-table.test.tsx:76:11)
            at Promise.then.completed (/app/node_modules/.pnpm/jest-circus@29.7.0/node_modules/jest-circus/build/utils.js:298:28)
            at new Promise (<anonymous>)
            at callAsyncCircusFn (/app/node_modules/.pnpm/jest-circus@29.7.0/node_modules/jest-circus/build/utils.js:231:10)
            at _callCircusTest (/app/node_modules/.pnpm/jest-circus@29.7.0/node_modules/jest-circus/build/run.js:316:40)
            at processTicksAndRejections (node:internal/process/task_queues:103:5)
            at _runTest (/app/node_modules/.pnpm/jest-circus@29.7.0/node_modules/jest-circus/build/run.js:252:3)
            at _runTestsForDescribeBlock (/app/node_modules/.pnpm/jest-circus@29.7.0/node_modules/jest-circus/build/run.js:126:9)
            at _runTestsForDescribeBlock (/app/node_modules/.pnpm/jest-circus@29.7.0/node_modules/jest-circus/build/run.js:121:9)
            at run (/app/node_modules/.pnpm/jest-circus@29.7.0/node_modules/jest-circus/build/run.js:71:3)
            at runAndTransformResultsToJestFormat (/app/node_modules/.pnpm/jest-circus@29.7.0/node_modules/jest-circus/build/legacy-code-todo-rewrite/jestAdapterInit.js:122:21)
            at jestAdapter (/app/node_modules/.pnpm/jest-circus@29.7.0/node_modules/jest-circus/build/legacy-code-todo-rewrite/jestAdapter.js:79:19)
            at runTestInternal (/app/node_modules/.pnpm/jest-runner@29.7.0/node_modules/jest-runner/build/runTest.js:367:16)
            at runTest (/app/node_modules/.pnpm/jest-runner@29.7.0/node_modules/jest-runner/build/runTest.js:444:34)
            at Object.worker (/app/node_modules/.pnpm/jest-runner@29.7.0/node_modules/jest-runner/build/testWorker.js:106:12),
        type: 'unhandled exception'
      }

      74 |     jest.useFakeTimers()
      75 |     ;(actions.listAppsAction as jest.Mock).mockResolvedValue({ items: [], total: 0, page: 1, pageSize: 25 })
    > 76 |     render(withIntl(<AppsTable initial={initial} />))
         |           ^
      77 |     fireEvent.change(screen.getByPlaceholderText(en.apps.search), { target: { value: 'port' } })
      78 |     jest.advanceTimersByTime(400)
      79 |     await waitFor(() => expect(actions.listAppsAction).toHaveBeenCalledWith({ q: 'port', page: 1, pageSize: 25 }))

      at VirtualConsole.<anonymous> (../../node_modules/.pnpm/jest-environment-jsdom@29.7.0/node_modules/jest-environment-jsdom/build/index.js:63:23)
      at reportException (../../node_modules/.pnpm/jsdom@20.0.3/node_modules/jsdom/lib/jsdom/living/helpers/runtime-script-errors.js:70:28)
      at innerInvokeEventListeners (../../node_modules/.pnpm/jsdom@20.0.3/node_modules/jsdom/lib/jsdom/living/events/EventTarget-impl.js:353:9)
      at invokeEventListeners (../../node_modules/.pnpm/jsdom@20.0.3/node_modules/jsdom/lib/jsdom/living/events/EventTarget-impl.js:286:3)
      at HTMLUnknownElementImpl._dispatch (../../node_modules/.pnpm/jsdom@20.0.3/node_modules/jsdom/lib/jsdom/living/events/EventTarget-impl.js:233:9)
      at HTMLUnknownElementImpl.dispatchEvent (../../node_modules/.pnpm/jsdom@20.0.3/node_modules/jsdom/lib/jsdom/living/events/EventTarget-impl.js:104:17)
      at HTMLUnknownElement.dispatchEvent (../../node_modules/.pnpm/jsdom@20.0.3/node_modules/jsdom/lib/jsdom/living/generated/EventTarget.js:241:34)
      at Object.invokeGuardedCallbackDev (../../node_modules/.pnpm/react-dom@18.3.1_react@18.3.1/node_modules/react-dom/cjs/react-dom.development.js:4213:16)
      at invokeGuardedCallback (../../node_modules/.pnpm/react-dom@18.3.1_react@18.3.1/node_modules/react-dom/cjs/react-dom.development.js:4277:31)
      at beginWork$1 (../../node_modules/.pnpm/react-dom@18.3.1_react@18.3.1/node_modules/react-dom/cjs/react-dom.development.js:27490:7)
      at performUnitOfWork (../../node_modules/.pnpm/react-dom@18.3.1_react@18.3.1/node_modules/react-dom/cjs/react-dom.development.js:26599:12)
      at workLoopSync (../../node_modules/.pnpm/react-dom@18.3.1_react@18.3.1/node_modules/react-dom/cjs/react-dom.development.js:26505:5)
      at renderRootSync (../../node_modules/.pnpm/react-dom@18.3.1_react@18.3.1/node_modules/react-dom/cjs/react-dom.development.js:26473:7)
      at performConcurrentWorkOnRoot (../../node_modules/.pnpm/react-dom@18.3.1_react@18.3.1/node_modules/react-dom/cjs/react-dom.development.js:25777:74)
      at flushActQueue (../../node_modules/.pnpm/react@18.3.1/node_modules/react/cjs/react.development.js:2667:24)
      at act (../../node_modules/.pnpm/react@18.3.1/node_modules/react/cjs/react.development.js:2582:11)
      at ../../node_modules/.pnpm/@testing-library+react@16.3.2_@testing-library+dom@10.4.1_@types+react-dom@18.3.7_@types+reac_3k5f6qynewwmkoqvlvtzlgtsjq/node_modules/@testing-library/react/dist/act-compat.js:46:25
      at renderRoot (../../node_modules/.pnpm/@testing-library+react@16.3.2_@testing-library+dom@10.4.1_@types+react-dom@18.3.7_@types+reac_3k5f6qynewwmkoqvlvtzlgtsjq/node_modules/@testing-library/react/dist/pure.js:189:26)
      at render (../../node_modules/.pnpm/@testing-library+react@16.3.2_@testing-library+dom@10.4.1_@types+react-dom@18.3.7_@types+reac_3k5f6qynewwmkoqvlvtzlgtsjq/node_modules/@testing-library/react/dist/pure.js:291:10)
      at Object.<anonymous> (components/__tests__/apps-table.test.tsx:76:11)

    console.error
      Error: Uncaught [Error: `Tooltip` must be used within `TooltipProvider`]
          at reportException (/app/node_modules/.pnpm/jsdom@20.0.3/node_modules/jsdom/lib/jsdom/living/helpers/runtime-script-errors.js:66:24)
          at innerInvokeEventListeners (/app/node_modules/.pnpm/jsdom@20.0.3/node_modules/jsdom/lib/jsdom/living/events/EventTarget-impl.js:353:9)
          at invokeEventListeners (/app/node_modules/.pnpm/jsdom@20.0.3/node_modules/jsdom/lib/jsdom/living/events/EventTarget-impl.js:286:3)
          at HTMLUnknownElementImpl._dispatch (/app/node_modules/.pnpm/jsdom@20.0.3/node_modules/jsdom/lib/jsdom/living/events/EventTarget-impl.js:233:9)
          at HTMLUnknownElementImpl.dispatchEvent (/app/node_modules/.pnpm/jsdom@20.0.3/node_modules/jsdom/lib/jsdom/living/events/EventTarget-impl.js:104:17)
          at HTMLUnknownElement.dispatchEvent (/app/node_modules/.pnpm/jsdom@20.0.3/node_modules/jsdom/lib/jsdom/living/generated/EventTarget.js:241:34)
          at Object.invokeGuardedCallbackDev (/app/node_modules/.pnpm/react-dom@18.3.1_react@18.3.1/node_modules/react-dom/cjs/react-dom.development.js:4213:16)
          at invokeGuardedCallback (/app/node_modules/.pnpm/react-dom@18.3.1_react@18.3.1/node_modules/react-dom/cjs/react-dom.development.js:4277:31)
          at beginWork$1 (/app/node_modules/.pnpm/react-dom@18.3.1_react@18.3.1/node_modules/react-dom/cjs/react-dom.development.js:27490:7)
          at performUnitOfWork (/app/node_modules/.pnpm/react-dom@18.3.1_react@18.3.1/node_modules/react-dom/cjs/react-dom.development.js:26599:12)
          at workLoopSync (/app/node_modules/.pnpm/react-dom@18.3.1_react@18.3.1/node_modules/react-dom/cjs/react-dom.development.js:26505:5)
          at renderRootSync (/app/node_modules/.pnpm/react-dom@18.3.1_react@18.3.1/node_modules/react-dom/cjs/react-dom.development.js:26473:7)
          at recoverFromConcurrentError (/app/node_modules/.pnpm/react-dom@18.3.1_react@18.3.1/node_modules/react-dom/cjs/react-dom.development.js:25889:20)
          at performConcurrentWorkOnRoot (/app/node_modules/.pnpm/react-dom@18.3.1_react@18.3.1/node_modules/react-dom/cjs/react-dom.development.js:25789:22)
          at flushActQueue (/app/node_modules/.pnpm/react@18.3.1/node_modules/react/cjs/react.development.js:2667:24)
          at act (/app/node_modules/.pnpm/react@18.3.1/node_modules/react/cjs/react.development.js:2582:11)
          at /app/node_modules/.pnpm/@testing-library+react@16.3.2_@testing-library+dom@10.4.1_@types+react-dom@18.3.7_@types+reac_3k5f6qynewwmkoqvlvtzlgtsjq/node_modules/@testing-library/react/dist/act-compat.js:46:25
          at renderRoot (/app/node_modules/.pnpm/@testing-library+react@16.3.2_@testing-library+dom@10.4.1_@types+react-dom@18.3.7_@types+reac_3k5f6qynewwmkoqvlvtzlgtsjq/node_modules/@testing-library/react/dist/pure.js:189:26)
          at render (/app/node_modules/.pnpm/@testing-library+react@16.3.2_@testing-library+dom@10.4.1_@types+react-dom@18.3.7_@types+reac_3k5f6qynewwmkoqvlvtzlgtsjq/node_modules/@testing-library/react/dist/pure.js:291:10)
          at Object.<anonymous> (/app/apps/admin/components/__tests__/apps-table.test.tsx:76:11)
          at Promise.then.completed (/app/node_modules/.pnpm/jest-circus@29.7.0/node_modules/jest-circus/build/utils.js:298:28)
          at new Promise (<anonymous>)
          at callAsyncCircusFn (/app/node_modules/.pnpm/jest-circus@29.7.0/node_modules/jest-circus/build/utils.js:231:10)
          at _callCircusTest (/app/node_modules/.pnpm/jest-circus@29.7.0/node_modules/jest-circus/build/run.js:316:40)
          at processTicksAndRejections (node:internal/process/task_queues:103:5)
          at _runTest (/app/node_modules/.pnpm/jest-circus@29.7.0/node_modules/jest-circus/build/run.js:252:3)
          at _runTestsForDescribeBlock (/app/node_modules/.pnpm/jest-circus@29.7.0/node_modules/jest-circus/build/run.js:126:9)
          at _runTestsForDescribeBlock (/app/node_modules/.pnpm/jest-circus@29.7.0/node_modules/jest-circus/build/run.js:121:9)
          at run (/app/node_modules/.pnpm/jest-circus@29.7.0/node_modules/jest-circus/build/run.js:71:3)
          at runAndTransformResultsToJestFormat (/app/node_modules/.pnpm/jest-circus@29.7.0/node_modules/jest-circus/build/legacy-code-todo-rewrite/jestAdapterInit.js:122:21)
          at jestAdapter (/app/node_modules/.pnpm/jest-circus@29.7.0/node_modules/jest-circus/build/legacy-code-todo-rewrite/jestAdapter.js:79:19)
          at runTestInternal (/app/node_modules/.pnpm/jest-runner@29.7.0/node_modules/jest-runner/build/runTest.js:367:16)
          at runTest (/app/node_modules/.pnpm/jest-runner@29.7.0/node_modules/jest-runner/build/runTest.js:444:34)
          at Object.worker (/app/node_modules/.pnpm/jest-runner@29.7.0/node_modules/jest-runner/build/testWorker.js:106:12) {
        detail: Error: `Tooltip` must be used within `TooltipProvider`
            at useContext2 (/app/node_modules/.pnpm/@radix-ui+react-context@1.1.2_@types+react@18.3.29_react@18.3.1/node_modules/@radix-ui/react-context/src/create-context.tsx:75:13)
            at Tooltip (/app/node_modules/.pnpm/@radix-ui+react-tooltip@1.2.8_@types+react-dom@18.3.7_@types+react@18.3.29__@types+react@18.3_xrwsnt2rmlacewwolijhmzdoxi/node_modules/@radix-ui/react-tooltip/src/tooltip.tsx:162:27)
            at renderWithHooks (/app/node_modules/.pnpm/react-dom@18.3.1_react@18.3.1/node_modules/react-dom/cjs/react-dom.development.js:15486:18)
            at mountIndeterminateComponent (/app/node_modules/.pnpm/react-dom@18.3.1_react@18.3.1/node_modules/react-dom/cjs/react-dom.development.js:20103:13)
            at beginWork (/app/node_modules/.pnpm/react-dom@18.3.1_react@18.3.1/node_modules/react-dom/cjs/react-dom.development.js:21626:16)
            at HTMLUnknownElement.callCallback (/app/node_modules/.pnpm/react-dom@18.3.1_react@18.3.1/node_modules/react-dom/cjs/react-dom.development.js:4164:14)
            at HTMLUnknownElement.callTheUserObjectsOperation (/app/node_modules/.pnpm/jsdom@20.0.3/node_modules/jsdom/lib/jsdom/living/generated/EventListener.js:26:30)
            at innerInvokeEventListeners (/app/node_modules/.pnpm/jsdom@20.0.3/node_modules/jsdom/lib/jsdom/living/events/EventTarget-impl.js:350:25)
            at invokeEventListeners (/app/node_modules/.pnpm/jsdom@20.0.3/node_modules/jsdom/lib/jsdom/living/events/EventTarget-impl.js:286:3)
            at HTMLUnknownElementImpl._dispatch (/app/node_modules/.pnpm/jsdom@20.0.3/node_modules/jsdom/lib/jsdom/living/events/EventTarget-impl.js:233:9)
            at HTMLUnknownElementImpl.dispatchEvent (/app/node_modules/.pnpm/jsdom@20.0.3/node_modules/jsdom/lib/jsdom/living/events/EventTarget-impl.js:104:17)
            at HTMLUnknownElement.dispatchEvent (/app/node_modules/.pnpm/jsdom@20.0.3/node_modules/jsdom/lib/jsdom/living/generated/EventTarget.js:241:34)
            at Object.invokeGuardedCallbackDev (/app/node_modules/.pnpm/react-dom@18.3.1_react@18.3.1/node_modules/react-dom/cjs/react-dom.development.js:4213:16)
            at invokeGuardedCallback (/app/node_modules/.pnpm/react-dom@18.3.1_react@18.3.1/node_modules/react-dom/cjs/react-dom.development.js:4277:31)
            at beginWork$1 (/app/node_modules/.pnpm/react-dom@18.3.1_react@18.3.1/node_modules/react-dom/cjs/react-dom.development.js:27490:7)
            at performUnitOfWork (/app/node_modules/.pnpm/react-dom@18.3.1_react@18.3.1/node_modules/react-dom/cjs/react-dom.development.js:26599:12)
            at workLoopSync (/app/node_modules/.pnpm/react-dom@18.3.1_react@18.3.1/node_modules/react-dom/cjs/react-dom.development.js:26505:5)
            at renderRootSync (/app/node_modules/.pnpm/react-dom@18.3.1_react@18.3.1/node_modules/react-dom/cjs/react-dom.development.js:26473:7)
            at recoverFromConcurrentError (/app/node_modules/.pnpm/react-dom@18.3.1_react@18.3.1/node_modules/react-dom/cjs/react-dom.development.js:25889:20)
            at performConcurrentWorkOnRoot (/app/node_modules/.pnpm/react-dom@18.3.1_react@18.3.1/node_modules/react-dom/cjs/react-dom.development.js:25789:22)
            at flushActQueue (/app/node_modules/.pnpm/react@18.3.1/node_modules/react/cjs/react.development.js:2667:24)
            at act (/app/node_modules/.pnpm/react@18.3.1/node_modules/react/cjs/react.development.js:2582:11)
            at /app/node_modules/.pnpm/@testing-library+react@16.3.2_@testing-library+dom@10.4.1_@types+react-dom@18.3.7_@types+reac_3k5f6qynewwmkoqvlvtzlgtsjq/node_modules/@testing-library/react/dist/act-compat.js:46:25
            at renderRoot (/app/node_modules/.pnpm/@testing-library+react@16.3.2_@testing-library+dom@10.4.1_@types+react-dom@18.3.7_@types+reac_3k5f6qynewwmkoqvlvtzlgtsjq/node_modules/@testing-library/react/dist/pure.js:189:26)
            at render (/app/node_modules/.pnpm/@testing-library+react@16.3.2_@testing-library+dom@10.4.1_@types+react-dom@18.3.7_@types+reac_3k5f6qynewwmkoqvlvtzlgtsjq/node_modules/@testing-library/react/dist/pure.js:291:10)
            at Object.<anonymous> (/app/apps/admin/components/__tests__/apps-table.test.tsx:76:11)
            at Promise.then.completed (/app/node_modules/.pnpm/jest-circus@29.7.0/node_modules/jest-circus/build/utils.js:298:28)
            at new Promise (<anonymous>)
            at callAsyncCircusFn (/app/node_modules/.pnpm/jest-circus@29.7.0/node_modules/jest-circus/build/utils.js:231:10)
            at _callCircusTest (/app/node_modules/.pnpm/jest-circus@29.7.0/node_modules/jest-circus/build/run.js:316:40)
            at processTicksAndRejections (node:internal/process/task_queues:103:5)
            at _runTest (/app/node_modules/.pnpm/jest-circus@29.7.0/node_modules/jest-circus/build/run.js:252:3)
            at _runTestsForDescribeBlock (/app/node_modules/.pnpm/jest-circus@29.7.0/node_modules/jest-circus/build/run.js:126:9)
            at _runTestsForDescribeBlock (/app/node_modules/.pnpm/jest-circus@29.7.0/node_modules/jest-circus/build/run.js:121:9)
            at run (/app/node_modules/.pnpm/jest-circus@29.7.0/node_modules/jest-circus/build/run.js:71:3)
            at runAndTransformResultsToJestFormat (/app/node_modules/.pnpm/jest-circus@29.7.0/node_modules/jest-circus/build/legacy-code-todo-rewrite/jestAdapterInit.js:122:21)
            at jestAdapter (/app/node_modules/.pnpm/jest-circus@29.7.0/node_modules/jest-circus/build/legacy-code-todo-rewrite/jestAdapter.js:79:19)
            at runTestInternal (/app/node_modules/.pnpm/jest-runner@29.7.0/node_modules/jest-runner/build/runTest.js:367:16)
            at runTest (/app/node_modules/.pnpm/jest-runner@29.7.0/node_modules/jest-runner/build/runTest.js:444:34)
            at Object.worker (/app/node_modules/.pnpm/jest-runner@29.7.0/node_modules/jest-runner/build/testWorker.js:106:12),
        type: 'unhandled exception'
      }

      74 |     jest.useFakeTimers()
      75 |     ;(actions.listAppsAction as jest.Mock).mockResolvedValue({ items: [], total: 0, page: 1, pageSize: 25 })
    > 76 |     render(withIntl(<AppsTable initial={initial} />))
         |           ^
      77 |     fireEvent.change(screen.getByPlaceholderText(en.apps.search), { target: { value: 'port' } })
      78 |     jest.advanceTimersByTime(400)
      79 |     await waitFor(() => expect(actions.listAppsAction).toHaveBeenCalledWith({ q: 'port', page: 1, pageSize: 25 }))

      at VirtualConsole.<anonymous> (../../node_modules/.pnpm/jest-environment-jsdom@29.7.0/node_modules/jest-environment-jsdom/build/index.js:63:23)
      at reportException (../../node_modules/.pnpm/jsdom@20.0.3/node_modules/jsdom/lib/jsdom/living/helpers/runtime-script-errors.js:70:28)
      at innerInvokeEventListeners (../../node_modules/.pnpm/jsdom@20.0.3/node_modules/jsdom/lib/jsdom/living/events/EventTarget-impl.js:353:9)
      at invokeEventListeners (../../node_modules/.pnpm/jsdom@20.0.3/node_modules/jsdom/lib/jsdom/living/events/EventTarget-impl.js:286:3)
      at HTMLUnknownElementImpl._dispatch (../../node_modules/.pnpm/jsdom@20.0.3/node_modules/jsdom/lib/jsdom/living/events/EventTarget-impl.js:233:9)
      at HTMLUnknownElementImpl.dispatchEvent (../../node_modules/.pnpm/jsdom@20.0.3/node_modules/jsdom/lib/jsdom/living/events/EventTarget-impl.js:104:17)
      at HTMLUnknownElement.dispatchEvent (../../node_modules/.pnpm/jsdom@20.0.3/node_modules/jsdom/lib/jsdom/living/generated/EventTarget.js:241:34)
      at Object.invokeGuardedCallbackDev (../../node_modules/.pnpm/react-dom@18.3.1_react@18.3.1/node_modules/react-dom/cjs/react-dom.development.js:4213:16)
      at invokeGuardedCallback (../../node_modules/.pnpm/react-dom@18.3.1_react@18.3.1/node_modules/react-dom/cjs/react-dom.development.js:4277:31)
      at beginWork$1 (../../node_modules/.pnpm/react-dom@18.3.1_react@18.3.1/node_modules/react-dom/cjs/react-dom.development.js:27490:7)
      at performUnitOfWork (../../node_modules/.pnpm/react-dom@18.3.1_react@18.3.1/node_modules/react-dom/cjs/react-dom.development.js:26599:12)
      at workLoopSync (../../node_modules/.pnpm/react-dom@18.3.1_react@18.3.1/node_modules/react-dom/cjs/react-dom.development.js:26505:5)
      at renderRootSync (../../node_modules/.pnpm/react-dom@18.3.1_react@18.3.1/node_modules/react-dom/cjs/react-dom.development.js:26473:7)
      at recoverFromConcurrentError (../../node_modules/.pnpm/react-dom@18.3.1_react@18.3.1/node_modules/react-dom/cjs/react-dom.development.js:25889:20)
      at performConcurrentWorkOnRoot (../../node_modules/.pnpm/react-dom@18.3.1_react@18.3.1/node_modules/react-dom/cjs/react-dom.development.js:25789:22)
      at flushActQueue (../../node_modules/.pnpm/react@18.3.1/node_modules/react/cjs/react.development.js:2667:24)
      at act (../../node_modules/.pnpm/react@18.3.1/node_modules/react/cjs/react.development.js:2582:11)
      at ../../node_modules/.pnpm/@testing-library+react@16.3.2_@testing-library+dom@10.4.1_@types+react-dom@18.3.7_@types+reac_3k5f6qynewwmkoqvlvtzlgtsjq/node_modules/@testing-library/react/dist/act-compat.js:46:25
      at renderRoot (../../node_modules/.pnpm/@testing-library+react@16.3.2_@testing-library+dom@10.4.1_@types+react-dom@18.3.7_@types+reac_3k5f6qynewwmkoqvlvtzlgtsjq/node_modules/@testing-library/react/dist/pure.js:189:26)
      at render (../../node_modules/.pnpm/@testing-library+react@16.3.2_@testing-library+dom@10.4.1_@types+react-dom@18.3.7_@types+reac_3k5f6qynewwmkoqvlvtzlgtsjq/node_modules/@testing-library/react/dist/pure.js:291:10)
      at Object.<anonymous> (components/__tests__/apps-table.test.tsx:76:11)

    console.error
      Error: Uncaught [Error: `Tooltip` must be used within `TooltipProvider`]
          at reportException (/app/node_modules/.pnpm/jsdom@20.0.3/node_modules/jsdom/lib/jsdom/living/helpers/runtime-script-errors.js:66:24)
          at innerInvokeEventListeners (/app/node_modules/.pnpm/jsdom@20.0.3/node_modules/jsdom/lib/jsdom/living/events/EventTarget-impl.js:353:9)
          at invokeEventListeners (/app/node_modules/.pnpm/jsdom@20.0.3/node_modules/jsdom/lib/jsdom/living/events/EventTarget-impl.js:286:3)
          at HTMLUnknownElementImpl._dispatch (/app/node_modules/.pnpm/jsdom@20.0.3/node_modules/jsdom/lib/jsdom/living/events/EventTarget-impl.js:233:9)
          at HTMLUnknownElementImpl.dispatchEvent (/app/node_modules/.pnpm/jsdom@20.0.3/node_modules/jsdom/lib/jsdom/living/events/EventTarget-impl.js:104:17)
          at HTMLUnknownElement.dispatchEvent (/app/node_modules/.pnpm/jsdom@20.0.3/node_modules/jsdom/lib/jsdom/living/generated/EventTarget.js:241:34)
          at Object.invokeGuardedCallbackDev (/app/node_modules/.pnpm/react-dom@18.3.1_react@18.3.1/node_modules/react-dom/cjs/react-dom.development.js:4213:16)
          at invokeGuardedCallback (/app/node_modules/.pnpm/react-dom@18.3.1_react@18.3.1/node_modules/react-dom/cjs/react-dom.development.js:4277:31)
          at beginWork$1 (/app/node_modules/.pnpm/react-dom@18.3.1_react@18.3.1/node_modules/react-dom/cjs/react-dom.development.js:27490:7)
          at performUnitOfWork (/app/node_modules/.pnpm/react-dom@18.3.1_react@18.3.1/node_modules/react-dom/cjs/react-dom.development.js:26599:12)
          at workLoopSync (/app/node_modules/.pnpm/react-dom@18.3.1_react@18.3.1/node_modules/react-dom/cjs/react-dom.development.js:26505:5)
          at renderRootSync (/app/node_modules/.pnpm/react-dom@18.3.1_react@18.3.1/node_modules/react-dom/cjs/react-dom.development.js:26473:7)
          at recoverFromConcurrentError (/app/node_modules/.pnpm/react-dom@18.3.1_react@18.3.1/node_modules/react-dom/cjs/react-dom.development.js:25889:20)
          at performConcurrentWorkOnRoot (/app/node_modules/.pnpm/react-dom@18.3.1_react@18.3.1/node_modules/react-dom/cjs/react-dom.development.js:25789:22)
          at flushActQueue (/app/node_modules/.pnpm/react@18.3.1/node_modules/react/cjs/react.development.js:2667:24)
          at act (/app/node_modules/.pnpm/react@18.3.1/node_modules/react/cjs/react.development.js:2582:11)
          at /app/node_modules/.pnpm/@testing-library+react@16.3.2_@testing-library+dom@10.4.1_@types+react-dom@18.3.7_@types+reac_3k5f6qynewwmkoqvlvtzlgtsjq/node_modules/@testing-library/react/dist/act-compat.js:46:25
          at renderRoot (/app/node_modules/.pnpm/@testing-library+react@16.3.2_@testing-library+dom@10.4.1_@types+react-dom@18.3.7_@types+reac_3k5f6qynewwmkoqvlvtzlgtsjq/node_modules/@testing-library/react/dist/pure.js:189:26)
          at render (/app/node_modules/.pnpm/@testing-library+react@16.3.2_@testing-library+dom@10.4.1_@types+react-dom@18.3.7_@types+reac_3k5f6qynewwmkoqvlvtzlgtsjq/node_modules/@testing-library/react/dist/pure.js:291:10)
          at Object.<anonymous> (/app/apps/admin/components/__tests__/apps-table.test.tsx:76:11)
          at Promise.then.completed (/app/node_modules/.pnpm/jest-circus@29.7.0/node_modules/jest-circus/build/utils.js:298:28)
          at new Promise (<anonymous>)
          at callAsyncCircusFn (/app/node_modules/.pnpm/jest-circus@29.7.0/node_modules/jest-circus/build/utils.js:231:10)
          at _callCircusTest (/app/node_modules/.pnpm/jest-circus@29.7.0/node_modules/jest-circus/build/run.js:316:40)
          at processTicksAndRejections (node:internal/process/task_queues:103:5)
          at _runTest (/app/node_modules/.pnpm/jest-circus@29.7.0/node_modules/jest-circus/build/run.js:252:3)
          at _runTestsForDescribeBlock (/app/node_modules/.pnpm/jest-circus@29.7.0/node_modules/jest-circus/build/run.js:126:9)
          at _runTestsForDescribeBlock (/app/node_modules/.pnpm/jest-circus@29.7.0/node_modules/jest-circus/build/run.js:121:9)
          at run (/app/node_modules/.pnpm/jest-circus@29.7.0/node_modules/jest-circus/build/run.js:71:3)
          at runAndTransformResultsToJestFormat (/app/node_modules/.pnpm/jest-circus@29.7.0/node_modules/jest-circus/build/legacy-code-todo-rewrite/jestAdapterInit.js:122:21)
          at jestAdapter (/app/node_modules/.pnpm/jest-circus@29.7.0/node_modules/jest-circus/build/legacy-code-todo-rewrite/jestAdapter.js:79:19)
          at runTestInternal (/app/node_modules/.pnpm/jest-runner@29.7.0/node_modules/jest-runner/build/runTest.js:367:16)
          at runTest (/app/node_modules/.pnpm/jest-runner@29.7.0/node_modules/jest-runner/build/runTest.js:444:34)
          at Object.worker (/app/node_modules/.pnpm/jest-runner@29.7.0/node_modules/jest-runner/build/testWorker.js:106:12) {
        detail: Error: `Tooltip` must be used within `TooltipProvider`
            at useContext2 (/app/node_modules/.pnpm/@radix-ui+react-context@1.1.2_@types+react@18.3.29_react@18.3.1/node_modules/@radix-ui/react-context/src/create-context.tsx:75:13)
            at Tooltip (/app/node_modules/.pnpm/@radix-ui+react-tooltip@1.2.8_@types+react-dom@18.3.7_@types+react@18.3.29__@types+react@18.3_xrwsnt2rmlacewwolijhmzdoxi/node_modules/@radix-ui/react-tooltip/src/tooltip.tsx:162:27)
            at renderWithHooks (/app/node_modules/.pnpm/react-dom@18.3.1_react@18.3.1/node_modules/react-dom/cjs/react-dom.development.js:15486:18)
            at mountIndeterminateComponent (/app/node_modules/.pnpm/react-dom@18.3.1_react@18.3.1/node_modules/react-dom/cjs/react-dom.development.js:20103:13)
            at beginWork (/app/node_modules/.pnpm/react-dom@18.3.1_react@18.3.1/node_modules/react-dom/cjs/react-dom.development.js:21626:16)
            at HTMLUnknownElement.callCallback (/app/node_modules/.pnpm/react-dom@18.3.1_react@18.3.1/node_modules/react-dom/cjs/react-dom.development.js:4164:14)
            at HTMLUnknownElement.callTheUserObjectsOperation (/app/node_modules/.pnpm/jsdom@20.0.3/node_modules/jsdom/lib/jsdom/living/generated/EventListener.js:26:30)
            at innerInvokeEventListeners (/app/node_modules/.pnpm/jsdom@20.0.3/node_modules/jsdom/lib/jsdom/living/events/EventTarget-impl.js:350:25)
            at invokeEventListeners (/app/node_modules/.pnpm/jsdom@20.0.3/node_modules/jsdom/lib/jsdom/living/events/EventTarget-impl.js:286:3)
            at HTMLUnknownElementImpl._dispatch (/app/node_modules/.pnpm/jsdom@20.0.3/node_modules/jsdom/lib/jsdom/living/events/EventTarget-impl.js:233:9)
            at HTMLUnknownElementImpl.dispatchEvent (/app/node_modules/.pnpm/jsdom@20.0.3/node_modules/jsdom/lib/jsdom/living/events/EventTarget-impl.js:104:17)
            at HTMLUnknownElement.dispatchEvent (/app/node_modules/.pnpm/jsdom@20.0.3/node_modules/jsdom/lib/jsdom/living/generated/EventTarget.js:241:34)
            at Object.invokeGuardedCallbackDev (/app/node_modules/.pnpm/react-dom@18.3.1_react@18.3.1/node_modules/react-dom/cjs/react-dom.development.js:4213:16)
            at invokeGuardedCallback (/app/node_modules/.pnpm/react-dom@18.3.1_react@18.3.1/node_modules/react-dom/cjs/react-dom.development.js:4277:31)
            at beginWork$1 (/app/node_modules/.pnpm/react-dom@18.3.1_react@18.3.1/node_modules/react-dom/cjs/react-dom.development.js:27490:7)
            at performUnitOfWork (/app/node_modules/.pnpm/react-dom@18.3.1_react@18.3.1/node_modules/react-dom/cjs/react-dom.development.js:26599:12)
            at workLoopSync (/app/node_modules/.pnpm/react-dom@18.3.1_react@18.3.1/node_modules/react-dom/cjs/react-dom.development.js:26505:5)
            at renderRootSync (/app/node_modules/.pnpm/react-dom@18.3.1_react@18.3.1/node_modules/react-dom/cjs/react-dom.development.js:26473:7)
            at recoverFromConcurrentError (/app/node_modules/.pnpm/react-dom@18.3.1_react@18.3.1/node_modules/react-dom/cjs/react-dom.development.js:25889:20)
            at performConcurrentWorkOnRoot (/app/node_modules/.pnpm/react-dom@18.3.1_react@18.3.1/node_modules/react-dom/cjs/react-dom.development.js:25789:22)
            at flushActQueue (/app/node_modules/.pnpm/react@18.3.1/node_modules/react/cjs/react.development.js:2667:24)
            at act (/app/node_modules/.pnpm/react@18.3.1/node_modules/react/cjs/react.development.js:2582:11)
            at /app/node_modules/.pnpm/@testing-library+react@16.3.2_@testing-library+dom@10.4.1_@types+react-dom@18.3.7_@types+reac_3k5f6qynewwmkoqvlvtzlgtsjq/node_modules/@testing-library/react/dist/act-compat.js:46:25
            at renderRoot (/app/node_modules/.pnpm/@testing-library+react@16.3.2_@testing-library+dom@10.4.1_@types+react-dom@18.3.7_@types+reac_3k5f6qynewwmkoqvlvtzlgtsjq/node_modules/@testing-library/react/dist/pure.js:189:26)
            at render (/app/node_modules/.pnpm/@testing-library+react@16.3.2_@testing-library+dom@10.4.1_@types+react-dom@18.3.7_@types+reac_3k5f6qynewwmkoqvlvtzlgtsjq/node_modules/@testing-library/react/dist/pure.js:291:10)
            at Object.<anonymous> (/app/apps/admin/components/__tests__/apps-table.test.tsx:76:11)
            at Promise.then.completed (/app/node_modules/.pnpm/jest-circus@29.7.0/node_modules/jest-circus/build/utils.js:298:28)
            at new Promise (<anonymous>)
            at callAsyncCircusFn (/app/node_modules/.pnpm/jest-circus@29.7.0/node_modules/jest-circus/build/utils.js:231:10)
            at _callCircusTest (/app/node_modules/.pnpm/jest-circus@29.7.0/node_modules/jest-circus/build/run.js:316:40)
            at processTicksAndRejections (node:internal/process/task_queues:103:5)
            at _runTest (/app/node_modules/.pnpm/jest-circus@29.7.0/node_modules/jest-circus/build/run.js:252:3)
            at _runTestsForDescribeBlock (/app/node_modules/.pnpm/jest-circus@29.7.0/node_modules/jest-circus/build/run.js:126:9)
            at _runTestsForDescribeBlock (/app/node_modules/.pnpm/jest-circus@29.7.0/node_modules/jest-circus/build/run.js:121:9)
            at run (/app/node_modules/.pnpm/jest-circus@29.7.0/node_modules/jest-circus/build/run.js:71:3)
            at runAndTransformResultsToJestFormat (/app/node_modules/.pnpm/jest-circus@29.7.0/node_modules/jest-circus/build/legacy-code-todo-rewrite/jestAdapterInit.js:122:21)
            at jestAdapter (/app/node_modules/.pnpm/jest-circus@29.7.0/node_modules/jest-circus/build/legacy-code-todo-rewrite/jestAdapter.js:79:19)
            at runTestInternal (/app/node_modules/.pnpm/jest-runner@29.7.0/node_modules/jest-runner/build/runTest.js:367:16)
            at runTest (/app/node_modules/.pnpm/jest-runner@29.7.0/node_modules/jest-runner/build/runTest.js:444:34)
            at Object.worker (/app/node_modules/.pnpm/jest-runner@29.7.0/node_modules/jest-runner/build/testWorker.js:106:12),
        type: 'unhandled exception'
      }

      74 |     jest.useFakeTimers()
      75 |     ;(actions.listAppsAction as jest.Mock).mockResolvedValue({ items: [], total: 0, page: 1, pageSize: 25 })
    > 76 |     render(withIntl(<AppsTable initial={initial} />))
         |           ^
      77 |     fireEvent.change(screen.getByPlaceholderText(en.apps.search), { target: { value: 'port' } })
      78 |     jest.advanceTimersByTime(400)
      79 |     await waitFor(() => expect(actions.listAppsAction).toHaveBeenCalledWith({ q: 'port', page: 1, pageSize: 25 }))

      at VirtualConsole.<anonymous> (../../node_modules/.pnpm/jest-environment-jsdom@29.7.0/node_modules/jest-environment-jsdom/build/index.js:63:23)
      at reportException (../../node_modules/.pnpm/jsdom@20.0.3/node_modules/jsdom/lib/jsdom/living/helpers/runtime-script-errors.js:70:28)
      at innerInvokeEventListeners (../../node_modules/.pnpm/jsdom@20.0.3/node_modules/jsdom/lib/jsdom/living/events/EventTarget-impl.js:353:9)
      at invokeEventListeners (../../node_modules/.pnpm/jsdom@20.0.3/node_modules/jsdom/lib/jsdom/living/events/EventTarget-impl.js:286:3)
      at HTMLUnknownElementImpl._dispatch (../../node_modules/.pnpm/jsdom@20.0.3/node_modules/jsdom/lib/jsdom/living/events/EventTarget-impl.js:233:9)
      at HTMLUnknownElementImpl.dispatchEvent (../../node_modules/.pnpm/jsdom@20.0.3/node_modules/jsdom/lib/jsdom/living/events/EventTarget-impl.js:104:17)
      at HTMLUnknownElement.dispatchEvent (../../node_modules/.pnpm/jsdom@20.0.3/node_modules/jsdom/lib/jsdom/living/generated/EventTarget.js:241:34)
      at Object.invokeGuardedCallbackDev (../../node_modules/.pnpm/react-dom@18.3.1_react@18.3.1/node_modules/react-dom/cjs/react-dom.development.js:4213:16)
      at invokeGuardedCallback (../../node_modules/.pnpm/react-dom@18.3.1_react@18.3.1/node_modules/react-dom/cjs/react-dom.development.js:4277:31)
      at beginWork$1 (../../node_modules/.pnpm/react-dom@18.3.1_react@18.3.1/node_modules/react-dom/cjs/react-dom.development.js:27490:7)
      at performUnitOfWork (../../node_modules/.pnpm/react-dom@18.3.1_react@18.3.1/node_modules/react-dom/cjs/react-dom.development.js:26599:12)
      at workLoopSync (../../node_modules/.pnpm/react-dom@18.3.1_react@18.3.1/node_modules/react-dom/cjs/react-dom.development.js:26505:5)
      at renderRootSync (../../node_modules/.pnpm/react-dom@18.3.1_react@18.3.1/node_modules/react-dom/cjs/react-dom.development.js:26473:7)
      at recoverFromConcurrentError (../../node_modules/.pnpm/react-dom@18.3.1_react@18.3.1/node_modules/react-dom/cjs/react-dom.development.js:25889:20)
      at performConcurrentWorkOnRoot (../../node_modules/.pnpm/react-dom@18.3.1_react@18.3.1/node_modules/react-dom/cjs/react-dom.development.js:25789:22)
      at flushActQueue (../../node_modules/.pnpm/react@18.3.1/node_modules/react/cjs/react.development.js:2667:24)
      at act (../../node_modules/.pnpm/react@18.3.1/node_modules/react/cjs/react.development.js:2582:11)
      at ../../node_modules/.pnpm/@testing-library+react@16.3.2_@testing-library+dom@10.4.1_@types+react-dom@18.3.7_@types+reac_3k5f6qynewwmkoqvlvtzlgtsjq/node_modules/@testing-library/react/dist/act-compat.js:46:25
      at renderRoot (../../node_modules/.pnpm/@testing-library+react@16.3.2_@testing-library+dom@10.4.1_@types+react-dom@18.3.7_@types+reac_3k5f6qynewwmkoqvlvtzlgtsjq/node_modules/@testing-library/react/dist/pure.js:189:26)
      at render (../../node_modules/.pnpm/@testing-library+react@16.3.2_@testing-library+dom@10.4.1_@types+react-dom@18.3.7_@types+reac_3k5f6qynewwmkoqvlvtzlgtsjq/node_modules/@testing-library/react/dist/pure.js:291:10)
      at Object.<anonymous> (components/__tests__/apps-table.test.tsx:76:11)

    console.error
      Error: Uncaught [Error: `Tooltip` must be used within `TooltipProvider`]
          at reportException (/app/node_modules/.pnpm/jsdom@20.0.3/node_modules/jsdom/lib/jsdom/living/helpers/runtime-script-errors.js:66:24)
          at innerInvokeEventListeners (/app/node_modules/.pnpm/jsdom@20.0.3/node_modules/jsdom/lib/jsdom/living/events/EventTarget-impl.js:353:9)
          at invokeEventListeners (/app/node_modules/.pnpm/jsdom@20.0.3/node_modules/jsdom/lib/jsdom/living/events/EventTarget-impl.js:286:3)
          at HTMLUnknownElementImpl._dispatch (/app/node_modules/.pnpm/jsdom@20.0.3/node_modules/jsdom/lib/jsdom/living/events/EventTarget-impl.js:233:9)
          at HTMLUnknownElementImpl.dispatchEvent (/app/node_modules/.pnpm/jsdom@20.0.3/node_modules/jsdom/lib/jsdom/living/events/EventTarget-impl.js:104:17)
          at HTMLUnknownElement.dispatchEvent (/app/node_modules/.pnpm/jsdom@20.0.3/node_modules/jsdom/lib/jsdom/living/generated/EventTarget.js:241:34)
          at Object.invokeGuardedCallbackDev (/app/node_modules/.pnpm/react-dom@18.3.1_react@18.3.1/node_modules/react-dom/cjs/react-dom.development.js:4213:16)
          at invokeGuardedCallback (/app/node_modules/.pnpm/react-dom@18.3.1_react@18.3.1/node_modules/react-dom/cjs/react-dom.development.js:4277:31)
          at beginWork$1 (/app/node_modules/.pnpm/react-dom@18.3.1_react@18.3.1/node_modules/react-dom/cjs/react-dom.development.js:27490:7)
          at performUnitOfWork (/app/node_modules/.pnpm/react-dom@18.3.1_react@18.3.1/node_modules/react-dom/cjs/react-dom.development.js:26599:12)
          at workLoopSync (/app/node_modules/.pnpm/react-dom@18.3.1_react@18.3.1/node_modules/react-dom/cjs/react-dom.development.js:26505:5)
          at renderRootSync (/app/node_modules/.pnpm/react-dom@18.3.1_react@18.3.1/node_modules/react-dom/cjs/react-dom.development.js:26473:7)
          at recoverFromConcurrentError (/app/node_modules/.pnpm/react-dom@18.3.1_react@18.3.1/node_modules/react-dom/cjs/react-dom.development.js:25889:20)
          at performConcurrentWorkOnRoot (/app/node_modules/.pnpm/react-dom@18.3.1_react@18.3.1/node_modules/react-dom/cjs/react-dom.development.js:25789:22)
          at flushActQueue (/app/node_modules/.pnpm/react@18.3.1/node_modules/react/cjs/react.development.js:2667:24)
          at act (/app/node_modules/.pnpm/react@18.3.1/node_modules/react/cjs/react.development.js:2582:11)
          at /app/node_modules/.pnpm/@testing-library+react@16.3.2_@testing-library+dom@10.4.1_@types+react-dom@18.3.7_@types+reac_3k5f6qynewwmkoqvlvtzlgtsjq/node_modules/@testing-library/react/dist/act-compat.js:46:25
          at renderRoot (/app/node_modules/.pnpm/@testing-library+react@16.3.2_@testing-library+dom@10.4.1_@types+react-dom@18.3.7_@types+reac_3k5f6qynewwmkoqvlvtzlgtsjq/node_modules/@testing-library/react/dist/pure.js:189:26)
          at render (/app/node_modules/.pnpm/@testing-library+react@16.3.2_@testing-library+dom@10.4.1_@types+react-dom@18.3.7_@types+reac_3k5f6qynewwmkoqvlvtzlgtsjq/node_modules/@testing-library/react/dist/pure.js:291:10)
          at Object.<anonymous> (/app/apps/admin/components/__tests__/apps-table.test.tsx:76:11)
          at Promise.then.completed (/app/node_modules/.pnpm/jest-circus@29.7.0/node_modules/jest-circus/build/utils.js:298:28)
          at new Promise (<anonymous>)
          at callAsyncCircusFn (/app/node_modules/.pnpm/jest-circus@29.7.0/node_modules/jest-circus/build/utils.js:231:10)
          at _callCircusTest (/app/node_modules/.pnpm/jest-circus@29.7.0/node_modules/jest-circus/build/run.js:316:40)
          at processTicksAndRejections (node:internal/process/task_queues:103:5)
          at _runTest (/app/node_modules/.pnpm/jest-circus@29.7.0/node_modules/jest-circus/build/run.js:252:3)
          at _runTestsForDescribeBlock (/app/node_modules/.pnpm/jest-circus@29.7.0/node_modules/jest-circus/build/run.js:126:9)
          at _runTestsForDescribeBlock (/app/node_modules/.pnpm/jest-circus@29.7.0/node_modules/jest-circus/build/run.js:121:9)
          at run (/app/node_modules/.pnpm/jest-circus@29.7.0/node_modules/jest-circus/build/run.js:71:3)
          at runAndTransformResultsToJestFormat (/app/node_modules/.pnpm/jest-circus@29.7.0/node_modules/jest-circus/build/legacy-code-todo-rewrite/jestAdapterInit.js:122:21)
          at jestAdapter (/app/node_modules/.pnpm/jest-circus@29.7.0/node_modules/jest-circus/build/legacy-code-todo-rewrite/jestAdapter.js:79:19)
          at runTestInternal (/app/node_modules/.pnpm/jest-runner@29.7.0/node_modules/jest-runner/build/runTest.js:367:16)
          at runTest (/app/node_modules/.pnpm/jest-runner@29.7.0/node_modules/jest-runner/build/runTest.js:444:34)
          at Object.worker (/app/node_modules/.pnpm/jest-runner@29.7.0/node_modules/jest-runner/build/testWorker.js:106:12) {
        detail: Error: `Tooltip` must be used within `TooltipProvider`
            at useContext2 (/app/node_modules/.pnpm/@radix-ui+react-context@1.1.2_@types+react@18.3.29_react@18.3.1/node_modules/@radix-ui/react-context/src/create-context.tsx:75:13)
            at Tooltip (/app/node_modules/.pnpm/@radix-ui+react-tooltip@1.2.8_@types+react-dom@18.3.7_@types+react@18.3.29__@types+react@18.3_xrwsnt2rmlacewwolijhmzdoxi/node_modules/@radix-ui/react-tooltip/src/tooltip.tsx:162:27)
            at renderWithHooks (/app/node_modules/.pnpm/react-dom@18.3.1_react@18.3.1/node_modules/react-dom/cjs/react-dom.development.js:15486:18)
            at mountIndeterminateComponent (/app/node_modules/.pnpm/react-dom@18.3.1_react@18.3.1/node_modules/react-dom/cjs/react-dom.development.js:20103:13)
            at beginWork (/app/node_modules/.pnpm/react-dom@18.3.1_react@18.3.1/node_modules/react-dom/cjs/react-dom.development.js:21626:16)
            at HTMLUnknownElement.callCallback (/app/node_modules/.pnpm/react-dom@18.3.1_react@18.3.1/node_modules/react-dom/cjs/react-dom.development.js:4164:14)
            at HTMLUnknownElement.callTheUserObjectsOperation (/app/node_modules/.pnpm/jsdom@20.0.3/node_modules/jsdom/lib/jsdom/living/generated/EventListener.js:26:30)
            at innerInvokeEventListeners (/app/node_modules/.pnpm/jsdom@20.0.3/node_modules/jsdom/lib/jsdom/living/events/EventTarget-impl.js:350:25)
            at invokeEventListeners (/app/node_modules/.pnpm/jsdom@20.0.3/node_modules/jsdom/lib/jsdom/living/events/EventTarget-impl.js:286:3)
            at HTMLUnknownElementImpl._dispatch (/app/node_modules/.pnpm/jsdom@20.0.3/node_modules/jsdom/lib/jsdom/living/events/EventTarget-impl.js:233:9)
            at HTMLUnknownElementImpl.dispatchEvent (/app/node_modules/.pnpm/jsdom@20.0.3/node_modules/jsdom/lib/jsdom/living/events/EventTarget-impl.js:104:17)
            at HTMLUnknownElement.dispatchEvent (/app/node_modules/.pnpm/jsdom@20.0.3/node_modules/jsdom/lib/jsdom/living/generated/EventTarget.js:241:34)
            at Object.invokeGuardedCallbackDev (/app/node_modules/.pnpm/react-dom@18.3.1_react@18.3.1/node_modules/react-dom/cjs/react-dom.development.js:4213:16)
            at invokeGuardedCallback (/app/node_modules/.pnpm/react-dom@18.3.1_react@18.3.1/node_modules/react-dom/cjs/react-dom.development.js:4277:31)
            at beginWork$1 (/app/node_modules/.pnpm/react-dom@18.3.1_react@18.3.1/node_modules/react-dom/cjs/react-dom.development.js:27490:7)
            at performUnitOfWork (/app/node_modules/.pnpm/react-dom@18.3.1_react@18.3.1/node_modules/react-dom/cjs/react-dom.development.js:26599:12)
            at workLoopSync (/app/node_modules/.pnpm/react-dom@18.3.1_react@18.3.1/node_modules/react-dom/cjs/react-dom.development.js:26505:5)
            at renderRootSync (/app/node_modules/.pnpm/react-dom@18.3.1_react@18.3.1/node_modules/react-dom/cjs/react-dom.development.js:26473:7)
            at recoverFromConcurrentError (/app/node_modules/.pnpm/react-dom@18.3.1_react@18.3.1/node_modules/react-dom/cjs/react-dom.development.js:25889:20)
            at performConcurrentWorkOnRoot (/app/node_modules/.pnpm/react-dom@18.3.1_react@18.3.1/node_modules/react-dom/cjs/react-dom.development.js:25789:22)
            at flushActQueue (/app/node_modules/.pnpm/react@18.3.1/node_modules/react/cjs/react.development.js:2667:24)
            at act (/app/node_modules/.pnpm/react@18.3.1/node_modules/react/cjs/react.development.js:2582:11)
            at /app/node_modules/.pnpm/@testing-library+react@16.3.2_@testing-library+dom@10.4.1_@types+react-dom@18.3.7_@types+reac_3k5f6qynewwmkoqvlvtzlgtsjq/node_modules/@testing-library/react/dist/act-compat.js:46:25
            at renderRoot (/app/node_modules/.pnpm/@testing-library+react@16.3.2_@testing-library+dom@10.4.1_@types+react-dom@18.3.7_@types+reac_3k5f6qynewwmkoqvlvtzlgtsjq/node_modules/@testing-library/react/dist/pure.js:189:26)
            at render (/app/node_modules/.pnpm/@testing-library+react@16.3.2_@testing-library+dom@10.4.1_@types+react-dom@18.3.7_@types+reac_3k5f6qynewwmkoqvlvtzlgtsjq/node_modules/@testing-library/react/dist/pure.js:291:10)
            at Object.<anonymous> (/app/apps/admin/components/__tests__/apps-table.test.tsx:76:11)
            at Promise.then.completed (/app/node_modules/.pnpm/jest-circus@29.7.0/node_modules/jest-circus/build/utils.js:298:28)
            at new Promise (<anonymous>)
            at callAsyncCircusFn (/app/node_modules/.pnpm/jest-circus@29.7.0/node_modules/jest-circus/build/utils.js:231:10)
            at _callCircusTest (/app/node_modules/.pnpm/jest-circus@29.7.0/node_modules/jest-circus/build/run.js:316:40)
            at processTicksAndRejections (node:internal/process/task_queues:103:5)
            at _runTest (/app/node_modules/.pnpm/jest-circus@29.7.0/node_modules/jest-circus/build/run.js:252:3)
            at _runTestsForDescribeBlock (/app/node_modules/.pnpm/jest-circus@29.7.0/node_modules/jest-circus/build/run.js:126:9)
            at _runTestsForDescribeBlock (/app/node_modules/.pnpm/jest-circus@29.7.0/node_modules/jest-circus/build/run.js:121:9)
            at run (/app/node_modules/.pnpm/jest-circus@29.7.0/node_modules/jest-circus/build/run.js:71:3)
            at runAndTransformResultsToJestFormat (/app/node_modules/.pnpm/jest-circus@29.7.0/node_modules/jest-circus/build/legacy-code-todo-rewrite/jestAdapterInit.js:122:21)
            at jestAdapter (/app/node_modules/.pnpm/jest-circus@29.7.0/node_modules/jest-circus/build/legacy-code-todo-rewrite/jestAdapter.js:79:19)
            at runTestInternal (/app/node_modules/.pnpm/jest-runner@29.7.0/node_modules/jest-runner/build/runTest.js:367:16)
            at runTest (/app/node_modules/.pnpm/jest-runner@29.7.0/node_modules/jest-runner/build/runTest.js:444:34)
            at Object.worker (/app/node_modules/.pnpm/jest-runner@29.7.0/node_modules/jest-runner/build/testWorker.js:106:12),
        type: 'unhandled exception'
      }

      74 |     jest.useFakeTimers()
      75 |     ;(actions.listAppsAction as jest.Mock).mockResolvedValue({ items: [], total: 0, page: 1, pageSize: 25 })
    > 76 |     render(withIntl(<AppsTable initial={initial} />))
         |           ^
      77 |     fireEvent.change(screen.getByPlaceholderText(en.apps.search), { target: { value: 'port' } })
      78 |     jest.advanceTimersByTime(400)
      79 |     await waitFor(() => expect(actions.listAppsAction).toHaveBeenCalledWith({ q: 'port', page: 1, pageSize: 25 }))

      at VirtualConsole.<anonymous> (../../node_modules/.pnpm/jest-environment-jsdom@29.7.0/node_modules/jest-environment-jsdom/build/index.js:63:23)
      at reportException (../../node_modules/.pnpm/jsdom@20.0.3/node_modules/jsdom/lib/jsdom/living/helpers/runtime-script-errors.js:70:28)
      at innerInvokeEventListeners (../../node_modules/.pnpm/jsdom@20.0.3/node_modules/jsdom/lib/jsdom/living/events/EventTarget-impl.js:353:9)
      at invokeEventListeners (../../node_modules/.pnpm/jsdom@20.0.3/node_modules/jsdom/lib/jsdom/living/events/EventTarget-impl.js:286:3)
      at HTMLUnknownElementImpl._dispatch (../../node_modules/.pnpm/jsdom@20.0.3/node_modules/jsdom/lib/jsdom/living/events/EventTarget-impl.js:233:9)
      at HTMLUnknownElementImpl.dispatchEvent (../../node_modules/.pnpm/jsdom@20.0.3/node_modules/jsdom/lib/jsdom/living/events/EventTarget-impl.js:104:17)
      at HTMLUnknownElement.dispatchEvent (../../node_modules/.pnpm/jsdom@20.0.3/node_modules/jsdom/lib/jsdom/living/generated/EventTarget.js:241:34)
      at Object.invokeGuardedCallbackDev (../../node_modules/.pnpm/react-dom@18.3.1_react@18.3.1/node_modules/react-dom/cjs/react-dom.development.js:4213:16)
      at invokeGuardedCallback (../../node_modules/.pnpm/react-dom@18.3.1_react@18.3.1/node_modules/react-dom/cjs/react-dom.development.js:4277:31)
      at beginWork$1 (../../node_modules/.pnpm/react-dom@18.3.1_react@18.3.1/node_modules/react-dom/cjs/react-dom.development.js:27490:7)
      at performUnitOfWork (../../node_modules/.pnpm/react-dom@18.3.1_react@18.3.1/node_modules/react-dom/cjs/react-dom.development.js:26599:12)
      at workLoopSync (../../node_modules/.pnpm/react-dom@18.3.1_react@18.3.1/node_modules/react-dom/cjs/react-dom.development.js:26505:5)
      at renderRootSync (../../node_modules/.pnpm/react-dom@18.3.1_react@18.3.1/node_modules/react-dom/cjs/react-dom.development.js:26473:7)
      at recoverFromConcurrentError (../../node_modules/.pnpm/react-dom@18.3.1_react@18.3.1/node_modules/react-dom/cjs/react-dom.development.js:25889:20)
      at performConcurrentWorkOnRoot (../../node_modules/.pnpm/react-dom@18.3.1_react@18.3.1/node_modules/react-dom/cjs/react-dom.development.js:25789:22)
      at flushActQueue (../../node_modules/.pnpm/react@18.3.1/node_modules/react/cjs/react.development.js:2667:24)
      at act (../../node_modules/.pnpm/react@18.3.1/node_modules/react/cjs/react.development.js:2582:11)
      at ../../node_modules/.pnpm/@testing-library+react@16.3.2_@testing-library+dom@10.4.1_@types+react-dom@18.3.7_@types+reac_3k5f6qynewwmkoqvlvtzlgtsjq/node_modules/@testing-library/react/dist/act-compat.js:46:25
      at renderRoot (../../node_modules/.pnpm/@testing-library+react@16.3.2_@testing-library+dom@10.4.1_@types+react-dom@18.3.7_@types+reac_3k5f6qynewwmkoqvlvtzlgtsjq/node_modules/@testing-library/react/dist/pure.js:189:26)
      at render (../../node_modules/.pnpm/@testing-library+react@16.3.2_@testing-library+dom@10.4.1_@types+react-dom@18.3.7_@types+reac_3k5f6qynewwmkoqvlvtzlgtsjq/node_modules/@testing-library/react/dist/pure.js:291:10)
      at Object.<anonymous> (components/__tests__/apps-table.test.tsx:76:11)

    console.error
      Error: Uncaught [Error: `Tooltip` must be used within `TooltipProvider`]
          at reportException (/app/node_modules/.pnpm/jsdom@20.0.3/node_modules/jsdom/lib/jsdom/living/helpers/runtime-script-errors.js:66:24)
          at innerInvokeEventListeners (/app/node_modules/.pnpm/jsdom@20.0.3/node_modules/jsdom/lib/jsdom/living/events/EventTarget-impl.js:353:9)
          at invokeEventListeners (/app/node_modules/.pnpm/jsdom@20.0.3/node_modules/jsdom/lib/jsdom/living/events/EventTarget-impl.js:286:3)
          at HTMLUnknownElementImpl._dispatch (/app/node_modules/.pnpm/jsdom@20.0.3/node_modules/jsdom/lib/jsdom/living/events/EventTarget-impl.js:233:9)
          at HTMLUnknownElementImpl.dispatchEvent (/app/node_modules/.pnpm/jsdom@20.0.3/node_modules/jsdom/lib/jsdom/living/events/EventTarget-impl.js:104:17)
          at HTMLUnknownElement.dispatchEvent (/app/node_modules/.pnpm/jsdom@20.0.3/node_modules/jsdom/lib/jsdom/living/generated/EventTarget.js:241:34)
          at Object.invokeGuardedCallbackDev (/app/node_modules/.pnpm/react-dom@18.3.1_react@18.3.1/node_modules/react-dom/cjs/react-dom.development.js:4213:16)
          at invokeGuardedCallback (/app/node_modules/.pnpm/react-dom@18.3.1_react@18.3.1/node_modules/react-dom/cjs/react-dom.development.js:4277:31)
          at beginWork$1 (/app/node_modules/.pnpm/react-dom@18.3.1_react@18.3.1/node_modules/react-dom/cjs/react-dom.development.js:27490:7)
          at performUnitOfWork (/app/node_modules/.pnpm/react-dom@18.3.1_react@18.3.1/node_modules/react-dom/cjs/react-dom.development.js:26599:12)
          at workLoopSync (/app/node_modules/.pnpm/react-dom@18.3.1_react@18.3.1/node_modules/react-dom/cjs/react-dom.development.js:26505:5)
          at renderRootSync (/app/node_modules/.pnpm/react-dom@18.3.1_react@18.3.1/node_modules/react-dom/cjs/react-dom.development.js:26473:7)
          at recoverFromConcurrentError (/app/node_modules/.pnpm/react-dom@18.3.1_react@18.3.1/node_modules/react-dom/cjs/react-dom.development.js:25889:20)
          at performConcurrentWorkOnRoot (/app/node_modules/.pnpm/react-dom@18.3.1_react@18.3.1/node_modules/react-dom/cjs/react-dom.development.js:25789:22)
          at flushActQueue (/app/node_modules/.pnpm/react@18.3.1/node_modules/react/cjs/react.development.js:2667:24)
          at act (/app/node_modules/.pnpm/react@18.3.1/node_modules/react/cjs/react.development.js:2582:11)
          at /app/node_modules/.pnpm/@testing-library+react@16.3.2_@testing-library+dom@10.4.1_@types+react-dom@18.3.7_@types+reac_3k5f6qynewwmkoqvlvtzlgtsjq/node_modules/@testing-library/react/dist/act-compat.js:46:25
          at renderRoot (/app/node_modules/.pnpm/@testing-library+react@16.3.2_@testing-library+dom@10.4.1_@types+react-dom@18.3.7_@types+reac_3k5f6qynewwmkoqvlvtzlgtsjq/node_modules/@testing-library/react/dist/pure.js:189:26)
          at render (/app/node_modules/.pnpm/@testing-library+react@16.3.2_@testing-library+dom@10.4.1_@types+react-dom@18.3.7_@types+reac_3k5f6qynewwmkoqvlvtzlgtsjq/node_modules/@testing-library/react/dist/pure.js:291:10)
          at Object.<anonymous> (/app/apps/admin/components/__tests__/apps-table.test.tsx:76:11)
          at Promise.then.completed (/app/node_modules/.pnpm/jest-circus@29.7.0/node_modules/jest-circus/build/utils.js:298:28)
          at new Promise (<anonymous>)
          at callAsyncCircusFn (/app/node_modules/.pnpm/jest-circus@29.7.0/node_modules/jest-circus/build/utils.js:231:10)
          at _callCircusTest (/app/node_modules/.pnpm/jest-circus@29.7.0/node_modules/jest-circus/build/run.js:316:40)
          at processTicksAndRejections (node:internal/process/task_queues:103:5)
          at _runTest (/app/node_modules/.pnpm/jest-circus@29.7.0/node_modules/jest-circus/build/run.js:252:3)
          at _runTestsForDescribeBlock (/app/node_modules/.pnpm/jest-circus@29.7.0/node_modules/jest-circus/build/run.js:126:9)
          at _runTestsForDescribeBlock (/app/node_modules/.pnpm/jest-circus@29.7.0/node_modules/jest-circus/build/run.js:121:9)
          at run (/app/node_modules/.pnpm/jest-circus@29.7.0/node_modules/jest-circus/build/run.js:71:3)
          at runAndTransformResultsToJestFormat (/app/node_modules/.pnpm/jest-circus@29.7.0/node_modules/jest-circus/build/legacy-code-todo-rewrite/jestAdapterInit.js:122:21)
          at jestAdapter (/app/node_modules/.pnpm/jest-circus@29.7.0/node_modules/jest-circus/build/legacy-code-todo-rewrite/jestAdapter.js:79:19)
          at runTestInternal (/app/node_modules/.pnpm/jest-runner@29.7.0/node_modules/jest-runner/build/runTest.js:367:16)
          at runTest (/app/node_modules/.pnpm/jest-runner@29.7.0/node_modules/jest-runner/build/runTest.js:444:34)
          at Object.worker (/app/node_modules/.pnpm/jest-runner@29.7.0/node_modules/jest-runner/build/testWorker.js:106:12) {
        detail: Error: `Tooltip` must be used within `TooltipProvider`
            at useContext2 (/app/node_modules/.pnpm/@radix-ui+react-context@1.1.2_@types+react@18.3.29_react@18.3.1/node_modules/@radix-ui/react-context/src/create-context.tsx:75:13)
            at Tooltip (/app/node_modules/.pnpm/@radix-ui+react-tooltip@1.2.8_@types+react-dom@18.3.7_@types+react@18.3.29__@types+react@18.3_xrwsnt2rmlacewwolijhmzdoxi/node_modules/@radix-ui/react-tooltip/src/tooltip.tsx:162:27)
            at renderWithHooks (/app/node_modules/.pnpm/react-dom@18.3.1_react@18.3.1/node_modules/react-dom/cjs/react-dom.development.js:15486:18)
            at mountIndeterminateComponent (/app/node_modules/.pnpm/react-dom@18.3.1_react@18.3.1/node_modules/react-dom/cjs/react-dom.development.js:20103:13)
            at beginWork (/app/node_modules/.pnpm/react-dom@18.3.1_react@18.3.1/node_modules/react-dom/cjs/react-dom.development.js:21626:16)
            at HTMLUnknownElement.callCallback (/app/node_modules/.pnpm/react-dom@18.3.1_react@18.3.1/node_modules/react-dom/cjs/react-dom.development.js:4164:14)
            at HTMLUnknownElement.callTheUserObjectsOperation (/app/node_modules/.pnpm/jsdom@20.0.3/node_modules/jsdom/lib/jsdom/living/generated/EventListener.js:26:30)
            at innerInvokeEventListeners (/app/node_modules/.pnpm/jsdom@20.0.3/node_modules/jsdom/lib/jsdom/living/events/EventTarget-impl.js:350:25)
            at invokeEventListeners (/app/node_modules/.pnpm/jsdom@20.0.3/node_modules/jsdom/lib/jsdom/living/events/EventTarget-impl.js:286:3)
            at HTMLUnknownElementImpl._dispatch (/app/node_modules/.pnpm/jsdom@20.0.3/node_modules/jsdom/lib/jsdom/living/events/EventTarget-impl.js:233:9)
            at HTMLUnknownElementImpl.dispatchEvent (/app/node_modules/.pnpm/jsdom@20.0.3/node_modules/jsdom/lib/jsdom/living/events/EventTarget-impl.js:104:17)
            at HTMLUnknownElement.dispatchEvent (/app/node_modules/.pnpm/jsdom@20.0.3/node_modules/jsdom/lib/jsdom/living/generated/EventTarget.js:241:34)
            at Object.invokeGuardedCallbackDev (/app/node_modules/.pnpm/react-dom@18.3.1_react@18.3.1/node_modules/react-dom/cjs/react-dom.development.js:4213:16)
            at invokeGuardedCallback (/app/node_modules/.pnpm/react-dom@18.3.1_react@18.3.1/node_modules/react-dom/cjs/react-dom.development.js:4277:31)
            at beginWork$1 (/app/node_modules/.pnpm/react-dom@18.3.1_react@18.3.1/node_modules/react-dom/cjs/react-dom.development.js:27490:7)
            at performUnitOfWork (/app/node_modules/.pnpm/react-dom@18.3.1_react@18.3.1/node_modules/react-dom/cjs/react-dom.development.js:26599:12)
            at workLoopSync (/app/node_modules/.pnpm/react-dom@18.3.1_react@18.3.1/node_modules/react-dom/cjs/react-dom.development.js:26505:5)
            at renderRootSync (/app/node_modules/.pnpm/react-dom@18.3.1_react@18.3.1/node_modules/react-dom/cjs/react-dom.development.js:26473:7)
            at recoverFromConcurrentError (/app/node_modules/.pnpm/react-dom@18.3.1_react@18.3.1/node_modules/react-dom/cjs/react-dom.development.js:25889:20)
            at performConcurrentWorkOnRoot (/app/node_modules/.pnpm/react-dom@18.3.1_react@18.3.1/node_modules/react-dom/cjs/react-dom.development.js:25789:22)
            at flushActQueue (/app/node_modules/.pnpm/react@18.3.1/node_modules/react/cjs/react.development.js:2667:24)
            at act (/app/node_modules/.pnpm/react@18.3.1/node_modules/react/cjs/react.development.js:2582:11)
            at /app/node_modules/.pnpm/@testing-library+react@16.3.2_@testing-library+dom@10.4.1_@types+react-dom@18.3.7_@types+reac_3k5f6qynewwmkoqvlvtzlgtsjq/node_modules/@testing-library/react/dist/act-compat.js:46:25
            at renderRoot (/app/node_modules/.pnpm/@testing-library+react@16.3.2_@testing-library+dom@10.4.1_@types+react-dom@18.3.7_@types+reac_3k5f6qynewwmkoqvlvtzlgtsjq/node_modules/@testing-library/react/dist/pure.js:189:26)
            at render (/app/node_modules/.pnpm/@testing-library+react@16.3.2_@testing-library+dom@10.4.1_@types+react-dom@18.3.7_@types+reac_3k5f6qynewwmkoqvlvtzlgtsjq/node_modules/@testing-library/react/dist/pure.js:291:10)
            at Object.<anonymous> (/app/apps/admin/components/__tests__/apps-table.test.tsx:76:11)
            at Promise.then.completed (/app/node_modules/.pnpm/jest-circus@29.7.0/node_modules/jest-circus/build/utils.js:298:28)
            at new Promise (<anonymous>)
            at callAsyncCircusFn (/app/node_modules/.pnpm/jest-circus@29.7.0/node_modules/jest-circus/build/utils.js:231:10)
            at _callCircusTest (/app/node_modules/.pnpm/jest-circus@29.7.0/node_modules/jest-circus/build/run.js:316:40)
            at processTicksAndRejections (node:internal/process/task_queues:103:5)
            at _runTest (/app/node_modules/.pnpm/jest-circus@29.7.0/node_modules/jest-circus/build/run.js:252:3)
            at _runTestsForDescribeBlock (/app/node_modules/.pnpm/jest-circus@29.7.0/node_modules/jest-circus/build/run.js:126:9)
            at _runTestsForDescribeBlock (/app/node_modules/.pnpm/jest-circus@29.7.0/node_modules/jest-circus/build/run.js:121:9)
            at run (/app/node_modules/.pnpm/jest-circus@29.7.0/node_modules/jest-circus/build/run.js:71:3)
            at runAndTransformResultsToJestFormat (/app/node_modules/.pnpm/jest-circus@29.7.0/node_modules/jest-circus/build/legacy-code-todo-rewrite/jestAdapterInit.js:122:21)
            at jestAdapter (/app/node_modules/.pnpm/jest-circus@29.7.0/node_modules/jest-circus/build/legacy-code-todo-rewrite/jestAdapter.js:79:19)
            at runTestInternal (/app/node_modules/.pnpm/jest-runner@29.7.0/node_modules/jest-runner/build/runTest.js:367:16)
            at runTest (/app/node_modules/.pnpm/jest-runner@29.7.0/node_modules/jest-runner/build/runTest.js:444:34)
            at Object.worker (/app/node_modules/.pnpm/jest-runner@29.7.0/node_modules/jest-runner/build/testWorker.js:106:12),
        type: 'unhandled exception'
      }

      74 |     jest.useFakeTimers()
      75 |     ;(actions.listAppsAction as jest.Mock).mockResolvedValue({ items: [], total: 0, page: 1, pageSize: 25 })
    > 76 |     render(withIntl(<AppsTable initial={initial} />))
         |           ^
      77 |     fireEvent.change(screen.getByPlaceholderText(en.apps.search), { target: { value: 'port' } })
      78 |     jest.advanceTimersByTime(400)
      79 |     await waitFor(() => expect(actions.listAppsAction).toHaveBeenCalledWith({ q: 'port', page: 1, pageSize: 25 }))

      at VirtualConsole.<anonymous> (../../node_modules/.pnpm/jest-environment-jsdom@29.7.0/node_modules/jest-environment-jsdom/build/index.js:63:23)
      at reportException (../../node_modules/.pnpm/jsdom@20.0.3/node_modules/jsdom/lib/jsdom/living/helpers/runtime-script-errors.js:70:28)
      at innerInvokeEventListeners (../../node_modules/.pnpm/jsdom@20.0.3/node_modules/jsdom/lib/jsdom/living/events/EventTarget-impl.js:353:9)
      at invokeEventListeners (../../node_modules/.pnpm/jsdom@20.0.3/node_modules/jsdom/lib/jsdom/living/events/EventTarget-impl.js:286:3)
      at HTMLUnknownElementImpl._dispatch (../../node_modules/.pnpm/jsdom@20.0.3/node_modules/jsdom/lib/jsdom/living/events/EventTarget-impl.js:233:9)
      at HTMLUnknownElementImpl.dispatchEvent (../../node_modules/.pnpm/jsdom@20.0.3/node_modules/jsdom/lib/jsdom/living/events/EventTarget-impl.js:104:17)
      at HTMLUnknownElement.dispatchEvent (../../node_modules/.pnpm/jsdom@20.0.3/node_modules/jsdom/lib/jsdom/living/generated/EventTarget.js:241:34)
      at Object.invokeGuardedCallbackDev (../../node_modules/.pnpm/react-dom@18.3.1_react@18.3.1/node_modules/react-dom/cjs/react-dom.development.js:4213:16)
      at invokeGuardedCallback (../../node_modules/.pnpm/react-dom@18.3.1_react@18.3.1/node_modules/react-dom/cjs/react-dom.development.js:4277:31)
      at beginWork$1 (../../node_modules/.pnpm/react-dom@18.3.1_react@18.3.1/node_modules/react-dom/cjs/react-dom.development.js:27490:7)
      at performUnitOfWork (../../node_modules/.pnpm/react-dom@18.3.1_react@18.3.1/node_modules/react-dom/cjs/react-dom.development.js:26599:12)
      at workLoopSync (../../node_modules/.pnpm/react-dom@18.3.1_react@18.3.1/node_modules/react-dom/cjs/react-dom.development.js:26505:5)
      at renderRootSync (../../node_modules/.pnpm/react-dom@18.3.1_react@18.3.1/node_modules/react-dom/cjs/react-dom.development.js:26473:7)
      at recoverFromConcurrentError (../../node_modules/.pnpm/react-dom@18.3.1_react@18.3.1/node_modules/react-dom/cjs/react-dom.development.js:25889:20)
      at performConcurrentWorkOnRoot (../../node_modules/.pnpm/react-dom@18.3.1_react@18.3.1/node_modules/react-dom/cjs/react-dom.development.js:25789:22)
      at flushActQueue (../../node_modules/.pnpm/react@18.3.1/node_modules/react/cjs/react.development.js:2667:24)
      at act (../../node_modules/.pnpm/react@18.3.1/node_modules/react/cjs/react.development.js:2582:11)
      at ../../node_modules/.pnpm/@testing-library+react@16.3.2_@testing-library+dom@10.4.1_@types+react-dom@18.3.7_@types+reac_3k5f6qynewwmkoqvlvtzlgtsjq/node_modules/@testing-library/react/dist/act-compat.js:46:25
      at renderRoot (../../node_modules/.pnpm/@testing-library+react@16.3.2_@testing-library+dom@10.4.1_@types+react-dom@18.3.7_@types+reac_3k5f6qynewwmkoqvlvtzlgtsjq/node_modules/@testing-library/react/dist/pure.js:189:26)
      at render (../../node_modules/.pnpm/@testing-library+react@16.3.2_@testing-library+dom@10.4.1_@types+react-dom@18.3.7_@types+reac_3k5f6qynewwmkoqvlvtzlgtsjq/node_modules/@testing-library/react/dist/pure.js:291:10)
      at Object.<anonymous> (components/__tests__/apps-table.test.tsx:76:11)

    console.error
      The above error occurred in the <Tooltip> component:

          at Tooltip (/app/node_modules/.pnpm/@radix-ui+react-tooltip@1.2.8_@types+react-dom@18.3.7_@types+react@18.3.29__@types+react@18.3_xrwsnt2rmlacewwolijhmzdoxi/node_modules/@radix-ui/react-tooltip/src/tooltip.tsx:154:5)
          at div
          at cell (/app/apps/admin/components/apps-table.tsx:75:16)
          at td
          at /app/packages/ui/src/components/ui/table.tsx:87:6
          at tr
          at /app/packages/ui/src/components/ui/table.tsx:57:6
          at tbody
          at /app/packages/ui/src/components/ui/table.tsx:30:6
          at table
          at div
          at /app/packages/ui/src/components/ui/table.tsx:8:6
          at DataTable (/app/packages/ui/src/components/data-table.tsx:23:36)
          at div
          at AppsTable (/app/apps/admin/components/apps-table.tsx:22:29)
          at IntlProvider (/app/node_modules/.pnpm/use-intl@3.26.5_react@18.3.1/node_modules/use-intl/dist/development/_IntlProvider.js:16:5)
          at NextIntlClientProvider (/app/node_modules/.pnpm/next-intl@3.26.5_next@15.5.18_@babel+core@7.29.7_@opentelemetry+api@1.9.1_@playwright+test@1._uib3rlo2eksg3yll53rffkx7ea/node_modules/next-intl/dist/development/shared/NextIntlClientProvider.js:16:5)

      Consider adding an error boundary to your tree to customize error handling behavior.
      Visit https://reactjs.org/link/error-boundaries to learn more about error boundaries.

      74 |     jest.useFakeTimers()
      75 |     ;(actions.listAppsAction as jest.Mock).mockResolvedValue({ items: [], total: 0, page: 1, pageSize: 25 })
    > 76 |     render(withIntl(<AppsTable initial={initial} />))
         |           ^
      77 |     fireEvent.change(screen.getByPlaceholderText(en.apps.search), { target: { value: 'port' } })
      78 |     jest.advanceTimersByTime(400)
      79 |     await waitFor(() => expect(actions.listAppsAction).toHaveBeenCalledWith({ q: 'port', page: 1, pageSize: 25 }))

      at logCapturedError (../../node_modules/.pnpm/react-dom@18.3.1_react@18.3.1/node_modules/react-dom/cjs/react-dom.development.js:18704:23)
      at update.callback (../../node_modules/.pnpm/react-dom@18.3.1_react@18.3.1/node_modules/react-dom/cjs/react-dom.development.js:18737:5)
      at callCallback (../../node_modules/.pnpm/react-dom@18.3.1_react@18.3.1/node_modules/react-dom/cjs/react-dom.development.js:15036:12)
      at commitUpdateQueue (../../node_modules/.pnpm/react-dom@18.3.1_react@18.3.1/node_modules/react-dom/cjs/react-dom.development.js:15057:9)
      at commitLayoutEffectOnFiber (../../node_modules/.pnpm/react-dom@18.3.1_react@18.3.1/node_modules/react-dom/cjs/react-dom.development.js:23430:13)
      at commitLayoutMountEffects_complete (../../node_modules/.pnpm/react-dom@18.3.1_react@18.3.1/node_modules/react-dom/cjs/react-dom.development.js:24727:9)
      at commitLayoutEffects_begin (../../node_modules/.pnpm/react-dom@18.3.1_react@18.3.1/node_modules/react-dom/cjs/react-dom.development.js:24713:7)
      at commitLayoutEffects (../../node_modules/.pnpm/react-dom@18.3.1_react@18.3.1/node_modules/react-dom/cjs/react-dom.development.js:24651:3)
      at commitRootImpl (../../node_modules/.pnpm/react-dom@18.3.1_react@18.3.1/node_modules/react-dom/cjs/react-dom.development.js:26862:5)
      at commitRoot (../../node_modules/.pnpm/react-dom@18.3.1_react@18.3.1/node_modules/react-dom/cjs/react-dom.development.js:26721:5)
      at finishConcurrentRender (../../node_modules/.pnpm/react-dom@18.3.1_react@18.3.1/node_modules/react-dom/cjs/react-dom.development.js:25931:9)
      at performConcurrentWorkOnRoot (../../node_modules/.pnpm/react-dom@18.3.1_react@18.3.1/node_modules/react-dom/cjs/react-dom.development.js:25848:7)
      at flushActQueue (../../node_modules/.pnpm/react@18.3.1/node_modules/react/cjs/react.development.js:2667:24)
      at act (../../node_modules/.pnpm/react@18.3.1/node_modules/react/cjs/react.development.js:2582:11)
      at ../../node_modules/.pnpm/@testing-library+react@16.3.2_@testing-library+dom@10.4.1_@types+react-dom@18.3.7_@types+reac_3k5f6qynewwmkoqvlvtzlgtsjq/node_modules/@testing-library/react/dist/act-compat.js:46:25
      at renderRoot (../../node_modules/.pnpm/@testing-library+react@16.3.2_@testing-library+dom@10.4.1_@types+react-dom@18.3.7_@types+reac_3k5f6qynewwmkoqvlvtzlgtsjq/node_modules/@testing-library/react/dist/pure.js:189:26)
      at render (../../node_modules/.pnpm/@testing-library+react@16.3.2_@testing-library+dom@10.4.1_@types+react-dom@18.3.7_@types+reac_3k5f6qynewwmkoqvlvtzlgtsjq/node_modules/@testing-library/react/dist/pure.js:291:10)
      at Object.<anonymous> (components/__tests__/apps-table.test.tsx:76:11)

    console.error
      The above error occurred in the <Tooltip> component:

          at Tooltip (/app/node_modules/.pnpm/@radix-ui+react-tooltip@1.2.8_@types+react-dom@18.3.7_@types+react@18.3.29__@types+react@18.3_xrwsnt2rmlacewwolijhmzdoxi/node_modules/@radix-ui/react-tooltip/src/tooltip.tsx:154:5)
          at Passthrough (/app/apps/admin/components/__tests__/apps-table.test.tsx:20:26)
          at cell (/app/apps/admin/components/apps-table.tsx:107:16)
          at td
          at /app/packages/ui/src/components/ui/table.tsx:87:6
          at tr
          at /app/packages/ui/src/components/ui/table.tsx:57:6
          at tbody
          at /app/packages/ui/src/components/ui/table.tsx:30:6
          at table
          at div
          at /app/packages/ui/src/components/ui/table.tsx:8:6
          at DataTable (/app/packages/ui/src/components/data-table.tsx:23:36)
          at div
          at AppsTable (/app/apps/admin/components/apps-table.tsx:22:29)
          at IntlProvider (/app/node_modules/.pnpm/use-intl@3.26.5_react@18.3.1/node_modules/use-intl/dist/development/_IntlProvider.js:16:5)
          at NextIntlClientProvider (/app/node_modules/.pnpm/next-intl@3.26.5_next@15.5.18_@babel+core@7.29.7_@opentelemetry+api@1.9.1_@playwright+test@1._uib3rlo2eksg3yll53rffkx7ea/node_modules/next-intl/dist/development/shared/NextIntlClientProvider.js:16:5)

      Consider adding an error boundary to your tree to customize error handling behavior.
      Visit https://reactjs.org/link/error-boundaries to learn more about error boundaries.

      74 |     jest.useFakeTimers()
      75 |     ;(actions.listAppsAction as jest.Mock).mockResolvedValue({ items: [], total: 0, page: 1, pageSize: 25 })
    > 76 |     render(withIntl(<AppsTable initial={initial} />))
         |           ^
      77 |     fireEvent.change(screen.getByPlaceholderText(en.apps.search), { target: { value: 'port' } })
      78 |     jest.advanceTimersByTime(400)
      79 |     await waitFor(() => expect(actions.listAppsAction).toHaveBeenCalledWith({ q: 'port', page: 1, pageSize: 25 }))

      at logCapturedError (../../node_modules/.pnpm/react-dom@18.3.1_react@18.3.1/node_modules/react-dom/cjs/react-dom.development.js:18704:23)
      at update.callback (../../node_modules/.pnpm/react-dom@18.3.1_react@18.3.1/node_modules/react-dom/cjs/react-dom.development.js:18737:5)
      at callCallback (../../node_modules/.pnpm/react-dom@18.3.1_react@18.3.1/node_modules/react-dom/cjs/react-dom.development.js:15036:12)
      at commitUpdateQueue (../../node_modules/.pnpm/react-dom@18.3.1_react@18.3.1/node_modules/react-dom/cjs/react-dom.development.js:15057:9)
      at commitLayoutEffectOnFiber (../../node_modules/.pnpm/react-dom@18.3.1_react@18.3.1/node_modules/react-dom/cjs/react-dom.development.js:23430:13)
      at commitLayoutMountEffects_complete (../../node_modules/.pnpm/react-dom@18.3.1_react@18.3.1/node_modules/react-dom/cjs/react-dom.development.js:24727:9)
      at commitLayoutEffects_begin (../../node_modules/.pnpm/react-dom@18.3.1_react@18.3.1/node_modules/react-dom/cjs/react-dom.development.js:24713:7)
      at commitLayoutEffects (../../node_modules/.pnpm/react-dom@18.3.1_react@18.3.1/node_modules/react-dom/cjs/react-dom.development.js:24651:3)
      at commitRootImpl (../../node_modules/.pnpm/react-dom@18.3.1_react@18.3.1/node_modules/react-dom/cjs/react-dom.development.js:26862:5)
      at commitRoot (../../node_modules/.pnpm/react-dom@18.3.1_react@18.3.1/node_modules/react-dom/cjs/react-dom.development.js:26721:5)
      at finishConcurrentRender (../../node_modules/.pnpm/react-dom@18.3.1_react@18.3.1/node_modules/react-dom/cjs/react-dom.development.js:25931:9)
      at performConcurrentWorkOnRoot (../../node_modules/.pnpm/react-dom@18.3.1_react@18.3.1/node_modules/react-dom/cjs/react-dom.development.js:25848:7)
      at flushActQueue (../../node_modules/.pnpm/react@18.3.1/node_modules/react/cjs/react.development.js:2667:24)
      at act (../../node_modules/.pnpm/react@18.3.1/node_modules/react/cjs/react.development.js:2582:11)
      at ../../node_modules/.pnpm/@testing-library+react@16.3.2_@testing-library+dom@10.4.1_@types+react-dom@18.3.7_@types+reac_3k5f6qynewwmkoqvlvtzlgtsjq/node_modules/@testing-library/react/dist/act-compat.js:46:25
      at renderRoot (../../node_modules/.pnpm/@testing-library+react@16.3.2_@testing-library+dom@10.4.1_@types+react-dom@18.3.7_@types+reac_3k5f6qynewwmkoqvlvtzlgtsjq/node_modules/@testing-library/react/dist/pure.js:189:26)
      at render (../../node_modules/.pnpm/@testing-library+react@16.3.2_@testing-library+dom@10.4.1_@types+react-dom@18.3.7_@types+reac_3k5f6qynewwmkoqvlvtzlgtsjq/node_modules/@testing-library/react/dist/pure.js:291:10)
      at Object.<anonymous> (components/__tests__/apps-table.test.tsx:76:11)

    console.error
      The above error occurred in the <Tooltip> component:

          at Tooltip (/app/node_modules/.pnpm/@radix-ui+react-tooltip@1.2.8_@types+react-dom@18.3.7_@types+react@18.3.29__@types+react@18.3_xrwsnt2rmlacewwolijhmzdoxi/node_modules/@radix-ui/react-tooltip/src/tooltip.tsx:154:5)
          at div
          at cell (/app/apps/admin/components/apps-table.tsx:75:16)
          at td
          at /app/packages/ui/src/components/ui/table.tsx:87:6
          at tr
          at /app/packages/ui/src/components/ui/table.tsx:57:6
          at tbody
          at /app/packages/ui/src/components/ui/table.tsx:30:6
          at table
          at div
          at /app/packages/ui/src/components/ui/table.tsx:8:6
          at DataTable (/app/packages/ui/src/components/data-table.tsx:23:36)
          at div
          at AppsTable (/app/apps/admin/components/apps-table.tsx:22:29)
          at IntlProvider (/app/node_modules/.pnpm/use-intl@3.26.5_react@18.3.1/node_modules/use-intl/dist/development/_IntlProvider.js:16:5)
          at NextIntlClientProvider (/app/node_modules/.pnpm/next-intl@3.26.5_next@15.5.18_@babel+core@7.29.7_@opentelemetry+api@1.9.1_@playwright+test@1._uib3rlo2eksg3yll53rffkx7ea/node_modules/next-intl/dist/development/shared/NextIntlClientProvider.js:16:5)

      Consider adding an error boundary to your tree to customize error handling behavior.
      Visit https://reactjs.org/link/error-boundaries to learn more about error boundaries.

      74 |     jest.useFakeTimers()
      75 |     ;(actions.listAppsAction as jest.Mock).mockResolvedValue({ items: [], total: 0, page: 1, pageSize: 25 })
    > 76 |     render(withIntl(<AppsTable initial={initial} />))
         |           ^
      77 |     fireEvent.change(screen.getByPlaceholderText(en.apps.search), { target: { value: 'port' } })
      78 |     jest.advanceTimersByTime(400)
      79 |     await waitFor(() => expect(actions.listAppsAction).toHaveBeenCalledWith({ q: 'port', page: 1, pageSize: 25 }))

      at logCapturedError (../../node_modules/.pnpm/react-dom@18.3.1_react@18.3.1/node_modules/react-dom/cjs/react-dom.development.js:18704:23)
      at update.callback (../../node_modules/.pnpm/react-dom@18.3.1_react@18.3.1/node_modules/react-dom/cjs/react-dom.development.js:18737:5)
      at callCallback (../../node_modules/.pnpm/react-dom@18.3.1_react@18.3.1/node_modules/react-dom/cjs/react-dom.development.js:15036:12)
      at commitUpdateQueue (../../node_modules/.pnpm/react-dom@18.3.1_react@18.3.1/node_modules/react-dom/cjs/react-dom.development.js:15057:9)
      at commitLayoutEffectOnFiber (../../node_modules/.pnpm/react-dom@18.3.1_react@18.3.1/node_modules/react-dom/cjs/react-dom.development.js:23430:13)
      at commitLayoutMountEffects_complete (../../node_modules/.pnpm/react-dom@18.3.1_react@18.3.1/node_modules/react-dom/cjs/react-dom.development.js:24727:9)
      at commitLayoutEffects_begin (../../node_modules/.pnpm/react-dom@18.3.1_react@18.3.1/node_modules/react-dom/cjs/react-dom.development.js:24713:7)
      at commitLayoutEffects (../../node_modules/.pnpm/react-dom@18.3.1_react@18.3.1/node_modules/react-dom/cjs/react-dom.development.js:24651:3)
      at commitRootImpl (../../node_modules/.pnpm/react-dom@18.3.1_react@18.3.1/node_modules/react-dom/cjs/react-dom.development.js:26862:5)
      at commitRoot (../../node_modules/.pnpm/react-dom@18.3.1_react@18.3.1/node_modules/react-dom/cjs/react-dom.development.js:26721:5)
      at finishConcurrentRender (../../node_modules/.pnpm/react-dom@18.3.1_react@18.3.1/node_modules/react-dom/cjs/react-dom.development.js:25931:9)
      at performConcurrentWorkOnRoot (../../node_modules/.pnpm/react-dom@18.3.1_react@18.3.1/node_modules/react-dom/cjs/react-dom.development.js:25848:7)
      at flushActQueue (../../node_modules/.pnpm/react@18.3.1/node_modules/react/cjs/react.development.js:2667:24)
      at act (../../node_modules/.pnpm/react@18.3.1/node_modules/react/cjs/react.development.js:2582:11)
      at ../../node_modules/.pnpm/@testing-library+react@16.3.2_@testing-library+dom@10.4.1_@types+react-dom@18.3.7_@types+reac_3k5f6qynewwmkoqvlvtzlgtsjq/node_modules/@testing-library/react/dist/act-compat.js:46:25
      at renderRoot (../../node_modules/.pnpm/@testing-library+react@16.3.2_@testing-library+dom@10.4.1_@types+react-dom@18.3.7_@types+reac_3k5f6qynewwmkoqvlvtzlgtsjq/node_modules/@testing-library/react/dist/pure.js:189:26)
      at render (../../node_modules/.pnpm/@testing-library+react@16.3.2_@testing-library+dom@10.4.1_@types+react-dom@18.3.7_@types+reac_3k5f6qynewwmkoqvlvtzlgtsjq/node_modules/@testing-library/react/dist/pure.js:291:10)
      at Object.<anonymous> (components/__tests__/apps-table.test.tsx:76:11)

    console.error
      The above error occurred in the <Tooltip> component:

          at Tooltip (/app/node_modules/.pnpm/@radix-ui+react-tooltip@1.2.8_@types+react-dom@18.3.7_@types+react@18.3.29__@types+react@18.3_xrwsnt2rmlacewwolijhmzdoxi/node_modules/@radix-ui/react-tooltip/src/tooltip.tsx:154:5)
          at Passthrough (/app/apps/admin/components/__tests__/apps-table.test.tsx:20:26)
          at cell (/app/apps/admin/components/apps-table.tsx:107:16)
          at td
          at /app/packages/ui/src/components/ui/table.tsx:87:6
          at tr
          at /app/packages/ui/src/components/ui/table.tsx:57:6
          at tbody
          at /app/packages/ui/src/components/ui/table.tsx:30:6
          at table
          at div
          at /app/packages/ui/src/components/ui/table.tsx:8:6
          at DataTable (/app/packages/ui/src/components/data-table.tsx:23:36)
          at div
          at AppsTable (/app/apps/admin/components/apps-table.tsx:22:29)
          at IntlProvider (/app/node_modules/.pnpm/use-intl@3.26.5_react@18.3.1/node_modules/use-intl/dist/development/_IntlProvider.js:16:5)
          at NextIntlClientProvider (/app/node_modules/.pnpm/next-intl@3.26.5_next@15.5.18_@babel+core@7.29.7_@opentelemetry+api@1.9.1_@playwright+test@1._uib3rlo2eksg3yll53rffkx7ea/node_modules/next-intl/dist/development/shared/NextIntlClientProvider.js:16:5)

      Consider adding an error boundary to your tree to customize error handling behavior.
      Visit https://reactjs.org/link/error-boundaries to learn more about error boundaries.

      74 |     jest.useFakeTimers()
      75 |     ;(actions.listAppsAction as jest.Mock).mockResolvedValue({ items: [], total: 0, page: 1, pageSize: 25 })
    > 76 |     render(withIntl(<AppsTable initial={initial} />))
         |           ^
      77 |     fireEvent.change(screen.getByPlaceholderText(en.apps.search), { target: { value: 'port' } })
      78 |     jest.advanceTimersByTime(400)
      79 |     await waitFor(() => expect(actions.listAppsAction).toHaveBeenCalledWith({ q: 'port', page: 1, pageSize: 25 }))

      at logCapturedError (../../node_modules/.pnpm/react-dom@18.3.1_react@18.3.1/node_modules/react-dom/cjs/react-dom.development.js:18704:23)
      at update.callback (../../node_modules/.pnpm/react-dom@18.3.1_react@18.3.1/node_modules/react-dom/cjs/react-dom.development.js:18737:5)
      at callCallback (../../node_modules/.pnpm/react-dom@18.3.1_react@18.3.1/node_modules/react-dom/cjs/react-dom.development.js:15036:12)
      at commitUpdateQueue (../../node_modules/.pnpm/react-dom@18.3.1_react@18.3.1/node_modules/react-dom/cjs/react-dom.development.js:15057:9)
      at commitLayoutEffectOnFiber (../../node_modules/.pnpm/react-dom@18.3.1_react@18.3.1/node_modules/react-dom/cjs/react-dom.development.js:23430:13)
      at commitLayoutMountEffects_complete (../../node_modules/.pnpm/react-dom@18.3.1_react@18.3.1/node_modules/react-dom/cjs/react-dom.development.js:24727:9)
      at commitLayoutEffects_begin (../../node_modules/.pnpm/react-dom@18.3.1_react@18.3.1/node_modules/react-dom/cjs/react-dom.development.js:24713:7)
      at commitLayoutEffects (../../node_modules/.pnpm/react-dom@18.3.1_react@18.3.1/node_modules/react-dom/cjs/react-dom.development.js:24651:3)
      at commitRootImpl (../../node_modules/.pnpm/react-dom@18.3.1_react@18.3.1/node_modules/react-dom/cjs/react-dom.development.js:26862:5)
      at commitRoot (../../node_modules/.pnpm/react-dom@18.3.1_react@18.3.1/node_modules/react-dom/cjs/react-dom.development.js:26721:5)
      at finishConcurrentRender (../../node_modules/.pnpm/react-dom@18.3.1_react@18.3.1/node_modules/react-dom/cjs/react-dom.development.js:25931:9)
      at performConcurrentWorkOnRoot (../../node_modules/.pnpm/react-dom@18.3.1_react@18.3.1/node_modules/react-dom/cjs/react-dom.development.js:25848:7)
      at flushActQueue (../../node_modules/.pnpm/react@18.3.1/node_modules/react/cjs/react.development.js:2667:24)
      at act (../../node_modules/.pnpm/react@18.3.1/node_modules/react/cjs/react.development.js:2582:11)
      at ../../node_modules/.pnpm/@testing-library+react@16.3.2_@testing-library+dom@10.4.1_@types+react-dom@18.3.7_@types+reac_3k5f6qynewwmkoqvlvtzlgtsjq/node_modules/@testing-library/react/dist/act-compat.js:46:25
      at renderRoot (../../node_modules/.pnpm/@testing-library+react@16.3.2_@testing-library+dom@10.4.1_@types+react-dom@18.3.7_@types+reac_3k5f6qynewwmkoqvlvtzlgtsjq/node_modules/@testing-library/react/dist/pure.js:189:26)
      at render (../../node_modules/.pnpm/@testing-library+react@16.3.2_@testing-library+dom@10.4.1_@types+react-dom@18.3.7_@types+reac_3k5f6qynewwmkoqvlvtzlgtsjq/node_modules/@testing-library/react/dist/pure.js:291:10)
      at Object.<anonymous> (components/__tests__/apps-table.test.tsx:76:11)

  ● AppsTable › renders rows from initial data

    `Tooltip` must be used within `TooltipProvider`

      55 |
      56 |   it('renders rows from initial data', () => {
    > 57 |     render(withIntl(<AppsTable initial={initial} />))
         |           ^
      58 |     expect(screen.getByText('Customer Portal')).toBeInTheDocument()
      59 |     expect(screen.getByText('SassyAuth')).toBeInTheDocument()
      60 |   })

      at useContext2 (../../node_modules/.pnpm/@radix-ui+react-context@1.1.2_@types+react@18.3.29_react@18.3.1/node_modules/@radix-ui/react-context/src/create-context.tsx:75:13)
      at Tooltip (../../node_modules/.pnpm/@radix-ui+react-tooltip@1.2.8_@types+react-dom@18.3.7_@types+react@18.3.29__@types+react@18.3_xrwsnt2rmlacewwolijhmzdoxi/node_modules/@radix-ui/react-tooltip/src/tooltip.tsx:162:27)
      at renderWithHooks (../../node_modules/.pnpm/react-dom@18.3.1_react@18.3.1/node_modules/react-dom/cjs/react-dom.development.js:15486:18)
      at mountIndeterminateComponent (../../node_modules/.pnpm/react-dom@18.3.1_react@18.3.1/node_modules/react-dom/cjs/react-dom.development.js:20103:13)
      at beginWork (../../node_modules/.pnpm/react-dom@18.3.1_react@18.3.1/node_modules/react-dom/cjs/react-dom.development.js:21626:16)
      at beginWork$1 (../../node_modules/.pnpm/react-dom@18.3.1_react@18.3.1/node_modules/react-dom/cjs/react-dom.development.js:27465:14)
      at performUnitOfWork (../../node_modules/.pnpm/react-dom@18.3.1_react@18.3.1/node_modules/react-dom/cjs/react-dom.development.js:26599:12)
      at workLoopSync (../../node_modules/.pnpm/react-dom@18.3.1_react@18.3.1/node_modules/react-dom/cjs/react-dom.development.js:26505:5)
      at renderRootSync (../../node_modules/.pnpm/react-dom@18.3.1_react@18.3.1/node_modules/react-dom/cjs/react-dom.development.js:26473:7)
      at recoverFromConcurrentError (../../node_modules/.pnpm/react-dom@18.3.1_react@18.3.1/node_modules/react-dom/cjs/react-dom.development.js:25889:20)
      at performConcurrentWorkOnRoot (../../node_modules/.pnpm/react-dom@18.3.1_react@18.3.1/node_modules/react-dom/cjs/react-dom.development.js:25789:22)
      at flushActQueue (../../node_modules/.pnpm/react@18.3.1/node_modules/react/cjs/react.development.js:2667:24)
      at act (../../node_modules/.pnpm/react@18.3.1/node_modules/react/cjs/react.development.js:2582:11)
      at ../../node_modules/.pnpm/@testing-library+react@16.3.2_@testing-library+dom@10.4.1_@types+react-dom@18.3.7_@types+reac_3k5f6qynewwmkoqvlvtzlgtsjq/node_modules/@testing-library/react/dist/act-compat.js:46:25
      at renderRoot (../../node_modules/.pnpm/@testing-library+react@16.3.2_@testing-library+dom@10.4.1_@types+react-dom@18.3.7_@types+reac_3k5f6qynewwmkoqvlvtzlgtsjq/node_modules/@testing-library/react/dist/pure.js:189:26)
      at render (../../node_modules/.pnpm/@testing-library+react@16.3.2_@testing-library+dom@10.4.1_@types+react-dom@18.3.7_@types+reac_3k5f6qynewwmkoqvlvtzlgtsjq/node_modules/@testing-library/react/dist/pure.js:291:10)
      at Object.<anonymous> (components/__tests__/apps-table.test.tsx:57:11)

  ● AppsTable › clicking Delete on an ordinary app opens ConfirmDialog with the app name

    `Tooltip` must be used within `TooltipProvider`

      61 |
      62 |   it('clicking Delete on an ordinary app opens ConfirmDialog with the app name', async () => {
    > 63 |     render(withIntl(<AppsTable initial={initial} />))
         |           ^
      64 |     // Open the row action menu for Customer Portal (first row)
      65 |     const menuButtons = screen.getAllByRole('button', { name: /more/i })
      66 |     fireEvent.click(menuButtons[0])

      at useContext2 (../../node_modules/.pnpm/@radix-ui+react-context@1.1.2_@types+react@18.3.29_react@18.3.1/node_modules/@radix-ui/react-context/src/create-context.tsx:75:13)
      at Tooltip (../../node_modules/.pnpm/@radix-ui+react-tooltip@1.2.8_@types+react-dom@18.3.7_@types+react@18.3.29__@types+react@18.3_xrwsnt2rmlacewwolijhmzdoxi/node_modules/@radix-ui/react-tooltip/src/tooltip.tsx:162:27)
      at renderWithHooks (../../node_modules/.pnpm/react-dom@18.3.1_react@18.3.1/node_modules/react-dom/cjs/react-dom.development.js:15486:18)
      at mountIndeterminateComponent (../../node_modules/.pnpm/react-dom@18.3.1_react@18.3.1/node_modules/react-dom/cjs/react-dom.development.js:20103:13)
      at beginWork (../../node_modules/.pnpm/react-dom@18.3.1_react@18.3.1/node_modules/react-dom/cjs/react-dom.development.js:21626:16)
      at beginWork$1 (../../node_modules/.pnpm/react-dom@18.3.1_react@18.3.1/node_modules/react-dom/cjs/react-dom.development.js:27465:14)
      at performUnitOfWork (../../node_modules/.pnpm/react-dom@18.3.1_react@18.3.1/node_modules/react-dom/cjs/react-dom.development.js:26599:12)
      at workLoopSync (../../node_modules/.pnpm/react-dom@18.3.1_react@18.3.1/node_modules/react-dom/cjs/react-dom.development.js:26505:5)
      at renderRootSync (../../node_modules/.pnpm/react-dom@18.3.1_react@18.3.1/node_modules/react-dom/cjs/react-dom.development.js:26473:7)
      at recoverFromConcurrentError (../../node_modules/.pnpm/react-dom@18.3.1_react@18.3.1/node_modules/react-dom/cjs/react-dom.development.js:25889:20)
      at performConcurrentWorkOnRoot (../../node_modules/.pnpm/react-dom@18.3.1_react@18.3.1/node_modules/react-dom/cjs/react-dom.development.js:25789:22)
      at flushActQueue (../../node_modules/.pnpm/react@18.3.1/node_modules/react/cjs/react.development.js:2667:24)
      at act (../../node_modules/.pnpm/react@18.3.1/node_modules/react/cjs/react.development.js:2582:11)
      at ../../node_modules/.pnpm/@testing-library+react@16.3.2_@testing-library+dom@10.4.1_@types+react-dom@18.3.7_@types+reac_3k5f6qynewwmkoqvlvtzlgtsjq/node_modules/@testing-library/react/dist/act-compat.js:46:25
      at renderRoot (../../node_modules/.pnpm/@testing-library+react@16.3.2_@testing-library+dom@10.4.1_@types+react-dom@18.3.7_@types+reac_3k5f6qynewwmkoqvlvtzlgtsjq/node_modules/@testing-library/react/dist/pure.js:189:26)
      at render (../../node_modules/.pnpm/@testing-library+react@16.3.2_@testing-library+dom@10.4.1_@types+react-dom@18.3.7_@types+reac_3k5f6qynewwmkoqvlvtzlgtsjq/node_modules/@testing-library/react/dist/pure.js:291:10)
      at Object.<anonymous> (components/__tests__/apps-table.test.tsx:63:11)

  ● AppsTable › debounced search triggers listAppsAction with q

    `Tooltip` must be used within `TooltipProvider`

      74 |     jest.useFakeTimers()
      75 |     ;(actions.listAppsAction as jest.Mock).mockResolvedValue({ items: [], total: 0, page: 1, pageSize: 25 })
    > 76 |     render(withIntl(<AppsTable initial={initial} />))
         |           ^
      77 |     fireEvent.change(screen.getByPlaceholderText(en.apps.search), { target: { value: 'port' } })
      78 |     jest.advanceTimersByTime(400)
      79 |     await waitFor(() => expect(actions.listAppsAction).toHaveBeenCalledWith({ q: 'port', page: 1, pageSize: 25 }))

      at useContext2 (../../node_modules/.pnpm/@radix-ui+react-context@1.1.2_@types+react@18.3.29_react@18.3.1/node_modules/@radix-ui/react-context/src/create-context.tsx:75:13)
      at Tooltip (../../node_modules/.pnpm/@radix-ui+react-tooltip@1.2.8_@types+react-dom@18.3.7_@types+react@18.3.29__@types+react@18.3_xrwsnt2rmlacewwolijhmzdoxi/node_modules/@radix-ui/react-tooltip/src/tooltip.tsx:162:27)
      at renderWithHooks (../../node_modules/.pnpm/react-dom@18.3.1_react@18.3.1/node_modules/react-dom/cjs/react-dom.development.js:15486:18)
      at mountIndeterminateComponent (../../node_modules/.pnpm/react-dom@18.3.1_react@18.3.1/node_modules/react-dom/cjs/react-dom.development.js:20103:13)
      at beginWork (../../node_modules/.pnpm/react-dom@18.3.1_react@18.3.1/node_modules/react-dom/cjs/react-dom.development.js:21626:16)
      at beginWork$1 (../../node_modules/.pnpm/react-dom@18.3.1_react@18.3.1/node_modules/react-dom/cjs/react-dom.development.js:27465:14)
      at performUnitOfWork (../../node_modules/.pnpm/react-dom@18.3.1_react@18.3.1/node_modules/react-dom/cjs/react-dom.development.js:26599:12)
      at workLoopSync (../../node_modules/.pnpm/react-dom@18.3.1_react@18.3.1/node_modules/react-dom/cjs/react-dom.development.js:26505:5)
      at renderRootSync (../../node_modules/.pnpm/react-dom@18.3.1_react@18.3.1/node_modules/react-dom/cjs/react-dom.development.js:26473:7)
      at recoverFromConcurrentError (../../node_modules/.pnpm/react-dom@18.3.1_react@18.3.1/node_modules/react-dom/cjs/react-dom.development.js:25889:20)
      at performConcurrentWorkOnRoot (../../node_modules/.pnpm/react-dom@18.3.1_react@18.3.1/node_modules/react-dom/cjs/react-dom.development.js:25789:22)
      at flushActQueue (../../node_modules/.pnpm/react@18.3.1/node_modules/react/cjs/react.development.js:2667:24)
      at act (../../node_modules/.pnpm/react@18.3.1/node_modules/react/cjs/react.development.js:2582:11)
      at ../../node_modules/.pnpm/@testing-library+react@16.3.2_@testing-library+dom@10.4.1_@types+react-dom@18.3.7_@types+reac_3k5f6qynewwmkoqvlvtzlgtsjq/node_modules/@testing-library/react/dist/act-compat.js:46:25
      at renderRoot (../../node_modules/.pnpm/@testing-library+react@16.3.2_@testing-library+dom@10.4.1_@types+react-dom@18.3.7_@types+reac_3k5f6qynewwmkoqvlvtzlgtsjq/node_modules/@testing-library/react/dist/pure.js:189:26)
      at render (../../node_modules/.pnpm/@testing-library+react@16.3.2_@testing-library+dom@10.4.1_@types+react-dom@18.3.7_@types+reac_3k5f6qynewwmkoqvlvtzlgtsjq/node_modules/@testing-library/react/dist/pure.js:291:10)
      at Object.<anonymous> (components/__tests__/apps-table.test.tsx:76:11)

FAIL components/__tests__/users-table.test.tsx
  ● Console

    console.error
      Error: Uncaught [Error: `Tooltip` must be used within `TooltipProvider`]
          at reportException (/app/node_modules/.pnpm/jsdom@20.0.3/node_modules/jsdom/lib/jsdom/living/helpers/runtime-script-errors.js:66:24)
          at innerInvokeEventListeners (/app/node_modules/.pnpm/jsdom@20.0.3/node_modules/jsdom/lib/jsdom/living/events/EventTarget-impl.js:353:9)
          at invokeEventListeners (/app/node_modules/.pnpm/jsdom@20.0.3/node_modules/jsdom/lib/jsdom/living/events/EventTarget-impl.js:286:3)
          at HTMLUnknownElementImpl._dispatch (/app/node_modules/.pnpm/jsdom@20.0.3/node_modules/jsdom/lib/jsdom/living/events/EventTarget-impl.js:233:9)
          at HTMLUnknownElementImpl.dispatchEvent (/app/node_modules/.pnpm/jsdom@20.0.3/node_modules/jsdom/lib/jsdom/living/events/EventTarget-impl.js:104:17)
          at HTMLUnknownElement.dispatchEvent (/app/node_modules/.pnpm/jsdom@20.0.3/node_modules/jsdom/lib/jsdom/living/generated/EventTarget.js:241:34)
          at Object.invokeGuardedCallbackDev (/app/node_modules/.pnpm/react-dom@18.3.1_react@18.3.1/node_modules/react-dom/cjs/react-dom.development.js:4213:16)
          at invokeGuardedCallback (/app/node_modules/.pnpm/react-dom@18.3.1_react@18.3.1/node_modules/react-dom/cjs/react-dom.development.js:4277:31)
          at beginWork$1 (/app/node_modules/.pnpm/react-dom@18.3.1_react@18.3.1/node_modules/react-dom/cjs/react-dom.development.js:27490:7)
          at performUnitOfWork (/app/node_modules/.pnpm/react-dom@18.3.1_react@18.3.1/node_modules/react-dom/cjs/react-dom.development.js:26599:12)
          at workLoopSync (/app/node_modules/.pnpm/react-dom@18.3.1_react@18.3.1/node_modules/react-dom/cjs/react-dom.development.js:26505:5)
          at renderRootSync (/app/node_modules/.pnpm/react-dom@18.3.1_react@18.3.1/node_modules/react-dom/cjs/react-dom.development.js:26473:7)
          at performConcurrentWorkOnRoot (/app/node_modules/.pnpm/react-dom@18.3.1_react@18.3.1/node_modules/react-dom/cjs/react-dom.development.js:25777:74)
          at flushActQueue (/app/node_modules/.pnpm/react@18.3.1/node_modules/react/cjs/react.development.js:2667:24)
          at act (/app/node_modules/.pnpm/react@18.3.1/node_modules/react/cjs/react.development.js:2582:11)
          at /app/node_modules/.pnpm/@testing-library+react@16.3.2_@testing-library+dom@10.4.1_@types+react-dom@18.3.7_@types+reac_3k5f6qynewwmkoqvlvtzlgtsjq/node_modules/@testing-library/react/dist/act-compat.js:46:25
          at renderRoot (/app/node_modules/.pnpm/@testing-library+react@16.3.2_@testing-library+dom@10.4.1_@types+react-dom@18.3.7_@types+reac_3k5f6qynewwmkoqvlvtzlgtsjq/node_modules/@testing-library/react/dist/pure.js:189:26)
          at render (/app/node_modules/.pnpm/@testing-library+react@16.3.2_@testing-library+dom@10.4.1_@types+react-dom@18.3.7_@types+reac_3k5f6qynewwmkoqvlvtzlgtsjq/node_modules/@testing-library/react/dist/pure.js:291:10)
          at Object.<anonymous> (/app/apps/admin/components/__tests__/users-table.test.tsx:59:11)
          at Promise.then.completed (/app/node_modules/.pnpm/jest-circus@29.7.0/node_modules/jest-circus/build/utils.js:298:28)
          at new Promise (<anonymous>)
          at callAsyncCircusFn (/app/node_modules/.pnpm/jest-circus@29.7.0/node_modules/jest-circus/build/utils.js:231:10)
          at _callCircusTest (/app/node_modules/.pnpm/jest-circus@29.7.0/node_modules/jest-circus/build/run.js:316:40)
          at processTicksAndRejections (node:internal/process/task_queues:103:5)
          at _runTest (/app/node_modules/.pnpm/jest-circus@29.7.0/node_modules/jest-circus/build/run.js:252:3)
          at _runTestsForDescribeBlock (/app/node_modules/.pnpm/jest-circus@29.7.0/node_modules/jest-circus/build/run.js:126:9)
          at _runTestsForDescribeBlock (/app/node_modules/.pnpm/jest-circus@29.7.0/node_modules/jest-circus/build/run.js:121:9)
          at run (/app/node_modules/.pnpm/jest-circus@29.7.0/node_modules/jest-circus/build/run.js:71:3)
          at runAndTransformResultsToJestFormat (/app/node_modules/.pnpm/jest-circus@29.7.0/node_modules/jest-circus/build/legacy-code-todo-rewrite/jestAdapterInit.js:122:21)
          at jestAdapter (/app/node_modules/.pnpm/jest-circus@29.7.0/node_modules/jest-circus/build/legacy-code-todo-rewrite/jestAdapter.js:79:19)
          at runTestInternal (/app/node_modules/.pnpm/jest-runner@29.7.0/node_modules/jest-runner/build/runTest.js:367:16)
          at runTest (/app/node_modules/.pnpm/jest-runner@29.7.0/node_modules/jest-runner/build/runTest.js:444:34)
          at Object.worker (/app/node_modules/.pnpm/jest-runner@29.7.0/node_modules/jest-runner/build/testWorker.js:106:12) {
        detail: Error: `Tooltip` must be used within `TooltipProvider`
            at useContext2 (/app/node_modules/.pnpm/@radix-ui+react-context@1.1.2_@types+react@18.3.29_react@18.3.1/node_modules/@radix-ui/react-context/src/create-context.tsx:75:13)
            at Tooltip (/app/node_modules/.pnpm/@radix-ui+react-tooltip@1.2.8_@types+react-dom@18.3.7_@types+react@18.3.29__@types+react@18.3_xrwsnt2rmlacewwolijhmzdoxi/node_modules/@radix-ui/react-tooltip/src/tooltip.tsx:162:27)
            at renderWithHooks (/app/node_modules/.pnpm/react-dom@18.3.1_react@18.3.1/node_modules/react-dom/cjs/react-dom.development.js:15486:18)
            at mountIndeterminateComponent (/app/node_modules/.pnpm/react-dom@18.3.1_react@18.3.1/node_modules/react-dom/cjs/react-dom.development.js:20103:13)
            at beginWork (/app/node_modules/.pnpm/react-dom@18.3.1_react@18.3.1/node_modules/react-dom/cjs/react-dom.development.js:21626:16)
            at HTMLUnknownElement.callCallback (/app/node_modules/.pnpm/react-dom@18.3.1_react@18.3.1/node_modules/react-dom/cjs/react-dom.development.js:4164:14)
            at HTMLUnknownElement.callTheUserObjectsOperation (/app/node_modules/.pnpm/jsdom@20.0.3/node_modules/jsdom/lib/jsdom/living/generated/EventListener.js:26:30)
            at innerInvokeEventListeners (/app/node_modules/.pnpm/jsdom@20.0.3/node_modules/jsdom/lib/jsdom/living/events/EventTarget-impl.js:350:25)
            at invokeEventListeners (/app/node_modules/.pnpm/jsdom@20.0.3/node_modules/jsdom/lib/jsdom/living/events/EventTarget-impl.js:286:3)
            at HTMLUnknownElementImpl._dispatch (/app/node_modules/.pnpm/jsdom@20.0.3/node_modules/jsdom/lib/jsdom/living/events/EventTarget-impl.js:233:9)
            at HTMLUnknownElementImpl.dispatchEvent (/app/node_modules/.pnpm/jsdom@20.0.3/node_modules/jsdom/lib/jsdom/living/events/EventTarget-impl.js:104:17)
            at HTMLUnknownElement.dispatchEvent (/app/node_modules/.pnpm/jsdom@20.0.3/node_modules/jsdom/lib/jsdom/living/generated/EventTarget.js:241:34)
            at Object.invokeGuardedCallbackDev (/app/node_modules/.pnpm/react-dom@18.3.1_react@18.3.1/node_modules/react-dom/cjs/react-dom.development.js:4213:16)
            at invokeGuardedCallback (/app/node_modules/.pnpm/react-dom@18.3.1_react@18.3.1/node_modules/react-dom/cjs/react-dom.development.js:4277:31)
            at beginWork$1 (/app/node_modules/.pnpm/react-dom@18.3.1_react@18.3.1/node_modules/react-dom/cjs/react-dom.development.js:27490:7)
            at performUnitOfWork (/app/node_modules/.pnpm/react-dom@18.3.1_react@18.3.1/node_modules/react-dom/cjs/react-dom.development.js:26599:12)
            at workLoopSync (/app/node_modules/.pnpm/react-dom@18.3.1_react@18.3.1/node_modules/react-dom/cjs/react-dom.development.js:26505:5)
            at renderRootSync (/app/node_modules/.pnpm/react-dom@18.3.1_react@18.3.1/node_modules/react-dom/cjs/react-dom.development.js:26473:7)
            at performConcurrentWorkOnRoot (/app/node_modules/.pnpm/react-dom@18.3.1_react@18.3.1/node_modules/react-dom/cjs/react-dom.development.js:25777:74)
            at flushActQueue (/app/node_modules/.pnpm/react@18.3.1/node_modules/react/cjs/react.development.js:2667:24)
            at act (/app/node_modules/.pnpm/react@18.3.1/node_modules/react/cjs/react.development.js:2582:11)
            at /app/node_modules/.pnpm/@testing-library+react@16.3.2_@testing-library+dom@10.4.1_@types+react-dom@18.3.7_@types+reac_3k5f6qynewwmkoqvlvtzlgtsjq/node_modules/@testing-library/react/dist/act-compat.js:46:25
            at renderRoot (/app/node_modules/.pnpm/@testing-library+react@16.3.2_@testing-library+dom@10.4.1_@types+react-dom@18.3.7_@types+reac_3k5f6qynewwmkoqvlvtzlgtsjq/node_modules/@testing-library/react/dist/pure.js:189:26)
            at render (/app/node_modules/.pnpm/@testing-library+react@16.3.2_@testing-library+dom@10.4.1_@types+react-dom@18.3.7_@types+reac_3k5f6qynewwmkoqvlvtzlgtsjq/node_modules/@testing-library/react/dist/pure.js:291:10)
            at Object.<anonymous> (/app/apps/admin/components/__tests__/users-table.test.tsx:59:11)
            at Promise.then.completed (/app/node_modules/.pnpm/jest-circus@29.7.0/node_modules/jest-circus/build/utils.js:298:28)
            at new Promise (<anonymous>)
            at callAsyncCircusFn (/app/node_modules/.pnpm/jest-circus@29.7.0/node_modules/jest-circus/build/utils.js:231:10)
            at _callCircusTest (/app/node_modules/.pnpm/jest-circus@29.7.0/node_modules/jest-circus/build/run.js:316:40)
            at processTicksAndRejections (node:internal/process/task_queues:103:5)
            at _runTest (/app/node_modules/.pnpm/jest-circus@29.7.0/node_modules/jest-circus/build/run.js:252:3)
            at _runTestsForDescribeBlock (/app/node_modules/.pnpm/jest-circus@29.7.0/node_modules/jest-circus/build/run.js:126:9)
            at _runTestsForDescribeBlock (/app/node_modules/.pnpm/jest-circus@29.7.0/node_modules/jest-circus/build/run.js:121:9)
            at run (/app/node_modules/.pnpm/jest-circus@29.7.0/node_modules/jest-circus/build/run.js:71:3)
            at runAndTransformResultsToJestFormat (/app/node_modules/.pnpm/jest-circus@29.7.0/node_modules/jest-circus/build/legacy-code-todo-rewrite/jestAdapterInit.js:122:21)
            at jestAdapter (/app/node_modules/.pnpm/jest-circus@29.7.0/node_modules/jest-circus/build/legacy-code-todo-rewrite/jestAdapter.js:79:19)
            at runTestInternal (/app/node_modules/.pnpm/jest-runner@29.7.0/node_modules/jest-runner/build/runTest.js:367:16)
            at runTest (/app/node_modules/.pnpm/jest-runner@29.7.0/node_modules/jest-runner/build/runTest.js:444:34)
            at Object.worker (/app/node_modules/.pnpm/jest-runner@29.7.0/node_modules/jest-runner/build/testWorker.js:106:12),
        type: 'unhandled exception'
      }

      57 | describe('UsersTable', () => {
      58 |   it('renders user rows', () => {
    > 59 |     render(withIntl(<UsersTable users={mockUsers} orgs={mockOrgs} />))
         |           ^
      60 |     expect(screen.getByText('Alice Smith')).toBeInTheDocument()
      61 |     expect(screen.getByText('bob@example.com')).toBeInTheDocument()
      62 |   })

      at VirtualConsole.<anonymous> (../../node_modules/.pnpm/jest-environment-jsdom@29.7.0/node_modules/jest-environment-jsdom/build/index.js:63:23)
      at reportException (../../node_modules/.pnpm/jsdom@20.0.3/node_modules/jsdom/lib/jsdom/living/helpers/runtime-script-errors.js:70:28)
      at innerInvokeEventListeners (../../node_modules/.pnpm/jsdom@20.0.3/node_modules/jsdom/lib/jsdom/living/events/EventTarget-impl.js:353:9)
      at invokeEventListeners (../../node_modules/.pnpm/jsdom@20.0.3/node_modules/jsdom/lib/jsdom/living/events/EventTarget-impl.js:286:3)
      at HTMLUnknownElementImpl._dispatch (../../node_modules/.pnpm/jsdom@20.0.3/node_modules/jsdom/lib/jsdom/living/events/EventTarget-impl.js:233:9)
      at HTMLUnknownElementImpl.dispatchEvent (../../node_modules/.pnpm/jsdom@20.0.3/node_modules/jsdom/lib/jsdom/living/events/EventTarget-impl.js:104:17)
      at HTMLUnknownElement.dispatchEvent (../../node_modules/.pnpm/jsdom@20.0.3/node_modules/jsdom/lib/jsdom/living/generated/EventTarget.js:241:34)
      at Object.invokeGuardedCallbackDev (../../node_modules/.pnpm/react-dom@18.3.1_react@18.3.1/node_modules/react-dom/cjs/react-dom.development.js:4213:16)
      at invokeGuardedCallback (../../node_modules/.pnpm/react-dom@18.3.1_react@18.3.1/node_modules/react-dom/cjs/react-dom.development.js:4277:31)
      at beginWork$1 (../../node_modules/.pnpm/react-dom@18.3.1_react@18.3.1/node_modules/react-dom/cjs/react-dom.development.js:27490:7)
      at performUnitOfWork (../../node_modules/.pnpm/react-dom@18.3.1_react@18.3.1/node_modules/react-dom/cjs/react-dom.development.js:26599:12)
      at workLoopSync (../../node_modules/.pnpm/react-dom@18.3.1_react@18.3.1/node_modules/react-dom/cjs/react-dom.development.js:26505:5)
      at renderRootSync (../../node_modules/.pnpm/react-dom@18.3.1_react@18.3.1/node_modules/react-dom/cjs/react-dom.development.js:26473:7)
      at performConcurrentWorkOnRoot (../../node_modules/.pnpm/react-dom@18.3.1_react@18.3.1/node_modules/react-dom/cjs/react-dom.development.js:25777:74)
      at flushActQueue (../../node_modules/.pnpm/react@18.3.1/node_modules/react/cjs/react.development.js:2667:24)
      at act (../../node_modules/.pnpm/react@18.3.1/node_modules/react/cjs/react.development.js:2582:11)
      at ../../node_modules/.pnpm/@testing-library+react@16.3.2_@testing-library+dom@10.4.1_@types+react-dom@18.3.7_@types+reac_3k5f6qynewwmkoqvlvtzlgtsjq/node_modules/@testing-library/react/dist/act-compat.js:46:25
      at renderRoot (../../node_modules/.pnpm/@testing-library+react@16.3.2_@testing-library+dom@10.4.1_@types+react-dom@18.3.7_@types+reac_3k5f6qynewwmkoqvlvtzlgtsjq/node_modules/@testing-library/react/dist/pure.js:189:26)
      at render (../../node_modules/.pnpm/@testing-library+react@16.3.2_@testing-library+dom@10.4.1_@types+react-dom@18.3.7_@types+reac_3k5f6qynewwmkoqvlvtzlgtsjq/node_modules/@testing-library/react/dist/pure.js:291:10)
      at Object.<anonymous> (components/__tests__/users-table.test.tsx:59:11)

    console.error
      Error: Uncaught [Error: `Tooltip` must be used within `TooltipProvider`]
          at reportException (/app/node_modules/.pnpm/jsdom@20.0.3/node_modules/jsdom/lib/jsdom/living/helpers/runtime-script-errors.js:66:24)
          at innerInvokeEventListeners (/app/node_modules/.pnpm/jsdom@20.0.3/node_modules/jsdom/lib/jsdom/living/events/EventTarget-impl.js:353:9)
          at invokeEventListeners (/app/node_modules/.pnpm/jsdom@20.0.3/node_modules/jsdom/lib/jsdom/living/events/EventTarget-impl.js:286:3)
          at HTMLUnknownElementImpl._dispatch (/app/node_modules/.pnpm/jsdom@20.0.3/node_modules/jsdom/lib/jsdom/living/events/EventTarget-impl.js:233:9)
          at HTMLUnknownElementImpl.dispatchEvent (/app/node_modules/.pnpm/jsdom@20.0.3/node_modules/jsdom/lib/jsdom/living/events/EventTarget-impl.js:104:17)
          at HTMLUnknownElement.dispatchEvent (/app/node_modules/.pnpm/jsdom@20.0.3/node_modules/jsdom/lib/jsdom/living/generated/EventTarget.js:241:34)
          at Object.invokeGuardedCallbackDev (/app/node_modules/.pnpm/react-dom@18.3.1_react@18.3.1/node_modules/react-dom/cjs/react-dom.development.js:4213:16)
          at invokeGuardedCallback (/app/node_modules/.pnpm/react-dom@18.3.1_react@18.3.1/node_modules/react-dom/cjs/react-dom.development.js:4277:31)
          at beginWork$1 (/app/node_modules/.pnpm/react-dom@18.3.1_react@18.3.1/node_modules/react-dom/cjs/react-dom.development.js:27490:7)
          at performUnitOfWork (/app/node_modules/.pnpm/react-dom@18.3.1_react@18.3.1/node_modules/react-dom/cjs/react-dom.development.js:26599:12)
          at workLoopSync (/app/node_modules/.pnpm/react-dom@18.3.1_react@18.3.1/node_modules/react-dom/cjs/react-dom.development.js:26505:5)
          at renderRootSync (/app/node_modules/.pnpm/react-dom@18.3.1_react@18.3.1/node_modules/react-dom/cjs/react-dom.development.js:26473:7)
          at performConcurrentWorkOnRoot (/app/node_modules/.pnpm/react-dom@18.3.1_react@18.3.1/node_modules/react-dom/cjs/react-dom.development.js:25777:74)
          at flushActQueue (/app/node_modules/.pnpm/react@18.3.1/node_modules/react/cjs/react.development.js:2667:24)
          at act (/app/node_modules/.pnpm/react@18.3.1/node_modules/react/cjs/react.development.js:2582:11)
          at /app/node_modules/.pnpm/@testing-library+react@16.3.2_@testing-library+dom@10.4.1_@types+react-dom@18.3.7_@types+reac_3k5f6qynewwmkoqvlvtzlgtsjq/node_modules/@testing-library/react/dist/act-compat.js:46:25
          at renderRoot (/app/node_modules/.pnpm/@testing-library+react@16.3.2_@testing-library+dom@10.4.1_@types+react-dom@18.3.7_@types+reac_3k5f6qynewwmkoqvlvtzlgtsjq/node_modules/@testing-library/react/dist/pure.js:189:26)
          at render (/app/node_modules/.pnpm/@testing-library+react@16.3.2_@testing-library+dom@10.4.1_@types+react-dom@18.3.7_@types+reac_3k5f6qynewwmkoqvlvtzlgtsjq/node_modules/@testing-library/react/dist/pure.js:291:10)
          at Object.<anonymous> (/app/apps/admin/components/__tests__/users-table.test.tsx:59:11)
          at Promise.then.completed (/app/node_modules/.pnpm/jest-circus@29.7.0/node_modules/jest-circus/build/utils.js:298:28)
          at new Promise (<anonymous>)
          at callAsyncCircusFn (/app/node_modules/.pnpm/jest-circus@29.7.0/node_modules/jest-circus/build/utils.js:231:10)
          at _callCircusTest (/app/node_modules/.pnpm/jest-circus@29.7.0/node_modules/jest-circus/build/run.js:316:40)
          at processTicksAndRejections (node:internal/process/task_queues:103:5)
          at _runTest (/app/node_modules/.pnpm/jest-circus@29.7.0/node_modules/jest-circus/build/run.js:252:3)
          at _runTestsForDescribeBlock (/app/node_modules/.pnpm/jest-circus@29.7.0/node_modules/jest-circus/build/run.js:126:9)
          at _runTestsForDescribeBlock (/app/node_modules/.pnpm/jest-circus@29.7.0/node_modules/jest-circus/build/run.js:121:9)
          at run (/app/node_modules/.pnpm/jest-circus@29.7.0/node_modules/jest-circus/build/run.js:71:3)
          at runAndTransformResultsToJestFormat (/app/node_modules/.pnpm/jest-circus@29.7.0/node_modules/jest-circus/build/legacy-code-todo-rewrite/jestAdapterInit.js:122:21)
          at jestAdapter (/app/node_modules/.pnpm/jest-circus@29.7.0/node_modules/jest-circus/build/legacy-code-todo-rewrite/jestAdapter.js:79:19)
          at runTestInternal (/app/node_modules/.pnpm/jest-runner@29.7.0/node_modules/jest-runner/build/runTest.js:367:16)
          at runTest (/app/node_modules/.pnpm/jest-runner@29.7.0/node_modules/jest-runner/build/runTest.js:444:34)
          at Object.worker (/app/node_modules/.pnpm/jest-runner@29.7.0/node_modules/jest-runner/build/testWorker.js:106:12) {
        detail: Error: `Tooltip` must be used within `TooltipProvider`
            at useContext2 (/app/node_modules/.pnpm/@radix-ui+react-context@1.1.2_@types+react@18.3.29_react@18.3.1/node_modules/@radix-ui/react-context/src/create-context.tsx:75:13)
            at Tooltip (/app/node_modules/.pnpm/@radix-ui+react-tooltip@1.2.8_@types+react-dom@18.3.7_@types+react@18.3.29__@types+react@18.3_xrwsnt2rmlacewwolijhmzdoxi/node_modules/@radix-ui/react-tooltip/src/tooltip.tsx:162:27)
            at renderWithHooks (/app/node_modules/.pnpm/react-dom@18.3.1_react@18.3.1/node_modules/react-dom/cjs/react-dom.development.js:15486:18)
            at mountIndeterminateComponent (/app/node_modules/.pnpm/react-dom@18.3.1_react@18.3.1/node_modules/react-dom/cjs/react-dom.development.js:20103:13)
            at beginWork (/app/node_modules/.pnpm/react-dom@18.3.1_react@18.3.1/node_modules/react-dom/cjs/react-dom.development.js:21626:16)
            at HTMLUnknownElement.callCallback (/app/node_modules/.pnpm/react-dom@18.3.1_react@18.3.1/node_modules/react-dom/cjs/react-dom.development.js:4164:14)
            at HTMLUnknownElement.callTheUserObjectsOperation (/app/node_modules/.pnpm/jsdom@20.0.3/node_modules/jsdom/lib/jsdom/living/generated/EventListener.js:26:30)
            at innerInvokeEventListeners (/app/node_modules/.pnpm/jsdom@20.0.3/node_modules/jsdom/lib/jsdom/living/events/EventTarget-impl.js:350:25)
            at invokeEventListeners (/app/node_modules/.pnpm/jsdom@20.0.3/node_modules/jsdom/lib/jsdom/living/events/EventTarget-impl.js:286:3)
            at HTMLUnknownElementImpl._dispatch (/app/node_modules/.pnpm/jsdom@20.0.3/node_modules/jsdom/lib/jsdom/living/events/EventTarget-impl.js:233:9)
            at HTMLUnknownElementImpl.dispatchEvent (/app/node_modules/.pnpm/jsdom@20.0.3/node_modules/jsdom/lib/jsdom/living/events/EventTarget-impl.js:104:17)
            at HTMLUnknownElement.dispatchEvent (/app/node_modules/.pnpm/jsdom@20.0.3/node_modules/jsdom/lib/jsdom/living/generated/EventTarget.js:241:34)
            at Object.invokeGuardedCallbackDev (/app/node_modules/.pnpm/react-dom@18.3.1_react@18.3.1/node_modules/react-dom/cjs/react-dom.development.js:4213:16)
            at invokeGuardedCallback (/app/node_modules/.pnpm/react-dom@18.3.1_react@18.3.1/node_modules/react-dom/cjs/react-dom.development.js:4277:31)
            at beginWork$1 (/app/node_modules/.pnpm/react-dom@18.3.1_react@18.3.1/node_modules/react-dom/cjs/react-dom.development.js:27490:7)
            at performUnitOfWork (/app/node_modules/.pnpm/react-dom@18.3.1_react@18.3.1/node_modules/react-dom/cjs/react-dom.development.js:26599:12)
            at workLoopSync (/app/node_modules/.pnpm/react-dom@18.3.1_react@18.3.1/node_modules/react-dom/cjs/react-dom.development.js:26505:5)
            at renderRootSync (/app/node_modules/.pnpm/react-dom@18.3.1_react@18.3.1/node_modules/react-dom/cjs/react-dom.development.js:26473:7)
            at performConcurrentWorkOnRoot (/app/node_modules/.pnpm/react-dom@18.3.1_react@18.3.1/node_modules/react-dom/cjs/react-dom.development.js:25777:74)
            at flushActQueue (/app/node_modules/.pnpm/react@18.3.1/node_modules/react/cjs/react.development.js:2667:24)
            at act (/app/node_modules/.pnpm/react@18.3.1/node_modules/react/cjs/react.development.js:2582:11)
            at /app/node_modules/.pnpm/@testing-library+react@16.3.2_@testing-library+dom@10.4.1_@types+react-dom@18.3.7_@types+reac_3k5f6qynewwmkoqvlvtzlgtsjq/node_modules/@testing-library/react/dist/act-compat.js:46:25
            at renderRoot (/app/node_modules/.pnpm/@testing-library+react@16.3.2_@testing-library+dom@10.4.1_@types+react-dom@18.3.7_@types+reac_3k5f6qynewwmkoqvlvtzlgtsjq/node_modules/@testing-library/react/dist/pure.js:189:26)
            at render (/app/node_modules/.pnpm/@testing-library+react@16.3.2_@testing-library+dom@10.4.1_@types+react-dom@18.3.7_@types+reac_3k5f6qynewwmkoqvlvtzlgtsjq/node_modules/@testing-library/react/dist/pure.js:291:10)
            at Object.<anonymous> (/app/apps/admin/components/__tests__/users-table.test.tsx:59:11)
            at Promise.then.completed (/app/node_modules/.pnpm/jest-circus@29.7.0/node_modules/jest-circus/build/utils.js:298:28)
            at new Promise (<anonymous>)
            at callAsyncCircusFn (/app/node_modules/.pnpm/jest-circus@29.7.0/node_modules/jest-circus/build/utils.js:231:10)
            at _callCircusTest (/app/node_modules/.pnpm/jest-circus@29.7.0/node_modules/jest-circus/build/run.js:316:40)
            at processTicksAndRejections (node:internal/process/task_queues:103:5)
            at _runTest (/app/node_modules/.pnpm/jest-circus@29.7.0/node_modules/jest-circus/build/run.js:252:3)
            at _runTestsForDescribeBlock (/app/node_modules/.pnpm/jest-circus@29.7.0/node_modules/jest-circus/build/run.js:126:9)
            at _runTestsForDescribeBlock (/app/node_modules/.pnpm/jest-circus@29.7.0/node_modules/jest-circus/build/run.js:121:9)
            at run (/app/node_modules/.pnpm/jest-circus@29.7.0/node_modules/jest-circus/build/run.js:71:3)
            at runAndTransformResultsToJestFormat (/app/node_modules/.pnpm/jest-circus@29.7.0/node_modules/jest-circus/build/legacy-code-todo-rewrite/jestAdapterInit.js:122:21)
            at jestAdapter (/app/node_modules/.pnpm/jest-circus@29.7.0/node_modules/jest-circus/build/legacy-code-todo-rewrite/jestAdapter.js:79:19)
            at runTestInternal (/app/node_modules/.pnpm/jest-runner@29.7.0/node_modules/jest-runner/build/runTest.js:367:16)
            at runTest (/app/node_modules/.pnpm/jest-runner@29.7.0/node_modules/jest-runner/build/runTest.js:444:34)
            at Object.worker (/app/node_modules/.pnpm/jest-runner@29.7.0/node_modules/jest-runner/build/testWorker.js:106:12),
        type: 'unhandled exception'
      }

      57 | describe('UsersTable', () => {
      58 |   it('renders user rows', () => {
    > 59 |     render(withIntl(<UsersTable users={mockUsers} orgs={mockOrgs} />))
         |           ^
      60 |     expect(screen.getByText('Alice Smith')).toBeInTheDocument()
      61 |     expect(screen.getByText('bob@example.com')).toBeInTheDocument()
      62 |   })

      at VirtualConsole.<anonymous> (../../node_modules/.pnpm/jest-environment-jsdom@29.7.0/node_modules/jest-environment-jsdom/build/index.js:63:23)
      at reportException (../../node_modules/.pnpm/jsdom@20.0.3/node_modules/jsdom/lib/jsdom/living/helpers/runtime-script-errors.js:70:28)
      at innerInvokeEventListeners (../../node_modules/.pnpm/jsdom@20.0.3/node_modules/jsdom/lib/jsdom/living/events/EventTarget-impl.js:353:9)
      at invokeEventListeners (../../node_modules/.pnpm/jsdom@20.0.3/node_modules/jsdom/lib/jsdom/living/events/EventTarget-impl.js:286:3)
      at HTMLUnknownElementImpl._dispatch (../../node_modules/.pnpm/jsdom@20.0.3/node_modules/jsdom/lib/jsdom/living/events/EventTarget-impl.js:233:9)
      at HTMLUnknownElementImpl.dispatchEvent (../../node_modules/.pnpm/jsdom@20.0.3/node_modules/jsdom/lib/jsdom/living/events/EventTarget-impl.js:104:17)
      at HTMLUnknownElement.dispatchEvent (../../node_modules/.pnpm/jsdom@20.0.3/node_modules/jsdom/lib/jsdom/living/generated/EventTarget.js:241:34)
      at Object.invokeGuardedCallbackDev (../../node_modules/.pnpm/react-dom@18.3.1_react@18.3.1/node_modules/react-dom/cjs/react-dom.development.js:4213:16)
      at invokeGuardedCallback (../../node_modules/.pnpm/react-dom@18.3.1_react@18.3.1/node_modules/react-dom/cjs/react-dom.development.js:4277:31)
      at beginWork$1 (../../node_modules/.pnpm/react-dom@18.3.1_react@18.3.1/node_modules/react-dom/cjs/react-dom.development.js:27490:7)
      at performUnitOfWork (../../node_modules/.pnpm/react-dom@18.3.1_react@18.3.1/node_modules/react-dom/cjs/react-dom.development.js:26599:12)
      at workLoopSync (../../node_modules/.pnpm/react-dom@18.3.1_react@18.3.1/node_modules/react-dom/cjs/react-dom.development.js:26505:5)
      at renderRootSync (../../node_modules/.pnpm/react-dom@18.3.1_react@18.3.1/node_modules/react-dom/cjs/react-dom.development.js:26473:7)
      at performConcurrentWorkOnRoot (../../node_modules/.pnpm/react-dom@18.3.1_react@18.3.1/node_modules/react-dom/cjs/react-dom.development.js:25777:74)
      at flushActQueue (../../node_modules/.pnpm/react@18.3.1/node_modules/react/cjs/react.development.js:2667:24)
      at act (../../node_modules/.pnpm/react@18.3.1/node_modules/react/cjs/react.development.js:2582:11)
      at ../../node_modules/.pnpm/@testing-library+react@16.3.2_@testing-library+dom@10.4.1_@types+react-dom@18.3.7_@types+reac_3k5f6qynewwmkoqvlvtzlgtsjq/node_modules/@testing-library/react/dist/act-compat.js:46:25
      at renderRoot (../../node_modules/.pnpm/@testing-library+react@16.3.2_@testing-library+dom@10.4.1_@types+react-dom@18.3.7_@types+reac_3k5f6qynewwmkoqvlvtzlgtsjq/node_modules/@testing-library/react/dist/pure.js:189:26)
      at render (../../node_modules/.pnpm/@testing-library+react@16.3.2_@testing-library+dom@10.4.1_@types+react-dom@18.3.7_@types+reac_3k5f6qynewwmkoqvlvtzlgtsjq/node_modules/@testing-library/react/dist/pure.js:291:10)
      at Object.<anonymous> (components/__tests__/users-table.test.tsx:59:11)

    console.error
      Error: Uncaught [Error: `Tooltip` must be used within `TooltipProvider`]
          at reportException (/app/node_modules/.pnpm/jsdom@20.0.3/node_modules/jsdom/lib/jsdom/living/helpers/runtime-script-errors.js:66:24)
          at innerInvokeEventListeners (/app/node_modules/.pnpm/jsdom@20.0.3/node_modules/jsdom/lib/jsdom/living/events/EventTarget-impl.js:353:9)
          at invokeEventListeners (/app/node_modules/.pnpm/jsdom@20.0.3/node_modules/jsdom/lib/jsdom/living/events/EventTarget-impl.js:286:3)
          at HTMLUnknownElementImpl._dispatch (/app/node_modules/.pnpm/jsdom@20.0.3/node_modules/jsdom/lib/jsdom/living/events/EventTarget-impl.js:233:9)
          at HTMLUnknownElementImpl.dispatchEvent (/app/node_modules/.pnpm/jsdom@20.0.3/node_modules/jsdom/lib/jsdom/living/events/EventTarget-impl.js:104:17)
          at HTMLUnknownElement.dispatchEvent (/app/node_modules/.pnpm/jsdom@20.0.3/node_modules/jsdom/lib/jsdom/living/generated/EventTarget.js:241:34)
          at Object.invokeGuardedCallbackDev (/app/node_modules/.pnpm/react-dom@18.3.1_react@18.3.1/node_modules/react-dom/cjs/react-dom.development.js:4213:16)
          at invokeGuardedCallback (/app/node_modules/.pnpm/react-dom@18.3.1_react@18.3.1/node_modules/react-dom/cjs/react-dom.development.js:4277:31)
          at beginWork$1 (/app/node_modules/.pnpm/react-dom@18.3.1_react@18.3.1/node_modules/react-dom/cjs/react-dom.development.js:27490:7)
          at performUnitOfWork (/app/node_modules/.pnpm/react-dom@18.3.1_react@18.3.1/node_modules/react-dom/cjs/react-dom.development.js:26599:12)
          at workLoopSync (/app/node_modules/.pnpm/react-dom@18.3.1_react@18.3.1/node_modules/react-dom/cjs/react-dom.development.js:26505:5)
          at renderRootSync (/app/node_modules/.pnpm/react-dom@18.3.1_react@18.3.1/node_modules/react-dom/cjs/react-dom.development.js:26473:7)
          at recoverFromConcurrentError (/app/node_modules/.pnpm/react-dom@18.3.1_react@18.3.1/node_modules/react-dom/cjs/react-dom.development.js:25889:20)
          at performConcurrentWorkOnRoot (/app/node_modules/.pnpm/react-dom@18.3.1_react@18.3.1/node_modules/react-dom/cjs/react-dom.development.js:25789:22)
          at flushActQueue (/app/node_modules/.pnpm/react@18.3.1/node_modules/react/cjs/react.development.js:2667:24)
          at act (/app/node_modules/.pnpm/react@18.3.1/node_modules/react/cjs/react.development.js:2582:11)
          at /app/node_modules/.pnpm/@testing-library+react@16.3.2_@testing-library+dom@10.4.1_@types+react-dom@18.3.7_@types+reac_3k5f6qynewwmkoqvlvtzlgtsjq/node_modules/@testing-library/react/dist/act-compat.js:46:25
          at renderRoot (/app/node_modules/.pnpm/@testing-library+react@16.3.2_@testing-library+dom@10.4.1_@types+react-dom@18.3.7_@types+reac_3k5f6qynewwmkoqvlvtzlgtsjq/node_modules/@testing-library/react/dist/pure.js:189:26)
          at render (/app/node_modules/.pnpm/@testing-library+react@16.3.2_@testing-library+dom@10.4.1_@types+react-dom@18.3.7_@types+reac_3k5f6qynewwmkoqvlvtzlgtsjq/node_modules/@testing-library/react/dist/pure.js:291:10)
          at Object.<anonymous> (/app/apps/admin/components/__tests__/users-table.test.tsx:59:11)
          at Promise.then.completed (/app/node_modules/.pnpm/jest-circus@29.7.0/node_modules/jest-circus/build/utils.js:298:28)
          at new Promise (<anonymous>)
          at callAsyncCircusFn (/app/node_modules/.pnpm/jest-circus@29.7.0/node_modules/jest-circus/build/utils.js:231:10)
          at _callCircusTest (/app/node_modules/.pnpm/jest-circus@29.7.0/node_modules/jest-circus/build/run.js:316:40)
          at processTicksAndRejections (node:internal/process/task_queues:103:5)
          at _runTest (/app/node_modules/.pnpm/jest-circus@29.7.0/node_modules/jest-circus/build/run.js:252:3)
          at _runTestsForDescribeBlock (/app/node_modules/.pnpm/jest-circus@29.7.0/node_modules/jest-circus/build/run.js:126:9)
          at _runTestsForDescribeBlock (/app/node_modules/.pnpm/jest-circus@29.7.0/node_modules/jest-circus/build/run.js:121:9)
          at run (/app/node_modules/.pnpm/jest-circus@29.7.0/node_modules/jest-circus/build/run.js:71:3)
          at runAndTransformResultsToJestFormat (/app/node_modules/.pnpm/jest-circus@29.7.0/node_modules/jest-circus/build/legacy-code-todo-rewrite/jestAdapterInit.js:122:21)
          at jestAdapter (/app/node_modules/.pnpm/jest-circus@29.7.0/node_modules/jest-circus/build/legacy-code-todo-rewrite/jestAdapter.js:79:19)
          at runTestInternal (/app/node_modules/.pnpm/jest-runner@29.7.0/node_modules/jest-runner/build/runTest.js:367:16)
          at runTest (/app/node_modules/.pnpm/jest-runner@29.7.0/node_modules/jest-runner/build/runTest.js:444:34)
          at Object.worker (/app/node_modules/.pnpm/jest-runner@29.7.0/node_modules/jest-runner/build/testWorker.js:106:12) {
        detail: Error: `Tooltip` must be used within `TooltipProvider`
            at useContext2 (/app/node_modules/.pnpm/@radix-ui+react-context@1.1.2_@types+react@18.3.29_react@18.3.1/node_modules/@radix-ui/react-context/src/create-context.tsx:75:13)
            at Tooltip (/app/node_modules/.pnpm/@radix-ui+react-tooltip@1.2.8_@types+react-dom@18.3.7_@types+react@18.3.29__@types+react@18.3_xrwsnt2rmlacewwolijhmzdoxi/node_modules/@radix-ui/react-tooltip/src/tooltip.tsx:162:27)
            at renderWithHooks (/app/node_modules/.pnpm/react-dom@18.3.1_react@18.3.1/node_modules/react-dom/cjs/react-dom.development.js:15486:18)
            at mountIndeterminateComponent (/app/node_modules/.pnpm/react-dom@18.3.1_react@18.3.1/node_modules/react-dom/cjs/react-dom.development.js:20103:13)
            at beginWork (/app/node_modules/.pnpm/react-dom@18.3.1_react@18.3.1/node_modules/react-dom/cjs/react-dom.development.js:21626:16)
            at HTMLUnknownElement.callCallback (/app/node_modules/.pnpm/react-dom@18.3.1_react@18.3.1/node_modules/react-dom/cjs/react-dom.development.js:4164:14)
            at HTMLUnknownElement.callTheUserObjectsOperation (/app/node_modules/.pnpm/jsdom@20.0.3/node_modules/jsdom/lib/jsdom/living/generated/EventListener.js:26:30)
            at innerInvokeEventListeners (/app/node_modules/.pnpm/jsdom@20.0.3/node_modules/jsdom/lib/jsdom/living/events/EventTarget-impl.js:350:25)
            at invokeEventListeners (/app/node_modules/.pnpm/jsdom@20.0.3/node_modules/jsdom/lib/jsdom/living/events/EventTarget-impl.js:286:3)
            at HTMLUnknownElementImpl._dispatch (/app/node_modules/.pnpm/jsdom@20.0.3/node_modules/jsdom/lib/jsdom/living/events/EventTarget-impl.js:233:9)
            at HTMLUnknownElementImpl.dispatchEvent (/app/node_modules/.pnpm/jsdom@20.0.3/node_modules/jsdom/lib/jsdom/living/events/EventTarget-impl.js:104:17)
            at HTMLUnknownElement.dispatchEvent (/app/node_modules/.pnpm/jsdom@20.0.3/node_modules/jsdom/lib/jsdom/living/generated/EventTarget.js:241:34)
            at Object.invokeGuardedCallbackDev (/app/node_modules/.pnpm/react-dom@18.3.1_react@18.3.1/node_modules/react-dom/cjs/react-dom.development.js:4213:16)
            at invokeGuardedCallback (/app/node_modules/.pnpm/react-dom@18.3.1_react@18.3.1/node_modules/react-dom/cjs/react-dom.development.js:4277:31)
            at beginWork$1 (/app/node_modules/.pnpm/react-dom@18.3.1_react@18.3.1/node_modules/react-dom/cjs/react-dom.development.js:27490:7)
            at performUnitOfWork (/app/node_modules/.pnpm/react-dom@18.3.1_react@18.3.1/node_modules/react-dom/cjs/react-dom.development.js:26599:12)
            at workLoopSync (/app/node_modules/.pnpm/react-dom@18.3.1_react@18.3.1/node_modules/react-dom/cjs/react-dom.development.js:26505:5)
            at renderRootSync (/app/node_modules/.pnpm/react-dom@18.3.1_react@18.3.1/node_modules/react-dom/cjs/react-dom.development.js:26473:7)
            at recoverFromConcurrentError (/app/node_modules/.pnpm/react-dom@18.3.1_react@18.3.1/node_modules/react-dom/cjs/react-dom.development.js:25889:20)
            at performConcurrentWorkOnRoot (/app/node_modules/.pnpm/react-dom@18.3.1_react@18.3.1/node_modules/react-dom/cjs/react-dom.development.js:25789:22)
            at flushActQueue (/app/node_modules/.pnpm/react@18.3.1/node_modules/react/cjs/react.development.js:2667:24)
            at act (/app/node_modules/.pnpm/react@18.3.1/node_modules/react/cjs/react.development.js:2582:11)
            at /app/node_modules/.pnpm/@testing-library+react@16.3.2_@testing-library+dom@10.4.1_@types+react-dom@18.3.7_@types+reac_3k5f6qynewwmkoqvlvtzlgtsjq/node_modules/@testing-library/react/dist/act-compat.js:46:25
            at renderRoot (/app/node_modules/.pnpm/@testing-library+react@16.3.2_@testing-library+dom@10.4.1_@types+react-dom@18.3.7_@types+reac_3k5f6qynewwmkoqvlvtzlgtsjq/node_modules/@testing-library/react/dist/pure.js:189:26)
            at render (/app/node_modules/.pnpm/@testing-library+react@16.3.2_@testing-library+dom@10.4.1_@types+react-dom@18.3.7_@types+reac_3k5f6qynewwmkoqvlvtzlgtsjq/node_modules/@testing-library/react/dist/pure.js:291:10)
            at Object.<anonymous> (/app/apps/admin/components/__tests__/users-table.test.tsx:59:11)
            at Promise.then.completed (/app/node_modules/.pnpm/jest-circus@29.7.0/node_modules/jest-circus/build/utils.js:298:28)
            at new Promise (<anonymous>)
            at callAsyncCircusFn (/app/node_modules/.pnpm/jest-circus@29.7.0/node_modules/jest-circus/build/utils.js:231:10)
            at _callCircusTest (/app/node_modules/.pnpm/jest-circus@29.7.0/node_modules/jest-circus/build/run.js:316:40)
            at processTicksAndRejections (node:internal/process/task_queues:103:5)
            at _runTest (/app/node_modules/.pnpm/jest-circus@29.7.0/node_modules/jest-circus/build/run.js:252:3)
            at _runTestsForDescribeBlock (/app/node_modules/.pnpm/jest-circus@29.7.0/node_modules/jest-circus/build/run.js:126:9)
            at _runTestsForDescribeBlock (/app/node_modules/.pnpm/jest-circus@29.7.0/node_modules/jest-circus/build/run.js:121:9)
            at run (/app/node_modules/.pnpm/jest-circus@29.7.0/node_modules/jest-circus/build/run.js:71:3)
            at runAndTransformResultsToJestFormat (/app/node_modules/.pnpm/jest-circus@29.7.0/node_modules/jest-circus/build/legacy-code-todo-rewrite/jestAdapterInit.js:122:21)
            at jestAdapter (/app/node_modules/.pnpm/jest-circus@29.7.0/node_modules/jest-circus/build/legacy-code-todo-rewrite/jestAdapter.js:79:19)
            at runTestInternal (/app/node_modules/.pnpm/jest-runner@29.7.0/node_modules/jest-runner/build/runTest.js:367:16)
            at runTest (/app/node_modules/.pnpm/jest-runner@29.7.0/node_modules/jest-runner/build/runTest.js:444:34)
            at Object.worker (/app/node_modules/.pnpm/jest-runner@29.7.0/node_modules/jest-runner/build/testWorker.js:106:12),
        type: 'unhandled exception'
      }

      57 | describe('UsersTable', () => {
      58 |   it('renders user rows', () => {
    > 59 |     render(withIntl(<UsersTable users={mockUsers} orgs={mockOrgs} />))
         |           ^
      60 |     expect(screen.getByText('Alice Smith')).toBeInTheDocument()
      61 |     expect(screen.getByText('bob@example.com')).toBeInTheDocument()
      62 |   })

      at VirtualConsole.<anonymous> (../../node_modules/.pnpm/jest-environment-jsdom@29.7.0/node_modules/jest-environment-jsdom/build/index.js:63:23)
      at reportException (../../node_modules/.pnpm/jsdom@20.0.3/node_modules/jsdom/lib/jsdom/living/helpers/runtime-script-errors.js:70:28)
      at innerInvokeEventListeners (../../node_modules/.pnpm/jsdom@20.0.3/node_modules/jsdom/lib/jsdom/living/events/EventTarget-impl.js:353:9)
      at invokeEventListeners (../../node_modules/.pnpm/jsdom@20.0.3/node_modules/jsdom/lib/jsdom/living/events/EventTarget-impl.js:286:3)
      at HTMLUnknownElementImpl._dispatch (../../node_modules/.pnpm/jsdom@20.0.3/node_modules/jsdom/lib/jsdom/living/events/EventTarget-impl.js:233:9)
      at HTMLUnknownElementImpl.dispatchEvent (../../node_modules/.pnpm/jsdom@20.0.3/node_modules/jsdom/lib/jsdom/living/events/EventTarget-impl.js:104:17)
      at HTMLUnknownElement.dispatchEvent (../../node_modules/.pnpm/jsdom@20.0.3/node_modules/jsdom/lib/jsdom/living/generated/EventTarget.js:241:34)
      at Object.invokeGuardedCallbackDev (../../node_modules/.pnpm/react-dom@18.3.1_react@18.3.1/node_modules/react-dom/cjs/react-dom.development.js:4213:16)
      at invokeGuardedCallback (../../node_modules/.pnpm/react-dom@18.3.1_react@18.3.1/node_modules/react-dom/cjs/react-dom.development.js:4277:31)
      at beginWork$1 (../../node_modules/.pnpm/react-dom@18.3.1_react@18.3.1/node_modules/react-dom/cjs/react-dom.development.js:27490:7)
      at performUnitOfWork (../../node_modules/.pnpm/react-dom@18.3.1_react@18.3.1/node_modules/react-dom/cjs/react-dom.development.js:26599:12)
      at workLoopSync (../../node_modules/.pnpm/react-dom@18.3.1_react@18.3.1/node_modules/react-dom/cjs/react-dom.development.js:26505:5)
      at renderRootSync (../../node_modules/.pnpm/react-dom@18.3.1_react@18.3.1/node_modules/react-dom/cjs/react-dom.development.js:26473:7)
      at recoverFromConcurrentError (../../node_modules/.pnpm/react-dom@18.3.1_react@18.3.1/node_modules/react-dom/cjs/react-dom.development.js:25889:20)
      at performConcurrentWorkOnRoot (../../node_modules/.pnpm/react-dom@18.3.1_react@18.3.1/node_modules/react-dom/cjs/react-dom.development.js:25789:22)
      at flushActQueue (../../node_modules/.pnpm/react@18.3.1/node_modules/react/cjs/react.development.js:2667:24)
      at act (../../node_modules/.pnpm/react@18.3.1/node_modules/react/cjs/react.development.js:2582:11)
      at ../../node_modules/.pnpm/@testing-library+react@16.3.2_@testing-library+dom@10.4.1_@types+react-dom@18.3.7_@types+reac_3k5f6qynewwmkoqvlvtzlgtsjq/node_modules/@testing-library/react/dist/act-compat.js:46:25
      at renderRoot (../../node_modules/.pnpm/@testing-library+react@16.3.2_@testing-library+dom@10.4.1_@types+react-dom@18.3.7_@types+reac_3k5f6qynewwmkoqvlvtzlgtsjq/node_modules/@testing-library/react/dist/pure.js:189:26)
      at render (../../node_modules/.pnpm/@testing-library+react@16.3.2_@testing-library+dom@10.4.1_@types+react-dom@18.3.7_@types+reac_3k5f6qynewwmkoqvlvtzlgtsjq/node_modules/@testing-library/react/dist/pure.js:291:10)
      at Object.<anonymous> (components/__tests__/users-table.test.tsx:59:11)

    console.error
      Error: Uncaught [Error: `Tooltip` must be used within `TooltipProvider`]
          at reportException (/app/node_modules/.pnpm/jsdom@20.0.3/node_modules/jsdom/lib/jsdom/living/helpers/runtime-script-errors.js:66:24)
          at innerInvokeEventListeners (/app/node_modules/.pnpm/jsdom@20.0.3/node_modules/jsdom/lib/jsdom/living/events/EventTarget-impl.js:353:9)
          at invokeEventListeners (/app/node_modules/.pnpm/jsdom@20.0.3/node_modules/jsdom/lib/jsdom/living/events/EventTarget-impl.js:286:3)
          at HTMLUnknownElementImpl._dispatch (/app/node_modules/.pnpm/jsdom@20.0.3/node_modules/jsdom/lib/jsdom/living/events/EventTarget-impl.js:233:9)
          at HTMLUnknownElementImpl.dispatchEvent (/app/node_modules/.pnpm/jsdom@20.0.3/node_modules/jsdom/lib/jsdom/living/events/EventTarget-impl.js:104:17)
          at HTMLUnknownElement.dispatchEvent (/app/node_modules/.pnpm/jsdom@20.0.3/node_modules/jsdom/lib/jsdom/living/generated/EventTarget.js:241:34)
          at Object.invokeGuardedCallbackDev (/app/node_modules/.pnpm/react-dom@18.3.1_react@18.3.1/node_modules/react-dom/cjs/react-dom.development.js:4213:16)
          at invokeGuardedCallback (/app/node_modules/.pnpm/react-dom@18.3.1_react@18.3.1/node_modules/react-dom/cjs/react-dom.development.js:4277:31)
          at beginWork$1 (/app/node_modules/.pnpm/react-dom@18.3.1_react@18.3.1/node_modules/react-dom/cjs/react-dom.development.js:27490:7)
          at performUnitOfWork (/app/node_modules/.pnpm/react-dom@18.3.1_react@18.3.1/node_modules/react-dom/cjs/react-dom.development.js:26599:12)
          at workLoopSync (/app/node_modules/.pnpm/react-dom@18.3.1_react@18.3.1/node_modules/react-dom/cjs/react-dom.development.js:26505:5)
          at renderRootSync (/app/node_modules/.pnpm/react-dom@18.3.1_react@18.3.1/node_modules/react-dom/cjs/react-dom.development.js:26473:7)
          at recoverFromConcurrentError (/app/node_modules/.pnpm/react-dom@18.3.1_react@18.3.1/node_modules/react-dom/cjs/react-dom.development.js:25889:20)
          at performConcurrentWorkOnRoot (/app/node_modules/.pnpm/react-dom@18.3.1_react@18.3.1/node_modules/react-dom/cjs/react-dom.development.js:25789:22)
          at flushActQueue (/app/node_modules/.pnpm/react@18.3.1/node_modules/react/cjs/react.development.js:2667:24)
          at act (/app/node_modules/.pnpm/react@18.3.1/node_modules/react/cjs/react.development.js:2582:11)
          at /app/node_modules/.pnpm/@testing-library+react@16.3.2_@testing-library+dom@10.4.1_@types+react-dom@18.3.7_@types+reac_3k5f6qynewwmkoqvlvtzlgtsjq/node_modules/@testing-library/react/dist/act-compat.js:46:25
          at renderRoot (/app/node_modules/.pnpm/@testing-library+react@16.3.2_@testing-library+dom@10.4.1_@types+react-dom@18.3.7_@types+reac_3k5f6qynewwmkoqvlvtzlgtsjq/node_modules/@testing-library/react/dist/pure.js:189:26)
          at render (/app/node_modules/.pnpm/@testing-library+react@16.3.2_@testing-library+dom@10.4.1_@types+react-dom@18.3.7_@types+reac_3k5f6qynewwmkoqvlvtzlgtsjq/node_modules/@testing-library/react/dist/pure.js:291:10)
          at Object.<anonymous> (/app/apps/admin/components/__tests__/users-table.test.tsx:59:11)
          at Promise.then.completed (/app/node_modules/.pnpm/jest-circus@29.7.0/node_modules/jest-circus/build/utils.js:298:28)
          at new Promise (<anonymous>)
          at callAsyncCircusFn (/app/node_modules/.pnpm/jest-circus@29.7.0/node_modules/jest-circus/build/utils.js:231:10)
          at _callCircusTest (/app/node_modules/.pnpm/jest-circus@29.7.0/node_modules/jest-circus/build/run.js:316:40)
          at processTicksAndRejections (node:internal/process/task_queues:103:5)
          at _runTest (/app/node_modules/.pnpm/jest-circus@29.7.0/node_modules/jest-circus/build/run.js:252:3)
          at _runTestsForDescribeBlock (/app/node_modules/.pnpm/jest-circus@29.7.0/node_modules/jest-circus/build/run.js:126:9)
          at _runTestsForDescribeBlock (/app/node_modules/.pnpm/jest-circus@29.7.0/node_modules/jest-circus/build/run.js:121:9)
          at run (/app/node_modules/.pnpm/jest-circus@29.7.0/node_modules/jest-circus/build/run.js:71:3)
          at runAndTransformResultsToJestFormat (/app/node_modules/.pnpm/jest-circus@29.7.0/node_modules/jest-circus/build/legacy-code-todo-rewrite/jestAdapterInit.js:122:21)
          at jestAdapter (/app/node_modules/.pnpm/jest-circus@29.7.0/node_modules/jest-circus/build/legacy-code-todo-rewrite/jestAdapter.js:79:19)
          at runTestInternal (/app/node_modules/.pnpm/jest-runner@29.7.0/node_modules/jest-runner/build/runTest.js:367:16)
          at runTest (/app/node_modules/.pnpm/jest-runner@29.7.0/node_modules/jest-runner/build/runTest.js:444:34)
          at Object.worker (/app/node_modules/.pnpm/jest-runner@29.7.0/node_modules/jest-runner/build/testWorker.js:106:12) {
        detail: Error: `Tooltip` must be used within `TooltipProvider`
            at useContext2 (/app/node_modules/.pnpm/@radix-ui+react-context@1.1.2_@types+react@18.3.29_react@18.3.1/node_modules/@radix-ui/react-context/src/create-context.tsx:75:13)
            at Tooltip (/app/node_modules/.pnpm/@radix-ui+react-tooltip@1.2.8_@types+react-dom@18.3.7_@types+react@18.3.29__@types+react@18.3_xrwsnt2rmlacewwolijhmzdoxi/node_modules/@radix-ui/react-tooltip/src/tooltip.tsx:162:27)
            at renderWithHooks (/app/node_modules/.pnpm/react-dom@18.3.1_react@18.3.1/node_modules/react-dom/cjs/react-dom.development.js:15486:18)
            at mountIndeterminateComponent (/app/node_modules/.pnpm/react-dom@18.3.1_react@18.3.1/node_modules/react-dom/cjs/react-dom.development.js:20103:13)
            at beginWork (/app/node_modules/.pnpm/react-dom@18.3.1_react@18.3.1/node_modules/react-dom/cjs/react-dom.development.js:21626:16)
            at HTMLUnknownElement.callCallback (/app/node_modules/.pnpm/react-dom@18.3.1_react@18.3.1/node_modules/react-dom/cjs/react-dom.development.js:4164:14)
            at HTMLUnknownElement.callTheUserObjectsOperation (/app/node_modules/.pnpm/jsdom@20.0.3/node_modules/jsdom/lib/jsdom/living/generated/EventListener.js:26:30)
            at innerInvokeEventListeners (/app/node_modules/.pnpm/jsdom@20.0.3/node_modules/jsdom/lib/jsdom/living/events/EventTarget-impl.js:350:25)
            at invokeEventListeners (/app/node_modules/.pnpm/jsdom@20.0.3/node_modules/jsdom/lib/jsdom/living/events/EventTarget-impl.js:286:3)
            at HTMLUnknownElementImpl._dispatch (/app/node_modules/.pnpm/jsdom@20.0.3/node_modules/jsdom/lib/jsdom/living/events/EventTarget-impl.js:233:9)
            at HTMLUnknownElementImpl.dispatchEvent (/app/node_modules/.pnpm/jsdom@20.0.3/node_modules/jsdom/lib/jsdom/living/events/EventTarget-impl.js:104:17)
            at HTMLUnknownElement.dispatchEvent (/app/node_modules/.pnpm/jsdom@20.0.3/node_modules/jsdom/lib/jsdom/living/generated/EventTarget.js:241:34)
            at Object.invokeGuardedCallbackDev (/app/node_modules/.pnpm/react-dom@18.3.1_react@18.3.1/node_modules/react-dom/cjs/react-dom.development.js:4213:16)
            at invokeGuardedCallback (/app/node_modules/.pnpm/react-dom@18.3.1_react@18.3.1/node_modules/react-dom/cjs/react-dom.development.js:4277:31)
            at beginWork$1 (/app/node_modules/.pnpm/react-dom@18.3.1_react@18.3.1/node_modules/react-dom/cjs/react-dom.development.js:27490:7)
            at performUnitOfWork (/app/node_modules/.pnpm/react-dom@18.3.1_react@18.3.1/node_modules/react-dom/cjs/react-dom.development.js:26599:12)
            at workLoopSync (/app/node_modules/.pnpm/react-dom@18.3.1_react@18.3.1/node_modules/react-dom/cjs/react-dom.development.js:26505:5)
            at renderRootSync (/app/node_modules/.pnpm/react-dom@18.3.1_react@18.3.1/node_modules/react-dom/cjs/react-dom.development.js:26473:7)
            at recoverFromConcurrentError (/app/node_modules/.pnpm/react-dom@18.3.1_react@18.3.1/node_modules/react-dom/cjs/react-dom.development.js:25889:20)
            at performConcurrentWorkOnRoot (/app/node_modules/.pnpm/react-dom@18.3.1_react@18.3.1/node_modules/react-dom/cjs/react-dom.development.js:25789:22)
            at flushActQueue (/app/node_modules/.pnpm/react@18.3.1/node_modules/react/cjs/react.development.js:2667:24)
            at act (/app/node_modules/.pnpm/react@18.3.1/node_modules/react/cjs/react.development.js:2582:11)
            at /app/node_modules/.pnpm/@testing-library+react@16.3.2_@testing-library+dom@10.4.1_@types+react-dom@18.3.7_@types+reac_3k5f6qynewwmkoqvlvtzlgtsjq/node_modules/@testing-library/react/dist/act-compat.js:46:25
            at renderRoot (/app/node_modules/.pnpm/@testing-library+react@16.3.2_@testing-library+dom@10.4.1_@types+react-dom@18.3.7_@types+reac_3k5f6qynewwmkoqvlvtzlgtsjq/node_modules/@testing-library/react/dist/pure.js:189:26)
            at render (/app/node_modules/.pnpm/@testing-library+react@16.3.2_@testing-library+dom@10.4.1_@types+react-dom@18.3.7_@types+reac_3k5f6qynewwmkoqvlvtzlgtsjq/node_modules/@testing-library/react/dist/pure.js:291:10)
            at Object.<anonymous> (/app/apps/admin/components/__tests__/users-table.test.tsx:59:11)
            at Promise.then.completed (/app/node_modules/.pnpm/jest-circus@29.7.0/node_modules/jest-circus/build/utils.js:298:28)
            at new Promise (<anonymous>)
            at callAsyncCircusFn (/app/node_modules/.pnpm/jest-circus@29.7.0/node_modules/jest-circus/build/utils.js:231:10)
            at _callCircusTest (/app/node_modules/.pnpm/jest-circus@29.7.0/node_modules/jest-circus/build/run.js:316:40)
            at processTicksAndRejections (node:internal/process/task_queues:103:5)
            at _runTest (/app/node_modules/.pnpm/jest-circus@29.7.0/node_modules/jest-circus/build/run.js:252:3)
            at _runTestsForDescribeBlock (/app/node_modules/.pnpm/jest-circus@29.7.0/node_modules/jest-circus/build/run.js:126:9)
            at _runTestsForDescribeBlock (/app/node_modules/.pnpm/jest-circus@29.7.0/node_modules/jest-circus/build/run.js:121:9)
            at run (/app/node_modules/.pnpm/jest-circus@29.7.0/node_modules/jest-circus/build/run.js:71:3)
            at runAndTransformResultsToJestFormat (/app/node_modules/.pnpm/jest-circus@29.7.0/node_modules/jest-circus/build/legacy-code-todo-rewrite/jestAdapterInit.js:122:21)
            at jestAdapter (/app/node_modules/.pnpm/jest-circus@29.7.0/node_modules/jest-circus/build/legacy-code-todo-rewrite/jestAdapter.js:79:19)
            at runTestInternal (/app/node_modules/.pnpm/jest-runner@29.7.0/node_modules/jest-runner/build/runTest.js:367:16)
            at runTest (/app/node_modules/.pnpm/jest-runner@29.7.0/node_modules/jest-runner/build/runTest.js:444:34)
            at Object.worker (/app/node_modules/.pnpm/jest-runner@29.7.0/node_modules/jest-runner/build/testWorker.js:106:12),
        type: 'unhandled exception'
      }

      57 | describe('UsersTable', () => {
      58 |   it('renders user rows', () => {
    > 59 |     render(withIntl(<UsersTable users={mockUsers} orgs={mockOrgs} />))
         |           ^
      60 |     expect(screen.getByText('Alice Smith')).toBeInTheDocument()
      61 |     expect(screen.getByText('bob@example.com')).toBeInTheDocument()
      62 |   })

      at VirtualConsole.<anonymous> (../../node_modules/.pnpm/jest-environment-jsdom@29.7.0/node_modules/jest-environment-jsdom/build/index.js:63:23)
      at reportException (../../node_modules/.pnpm/jsdom@20.0.3/node_modules/jsdom/lib/jsdom/living/helpers/runtime-script-errors.js:70:28)
      at innerInvokeEventListeners (../../node_modules/.pnpm/jsdom@20.0.3/node_modules/jsdom/lib/jsdom/living/events/EventTarget-impl.js:353:9)
      at invokeEventListeners (../../node_modules/.pnpm/jsdom@20.0.3/node_modules/jsdom/lib/jsdom/living/events/EventTarget-impl.js:286:3)
      at HTMLUnknownElementImpl._dispatch (../../node_modules/.pnpm/jsdom@20.0.3/node_modules/jsdom/lib/jsdom/living/events/EventTarget-impl.js:233:9)
      at HTMLUnknownElementImpl.dispatchEvent (../../node_modules/.pnpm/jsdom@20.0.3/node_modules/jsdom/lib/jsdom/living/events/EventTarget-impl.js:104:17)
      at HTMLUnknownElement.dispatchEvent (../../node_modules/.pnpm/jsdom@20.0.3/node_modules/jsdom/lib/jsdom/living/generated/EventTarget.js:241:34)
      at Object.invokeGuardedCallbackDev (../../node_modules/.pnpm/react-dom@18.3.1_react@18.3.1/node_modules/react-dom/cjs/react-dom.development.js:4213:16)
      at invokeGuardedCallback (../../node_modules/.pnpm/react-dom@18.3.1_react@18.3.1/node_modules/react-dom/cjs/react-dom.development.js:4277:31)
      at beginWork$1 (../../node_modules/.pnpm/react-dom@18.3.1_react@18.3.1/node_modules/react-dom/cjs/react-dom.development.js:27490:7)
      at performUnitOfWork (../../node_modules/.pnpm/react-dom@18.3.1_react@18.3.1/node_modules/react-dom/cjs/react-dom.development.js:26599:12)
      at workLoopSync (../../node_modules/.pnpm/react-dom@18.3.1_react@18.3.1/node_modules/react-dom/cjs/react-dom.development.js:26505:5)
      at renderRootSync (../../node_modules/.pnpm/react-dom@18.3.1_react@18.3.1/node_modules/react-dom/cjs/react-dom.development.js:26473:7)
      at recoverFromConcurrentError (../../node_modules/.pnpm/react-dom@18.3.1_react@18.3.1/node_modules/react-dom/cjs/react-dom.development.js:25889:20)
      at performConcurrentWorkOnRoot (../../node_modules/.pnpm/react-dom@18.3.1_react@18.3.1/node_modules/react-dom/cjs/react-dom.development.js:25789:22)
      at flushActQueue (../../node_modules/.pnpm/react@18.3.1/node_modules/react/cjs/react.development.js:2667:24)
      at act (../../node_modules/.pnpm/react@18.3.1/node_modules/react/cjs/react.development.js:2582:11)
      at ../../node_modules/.pnpm/@testing-library+react@16.3.2_@testing-library+dom@10.4.1_@types+react-dom@18.3.7_@types+reac_3k5f6qynewwmkoqvlvtzlgtsjq/node_modules/@testing-library/react/dist/act-compat.js:46:25
      at renderRoot (../../node_modules/.pnpm/@testing-library+react@16.3.2_@testing-library+dom@10.4.1_@types+react-dom@18.3.7_@types+reac_3k5f6qynewwmkoqvlvtzlgtsjq/node_modules/@testing-library/react/dist/pure.js:189:26)
      at render (../../node_modules/.pnpm/@testing-library+react@16.3.2_@testing-library+dom@10.4.1_@types+react-dom@18.3.7_@types+reac_3k5f6qynewwmkoqvlvtzlgtsjq/node_modules/@testing-library/react/dist/pure.js:291:10)
      at Object.<anonymous> (components/__tests__/users-table.test.tsx:59:11)

    console.error
      The above error occurred in the <Tooltip> component:

          at Tooltip (/app/node_modules/.pnpm/@radix-ui+react-tooltip@1.2.8_@types+react-dom@18.3.7_@types+react@18.3.29__@types+react@18.3_xrwsnt2rmlacewwolijhmzdoxi/node_modules/@radix-ui/react-tooltip/src/tooltip.tsx:154:5)
          at Passthrough (/app/apps/admin/components/__tests__/users-table.test.tsx:27:26)
          at cell (/app/apps/admin/components/users-table.tsx:87:16)
          at td
          at /app/packages/ui/src/components/ui/table.tsx:87:6
          at tr
          at /app/packages/ui/src/components/ui/table.tsx:57:6
          at tbody
          at /app/packages/ui/src/components/ui/table.tsx:30:6
          at table
          at div
          at /app/packages/ui/src/components/ui/table.tsx:8:6
          at DataTable (/app/packages/ui/src/components/data-table.tsx:23:36)
          at div
          at UsersTable (/app/apps/admin/components/users-table.tsx:26:30)
          at IntlProvider (/app/node_modules/.pnpm/use-intl@3.26.5_react@18.3.1/node_modules/use-intl/dist/development/_IntlProvider.js:16:5)
          at NextIntlClientProvider (/app/node_modules/.pnpm/next-intl@3.26.5_next@15.5.18_@babel+core@7.29.7_@opentelemetry+api@1.9.1_@playwright+test@1._uib3rlo2eksg3yll53rffkx7ea/node_modules/next-intl/dist/development/shared/NextIntlClientProvider.js:16:5)

      Consider adding an error boundary to your tree to customize error handling behavior.
      Visit https://reactjs.org/link/error-boundaries to learn more about error boundaries.

      57 | describe('UsersTable', () => {
      58 |   it('renders user rows', () => {
    > 59 |     render(withIntl(<UsersTable users={mockUsers} orgs={mockOrgs} />))
         |           ^
      60 |     expect(screen.getByText('Alice Smith')).toBeInTheDocument()
      61 |     expect(screen.getByText('bob@example.com')).toBeInTheDocument()
      62 |   })

      at logCapturedError (../../node_modules/.pnpm/react-dom@18.3.1_react@18.3.1/node_modules/react-dom/cjs/react-dom.development.js:18704:23)
      at update.callback (../../node_modules/.pnpm/react-dom@18.3.1_react@18.3.1/node_modules/react-dom/cjs/react-dom.development.js:18737:5)
      at callCallback (../../node_modules/.pnpm/react-dom@18.3.1_react@18.3.1/node_modules/react-dom/cjs/react-dom.development.js:15036:12)
      at commitUpdateQueue (../../node_modules/.pnpm/react-dom@18.3.1_react@18.3.1/node_modules/react-dom/cjs/react-dom.development.js:15057:9)
      at commitLayoutEffectOnFiber (../../node_modules/.pnpm/react-dom@18.3.1_react@18.3.1/node_modules/react-dom/cjs/react-dom.development.js:23430:13)
      at commitLayoutMountEffects_complete (../../node_modules/.pnpm/react-dom@18.3.1_react@18.3.1/node_modules/react-dom/cjs/react-dom.development.js:24727:9)
      at commitLayoutEffects_begin (../../node_modules/.pnpm/react-dom@18.3.1_react@18.3.1/node_modules/react-dom/cjs/react-dom.development.js:24713:7)
      at commitLayoutEffects (../../node_modules/.pnpm/react-dom@18.3.1_react@18.3.1/node_modules/react-dom/cjs/react-dom.development.js:24651:3)
      at commitRootImpl (../../node_modules/.pnpm/react-dom@18.3.1_react@18.3.1/node_modules/react-dom/cjs/react-dom.development.js:26862:5)
      at commitRoot (../../node_modules/.pnpm/react-dom@18.3.1_react@18.3.1/node_modules/react-dom/cjs/react-dom.development.js:26721:5)
      at finishConcurrentRender (../../node_modules/.pnpm/react-dom@18.3.1_react@18.3.1/node_modules/react-dom/cjs/react-dom.development.js:25931:9)
      at performConcurrentWorkOnRoot (../../node_modules/.pnpm/react-dom@18.3.1_react@18.3.1/node_modules/react-dom/cjs/react-dom.development.js:25848:7)
      at flushActQueue (../../node_modules/.pnpm/react@18.3.1/node_modules/react/cjs/react.development.js:2667:24)
      at act (../../node_modules/.pnpm/react@18.3.1/node_modules/react/cjs/react.development.js:2582:11)
      at ../../node_modules/.pnpm/@testing-library+react@16.3.2_@testing-library+dom@10.4.1_@types+react-dom@18.3.7_@types+reac_3k5f6qynewwmkoqvlvtzlgtsjq/node_modules/@testing-library/react/dist/act-compat.js:46:25
      at renderRoot (../../node_modules/.pnpm/@testing-library+react@16.3.2_@testing-library+dom@10.4.1_@types+react-dom@18.3.7_@types+reac_3k5f6qynewwmkoqvlvtzlgtsjq/node_modules/@testing-library/react/dist/pure.js:189:26)
      at render (../../node_modules/.pnpm/@testing-library+react@16.3.2_@testing-library+dom@10.4.1_@types+react-dom@18.3.7_@types+reac_3k5f6qynewwmkoqvlvtzlgtsjq/node_modules/@testing-library/react/dist/pure.js:291:10)
      at Object.<anonymous> (components/__tests__/users-table.test.tsx:59:11)

    console.error
      The above error occurred in the <Tooltip> component:

          at Tooltip (/app/node_modules/.pnpm/@radix-ui+react-tooltip@1.2.8_@types+react-dom@18.3.7_@types+react@18.3.29__@types+react@18.3_xrwsnt2rmlacewwolijhmzdoxi/node_modules/@radix-ui/react-tooltip/src/tooltip.tsx:154:5)
          at Passthrough (/app/apps/admin/components/__tests__/users-table.test.tsx:27:26)
          at cell (/app/apps/admin/components/users-table.tsx:87:16)
          at td
          at /app/packages/ui/src/components/ui/table.tsx:87:6
          at tr
          at /app/packages/ui/src/components/ui/table.tsx:57:6
          at tbody
          at /app/packages/ui/src/components/ui/table.tsx:30:6
          at table
          at div
          at /app/packages/ui/src/components/ui/table.tsx:8:6
          at DataTable (/app/packages/ui/src/components/data-table.tsx:23:36)
          at div
          at UsersTable (/app/apps/admin/components/users-table.tsx:26:30)
          at IntlProvider (/app/node_modules/.pnpm/use-intl@3.26.5_react@18.3.1/node_modules/use-intl/dist/development/_IntlProvider.js:16:5)
          at NextIntlClientProvider (/app/node_modules/.pnpm/next-intl@3.26.5_next@15.5.18_@babel+core@7.29.7_@opentelemetry+api@1.9.1_@playwright+test@1._uib3rlo2eksg3yll53rffkx7ea/node_modules/next-intl/dist/development/shared/NextIntlClientProvider.js:16:5)

      Consider adding an error boundary to your tree to customize error handling behavior.
      Visit https://reactjs.org/link/error-boundaries to learn more about error boundaries.

      57 | describe('UsersTable', () => {
      58 |   it('renders user rows', () => {
    > 59 |     render(withIntl(<UsersTable users={mockUsers} orgs={mockOrgs} />))
         |           ^
      60 |     expect(screen.getByText('Alice Smith')).toBeInTheDocument()
      61 |     expect(screen.getByText('bob@example.com')).toBeInTheDocument()
      62 |   })

      at logCapturedError (../../node_modules/.pnpm/react-dom@18.3.1_react@18.3.1/node_modules/react-dom/cjs/react-dom.development.js:18704:23)
      at update.callback (../../node_modules/.pnpm/react-dom@18.3.1_react@18.3.1/node_modules/react-dom/cjs/react-dom.development.js:18737:5)
      at callCallback (../../node_modules/.pnpm/react-dom@18.3.1_react@18.3.1/node_modules/react-dom/cjs/react-dom.development.js:15036:12)
      at commitUpdateQueue (../../node_modules/.pnpm/react-dom@18.3.1_react@18.3.1/node_modules/react-dom/cjs/react-dom.development.js:15057:9)
      at commitLayoutEffectOnFiber (../../node_modules/.pnpm/react-dom@18.3.1_react@18.3.1/node_modules/react-dom/cjs/react-dom.development.js:23430:13)
      at commitLayoutMountEffects_complete (../../node_modules/.pnpm/react-dom@18.3.1_react@18.3.1/node_modules/react-dom/cjs/react-dom.development.js:24727:9)
      at commitLayoutEffects_begin (../../node_modules/.pnpm/react-dom@18.3.1_react@18.3.1/node_modules/react-dom/cjs/react-dom.development.js:24713:7)
      at commitLayoutEffects (../../node_modules/.pnpm/react-dom@18.3.1_react@18.3.1/node_modules/react-dom/cjs/react-dom.development.js:24651:3)
      at commitRootImpl (../../node_modules/.pnpm/react-dom@18.3.1_react@18.3.1/node_modules/react-dom/cjs/react-dom.development.js:26862:5)
      at commitRoot (../../node_modules/.pnpm/react-dom@18.3.1_react@18.3.1/node_modules/react-dom/cjs/react-dom.development.js:26721:5)
      at finishConcurrentRender (../../node_modules/.pnpm/react-dom@18.3.1_react@18.3.1/node_modules/react-dom/cjs/react-dom.development.js:25931:9)
      at performConcurrentWorkOnRoot (../../node_modules/.pnpm/react-dom@18.3.1_react@18.3.1/node_modules/react-dom/cjs/react-dom.development.js:25848:7)
      at flushActQueue (../../node_modules/.pnpm/react@18.3.1/node_modules/react/cjs/react.development.js:2667:24)
      at act (../../node_modules/.pnpm/react@18.3.1/node_modules/react/cjs/react.development.js:2582:11)
      at ../../node_modules/.pnpm/@testing-library+react@16.3.2_@testing-library+dom@10.4.1_@types+react-dom@18.3.7_@types+reac_3k5f6qynewwmkoqvlvtzlgtsjq/node_modules/@testing-library/react/dist/act-compat.js:46:25
      at renderRoot (../../node_modules/.pnpm/@testing-library+react@16.3.2_@testing-library+dom@10.4.1_@types+react-dom@18.3.7_@types+reac_3k5f6qynewwmkoqvlvtzlgtsjq/node_modules/@testing-library/react/dist/pure.js:189:26)
      at render (../../node_modules/.pnpm/@testing-library+react@16.3.2_@testing-library+dom@10.4.1_@types+react-dom@18.3.7_@types+reac_3k5f6qynewwmkoqvlvtzlgtsjq/node_modules/@testing-library/react/dist/pure.js:291:10)
      at Object.<anonymous> (components/__tests__/users-table.test.tsx:59:11)

    console.error
      Error: Uncaught [Error: `Tooltip` must be used within `TooltipProvider`]
          at reportException (/app/node_modules/.pnpm/jsdom@20.0.3/node_modules/jsdom/lib/jsdom/living/helpers/runtime-script-errors.js:66:24)
          at innerInvokeEventListeners (/app/node_modules/.pnpm/jsdom@20.0.3/node_modules/jsdom/lib/jsdom/living/events/EventTarget-impl.js:353:9)
          at invokeEventListeners (/app/node_modules/.pnpm/jsdom@20.0.3/node_modules/jsdom/lib/jsdom/living/events/EventTarget-impl.js:286:3)
          at HTMLUnknownElementImpl._dispatch (/app/node_modules/.pnpm/jsdom@20.0.3/node_modules/jsdom/lib/jsdom/living/events/EventTarget-impl.js:233:9)
          at HTMLUnknownElementImpl.dispatchEvent (/app/node_modules/.pnpm/jsdom@20.0.3/node_modules/jsdom/lib/jsdom/living/events/EventTarget-impl.js:104:17)
          at HTMLUnknownElement.dispatchEvent (/app/node_modules/.pnpm/jsdom@20.0.3/node_modules/jsdom/lib/jsdom/living/generated/EventTarget.js:241:34)
          at Object.invokeGuardedCallbackDev (/app/node_modules/.pnpm/react-dom@18.3.1_react@18.3.1/node_modules/react-dom/cjs/react-dom.development.js:4213:16)
          at invokeGuardedCallback (/app/node_modules/.pnpm/react-dom@18.3.1_react@18.3.1/node_modules/react-dom/cjs/react-dom.development.js:4277:31)
          at beginWork$1 (/app/node_modules/.pnpm/react-dom@18.3.1_react@18.3.1/node_modules/react-dom/cjs/react-dom.development.js:27490:7)
          at performUnitOfWork (/app/node_modules/.pnpm/react-dom@18.3.1_react@18.3.1/node_modules/react-dom/cjs/react-dom.development.js:26599:12)
          at workLoopSync (/app/node_modules/.pnpm/react-dom@18.3.1_react@18.3.1/node_modules/react-dom/cjs/react-dom.development.js:26505:5)
          at renderRootSync (/app/node_modules/.pnpm/react-dom@18.3.1_react@18.3.1/node_modules/react-dom/cjs/react-dom.development.js:26473:7)
          at performConcurrentWorkOnRoot (/app/node_modules/.pnpm/react-dom@18.3.1_react@18.3.1/node_modules/react-dom/cjs/react-dom.development.js:25777:74)
          at flushActQueue (/app/node_modules/.pnpm/react@18.3.1/node_modules/react/cjs/react.development.js:2667:24)
          at act (/app/node_modules/.pnpm/react@18.3.1/node_modules/react/cjs/react.development.js:2582:11)
          at /app/node_modules/.pnpm/@testing-library+react@16.3.2_@testing-library+dom@10.4.1_@types+react-dom@18.3.7_@types+reac_3k5f6qynewwmkoqvlvtzlgtsjq/node_modules/@testing-library/react/dist/act-compat.js:46:25
          at renderRoot (/app/node_modules/.pnpm/@testing-library+react@16.3.2_@testing-library+dom@10.4.1_@types+react-dom@18.3.7_@types+reac_3k5f6qynewwmkoqvlvtzlgtsjq/node_modules/@testing-library/react/dist/pure.js:189:26)
          at render (/app/node_modules/.pnpm/@testing-library+react@16.3.2_@testing-library+dom@10.4.1_@types+react-dom@18.3.7_@types+reac_3k5f6qynewwmkoqvlvtzlgtsjq/node_modules/@testing-library/react/dist/pure.js:291:10)
          at Object.<anonymous> (/app/apps/admin/components/__tests__/users-table.test.tsx:65:11)
          at Promise.then.completed (/app/node_modules/.pnpm/jest-circus@29.7.0/node_modules/jest-circus/build/utils.js:298:28)
          at new Promise (<anonymous>)
          at callAsyncCircusFn (/app/node_modules/.pnpm/jest-circus@29.7.0/node_modules/jest-circus/build/utils.js:231:10)
          at _callCircusTest (/app/node_modules/.pnpm/jest-circus@29.7.0/node_modules/jest-circus/build/run.js:316:40)
          at processTicksAndRejections (node:internal/process/task_queues:103:5)
          at _runTest (/app/node_modules/.pnpm/jest-circus@29.7.0/node_modules/jest-circus/build/run.js:252:3)
          at _runTestsForDescribeBlock (/app/node_modules/.pnpm/jest-circus@29.7.0/node_modules/jest-circus/build/run.js:126:9)
          at _runTestsForDescribeBlock (/app/node_modules/.pnpm/jest-circus@29.7.0/node_modules/jest-circus/build/run.js:121:9)
          at run (/app/node_modules/.pnpm/jest-circus@29.7.0/node_modules/jest-circus/build/run.js:71:3)
          at runAndTransformResultsToJestFormat (/app/node_modules/.pnpm/jest-circus@29.7.0/node_modules/jest-circus/build/legacy-code-todo-rewrite/jestAdapterInit.js:122:21)
          at jestAdapter (/app/node_modules/.pnpm/jest-circus@29.7.0/node_modules/jest-circus/build/legacy-code-todo-rewrite/jestAdapter.js:79:19)
          at runTestInternal (/app/node_modules/.pnpm/jest-runner@29.7.0/node_modules/jest-runner/build/runTest.js:367:16)
          at runTest (/app/node_modules/.pnpm/jest-runner@29.7.0/node_modules/jest-runner/build/runTest.js:444:34)
          at Object.worker (/app/node_modules/.pnpm/jest-runner@29.7.0/node_modules/jest-runner/build/testWorker.js:106:12) {
        detail: Error: `Tooltip` must be used within `TooltipProvider`
            at useContext2 (/app/node_modules/.pnpm/@radix-ui+react-context@1.1.2_@types+react@18.3.29_react@18.3.1/node_modules/@radix-ui/react-context/src/create-context.tsx:75:13)
            at Tooltip (/app/node_modules/.pnpm/@radix-ui+react-tooltip@1.2.8_@types+react-dom@18.3.7_@types+react@18.3.29__@types+react@18.3_xrwsnt2rmlacewwolijhmzdoxi/node_modules/@radix-ui/react-tooltip/src/tooltip.tsx:162:27)
            at renderWithHooks (/app/node_modules/.pnpm/react-dom@18.3.1_react@18.3.1/node_modules/react-dom/cjs/react-dom.development.js:15486:18)
            at mountIndeterminateComponent (/app/node_modules/.pnpm/react-dom@18.3.1_react@18.3.1/node_modules/react-dom/cjs/react-dom.development.js:20103:13)
            at beginWork (/app/node_modules/.pnpm/react-dom@18.3.1_react@18.3.1/node_modules/react-dom/cjs/react-dom.development.js:21626:16)
            at HTMLUnknownElement.callCallback (/app/node_modules/.pnpm/react-dom@18.3.1_react@18.3.1/node_modules/react-dom/cjs/react-dom.development.js:4164:14)
            at HTMLUnknownElement.callTheUserObjectsOperation (/app/node_modules/.pnpm/jsdom@20.0.3/node_modules/jsdom/lib/jsdom/living/generated/EventListener.js:26:30)
            at innerInvokeEventListeners (/app/node_modules/.pnpm/jsdom@20.0.3/node_modules/jsdom/lib/jsdom/living/events/EventTarget-impl.js:350:25)
            at invokeEventListeners (/app/node_modules/.pnpm/jsdom@20.0.3/node_modules/jsdom/lib/jsdom/living/events/EventTarget-impl.js:286:3)
            at HTMLUnknownElementImpl._dispatch (/app/node_modules/.pnpm/jsdom@20.0.3/node_modules/jsdom/lib/jsdom/living/events/EventTarget-impl.js:233:9)
            at HTMLUnknownElementImpl.dispatchEvent (/app/node_modules/.pnpm/jsdom@20.0.3/node_modules/jsdom/lib/jsdom/living/events/EventTarget-impl.js:104:17)
            at HTMLUnknownElement.dispatchEvent (/app/node_modules/.pnpm/jsdom@20.0.3/node_modules/jsdom/lib/jsdom/living/generated/EventTarget.js:241:34)
            at Object.invokeGuardedCallbackDev (/app/node_modules/.pnpm/react-dom@18.3.1_react@18.3.1/node_modules/react-dom/cjs/react-dom.development.js:4213:16)
            at invokeGuardedCallback (/app/node_modules/.pnpm/react-dom@18.3.1_react@18.3.1/node_modules/react-dom/cjs/react-dom.development.js:4277:31)
            at beginWork$1 (/app/node_modules/.pnpm/react-dom@18.3.1_react@18.3.1/node_modules/react-dom/cjs/react-dom.development.js:27490:7)
            at performUnitOfWork (/app/node_modules/.pnpm/react-dom@18.3.1_react@18.3.1/node_modules/react-dom/cjs/react-dom.development.js:26599:12)
            at workLoopSync (/app/node_modules/.pnpm/react-dom@18.3.1_react@18.3.1/node_modules/react-dom/cjs/react-dom.development.js:26505:5)
            at renderRootSync (/app/node_modules/.pnpm/react-dom@18.3.1_react@18.3.1/node_modules/react-dom/cjs/react-dom.development.js:26473:7)
            at performConcurrentWorkOnRoot (/app/node_modules/.pnpm/react-dom@18.3.1_react@18.3.1/node_modules/react-dom/cjs/react-dom.development.js:25777:74)
            at flushActQueue (/app/node_modules/.pnpm/react@18.3.1/node_modules/react/cjs/react.development.js:2667:24)
            at act (/app/node_modules/.pnpm/react@18.3.1/node_modules/react/cjs/react.development.js:2582:11)
            at /app/node_modules/.pnpm/@testing-library+react@16.3.2_@testing-library+dom@10.4.1_@types+react-dom@18.3.7_@types+reac_3k5f6qynewwmkoqvlvtzlgtsjq/node_modules/@testing-library/react/dist/act-compat.js:46:25
            at renderRoot (/app/node_modules/.pnpm/@testing-library+react@16.3.2_@testing-library+dom@10.4.1_@types+react-dom@18.3.7_@types+reac_3k5f6qynewwmkoqvlvtzlgtsjq/node_modules/@testing-library/react/dist/pure.js:189:26)
            at render (/app/node_modules/.pnpm/@testing-library+react@16.3.2_@testing-library+dom@10.4.1_@types+react-dom@18.3.7_@types+reac_3k5f6qynewwmkoqvlvtzlgtsjq/node_modules/@testing-library/react/dist/pure.js:291:10)
            at Object.<anonymous> (/app/apps/admin/components/__tests__/users-table.test.tsx:65:11)
            at Promise.then.completed (/app/node_modules/.pnpm/jest-circus@29.7.0/node_modules/jest-circus/build/utils.js:298:28)
            at new Promise (<anonymous>)
            at callAsyncCircusFn (/app/node_modules/.pnpm/jest-circus@29.7.0/node_modules/jest-circus/build/utils.js:231:10)
            at _callCircusTest (/app/node_modules/.pnpm/jest-circus@29.7.0/node_modules/jest-circus/build/run.js:316:40)
            at processTicksAndRejections (node:internal/process/task_queues:103:5)
            at _runTest (/app/node_modules/.pnpm/jest-circus@29.7.0/node_modules/jest-circus/build/run.js:252:3)
            at _runTestsForDescribeBlock (/app/node_modules/.pnpm/jest-circus@29.7.0/node_modules/jest-circus/build/run.js:126:9)
            at _runTestsForDescribeBlock (/app/node_modules/.pnpm/jest-circus@29.7.0/node_modules/jest-circus/build/run.js:121:9)
            at run (/app/node_modules/.pnpm/jest-circus@29.7.0/node_modules/jest-circus/build/run.js:71:3)
            at runAndTransformResultsToJestFormat (/app/node_modules/.pnpm/jest-circus@29.7.0/node_modules/jest-circus/build/legacy-code-todo-rewrite/jestAdapterInit.js:122:21)
            at jestAdapter (/app/node_modules/.pnpm/jest-circus@29.7.0/node_modules/jest-circus/build/legacy-code-todo-rewrite/jestAdapter.js:79:19)
            at runTestInternal (/app/node_modules/.pnpm/jest-runner@29.7.0/node_modules/jest-runner/build/runTest.js:367:16)
            at runTest (/app/node_modules/.pnpm/jest-runner@29.7.0/node_modules/jest-runner/build/runTest.js:444:34)
            at Object.worker (/app/node_modules/.pnpm/jest-runner@29.7.0/node_modules/jest-runner/build/testWorker.js:106:12),
        type: 'unhandled exception'
      }

      63 |
      64 |   it('filters by search input', () => {
    > 65 |     render(withIntl(<UsersTable users={mockUsers} orgs={mockOrgs} />))
         |           ^
      66 |     const searchInput = screen.getByPlaceholderText(en.users.search)
      67 |     fireEvent.change(searchInput, { target: { value: 'alice' } })
      68 |     expect(screen.getByText('Alice Smith')).toBeInTheDocument()

      at VirtualConsole.<anonymous> (../../node_modules/.pnpm/jest-environment-jsdom@29.7.0/node_modules/jest-environment-jsdom/build/index.js:63:23)
      at reportException (../../node_modules/.pnpm/jsdom@20.0.3/node_modules/jsdom/lib/jsdom/living/helpers/runtime-script-errors.js:70:28)
      at innerInvokeEventListeners (../../node_modules/.pnpm/jsdom@20.0.3/node_modules/jsdom/lib/jsdom/living/events/EventTarget-impl.js:353:9)
      at invokeEventListeners (../../node_modules/.pnpm/jsdom@20.0.3/node_modules/jsdom/lib/jsdom/living/events/EventTarget-impl.js:286:3)
      at HTMLUnknownElementImpl._dispatch (../../node_modules/.pnpm/jsdom@20.0.3/node_modules/jsdom/lib/jsdom/living/events/EventTarget-impl.js:233:9)
      at HTMLUnknownElementImpl.dispatchEvent (../../node_modules/.pnpm/jsdom@20.0.3/node_modules/jsdom/lib/jsdom/living/events/EventTarget-impl.js:104:17)
      at HTMLUnknownElement.dispatchEvent (../../node_modules/.pnpm/jsdom@20.0.3/node_modules/jsdom/lib/jsdom/living/generated/EventTarget.js:241:34)
      at Object.invokeGuardedCallbackDev (../../node_modules/.pnpm/react-dom@18.3.1_react@18.3.1/node_modules/react-dom/cjs/react-dom.development.js:4213:16)
      at invokeGuardedCallback (../../node_modules/.pnpm/react-dom@18.3.1_react@18.3.1/node_modules/react-dom/cjs/react-dom.development.js:4277:31)
      at beginWork$1 (../../node_modules/.pnpm/react-dom@18.3.1_react@18.3.1/node_modules/react-dom/cjs/react-dom.development.js:27490:7)
      at performUnitOfWork (../../node_modules/.pnpm/react-dom@18.3.1_react@18.3.1/node_modules/react-dom/cjs/react-dom.development.js:26599:12)
      at workLoopSync (../../node_modules/.pnpm/react-dom@18.3.1_react@18.3.1/node_modules/react-dom/cjs/react-dom.development.js:26505:5)
      at renderRootSync (../../node_modules/.pnpm/react-dom@18.3.1_react@18.3.1/node_modules/react-dom/cjs/react-dom.development.js:26473:7)
      at performConcurrentWorkOnRoot (../../node_modules/.pnpm/react-dom@18.3.1_react@18.3.1/node_modules/react-dom/cjs/react-dom.development.js:25777:74)
      at flushActQueue (../../node_modules/.pnpm/react@18.3.1/node_modules/react/cjs/react.development.js:2667:24)
      at act (../../node_modules/.pnpm/react@18.3.1/node_modules/react/cjs/react.development.js:2582:11)
      at ../../node_modules/.pnpm/@testing-library+react@16.3.2_@testing-library+dom@10.4.1_@types+react-dom@18.3.7_@types+reac_3k5f6qynewwmkoqvlvtzlgtsjq/node_modules/@testing-library/react/dist/act-compat.js:46:25
      at renderRoot (../../node_modules/.pnpm/@testing-library+react@16.3.2_@testing-library+dom@10.4.1_@types+react-dom@18.3.7_@types+reac_3k5f6qynewwmkoqvlvtzlgtsjq/node_modules/@testing-library/react/dist/pure.js:189:26)
      at render (../../node_modules/.pnpm/@testing-library+react@16.3.2_@testing-library+dom@10.4.1_@types+react-dom@18.3.7_@types+reac_3k5f6qynewwmkoqvlvtzlgtsjq/node_modules/@testing-library/react/dist/pure.js:291:10)
      at Object.<anonymous> (components/__tests__/users-table.test.tsx:65:11)

    console.error
      Error: Uncaught [Error: `Tooltip` must be used within `TooltipProvider`]
          at reportException (/app/node_modules/.pnpm/jsdom@20.0.3/node_modules/jsdom/lib/jsdom/living/helpers/runtime-script-errors.js:66:24)
          at innerInvokeEventListeners (/app/node_modules/.pnpm/jsdom@20.0.3/node_modules/jsdom/lib/jsdom/living/events/EventTarget-impl.js:353:9)
          at invokeEventListeners (/app/node_modules/.pnpm/jsdom@20.0.3/node_modules/jsdom/lib/jsdom/living/events/EventTarget-impl.js:286:3)
          at HTMLUnknownElementImpl._dispatch (/app/node_modules/.pnpm/jsdom@20.0.3/node_modules/jsdom/lib/jsdom/living/events/EventTarget-impl.js:233:9)
          at HTMLUnknownElementImpl.dispatchEvent (/app/node_modules/.pnpm/jsdom@20.0.3/node_modules/jsdom/lib/jsdom/living/events/EventTarget-impl.js:104:17)
          at HTMLUnknownElement.dispatchEvent (/app/node_modules/.pnpm/jsdom@20.0.3/node_modules/jsdom/lib/jsdom/living/generated/EventTarget.js:241:34)
          at Object.invokeGuardedCallbackDev (/app/node_modules/.pnpm/react-dom@18.3.1_react@18.3.1/node_modules/react-dom/cjs/react-dom.development.js:4213:16)
          at invokeGuardedCallback (/app/node_modules/.pnpm/react-dom@18.3.1_react@18.3.1/node_modules/react-dom/cjs/react-dom.development.js:4277:31)
          at beginWork$1 (/app/node_modules/.pnpm/react-dom@18.3.1_react@18.3.1/node_modules/react-dom/cjs/react-dom.development.js:27490:7)
          at performUnitOfWork (/app/node_modules/.pnpm/react-dom@18.3.1_react@18.3.1/node_modules/react-dom/cjs/react-dom.development.js:26599:12)
          at workLoopSync (/app/node_modules/.pnpm/react-dom@18.3.1_react@18.3.1/node_modules/react-dom/cjs/react-dom.development.js:26505:5)
          at renderRootSync (/app/node_modules/.pnpm/react-dom@18.3.1_react@18.3.1/node_modules/react-dom/cjs/react-dom.development.js:26473:7)
          at performConcurrentWorkOnRoot (/app/node_modules/.pnpm/react-dom@18.3.1_react@18.3.1/node_modules/react-dom/cjs/react-dom.development.js:25777:74)
          at flushActQueue (/app/node_modules/.pnpm/react@18.3.1/node_modules/react/cjs/react.development.js:2667:24)
          at act (/app/node_modules/.pnpm/react@18.3.1/node_modules/react/cjs/react.development.js:2582:11)
          at /app/node_modules/.pnpm/@testing-library+react@16.3.2_@testing-library+dom@10.4.1_@types+react-dom@18.3.7_@types+reac_3k5f6qynewwmkoqvlvtzlgtsjq/node_modules/@testing-library/react/dist/act-compat.js:46:25
          at renderRoot (/app/node_modules/.pnpm/@testing-library+react@16.3.2_@testing-library+dom@10.4.1_@types+react-dom@18.3.7_@types+reac_3k5f6qynewwmkoqvlvtzlgtsjq/node_modules/@testing-library/react/dist/pure.js:189:26)
          at render (/app/node_modules/.pnpm/@testing-library+react@16.3.2_@testing-library+dom@10.4.1_@types+react-dom@18.3.7_@types+reac_3k5f6qynewwmkoqvlvtzlgtsjq/node_modules/@testing-library/react/dist/pure.js:291:10)
          at Object.<anonymous> (/app/apps/admin/components/__tests__/users-table.test.tsx:65:11)
          at Promise.then.completed (/app/node_modules/.pnpm/jest-circus@29.7.0/node_modules/jest-circus/build/utils.js:298:28)
          at new Promise (<anonymous>)
          at callAsyncCircusFn (/app/node_modules/.pnpm/jest-circus@29.7.0/node_modules/jest-circus/build/utils.js:231:10)
          at _callCircusTest (/app/node_modules/.pnpm/jest-circus@29.7.0/node_modules/jest-circus/build/run.js:316:40)
          at processTicksAndRejections (node:internal/process/task_queues:103:5)
          at _runTest (/app/node_modules/.pnpm/jest-circus@29.7.0/node_modules/jest-circus/build/run.js:252:3)
          at _runTestsForDescribeBlock (/app/node_modules/.pnpm/jest-circus@29.7.0/node_modules/jest-circus/build/run.js:126:9)
          at _runTestsForDescribeBlock (/app/node_modules/.pnpm/jest-circus@29.7.0/node_modules/jest-circus/build/run.js:121:9)
          at run (/app/node_modules/.pnpm/jest-circus@29.7.0/node_modules/jest-circus/build/run.js:71:3)
          at runAndTransformResultsToJestFormat (/app/node_modules/.pnpm/jest-circus@29.7.0/node_modules/jest-circus/build/legacy-code-todo-rewrite/jestAdapterInit.js:122:21)
          at jestAdapter (/app/node_modules/.pnpm/jest-circus@29.7.0/node_modules/jest-circus/build/legacy-code-todo-rewrite/jestAdapter.js:79:19)
          at runTestInternal (/app/node_modules/.pnpm/jest-runner@29.7.0/node_modules/jest-runner/build/runTest.js:367:16)
          at runTest (/app/node_modules/.pnpm/jest-runner@29.7.0/node_modules/jest-runner/build/runTest.js:444:34)
          at Object.worker (/app/node_modules/.pnpm/jest-runner@29.7.0/node_modules/jest-runner/build/testWorker.js:106:12) {
        detail: Error: `Tooltip` must be used within `TooltipProvider`
            at useContext2 (/app/node_modules/.pnpm/@radix-ui+react-context@1.1.2_@types+react@18.3.29_react@18.3.1/node_modules/@radix-ui/react-context/src/create-context.tsx:75:13)
            at Tooltip (/app/node_modules/.pnpm/@radix-ui+react-tooltip@1.2.8_@types+react-dom@18.3.7_@types+react@18.3.29__@types+react@18.3_xrwsnt2rmlacewwolijhmzdoxi/node_modules/@radix-ui/react-tooltip/src/tooltip.tsx:162:27)
            at renderWithHooks (/app/node_modules/.pnpm/react-dom@18.3.1_react@18.3.1/node_modules/react-dom/cjs/react-dom.development.js:15486:18)
            at mountIndeterminateComponent (/app/node_modules/.pnpm/react-dom@18.3.1_react@18.3.1/node_modules/react-dom/cjs/react-dom.development.js:20103:13)
            at beginWork (/app/node_modules/.pnpm/react-dom@18.3.1_react@18.3.1/node_modules/react-dom/cjs/react-dom.development.js:21626:16)
            at HTMLUnknownElement.callCallback (/app/node_modules/.pnpm/react-dom@18.3.1_react@18.3.1/node_modules/react-dom/cjs/react-dom.development.js:4164:14)
            at HTMLUnknownElement.callTheUserObjectsOperation (/app/node_modules/.pnpm/jsdom@20.0.3/node_modules/jsdom/lib/jsdom/living/generated/EventListener.js:26:30)
            at innerInvokeEventListeners (/app/node_modules/.pnpm/jsdom@20.0.3/node_modules/jsdom/lib/jsdom/living/events/EventTarget-impl.js:350:25)
            at invokeEventListeners (/app/node_modules/.pnpm/jsdom@20.0.3/node_modules/jsdom/lib/jsdom/living/events/EventTarget-impl.js:286:3)
            at HTMLUnknownElementImpl._dispatch (/app/node_modules/.pnpm/jsdom@20.0.3/node_modules/jsdom/lib/jsdom/living/events/EventTarget-impl.js:233:9)
            at HTMLUnknownElementImpl.dispatchEvent (/app/node_modules/.pnpm/jsdom@20.0.3/node_modules/jsdom/lib/jsdom/living/events/EventTarget-impl.js:104:17)
            at HTMLUnknownElement.dispatchEvent (/app/node_modules/.pnpm/jsdom@20.0.3/node_modules/jsdom/lib/jsdom/living/generated/EventTarget.js:241:34)
            at Object.invokeGuardedCallbackDev (/app/node_modules/.pnpm/react-dom@18.3.1_react@18.3.1/node_modules/react-dom/cjs/react-dom.development.js:4213:16)
            at invokeGuardedCallback (/app/node_modules/.pnpm/react-dom@18.3.1_react@18.3.1/node_modules/react-dom/cjs/react-dom.development.js:4277:31)
            at beginWork$1 (/app/node_modules/.pnpm/react-dom@18.3.1_react@18.3.1/node_modules/react-dom/cjs/react-dom.development.js:27490:7)
            at performUnitOfWork (/app/node_modules/.pnpm/react-dom@18.3.1_react@18.3.1/node_modules/react-dom/cjs/react-dom.development.js:26599:12)
            at workLoopSync (/app/node_modules/.pnpm/react-dom@18.3.1_react@18.3.1/node_modules/react-dom/cjs/react-dom.development.js:26505:5)
            at renderRootSync (/app/node_modules/.pnpm/react-dom@18.3.1_react@18.3.1/node_modules/react-dom/cjs/react-dom.development.js:26473:7)
            at performConcurrentWorkOnRoot (/app/node_modules/.pnpm/react-dom@18.3.1_react@18.3.1/node_modules/react-dom/cjs/react-dom.development.js:25777:74)
            at flushActQueue (/app/node_modules/.pnpm/react@18.3.1/node_modules/react/cjs/react.development.js:2667:24)
            at act (/app/node_modules/.pnpm/react@18.3.1/node_modules/react/cjs/react.development.js:2582:11)
            at /app/node_modules/.pnpm/@testing-library+react@16.3.2_@testing-library+dom@10.4.1_@types+react-dom@18.3.7_@types+reac_3k5f6qynewwmkoqvlvtzlgtsjq/node_modules/@testing-library/react/dist/act-compat.js:46:25
            at renderRoot (/app/node_modules/.pnpm/@testing-library+react@16.3.2_@testing-library+dom@10.4.1_@types+react-dom@18.3.7_@types+reac_3k5f6qynewwmkoqvlvtzlgtsjq/node_modules/@testing-library/react/dist/pure.js:189:26)
            at render (/app/node_modules/.pnpm/@testing-library+react@16.3.2_@testing-library+dom@10.4.1_@types+react-dom@18.3.7_@types+reac_3k5f6qynewwmkoqvlvtzlgtsjq/node_modules/@testing-library/react/dist/pure.js:291:10)
            at Object.<anonymous> (/app/apps/admin/components/__tests__/users-table.test.tsx:65:11)
            at Promise.then.completed (/app/node_modules/.pnpm/jest-circus@29.7.0/node_modules/jest-circus/build/utils.js:298:28)
            at new Promise (<anonymous>)
            at callAsyncCircusFn (/app/node_modules/.pnpm/jest-circus@29.7.0/node_modules/jest-circus/build/utils.js:231:10)
            at _callCircusTest (/app/node_modules/.pnpm/jest-circus@29.7.0/node_modules/jest-circus/build/run.js:316:40)
            at processTicksAndRejections (node:internal/process/task_queues:103:5)
            at _runTest (/app/node_modules/.pnpm/jest-circus@29.7.0/node_modules/jest-circus/build/run.js:252:3)
            at _runTestsForDescribeBlock (/app/node_modules/.pnpm/jest-circus@29.7.0/node_modules/jest-circus/build/run.js:126:9)
            at _runTestsForDescribeBlock (/app/node_modules/.pnpm/jest-circus@29.7.0/node_modules/jest-circus/build/run.js:121:9)
            at run (/app/node_modules/.pnpm/jest-circus@29.7.0/node_modules/jest-circus/build/run.js:71:3)
            at runAndTransformResultsToJestFormat (/app/node_modules/.pnpm/jest-circus@29.7.0/node_modules/jest-circus/build/legacy-code-todo-rewrite/jestAdapterInit.js:122:21)
            at jestAdapter (/app/node_modules/.pnpm/jest-circus@29.7.0/node_modules/jest-circus/build/legacy-code-todo-rewrite/jestAdapter.js:79:19)
            at runTestInternal (/app/node_modules/.pnpm/jest-runner@29.7.0/node_modules/jest-runner/build/runTest.js:367:16)
            at runTest (/app/node_modules/.pnpm/jest-runner@29.7.0/node_modules/jest-runner/build/runTest.js:444:34)
            at Object.worker (/app/node_modules/.pnpm/jest-runner@29.7.0/node_modules/jest-runner/build/testWorker.js:106:12),
        type: 'unhandled exception'
      }

      63 |
      64 |   it('filters by search input', () => {
    > 65 |     render(withIntl(<UsersTable users={mockUsers} orgs={mockOrgs} />))
         |           ^
      66 |     const searchInput = screen.getByPlaceholderText(en.users.search)
      67 |     fireEvent.change(searchInput, { target: { value: 'alice' } })
      68 |     expect(screen.getByText('Alice Smith')).toBeInTheDocument()

      at VirtualConsole.<anonymous> (../../node_modules/.pnpm/jest-environment-jsdom@29.7.0/node_modules/jest-environment-jsdom/build/index.js:63:23)
      at reportException (../../node_modules/.pnpm/jsdom@20.0.3/node_modules/jsdom/lib/jsdom/living/helpers/runtime-script-errors.js:70:28)
      at innerInvokeEventListeners (../../node_modules/.pnpm/jsdom@20.0.3/node_modules/jsdom/lib/jsdom/living/events/EventTarget-impl.js:353:9)
      at invokeEventListeners (../../node_modules/.pnpm/jsdom@20.0.3/node_modules/jsdom/lib/jsdom/living/events/EventTarget-impl.js:286:3)
      at HTMLUnknownElementImpl._dispatch (../../node_modules/.pnpm/jsdom@20.0.3/node_modules/jsdom/lib/jsdom/living/events/EventTarget-impl.js:233:9)
      at HTMLUnknownElementImpl.dispatchEvent (../../node_modules/.pnpm/jsdom@20.0.3/node_modules/jsdom/lib/jsdom/living/events/EventTarget-impl.js:104:17)
      at HTMLUnknownElement.dispatchEvent (../../node_modules/.pnpm/jsdom@20.0.3/node_modules/jsdom/lib/jsdom/living/generated/EventTarget.js:241:34)
      at Object.invokeGuardedCallbackDev (../../node_modules/.pnpm/react-dom@18.3.1_react@18.3.1/node_modules/react-dom/cjs/react-dom.development.js:4213:16)
      at invokeGuardedCallback (../../node_modules/.pnpm/react-dom@18.3.1_react@18.3.1/node_modules/react-dom/cjs/react-dom.development.js:4277:31)
      at beginWork$1 (../../node_modules/.pnpm/react-dom@18.3.1_react@18.3.1/node_modules/react-dom/cjs/react-dom.development.js:27490:7)
      at performUnitOfWork (../../node_modules/.pnpm/react-dom@18.3.1_react@18.3.1/node_modules/react-dom/cjs/react-dom.development.js:26599:12)
      at workLoopSync (../../node_modules/.pnpm/react-dom@18.3.1_react@18.3.1/node_modules/react-dom/cjs/react-dom.development.js:26505:5)
      at renderRootSync (../../node_modules/.pnpm/react-dom@18.3.1_react@18.3.1/node_modules/react-dom/cjs/react-dom.development.js:26473:7)
      at performConcurrentWorkOnRoot (../../node_modules/.pnpm/react-dom@18.3.1_react@18.3.1/node_modules/react-dom/cjs/react-dom.development.js:25777:74)
      at flushActQueue (../../node_modules/.pnpm/react@18.3.1/node_modules/react/cjs/react.development.js:2667:24)
      at act (../../node_modules/.pnpm/react@18.3.1/node_modules/react/cjs/react.development.js:2582:11)
      at ../../node_modules/.pnpm/@testing-library+react@16.3.2_@testing-library+dom@10.4.1_@types+react-dom@18.3.7_@types+reac_3k5f6qynewwmkoqvlvtzlgtsjq/node_modules/@testing-library/react/dist/act-compat.js:46:25
      at renderRoot (../../node_modules/.pnpm/@testing-library+react@16.3.2_@testing-library+dom@10.4.1_@types+react-dom@18.3.7_@types+reac_3k5f6qynewwmkoqvlvtzlgtsjq/node_modules/@testing-library/react/dist/pure.js:189:26)
      at render (../../node_modules/.pnpm/@testing-library+react@16.3.2_@testing-library+dom@10.4.1_@types+react-dom@18.3.7_@types+reac_3k5f6qynewwmkoqvlvtzlgtsjq/node_modules/@testing-library/react/dist/pure.js:291:10)
      at Object.<anonymous> (components/__tests__/users-table.test.tsx:65:11)

    console.error
      Error: Uncaught [Error: `Tooltip` must be used within `TooltipProvider`]
          at reportException (/app/node_modules/.pnpm/jsdom@20.0.3/node_modules/jsdom/lib/jsdom/living/helpers/runtime-script-errors.js:66:24)
          at innerInvokeEventListeners (/app/node_modules/.pnpm/jsdom@20.0.3/node_modules/jsdom/lib/jsdom/living/events/EventTarget-impl.js:353:9)
          at invokeEventListeners (/app/node_modules/.pnpm/jsdom@20.0.3/node_modules/jsdom/lib/jsdom/living/events/EventTarget-impl.js:286:3)
          at HTMLUnknownElementImpl._dispatch (/app/node_modules/.pnpm/jsdom@20.0.3/node_modules/jsdom/lib/jsdom/living/events/EventTarget-impl.js:233:9)
          at HTMLUnknownElementImpl.dispatchEvent (/app/node_modules/.pnpm/jsdom@20.0.3/node_modules/jsdom/lib/jsdom/living/events/EventTarget-impl.js:104:17)
          at HTMLUnknownElement.dispatchEvent (/app/node_modules/.pnpm/jsdom@20.0.3/node_modules/jsdom/lib/jsdom/living/generated/EventTarget.js:241:34)
          at Object.invokeGuardedCallbackDev (/app/node_modules/.pnpm/react-dom@18.3.1_react@18.3.1/node_modules/react-dom/cjs/react-dom.development.js:4213:16)
          at invokeGuardedCallback (/app/node_modules/.pnpm/react-dom@18.3.1_react@18.3.1/node_modules/react-dom/cjs/react-dom.development.js:4277:31)
          at beginWork$1 (/app/node_modules/.pnpm/react-dom@18.3.1_react@18.3.1/node_modules/react-dom/cjs/react-dom.development.js:27490:7)
          at performUnitOfWork (/app/node_modules/.pnpm/react-dom@18.3.1_react@18.3.1/node_modules/react-dom/cjs/react-dom.development.js:26599:12)
          at workLoopSync (/app/node_modules/.pnpm/react-dom@18.3.1_react@18.3.1/node_modules/react-dom/cjs/react-dom.development.js:26505:5)
          at renderRootSync (/app/node_modules/.pnpm/react-dom@18.3.1_react@18.3.1/node_modules/react-dom/cjs/react-dom.development.js:26473:7)
          at recoverFromConcurrentError (/app/node_modules/.pnpm/react-dom@18.3.1_react@18.3.1/node_modules/react-dom/cjs/react-dom.development.js:25889:20)
          at performConcurrentWorkOnRoot (/app/node_modules/.pnpm/react-dom@18.3.1_react@18.3.1/node_modules/react-dom/cjs/react-dom.development.js:25789:22)
          at flushActQueue (/app/node_modules/.pnpm/react@18.3.1/node_modules/react/cjs/react.development.js:2667:24)
          at act (/app/node_modules/.pnpm/react@18.3.1/node_modules/react/cjs/react.development.js:2582:11)
          at /app/node_modules/.pnpm/@testing-library+react@16.3.2_@testing-library+dom@10.4.1_@types+react-dom@18.3.7_@types+reac_3k5f6qynewwmkoqvlvtzlgtsjq/node_modules/@testing-library/react/dist/act-compat.js:46:25
          at renderRoot (/app/node_modules/.pnpm/@testing-library+react@16.3.2_@testing-library+dom@10.4.1_@types+react-dom@18.3.7_@types+reac_3k5f6qynewwmkoqvlvtzlgtsjq/node_modules/@testing-library/react/dist/pure.js:189:26)
          at render (/app/node_modules/.pnpm/@testing-library+react@16.3.2_@testing-library+dom@10.4.1_@types+react-dom@18.3.7_@types+reac_3k5f6qynewwmkoqvlvtzlgtsjq/node_modules/@testing-library/react/dist/pure.js:291:10)
          at Object.<anonymous> (/app/apps/admin/components/__tests__/users-table.test.tsx:65:11)
          at Promise.then.completed (/app/node_modules/.pnpm/jest-circus@29.7.0/node_modules/jest-circus/build/utils.js:298:28)
          at new Promise (<anonymous>)
          at callAsyncCircusFn (/app/node_modules/.pnpm/jest-circus@29.7.0/node_modules/jest-circus/build/utils.js:231:10)
          at _callCircusTest (/app/node_modules/.pnpm/jest-circus@29.7.0/node_modules/jest-circus/build/run.js:316:40)
          at processTicksAndRejections (node:internal/process/task_queues:103:5)
          at _runTest (/app/node_modules/.pnpm/jest-circus@29.7.0/node_modules/jest-circus/build/run.js:252:3)
          at _runTestsForDescribeBlock (/app/node_modules/.pnpm/jest-circus@29.7.0/node_modules/jest-circus/build/run.js:126:9)
          at _runTestsForDescribeBlock (/app/node_modules/.pnpm/jest-circus@29.7.0/node_modules/jest-circus/build/run.js:121:9)
          at run (/app/node_modules/.pnpm/jest-circus@29.7.0/node_modules/jest-circus/build/run.js:71:3)
          at runAndTransformResultsToJestFormat (/app/node_modules/.pnpm/jest-circus@29.7.0/node_modules/jest-circus/build/legacy-code-todo-rewrite/jestAdapterInit.js:122:21)
          at jestAdapter (/app/node_modules/.pnpm/jest-circus@29.7.0/node_modules/jest-circus/build/legacy-code-todo-rewrite/jestAdapter.js:79:19)
          at runTestInternal (/app/node_modules/.pnpm/jest-runner@29.7.0/node_modules/jest-runner/build/runTest.js:367:16)
          at runTest (/app/node_modules/.pnpm/jest-runner@29.7.0/node_modules/jest-runner/build/runTest.js:444:34)
          at Object.worker (/app/node_modules/.pnpm/jest-runner@29.7.0/node_modules/jest-runner/build/testWorker.js:106:12) {
        detail: Error: `Tooltip` must be used within `TooltipProvider`
            at useContext2 (/app/node_modules/.pnpm/@radix-ui+react-context@1.1.2_@types+react@18.3.29_react@18.3.1/node_modules/@radix-ui/react-context/src/create-context.tsx:75:13)
            at Tooltip (/app/node_modules/.pnpm/@radix-ui+react-tooltip@1.2.8_@types+react-dom@18.3.7_@types+react@18.3.29__@types+react@18.3_xrwsnt2rmlacewwolijhmzdoxi/node_modules/@radix-ui/react-tooltip/src/tooltip.tsx:162:27)
            at renderWithHooks (/app/node_modules/.pnpm/react-dom@18.3.1_react@18.3.1/node_modules/react-dom/cjs/react-dom.development.js:15486:18)
            at mountIndeterminateComponent (/app/node_modules/.pnpm/react-dom@18.3.1_react@18.3.1/node_modules/react-dom/cjs/react-dom.development.js:20103:13)
            at beginWork (/app/node_modules/.pnpm/react-dom@18.3.1_react@18.3.1/node_modules/react-dom/cjs/react-dom.development.js:21626:16)
            at HTMLUnknownElement.callCallback (/app/node_modules/.pnpm/react-dom@18.3.1_react@18.3.1/node_modules/react-dom/cjs/react-dom.development.js:4164:14)
            at HTMLUnknownElement.callTheUserObjectsOperation (/app/node_modules/.pnpm/jsdom@20.0.3/node_modules/jsdom/lib/jsdom/living/generated/EventListener.js:26:30)
            at innerInvokeEventListeners (/app/node_modules/.pnpm/jsdom@20.0.3/node_modules/jsdom/lib/jsdom/living/events/EventTarget-impl.js:350:25)
            at invokeEventListeners (/app/node_modules/.pnpm/jsdom@20.0.3/node_modules/jsdom/lib/jsdom/living/events/EventTarget-impl.js:286:3)
            at HTMLUnknownElementImpl._dispatch (/app/node_modules/.pnpm/jsdom@20.0.3/node_modules/jsdom/lib/jsdom/living/events/EventTarget-impl.js:233:9)
            at HTMLUnknownElementImpl.dispatchEvent (/app/node_modules/.pnpm/jsdom@20.0.3/node_modules/jsdom/lib/jsdom/living/events/EventTarget-impl.js:104:17)
            at HTMLUnknownElement.dispatchEvent (/app/node_modules/.pnpm/jsdom@20.0.3/node_modules/jsdom/lib/jsdom/living/generated/EventTarget.js:241:34)
            at Object.invokeGuardedCallbackDev (/app/node_modules/.pnpm/react-dom@18.3.1_react@18.3.1/node_modules/react-dom/cjs/react-dom.development.js:4213:16)
            at invokeGuardedCallback (/app/node_modules/.pnpm/react-dom@18.3.1_react@18.3.1/node_modules/react-dom/cjs/react-dom.development.js:4277:31)
            at beginWork$1 (/app/node_modules/.pnpm/react-dom@18.3.1_react@18.3.1/node_modules/react-dom/cjs/react-dom.development.js:27490:7)
            at performUnitOfWork (/app/node_modules/.pnpm/react-dom@18.3.1_react@18.3.1/node_modules/react-dom/cjs/react-dom.development.js:26599:12)
            at workLoopSync (/app/node_modules/.pnpm/react-dom@18.3.1_react@18.3.1/node_modules/react-dom/cjs/react-dom.development.js:26505:5)
            at renderRootSync (/app/node_modules/.pnpm/react-dom@18.3.1_react@18.3.1/node_modules/react-dom/cjs/react-dom.development.js:26473:7)
            at recoverFromConcurrentError (/app/node_modules/.pnpm/react-dom@18.3.1_react@18.3.1/node_modules/react-dom/cjs/react-dom.development.js:25889:20)
            at performConcurrentWorkOnRoot (/app/node_modules/.pnpm/react-dom@18.3.1_react@18.3.1/node_modules/react-dom/cjs/react-dom.development.js:25789:22)
            at flushActQueue (/app/node_modules/.pnpm/react@18.3.1/node_modules/react/cjs/react.development.js:2667:24)
            at act (/app/node_modules/.pnpm/react@18.3.1/node_modules/react/cjs/react.development.js:2582:11)
            at /app/node_modules/.pnpm/@testing-library+react@16.3.2_@testing-library+dom@10.4.1_@types+react-dom@18.3.7_@types+reac_3k5f6qynewwmkoqvlvtzlgtsjq/node_modules/@testing-library/react/dist/act-compat.js:46:25
            at renderRoot (/app/node_modules/.pnpm/@testing-library+react@16.3.2_@testing-library+dom@10.4.1_@types+react-dom@18.3.7_@types+reac_3k5f6qynewwmkoqvlvtzlgtsjq/node_modules/@testing-library/react/dist/pure.js:189:26)
            at render (/app/node_modules/.pnpm/@testing-library+react@16.3.2_@testing-library+dom@10.4.1_@types+react-dom@18.3.7_@types+reac_3k5f6qynewwmkoqvlvtzlgtsjq/node_modules/@testing-library/react/dist/pure.js:291:10)
            at Object.<anonymous> (/app/apps/admin/components/__tests__/users-table.test.tsx:65:11)
            at Promise.then.completed (/app/node_modules/.pnpm/jest-circus@29.7.0/node_modules/jest-circus/build/utils.js:298:28)
            at new Promise (<anonymous>)
            at callAsyncCircusFn (/app/node_modules/.pnpm/jest-circus@29.7.0/node_modules/jest-circus/build/utils.js:231:10)
            at _callCircusTest (/app/node_modules/.pnpm/jest-circus@29.7.0/node_modules/jest-circus/build/run.js:316:40)
            at processTicksAndRejections (node:internal/process/task_queues:103:5)
            at _runTest (/app/node_modules/.pnpm/jest-circus@29.7.0/node_modules/jest-circus/build/run.js:252:3)
            at _runTestsForDescribeBlock (/app/node_modules/.pnpm/jest-circus@29.7.0/node_modules/jest-circus/build/run.js:126:9)
            at _runTestsForDescribeBlock (/app/node_modules/.pnpm/jest-circus@29.7.0/node_modules/jest-circus/build/run.js:121:9)
            at run (/app/node_modules/.pnpm/jest-circus@29.7.0/node_modules/jest-circus/build/run.js:71:3)
            at runAndTransformResultsToJestFormat (/app/node_modules/.pnpm/jest-circus@29.7.0/node_modules/jest-circus/build/legacy-code-todo-rewrite/jestAdapterInit.js:122:21)
            at jestAdapter (/app/node_modules/.pnpm/jest-circus@29.7.0/node_modules/jest-circus/build/legacy-code-todo-rewrite/jestAdapter.js:79:19)
            at runTestInternal (/app/node_modules/.pnpm/jest-runner@29.7.0/node_modules/jest-runner/build/runTest.js:367:16)
            at runTest (/app/node_modules/.pnpm/jest-runner@29.7.0/node_modules/jest-runner/build/runTest.js:444:34)
            at Object.worker (/app/node_modules/.pnpm/jest-runner@29.7.0/node_modules/jest-runner/build/testWorker.js:106:12),
        type: 'unhandled exception'
      }

      63 |
      64 |   it('filters by search input', () => {
    > 65 |     render(withIntl(<UsersTable users={mockUsers} orgs={mockOrgs} />))
         |           ^
      66 |     const searchInput = screen.getByPlaceholderText(en.users.search)
      67 |     fireEvent.change(searchInput, { target: { value: 'alice' } })
      68 |     expect(screen.getByText('Alice Smith')).toBeInTheDocument()

      at VirtualConsole.<anonymous> (../../node_modules/.pnpm/jest-environment-jsdom@29.7.0/node_modules/jest-environment-jsdom/build/index.js:63:23)
      at reportException (../../node_modules/.pnpm/jsdom@20.0.3/node_modules/jsdom/lib/jsdom/living/helpers/runtime-script-errors.js:70:28)
      at innerInvokeEventListeners (../../node_modules/.pnpm/jsdom@20.0.3/node_modules/jsdom/lib/jsdom/living/events/EventTarget-impl.js:353:9)
      at invokeEventListeners (../../node_modules/.pnpm/jsdom@20.0.3/node_modules/jsdom/lib/jsdom/living/events/EventTarget-impl.js:286:3)
      at HTMLUnknownElementImpl._dispatch (../../node_modules/.pnpm/jsdom@20.0.3/node_modules/jsdom/lib/jsdom/living/events/EventTarget-impl.js:233:9)
      at HTMLUnknownElementImpl.dispatchEvent (../../node_modules/.pnpm/jsdom@20.0.3/node_modules/jsdom/lib/jsdom/living/events/EventTarget-impl.js:104:17)
      at HTMLUnknownElement.dispatchEvent (../../node_modules/.pnpm/jsdom@20.0.3/node_modules/jsdom/lib/jsdom/living/generated/EventTarget.js:241:34)
      at Object.invokeGuardedCallbackDev (../../node_modules/.pnpm/react-dom@18.3.1_react@18.3.1/node_modules/react-dom/cjs/react-dom.development.js:4213:16)
      at invokeGuardedCallback (../../node_modules/.pnpm/react-dom@18.3.1_react@18.3.1/node_modules/react-dom/cjs/react-dom.development.js:4277:31)
      at beginWork$1 (../../node_modules/.pnpm/react-dom@18.3.1_react@18.3.1/node_modules/react-dom/cjs/react-dom.development.js:27490:7)
      at performUnitOfWork (../../node_modules/.pnpm/react-dom@18.3.1_react@18.3.1/node_modules/react-dom/cjs/react-dom.development.js:26599:12)
      at workLoopSync (../../node_modules/.pnpm/react-dom@18.3.1_react@18.3.1/node_modules/react-dom/cjs/react-dom.development.js:26505:5)
      at renderRootSync (../../node_modules/.pnpm/react-dom@18.3.1_react@18.3.1/node_modules/react-dom/cjs/react-dom.development.js:26473:7)
      at recoverFromConcurrentError (../../node_modules/.pnpm/react-dom@18.3.1_react@18.3.1/node_modules/react-dom/cjs/react-dom.development.js:25889:20)
      at performConcurrentWorkOnRoot (../../node_modules/.pnpm/react-dom@18.3.1_react@18.3.1/node_modules/react-dom/cjs/react-dom.development.js:25789:22)
      at flushActQueue (../../node_modules/.pnpm/react@18.3.1/node_modules/react/cjs/react.development.js:2667:24)
      at act (../../node_modules/.pnpm/react@18.3.1/node_modules/react/cjs/react.development.js:2582:11)
      at ../../node_modules/.pnpm/@testing-library+react@16.3.2_@testing-library+dom@10.4.1_@types+react-dom@18.3.7_@types+reac_3k5f6qynewwmkoqvlvtzlgtsjq/node_modules/@testing-library/react/dist/act-compat.js:46:25
      at renderRoot (../../node_modules/.pnpm/@testing-library+react@16.3.2_@testing-library+dom@10.4.1_@types+react-dom@18.3.7_@types+reac_3k5f6qynewwmkoqvlvtzlgtsjq/node_modules/@testing-library/react/dist/pure.js:189:26)
      at render (../../node_modules/.pnpm/@testing-library+react@16.3.2_@testing-library+dom@10.4.1_@types+react-dom@18.3.7_@types+reac_3k5f6qynewwmkoqvlvtzlgtsjq/node_modules/@testing-library/react/dist/pure.js:291:10)
      at Object.<anonymous> (components/__tests__/users-table.test.tsx:65:11)

    console.error
      Error: Uncaught [Error: `Tooltip` must be used within `TooltipProvider`]
          at reportException (/app/node_modules/.pnpm/jsdom@20.0.3/node_modules/jsdom/lib/jsdom/living/helpers/runtime-script-errors.js:66:24)
          at innerInvokeEventListeners (/app/node_modules/.pnpm/jsdom@20.0.3/node_modules/jsdom/lib/jsdom/living/events/EventTarget-impl.js:353:9)
          at invokeEventListeners (/app/node_modules/.pnpm/jsdom@20.0.3/node_modules/jsdom/lib/jsdom/living/events/EventTarget-impl.js:286:3)
          at HTMLUnknownElementImpl._dispatch (/app/node_modules/.pnpm/jsdom@20.0.3/node_modules/jsdom/lib/jsdom/living/events/EventTarget-impl.js:233:9)
          at HTMLUnknownElementImpl.dispatchEvent (/app/node_modules/.pnpm/jsdom@20.0.3/node_modules/jsdom/lib/jsdom/living/events/EventTarget-impl.js:104:17)
          at HTMLUnknownElement.dispatchEvent (/app/node_modules/.pnpm/jsdom@20.0.3/node_modules/jsdom/lib/jsdom/living/generated/EventTarget.js:241:34)
          at Object.invokeGuardedCallbackDev (/app/node_modules/.pnpm/react-dom@18.3.1_react@18.3.1/node_modules/react-dom/cjs/react-dom.development.js:4213:16)
          at invokeGuardedCallback (/app/node_modules/.pnpm/react-dom@18.3.1_react@18.3.1/node_modules/react-dom/cjs/react-dom.development.js:4277:31)
          at beginWork$1 (/app/node_modules/.pnpm/react-dom@18.3.1_react@18.3.1/node_modules/react-dom/cjs/react-dom.development.js:27490:7)
          at performUnitOfWork (/app/node_modules/.pnpm/react-dom@18.3.1_react@18.3.1/node_modules/react-dom/cjs/react-dom.development.js:26599:12)
          at workLoopSync (/app/node_modules/.pnpm/react-dom@18.3.1_react@18.3.1/node_modules/react-dom/cjs/react-dom.development.js:26505:5)
          at renderRootSync (/app/node_modules/.pnpm/react-dom@18.3.1_react@18.3.1/node_modules/react-dom/cjs/react-dom.development.js:26473:7)
          at recoverFromConcurrentError (/app/node_modules/.pnpm/react-dom@18.3.1_react@18.3.1/node_modules/react-dom/cjs/react-dom.development.js:25889:20)
          at performConcurrentWorkOnRoot (/app/node_modules/.pnpm/react-dom@18.3.1_react@18.3.1/node_modules/react-dom/cjs/react-dom.development.js:25789:22)
          at flushActQueue (/app/node_modules/.pnpm/react@18.3.1/node_modules/react/cjs/react.development.js:2667:24)
          at act (/app/node_modules/.pnpm/react@18.3.1/node_modules/react/cjs/react.development.js:2582:11)
          at /app/node_modules/.pnpm/@testing-library+react@16.3.2_@testing-library+dom@10.4.1_@types+react-dom@18.3.7_@types+reac_3k5f6qynewwmkoqvlvtzlgtsjq/node_modules/@testing-library/react/dist/act-compat.js:46:25
          at renderRoot (/app/node_modules/.pnpm/@testing-library+react@16.3.2_@testing-library+dom@10.4.1_@types+react-dom@18.3.7_@types+reac_3k5f6qynewwmkoqvlvtzlgtsjq/node_modules/@testing-library/react/dist/pure.js:189:26)
          at render (/app/node_modules/.pnpm/@testing-library+react@16.3.2_@testing-library+dom@10.4.1_@types+react-dom@18.3.7_@types+reac_3k5f6qynewwmkoqvlvtzlgtsjq/node_modules/@testing-library/react/dist/pure.js:291:10)
          at Object.<anonymous> (/app/apps/admin/components/__tests__/users-table.test.tsx:65:11)
          at Promise.then.completed (/app/node_modules/.pnpm/jest-circus@29.7.0/node_modules/jest-circus/build/utils.js:298:28)
          at new Promise (<anonymous>)
          at callAsyncCircusFn (/app/node_modules/.pnpm/jest-circus@29.7.0/node_modules/jest-circus/build/utils.js:231:10)
          at _callCircusTest (/app/node_modules/.pnpm/jest-circus@29.7.0/node_modules/jest-circus/build/run.js:316:40)
          at processTicksAndRejections (node:internal/process/task_queues:103:5)
          at _runTest (/app/node_modules/.pnpm/jest-circus@29.7.0/node_modules/jest-circus/build/run.js:252:3)
          at _runTestsForDescribeBlock (/app/node_modules/.pnpm/jest-circus@29.7.0/node_modules/jest-circus/build/run.js:126:9)
          at _runTestsForDescribeBlock (/app/node_modules/.pnpm/jest-circus@29.7.0/node_modules/jest-circus/build/run.js:121:9)
          at run (/app/node_modules/.pnpm/jest-circus@29.7.0/node_modules/jest-circus/build/run.js:71:3)
          at runAndTransformResultsToJestFormat (/app/node_modules/.pnpm/jest-circus@29.7.0/node_modules/jest-circus/build/legacy-code-todo-rewrite/jestAdapterInit.js:122:21)
          at jestAdapter (/app/node_modules/.pnpm/jest-circus@29.7.0/node_modules/jest-circus/build/legacy-code-todo-rewrite/jestAdapter.js:79:19)
          at runTestInternal (/app/node_modules/.pnpm/jest-runner@29.7.0/node_modules/jest-runner/build/runTest.js:367:16)
          at runTest (/app/node_modules/.pnpm/jest-runner@29.7.0/node_modules/jest-runner/build/runTest.js:444:34)
          at Object.worker (/app/node_modules/.pnpm/jest-runner@29.7.0/node_modules/jest-runner/build/testWorker.js:106:12) {
        detail: Error: `Tooltip` must be used within `TooltipProvider`
            at useContext2 (/app/node_modules/.pnpm/@radix-ui+react-context@1.1.2_@types+react@18.3.29_react@18.3.1/node_modules/@radix-ui/react-context/src/create-context.tsx:75:13)
            at Tooltip (/app/node_modules/.pnpm/@radix-ui+react-tooltip@1.2.8_@types+react-dom@18.3.7_@types+react@18.3.29__@types+react@18.3_xrwsnt2rmlacewwolijhmzdoxi/node_modules/@radix-ui/react-tooltip/src/tooltip.tsx:162:27)
            at renderWithHooks (/app/node_modules/.pnpm/react-dom@18.3.1_react@18.3.1/node_modules/react-dom/cjs/react-dom.development.js:15486:18)
            at mountIndeterminateComponent (/app/node_modules/.pnpm/react-dom@18.3.1_react@18.3.1/node_modules/react-dom/cjs/react-dom.development.js:20103:13)
            at beginWork (/app/node_modules/.pnpm/react-dom@18.3.1_react@18.3.1/node_modules/react-dom/cjs/react-dom.development.js:21626:16)
            at HTMLUnknownElement.callCallback (/app/node_modules/.pnpm/react-dom@18.3.1_react@18.3.1/node_modules/react-dom/cjs/react-dom.development.js:4164:14)
            at HTMLUnknownElement.callTheUserObjectsOperation (/app/node_modules/.pnpm/jsdom@20.0.3/node_modules/jsdom/lib/jsdom/living/generated/EventListener.js:26:30)
            at innerInvokeEventListeners (/app/node_modules/.pnpm/jsdom@20.0.3/node_modules/jsdom/lib/jsdom/living/events/EventTarget-impl.js:350:25)
            at invokeEventListeners (/app/node_modules/.pnpm/jsdom@20.0.3/node_modules/jsdom/lib/jsdom/living/events/EventTarget-impl.js:286:3)
            at HTMLUnknownElementImpl._dispatch (/app/node_modules/.pnpm/jsdom@20.0.3/node_modules/jsdom/lib/jsdom/living/events/EventTarget-impl.js:233:9)
            at HTMLUnknownElementImpl.dispatchEvent (/app/node_modules/.pnpm/jsdom@20.0.3/node_modules/jsdom/lib/jsdom/living/events/EventTarget-impl.js:104:17)
            at HTMLUnknownElement.dispatchEvent (/app/node_modules/.pnpm/jsdom@20.0.3/node_modules/jsdom/lib/jsdom/living/generated/EventTarget.js:241:34)
            at Object.invokeGuardedCallbackDev (/app/node_modules/.pnpm/react-dom@18.3.1_react@18.3.1/node_modules/react-dom/cjs/react-dom.development.js:4213:16)
            at invokeGuardedCallback (/app/node_modules/.pnpm/react-dom@18.3.1_react@18.3.1/node_modules/react-dom/cjs/react-dom.development.js:4277:31)
            at beginWork$1 (/app/node_modules/.pnpm/react-dom@18.3.1_react@18.3.1/node_modules/react-dom/cjs/react-dom.development.js:27490:7)
            at performUnitOfWork (/app/node_modules/.pnpm/react-dom@18.3.1_react@18.3.1/node_modules/react-dom/cjs/react-dom.development.js:26599:12)
            at workLoopSync (/app/node_modules/.pnpm/react-dom@18.3.1_react@18.3.1/node_modules/react-dom/cjs/react-dom.development.js:26505:5)
            at renderRootSync (/app/node_modules/.pnpm/react-dom@18.3.1_react@18.3.1/node_modules/react-dom/cjs/react-dom.development.js:26473:7)
            at recoverFromConcurrentError (/app/node_modules/.pnpm/react-dom@18.3.1_react@18.3.1/node_modules/react-dom/cjs/react-dom.development.js:25889:20)
            at performConcurrentWorkOnRoot (/app/node_modules/.pnpm/react-dom@18.3.1_react@18.3.1/node_modules/react-dom/cjs/react-dom.development.js:25789:22)
            at flushActQueue (/app/node_modules/.pnpm/react@18.3.1/node_modules/react/cjs/react.development.js:2667:24)
            at act (/app/node_modules/.pnpm/react@18.3.1/node_modules/react/cjs/react.development.js:2582:11)
            at /app/node_modules/.pnpm/@testing-library+react@16.3.2_@testing-library+dom@10.4.1_@types+react-dom@18.3.7_@types+reac_3k5f6qynewwmkoqvlvtzlgtsjq/node_modules/@testing-library/react/dist/act-compat.js:46:25
            at renderRoot (/app/node_modules/.pnpm/@testing-library+react@16.3.2_@testing-library+dom@10.4.1_@types+react-dom@18.3.7_@types+reac_3k5f6qynewwmkoqvlvtzlgtsjq/node_modules/@testing-library/react/dist/pure.js:189:26)
            at render (/app/node_modules/.pnpm/@testing-library+react@16.3.2_@testing-library+dom@10.4.1_@types+react-dom@18.3.7_@types+reac_3k5f6qynewwmkoqvlvtzlgtsjq/node_modules/@testing-library/react/dist/pure.js:291:10)
            at Object.<anonymous> (/app/apps/admin/components/__tests__/users-table.test.tsx:65:11)
            at Promise.then.completed (/app/node_modules/.pnpm/jest-circus@29.7.0/node_modules/jest-circus/build/utils.js:298:28)
            at new Promise (<anonymous>)
            at callAsyncCircusFn (/app/node_modules/.pnpm/jest-circus@29.7.0/node_modules/jest-circus/build/utils.js:231:10)
            at _callCircusTest (/app/node_modules/.pnpm/jest-circus@29.7.0/node_modules/jest-circus/build/run.js:316:40)
            at processTicksAndRejections (node:internal/process/task_queues:103:5)
            at _runTest (/app/node_modules/.pnpm/jest-circus@29.7.0/node_modules/jest-circus/build/run.js:252:3)
            at _runTestsForDescribeBlock (/app/node_modules/.pnpm/jest-circus@29.7.0/node_modules/jest-circus/build/run.js:126:9)
            at _runTestsForDescribeBlock (/app/node_modules/.pnpm/jest-circus@29.7.0/node_modules/jest-circus/build/run.js:121:9)
            at run (/app/node_modules/.pnpm/jest-circus@29.7.0/node_modules/jest-circus/build/run.js:71:3)
            at runAndTransformResultsToJestFormat (/app/node_modules/.pnpm/jest-circus@29.7.0/node_modules/jest-circus/build/legacy-code-todo-rewrite/jestAdapterInit.js:122:21)
            at jestAdapter (/app/node_modules/.pnpm/jest-circus@29.7.0/node_modules/jest-circus/build/legacy-code-todo-rewrite/jestAdapter.js:79:19)
            at runTestInternal (/app/node_modules/.pnpm/jest-runner@29.7.0/node_modules/jest-runner/build/runTest.js:367:16)
            at runTest (/app/node_modules/.pnpm/jest-runner@29.7.0/node_modules/jest-runner/build/runTest.js:444:34)
            at Object.worker (/app/node_modules/.pnpm/jest-runner@29.7.0/node_modules/jest-runner/build/testWorker.js:106:12),
        type: 'unhandled exception'
      }

      63 |
      64 |   it('filters by search input', () => {
    > 65 |     render(withIntl(<UsersTable users={mockUsers} orgs={mockOrgs} />))
         |           ^
      66 |     const searchInput = screen.getByPlaceholderText(en.users.search)
      67 |     fireEvent.change(searchInput, { target: { value: 'alice' } })
      68 |     expect(screen.getByText('Alice Smith')).toBeInTheDocument()

      at VirtualConsole.<anonymous> (../../node_modules/.pnpm/jest-environment-jsdom@29.7.0/node_modules/jest-environment-jsdom/build/index.js:63:23)
      at reportException (../../node_modules/.pnpm/jsdom@20.0.3/node_modules/jsdom/lib/jsdom/living/helpers/runtime-script-errors.js:70:28)
      at innerInvokeEventListeners (../../node_modules/.pnpm/jsdom@20.0.3/node_modules/jsdom/lib/jsdom/living/events/EventTarget-impl.js:353:9)
      at invokeEventListeners (../../node_modules/.pnpm/jsdom@20.0.3/node_modules/jsdom/lib/jsdom/living/events/EventTarget-impl.js:286:3)
      at HTMLUnknownElementImpl._dispatch (../../node_modules/.pnpm/jsdom@20.0.3/node_modules/jsdom/lib/jsdom/living/events/EventTarget-impl.js:233:9)
      at HTMLUnknownElementImpl.dispatchEvent (../../node_modules/.pnpm/jsdom@20.0.3/node_modules/jsdom/lib/jsdom/living/events/EventTarget-impl.js:104:17)
      at HTMLUnknownElement.dispatchEvent (../../node_modules/.pnpm/jsdom@20.0.3/node_modules/jsdom/lib/jsdom/living/generated/EventTarget.js:241:34)
      at Object.invokeGuardedCallbackDev (../../node_modules/.pnpm/react-dom@18.3.1_react@18.3.1/node_modules/react-dom/cjs/react-dom.development.js:4213:16)
      at invokeGuardedCallback (../../node_modules/.pnpm/react-dom@18.3.1_react@18.3.1/node_modules/react-dom/cjs/react-dom.development.js:4277:31)
      at beginWork$1 (../../node_modules/.pnpm/react-dom@18.3.1_react@18.3.1/node_modules/react-dom/cjs/react-dom.development.js:27490:7)
      at performUnitOfWork (../../node_modules/.pnpm/react-dom@18.3.1_react@18.3.1/node_modules/react-dom/cjs/react-dom.development.js:26599:12)
      at workLoopSync (../../node_modules/.pnpm/react-dom@18.3.1_react@18.3.1/node_modules/react-dom/cjs/react-dom.development.js:26505:5)
      at renderRootSync (../../node_modules/.pnpm/react-dom@18.3.1_react@18.3.1/node_modules/react-dom/cjs/react-dom.development.js:26473:7)
      at recoverFromConcurrentError (../../node_modules/.pnpm/react-dom@18.3.1_react@18.3.1/node_modules/react-dom/cjs/react-dom.development.js:25889:20)
      at performConcurrentWorkOnRoot (../../node_modules/.pnpm/react-dom@18.3.1_react@18.3.1/node_modules/react-dom/cjs/react-dom.development.js:25789:22)
      at flushActQueue (../../node_modules/.pnpm/react@18.3.1/node_modules/react/cjs/react.development.js:2667:24)
      at act (../../node_modules/.pnpm/react@18.3.1/node_modules/react/cjs/react.development.js:2582:11)
      at ../../node_modules/.pnpm/@testing-library+react@16.3.2_@testing-library+dom@10.4.1_@types+react-dom@18.3.7_@types+reac_3k5f6qynewwmkoqvlvtzlgtsjq/node_modules/@testing-library/react/dist/act-compat.js:46:25
      at renderRoot (../../node_modules/.pnpm/@testing-library+react@16.3.2_@testing-library+dom@10.4.1_@types+react-dom@18.3.7_@types+reac_3k5f6qynewwmkoqvlvtzlgtsjq/node_modules/@testing-library/react/dist/pure.js:189:26)
      at render (../../node_modules/.pnpm/@testing-library+react@16.3.2_@testing-library+dom@10.4.1_@types+react-dom@18.3.7_@types+reac_3k5f6qynewwmkoqvlvtzlgtsjq/node_modules/@testing-library/react/dist/pure.js:291:10)
      at Object.<anonymous> (components/__tests__/users-table.test.tsx:65:11)

    console.error
      The above error occurred in the <Tooltip> component:

          at Tooltip (/app/node_modules/.pnpm/@radix-ui+react-tooltip@1.2.8_@types+react-dom@18.3.7_@types+react@18.3.29__@types+react@18.3_xrwsnt2rmlacewwolijhmzdoxi/node_modules/@radix-ui/react-tooltip/src/tooltip.tsx:154:5)
          at Passthrough (/app/apps/admin/components/__tests__/users-table.test.tsx:27:26)
          at cell (/app/apps/admin/components/users-table.tsx:87:16)
          at td
          at /app/packages/ui/src/components/ui/table.tsx:87:6
          at tr
          at /app/packages/ui/src/components/ui/table.tsx:57:6
          at tbody
          at /app/packages/ui/src/components/ui/table.tsx:30:6
          at table
          at div
          at /app/packages/ui/src/components/ui/table.tsx:8:6
          at DataTable (/app/packages/ui/src/components/data-table.tsx:23:36)
          at div
          at UsersTable (/app/apps/admin/components/users-table.tsx:26:30)
          at IntlProvider (/app/node_modules/.pnpm/use-intl@3.26.5_react@18.3.1/node_modules/use-intl/dist/development/_IntlProvider.js:16:5)
          at NextIntlClientProvider (/app/node_modules/.pnpm/next-intl@3.26.5_next@15.5.18_@babel+core@7.29.7_@opentelemetry+api@1.9.1_@playwright+test@1._uib3rlo2eksg3yll53rffkx7ea/node_modules/next-intl/dist/development/shared/NextIntlClientProvider.js:16:5)

      Consider adding an error boundary to your tree to customize error handling behavior.
      Visit https://reactjs.org/link/error-boundaries to learn more about error boundaries.

      63 |
      64 |   it('filters by search input', () => {
    > 65 |     render(withIntl(<UsersTable users={mockUsers} orgs={mockOrgs} />))
         |           ^
      66 |     const searchInput = screen.getByPlaceholderText(en.users.search)
      67 |     fireEvent.change(searchInput, { target: { value: 'alice' } })
      68 |     expect(screen.getByText('Alice Smith')).toBeInTheDocument()

      at logCapturedError (../../node_modules/.pnpm/react-dom@18.3.1_react@18.3.1/node_modules/react-dom/cjs/react-dom.development.js:18704:23)
      at update.callback (../../node_modules/.pnpm/react-dom@18.3.1_react@18.3.1/node_modules/react-dom/cjs/react-dom.development.js:18737:5)
      at callCallback (../../node_modules/.pnpm/react-dom@18.3.1_react@18.3.1/node_modules/react-dom/cjs/react-dom.development.js:15036:12)
      at commitUpdateQueue (../../node_modules/.pnpm/react-dom@18.3.1_react@18.3.1/node_modules/react-dom/cjs/react-dom.development.js:15057:9)
      at commitLayoutEffectOnFiber (../../node_modules/.pnpm/react-dom@18.3.1_react@18.3.1/node_modules/react-dom/cjs/react-dom.development.js:23430:13)
      at commitLayoutMountEffects_complete (../../node_modules/.pnpm/react-dom@18.3.1_react@18.3.1/node_modules/react-dom/cjs/react-dom.development.js:24727:9)
      at commitLayoutEffects_begin (../../node_modules/.pnpm/react-dom@18.3.1_react@18.3.1/node_modules/react-dom/cjs/react-dom.development.js:24713:7)
      at commitLayoutEffects (../../node_modules/.pnpm/react-dom@18.3.1_react@18.3.1/node_modules/react-dom/cjs/react-dom.development.js:24651:3)
      at commitRootImpl (../../node_modules/.pnpm/react-dom@18.3.1_react@18.3.1/node_modules/react-dom/cjs/react-dom.development.js:26862:5)
      at commitRoot (../../node_modules/.pnpm/react-dom@18.3.1_react@18.3.1/node_modules/react-dom/cjs/react-dom.development.js:26721:5)
      at finishConcurrentRender (../../node_modules/.pnpm/react-dom@18.3.1_react@18.3.1/node_modules/react-dom/cjs/react-dom.development.js:25931:9)
      at performConcurrentWorkOnRoot (../../node_modules/.pnpm/react-dom@18.3.1_react@18.3.1/node_modules/react-dom/cjs/react-dom.development.js:25848:7)
      at flushActQueue (../../node_modules/.pnpm/react@18.3.1/node_modules/react/cjs/react.development.js:2667:24)
      at act (../../node_modules/.pnpm/react@18.3.1/node_modules/react/cjs/react.development.js:2582:11)
      at ../../node_modules/.pnpm/@testing-library+react@16.3.2_@testing-library+dom@10.4.1_@types+react-dom@18.3.7_@types+reac_3k5f6qynewwmkoqvlvtzlgtsjq/node_modules/@testing-library/react/dist/act-compat.js:46:25
      at renderRoot (../../node_modules/.pnpm/@testing-library+react@16.3.2_@testing-library+dom@10.4.1_@types+react-dom@18.3.7_@types+reac_3k5f6qynewwmkoqvlvtzlgtsjq/node_modules/@testing-library/react/dist/pure.js:189:26)
      at render (../../node_modules/.pnpm/@testing-library+react@16.3.2_@testing-library+dom@10.4.1_@types+react-dom@18.3.7_@types+reac_3k5f6qynewwmkoqvlvtzlgtsjq/node_modules/@testing-library/react/dist/pure.js:291:10)
      at Object.<anonymous> (components/__tests__/users-table.test.tsx:65:11)

    console.error
      The above error occurred in the <Tooltip> component:

          at Tooltip (/app/node_modules/.pnpm/@radix-ui+react-tooltip@1.2.8_@types+react-dom@18.3.7_@types+react@18.3.29__@types+react@18.3_xrwsnt2rmlacewwolijhmzdoxi/node_modules/@radix-ui/react-tooltip/src/tooltip.tsx:154:5)
          at Passthrough (/app/apps/admin/components/__tests__/users-table.test.tsx:27:26)
          at cell (/app/apps/admin/components/users-table.tsx:87:16)
          at td
          at /app/packages/ui/src/components/ui/table.tsx:87:6
          at tr
          at /app/packages/ui/src/components/ui/table.tsx:57:6
          at tbody
          at /app/packages/ui/src/components/ui/table.tsx:30:6
          at table
          at div
          at /app/packages/ui/src/components/ui/table.tsx:8:6
          at DataTable (/app/packages/ui/src/components/data-table.tsx:23:36)
          at div
          at UsersTable (/app/apps/admin/components/users-table.tsx:26:30)
          at IntlProvider (/app/node_modules/.pnpm/use-intl@3.26.5_react@18.3.1/node_modules/use-intl/dist/development/_IntlProvider.js:16:5)
          at NextIntlClientProvider (/app/node_modules/.pnpm/next-intl@3.26.5_next@15.5.18_@babel+core@7.29.7_@opentelemetry+api@1.9.1_@playwright+test@1._uib3rlo2eksg3yll53rffkx7ea/node_modules/next-intl/dist/development/shared/NextIntlClientProvider.js:16:5)

      Consider adding an error boundary to your tree to customize error handling behavior.
      Visit https://reactjs.org/link/error-boundaries to learn more about error boundaries.

      63 |
      64 |   it('filters by search input', () => {
    > 65 |     render(withIntl(<UsersTable users={mockUsers} orgs={mockOrgs} />))
         |           ^
      66 |     const searchInput = screen.getByPlaceholderText(en.users.search)
      67 |     fireEvent.change(searchInput, { target: { value: 'alice' } })
      68 |     expect(screen.getByText('Alice Smith')).toBeInTheDocument()

      at logCapturedError (../../node_modules/.pnpm/react-dom@18.3.1_react@18.3.1/node_modules/react-dom/cjs/react-dom.development.js:18704:23)
      at update.callback (../../node_modules/.pnpm/react-dom@18.3.1_react@18.3.1/node_modules/react-dom/cjs/react-dom.development.js:18737:5)
      at callCallback (../../node_modules/.pnpm/react-dom@18.3.1_react@18.3.1/node_modules/react-dom/cjs/react-dom.development.js:15036:12)
      at commitUpdateQueue (../../node_modules/.pnpm/react-dom@18.3.1_react@18.3.1/node_modules/react-dom/cjs/react-dom.development.js:15057:9)
      at commitLayoutEffectOnFiber (../../node_modules/.pnpm/react-dom@18.3.1_react@18.3.1/node_modules/react-dom/cjs/react-dom.development.js:23430:13)
      at commitLayoutMountEffects_complete (../../node_modules/.pnpm/react-dom@18.3.1_react@18.3.1/node_modules/react-dom/cjs/react-dom.development.js:24727:9)
      at commitLayoutEffects_begin (../../node_modules/.pnpm/react-dom@18.3.1_react@18.3.1/node_modules/react-dom/cjs/react-dom.development.js:24713:7)
      at commitLayoutEffects (../../node_modules/.pnpm/react-dom@18.3.1_react@18.3.1/node_modules/react-dom/cjs/react-dom.development.js:24651:3)
      at commitRootImpl (../../node_modules/.pnpm/react-dom@18.3.1_react@18.3.1/node_modules/react-dom/cjs/react-dom.development.js:26862:5)
      at commitRoot (../../node_modules/.pnpm/react-dom@18.3.1_react@18.3.1/node_modules/react-dom/cjs/react-dom.development.js:26721:5)
      at finishConcurrentRender (../../node_modules/.pnpm/react-dom@18.3.1_react@18.3.1/node_modules/react-dom/cjs/react-dom.development.js:25931:9)
      at performConcurrentWorkOnRoot (../../node_modules/.pnpm/react-dom@18.3.1_react@18.3.1/node_modules/react-dom/cjs/react-dom.development.js:25848:7)
      at flushActQueue (../../node_modules/.pnpm/react@18.3.1/node_modules/react/cjs/react.development.js:2667:24)
      at act (../../node_modules/.pnpm/react@18.3.1/node_modules/react/cjs/react.development.js:2582:11)
      at ../../node_modules/.pnpm/@testing-library+react@16.3.2_@testing-library+dom@10.4.1_@types+react-dom@18.3.7_@types+reac_3k5f6qynewwmkoqvlvtzlgtsjq/node_modules/@testing-library/react/dist/act-compat.js:46:25
      at renderRoot (../../node_modules/.pnpm/@testing-library+react@16.3.2_@testing-library+dom@10.4.1_@types+react-dom@18.3.7_@types+reac_3k5f6qynewwmkoqvlvtzlgtsjq/node_modules/@testing-library/react/dist/pure.js:189:26)
      at render (../../node_modules/.pnpm/@testing-library+react@16.3.2_@testing-library+dom@10.4.1_@types+react-dom@18.3.7_@types+reac_3k5f6qynewwmkoqvlvtzlgtsjq/node_modules/@testing-library/react/dist/pure.js:291:10)
      at Object.<anonymous> (components/__tests__/users-table.test.tsx:65:11)

    console.error
      Error: Uncaught [Error: `Tooltip` must be used within `TooltipProvider`]
          at reportException (/app/node_modules/.pnpm/jsdom@20.0.3/node_modules/jsdom/lib/jsdom/living/helpers/runtime-script-errors.js:66:24)
          at innerInvokeEventListeners (/app/node_modules/.pnpm/jsdom@20.0.3/node_modules/jsdom/lib/jsdom/living/events/EventTarget-impl.js:353:9)
          at invokeEventListeners (/app/node_modules/.pnpm/jsdom@20.0.3/node_modules/jsdom/lib/jsdom/living/events/EventTarget-impl.js:286:3)
          at HTMLUnknownElementImpl._dispatch (/app/node_modules/.pnpm/jsdom@20.0.3/node_modules/jsdom/lib/jsdom/living/events/EventTarget-impl.js:233:9)
          at HTMLUnknownElementImpl.dispatchEvent (/app/node_modules/.pnpm/jsdom@20.0.3/node_modules/jsdom/lib/jsdom/living/events/EventTarget-impl.js:104:17)
          at HTMLUnknownElement.dispatchEvent (/app/node_modules/.pnpm/jsdom@20.0.3/node_modules/jsdom/lib/jsdom/living/generated/EventTarget.js:241:34)
          at Object.invokeGuardedCallbackDev (/app/node_modules/.pnpm/react-dom@18.3.1_react@18.3.1/node_modules/react-dom/cjs/react-dom.development.js:4213:16)
          at invokeGuardedCallback (/app/node_modules/.pnpm/react-dom@18.3.1_react@18.3.1/node_modules/react-dom/cjs/react-dom.development.js:4277:31)
          at beginWork$1 (/app/node_modules/.pnpm/react-dom@18.3.1_react@18.3.1/node_modules/react-dom/cjs/react-dom.development.js:27490:7)
          at performUnitOfWork (/app/node_modules/.pnpm/react-dom@18.3.1_react@18.3.1/node_modules/react-dom/cjs/react-dom.development.js:26599:12)
          at workLoopSync (/app/node_modules/.pnpm/react-dom@18.3.1_react@18.3.1/node_modules/react-dom/cjs/react-dom.development.js:26505:5)
          at renderRootSync (/app/node_modules/.pnpm/react-dom@18.3.1_react@18.3.1/node_modules/react-dom/cjs/react-dom.development.js:26473:7)
          at performConcurrentWorkOnRoot (/app/node_modules/.pnpm/react-dom@18.3.1_react@18.3.1/node_modules/react-dom/cjs/react-dom.development.js:25777:74)
          at flushActQueue (/app/node_modules/.pnpm/react@18.3.1/node_modules/react/cjs/react.development.js:2667:24)
          at act (/app/node_modules/.pnpm/react@18.3.1/node_modules/react/cjs/react.development.js:2582:11)
          at /app/node_modules/.pnpm/@testing-library+react@16.3.2_@testing-library+dom@10.4.1_@types+react-dom@18.3.7_@types+reac_3k5f6qynewwmkoqvlvtzlgtsjq/node_modules/@testing-library/react/dist/act-compat.js:46:25
          at renderRoot (/app/node_modules/.pnpm/@testing-library+react@16.3.2_@testing-library+dom@10.4.1_@types+react-dom@18.3.7_@types+reac_3k5f6qynewwmkoqvlvtzlgtsjq/node_modules/@testing-library/react/dist/pure.js:189:26)
          at render (/app/node_modules/.pnpm/@testing-library+react@16.3.2_@testing-library+dom@10.4.1_@types+react-dom@18.3.7_@types+reac_3k5f6qynewwmkoqvlvtzlgtsjq/node_modules/@testing-library/react/dist/pure.js:291:10)
          at Object.<anonymous> (/app/apps/admin/components/__tests__/users-table.test.tsx:73:11)
          at Promise.then.completed (/app/node_modules/.pnpm/jest-circus@29.7.0/node_modules/jest-circus/build/utils.js:298:28)
          at new Promise (<anonymous>)
          at callAsyncCircusFn (/app/node_modules/.pnpm/jest-circus@29.7.0/node_modules/jest-circus/build/utils.js:231:10)
          at _callCircusTest (/app/node_modules/.pnpm/jest-circus@29.7.0/node_modules/jest-circus/build/run.js:316:40)
          at processTicksAndRejections (node:internal/process/task_queues:103:5)
          at _runTest (/app/node_modules/.pnpm/jest-circus@29.7.0/node_modules/jest-circus/build/run.js:252:3)
          at _runTestsForDescribeBlock (/app/node_modules/.pnpm/jest-circus@29.7.0/node_modules/jest-circus/build/run.js:126:9)
          at _runTestsForDescribeBlock (/app/node_modules/.pnpm/jest-circus@29.7.0/node_modules/jest-circus/build/run.js:121:9)
          at run (/app/node_modules/.pnpm/jest-circus@29.7.0/node_modules/jest-circus/build/run.js:71:3)
          at runAndTransformResultsToJestFormat (/app/node_modules/.pnpm/jest-circus@29.7.0/node_modules/jest-circus/build/legacy-code-todo-rewrite/jestAdapterInit.js:122:21)
          at jestAdapter (/app/node_modules/.pnpm/jest-circus@29.7.0/node_modules/jest-circus/build/legacy-code-todo-rewrite/jestAdapter.js:79:19)
          at runTestInternal (/app/node_modules/.pnpm/jest-runner@29.7.0/node_modules/jest-runner/build/runTest.js:367:16)
          at runTest (/app/node_modules/.pnpm/jest-runner@29.7.0/node_modules/jest-runner/build/runTest.js:444:34)
          at Object.worker (/app/node_modules/.pnpm/jest-runner@29.7.0/node_modules/jest-runner/build/testWorker.js:106:12) {
        detail: Error: `Tooltip` must be used within `TooltipProvider`
            at useContext2 (/app/node_modules/.pnpm/@radix-ui+react-context@1.1.2_@types+react@18.3.29_react@18.3.1/node_modules/@radix-ui/react-context/src/create-context.tsx:75:13)
            at Tooltip (/app/node_modules/.pnpm/@radix-ui+react-tooltip@1.2.8_@types+react-dom@18.3.7_@types+react@18.3.29__@types+react@18.3_xrwsnt2rmlacewwolijhmzdoxi/node_modules/@radix-ui/react-tooltip/src/tooltip.tsx:162:27)
            at renderWithHooks (/app/node_modules/.pnpm/react-dom@18.3.1_react@18.3.1/node_modules/react-dom/cjs/react-dom.development.js:15486:18)
            at mountIndeterminateComponent (/app/node_modules/.pnpm/react-dom@18.3.1_react@18.3.1/node_modules/react-dom/cjs/react-dom.development.js:20103:13)
            at beginWork (/app/node_modules/.pnpm/react-dom@18.3.1_react@18.3.1/node_modules/react-dom/cjs/react-dom.development.js:21626:16)
            at HTMLUnknownElement.callCallback (/app/node_modules/.pnpm/react-dom@18.3.1_react@18.3.1/node_modules/react-dom/cjs/react-dom.development.js:4164:14)
            at HTMLUnknownElement.callTheUserObjectsOperation (/app/node_modules/.pnpm/jsdom@20.0.3/node_modules/jsdom/lib/jsdom/living/generated/EventListener.js:26:30)
            at innerInvokeEventListeners (/app/node_modules/.pnpm/jsdom@20.0.3/node_modules/jsdom/lib/jsdom/living/events/EventTarget-impl.js:350:25)
            at invokeEventListeners (/app/node_modules/.pnpm/jsdom@20.0.3/node_modules/jsdom/lib/jsdom/living/events/EventTarget-impl.js:286:3)
            at HTMLUnknownElementImpl._dispatch (/app/node_modules/.pnpm/jsdom@20.0.3/node_modules/jsdom/lib/jsdom/living/events/EventTarget-impl.js:233:9)
            at HTMLUnknownElementImpl.dispatchEvent (/app/node_modules/.pnpm/jsdom@20.0.3/node_modules/jsdom/lib/jsdom/living/events/EventTarget-impl.js:104:17)
            at HTMLUnknownElement.dispatchEvent (/app/node_modules/.pnpm/jsdom@20.0.3/node_modules/jsdom/lib/jsdom/living/generated/EventTarget.js:241:34)
            at Object.invokeGuardedCallbackDev (/app/node_modules/.pnpm/react-dom@18.3.1_react@18.3.1/node_modules/react-dom/cjs/react-dom.development.js:4213:16)
            at invokeGuardedCallback (/app/node_modules/.pnpm/react-dom@18.3.1_react@18.3.1/node_modules/react-dom/cjs/react-dom.development.js:4277:31)
            at beginWork$1 (/app/node_modules/.pnpm/react-dom@18.3.1_react@18.3.1/node_modules/react-dom/cjs/react-dom.development.js:27490:7)
            at performUnitOfWork (/app/node_modules/.pnpm/react-dom@18.3.1_react@18.3.1/node_modules/react-dom/cjs/react-dom.development.js:26599:12)
            at workLoopSync (/app/node_modules/.pnpm/react-dom@18.3.1_react@18.3.1/node_modules/react-dom/cjs/react-dom.development.js:26505:5)
            at renderRootSync (/app/node_modules/.pnpm/react-dom@18.3.1_react@18.3.1/node_modules/react-dom/cjs/react-dom.development.js:26473:7)
            at performConcurrentWorkOnRoot (/app/node_modules/.pnpm/react-dom@18.3.1_react@18.3.1/node_modules/react-dom/cjs/react-dom.development.js:25777:74)
            at flushActQueue (/app/node_modules/.pnpm/react@18.3.1/node_modules/react/cjs/react.development.js:2667:24)
            at act (/app/node_modules/.pnpm/react@18.3.1/node_modules/react/cjs/react.development.js:2582:11)
            at /app/node_modules/.pnpm/@testing-library+react@16.3.2_@testing-library+dom@10.4.1_@types+react-dom@18.3.7_@types+reac_3k5f6qynewwmkoqvlvtzlgtsjq/node_modules/@testing-library/react/dist/act-compat.js:46:25
            at renderRoot (/app/node_modules/.pnpm/@testing-library+react@16.3.2_@testing-library+dom@10.4.1_@types+react-dom@18.3.7_@types+reac_3k5f6qynewwmkoqvlvtzlgtsjq/node_modules/@testing-library/react/dist/pure.js:189:26)
            at render (/app/node_modules/.pnpm/@testing-library+react@16.3.2_@testing-library+dom@10.4.1_@types+react-dom@18.3.7_@types+reac_3k5f6qynewwmkoqvlvtzlgtsjq/node_modules/@testing-library/react/dist/pure.js:291:10)
            at Object.<anonymous> (/app/apps/admin/components/__tests__/users-table.test.tsx:73:11)
            at Promise.then.completed (/app/node_modules/.pnpm/jest-circus@29.7.0/node_modules/jest-circus/build/utils.js:298:28)
            at new Promise (<anonymous>)
            at callAsyncCircusFn (/app/node_modules/.pnpm/jest-circus@29.7.0/node_modules/jest-circus/build/utils.js:231:10)
            at _callCircusTest (/app/node_modules/.pnpm/jest-circus@29.7.0/node_modules/jest-circus/build/run.js:316:40)
            at processTicksAndRejections (node:internal/process/task_queues:103:5)
            at _runTest (/app/node_modules/.pnpm/jest-circus@29.7.0/node_modules/jest-circus/build/run.js:252:3)
            at _runTestsForDescribeBlock (/app/node_modules/.pnpm/jest-circus@29.7.0/node_modules/jest-circus/build/run.js:126:9)
            at _runTestsForDescribeBlock (/app/node_modules/.pnpm/jest-circus@29.7.0/node_modules/jest-circus/build/run.js:121:9)
            at run (/app/node_modules/.pnpm/jest-circus@29.7.0/node_modules/jest-circus/build/run.js:71:3)
            at runAndTransformResultsToJestFormat (/app/node_modules/.pnpm/jest-circus@29.7.0/node_modules/jest-circus/build/legacy-code-todo-rewrite/jestAdapterInit.js:122:21)
            at jestAdapter (/app/node_modules/.pnpm/jest-circus@29.7.0/node_modules/jest-circus/build/legacy-code-todo-rewrite/jestAdapter.js:79:19)
            at runTestInternal (/app/node_modules/.pnpm/jest-runner@29.7.0/node_modules/jest-runner/build/runTest.js:367:16)
            at runTest (/app/node_modules/.pnpm/jest-runner@29.7.0/node_modules/jest-runner/build/runTest.js:444:34)
            at Object.worker (/app/node_modules/.pnpm/jest-runner@29.7.0/node_modules/jest-runner/build/testWorker.js:106:12),
        type: 'unhandled exception'
      }

      71 |
      72 |   it('shows org name for user', () => {
    > 73 |     render(withIntl(<UsersTable users={mockUsers} orgs={mockOrgs} />))
         |           ^
      74 |     expect(screen.getAllByText('Acme Corp').length).toBeGreaterThan(0)
      75 |   })
      76 |

      at VirtualConsole.<anonymous> (../../node_modules/.pnpm/jest-environment-jsdom@29.7.0/node_modules/jest-environment-jsdom/build/index.js:63:23)
      at reportException (../../node_modules/.pnpm/jsdom@20.0.3/node_modules/jsdom/lib/jsdom/living/helpers/runtime-script-errors.js:70:28)
      at innerInvokeEventListeners (../../node_modules/.pnpm/jsdom@20.0.3/node_modules/jsdom/lib/jsdom/living/events/EventTarget-impl.js:353:9)
      at invokeEventListeners (../../node_modules/.pnpm/jsdom@20.0.3/node_modules/jsdom/lib/jsdom/living/events/EventTarget-impl.js:286:3)
      at HTMLUnknownElementImpl._dispatch (../../node_modules/.pnpm/jsdom@20.0.3/node_modules/jsdom/lib/jsdom/living/events/EventTarget-impl.js:233:9)
      at HTMLUnknownElementImpl.dispatchEvent (../../node_modules/.pnpm/jsdom@20.0.3/node_modules/jsdom/lib/jsdom/living/events/EventTarget-impl.js:104:17)
      at HTMLUnknownElement.dispatchEvent (../../node_modules/.pnpm/jsdom@20.0.3/node_modules/jsdom/lib/jsdom/living/generated/EventTarget.js:241:34)
      at Object.invokeGuardedCallbackDev (../../node_modules/.pnpm/react-dom@18.3.1_react@18.3.1/node_modules/react-dom/cjs/react-dom.development.js:4213:16)
      at invokeGuardedCallback (../../node_modules/.pnpm/react-dom@18.3.1_react@18.3.1/node_modules/react-dom/cjs/react-dom.development.js:4277:31)
      at beginWork$1 (../../node_modules/.pnpm/react-dom@18.3.1_react@18.3.1/node_modules/react-dom/cjs/react-dom.development.js:27490:7)
      at performUnitOfWork (../../node_modules/.pnpm/react-dom@18.3.1_react@18.3.1/node_modules/react-dom/cjs/react-dom.development.js:26599:12)
      at workLoopSync (../../node_modules/.pnpm/react-dom@18.3.1_react@18.3.1/node_modules/react-dom/cjs/react-dom.development.js:26505:5)
      at renderRootSync (../../node_modules/.pnpm/react-dom@18.3.1_react@18.3.1/node_modules/react-dom/cjs/react-dom.development.js:26473:7)
      at performConcurrentWorkOnRoot (../../node_modules/.pnpm/react-dom@18.3.1_react@18.3.1/node_modules/react-dom/cjs/react-dom.development.js:25777:74)
      at flushActQueue (../../node_modules/.pnpm/react@18.3.1/node_modules/react/cjs/react.development.js:2667:24)
      at act (../../node_modules/.pnpm/react@18.3.1/node_modules/react/cjs/react.development.js:2582:11)
      at ../../node_modules/.pnpm/@testing-library+react@16.3.2_@testing-library+dom@10.4.1_@types+react-dom@18.3.7_@types+reac_3k5f6qynewwmkoqvlvtzlgtsjq/node_modules/@testing-library/react/dist/act-compat.js:46:25
      at renderRoot (../../node_modules/.pnpm/@testing-library+react@16.3.2_@testing-library+dom@10.4.1_@types+react-dom@18.3.7_@types+reac_3k5f6qynewwmkoqvlvtzlgtsjq/node_modules/@testing-library/react/dist/pure.js:189:26)
      at render (../../node_modules/.pnpm/@testing-library+react@16.3.2_@testing-library+dom@10.4.1_@types+react-dom@18.3.7_@types+reac_3k5f6qynewwmkoqvlvtzlgtsjq/node_modules/@testing-library/react/dist/pure.js:291:10)
      at Object.<anonymous> (components/__tests__/users-table.test.tsx:73:11)

    console.error
      Error: Uncaught [Error: `Tooltip` must be used within `TooltipProvider`]
          at reportException (/app/node_modules/.pnpm/jsdom@20.0.3/node_modules/jsdom/lib/jsdom/living/helpers/runtime-script-errors.js:66:24)
          at innerInvokeEventListeners (/app/node_modules/.pnpm/jsdom@20.0.3/node_modules/jsdom/lib/jsdom/living/events/EventTarget-impl.js:353:9)
          at invokeEventListeners (/app/node_modules/.pnpm/jsdom@20.0.3/node_modules/jsdom/lib/jsdom/living/events/EventTarget-impl.js:286:3)
          at HTMLUnknownElementImpl._dispatch (/app/node_modules/.pnpm/jsdom@20.0.3/node_modules/jsdom/lib/jsdom/living/events/EventTarget-impl.js:233:9)
          at HTMLUnknownElementImpl.dispatchEvent (/app/node_modules/.pnpm/jsdom@20.0.3/node_modules/jsdom/lib/jsdom/living/events/EventTarget-impl.js:104:17)
          at HTMLUnknownElement.dispatchEvent (/app/node_modules/.pnpm/jsdom@20.0.3/node_modules/jsdom/lib/jsdom/living/generated/EventTarget.js:241:34)
          at Object.invokeGuardedCallbackDev (/app/node_modules/.pnpm/react-dom@18.3.1_react@18.3.1/node_modules/react-dom/cjs/react-dom.development.js:4213:16)
          at invokeGuardedCallback (/app/node_modules/.pnpm/react-dom@18.3.1_react@18.3.1/node_modules/react-dom/cjs/react-dom.development.js:4277:31)
          at beginWork$1 (/app/node_modules/.pnpm/react-dom@18.3.1_react@18.3.1/node_modules/react-dom/cjs/react-dom.development.js:27490:7)
          at performUnitOfWork (/app/node_modules/.pnpm/react-dom@18.3.1_react@18.3.1/node_modules/react-dom/cjs/react-dom.development.js:26599:12)
          at workLoopSync (/app/node_modules/.pnpm/react-dom@18.3.1_react@18.3.1/node_modules/react-dom/cjs/react-dom.development.js:26505:5)
          at renderRootSync (/app/node_modules/.pnpm/react-dom@18.3.1_react@18.3.1/node_modules/react-dom/cjs/react-dom.development.js:26473:7)
          at performConcurrentWorkOnRoot (/app/node_modules/.pnpm/react-dom@18.3.1_react@18.3.1/node_modules/react-dom/cjs/react-dom.development.js:25777:74)
          at flushActQueue (/app/node_modules/.pnpm/react@18.3.1/node_modules/react/cjs/react.development.js:2667:24)
          at act (/app/node_modules/.pnpm/react@18.3.1/node_modules/react/cjs/react.development.js:2582:11)
          at /app/node_modules/.pnpm/@testing-library+react@16.3.2_@testing-library+dom@10.4.1_@types+react-dom@18.3.7_@types+reac_3k5f6qynewwmkoqvlvtzlgtsjq/node_modules/@testing-library/react/dist/act-compat.js:46:25
          at renderRoot (/app/node_modules/.pnpm/@testing-library+react@16.3.2_@testing-library+dom@10.4.1_@types+react-dom@18.3.7_@types+reac_3k5f6qynewwmkoqvlvtzlgtsjq/node_modules/@testing-library/react/dist/pure.js:189:26)
          at render (/app/node_modules/.pnpm/@testing-library+react@16.3.2_@testing-library+dom@10.4.1_@types+react-dom@18.3.7_@types+reac_3k5f6qynewwmkoqvlvtzlgtsjq/node_modules/@testing-library/react/dist/pure.js:291:10)
          at Object.<anonymous> (/app/apps/admin/components/__tests__/users-table.test.tsx:73:11)
          at Promise.then.completed (/app/node_modules/.pnpm/jest-circus@29.7.0/node_modules/jest-circus/build/utils.js:298:28)
          at new Promise (<anonymous>)
          at callAsyncCircusFn (/app/node_modules/.pnpm/jest-circus@29.7.0/node_modules/jest-circus/build/utils.js:231:10)
          at _callCircusTest (/app/node_modules/.pnpm/jest-circus@29.7.0/node_modules/jest-circus/build/run.js:316:40)
          at processTicksAndRejections (node:internal/process/task_queues:103:5)
          at _runTest (/app/node_modules/.pnpm/jest-circus@29.7.0/node_modules/jest-circus/build/run.js:252:3)
          at _runTestsForDescribeBlock (/app/node_modules/.pnpm/jest-circus@29.7.0/node_modules/jest-circus/build/run.js:126:9)
          at _runTestsForDescribeBlock (/app/node_modules/.pnpm/jest-circus@29.7.0/node_modules/jest-circus/build/run.js:121:9)
          at run (/app/node_modules/.pnpm/jest-circus@29.7.0/node_modules/jest-circus/build/run.js:71:3)
          at runAndTransformResultsToJestFormat (/app/node_modules/.pnpm/jest-circus@29.7.0/node_modules/jest-circus/build/legacy-code-todo-rewrite/jestAdapterInit.js:122:21)
          at jestAdapter (/app/node_modules/.pnpm/jest-circus@29.7.0/node_modules/jest-circus/build/legacy-code-todo-rewrite/jestAdapter.js:79:19)
          at runTestInternal (/app/node_modules/.pnpm/jest-runner@29.7.0/node_modules/jest-runner/build/runTest.js:367:16)
          at runTest (/app/node_modules/.pnpm/jest-runner@29.7.0/node_modules/jest-runner/build/runTest.js:444:34)
          at Object.worker (/app/node_modules/.pnpm/jest-runner@29.7.0/node_modules/jest-runner/build/testWorker.js:106:12) {
        detail: Error: `Tooltip` must be used within `TooltipProvider`
            at useContext2 (/app/node_modules/.pnpm/@radix-ui+react-context@1.1.2_@types+react@18.3.29_react@18.3.1/node_modules/@radix-ui/react-context/src/create-context.tsx:75:13)
            at Tooltip (/app/node_modules/.pnpm/@radix-ui+react-tooltip@1.2.8_@types+react-dom@18.3.7_@types+react@18.3.29__@types+react@18.3_xrwsnt2rmlacewwolijhmzdoxi/node_modules/@radix-ui/react-tooltip/src/tooltip.tsx:162:27)
            at renderWithHooks (/app/node_modules/.pnpm/react-dom@18.3.1_react@18.3.1/node_modules/react-dom/cjs/react-dom.development.js:15486:18)
            at mountIndeterminateComponent (/app/node_modules/.pnpm/react-dom@18.3.1_react@18.3.1/node_modules/react-dom/cjs/react-dom.development.js:20103:13)
            at beginWork (/app/node_modules/.pnpm/react-dom@18.3.1_react@18.3.1/node_modules/react-dom/cjs/react-dom.development.js:21626:16)
            at HTMLUnknownElement.callCallback (/app/node_modules/.pnpm/react-dom@18.3.1_react@18.3.1/node_modules/react-dom/cjs/react-dom.development.js:4164:14)
            at HTMLUnknownElement.callTheUserObjectsOperation (/app/node_modules/.pnpm/jsdom@20.0.3/node_modules/jsdom/lib/jsdom/living/generated/EventListener.js:26:30)
            at innerInvokeEventListeners (/app/node_modules/.pnpm/jsdom@20.0.3/node_modules/jsdom/lib/jsdom/living/events/EventTarget-impl.js:350:25)
            at invokeEventListeners (/app/node_modules/.pnpm/jsdom@20.0.3/node_modules/jsdom/lib/jsdom/living/events/EventTarget-impl.js:286:3)
            at HTMLUnknownElementImpl._dispatch (/app/node_modules/.pnpm/jsdom@20.0.3/node_modules/jsdom/lib/jsdom/living/events/EventTarget-impl.js:233:9)
            at HTMLUnknownElementImpl.dispatchEvent (/app/node_modules/.pnpm/jsdom@20.0.3/node_modules/jsdom/lib/jsdom/living/events/EventTarget-impl.js:104:17)
            at HTMLUnknownElement.dispatchEvent (/app/node_modules/.pnpm/jsdom@20.0.3/node_modules/jsdom/lib/jsdom/living/generated/EventTarget.js:241:34)
            at Object.invokeGuardedCallbackDev (/app/node_modules/.pnpm/react-dom@18.3.1_react@18.3.1/node_modules/react-dom/cjs/react-dom.development.js:4213:16)
            at invokeGuardedCallback (/app/node_modules/.pnpm/react-dom@18.3.1_react@18.3.1/node_modules/react-dom/cjs/react-dom.development.js:4277:31)
            at beginWork$1 (/app/node_modules/.pnpm/react-dom@18.3.1_react@18.3.1/node_modules/react-dom/cjs/react-dom.development.js:27490:7)
            at performUnitOfWork (/app/node_modules/.pnpm/react-dom@18.3.1_react@18.3.1/node_modules/react-dom/cjs/react-dom.development.js:26599:12)
            at workLoopSync (/app/node_modules/.pnpm/react-dom@18.3.1_react@18.3.1/node_modules/react-dom/cjs/react-dom.development.js:26505:5)
            at renderRootSync (/app/node_modules/.pnpm/react-dom@18.3.1_react@18.3.1/node_modules/react-dom/cjs/react-dom.development.js:26473:7)
            at performConcurrentWorkOnRoot (/app/node_modules/.pnpm/react-dom@18.3.1_react@18.3.1/node_modules/react-dom/cjs/react-dom.development.js:25777:74)
            at flushActQueue (/app/node_modules/.pnpm/react@18.3.1/node_modules/react/cjs/react.development.js:2667:24)
            at act (/app/node_modules/.pnpm/react@18.3.1/node_modules/react/cjs/react.development.js:2582:11)
            at /app/node_modules/.pnpm/@testing-library+react@16.3.2_@testing-library+dom@10.4.1_@types+react-dom@18.3.7_@types+reac_3k5f6qynewwmkoqvlvtzlgtsjq/node_modules/@testing-library/react/dist/act-compat.js:46:25
            at renderRoot (/app/node_modules/.pnpm/@testing-library+react@16.3.2_@testing-library+dom@10.4.1_@types+react-dom@18.3.7_@types+reac_3k5f6qynewwmkoqvlvtzlgtsjq/node_modules/@testing-library/react/dist/pure.js:189:26)
            at render (/app/node_modules/.pnpm/@testing-library+react@16.3.2_@testing-library+dom@10.4.1_@types+react-dom@18.3.7_@types+reac_3k5f6qynewwmkoqvlvtzlgtsjq/node_modules/@testing-library/react/dist/pure.js:291:10)
            at Object.<anonymous> (/app/apps/admin/components/__tests__/users-table.test.tsx:73:11)
            at Promise.then.completed (/app/node_modules/.pnpm/jest-circus@29.7.0/node_modules/jest-circus/build/utils.js:298:28)
            at new Promise (<anonymous>)
            at callAsyncCircusFn (/app/node_modules/.pnpm/jest-circus@29.7.0/node_modules/jest-circus/build/utils.js:231:10)
            at _callCircusTest (/app/node_modules/.pnpm/jest-circus@29.7.0/node_modules/jest-circus/build/run.js:316:40)
            at processTicksAndRejections (node:internal/process/task_queues:103:5)
            at _runTest (/app/node_modules/.pnpm/jest-circus@29.7.0/node_modules/jest-circus/build/run.js:252:3)
            at _runTestsForDescribeBlock (/app/node_modules/.pnpm/jest-circus@29.7.0/node_modules/jest-circus/build/run.js:126:9)
            at _runTestsForDescribeBlock (/app/node_modules/.pnpm/jest-circus@29.7.0/node_modules/jest-circus/build/run.js:121:9)
            at run (/app/node_modules/.pnpm/jest-circus@29.7.0/node_modules/jest-circus/build/run.js:71:3)
            at runAndTransformResultsToJestFormat (/app/node_modules/.pnpm/jest-circus@29.7.0/node_modules/jest-circus/build/legacy-code-todo-rewrite/jestAdapterInit.js:122:21)
            at jestAdapter (/app/node_modules/.pnpm/jest-circus@29.7.0/node_modules/jest-circus/build/legacy-code-todo-rewrite/jestAdapter.js:79:19)
            at runTestInternal (/app/node_modules/.pnpm/jest-runner@29.7.0/node_modules/jest-runner/build/runTest.js:367:16)
            at runTest (/app/node_modules/.pnpm/jest-runner@29.7.0/node_modules/jest-runner/build/runTest.js:444:34)
            at Object.worker (/app/node_modules/.pnpm/jest-runner@29.7.0/node_modules/jest-runner/build/testWorker.js:106:12),
        type: 'unhandled exception'
      }

      71 |
      72 |   it('shows org name for user', () => {
    > 73 |     render(withIntl(<UsersTable users={mockUsers} orgs={mockOrgs} />))
         |           ^
      74 |     expect(screen.getAllByText('Acme Corp').length).toBeGreaterThan(0)
      75 |   })
      76 |

      at VirtualConsole.<anonymous> (../../node_modules/.pnpm/jest-environment-jsdom@29.7.0/node_modules/jest-environment-jsdom/build/index.js:63:23)
      at reportException (../../node_modules/.pnpm/jsdom@20.0.3/node_modules/jsdom/lib/jsdom/living/helpers/runtime-script-errors.js:70:28)
      at innerInvokeEventListeners (../../node_modules/.pnpm/jsdom@20.0.3/node_modules/jsdom/lib/jsdom/living/events/EventTarget-impl.js:353:9)
      at invokeEventListeners (../../node_modules/.pnpm/jsdom@20.0.3/node_modules/jsdom/lib/jsdom/living/events/EventTarget-impl.js:286:3)
      at HTMLUnknownElementImpl._dispatch (../../node_modules/.pnpm/jsdom@20.0.3/node_modules/jsdom/lib/jsdom/living/events/EventTarget-impl.js:233:9)
      at HTMLUnknownElementImpl.dispatchEvent (../../node_modules/.pnpm/jsdom@20.0.3/node_modules/jsdom/lib/jsdom/living/events/EventTarget-impl.js:104:17)
      at HTMLUnknownElement.dispatchEvent (../../node_modules/.pnpm/jsdom@20.0.3/node_modules/jsdom/lib/jsdom/living/generated/EventTarget.js:241:34)
      at Object.invokeGuardedCallbackDev (../../node_modules/.pnpm/react-dom@18.3.1_react@18.3.1/node_modules/react-dom/cjs/react-dom.development.js:4213:16)
      at invokeGuardedCallback (../../node_modules/.pnpm/react-dom@18.3.1_react@18.3.1/node_modules/react-dom/cjs/react-dom.development.js:4277:31)
      at beginWork$1 (../../node_modules/.pnpm/react-dom@18.3.1_react@18.3.1/node_modules/react-dom/cjs/react-dom.development.js:27490:7)
      at performUnitOfWork (../../node_modules/.pnpm/react-dom@18.3.1_react@18.3.1/node_modules/react-dom/cjs/react-dom.development.js:26599:12)
      at workLoopSync (../../node_modules/.pnpm/react-dom@18.3.1_react@18.3.1/node_modules/react-dom/cjs/react-dom.development.js:26505:5)
      at renderRootSync (../../node_modules/.pnpm/react-dom@18.3.1_react@18.3.1/node_modules/react-dom/cjs/react-dom.development.js:26473:7)
      at performConcurrentWorkOnRoot (../../node_modules/.pnpm/react-dom@18.3.1_react@18.3.1/node_modules/react-dom/cjs/react-dom.development.js:25777:74)
      at flushActQueue (../../node_modules/.pnpm/react@18.3.1/node_modules/react/cjs/react.development.js:2667:24)
      at act (../../node_modules/.pnpm/react@18.3.1/node_modules/react/cjs/react.development.js:2582:11)
      at ../../node_modules/.pnpm/@testing-library+react@16.3.2_@testing-library+dom@10.4.1_@types+react-dom@18.3.7_@types+reac_3k5f6qynewwmkoqvlvtzlgtsjq/node_modules/@testing-library/react/dist/act-compat.js:46:25
      at renderRoot (../../node_modules/.pnpm/@testing-library+react@16.3.2_@testing-library+dom@10.4.1_@types+react-dom@18.3.7_@types+reac_3k5f6qynewwmkoqvlvtzlgtsjq/node_modules/@testing-library/react/dist/pure.js:189:26)
      at render (../../node_modules/.pnpm/@testing-library+react@16.3.2_@testing-library+dom@10.4.1_@types+react-dom@18.3.7_@types+reac_3k5f6qynewwmkoqvlvtzlgtsjq/node_modules/@testing-library/react/dist/pure.js:291:10)
      at Object.<anonymous> (components/__tests__/users-table.test.tsx:73:11)

    console.error
      Error: Uncaught [Error: `Tooltip` must be used within `TooltipProvider`]
          at reportException (/app/node_modules/.pnpm/jsdom@20.0.3/node_modules/jsdom/lib/jsdom/living/helpers/runtime-script-errors.js:66:24)
          at innerInvokeEventListeners (/app/node_modules/.pnpm/jsdom@20.0.3/node_modules/jsdom/lib/jsdom/living/events/EventTarget-impl.js:353:9)
          at invokeEventListeners (/app/node_modules/.pnpm/jsdom@20.0.3/node_modules/jsdom/lib/jsdom/living/events/EventTarget-impl.js:286:3)
          at HTMLUnknownElementImpl._dispatch (/app/node_modules/.pnpm/jsdom@20.0.3/node_modules/jsdom/lib/jsdom/living/events/EventTarget-impl.js:233:9)
          at HTMLUnknownElementImpl.dispatchEvent (/app/node_modules/.pnpm/jsdom@20.0.3/node_modules/jsdom/lib/jsdom/living/events/EventTarget-impl.js:104:17)
          at HTMLUnknownElement.dispatchEvent (/app/node_modules/.pnpm/jsdom@20.0.3/node_modules/jsdom/lib/jsdom/living/generated/EventTarget.js:241:34)
          at Object.invokeGuardedCallbackDev (/app/node_modules/.pnpm/react-dom@18.3.1_react@18.3.1/node_modules/react-dom/cjs/react-dom.development.js:4213:16)
          at invokeGuardedCallback (/app/node_modules/.pnpm/react-dom@18.3.1_react@18.3.1/node_modules/react-dom/cjs/react-dom.development.js:4277:31)
          at beginWork$1 (/app/node_modules/.pnpm/react-dom@18.3.1_react@18.3.1/node_modules/react-dom/cjs/react-dom.development.js:27490:7)
          at performUnitOfWork (/app/node_modules/.pnpm/react-dom@18.3.1_react@18.3.1/node_modules/react-dom/cjs/react-dom.development.js:26599:12)
          at workLoopSync (/app/node_modules/.pnpm/react-dom@18.3.1_react@18.3.1/node_modules/react-dom/cjs/react-dom.development.js:26505:5)
          at renderRootSync (/app/node_modules/.pnpm/react-dom@18.3.1_react@18.3.1/node_modules/react-dom/cjs/react-dom.development.js:26473:7)
          at recoverFromConcurrentError (/app/node_modules/.pnpm/react-dom@18.3.1_react@18.3.1/node_modules/react-dom/cjs/react-dom.development.js:25889:20)
          at performConcurrentWorkOnRoot (/app/node_modules/.pnpm/react-dom@18.3.1_react@18.3.1/node_modules/react-dom/cjs/react-dom.development.js:25789:22)
          at flushActQueue (/app/node_modules/.pnpm/react@18.3.1/node_modules/react/cjs/react.development.js:2667:24)
          at act (/app/node_modules/.pnpm/react@18.3.1/node_modules/react/cjs/react.development.js:2582:11)
          at /app/node_modules/.pnpm/@testing-library+react@16.3.2_@testing-library+dom@10.4.1_@types+react-dom@18.3.7_@types+reac_3k5f6qynewwmkoqvlvtzlgtsjq/node_modules/@testing-library/react/dist/act-compat.js:46:25
          at renderRoot (/app/node_modules/.pnpm/@testing-library+react@16.3.2_@testing-library+dom@10.4.1_@types+react-dom@18.3.7_@types+reac_3k5f6qynewwmkoqvlvtzlgtsjq/node_modules/@testing-library/react/dist/pure.js:189:26)
          at render (/app/node_modules/.pnpm/@testing-library+react@16.3.2_@testing-library+dom@10.4.1_@types+react-dom@18.3.7_@types+reac_3k5f6qynewwmkoqvlvtzlgtsjq/node_modules/@testing-library/react/dist/pure.js:291:10)
          at Object.<anonymous> (/app/apps/admin/components/__tests__/users-table.test.tsx:73:11)
          at Promise.then.completed (/app/node_modules/.pnpm/jest-circus@29.7.0/node_modules/jest-circus/build/utils.js:298:28)
          at new Promise (<anonymous>)
          at callAsyncCircusFn (/app/node_modules/.pnpm/jest-circus@29.7.0/node_modules/jest-circus/build/utils.js:231:10)
          at _callCircusTest (/app/node_modules/.pnpm/jest-circus@29.7.0/node_modules/jest-circus/build/run.js:316:40)
          at processTicksAndRejections (node:internal/process/task_queues:103:5)
          at _runTest (/app/node_modules/.pnpm/jest-circus@29.7.0/node_modules/jest-circus/build/run.js:252:3)
          at _runTestsForDescribeBlock (/app/node_modules/.pnpm/jest-circus@29.7.0/node_modules/jest-circus/build/run.js:126:9)
          at _runTestsForDescribeBlock (/app/node_modules/.pnpm/jest-circus@29.7.0/node_modules/jest-circus/build/run.js:121:9)
          at run (/app/node_modules/.pnpm/jest-circus@29.7.0/node_modules/jest-circus/build/run.js:71:3)
          at runAndTransformResultsToJestFormat (/app/node_modules/.pnpm/jest-circus@29.7.0/node_modules/jest-circus/build/legacy-code-todo-rewrite/jestAdapterInit.js:122:21)
          at jestAdapter (/app/node_modules/.pnpm/jest-circus@29.7.0/node_modules/jest-circus/build/legacy-code-todo-rewrite/jestAdapter.js:79:19)
          at runTestInternal (/app/node_modules/.pnpm/jest-runner@29.7.0/node_modules/jest-runner/build/runTest.js:367:16)
          at runTest (/app/node_modules/.pnpm/jest-runner@29.7.0/node_modules/jest-runner/build/runTest.js:444:34)
          at Object.worker (/app/node_modules/.pnpm/jest-runner@29.7.0/node_modules/jest-runner/build/testWorker.js:106:12) {
        detail: Error: `Tooltip` must be used within `TooltipProvider`
            at useContext2 (/app/node_modules/.pnpm/@radix-ui+react-context@1.1.2_@types+react@18.3.29_react@18.3.1/node_modules/@radix-ui/react-context/src/create-context.tsx:75:13)
            at Tooltip (/app/node_modules/.pnpm/@radix-ui+react-tooltip@1.2.8_@types+react-dom@18.3.7_@types+react@18.3.29__@types+react@18.3_xrwsnt2rmlacewwolijhmzdoxi/node_modules/@radix-ui/react-tooltip/src/tooltip.tsx:162:27)
            at renderWithHooks (/app/node_modules/.pnpm/react-dom@18.3.1_react@18.3.1/node_modules/react-dom/cjs/react-dom.development.js:15486:18)
            at mountIndeterminateComponent (/app/node_modules/.pnpm/react-dom@18.3.1_react@18.3.1/node_modules/react-dom/cjs/react-dom.development.js:20103:13)
            at beginWork (/app/node_modules/.pnpm/react-dom@18.3.1_react@18.3.1/node_modules/react-dom/cjs/react-dom.development.js:21626:16)
            at HTMLUnknownElement.callCallback (/app/node_modules/.pnpm/react-dom@18.3.1_react@18.3.1/node_modules/react-dom/cjs/react-dom.development.js:4164:14)
            at HTMLUnknownElement.callTheUserObjectsOperation (/app/node_modules/.pnpm/jsdom@20.0.3/node_modules/jsdom/lib/jsdom/living/generated/EventListener.js:26:30)
            at innerInvokeEventListeners (/app/node_modules/.pnpm/jsdom@20.0.3/node_modules/jsdom/lib/jsdom/living/events/EventTarget-impl.js:350:25)
            at invokeEventListeners (/app/node_modules/.pnpm/jsdom@20.0.3/node_modules/jsdom/lib/jsdom/living/events/EventTarget-impl.js:286:3)
            at HTMLUnknownElementImpl._dispatch (/app/node_modules/.pnpm/jsdom@20.0.3/node_modules/jsdom/lib/jsdom/living/events/EventTarget-impl.js:233:9)
            at HTMLUnknownElementImpl.dispatchEvent (/app/node_modules/.pnpm/jsdom@20.0.3/node_modules/jsdom/lib/jsdom/living/events/EventTarget-impl.js:104:17)
            at HTMLUnknownElement.dispatchEvent (/app/node_modules/.pnpm/jsdom@20.0.3/node_modules/jsdom/lib/jsdom/living/generated/EventTarget.js:241:34)
            at Object.invokeGuardedCallbackDev (/app/node_modules/.pnpm/react-dom@18.3.1_react@18.3.1/node_modules/react-dom/cjs/react-dom.development.js:4213:16)
            at invokeGuardedCallback (/app/node_modules/.pnpm/react-dom@18.3.1_react@18.3.1/node_modules/react-dom/cjs/react-dom.development.js:4277:31)
            at beginWork$1 (/app/node_modules/.pnpm/react-dom@18.3.1_react@18.3.1/node_modules/react-dom/cjs/react-dom.development.js:27490:7)
            at performUnitOfWork (/app/node_modules/.pnpm/react-dom@18.3.1_react@18.3.1/node_modules/react-dom/cjs/react-dom.development.js:26599:12)
            at workLoopSync (/app/node_modules/.pnpm/react-dom@18.3.1_react@18.3.1/node_modules/react-dom/cjs/react-dom.development.js:26505:5)
            at renderRootSync (/app/node_modules/.pnpm/react-dom@18.3.1_react@18.3.1/node_modules/react-dom/cjs/react-dom.development.js:26473:7)
            at recoverFromConcurrentError (/app/node_modules/.pnpm/react-dom@18.3.1_react@18.3.1/node_modules/react-dom/cjs/react-dom.development.js:25889:20)
            at performConcurrentWorkOnRoot (/app/node_modules/.pnpm/react-dom@18.3.1_react@18.3.1/node_modules/react-dom/cjs/react-dom.development.js:25789:22)
            at flushActQueue (/app/node_modules/.pnpm/react@18.3.1/node_modules/react/cjs/react.development.js:2667:24)
            at act (/app/node_modules/.pnpm/react@18.3.1/node_modules/react/cjs/react.development.js:2582:11)
            at /app/node_modules/.pnpm/@testing-library+react@16.3.2_@testing-library+dom@10.4.1_@types+react-dom@18.3.7_@types+reac_3k5f6qynewwmkoqvlvtzlgtsjq/node_modules/@testing-library/react/dist/act-compat.js:46:25
            at renderRoot (/app/node_modules/.pnpm/@testing-library+react@16.3.2_@testing-library+dom@10.4.1_@types+react-dom@18.3.7_@types+reac_3k5f6qynewwmkoqvlvtzlgtsjq/node_modules/@testing-library/react/dist/pure.js:189:26)
            at render (/app/node_modules/.pnpm/@testing-library+react@16.3.2_@testing-library+dom@10.4.1_@types+react-dom@18.3.7_@types+reac_3k5f6qynewwmkoqvlvtzlgtsjq/node_modules/@testing-library/react/dist/pure.js:291:10)
            at Object.<anonymous> (/app/apps/admin/components/__tests__/users-table.test.tsx:73:11)
            at Promise.then.completed (/app/node_modules/.pnpm/jest-circus@29.7.0/node_modules/jest-circus/build/utils.js:298:28)
            at new Promise (<anonymous>)
            at callAsyncCircusFn (/app/node_modules/.pnpm/jest-circus@29.7.0/node_modules/jest-circus/build/utils.js:231:10)
            at _callCircusTest (/app/node_modules/.pnpm/jest-circus@29.7.0/node_modules/jest-circus/build/run.js:316:40)
            at processTicksAndRejections (node:internal/process/task_queues:103:5)
            at _runTest (/app/node_modules/.pnpm/jest-circus@29.7.0/node_modules/jest-circus/build/run.js:252:3)
            at _runTestsForDescribeBlock (/app/node_modules/.pnpm/jest-circus@29.7.0/node_modules/jest-circus/build/run.js:126:9)
            at _runTestsForDescribeBlock (/app/node_modules/.pnpm/jest-circus@29.7.0/node_modules/jest-circus/build/run.js:121:9)
            at run (/app/node_modules/.pnpm/jest-circus@29.7.0/node_modules/jest-circus/build/run.js:71:3)
            at runAndTransformResultsToJestFormat (/app/node_modules/.pnpm/jest-circus@29.7.0/node_modules/jest-circus/build/legacy-code-todo-rewrite/jestAdapterInit.js:122:21)
            at jestAdapter (/app/node_modules/.pnpm/jest-circus@29.7.0/node_modules/jest-circus/build/legacy-code-todo-rewrite/jestAdapter.js:79:19)
            at runTestInternal (/app/node_modules/.pnpm/jest-runner@29.7.0/node_modules/jest-runner/build/runTest.js:367:16)
            at runTest (/app/node_modules/.pnpm/jest-runner@29.7.0/node_modules/jest-runner/build/runTest.js:444:34)
            at Object.worker (/app/node_modules/.pnpm/jest-runner@29.7.0/node_modules/jest-runner/build/testWorker.js:106:12),
        type: 'unhandled exception'
      }

      71 |
      72 |   it('shows org name for user', () => {
    > 73 |     render(withIntl(<UsersTable users={mockUsers} orgs={mockOrgs} />))
         |           ^
      74 |     expect(screen.getAllByText('Acme Corp').length).toBeGreaterThan(0)
      75 |   })
      76 |

      at VirtualConsole.<anonymous> (../../node_modules/.pnpm/jest-environment-jsdom@29.7.0/node_modules/jest-environment-jsdom/build/index.js:63:23)
      at reportException (../../node_modules/.pnpm/jsdom@20.0.3/node_modules/jsdom/lib/jsdom/living/helpers/runtime-script-errors.js:70:28)
      at innerInvokeEventListeners (../../node_modules/.pnpm/jsdom@20.0.3/node_modules/jsdom/lib/jsdom/living/events/EventTarget-impl.js:353:9)
      at invokeEventListeners (../../node_modules/.pnpm/jsdom@20.0.3/node_modules/jsdom/lib/jsdom/living/events/EventTarget-impl.js:286:3)
      at HTMLUnknownElementImpl._dispatch (../../node_modules/.pnpm/jsdom@20.0.3/node_modules/jsdom/lib/jsdom/living/events/EventTarget-impl.js:233:9)
      at HTMLUnknownElementImpl.dispatchEvent (../../node_modules/.pnpm/jsdom@20.0.3/node_modules/jsdom/lib/jsdom/living/events/EventTarget-impl.js:104:17)
      at HTMLUnknownElement.dispatchEvent (../../node_modules/.pnpm/jsdom@20.0.3/node_modules/jsdom/lib/jsdom/living/generated/EventTarget.js:241:34)
      at Object.invokeGuardedCallbackDev (../../node_modules/.pnpm/react-dom@18.3.1_react@18.3.1/node_modules/react-dom/cjs/react-dom.development.js:4213:16)
      at invokeGuardedCallback (../../node_modules/.pnpm/react-dom@18.3.1_react@18.3.1/node_modules/react-dom/cjs/react-dom.development.js:4277:31)
      at beginWork$1 (../../node_modules/.pnpm/react-dom@18.3.1_react@18.3.1/node_modules/react-dom/cjs/react-dom.development.js:27490:7)
      at performUnitOfWork (../../node_modules/.pnpm/react-dom@18.3.1_react@18.3.1/node_modules/react-dom/cjs/react-dom.development.js:26599:12)
      at workLoopSync (../../node_modules/.pnpm/react-dom@18.3.1_react@18.3.1/node_modules/react-dom/cjs/react-dom.development.js:26505:5)
      at renderRootSync (../../node_modules/.pnpm/react-dom@18.3.1_react@18.3.1/node_modules/react-dom/cjs/react-dom.development.js:26473:7)
      at recoverFromConcurrentError (../../node_modules/.pnpm/react-dom@18.3.1_react@18.3.1/node_modules/react-dom/cjs/react-dom.development.js:25889:20)
      at performConcurrentWorkOnRoot (../../node_modules/.pnpm/react-dom@18.3.1_react@18.3.1/node_modules/react-dom/cjs/react-dom.development.js:25789:22)
      at flushActQueue (../../node_modules/.pnpm/react@18.3.1/node_modules/react/cjs/react.development.js:2667:24)
      at act (../../node_modules/.pnpm/react@18.3.1/node_modules/react/cjs/react.development.js:2582:11)
      at ../../node_modules/.pnpm/@testing-library+react@16.3.2_@testing-library+dom@10.4.1_@types+react-dom@18.3.7_@types+reac_3k5f6qynewwmkoqvlvtzlgtsjq/node_modules/@testing-library/react/dist/act-compat.js:46:25
      at renderRoot (../../node_modules/.pnpm/@testing-library+react@16.3.2_@testing-library+dom@10.4.1_@types+react-dom@18.3.7_@types+reac_3k5f6qynewwmkoqvlvtzlgtsjq/node_modules/@testing-library/react/dist/pure.js:189:26)
      at render (../../node_modules/.pnpm/@testing-library+react@16.3.2_@testing-library+dom@10.4.1_@types+react-dom@18.3.7_@types+reac_3k5f6qynewwmkoqvlvtzlgtsjq/node_modules/@testing-library/react/dist/pure.js:291:10)
      at Object.<anonymous> (components/__tests__/users-table.test.tsx:73:11)

    console.error
      Error: Uncaught [Error: `Tooltip` must be used within `TooltipProvider`]
          at reportException (/app/node_modules/.pnpm/jsdom@20.0.3/node_modules/jsdom/lib/jsdom/living/helpers/runtime-script-errors.js:66:24)
          at innerInvokeEventListeners (/app/node_modules/.pnpm/jsdom@20.0.3/node_modules/jsdom/lib/jsdom/living/events/EventTarget-impl.js:353:9)
          at invokeEventListeners (/app/node_modules/.pnpm/jsdom@20.0.3/node_modules/jsdom/lib/jsdom/living/events/EventTarget-impl.js:286:3)
          at HTMLUnknownElementImpl._dispatch (/app/node_modules/.pnpm/jsdom@20.0.3/node_modules/jsdom/lib/jsdom/living/events/EventTarget-impl.js:233:9)
          at HTMLUnknownElementImpl.dispatchEvent (/app/node_modules/.pnpm/jsdom@20.0.3/node_modules/jsdom/lib/jsdom/living/events/EventTarget-impl.js:104:17)
          at HTMLUnknownElement.dispatchEvent (/app/node_modules/.pnpm/jsdom@20.0.3/node_modules/jsdom/lib/jsdom/living/generated/EventTarget.js:241:34)
          at Object.invokeGuardedCallbackDev (/app/node_modules/.pnpm/react-dom@18.3.1_react@18.3.1/node_modules/react-dom/cjs/react-dom.development.js:4213:16)
          at invokeGuardedCallback (/app/node_modules/.pnpm/react-dom@18.3.1_react@18.3.1/node_modules/react-dom/cjs/react-dom.development.js:4277:31)
          at beginWork$1 (/app/node_modules/.pnpm/react-dom@18.3.1_react@18.3.1/node_modules/react-dom/cjs/react-dom.development.js:27490:7)
          at performUnitOfWork (/app/node_modules/.pnpm/react-dom@18.3.1_react@18.3.1/node_modules/react-dom/cjs/react-dom.development.js:26599:12)
          at workLoopSync (/app/node_modules/.pnpm/react-dom@18.3.1_react@18.3.1/node_modules/react-dom/cjs/react-dom.development.js:26505:5)
          at renderRootSync (/app/node_modules/.pnpm/react-dom@18.3.1_react@18.3.1/node_modules/react-dom/cjs/react-dom.development.js:26473:7)
          at recoverFromConcurrentError (/app/node_modules/.pnpm/react-dom@18.3.1_react@18.3.1/node_modules/react-dom/cjs/react-dom.development.js:25889:20)
          at performConcurrentWorkOnRoot (/app/node_modules/.pnpm/react-dom@18.3.1_react@18.3.1/node_modules/react-dom/cjs/react-dom.development.js:25789:22)
          at flushActQueue (/app/node_modules/.pnpm/react@18.3.1/node_modules/react/cjs/react.development.js:2667:24)
          at act (/app/node_modules/.pnpm/react@18.3.1/node_modules/react/cjs/react.development.js:2582:11)
          at /app/node_modules/.pnpm/@testing-library+react@16.3.2_@testing-library+dom@10.4.1_@types+react-dom@18.3.7_@types+reac_3k5f6qynewwmkoqvlvtzlgtsjq/node_modules/@testing-library/react/dist/act-compat.js:46:25
          at renderRoot (/app/node_modules/.pnpm/@testing-library+react@16.3.2_@testing-library+dom@10.4.1_@types+react-dom@18.3.7_@types+reac_3k5f6qynewwmkoqvlvtzlgtsjq/node_modules/@testing-library/react/dist/pure.js:189:26)
          at render (/app/node_modules/.pnpm/@testing-library+react@16.3.2_@testing-library+dom@10.4.1_@types+react-dom@18.3.7_@types+reac_3k5f6qynewwmkoqvlvtzlgtsjq/node_modules/@testing-library/react/dist/pure.js:291:10)
          at Object.<anonymous> (/app/apps/admin/components/__tests__/users-table.test.tsx:73:11)
          at Promise.then.completed (/app/node_modules/.pnpm/jest-circus@29.7.0/node_modules/jest-circus/build/utils.js:298:28)
          at new Promise (<anonymous>)
          at callAsyncCircusFn (/app/node_modules/.pnpm/jest-circus@29.7.0/node_modules/jest-circus/build/utils.js:231:10)
          at _callCircusTest (/app/node_modules/.pnpm/jest-circus@29.7.0/node_modules/jest-circus/build/run.js:316:40)
          at processTicksAndRejections (node:internal/process/task_queues:103:5)
          at _runTest (/app/node_modules/.pnpm/jest-circus@29.7.0/node_modules/jest-circus/build/run.js:252:3)
          at _runTestsForDescribeBlock (/app/node_modules/.pnpm/jest-circus@29.7.0/node_modules/jest-circus/build/run.js:126:9)
          at _runTestsForDescribeBlock (/app/node_modules/.pnpm/jest-circus@29.7.0/node_modules/jest-circus/build/run.js:121:9)
          at run (/app/node_modules/.pnpm/jest-circus@29.7.0/node_modules/jest-circus/build/run.js:71:3)
          at runAndTransformResultsToJestFormat (/app/node_modules/.pnpm/jest-circus@29.7.0/node_modules/jest-circus/build/legacy-code-todo-rewrite/jestAdapterInit.js:122:21)
          at jestAdapter (/app/node_modules/.pnpm/jest-circus@29.7.0/node_modules/jest-circus/build/legacy-code-todo-rewrite/jestAdapter.js:79:19)
          at runTestInternal (/app/node_modules/.pnpm/jest-runner@29.7.0/node_modules/jest-runner/build/runTest.js:367:16)
          at runTest (/app/node_modules/.pnpm/jest-runner@29.7.0/node_modules/jest-runner/build/runTest.js:444:34)
          at Object.worker (/app/node_modules/.pnpm/jest-runner@29.7.0/node_modules/jest-runner/build/testWorker.js:106:12) {
        detail: Error: `Tooltip` must be used within `TooltipProvider`
            at useContext2 (/app/node_modules/.pnpm/@radix-ui+react-context@1.1.2_@types+react@18.3.29_react@18.3.1/node_modules/@radix-ui/react-context/src/create-context.tsx:75:13)
            at Tooltip (/app/node_modules/.pnpm/@radix-ui+react-tooltip@1.2.8_@types+react-dom@18.3.7_@types+react@18.3.29__@types+react@18.3_xrwsnt2rmlacewwolijhmzdoxi/node_modules/@radix-ui/react-tooltip/src/tooltip.tsx:162:27)
            at renderWithHooks (/app/node_modules/.pnpm/react-dom@18.3.1_react@18.3.1/node_modules/react-dom/cjs/react-dom.development.js:15486:18)
            at mountIndeterminateComponent (/app/node_modules/.pnpm/react-dom@18.3.1_react@18.3.1/node_modules/react-dom/cjs/react-dom.development.js:20103:13)
            at beginWork (/app/node_modules/.pnpm/react-dom@18.3.1_react@18.3.1/node_modules/react-dom/cjs/react-dom.development.js:21626:16)
            at HTMLUnknownElement.callCallback (/app/node_modules/.pnpm/react-dom@18.3.1_react@18.3.1/node_modules/react-dom/cjs/react-dom.development.js:4164:14)
            at HTMLUnknownElement.callTheUserObjectsOperation (/app/node_modules/.pnpm/jsdom@20.0.3/node_modules/jsdom/lib/jsdom/living/generated/EventListener.js:26:30)
            at innerInvokeEventListeners (/app/node_modules/.pnpm/jsdom@20.0.3/node_modules/jsdom/lib/jsdom/living/events/EventTarget-impl.js:350:25)
            at invokeEventListeners (/app/node_modules/.pnpm/jsdom@20.0.3/node_modules/jsdom/lib/jsdom/living/events/EventTarget-impl.js:286:3)
            at HTMLUnknownElementImpl._dispatch (/app/node_modules/.pnpm/jsdom@20.0.3/node_modules/jsdom/lib/jsdom/living/events/EventTarget-impl.js:233:9)
            at HTMLUnknownElementImpl.dispatchEvent (/app/node_modules/.pnpm/jsdom@20.0.3/node_modules/jsdom/lib/jsdom/living/events/EventTarget-impl.js:104:17)
            at HTMLUnknownElement.dispatchEvent (/app/node_modules/.pnpm/jsdom@20.0.3/node_modules/jsdom/lib/jsdom/living/generated/EventTarget.js:241:34)
            at Object.invokeGuardedCallbackDev (/app/node_modules/.pnpm/react-dom@18.3.1_react@18.3.1/node_modules/react-dom/cjs/react-dom.development.js:4213:16)
            at invokeGuardedCallback (/app/node_modules/.pnpm/react-dom@18.3.1_react@18.3.1/node_modules/react-dom/cjs/react-dom.development.js:4277:31)
            at beginWork$1 (/app/node_modules/.pnpm/react-dom@18.3.1_react@18.3.1/node_modules/react-dom/cjs/react-dom.development.js:27490:7)
            at performUnitOfWork (/app/node_modules/.pnpm/react-dom@18.3.1_react@18.3.1/node_modules/react-dom/cjs/react-dom.development.js:26599:12)
            at workLoopSync (/app/node_modules/.pnpm/react-dom@18.3.1_react@18.3.1/node_modules/react-dom/cjs/react-dom.development.js:26505:5)
            at renderRootSync (/app/node_modules/.pnpm/react-dom@18.3.1_react@18.3.1/node_modules/react-dom/cjs/react-dom.development.js:26473:7)
            at recoverFromConcurrentError (/app/node_modules/.pnpm/react-dom@18.3.1_react@18.3.1/node_modules/react-dom/cjs/react-dom.development.js:25889:20)
            at performConcurrentWorkOnRoot (/app/node_modules/.pnpm/react-dom@18.3.1_react@18.3.1/node_modules/react-dom/cjs/react-dom.development.js:25789:22)
            at flushActQueue (/app/node_modules/.pnpm/react@18.3.1/node_modules/react/cjs/react.development.js:2667:24)
            at act (/app/node_modules/.pnpm/react@18.3.1/node_modules/react/cjs/react.development.js:2582:11)
            at /app/node_modules/.pnpm/@testing-library+react@16.3.2_@testing-library+dom@10.4.1_@types+react-dom@18.3.7_@types+reac_3k5f6qynewwmkoqvlvtzlgtsjq/node_modules/@testing-library/react/dist/act-compat.js:46:25
            at renderRoot (/app/node_modules/.pnpm/@testing-library+react@16.3.2_@testing-library+dom@10.4.1_@types+react-dom@18.3.7_@types+reac_3k5f6qynewwmkoqvlvtzlgtsjq/node_modules/@testing-library/react/dist/pure.js:189:26)
            at render (/app/node_modules/.pnpm/@testing-library+react@16.3.2_@testing-library+dom@10.4.1_@types+react-dom@18.3.7_@types+reac_3k5f6qynewwmkoqvlvtzlgtsjq/node_modules/@testing-library/react/dist/pure.js:291:10)
            at Object.<anonymous> (/app/apps/admin/components/__tests__/users-table.test.tsx:73:11)
            at Promise.then.completed (/app/node_modules/.pnpm/jest-circus@29.7.0/node_modules/jest-circus/build/utils.js:298:28)
            at new Promise (<anonymous>)
            at callAsyncCircusFn (/app/node_modules/.pnpm/jest-circus@29.7.0/node_modules/jest-circus/build/utils.js:231:10)
            at _callCircusTest (/app/node_modules/.pnpm/jest-circus@29.7.0/node_modules/jest-circus/build/run.js:316:40)
            at processTicksAndRejections (node:internal/process/task_queues:103:5)
            at _runTest (/app/node_modules/.pnpm/jest-circus@29.7.0/node_modules/jest-circus/build/run.js:252:3)
            at _runTestsForDescribeBlock (/app/node_modules/.pnpm/jest-circus@29.7.0/node_modules/jest-circus/build/run.js:126:9)
            at _runTestsForDescribeBlock (/app/node_modules/.pnpm/jest-circus@29.7.0/node_modules/jest-circus/build/run.js:121:9)
            at run (/app/node_modules/.pnpm/jest-circus@29.7.0/node_modules/jest-circus/build/run.js:71:3)
            at runAndTransformResultsToJestFormat (/app/node_modules/.pnpm/jest-circus@29.7.0/node_modules/jest-circus/build/legacy-code-todo-rewrite/jestAdapterInit.js:122:21)
            at jestAdapter (/app/node_modules/.pnpm/jest-circus@29.7.0/node_modules/jest-circus/build/legacy-code-todo-rewrite/jestAdapter.js:79:19)
            at runTestInternal (/app/node_modules/.pnpm/jest-runner@29.7.0/node_modules/jest-runner/build/runTest.js:367:16)
            at runTest (/app/node_modules/.pnpm/jest-runner@29.7.0/node_modules/jest-runner/build/runTest.js:444:34)
            at Object.worker (/app/node_modules/.pnpm/jest-runner@29.7.0/node_modules/jest-runner/build/testWorker.js:106:12),
        type: 'unhandled exception'
      }

      71 |
      72 |   it('shows org name for user', () => {
    > 73 |     render(withIntl(<UsersTable users={mockUsers} orgs={mockOrgs} />))
         |           ^
      74 |     expect(screen.getAllByText('Acme Corp').length).toBeGreaterThan(0)
      75 |   })
      76 |

      at VirtualConsole.<anonymous> (../../node_modules/.pnpm/jest-environment-jsdom@29.7.0/node_modules/jest-environment-jsdom/build/index.js:63:23)
      at reportException (../../node_modules/.pnpm/jsdom@20.0.3/node_modules/jsdom/lib/jsdom/living/helpers/runtime-script-errors.js:70:28)
      at innerInvokeEventListeners (../../node_modules/.pnpm/jsdom@20.0.3/node_modules/jsdom/lib/jsdom/living/events/EventTarget-impl.js:353:9)
      at invokeEventListeners (../../node_modules/.pnpm/jsdom@20.0.3/node_modules/jsdom/lib/jsdom/living/events/EventTarget-impl.js:286:3)
      at HTMLUnknownElementImpl._dispatch (../../node_modules/.pnpm/jsdom@20.0.3/node_modules/jsdom/lib/jsdom/living/events/EventTarget-impl.js:233:9)
      at HTMLUnknownElementImpl.dispatchEvent (../../node_modules/.pnpm/jsdom@20.0.3/node_modules/jsdom/lib/jsdom/living/events/EventTarget-impl.js:104:17)
      at HTMLUnknownElement.dispatchEvent (../../node_modules/.pnpm/jsdom@20.0.3/node_modules/jsdom/lib/jsdom/living/generated/EventTarget.js:241:34)
      at Object.invokeGuardedCallbackDev (../../node_modules/.pnpm/react-dom@18.3.1_react@18.3.1/node_modules/react-dom/cjs/react-dom.development.js:4213:16)
      at invokeGuardedCallback (../../node_modules/.pnpm/react-dom@18.3.1_react@18.3.1/node_modules/react-dom/cjs/react-dom.development.js:4277:31)
      at beginWork$1 (../../node_modules/.pnpm/react-dom@18.3.1_react@18.3.1/node_modules/react-dom/cjs/react-dom.development.js:27490:7)
      at performUnitOfWork (../../node_modules/.pnpm/react-dom@18.3.1_react@18.3.1/node_modules/react-dom/cjs/react-dom.development.js:26599:12)
      at workLoopSync (../../node_modules/.pnpm/react-dom@18.3.1_react@18.3.1/node_modules/react-dom/cjs/react-dom.development.js:26505:5)
      at renderRootSync (../../node_modules/.pnpm/react-dom@18.3.1_react@18.3.1/node_modules/react-dom/cjs/react-dom.development.js:26473:7)
      at recoverFromConcurrentError (../../node_modules/.pnpm/react-dom@18.3.1_react@18.3.1/node_modules/react-dom/cjs/react-dom.development.js:25889:20)
      at performConcurrentWorkOnRoot (../../node_modules/.pnpm/react-dom@18.3.1_react@18.3.1/node_modules/react-dom/cjs/react-dom.development.js:25789:22)
      at flushActQueue (../../node_modules/.pnpm/react@18.3.1/node_modules/react/cjs/react.development.js:2667:24)
      at act (../../node_modules/.pnpm/react@18.3.1/node_modules/react/cjs/react.development.js:2582:11)
      at ../../node_modules/.pnpm/@testing-library+react@16.3.2_@testing-library+dom@10.4.1_@types+react-dom@18.3.7_@types+reac_3k5f6qynewwmkoqvlvtzlgtsjq/node_modules/@testing-library/react/dist/act-compat.js:46:25
      at renderRoot (../../node_modules/.pnpm/@testing-library+react@16.3.2_@testing-library+dom@10.4.1_@types+react-dom@18.3.7_@types+reac_3k5f6qynewwmkoqvlvtzlgtsjq/node_modules/@testing-library/react/dist/pure.js:189:26)
      at render (../../node_modules/.pnpm/@testing-library+react@16.3.2_@testing-library+dom@10.4.1_@types+react-dom@18.3.7_@types+reac_3k5f6qynewwmkoqvlvtzlgtsjq/node_modules/@testing-library/react/dist/pure.js:291:10)
      at Object.<anonymous> (components/__tests__/users-table.test.tsx:73:11)

    console.error
      The above error occurred in the <Tooltip> component:

          at Tooltip (/app/node_modules/.pnpm/@radix-ui+react-tooltip@1.2.8_@types+react-dom@18.3.7_@types+react@18.3.29__@types+react@18.3_xrwsnt2rmlacewwolijhmzdoxi/node_modules/@radix-ui/react-tooltip/src/tooltip.tsx:154:5)
          at Passthrough (/app/apps/admin/components/__tests__/users-table.test.tsx:27:26)
          at cell (/app/apps/admin/components/users-table.tsx:87:16)
          at td
          at /app/packages/ui/src/components/ui/table.tsx:87:6
          at tr
          at /app/packages/ui/src/components/ui/table.tsx:57:6
          at tbody
          at /app/packages/ui/src/components/ui/table.tsx:30:6
          at table
          at div
          at /app/packages/ui/src/components/ui/table.tsx:8:6
          at DataTable (/app/packages/ui/src/components/data-table.tsx:23:36)
          at div
          at UsersTable (/app/apps/admin/components/users-table.tsx:26:30)
          at IntlProvider (/app/node_modules/.pnpm/use-intl@3.26.5_react@18.3.1/node_modules/use-intl/dist/development/_IntlProvider.js:16:5)
          at NextIntlClientProvider (/app/node_modules/.pnpm/next-intl@3.26.5_next@15.5.18_@babel+core@7.29.7_@opentelemetry+api@1.9.1_@playwright+test@1._uib3rlo2eksg3yll53rffkx7ea/node_modules/next-intl/dist/development/shared/NextIntlClientProvider.js:16:5)

      Consider adding an error boundary to your tree to customize error handling behavior.
      Visit https://reactjs.org/link/error-boundaries to learn more about error boundaries.

      71 |
      72 |   it('shows org name for user', () => {
    > 73 |     render(withIntl(<UsersTable users={mockUsers} orgs={mockOrgs} />))
         |           ^
      74 |     expect(screen.getAllByText('Acme Corp').length).toBeGreaterThan(0)
      75 |   })
      76 |

      at logCapturedError (../../node_modules/.pnpm/react-dom@18.3.1_react@18.3.1/node_modules/react-dom/cjs/react-dom.development.js:18704:23)
      at update.callback (../../node_modules/.pnpm/react-dom@18.3.1_react@18.3.1/node_modules/react-dom/cjs/react-dom.development.js:18737:5)
      at callCallback (../../node_modules/.pnpm/react-dom@18.3.1_react@18.3.1/node_modules/react-dom/cjs/react-dom.development.js:15036:12)
      at commitUpdateQueue (../../node_modules/.pnpm/react-dom@18.3.1_react@18.3.1/node_modules/react-dom/cjs/react-dom.development.js:15057:9)
      at commitLayoutEffectOnFiber (../../node_modules/.pnpm/react-dom@18.3.1_react@18.3.1/node_modules/react-dom/cjs/react-dom.development.js:23430:13)
      at commitLayoutMountEffects_complete (../../node_modules/.pnpm/react-dom@18.3.1_react@18.3.1/node_modules/react-dom/cjs/react-dom.development.js:24727:9)
      at commitLayoutEffects_begin (../../node_modules/.pnpm/react-dom@18.3.1_react@18.3.1/node_modules/react-dom/cjs/react-dom.development.js:24713:7)
      at commitLayoutEffects (../../node_modules/.pnpm/react-dom@18.3.1_react@18.3.1/node_modules/react-dom/cjs/react-dom.development.js:24651:3)
      at commitRootImpl (../../node_modules/.pnpm/react-dom@18.3.1_react@18.3.1/node_modules/react-dom/cjs/react-dom.development.js:26862:5)
      at commitRoot (../../node_modules/.pnpm/react-dom@18.3.1_react@18.3.1/node_modules/react-dom/cjs/react-dom.development.js:26721:5)
      at finishConcurrentRender (../../node_modules/.pnpm/react-dom@18.3.1_react@18.3.1/node_modules/react-dom/cjs/react-dom.development.js:25931:9)
      at performConcurrentWorkOnRoot (../../node_modules/.pnpm/react-dom@18.3.1_react@18.3.1/node_modules/react-dom/cjs/react-dom.development.js:25848:7)
      at flushActQueue (../../node_modules/.pnpm/react@18.3.1/node_modules/react/cjs/react.development.js:2667:24)
      at act (../../node_modules/.pnpm/react@18.3.1/node_modules/react/cjs/react.development.js:2582:11)
      at ../../node_modules/.pnpm/@testing-library+react@16.3.2_@testing-library+dom@10.4.1_@types+react-dom@18.3.7_@types+reac_3k5f6qynewwmkoqvlvtzlgtsjq/node_modules/@testing-library/react/dist/act-compat.js:46:25
      at renderRoot (../../node_modules/.pnpm/@testing-library+react@16.3.2_@testing-library+dom@10.4.1_@types+react-dom@18.3.7_@types+reac_3k5f6qynewwmkoqvlvtzlgtsjq/node_modules/@testing-library/react/dist/pure.js:189:26)
      at render (../../node_modules/.pnpm/@testing-library+react@16.3.2_@testing-library+dom@10.4.1_@types+react-dom@18.3.7_@types+reac_3k5f6qynewwmkoqvlvtzlgtsjq/node_modules/@testing-library/react/dist/pure.js:291:10)
      at Object.<anonymous> (components/__tests__/users-table.test.tsx:73:11)

    console.error
      The above error occurred in the <Tooltip> component:

          at Tooltip (/app/node_modules/.pnpm/@radix-ui+react-tooltip@1.2.8_@types+react-dom@18.3.7_@types+react@18.3.29__@types+react@18.3_xrwsnt2rmlacewwolijhmzdoxi/node_modules/@radix-ui/react-tooltip/src/tooltip.tsx:154:5)
          at Passthrough (/app/apps/admin/components/__tests__/users-table.test.tsx:27:26)
          at cell (/app/apps/admin/components/users-table.tsx:87:16)
          at td
          at /app/packages/ui/src/components/ui/table.tsx:87:6
          at tr
          at /app/packages/ui/src/components/ui/table.tsx:57:6
          at tbody
          at /app/packages/ui/src/components/ui/table.tsx:30:6
          at table
          at div
          at /app/packages/ui/src/components/ui/table.tsx:8:6
          at DataTable (/app/packages/ui/src/components/data-table.tsx:23:36)
          at div
          at UsersTable (/app/apps/admin/components/users-table.tsx:26:30)
          at IntlProvider (/app/node_modules/.pnpm/use-intl@3.26.5_react@18.3.1/node_modules/use-intl/dist/development/_IntlProvider.js:16:5)
          at NextIntlClientProvider (/app/node_modules/.pnpm/next-intl@3.26.5_next@15.5.18_@babel+core@7.29.7_@opentelemetry+api@1.9.1_@playwright+test@1._uib3rlo2eksg3yll53rffkx7ea/node_modules/next-intl/dist/development/shared/NextIntlClientProvider.js:16:5)

      Consider adding an error boundary to your tree to customize error handling behavior.
      Visit https://reactjs.org/link/error-boundaries to learn more about error boundaries.

      71 |
      72 |   it('shows org name for user', () => {
    > 73 |     render(withIntl(<UsersTable users={mockUsers} orgs={mockOrgs} />))
         |           ^
      74 |     expect(screen.getAllByText('Acme Corp').length).toBeGreaterThan(0)
      75 |   })
      76 |

      at logCapturedError (../../node_modules/.pnpm/react-dom@18.3.1_react@18.3.1/node_modules/react-dom/cjs/react-dom.development.js:18704:23)
      at update.callback (../../node_modules/.pnpm/react-dom@18.3.1_react@18.3.1/node_modules/react-dom/cjs/react-dom.development.js:18737:5)
      at callCallback (../../node_modules/.pnpm/react-dom@18.3.1_react@18.3.1/node_modules/react-dom/cjs/react-dom.development.js:15036:12)
      at commitUpdateQueue (../../node_modules/.pnpm/react-dom@18.3.1_react@18.3.1/node_modules/react-dom/cjs/react-dom.development.js:15057:9)
      at commitLayoutEffectOnFiber (../../node_modules/.pnpm/react-dom@18.3.1_react@18.3.1/node_modules/react-dom/cjs/react-dom.development.js:23430:13)
      at commitLayoutMountEffects_complete (../../node_modules/.pnpm/react-dom@18.3.1_react@18.3.1/node_modules/react-dom/cjs/react-dom.development.js:24727:9)
      at commitLayoutEffects_begin (../../node_modules/.pnpm/react-dom@18.3.1_react@18.3.1/node_modules/react-dom/cjs/react-dom.development.js:24713:7)
      at commitLayoutEffects (../../node_modules/.pnpm/react-dom@18.3.1_react@18.3.1/node_modules/react-dom/cjs/react-dom.development.js:24651:3)
      at commitRootImpl (../../node_modules/.pnpm/react-dom@18.3.1_react@18.3.1/node_modules/react-dom/cjs/react-dom.development.js:26862:5)
      at commitRoot (../../node_modules/.pnpm/react-dom@18.3.1_react@18.3.1/node_modules/react-dom/cjs/react-dom.development.js:26721:5)
      at finishConcurrentRender (../../node_modules/.pnpm/react-dom@18.3.1_react@18.3.1/node_modules/react-dom/cjs/react-dom.development.js:25931:9)
      at performConcurrentWorkOnRoot (../../node_modules/.pnpm/react-dom@18.3.1_react@18.3.1/node_modules/react-dom/cjs/react-dom.development.js:25848:7)
      at flushActQueue (../../node_modules/.pnpm/react@18.3.1/node_modules/react/cjs/react.development.js:2667:24)
      at act (../../node_modules/.pnpm/react@18.3.1/node_modules/react/cjs/react.development.js:2582:11)
      at ../../node_modules/.pnpm/@testing-library+react@16.3.2_@testing-library+dom@10.4.1_@types+react-dom@18.3.7_@types+reac_3k5f6qynewwmkoqvlvtzlgtsjq/node_modules/@testing-library/react/dist/act-compat.js:46:25
      at renderRoot (../../node_modules/.pnpm/@testing-library+react@16.3.2_@testing-library+dom@10.4.1_@types+react-dom@18.3.7_@types+reac_3k5f6qynewwmkoqvlvtzlgtsjq/node_modules/@testing-library/react/dist/pure.js:189:26)
      at render (../../node_modules/.pnpm/@testing-library+react@16.3.2_@testing-library+dom@10.4.1_@types+react-dom@18.3.7_@types+reac_3k5f6qynewwmkoqvlvtzlgtsjq/node_modules/@testing-library/react/dist/pure.js:291:10)
      at Object.<anonymous> (components/__tests__/users-table.test.tsx:73:11)

    console.error
      Error: Uncaught [Error: `Tooltip` must be used within `TooltipProvider`]
          at reportException (/app/node_modules/.pnpm/jsdom@20.0.3/node_modules/jsdom/lib/jsdom/living/helpers/runtime-script-errors.js:66:24)
          at innerInvokeEventListeners (/app/node_modules/.pnpm/jsdom@20.0.3/node_modules/jsdom/lib/jsdom/living/events/EventTarget-impl.js:353:9)
          at invokeEventListeners (/app/node_modules/.pnpm/jsdom@20.0.3/node_modules/jsdom/lib/jsdom/living/events/EventTarget-impl.js:286:3)
          at HTMLUnknownElementImpl._dispatch (/app/node_modules/.pnpm/jsdom@20.0.3/node_modules/jsdom/lib/jsdom/living/events/EventTarget-impl.js:233:9)
          at HTMLUnknownElementImpl.dispatchEvent (/app/node_modules/.pnpm/jsdom@20.0.3/node_modules/jsdom/lib/jsdom/living/events/EventTarget-impl.js:104:17)
          at HTMLUnknownElement.dispatchEvent (/app/node_modules/.pnpm/jsdom@20.0.3/node_modules/jsdom/lib/jsdom/living/generated/EventTarget.js:241:34)
          at Object.invokeGuardedCallbackDev (/app/node_modules/.pnpm/react-dom@18.3.1_react@18.3.1/node_modules/react-dom/cjs/react-dom.development.js:4213:16)
          at invokeGuardedCallback (/app/node_modules/.pnpm/react-dom@18.3.1_react@18.3.1/node_modules/react-dom/cjs/react-dom.development.js:4277:31)
          at beginWork$1 (/app/node_modules/.pnpm/react-dom@18.3.1_react@18.3.1/node_modules/react-dom/cjs/react-dom.development.js:27490:7)
          at performUnitOfWork (/app/node_modules/.pnpm/react-dom@18.3.1_react@18.3.1/node_modules/react-dom/cjs/react-dom.development.js:26599:12)
          at workLoopSync (/app/node_modules/.pnpm/react-dom@18.3.1_react@18.3.1/node_modules/react-dom/cjs/react-dom.development.js:26505:5)
          at renderRootSync (/app/node_modules/.pnpm/react-dom@18.3.1_react@18.3.1/node_modules/react-dom/cjs/react-dom.development.js:26473:7)
          at performConcurrentWorkOnRoot (/app/node_modules/.pnpm/react-dom@18.3.1_react@18.3.1/node_modules/react-dom/cjs/react-dom.development.js:25777:74)
          at flushActQueue (/app/node_modules/.pnpm/react@18.3.1/node_modules/react/cjs/react.development.js:2667:24)
          at act (/app/node_modules/.pnpm/react@18.3.1/node_modules/react/cjs/react.development.js:2582:11)
          at /app/node_modules/.pnpm/@testing-library+react@16.3.2_@testing-library+dom@10.4.1_@types+react-dom@18.3.7_@types+reac_3k5f6qynewwmkoqvlvtzlgtsjq/node_modules/@testing-library/react/dist/act-compat.js:46:25
          at renderRoot (/app/node_modules/.pnpm/@testing-library+react@16.3.2_@testing-library+dom@10.4.1_@types+react-dom@18.3.7_@types+reac_3k5f6qynewwmkoqvlvtzlgtsjq/node_modules/@testing-library/react/dist/pure.js:189:26)
          at render (/app/node_modules/.pnpm/@testing-library+react@16.3.2_@testing-library+dom@10.4.1_@types+react-dom@18.3.7_@types+reac_3k5f6qynewwmkoqvlvtzlgtsjq/node_modules/@testing-library/react/dist/pure.js:291:10)
          at Object.<anonymous> (/app/apps/admin/components/__tests__/users-table.test.tsx:78:11)
          at Promise.then.completed (/app/node_modules/.pnpm/jest-circus@29.7.0/node_modules/jest-circus/build/utils.js:298:28)
          at new Promise (<anonymous>)
          at callAsyncCircusFn (/app/node_modules/.pnpm/jest-circus@29.7.0/node_modules/jest-circus/build/utils.js:231:10)
          at _callCircusTest (/app/node_modules/.pnpm/jest-circus@29.7.0/node_modules/jest-circus/build/run.js:316:40)
          at processTicksAndRejections (node:internal/process/task_queues:103:5)
          at _runTest (/app/node_modules/.pnpm/jest-circus@29.7.0/node_modules/jest-circus/build/run.js:252:3)
          at _runTestsForDescribeBlock (/app/node_modules/.pnpm/jest-circus@29.7.0/node_modules/jest-circus/build/run.js:126:9)
          at _runTestsForDescribeBlock (/app/node_modules/.pnpm/jest-circus@29.7.0/node_modules/jest-circus/build/run.js:121:9)
          at run (/app/node_modules/.pnpm/jest-circus@29.7.0/node_modules/jest-circus/build/run.js:71:3)
          at runAndTransformResultsToJestFormat (/app/node_modules/.pnpm/jest-circus@29.7.0/node_modules/jest-circus/build/legacy-code-todo-rewrite/jestAdapterInit.js:122:21)
          at jestAdapter (/app/node_modules/.pnpm/jest-circus@29.7.0/node_modules/jest-circus/build/legacy-code-todo-rewrite/jestAdapter.js:79:19)
          at runTestInternal (/app/node_modules/.pnpm/jest-runner@29.7.0/node_modules/jest-runner/build/runTest.js:367:16)
          at runTest (/app/node_modules/.pnpm/jest-runner@29.7.0/node_modules/jest-runner/build/runTest.js:444:34)
          at Object.worker (/app/node_modules/.pnpm/jest-runner@29.7.0/node_modules/jest-runner/build/testWorker.js:106:12) {
        detail: Error: `Tooltip` must be used within `TooltipProvider`
            at useContext2 (/app/node_modules/.pnpm/@radix-ui+react-context@1.1.2_@types+react@18.3.29_react@18.3.1/node_modules/@radix-ui/react-context/src/create-context.tsx:75:13)
            at Tooltip (/app/node_modules/.pnpm/@radix-ui+react-tooltip@1.2.8_@types+react-dom@18.3.7_@types+react@18.3.29__@types+react@18.3_xrwsnt2rmlacewwolijhmzdoxi/node_modules/@radix-ui/react-tooltip/src/tooltip.tsx:162:27)
            at renderWithHooks (/app/node_modules/.pnpm/react-dom@18.3.1_react@18.3.1/node_modules/react-dom/cjs/react-dom.development.js:15486:18)
            at mountIndeterminateComponent (/app/node_modules/.pnpm/react-dom@18.3.1_react@18.3.1/node_modules/react-dom/cjs/react-dom.development.js:20103:13)
            at beginWork (/app/node_modules/.pnpm/react-dom@18.3.1_react@18.3.1/node_modules/react-dom/cjs/react-dom.development.js:21626:16)
            at HTMLUnknownElement.callCallback (/app/node_modules/.pnpm/react-dom@18.3.1_react@18.3.1/node_modules/react-dom/cjs/react-dom.development.js:4164:14)
            at HTMLUnknownElement.callTheUserObjectsOperation (/app/node_modules/.pnpm/jsdom@20.0.3/node_modules/jsdom/lib/jsdom/living/generated/EventListener.js:26:30)
            at innerInvokeEventListeners (/app/node_modules/.pnpm/jsdom@20.0.3/node_modules/jsdom/lib/jsdom/living/events/EventTarget-impl.js:350:25)
            at invokeEventListeners (/app/node_modules/.pnpm/jsdom@20.0.3/node_modules/jsdom/lib/jsdom/living/events/EventTarget-impl.js:286:3)
            at HTMLUnknownElementImpl._dispatch (/app/node_modules/.pnpm/jsdom@20.0.3/node_modules/jsdom/lib/jsdom/living/events/EventTarget-impl.js:233:9)
            at HTMLUnknownElementImpl.dispatchEvent (/app/node_modules/.pnpm/jsdom@20.0.3/node_modules/jsdom/lib/jsdom/living/events/EventTarget-impl.js:104:17)
            at HTMLUnknownElement.dispatchEvent (/app/node_modules/.pnpm/jsdom@20.0.3/node_modules/jsdom/lib/jsdom/living/generated/EventTarget.js:241:34)
            at Object.invokeGuardedCallbackDev (/app/node_modules/.pnpm/react-dom@18.3.1_react@18.3.1/node_modules/react-dom/cjs/react-dom.development.js:4213:16)
            at invokeGuardedCallback (/app/node_modules/.pnpm/react-dom@18.3.1_react@18.3.1/node_modules/react-dom/cjs/react-dom.development.js:4277:31)
            at beginWork$1 (/app/node_modules/.pnpm/react-dom@18.3.1_react@18.3.1/node_modules/react-dom/cjs/react-dom.development.js:27490:7)
            at performUnitOfWork (/app/node_modules/.pnpm/react-dom@18.3.1_react@18.3.1/node_modules/react-dom/cjs/react-dom.development.js:26599:12)
            at workLoopSync (/app/node_modules/.pnpm/react-dom@18.3.1_react@18.3.1/node_modules/react-dom/cjs/react-dom.development.js:26505:5)
            at renderRootSync (/app/node_modules/.pnpm/react-dom@18.3.1_react@18.3.1/node_modules/react-dom/cjs/react-dom.development.js:26473:7)
            at performConcurrentWorkOnRoot (/app/node_modules/.pnpm/react-dom@18.3.1_react@18.3.1/node_modules/react-dom/cjs/react-dom.development.js:25777:74)
            at flushActQueue (/app/node_modules/.pnpm/react@18.3.1/node_modules/react/cjs/react.development.js:2667:24)
            at act (/app/node_modules/.pnpm/react@18.3.1/node_modules/react/cjs/react.development.js:2582:11)
            at /app/node_modules/.pnpm/@testing-library+react@16.3.2_@testing-library+dom@10.4.1_@types+react-dom@18.3.7_@types+reac_3k5f6qynewwmkoqvlvtzlgtsjq/node_modules/@testing-library/react/dist/act-compat.js:46:25
            at renderRoot (/app/node_modules/.pnpm/@testing-library+react@16.3.2_@testing-library+dom@10.4.1_@types+react-dom@18.3.7_@types+reac_3k5f6qynewwmkoqvlvtzlgtsjq/node_modules/@testing-library/react/dist/pure.js:189:26)
            at render (/app/node_modules/.pnpm/@testing-library+react@16.3.2_@testing-library+dom@10.4.1_@types+react-dom@18.3.7_@types+reac_3k5f6qynewwmkoqvlvtzlgtsjq/node_modules/@testing-library/react/dist/pure.js:291:10)
            at Object.<anonymous> (/app/apps/admin/components/__tests__/users-table.test.tsx:78:11)
            at Promise.then.completed (/app/node_modules/.pnpm/jest-circus@29.7.0/node_modules/jest-circus/build/utils.js:298:28)
            at new Promise (<anonymous>)
            at callAsyncCircusFn (/app/node_modules/.pnpm/jest-circus@29.7.0/node_modules/jest-circus/build/utils.js:231:10)
            at _callCircusTest (/app/node_modules/.pnpm/jest-circus@29.7.0/node_modules/jest-circus/build/run.js:316:40)
            at processTicksAndRejections (node:internal/process/task_queues:103:5)
            at _runTest (/app/node_modules/.pnpm/jest-circus@29.7.0/node_modules/jest-circus/build/run.js:252:3)
            at _runTestsForDescribeBlock (/app/node_modules/.pnpm/jest-circus@29.7.0/node_modules/jest-circus/build/run.js:126:9)
            at _runTestsForDescribeBlock (/app/node_modules/.pnpm/jest-circus@29.7.0/node_modules/jest-circus/build/run.js:121:9)
            at run (/app/node_modules/.pnpm/jest-circus@29.7.0/node_modules/jest-circus/build/run.js:71:3)
            at runAndTransformResultsToJestFormat (/app/node_modules/.pnpm/jest-circus@29.7.0/node_modules/jest-circus/build/legacy-code-todo-rewrite/jestAdapterInit.js:122:21)
            at jestAdapter (/app/node_modules/.pnpm/jest-circus@29.7.0/node_modules/jest-circus/build/legacy-code-todo-rewrite/jestAdapter.js:79:19)
            at runTestInternal (/app/node_modules/.pnpm/jest-runner@29.7.0/node_modules/jest-runner/build/runTest.js:367:16)
            at runTest (/app/node_modules/.pnpm/jest-runner@29.7.0/node_modules/jest-runner/build/runTest.js:444:34)
            at Object.worker (/app/node_modules/.pnpm/jest-runner@29.7.0/node_modules/jest-runner/build/testWorker.js:106:12),
        type: 'unhandled exception'
      }

      76 |
      77 |   it('clicking Delete on a user opens ConfirmDialog with the user name', async () => {
    > 78 |     render(withIntl(<UsersTable users={mockUsers} orgs={mockOrgs} />))
         |           ^
      79 |     // With the Dropdown primitives mocked as passthroughs, every row's menu items
      80 |     // render in the DOM. The first Delete item belongs to the first row (Alice).
      81 |     const deleteItems = await screen.findAllByRole('menuitem', { name: en.users.actions.delete })

      at VirtualConsole.<anonymous> (../../node_modules/.pnpm/jest-environment-jsdom@29.7.0/node_modules/jest-environment-jsdom/build/index.js:63:23)
      at reportException (../../node_modules/.pnpm/jsdom@20.0.3/node_modules/jsdom/lib/jsdom/living/helpers/runtime-script-errors.js:70:28)
      at innerInvokeEventListeners (../../node_modules/.pnpm/jsdom@20.0.3/node_modules/jsdom/lib/jsdom/living/events/EventTarget-impl.js:353:9)
      at invokeEventListeners (../../node_modules/.pnpm/jsdom@20.0.3/node_modules/jsdom/lib/jsdom/living/events/EventTarget-impl.js:286:3)
      at HTMLUnknownElementImpl._dispatch (../../node_modules/.pnpm/jsdom@20.0.3/node_modules/jsdom/lib/jsdom/living/events/EventTarget-impl.js:233:9)
      at HTMLUnknownElementImpl.dispatchEvent (../../node_modules/.pnpm/jsdom@20.0.3/node_modules/jsdom/lib/jsdom/living/events/EventTarget-impl.js:104:17)
      at HTMLUnknownElement.dispatchEvent (../../node_modules/.pnpm/jsdom@20.0.3/node_modules/jsdom/lib/jsdom/living/generated/EventTarget.js:241:34)
      at Object.invokeGuardedCallbackDev (../../node_modules/.pnpm/react-dom@18.3.1_react@18.3.1/node_modules/react-dom/cjs/react-dom.development.js:4213:16)
      at invokeGuardedCallback (../../node_modules/.pnpm/react-dom@18.3.1_react@18.3.1/node_modules/react-dom/cjs/react-dom.development.js:4277:31)
      at beginWork$1 (../../node_modules/.pnpm/react-dom@18.3.1_react@18.3.1/node_modules/react-dom/cjs/react-dom.development.js:27490:7)
      at performUnitOfWork (../../node_modules/.pnpm/react-dom@18.3.1_react@18.3.1/node_modules/react-dom/cjs/react-dom.development.js:26599:12)
      at workLoopSync (../../node_modules/.pnpm/react-dom@18.3.1_react@18.3.1/node_modules/react-dom/cjs/react-dom.development.js:26505:5)
      at renderRootSync (../../node_modules/.pnpm/react-dom@18.3.1_react@18.3.1/node_modules/react-dom/cjs/react-dom.development.js:26473:7)
      at performConcurrentWorkOnRoot (../../node_modules/.pnpm/react-dom@18.3.1_react@18.3.1/node_modules/react-dom/cjs/react-dom.development.js:25777:74)
      at flushActQueue (../../node_modules/.pnpm/react@18.3.1/node_modules/react/cjs/react.development.js:2667:24)
      at act (../../node_modules/.pnpm/react@18.3.1/node_modules/react/cjs/react.development.js:2582:11)
      at ../../node_modules/.pnpm/@testing-library+react@16.3.2_@testing-library+dom@10.4.1_@types+react-dom@18.3.7_@types+reac_3k5f6qynewwmkoqvlvtzlgtsjq/node_modules/@testing-library/react/dist/act-compat.js:46:25
      at renderRoot (../../node_modules/.pnpm/@testing-library+react@16.3.2_@testing-library+dom@10.4.1_@types+react-dom@18.3.7_@types+reac_3k5f6qynewwmkoqvlvtzlgtsjq/node_modules/@testing-library/react/dist/pure.js:189:26)
      at render (../../node_modules/.pnpm/@testing-library+react@16.3.2_@testing-library+dom@10.4.1_@types+react-dom@18.3.7_@types+reac_3k5f6qynewwmkoqvlvtzlgtsjq/node_modules/@testing-library/react/dist/pure.js:291:10)
      at Object.<anonymous> (components/__tests__/users-table.test.tsx:78:11)

    console.error
      Error: Uncaught [Error: `Tooltip` must be used within `TooltipProvider`]
          at reportException (/app/node_modules/.pnpm/jsdom@20.0.3/node_modules/jsdom/lib/jsdom/living/helpers/runtime-script-errors.js:66:24)
          at innerInvokeEventListeners (/app/node_modules/.pnpm/jsdom@20.0.3/node_modules/jsdom/lib/jsdom/living/events/EventTarget-impl.js:353:9)
          at invokeEventListeners (/app/node_modules/.pnpm/jsdom@20.0.3/node_modules/jsdom/lib/jsdom/living/events/EventTarget-impl.js:286:3)
          at HTMLUnknownElementImpl._dispatch (/app/node_modules/.pnpm/jsdom@20.0.3/node_modules/jsdom/lib/jsdom/living/events/EventTarget-impl.js:233:9)
          at HTMLUnknownElementImpl.dispatchEvent (/app/node_modules/.pnpm/jsdom@20.0.3/node_modules/jsdom/lib/jsdom/living/events/EventTarget-impl.js:104:17)
          at HTMLUnknownElement.dispatchEvent (/app/node_modules/.pnpm/jsdom@20.0.3/node_modules/jsdom/lib/jsdom/living/generated/EventTarget.js:241:34)
          at Object.invokeGuardedCallbackDev (/app/node_modules/.pnpm/react-dom@18.3.1_react@18.3.1/node_modules/react-dom/cjs/react-dom.development.js:4213:16)
          at invokeGuardedCallback (/app/node_modules/.pnpm/react-dom@18.3.1_react@18.3.1/node_modules/react-dom/cjs/react-dom.development.js:4277:31)
          at beginWork$1 (/app/node_modules/.pnpm/react-dom@18.3.1_react@18.3.1/node_modules/react-dom/cjs/react-dom.development.js:27490:7)
          at performUnitOfWork (/app/node_modules/.pnpm/react-dom@18.3.1_react@18.3.1/node_modules/react-dom/cjs/react-dom.development.js:26599:12)
          at workLoopSync (/app/node_modules/.pnpm/react-dom@18.3.1_react@18.3.1/node_modules/react-dom/cjs/react-dom.development.js:26505:5)
          at renderRootSync (/app/node_modules/.pnpm/react-dom@18.3.1_react@18.3.1/node_modules/react-dom/cjs/react-dom.development.js:26473:7)
          at performConcurrentWorkOnRoot (/app/node_modules/.pnpm/react-dom@18.3.1_react@18.3.1/node_modules/react-dom/cjs/react-dom.development.js:25777:74)
          at flushActQueue (/app/node_modules/.pnpm/react@18.3.1/node_modules/react/cjs/react.development.js:2667:24)
          at act (/app/node_modules/.pnpm/react@18.3.1/node_modules/react/cjs/react.development.js:2582:11)
          at /app/node_modules/.pnpm/@testing-library+react@16.3.2_@testing-library+dom@10.4.1_@types+react-dom@18.3.7_@types+reac_3k5f6qynewwmkoqvlvtzlgtsjq/node_modules/@testing-library/react/dist/act-compat.js:46:25
          at renderRoot (/app/node_modules/.pnpm/@testing-library+react@16.3.2_@testing-library+dom@10.4.1_@types+react-dom@18.3.7_@types+reac_3k5f6qynewwmkoqvlvtzlgtsjq/node_modules/@testing-library/react/dist/pure.js:189:26)
          at render (/app/node_modules/.pnpm/@testing-library+react@16.3.2_@testing-library+dom@10.4.1_@types+react-dom@18.3.7_@types+reac_3k5f6qynewwmkoqvlvtzlgtsjq/node_modules/@testing-library/react/dist/pure.js:291:10)
          at Object.<anonymous> (/app/apps/admin/components/__tests__/users-table.test.tsx:78:11)
          at Promise.then.completed (/app/node_modules/.pnpm/jest-circus@29.7.0/node_modules/jest-circus/build/utils.js:298:28)
          at new Promise (<anonymous>)
          at callAsyncCircusFn (/app/node_modules/.pnpm/jest-circus@29.7.0/node_modules/jest-circus/build/utils.js:231:10)
          at _callCircusTest (/app/node_modules/.pnpm/jest-circus@29.7.0/node_modules/jest-circus/build/run.js:316:40)
          at processTicksAndRejections (node:internal/process/task_queues:103:5)
          at _runTest (/app/node_modules/.pnpm/jest-circus@29.7.0/node_modules/jest-circus/build/run.js:252:3)
          at _runTestsForDescribeBlock (/app/node_modules/.pnpm/jest-circus@29.7.0/node_modules/jest-circus/build/run.js:126:9)
          at _runTestsForDescribeBlock (/app/node_modules/.pnpm/jest-circus@29.7.0/node_modules/jest-circus/build/run.js:121:9)
          at run (/app/node_modules/.pnpm/jest-circus@29.7.0/node_modules/jest-circus/build/run.js:71:3)
          at runAndTransformResultsToJestFormat (/app/node_modules/.pnpm/jest-circus@29.7.0/node_modules/jest-circus/build/legacy-code-todo-rewrite/jestAdapterInit.js:122:21)
          at jestAdapter (/app/node_modules/.pnpm/jest-circus@29.7.0/node_modules/jest-circus/build/legacy-code-todo-rewrite/jestAdapter.js:79:19)
          at runTestInternal (/app/node_modules/.pnpm/jest-runner@29.7.0/node_modules/jest-runner/build/runTest.js:367:16)
          at runTest (/app/node_modules/.pnpm/jest-runner@29.7.0/node_modules/jest-runner/build/runTest.js:444:34)
          at Object.worker (/app/node_modules/.pnpm/jest-runner@29.7.0/node_modules/jest-runner/build/testWorker.js:106:12) {
        detail: Error: `Tooltip` must be used within `TooltipProvider`
            at useContext2 (/app/node_modules/.pnpm/@radix-ui+react-context@1.1.2_@types+react@18.3.29_react@18.3.1/node_modules/@radix-ui/react-context/src/create-context.tsx:75:13)
            at Tooltip (/app/node_modules/.pnpm/@radix-ui+react-tooltip@1.2.8_@types+react-dom@18.3.7_@types+react@18.3.29__@types+react@18.3_xrwsnt2rmlacewwolijhmzdoxi/node_modules/@radix-ui/react-tooltip/src/tooltip.tsx:162:27)
            at renderWithHooks (/app/node_modules/.pnpm/react-dom@18.3.1_react@18.3.1/node_modules/react-dom/cjs/react-dom.development.js:15486:18)
            at mountIndeterminateComponent (/app/node_modules/.pnpm/react-dom@18.3.1_react@18.3.1/node_modules/react-dom/cjs/react-dom.development.js:20103:13)
            at beginWork (/app/node_modules/.pnpm/react-dom@18.3.1_react@18.3.1/node_modules/react-dom/cjs/react-dom.development.js:21626:16)
            at HTMLUnknownElement.callCallback (/app/node_modules/.pnpm/react-dom@18.3.1_react@18.3.1/node_modules/react-dom/cjs/react-dom.development.js:4164:14)
            at HTMLUnknownElement.callTheUserObjectsOperation (/app/node_modules/.pnpm/jsdom@20.0.3/node_modules/jsdom/lib/jsdom/living/generated/EventListener.js:26:30)
            at innerInvokeEventListeners (/app/node_modules/.pnpm/jsdom@20.0.3/node_modules/jsdom/lib/jsdom/living/events/EventTarget-impl.js:350:25)
            at invokeEventListeners (/app/node_modules/.pnpm/jsdom@20.0.3/node_modules/jsdom/lib/jsdom/living/events/EventTarget-impl.js:286:3)
            at HTMLUnknownElementImpl._dispatch (/app/node_modules/.pnpm/jsdom@20.0.3/node_modules/jsdom/lib/jsdom/living/events/EventTarget-impl.js:233:9)
            at HTMLUnknownElementImpl.dispatchEvent (/app/node_modules/.pnpm/jsdom@20.0.3/node_modules/jsdom/lib/jsdom/living/events/EventTarget-impl.js:104:17)
            at HTMLUnknownElement.dispatchEvent (/app/node_modules/.pnpm/jsdom@20.0.3/node_modules/jsdom/lib/jsdom/living/generated/EventTarget.js:241:34)
            at Object.invokeGuardedCallbackDev (/app/node_modules/.pnpm/react-dom@18.3.1_react@18.3.1/node_modules/react-dom/cjs/react-dom.development.js:4213:16)
            at invokeGuardedCallback (/app/node_modules/.pnpm/react-dom@18.3.1_react@18.3.1/node_modules/react-dom/cjs/react-dom.development.js:4277:31)
            at beginWork$1 (/app/node_modules/.pnpm/react-dom@18.3.1_react@18.3.1/node_modules/react-dom/cjs/react-dom.development.js:27490:7)
            at performUnitOfWork (/app/node_modules/.pnpm/react-dom@18.3.1_react@18.3.1/node_modules/react-dom/cjs/react-dom.development.js:26599:12)
            at workLoopSync (/app/node_modules/.pnpm/react-dom@18.3.1_react@18.3.1/node_modules/react-dom/cjs/react-dom.development.js:26505:5)
            at renderRootSync (/app/node_modules/.pnpm/react-dom@18.3.1_react@18.3.1/node_modules/react-dom/cjs/react-dom.development.js:26473:7)
            at performConcurrentWorkOnRoot (/app/node_modules/.pnpm/react-dom@18.3.1_react@18.3.1/node_modules/react-dom/cjs/react-dom.development.js:25777:74)
            at flushActQueue (/app/node_modules/.pnpm/react@18.3.1/node_modules/react/cjs/react.development.js:2667:24)
            at act (/app/node_modules/.pnpm/react@18.3.1/node_modules/react/cjs/react.development.js:2582:11)
            at /app/node_modules/.pnpm/@testing-library+react@16.3.2_@testing-library+dom@10.4.1_@types+react-dom@18.3.7_@types+reac_3k5f6qynewwmkoqvlvtzlgtsjq/node_modules/@testing-library/react/dist/act-compat.js:46:25
            at renderRoot (/app/node_modules/.pnpm/@testing-library+react@16.3.2_@testing-library+dom@10.4.1_@types+react-dom@18.3.7_@types+reac_3k5f6qynewwmkoqvlvtzlgtsjq/node_modules/@testing-library/react/dist/pure.js:189:26)
            at render (/app/node_modules/.pnpm/@testing-library+react@16.3.2_@testing-library+dom@10.4.1_@types+react-dom@18.3.7_@types+reac_3k5f6qynewwmkoqvlvtzlgtsjq/node_modules/@testing-library/react/dist/pure.js:291:10)
            at Object.<anonymous> (/app/apps/admin/components/__tests__/users-table.test.tsx:78:11)
            at Promise.then.completed (/app/node_modules/.pnpm/jest-circus@29.7.0/node_modules/jest-circus/build/utils.js:298:28)
            at new Promise (<anonymous>)
            at callAsyncCircusFn (/app/node_modules/.pnpm/jest-circus@29.7.0/node_modules/jest-circus/build/utils.js:231:10)
            at _callCircusTest (/app/node_modules/.pnpm/jest-circus@29.7.0/node_modules/jest-circus/build/run.js:316:40)
            at processTicksAndRejections (node:internal/process/task_queues:103:5)
            at _runTest (/app/node_modules/.pnpm/jest-circus@29.7.0/node_modules/jest-circus/build/run.js:252:3)
            at _runTestsForDescribeBlock (/app/node_modules/.pnpm/jest-circus@29.7.0/node_modules/jest-circus/build/run.js:126:9)
            at _runTestsForDescribeBlock (/app/node_modules/.pnpm/jest-circus@29.7.0/node_modules/jest-circus/build/run.js:121:9)
            at run (/app/node_modules/.pnpm/jest-circus@29.7.0/node_modules/jest-circus/build/run.js:71:3)
            at runAndTransformResultsToJestFormat (/app/node_modules/.pnpm/jest-circus@29.7.0/node_modules/jest-circus/build/legacy-code-todo-rewrite/jestAdapterInit.js:122:21)
            at jestAdapter (/app/node_modules/.pnpm/jest-circus@29.7.0/node_modules/jest-circus/build/legacy-code-todo-rewrite/jestAdapter.js:79:19)
            at runTestInternal (/app/node_modules/.pnpm/jest-runner@29.7.0/node_modules/jest-runner/build/runTest.js:367:16)
            at runTest (/app/node_modules/.pnpm/jest-runner@29.7.0/node_modules/jest-runner/build/runTest.js:444:34)
            at Object.worker (/app/node_modules/.pnpm/jest-runner@29.7.0/node_modules/jest-runner/build/testWorker.js:106:12),
        type: 'unhandled exception'
      }

      76 |
      77 |   it('clicking Delete on a user opens ConfirmDialog with the user name', async () => {
    > 78 |     render(withIntl(<UsersTable users={mockUsers} orgs={mockOrgs} />))
         |           ^
      79 |     // With the Dropdown primitives mocked as passthroughs, every row's menu items
      80 |     // render in the DOM. The first Delete item belongs to the first row (Alice).
      81 |     const deleteItems = await screen.findAllByRole('menuitem', { name: en.users.actions.delete })

      at VirtualConsole.<anonymous> (../../node_modules/.pnpm/jest-environment-jsdom@29.7.0/node_modules/jest-environment-jsdom/build/index.js:63:23)
      at reportException (../../node_modules/.pnpm/jsdom@20.0.3/node_modules/jsdom/lib/jsdom/living/helpers/runtime-script-errors.js:70:28)
      at innerInvokeEventListeners (../../node_modules/.pnpm/jsdom@20.0.3/node_modules/jsdom/lib/jsdom/living/events/EventTarget-impl.js:353:9)
      at invokeEventListeners (../../node_modules/.pnpm/jsdom@20.0.3/node_modules/jsdom/lib/jsdom/living/events/EventTarget-impl.js:286:3)
      at HTMLUnknownElementImpl._dispatch (../../node_modules/.pnpm/jsdom@20.0.3/node_modules/jsdom/lib/jsdom/living/events/EventTarget-impl.js:233:9)
      at HTMLUnknownElementImpl.dispatchEvent (../../node_modules/.pnpm/jsdom@20.0.3/node_modules/jsdom/lib/jsdom/living/events/EventTarget-impl.js:104:17)
      at HTMLUnknownElement.dispatchEvent (../../node_modules/.pnpm/jsdom@20.0.3/node_modules/jsdom/lib/jsdom/living/generated/EventTarget.js:241:34)
      at Object.invokeGuardedCallbackDev (../../node_modules/.pnpm/react-dom@18.3.1_react@18.3.1/node_modules/react-dom/cjs/react-dom.development.js:4213:16)
      at invokeGuardedCallback (../../node_modules/.pnpm/react-dom@18.3.1_react@18.3.1/node_modules/react-dom/cjs/react-dom.development.js:4277:31)
      at beginWork$1 (../../node_modules/.pnpm/react-dom@18.3.1_react@18.3.1/node_modules/react-dom/cjs/react-dom.development.js:27490:7)
      at performUnitOfWork (../../node_modules/.pnpm/react-dom@18.3.1_react@18.3.1/node_modules/react-dom/cjs/react-dom.development.js:26599:12)
      at workLoopSync (../../node_modules/.pnpm/react-dom@18.3.1_react@18.3.1/node_modules/react-dom/cjs/react-dom.development.js:26505:5)
      at renderRootSync (../../node_modules/.pnpm/react-dom@18.3.1_react@18.3.1/node_modules/react-dom/cjs/react-dom.development.js:26473:7)
      at performConcurrentWorkOnRoot (../../node_modules/.pnpm/react-dom@18.3.1_react@18.3.1/node_modules/react-dom/cjs/react-dom.development.js:25777:74)
      at flushActQueue (../../node_modules/.pnpm/react@18.3.1/node_modules/react/cjs/react.development.js:2667:24)
      at act (../../node_modules/.pnpm/react@18.3.1/node_modules/react/cjs/react.development.js:2582:11)
      at ../../node_modules/.pnpm/@testing-library+react@16.3.2_@testing-library+dom@10.4.1_@types+react-dom@18.3.7_@types+reac_3k5f6qynewwmkoqvlvtzlgtsjq/node_modules/@testing-library/react/dist/act-compat.js:46:25
      at renderRoot (../../node_modules/.pnpm/@testing-library+react@16.3.2_@testing-library+dom@10.4.1_@types+react-dom@18.3.7_@types+reac_3k5f6qynewwmkoqvlvtzlgtsjq/node_modules/@testing-library/react/dist/pure.js:189:26)
      at render (../../node_modules/.pnpm/@testing-library+react@16.3.2_@testing-library+dom@10.4.1_@types+react-dom@18.3.7_@types+reac_3k5f6qynewwmkoqvlvtzlgtsjq/node_modules/@testing-library/react/dist/pure.js:291:10)
      at Object.<anonymous> (components/__tests__/users-table.test.tsx:78:11)

    console.error
      Error: Uncaught [Error: `Tooltip` must be used within `TooltipProvider`]
          at reportException (/app/node_modules/.pnpm/jsdom@20.0.3/node_modules/jsdom/lib/jsdom/living/helpers/runtime-script-errors.js:66:24)
          at innerInvokeEventListeners (/app/node_modules/.pnpm/jsdom@20.0.3/node_modules/jsdom/lib/jsdom/living/events/EventTarget-impl.js:353:9)
          at invokeEventListeners (/app/node_modules/.pnpm/jsdom@20.0.3/node_modules/jsdom/lib/jsdom/living/events/EventTarget-impl.js:286:3)
          at HTMLUnknownElementImpl._dispatch (/app/node_modules/.pnpm/jsdom@20.0.3/node_modules/jsdom/lib/jsdom/living/events/EventTarget-impl.js:233:9)
          at HTMLUnknownElementImpl.dispatchEvent (/app/node_modules/.pnpm/jsdom@20.0.3/node_modules/jsdom/lib/jsdom/living/events/EventTarget-impl.js:104:17)
          at HTMLUnknownElement.dispatchEvent (/app/node_modules/.pnpm/jsdom@20.0.3/node_modules/jsdom/lib/jsdom/living/generated/EventTarget.js:241:34)
          at Object.invokeGuardedCallbackDev (/app/node_modules/.pnpm/react-dom@18.3.1_react@18.3.1/node_modules/react-dom/cjs/react-dom.development.js:4213:16)
          at invokeGuardedCallback (/app/node_modules/.pnpm/react-dom@18.3.1_react@18.3.1/node_modules/react-dom/cjs/react-dom.development.js:4277:31)
          at beginWork$1 (/app/node_modules/.pnpm/react-dom@18.3.1_react@18.3.1/node_modules/react-dom/cjs/react-dom.development.js:27490:7)
          at performUnitOfWork (/app/node_modules/.pnpm/react-dom@18.3.1_react@18.3.1/node_modules/react-dom/cjs/react-dom.development.js:26599:12)
          at workLoopSync (/app/node_modules/.pnpm/react-dom@18.3.1_react@18.3.1/node_modules/react-dom/cjs/react-dom.development.js:26505:5)
          at renderRootSync (/app/node_modules/.pnpm/react-dom@18.3.1_react@18.3.1/node_modules/react-dom/cjs/react-dom.development.js:26473:7)
          at recoverFromConcurrentError (/app/node_modules/.pnpm/react-dom@18.3.1_react@18.3.1/node_modules/react-dom/cjs/react-dom.development.js:25889:20)
          at performConcurrentWorkOnRoot (/app/node_modules/.pnpm/react-dom@18.3.1_react@18.3.1/node_modules/react-dom/cjs/react-dom.development.js:25789:22)
          at flushActQueue (/app/node_modules/.pnpm/react@18.3.1/node_modules/react/cjs/react.development.js:2667:24)
          at act (/app/node_modules/.pnpm/react@18.3.1/node_modules/react/cjs/react.development.js:2582:11)
          at /app/node_modules/.pnpm/@testing-library+react@16.3.2_@testing-library+dom@10.4.1_@types+react-dom@18.3.7_@types+reac_3k5f6qynewwmkoqvlvtzlgtsjq/node_modules/@testing-library/react/dist/act-compat.js:46:25
          at renderRoot (/app/node_modules/.pnpm/@testing-library+react@16.3.2_@testing-library+dom@10.4.1_@types+react-dom@18.3.7_@types+reac_3k5f6qynewwmkoqvlvtzlgtsjq/node_modules/@testing-library/react/dist/pure.js:189:26)
          at render (/app/node_modules/.pnpm/@testing-library+react@16.3.2_@testing-library+dom@10.4.1_@types+react-dom@18.3.7_@types+reac_3k5f6qynewwmkoqvlvtzlgtsjq/node_modules/@testing-library/react/dist/pure.js:291:10)
          at Object.<anonymous> (/app/apps/admin/components/__tests__/users-table.test.tsx:78:11)
          at Promise.then.completed (/app/node_modules/.pnpm/jest-circus@29.7.0/node_modules/jest-circus/build/utils.js:298:28)
          at new Promise (<anonymous>)
          at callAsyncCircusFn (/app/node_modules/.pnpm/jest-circus@29.7.0/node_modules/jest-circus/build/utils.js:231:10)
          at _callCircusTest (/app/node_modules/.pnpm/jest-circus@29.7.0/node_modules/jest-circus/build/run.js:316:40)
          at processTicksAndRejections (node:internal/process/task_queues:103:5)
          at _runTest (/app/node_modules/.pnpm/jest-circus@29.7.0/node_modules/jest-circus/build/run.js:252:3)
          at _runTestsForDescribeBlock (/app/node_modules/.pnpm/jest-circus@29.7.0/node_modules/jest-circus/build/run.js:126:9)
          at _runTestsForDescribeBlock (/app/node_modules/.pnpm/jest-circus@29.7.0/node_modules/jest-circus/build/run.js:121:9)
          at run (/app/node_modules/.pnpm/jest-circus@29.7.0/node_modules/jest-circus/build/run.js:71:3)
          at runAndTransformResultsToJestFormat (/app/node_modules/.pnpm/jest-circus@29.7.0/node_modules/jest-circus/build/legacy-code-todo-rewrite/jestAdapterInit.js:122:21)
          at jestAdapter (/app/node_modules/.pnpm/jest-circus@29.7.0/node_modules/jest-circus/build/legacy-code-todo-rewrite/jestAdapter.js:79:19)
          at runTestInternal (/app/node_modules/.pnpm/jest-runner@29.7.0/node_modules/jest-runner/build/runTest.js:367:16)
          at runTest (/app/node_modules/.pnpm/jest-runner@29.7.0/node_modules/jest-runner/build/runTest.js:444:34)
          at Object.worker (/app/node_modules/.pnpm/jest-runner@29.7.0/node_modules/jest-runner/build/testWorker.js:106:12) {
        detail: Error: `Tooltip` must be used within `TooltipProvider`
            at useContext2 (/app/node_modules/.pnpm/@radix-ui+react-context@1.1.2_@types+react@18.3.29_react@18.3.1/node_modules/@radix-ui/react-context/src/create-context.tsx:75:13)
            at Tooltip (/app/node_modules/.pnpm/@radix-ui+react-tooltip@1.2.8_@types+react-dom@18.3.7_@types+react@18.3.29__@types+react@18.3_xrwsnt2rmlacewwolijhmzdoxi/node_modules/@radix-ui/react-tooltip/src/tooltip.tsx:162:27)
            at renderWithHooks (/app/node_modules/.pnpm/react-dom@18.3.1_react@18.3.1/node_modules/react-dom/cjs/react-dom.development.js:15486:18)
            at mountIndeterminateComponent (/app/node_modules/.pnpm/react-dom@18.3.1_react@18.3.1/node_modules/react-dom/cjs/react-dom.development.js:20103:13)
            at beginWork (/app/node_modules/.pnpm/react-dom@18.3.1_react@18.3.1/node_modules/react-dom/cjs/react-dom.development.js:21626:16)
            at HTMLUnknownElement.callCallback (/app/node_modules/.pnpm/react-dom@18.3.1_react@18.3.1/node_modules/react-dom/cjs/react-dom.development.js:4164:14)
            at HTMLUnknownElement.callTheUserObjectsOperation (/app/node_modules/.pnpm/jsdom@20.0.3/node_modules/jsdom/lib/jsdom/living/generated/EventListener.js:26:30)
            at innerInvokeEventListeners (/app/node_modules/.pnpm/jsdom@20.0.3/node_modules/jsdom/lib/jsdom/living/events/EventTarget-impl.js:350:25)
            at invokeEventListeners (/app/node_modules/.pnpm/jsdom@20.0.3/node_modules/jsdom/lib/jsdom/living/events/EventTarget-impl.js:286:3)
            at HTMLUnknownElementImpl._dispatch (/app/node_modules/.pnpm/jsdom@20.0.3/node_modules/jsdom/lib/jsdom/living/events/EventTarget-impl.js:233:9)
            at HTMLUnknownElementImpl.dispatchEvent (/app/node_modules/.pnpm/jsdom@20.0.3/node_modules/jsdom/lib/jsdom/living/events/EventTarget-impl.js:104:17)
            at HTMLUnknownElement.dispatchEvent (/app/node_modules/.pnpm/jsdom@20.0.3/node_modules/jsdom/lib/jsdom/living/generated/EventTarget.js:241:34)
            at Object.invokeGuardedCallbackDev (/app/node_modules/.pnpm/react-dom@18.3.1_react@18.3.1/node_modules/react-dom/cjs/react-dom.development.js:4213:16)
            at invokeGuardedCallback (/app/node_modules/.pnpm/react-dom@18.3.1_react@18.3.1/node_modules/react-dom/cjs/react-dom.development.js:4277:31)
            at beginWork$1 (/app/node_modules/.pnpm/react-dom@18.3.1_react@18.3.1/node_modules/react-dom/cjs/react-dom.development.js:27490:7)
            at performUnitOfWork (/app/node_modules/.pnpm/react-dom@18.3.1_react@18.3.1/node_modules/react-dom/cjs/react-dom.development.js:26599:12)
            at workLoopSync (/app/node_modules/.pnpm/react-dom@18.3.1_react@18.3.1/node_modules/react-dom/cjs/react-dom.development.js:26505:5)
            at renderRootSync (/app/node_modules/.pnpm/react-dom@18.3.1_react@18.3.1/node_modules/react-dom/cjs/react-dom.development.js:26473:7)
            at recoverFromConcurrentError (/app/node_modules/.pnpm/react-dom@18.3.1_react@18.3.1/node_modules/react-dom/cjs/react-dom.development.js:25889:20)
            at performConcurrentWorkOnRoot (/app/node_modules/.pnpm/react-dom@18.3.1_react@18.3.1/node_modules/react-dom/cjs/react-dom.development.js:25789:22)
            at flushActQueue (/app/node_modules/.pnpm/react@18.3.1/node_modules/react/cjs/react.development.js:2667:24)
            at act (/app/node_modules/.pnpm/react@18.3.1/node_modules/react/cjs/react.development.js:2582:11)
            at /app/node_modules/.pnpm/@testing-library+react@16.3.2_@testing-library+dom@10.4.1_@types+react-dom@18.3.7_@types+reac_3k5f6qynewwmkoqvlvtzlgtsjq/node_modules/@testing-library/react/dist/act-compat.js:46:25
            at renderRoot (/app/node_modules/.pnpm/@testing-library+react@16.3.2_@testing-library+dom@10.4.1_@types+react-dom@18.3.7_@types+reac_3k5f6qynewwmkoqvlvtzlgtsjq/node_modules/@testing-library/react/dist/pure.js:189:26)
            at render (/app/node_modules/.pnpm/@testing-library+react@16.3.2_@testing-library+dom@10.4.1_@types+react-dom@18.3.7_@types+reac_3k5f6qynewwmkoqvlvtzlgtsjq/node_modules/@testing-library/react/dist/pure.js:291:10)
            at Object.<anonymous> (/app/apps/admin/components/__tests__/users-table.test.tsx:78:11)
            at Promise.then.completed (/app/node_modules/.pnpm/jest-circus@29.7.0/node_modules/jest-circus/build/utils.js:298:28)
            at new Promise (<anonymous>)
            at callAsyncCircusFn (/app/node_modules/.pnpm/jest-circus@29.7.0/node_modules/jest-circus/build/utils.js:231:10)
            at _callCircusTest (/app/node_modules/.pnpm/jest-circus@29.7.0/node_modules/jest-circus/build/run.js:316:40)
            at processTicksAndRejections (node:internal/process/task_queues:103:5)
            at _runTest (/app/node_modules/.pnpm/jest-circus@29.7.0/node_modules/jest-circus/build/run.js:252:3)
            at _runTestsForDescribeBlock (/app/node_modules/.pnpm/jest-circus@29.7.0/node_modules/jest-circus/build/run.js:126:9)
            at _runTestsForDescribeBlock (/app/node_modules/.pnpm/jest-circus@29.7.0/node_modules/jest-circus/build/run.js:121:9)
            at run (/app/node_modules/.pnpm/jest-circus@29.7.0/node_modules/jest-circus/build/run.js:71:3)
            at runAndTransformResultsToJestFormat (/app/node_modules/.pnpm/jest-circus@29.7.0/node_modules/jest-circus/build/legacy-code-todo-rewrite/jestAdapterInit.js:122:21)
            at jestAdapter (/app/node_modules/.pnpm/jest-circus@29.7.0/node_modules/jest-circus/build/legacy-code-todo-rewrite/jestAdapter.js:79:19)
            at runTestInternal (/app/node_modules/.pnpm/jest-runner@29.7.0/node_modules/jest-runner/build/runTest.js:367:16)
            at runTest (/app/node_modules/.pnpm/jest-runner@29.7.0/node_modules/jest-runner/build/runTest.js:444:34)
            at Object.worker (/app/node_modules/.pnpm/jest-runner@29.7.0/node_modules/jest-runner/build/testWorker.js:106:12),
        type: 'unhandled exception'
      }

      76 |
      77 |   it('clicking Delete on a user opens ConfirmDialog with the user name', async () => {
    > 78 |     render(withIntl(<UsersTable users={mockUsers} orgs={mockOrgs} />))
         |           ^
      79 |     // With the Dropdown primitives mocked as passthroughs, every row's menu items
      80 |     // render in the DOM. The first Delete item belongs to the first row (Alice).
      81 |     const deleteItems = await screen.findAllByRole('menuitem', { name: en.users.actions.delete })

      at VirtualConsole.<anonymous> (../../node_modules/.pnpm/jest-environment-jsdom@29.7.0/node_modules/jest-environment-jsdom/build/index.js:63:23)
      at reportException (../../node_modules/.pnpm/jsdom@20.0.3/node_modules/jsdom/lib/jsdom/living/helpers/runtime-script-errors.js:70:28)
      at innerInvokeEventListeners (../../node_modules/.pnpm/jsdom@20.0.3/node_modules/jsdom/lib/jsdom/living/events/EventTarget-impl.js:353:9)
      at invokeEventListeners (../../node_modules/.pnpm/jsdom@20.0.3/node_modules/jsdom/lib/jsdom/living/events/EventTarget-impl.js:286:3)
      at HTMLUnknownElementImpl._dispatch (../../node_modules/.pnpm/jsdom@20.0.3/node_modules/jsdom/lib/jsdom/living/events/EventTarget-impl.js:233:9)
      at HTMLUnknownElementImpl.dispatchEvent (../../node_modules/.pnpm/jsdom@20.0.3/node_modules/jsdom/lib/jsdom/living/events/EventTarget-impl.js:104:17)
      at HTMLUnknownElement.dispatchEvent (../../node_modules/.pnpm/jsdom@20.0.3/node_modules/jsdom/lib/jsdom/living/generated/EventTarget.js:241:34)
      at Object.invokeGuardedCallbackDev (../../node_modules/.pnpm/react-dom@18.3.1_react@18.3.1/node_modules/react-dom/cjs/react-dom.development.js:4213:16)
      at invokeGuardedCallback (../../node_modules/.pnpm/react-dom@18.3.1_react@18.3.1/node_modules/react-dom/cjs/react-dom.development.js:4277:31)
      at beginWork$1 (../../node_modules/.pnpm/react-dom@18.3.1_react@18.3.1/node_modules/react-dom/cjs/react-dom.development.js:27490:7)
      at performUnitOfWork (../../node_modules/.pnpm/react-dom@18.3.1_react@18.3.1/node_modules/react-dom/cjs/react-dom.development.js:26599:12)
      at workLoopSync (../../node_modules/.pnpm/react-dom@18.3.1_react@18.3.1/node_modules/react-dom/cjs/react-dom.development.js:26505:5)
      at renderRootSync (../../node_modules/.pnpm/react-dom@18.3.1_react@18.3.1/node_modules/react-dom/cjs/react-dom.development.js:26473:7)
      at recoverFromConcurrentError (../../node_modules/.pnpm/react-dom@18.3.1_react@18.3.1/node_modules/react-dom/cjs/react-dom.development.js:25889:20)
      at performConcurrentWorkOnRoot (../../node_modules/.pnpm/react-dom@18.3.1_react@18.3.1/node_modules/react-dom/cjs/react-dom.development.js:25789:22)
      at flushActQueue (../../node_modules/.pnpm/react@18.3.1/node_modules/react/cjs/react.development.js:2667:24)
      at act (../../node_modules/.pnpm/react@18.3.1/node_modules/react/cjs/react.development.js:2582:11)
      at ../../node_modules/.pnpm/@testing-library+react@16.3.2_@testing-library+dom@10.4.1_@types+react-dom@18.3.7_@types+reac_3k5f6qynewwmkoqvlvtzlgtsjq/node_modules/@testing-library/react/dist/act-compat.js:46:25
      at renderRoot (../../node_modules/.pnpm/@testing-library+react@16.3.2_@testing-library+dom@10.4.1_@types+react-dom@18.3.7_@types+reac_3k5f6qynewwmkoqvlvtzlgtsjq/node_modules/@testing-library/react/dist/pure.js:189:26)
      at render (../../node_modules/.pnpm/@testing-library+react@16.3.2_@testing-library+dom@10.4.1_@types+react-dom@18.3.7_@types+reac_3k5f6qynewwmkoqvlvtzlgtsjq/node_modules/@testing-library/react/dist/pure.js:291:10)
      at Object.<anonymous> (components/__tests__/users-table.test.tsx:78:11)

    console.error
      Error: Uncaught [Error: `Tooltip` must be used within `TooltipProvider`]
          at reportException (/app/node_modules/.pnpm/jsdom@20.0.3/node_modules/jsdom/lib/jsdom/living/helpers/runtime-script-errors.js:66:24)
          at innerInvokeEventListeners (/app/node_modules/.pnpm/jsdom@20.0.3/node_modules/jsdom/lib/jsdom/living/events/EventTarget-impl.js:353:9)
          at invokeEventListeners (/app/node_modules/.pnpm/jsdom@20.0.3/node_modules/jsdom/lib/jsdom/living/events/EventTarget-impl.js:286:3)
          at HTMLUnknownElementImpl._dispatch (/app/node_modules/.pnpm/jsdom@20.0.3/node_modules/jsdom/lib/jsdom/living/events/EventTarget-impl.js:233:9)
          at HTMLUnknownElementImpl.dispatchEvent (/app/node_modules/.pnpm/jsdom@20.0.3/node_modules/jsdom/lib/jsdom/living/events/EventTarget-impl.js:104:17)
          at HTMLUnknownElement.dispatchEvent (/app/node_modules/.pnpm/jsdom@20.0.3/node_modules/jsdom/lib/jsdom/living/generated/EventTarget.js:241:34)
          at Object.invokeGuardedCallbackDev (/app/node_modules/.pnpm/react-dom@18.3.1_react@18.3.1/node_modules/react-dom/cjs/react-dom.development.js:4213:16)
          at invokeGuardedCallback (/app/node_modules/.pnpm/react-dom@18.3.1_react@18.3.1/node_modules/react-dom/cjs/react-dom.development.js:4277:31)
          at beginWork$1 (/app/node_modules/.pnpm/react-dom@18.3.1_react@18.3.1/node_modules/react-dom/cjs/react-dom.development.js:27490:7)
          at performUnitOfWork (/app/node_modules/.pnpm/react-dom@18.3.1_react@18.3.1/node_modules/react-dom/cjs/react-dom.development.js:26599:12)
          at workLoopSync (/app/node_modules/.pnpm/react-dom@18.3.1_react@18.3.1/node_modules/react-dom/cjs/react-dom.development.js:26505:5)
          at renderRootSync (/app/node_modules/.pnpm/react-dom@18.3.1_react@18.3.1/node_modules/react-dom/cjs/react-dom.development.js:26473:7)
          at recoverFromConcurrentError (/app/node_modules/.pnpm/react-dom@18.3.1_react@18.3.1/node_modules/react-dom/cjs/react-dom.development.js:25889:20)
          at performConcurrentWorkOnRoot (/app/node_modules/.pnpm/react-dom@18.3.1_react@18.3.1/node_modules/react-dom/cjs/react-dom.development.js:25789:22)
          at flushActQueue (/app/node_modules/.pnpm/react@18.3.1/node_modules/react/cjs/react.development.js:2667:24)
          at act (/app/node_modules/.pnpm/react@18.3.1/node_modules/react/cjs/react.development.js:2582:11)
          at /app/node_modules/.pnpm/@testing-library+react@16.3.2_@testing-library+dom@10.4.1_@types+react-dom@18.3.7_@types+reac_3k5f6qynewwmkoqvlvtzlgtsjq/node_modules/@testing-library/react/dist/act-compat.js:46:25
          at renderRoot (/app/node_modules/.pnpm/@testing-library+react@16.3.2_@testing-library+dom@10.4.1_@types+react-dom@18.3.7_@types+reac_3k5f6qynewwmkoqvlvtzlgtsjq/node_modules/@testing-library/react/dist/pure.js:189:26)
          at render (/app/node_modules/.pnpm/@testing-library+react@16.3.2_@testing-library+dom@10.4.1_@types+react-dom@18.3.7_@types+reac_3k5f6qynewwmkoqvlvtzlgtsjq/node_modules/@testing-library/react/dist/pure.js:291:10)
          at Object.<anonymous> (/app/apps/admin/components/__tests__/users-table.test.tsx:78:11)
          at Promise.then.completed (/app/node_modules/.pnpm/jest-circus@29.7.0/node_modules/jest-circus/build/utils.js:298:28)
          at new Promise (<anonymous>)
          at callAsyncCircusFn (/app/node_modules/.pnpm/jest-circus@29.7.0/node_modules/jest-circus/build/utils.js:231:10)
          at _callCircusTest (/app/node_modules/.pnpm/jest-circus@29.7.0/node_modules/jest-circus/build/run.js:316:40)
          at processTicksAndRejections (node:internal/process/task_queues:103:5)
          at _runTest (/app/node_modules/.pnpm/jest-circus@29.7.0/node_modules/jest-circus/build/run.js:252:3)
          at _runTestsForDescribeBlock (/app/node_modules/.pnpm/jest-circus@29.7.0/node_modules/jest-circus/build/run.js:126:9)
          at _runTestsForDescribeBlock (/app/node_modules/.pnpm/jest-circus@29.7.0/node_modules/jest-circus/build/run.js:121:9)
          at run (/app/node_modules/.pnpm/jest-circus@29.7.0/node_modules/jest-circus/build/run.js:71:3)
          at runAndTransformResultsToJestFormat (/app/node_modules/.pnpm/jest-circus@29.7.0/node_modules/jest-circus/build/legacy-code-todo-rewrite/jestAdapterInit.js:122:21)
          at jestAdapter (/app/node_modules/.pnpm/jest-circus@29.7.0/node_modules/jest-circus/build/legacy-code-todo-rewrite/jestAdapter.js:79:19)
          at runTestInternal (/app/node_modules/.pnpm/jest-runner@29.7.0/node_modules/jest-runner/build/runTest.js:367:16)
          at runTest (/app/node_modules/.pnpm/jest-runner@29.7.0/node_modules/jest-runner/build/runTest.js:444:34)
          at Object.worker (/app/node_modules/.pnpm/jest-runner@29.7.0/node_modules/jest-runner/build/testWorker.js:106:12) {
        detail: Error: `Tooltip` must be used within `TooltipProvider`
            at useContext2 (/app/node_modules/.pnpm/@radix-ui+react-context@1.1.2_@types+react@18.3.29_react@18.3.1/node_modules/@radix-ui/react-context/src/create-context.tsx:75:13)
            at Tooltip (/app/node_modules/.pnpm/@radix-ui+react-tooltip@1.2.8_@types+react-dom@18.3.7_@types+react@18.3.29__@types+react@18.3_xrwsnt2rmlacewwolijhmzdoxi/node_modules/@radix-ui/react-tooltip/src/tooltip.tsx:162:27)
            at renderWithHooks (/app/node_modules/.pnpm/react-dom@18.3.1_react@18.3.1/node_modules/react-dom/cjs/react-dom.development.js:15486:18)
            at mountIndeterminateComponent (/app/node_modules/.pnpm/react-dom@18.3.1_react@18.3.1/node_modules/react-dom/cjs/react-dom.development.js:20103:13)
            at beginWork (/app/node_modules/.pnpm/react-dom@18.3.1_react@18.3.1/node_modules/react-dom/cjs/react-dom.development.js:21626:16)
            at HTMLUnknownElement.callCallback (/app/node_modules/.pnpm/react-dom@18.3.1_react@18.3.1/node_modules/react-dom/cjs/react-dom.development.js:4164:14)
            at HTMLUnknownElement.callTheUserObjectsOperation (/app/node_modules/.pnpm/jsdom@20.0.3/node_modules/jsdom/lib/jsdom/living/generated/EventListener.js:26:30)
            at innerInvokeEventListeners (/app/node_modules/.pnpm/jsdom@20.0.3/node_modules/jsdom/lib/jsdom/living/events/EventTarget-impl.js:350:25)
            at invokeEventListeners (/app/node_modules/.pnpm/jsdom@20.0.3/node_modules/jsdom/lib/jsdom/living/events/EventTarget-impl.js:286:3)
            at HTMLUnknownElementImpl._dispatch (/app/node_modules/.pnpm/jsdom@20.0.3/node_modules/jsdom/lib/jsdom/living/events/EventTarget-impl.js:233:9)
            at HTMLUnknownElementImpl.dispatchEvent (/app/node_modules/.pnpm/jsdom@20.0.3/node_modules/jsdom/lib/jsdom/living/events/EventTarget-impl.js:104:17)
            at HTMLUnknownElement.dispatchEvent (/app/node_modules/.pnpm/jsdom@20.0.3/node_modules/jsdom/lib/jsdom/living/generated/EventTarget.js:241:34)
            at Object.invokeGuardedCallbackDev (/app/node_modules/.pnpm/react-dom@18.3.1_react@18.3.1/node_modules/react-dom/cjs/react-dom.development.js:4213:16)
            at invokeGuardedCallback (/app/node_modules/.pnpm/react-dom@18.3.1_react@18.3.1/node_modules/react-dom/cjs/react-dom.development.js:4277:31)
            at beginWork$1 (/app/node_modules/.pnpm/react-dom@18.3.1_react@18.3.1/node_modules/react-dom/cjs/react-dom.development.js:27490:7)
            at performUnitOfWork (/app/node_modules/.pnpm/react-dom@18.3.1_react@18.3.1/node_modules/react-dom/cjs/react-dom.development.js:26599:12)
            at workLoopSync (/app/node_modules/.pnpm/react-dom@18.3.1_react@18.3.1/node_modules/react-dom/cjs/react-dom.development.js:26505:5)
            at renderRootSync (/app/node_modules/.pnpm/react-dom@18.3.1_react@18.3.1/node_modules/react-dom/cjs/react-dom.development.js:26473:7)
            at recoverFromConcurrentError (/app/node_modules/.pnpm/react-dom@18.3.1_react@18.3.1/node_modules/react-dom/cjs/react-dom.development.js:25889:20)
            at performConcurrentWorkOnRoot (/app/node_modules/.pnpm/react-dom@18.3.1_react@18.3.1/node_modules/react-dom/cjs/react-dom.development.js:25789:22)
            at flushActQueue (/app/node_modules/.pnpm/react@18.3.1/node_modules/react/cjs/react.development.js:2667:24)
            at act (/app/node_modules/.pnpm/react@18.3.1/node_modules/react/cjs/react.development.js:2582:11)
            at /app/node_modules/.pnpm/@testing-library+react@16.3.2_@testing-library+dom@10.4.1_@types+react-dom@18.3.7_@types+reac_3k5f6qynewwmkoqvlvtzlgtsjq/node_modules/@testing-library/react/dist/act-compat.js:46:25
            at renderRoot (/app/node_modules/.pnpm/@testing-library+react@16.3.2_@testing-library+dom@10.4.1_@types+react-dom@18.3.7_@types+reac_3k5f6qynewwmkoqvlvtzlgtsjq/node_modules/@testing-library/react/dist/pure.js:189:26)
            at render (/app/node_modules/.pnpm/@testing-library+react@16.3.2_@testing-library+dom@10.4.1_@types+react-dom@18.3.7_@types+reac_3k5f6qynewwmkoqvlvtzlgtsjq/node_modules/@testing-library/react/dist/pure.js:291:10)
            at Object.<anonymous> (/app/apps/admin/components/__tests__/users-table.test.tsx:78:11)
            at Promise.then.completed (/app/node_modules/.pnpm/jest-circus@29.7.0/node_modules/jest-circus/build/utils.js:298:28)
            at new Promise (<anonymous>)
            at callAsyncCircusFn (/app/node_modules/.pnpm/jest-circus@29.7.0/node_modules/jest-circus/build/utils.js:231:10)
            at _callCircusTest (/app/node_modules/.pnpm/jest-circus@29.7.0/node_modules/jest-circus/build/run.js:316:40)
            at processTicksAndRejections (node:internal/process/task_queues:103:5)
            at _runTest (/app/node_modules/.pnpm/jest-circus@29.7.0/node_modules/jest-circus/build/run.js:252:3)
            at _runTestsForDescribeBlock (/app/node_modules/.pnpm/jest-circus@29.7.0/node_modules/jest-circus/build/run.js:126:9)
            at _runTestsForDescribeBlock (/app/node_modules/.pnpm/jest-circus@29.7.0/node_modules/jest-circus/build/run.js:121:9)
            at run (/app/node_modules/.pnpm/jest-circus@29.7.0/node_modules/jest-circus/build/run.js:71:3)
            at runAndTransformResultsToJestFormat (/app/node_modules/.pnpm/jest-circus@29.7.0/node_modules/jest-circus/build/legacy-code-todo-rewrite/jestAdapterInit.js:122:21)
            at jestAdapter (/app/node_modules/.pnpm/jest-circus@29.7.0/node_modules/jest-circus/build/legacy-code-todo-rewrite/jestAdapter.js:79:19)
            at runTestInternal (/app/node_modules/.pnpm/jest-runner@29.7.0/node_modules/jest-runner/build/runTest.js:367:16)
            at runTest (/app/node_modules/.pnpm/jest-runner@29.7.0/node_modules/jest-runner/build/runTest.js:444:34)
            at Object.worker (/app/node_modules/.pnpm/jest-runner@29.7.0/node_modules/jest-runner/build/testWorker.js:106:12),
        type: 'unhandled exception'
      }

      76 |
      77 |   it('clicking Delete on a user opens ConfirmDialog with the user name', async () => {
    > 78 |     render(withIntl(<UsersTable users={mockUsers} orgs={mockOrgs} />))
         |           ^
      79 |     // With the Dropdown primitives mocked as passthroughs, every row's menu items
      80 |     // render in the DOM. The first Delete item belongs to the first row (Alice).
      81 |     const deleteItems = await screen.findAllByRole('menuitem', { name: en.users.actions.delete })

      at VirtualConsole.<anonymous> (../../node_modules/.pnpm/jest-environment-jsdom@29.7.0/node_modules/jest-environment-jsdom/build/index.js:63:23)
      at reportException (../../node_modules/.pnpm/jsdom@20.0.3/node_modules/jsdom/lib/jsdom/living/helpers/runtime-script-errors.js:70:28)
      at innerInvokeEventListeners (../../node_modules/.pnpm/jsdom@20.0.3/node_modules/jsdom/lib/jsdom/living/events/EventTarget-impl.js:353:9)
      at invokeEventListeners (../../node_modules/.pnpm/jsdom@20.0.3/node_modules/jsdom/lib/jsdom/living/events/EventTarget-impl.js:286:3)
      at HTMLUnknownElementImpl._dispatch (../../node_modules/.pnpm/jsdom@20.0.3/node_modules/jsdom/lib/jsdom/living/events/EventTarget-impl.js:233:9)
      at HTMLUnknownElementImpl.dispatchEvent (../../node_modules/.pnpm/jsdom@20.0.3/node_modules/jsdom/lib/jsdom/living/events/EventTarget-impl.js:104:17)
      at HTMLUnknownElement.dispatchEvent (../../node_modules/.pnpm/jsdom@20.0.3/node_modules/jsdom/lib/jsdom/living/generated/EventTarget.js:241:34)
      at Object.invokeGuardedCallbackDev (../../node_modules/.pnpm/react-dom@18.3.1_react@18.3.1/node_modules/react-dom/cjs/react-dom.development.js:4213:16)
      at invokeGuardedCallback (../../node_modules/.pnpm/react-dom@18.3.1_react@18.3.1/node_modules/react-dom/cjs/react-dom.development.js:4277:31)
      at beginWork$1 (../../node_modules/.pnpm/react-dom@18.3.1_react@18.3.1/node_modules/react-dom/cjs/react-dom.development.js:27490:7)
      at performUnitOfWork (../../node_modules/.pnpm/react-dom@18.3.1_react@18.3.1/node_modules/react-dom/cjs/react-dom.development.js:26599:12)
      at workLoopSync (../../node_modules/.pnpm/react-dom@18.3.1_react@18.3.1/node_modules/react-dom/cjs/react-dom.development.js:26505:5)
      at renderRootSync (../../node_modules/.pnpm/react-dom@18.3.1_react@18.3.1/node_modules/react-dom/cjs/react-dom.development.js:26473:7)
      at recoverFromConcurrentError (../../node_modules/.pnpm/react-dom@18.3.1_react@18.3.1/node_modules/react-dom/cjs/react-dom.development.js:25889:20)
      at performConcurrentWorkOnRoot (../../node_modules/.pnpm/react-dom@18.3.1_react@18.3.1/node_modules/react-dom/cjs/react-dom.development.js:25789:22)
      at flushActQueue (../../node_modules/.pnpm/react@18.3.1/node_modules/react/cjs/react.development.js:2667:24)
      at act (../../node_modules/.pnpm/react@18.3.1/node_modules/react/cjs/react.development.js:2582:11)
      at ../../node_modules/.pnpm/@testing-library+react@16.3.2_@testing-library+dom@10.4.1_@types+react-dom@18.3.7_@types+reac_3k5f6qynewwmkoqvlvtzlgtsjq/node_modules/@testing-library/react/dist/act-compat.js:46:25
      at renderRoot (../../node_modules/.pnpm/@testing-library+react@16.3.2_@testing-library+dom@10.4.1_@types+react-dom@18.3.7_@types+reac_3k5f6qynewwmkoqvlvtzlgtsjq/node_modules/@testing-library/react/dist/pure.js:189:26)
      at render (../../node_modules/.pnpm/@testing-library+react@16.3.2_@testing-library+dom@10.4.1_@types+react-dom@18.3.7_@types+reac_3k5f6qynewwmkoqvlvtzlgtsjq/node_modules/@testing-library/react/dist/pure.js:291:10)
      at Object.<anonymous> (components/__tests__/users-table.test.tsx:78:11)

    console.error
      The above error occurred in the <Tooltip> component:

          at Tooltip (/app/node_modules/.pnpm/@radix-ui+react-tooltip@1.2.8_@types+react-dom@18.3.7_@types+react@18.3.29__@types+react@18.3_xrwsnt2rmlacewwolijhmzdoxi/node_modules/@radix-ui/react-tooltip/src/tooltip.tsx:154:5)
          at Passthrough (/app/apps/admin/components/__tests__/users-table.test.tsx:27:26)
          at cell (/app/apps/admin/components/users-table.tsx:87:16)
          at td
          at /app/packages/ui/src/components/ui/table.tsx:87:6
          at tr
          at /app/packages/ui/src/components/ui/table.tsx:57:6
          at tbody
          at /app/packages/ui/src/components/ui/table.tsx:30:6
          at table
          at div
          at /app/packages/ui/src/components/ui/table.tsx:8:6
          at DataTable (/app/packages/ui/src/components/data-table.tsx:23:36)
          at div
          at UsersTable (/app/apps/admin/components/users-table.tsx:26:30)
          at IntlProvider (/app/node_modules/.pnpm/use-intl@3.26.5_react@18.3.1/node_modules/use-intl/dist/development/_IntlProvider.js:16:5)
          at NextIntlClientProvider (/app/node_modules/.pnpm/next-intl@3.26.5_next@15.5.18_@babel+core@7.29.7_@opentelemetry+api@1.9.1_@playwright+test@1._uib3rlo2eksg3yll53rffkx7ea/node_modules/next-intl/dist/development/shared/NextIntlClientProvider.js:16:5)

      Consider adding an error boundary to your tree to customize error handling behavior.
      Visit https://reactjs.org/link/error-boundaries to learn more about error boundaries.

      76 |
      77 |   it('clicking Delete on a user opens ConfirmDialog with the user name', async () => {
    > 78 |     render(withIntl(<UsersTable users={mockUsers} orgs={mockOrgs} />))
         |           ^
      79 |     // With the Dropdown primitives mocked as passthroughs, every row's menu items
      80 |     // render in the DOM. The first Delete item belongs to the first row (Alice).
      81 |     const deleteItems = await screen.findAllByRole('menuitem', { name: en.users.actions.delete })

      at logCapturedError (../../node_modules/.pnpm/react-dom@18.3.1_react@18.3.1/node_modules/react-dom/cjs/react-dom.development.js:18704:23)
      at update.callback (../../node_modules/.pnpm/react-dom@18.3.1_react@18.3.1/node_modules/react-dom/cjs/react-dom.development.js:18737:5)
      at callCallback (../../node_modules/.pnpm/react-dom@18.3.1_react@18.3.1/node_modules/react-dom/cjs/react-dom.development.js:15036:12)
      at commitUpdateQueue (../../node_modules/.pnpm/react-dom@18.3.1_react@18.3.1/node_modules/react-dom/cjs/react-dom.development.js:15057:9)
      at commitLayoutEffectOnFiber (../../node_modules/.pnpm/react-dom@18.3.1_react@18.3.1/node_modules/react-dom/cjs/react-dom.development.js:23430:13)
      at commitLayoutMountEffects_complete (../../node_modules/.pnpm/react-dom@18.3.1_react@18.3.1/node_modules/react-dom/cjs/react-dom.development.js:24727:9)
      at commitLayoutEffects_begin (../../node_modules/.pnpm/react-dom@18.3.1_react@18.3.1/node_modules/react-dom/cjs/react-dom.development.js:24713:7)
      at commitLayoutEffects (../../node_modules/.pnpm/react-dom@18.3.1_react@18.3.1/node_modules/react-dom/cjs/react-dom.development.js:24651:3)
      at commitRootImpl (../../node_modules/.pnpm/react-dom@18.3.1_react@18.3.1/node_modules/react-dom/cjs/react-dom.development.js:26862:5)
      at commitRoot (../../node_modules/.pnpm/react-dom@18.3.1_react@18.3.1/node_modules/react-dom/cjs/react-dom.development.js:26721:5)
      at finishConcurrentRender (../../node_modules/.pnpm/react-dom@18.3.1_react@18.3.1/node_modules/react-dom/cjs/react-dom.development.js:25931:9)
      at performConcurrentWorkOnRoot (../../node_modules/.pnpm/react-dom@18.3.1_react@18.3.1/node_modules/react-dom/cjs/react-dom.development.js:25848:7)
      at flushActQueue (../../node_modules/.pnpm/react@18.3.1/node_modules/react/cjs/react.development.js:2667:24)
      at act (../../node_modules/.pnpm/react@18.3.1/node_modules/react/cjs/react.development.js:2582:11)
      at ../../node_modules/.pnpm/@testing-library+react@16.3.2_@testing-library+dom@10.4.1_@types+react-dom@18.3.7_@types+reac_3k5f6qynewwmkoqvlvtzlgtsjq/node_modules/@testing-library/react/dist/act-compat.js:46:25
      at renderRoot (../../node_modules/.pnpm/@testing-library+react@16.3.2_@testing-library+dom@10.4.1_@types+react-dom@18.3.7_@types+reac_3k5f6qynewwmkoqvlvtzlgtsjq/node_modules/@testing-library/react/dist/pure.js:189:26)
      at render (../../node_modules/.pnpm/@testing-library+react@16.3.2_@testing-library+dom@10.4.1_@types+react-dom@18.3.7_@types+reac_3k5f6qynewwmkoqvlvtzlgtsjq/node_modules/@testing-library/react/dist/pure.js:291:10)
      at Object.<anonymous> (components/__tests__/users-table.test.tsx:78:11)

    console.error
      The above error occurred in the <Tooltip> component:

          at Tooltip (/app/node_modules/.pnpm/@radix-ui+react-tooltip@1.2.8_@types+react-dom@18.3.7_@types+react@18.3.29__@types+react@18.3_xrwsnt2rmlacewwolijhmzdoxi/node_modules/@radix-ui/react-tooltip/src/tooltip.tsx:154:5)
          at Passthrough (/app/apps/admin/components/__tests__/users-table.test.tsx:27:26)
          at cell (/app/apps/admin/components/users-table.tsx:87:16)
          at td
          at /app/packages/ui/src/components/ui/table.tsx:87:6
          at tr
          at /app/packages/ui/src/components/ui/table.tsx:57:6
          at tbody
          at /app/packages/ui/src/components/ui/table.tsx:30:6
          at table
          at div
          at /app/packages/ui/src/components/ui/table.tsx:8:6
          at DataTable (/app/packages/ui/src/components/data-table.tsx:23:36)
          at div
          at UsersTable (/app/apps/admin/components/users-table.tsx:26:30)
          at IntlProvider (/app/node_modules/.pnpm/use-intl@3.26.5_react@18.3.1/node_modules/use-intl/dist/development/_IntlProvider.js:16:5)
          at NextIntlClientProvider (/app/node_modules/.pnpm/next-intl@3.26.5_next@15.5.18_@babel+core@7.29.7_@opentelemetry+api@1.9.1_@playwright+test@1._uib3rlo2eksg3yll53rffkx7ea/node_modules/next-intl/dist/development/shared/NextIntlClientProvider.js:16:5)

      Consider adding an error boundary to your tree to customize error handling behavior.
      Visit https://reactjs.org/link/error-boundaries to learn more about error boundaries.

      76 |
      77 |   it('clicking Delete on a user opens ConfirmDialog with the user name', async () => {
    > 78 |     render(withIntl(<UsersTable users={mockUsers} orgs={mockOrgs} />))
         |           ^
      79 |     // With the Dropdown primitives mocked as passthroughs, every row's menu items
      80 |     // render in the DOM. The first Delete item belongs to the first row (Alice).
      81 |     const deleteItems = await screen.findAllByRole('menuitem', { name: en.users.actions.delete })

      at logCapturedError (../../node_modules/.pnpm/react-dom@18.3.1_react@18.3.1/node_modules/react-dom/cjs/react-dom.development.js:18704:23)
      at update.callback (../../node_modules/.pnpm/react-dom@18.3.1_react@18.3.1/node_modules/react-dom/cjs/react-dom.development.js:18737:5)
      at callCallback (../../node_modules/.pnpm/react-dom@18.3.1_react@18.3.1/node_modules/react-dom/cjs/react-dom.development.js:15036:12)
      at commitUpdateQueue (../../node_modules/.pnpm/react-dom@18.3.1_react@18.3.1/node_modules/react-dom/cjs/react-dom.development.js:15057:9)
      at commitLayoutEffectOnFiber (../../node_modules/.pnpm/react-dom@18.3.1_react@18.3.1/node_modules/react-dom/cjs/react-dom.development.js:23430:13)
      at commitLayoutMountEffects_complete (../../node_modules/.pnpm/react-dom@18.3.1_react@18.3.1/node_modules/react-dom/cjs/react-dom.development.js:24727:9)
      at commitLayoutEffects_begin (../../node_modules/.pnpm/react-dom@18.3.1_react@18.3.1/node_modules/react-dom/cjs/react-dom.development.js:24713:7)
      at commitLayoutEffects (../../node_modules/.pnpm/react-dom@18.3.1_react@18.3.1/node_modules/react-dom/cjs/react-dom.development.js:24651:3)
      at commitRootImpl (../../node_modules/.pnpm/react-dom@18.3.1_react@18.3.1/node_modules/react-dom/cjs/react-dom.development.js:26862:5)
      at commitRoot (../../node_modules/.pnpm/react-dom@18.3.1_react@18.3.1/node_modules/react-dom/cjs/react-dom.development.js:26721:5)
      at finishConcurrentRender (../../node_modules/.pnpm/react-dom@18.3.1_react@18.3.1/node_modules/react-dom/cjs/react-dom.development.js:25931:9)
      at performConcurrentWorkOnRoot (../../node_modules/.pnpm/react-dom@18.3.1_react@18.3.1/node_modules/react-dom/cjs/react-dom.development.js:25848:7)
      at flushActQueue (../../node_modules/.pnpm/react@18.3.1/node_modules/react/cjs/react.development.js:2667:24)
      at act (../../node_modules/.pnpm/react@18.3.1/node_modules/react/cjs/react.development.js:2582:11)
      at ../../node_modules/.pnpm/@testing-library+react@16.3.2_@testing-library+dom@10.4.1_@types+react-dom@18.3.7_@types+reac_3k5f6qynewwmkoqvlvtzlgtsjq/node_modules/@testing-library/react/dist/act-compat.js:46:25
      at renderRoot (../../node_modules/.pnpm/@testing-library+react@16.3.2_@testing-library+dom@10.4.1_@types+react-dom@18.3.7_@types+reac_3k5f6qynewwmkoqvlvtzlgtsjq/node_modules/@testing-library/react/dist/pure.js:189:26)
      at render (../../node_modules/.pnpm/@testing-library+react@16.3.2_@testing-library+dom@10.4.1_@types+react-dom@18.3.7_@types+reac_3k5f6qynewwmkoqvlvtzlgtsjq/node_modules/@testing-library/react/dist/pure.js:291:10)
      at Object.<anonymous> (components/__tests__/users-table.test.tsx:78:11)

  ● UsersTable › renders user rows

    `Tooltip` must be used within `TooltipProvider`

      57 | describe('UsersTable', () => {
      58 |   it('renders user rows', () => {
    > 59 |     render(withIntl(<UsersTable users={mockUsers} orgs={mockOrgs} />))
         |           ^
      60 |     expect(screen.getByText('Alice Smith')).toBeInTheDocument()
      61 |     expect(screen.getByText('bob@example.com')).toBeInTheDocument()
      62 |   })

      at useContext2 (../../node_modules/.pnpm/@radix-ui+react-context@1.1.2_@types+react@18.3.29_react@18.3.1/node_modules/@radix-ui/react-context/src/create-context.tsx:75:13)
      at Tooltip (../../node_modules/.pnpm/@radix-ui+react-tooltip@1.2.8_@types+react-dom@18.3.7_@types+react@18.3.29__@types+react@18.3_xrwsnt2rmlacewwolijhmzdoxi/node_modules/@radix-ui/react-tooltip/src/tooltip.tsx:162:27)
      at renderWithHooks (../../node_modules/.pnpm/react-dom@18.3.1_react@18.3.1/node_modules/react-dom/cjs/react-dom.development.js:15486:18)
      at mountIndeterminateComponent (../../node_modules/.pnpm/react-dom@18.3.1_react@18.3.1/node_modules/react-dom/cjs/react-dom.development.js:20103:13)
      at beginWork (../../node_modules/.pnpm/react-dom@18.3.1_react@18.3.1/node_modules/react-dom/cjs/react-dom.development.js:21626:16)
      at beginWork$1 (../../node_modules/.pnpm/react-dom@18.3.1_react@18.3.1/node_modules/react-dom/cjs/react-dom.development.js:27465:14)
      at performUnitOfWork (../../node_modules/.pnpm/react-dom@18.3.1_react@18.3.1/node_modules/react-dom/cjs/react-dom.development.js:26599:12)
      at workLoopSync (../../node_modules/.pnpm/react-dom@18.3.1_react@18.3.1/node_modules/react-dom/cjs/react-dom.development.js:26505:5)
      at renderRootSync (../../node_modules/.pnpm/react-dom@18.3.1_react@18.3.1/node_modules/react-dom/cjs/react-dom.development.js:26473:7)
      at recoverFromConcurrentError (../../node_modules/.pnpm/react-dom@18.3.1_react@18.3.1/node_modules/react-dom/cjs/react-dom.development.js:25889:20)
      at performConcurrentWorkOnRoot (../../node_modules/.pnpm/react-dom@18.3.1_react@18.3.1/node_modules/react-dom/cjs/react-dom.development.js:25789:22)
      at flushActQueue (../../node_modules/.pnpm/react@18.3.1/node_modules/react/cjs/react.development.js:2667:24)
      at act (../../node_modules/.pnpm/react@18.3.1/node_modules/react/cjs/react.development.js:2582:11)
      at ../../node_modules/.pnpm/@testing-library+react@16.3.2_@testing-library+dom@10.4.1_@types+react-dom@18.3.7_@types+reac_3k5f6qynewwmkoqvlvtzlgtsjq/node_modules/@testing-library/react/dist/act-compat.js:46:25
      at renderRoot (../../node_modules/.pnpm/@testing-library+react@16.3.2_@testing-library+dom@10.4.1_@types+react-dom@18.3.7_@types+reac_3k5f6qynewwmkoqvlvtzlgtsjq/node_modules/@testing-library/react/dist/pure.js:189:26)
      at render (../../node_modules/.pnpm/@testing-library+react@16.3.2_@testing-library+dom@10.4.1_@types+react-dom@18.3.7_@types+reac_3k5f6qynewwmkoqvlvtzlgtsjq/node_modules/@testing-library/react/dist/pure.js:291:10)
      at Object.<anonymous> (components/__tests__/users-table.test.tsx:59:11)

  ● UsersTable › filters by search input

    `Tooltip` must be used within `TooltipProvider`

      63 |
      64 |   it('filters by search input', () => {
    > 65 |     render(withIntl(<UsersTable users={mockUsers} orgs={mockOrgs} />))
         |           ^
      66 |     const searchInput = screen.getByPlaceholderText(en.users.search)
      67 |     fireEvent.change(searchInput, { target: { value: 'alice' } })
      68 |     expect(screen.getByText('Alice Smith')).toBeInTheDocument()

      at useContext2 (../../node_modules/.pnpm/@radix-ui+react-context@1.1.2_@types+react@18.3.29_react@18.3.1/node_modules/@radix-ui/react-context/src/create-context.tsx:75:13)
      at Tooltip (../../node_modules/.pnpm/@radix-ui+react-tooltip@1.2.8_@types+react-dom@18.3.7_@types+react@18.3.29__@types+react@18.3_xrwsnt2rmlacewwolijhmzdoxi/node_modules/@radix-ui/react-tooltip/src/tooltip.tsx:162:27)
      at renderWithHooks (../../node_modules/.pnpm/react-dom@18.3.1_react@18.3.1/node_modules/react-dom/cjs/react-dom.development.js:15486:18)
      at mountIndeterminateComponent (../../node_modules/.pnpm/react-dom@18.3.1_react@18.3.1/node_modules/react-dom/cjs/react-dom.development.js:20103:13)
      at beginWork (../../node_modules/.pnpm/react-dom@18.3.1_react@18.3.1/node_modules/react-dom/cjs/react-dom.development.js:21626:16)
      at beginWork$1 (../../node_modules/.pnpm/react-dom@18.3.1_react@18.3.1/node_modules/react-dom/cjs/react-dom.development.js:27465:14)
      at performUnitOfWork (../../node_modules/.pnpm/react-dom@18.3.1_react@18.3.1/node_modules/react-dom/cjs/react-dom.development.js:26599:12)
      at workLoopSync (../../node_modules/.pnpm/react-dom@18.3.1_react@18.3.1/node_modules/react-dom/cjs/react-dom.development.js:26505:5)
      at renderRootSync (../../node_modules/.pnpm/react-dom@18.3.1_react@18.3.1/node_modules/react-dom/cjs/react-dom.development.js:26473:7)
      at recoverFromConcurrentError (../../node_modules/.pnpm/react-dom@18.3.1_react@18.3.1/node_modules/react-dom/cjs/react-dom.development.js:25889:20)
      at performConcurrentWorkOnRoot (../../node_modules/.pnpm/react-dom@18.3.1_react@18.3.1/node_modules/react-dom/cjs/react-dom.development.js:25789:22)
      at flushActQueue (../../node_modules/.pnpm/react@18.3.1/node_modules/react/cjs/react.development.js:2667:24)
      at act (../../node_modules/.pnpm/react@18.3.1/node_modules/react/cjs/react.development.js:2582:11)
      at ../../node_modules/.pnpm/@testing-library+react@16.3.2_@testing-library+dom@10.4.1_@types+react-dom@18.3.7_@types+reac_3k5f6qynewwmkoqvlvtzlgtsjq/node_modules/@testing-library/react/dist/act-compat.js:46:25
      at renderRoot (../../node_modules/.pnpm/@testing-library+react@16.3.2_@testing-library+dom@10.4.1_@types+react-dom@18.3.7_@types+reac_3k5f6qynewwmkoqvlvtzlgtsjq/node_modules/@testing-library/react/dist/pure.js:189:26)
      at render (../../node_modules/.pnpm/@testing-library+react@16.3.2_@testing-library+dom@10.4.1_@types+react-dom@18.3.7_@types+reac_3k5f6qynewwmkoqvlvtzlgtsjq/node_modules/@testing-library/react/dist/pure.js:291:10)
      at Object.<anonymous> (components/__tests__/users-table.test.tsx:65:11)

  ● UsersTable › shows org name for user

    `Tooltip` must be used within `TooltipProvider`

      71 |
      72 |   it('shows org name for user', () => {
    > 73 |     render(withIntl(<UsersTable users={mockUsers} orgs={mockOrgs} />))
         |           ^
      74 |     expect(screen.getAllByText('Acme Corp').length).toBeGreaterThan(0)
      75 |   })
      76 |

      at useContext2 (../../node_modules/.pnpm/@radix-ui+react-context@1.1.2_@types+react@18.3.29_react@18.3.1/node_modules/@radix-ui/react-context/src/create-context.tsx:75:13)
      at Tooltip (../../node_modules/.pnpm/@radix-ui+react-tooltip@1.2.8_@types+react-dom@18.3.7_@types+react@18.3.29__@types+react@18.3_xrwsnt2rmlacewwolijhmzdoxi/node_modules/@radix-ui/react-tooltip/src/tooltip.tsx:162:27)
      at renderWithHooks (../../node_modules/.pnpm/react-dom@18.3.1_react@18.3.1/node_modules/react-dom/cjs/react-dom.development.js:15486:18)
      at mountIndeterminateComponent (../../node_modules/.pnpm/react-dom@18.3.1_react@18.3.1/node_modules/react-dom/cjs/react-dom.development.js:20103:13)
      at beginWork (../../node_modules/.pnpm/react-dom@18.3.1_react@18.3.1/node_modules/react-dom/cjs/react-dom.development.js:21626:16)
      at beginWork$1 (../../node_modules/.pnpm/react-dom@18.3.1_react@18.3.1/node_modules/react-dom/cjs/react-dom.development.js:27465:14)
      at performUnitOfWork (../../node_modules/.pnpm/react-dom@18.3.1_react@18.3.1/node_modules/react-dom/cjs/react-dom.development.js:26599:12)
      at workLoopSync (../../node_modules/.pnpm/react-dom@18.3.1_react@18.3.1/node_modules/react-dom/cjs/react-dom.development.js:26505:5)
      at renderRootSync (../../node_modules/.pnpm/react-dom@18.3.1_react@18.3.1/node_modules/react-dom/cjs/react-dom.development.js:26473:7)
      at recoverFromConcurrentError (../../node_modules/.pnpm/react-dom@18.3.1_react@18.3.1/node_modules/react-dom/cjs/react-dom.development.js:25889:20)
      at performConcurrentWorkOnRoot (../../node_modules/.pnpm/react-dom@18.3.1_react@18.3.1/node_modules/react-dom/cjs/react-dom.development.js:25789:22)
      at flushActQueue (../../node_modules/.pnpm/react@18.3.1/node_modules/react/cjs/react.development.js:2667:24)
      at act (../../node_modules/.pnpm/react@18.3.1/node_modules/react/cjs/react.development.js:2582:11)
      at ../../node_modules/.pnpm/@testing-library+react@16.3.2_@testing-library+dom@10.4.1_@types+react-dom@18.3.7_@types+reac_3k5f6qynewwmkoqvlvtzlgtsjq/node_modules/@testing-library/react/dist/act-compat.js:46:25
      at renderRoot (../../node_modules/.pnpm/@testing-library+react@16.3.2_@testing-library+dom@10.4.1_@types+react-dom@18.3.7_@types+reac_3k5f6qynewwmkoqvlvtzlgtsjq/node_modules/@testing-library/react/dist/pure.js:189:26)
      at render (../../node_modules/.pnpm/@testing-library+react@16.3.2_@testing-library+dom@10.4.1_@types+react-dom@18.3.7_@types+reac_3k5f6qynewwmkoqvlvtzlgtsjq/node_modules/@testing-library/react/dist/pure.js:291:10)
      at Object.<anonymous> (components/__tests__/users-table.test.tsx:73:11)

  ● UsersTable › clicking Delete on a user opens ConfirmDialog with the user name

    `Tooltip` must be used within `TooltipProvider`

      76 |
      77 |   it('clicking Delete on a user opens ConfirmDialog with the user name', async () => {
    > 78 |     render(withIntl(<UsersTable users={mockUsers} orgs={mockOrgs} />))
         |           ^
      79 |     // With the Dropdown primitives mocked as passthroughs, every row's menu items
      80 |     // render in the DOM. The first Delete item belongs to the first row (Alice).
      81 |     const deleteItems = await screen.findAllByRole('menuitem', { name: en.users.actions.delete })

      at useContext2 (../../node_modules/.pnpm/@radix-ui+react-context@1.1.2_@types+react@18.3.29_react@18.3.1/node_modules/@radix-ui/react-context/src/create-context.tsx:75:13)
      at Tooltip (../../node_modules/.pnpm/@radix-ui+react-tooltip@1.2.8_@types+react-dom@18.3.7_@types+react@18.3.29__@types+react@18.3_xrwsnt2rmlacewwolijhmzdoxi/node_modules/@radix-ui/react-tooltip/src/tooltip.tsx:162:27)
      at renderWithHooks (../../node_modules/.pnpm/react-dom@18.3.1_react@18.3.1/node_modules/react-dom/cjs/react-dom.development.js:15486:18)
      at mountIndeterminateComponent (../../node_modules/.pnpm/react-dom@18.3.1_react@18.3.1/node_modules/react-dom/cjs/react-dom.development.js:20103:13)
      at beginWork (../../node_modules/.pnpm/react-dom@18.3.1_react@18.3.1/node_modules/react-dom/cjs/react-dom.development.js:21626:16)
      at beginWork$1 (../../node_modules/.pnpm/react-dom@18.3.1_react@18.3.1/node_modules/react-dom/cjs/react-dom.development.js:27465:14)
      at performUnitOfWork (../../node_modules/.pnpm/react-dom@18.3.1_react@18.3.1/node_modules/react-dom/cjs/react-dom.development.js:26599:12)
      at workLoopSync (../../node_modules/.pnpm/react-dom@18.3.1_react@18.3.1/node_modules/react-dom/cjs/react-dom.development.js:26505:5)
      at renderRootSync (../../node_modules/.pnpm/react-dom@18.3.1_react@18.3.1/node_modules/react-dom/cjs/react-dom.development.js:26473:7)
      at recoverFromConcurrentError (../../node_modules/.pnpm/react-dom@18.3.1_react@18.3.1/node_modules/react-dom/cjs/react-dom.development.js:25889:20)
      at performConcurrentWorkOnRoot (../../node_modules/.pnpm/react-dom@18.3.1_react@18.3.1/node_modules/react-dom/cjs/react-dom.development.js:25789:22)
      at flushActQueue (../../node_modules/.pnpm/react@18.3.1/node_modules/react/cjs/react.development.js:2667:24)
      at act (../../node_modules/.pnpm/react@18.3.1/node_modules/react/cjs/react.development.js:2582:11)
      at ../../node_modules/.pnpm/@testing-library+react@16.3.2_@testing-library+dom@10.4.1_@types+react-dom@18.3.7_@types+reac_3k5f6qynewwmkoqvlvtzlgtsjq/node_modules/@testing-library/react/dist/act-compat.js:46:25
      at renderRoot (../../node_modules/.pnpm/@testing-library+react@16.3.2_@testing-library+dom@10.4.1_@types+react-dom@18.3.7_@types+reac_3k5f6qynewwmkoqvlvtzlgtsjq/node_modules/@testing-library/react/dist/pure.js:189:26)
      at render (../../node_modules/.pnpm/@testing-library+react@16.3.2_@testing-library+dom@10.4.1_@types+react-dom@18.3.7_@types+reac_3k5f6qynewwmkoqvlvtzlgtsjq/node_modules/@testing-library/react/dist/pure.js:291:10)
      at Object.<anonymous> (components/__tests__/users-table.test.tsx:78:11)

PASS components/__tests__/permission-view-drawer.test.tsx
  ● Console

    console.warn
      Warning: Missing `Description` or `aria-describedby={undefined}` for {DialogContent}.

      35 | describe('PermissionViewDrawer', () => {
      36 |   it('renders name + app and loads the role/user lists', async () => {
    > 37 |     render(<PermissionViewDrawer permission={permission} open={true} onOpenChange={() => {}} onEdit={() => {}} onDelete={() => {}} />)
         |           ^
      38 |     expect(screen.getByText('apps.read')).toBeInTheDocument()
      39 |     await waitFor(() => expect(screen.getByText('Editor')).toBeInTheDocument())
      40 |     expect(screen.getByText('Viewer')).toBeInTheDocument()

      at ../../node_modules/.pnpm/@radix-ui+react-dialog@1.1.15_@types+react-dom@18.3.7_@types+react@18.3.29__@types+react@18.3_njobmg4vwbpyupei2aqhvyyque/node_modules/@radix-ui/react-dialog/src/dialog.tsx:543:36
      at commitHookEffectListMount (../../node_modules/.pnpm/react-dom@18.3.1_react@18.3.1/node_modules/react-dom/cjs/react-dom.development.js:23189:26)
      at commitPassiveMountOnFiber (../../node_modules/.pnpm/react-dom@18.3.1_react@18.3.1/node_modules/react-dom/cjs/react-dom.development.js:24970:11)
      at commitPassiveMountEffects_complete (../../node_modules/.pnpm/react-dom@18.3.1_react@18.3.1/node_modules/react-dom/cjs/react-dom.development.js:24930:9)
      at commitPassiveMountEffects_begin (../../node_modules/.pnpm/react-dom@18.3.1_react@18.3.1/node_modules/react-dom/cjs/react-dom.development.js:24917:7)
      at commitPassiveMountEffects (../../node_modules/.pnpm/react-dom@18.3.1_react@18.3.1/node_modules/react-dom/cjs/react-dom.development.js:24905:3)
      at flushPassiveEffectsImpl (../../node_modules/.pnpm/react-dom@18.3.1_react@18.3.1/node_modules/react-dom/cjs/react-dom.development.js:27078:3)
      at flushPassiveEffects (../../node_modules/.pnpm/react-dom@18.3.1_react@18.3.1/node_modules/react-dom/cjs/react-dom.development.js:27023:14)
      at commitRootImpl (../../node_modules/.pnpm/react-dom@18.3.1_react@18.3.1/node_modules/react-dom/cjs/react-dom.development.js:26974:5)
      at commitRoot (../../node_modules/.pnpm/react-dom@18.3.1_react@18.3.1/node_modules/react-dom/cjs/react-dom.development.js:26721:5)
      at performSyncWorkOnRoot (../../node_modules/.pnpm/react-dom@18.3.1_react@18.3.1/node_modules/react-dom/cjs/react-dom.development.js:26156:3)
      at flushSyncCallbacks (../../node_modules/.pnpm/react-dom@18.3.1_react@18.3.1/node_modules/react-dom/cjs/react-dom.development.js:12042:22)
      at commitRootImpl (../../node_modules/.pnpm/react-dom@18.3.1_react@18.3.1/node_modules/react-dom/cjs/react-dom.development.js:26998:3)
      at commitRoot (../../node_modules/.pnpm/react-dom@18.3.1_react@18.3.1/node_modules/react-dom/cjs/react-dom.development.js:26721:5)
      at finishConcurrentRender (../../node_modules/.pnpm/react-dom@18.3.1_react@18.3.1/node_modules/react-dom/cjs/react-dom.development.js:26020:9)
      at performConcurrentWorkOnRoot (../../node_modules/.pnpm/react-dom@18.3.1_react@18.3.1/node_modules/react-dom/cjs/react-dom.development.js:25848:7)
      at flushActQueue (../../node_modules/.pnpm/react@18.3.1/node_modules/react/cjs/react.development.js:2667:24)
      at act (../../node_modules/.pnpm/react@18.3.1/node_modules/react/cjs/react.development.js:2582:11)
      at ../../node_modules/.pnpm/@testing-library+react@16.3.2_@testing-library+dom@10.4.1_@types+react-dom@18.3.7_@types+reac_3k5f6qynewwmkoqvlvtzlgtsjq/node_modules/@testing-library/react/dist/act-compat.js:46:25
      at renderRoot (../../node_modules/.pnpm/@testing-library+react@16.3.2_@testing-library+dom@10.4.1_@types+react-dom@18.3.7_@types+reac_3k5f6qynewwmkoqvlvtzlgtsjq/node_modules/@testing-library/react/dist/pure.js:189:26)
      at render (../../node_modules/.pnpm/@testing-library+react@16.3.2_@testing-library+dom@10.4.1_@types+react-dom@18.3.7_@types+reac_3k5f6qynewwmkoqvlvtzlgtsjq/node_modules/@testing-library/react/dist/pure.js:291:10)
      at Object.<anonymous> (components/__tests__/permission-view-drawer.test.tsx:37:11)

    console.warn
      Warning: Missing `Description` or `aria-describedby={undefined}` for {DialogContent}.

      45 |   it('shows the Platform badge for platform.* permissions', () => {
      46 |     const platformPerm: PermissionRow = { ...permission, name: 'platform.users.manage' }
    > 47 |     render(<PermissionViewDrawer permission={platformPerm} open={true} onOpenChange={() => {}} onEdit={() => {}} onDelete={() => {}} />)
         |           ^
      48 |     expect(screen.getByText('permissions.badges.platform')).toBeInTheDocument()
      49 |     // Edit/Delete buttons are absent for platform.*
      50 |     expect(screen.queryByRole('button', { name: 'permissions.actions.edit' })).not.toBeInTheDocument()

      at ../../node_modules/.pnpm/@radix-ui+react-dialog@1.1.15_@types+react-dom@18.3.7_@types+react@18.3.29__@types+react@18.3_njobmg4vwbpyupei2aqhvyyque/node_modules/@radix-ui/react-dialog/src/dialog.tsx:543:36
      at commitHookEffectListMount (../../node_modules/.pnpm/react-dom@18.3.1_react@18.3.1/node_modules/react-dom/cjs/react-dom.development.js:23189:26)
      at commitPassiveMountOnFiber (../../node_modules/.pnpm/react-dom@18.3.1_react@18.3.1/node_modules/react-dom/cjs/react-dom.development.js:24970:11)
      at commitPassiveMountEffects_complete (../../node_modules/.pnpm/react-dom@18.3.1_react@18.3.1/node_modules/react-dom/cjs/react-dom.development.js:24930:9)
      at commitPassiveMountEffects_begin (../../node_modules/.pnpm/react-dom@18.3.1_react@18.3.1/node_modules/react-dom/cjs/react-dom.development.js:24917:7)
      at commitPassiveMountEffects (../../node_modules/.pnpm/react-dom@18.3.1_react@18.3.1/node_modules/react-dom/cjs/react-dom.development.js:24905:3)
      at flushPassiveEffectsImpl (../../node_modules/.pnpm/react-dom@18.3.1_react@18.3.1/node_modules/react-dom/cjs/react-dom.development.js:27078:3)
      at flushPassiveEffects (../../node_modules/.pnpm/react-dom@18.3.1_react@18.3.1/node_modules/react-dom/cjs/react-dom.development.js:27023:14)
      at commitRootImpl (../../node_modules/.pnpm/react-dom@18.3.1_react@18.3.1/node_modules/react-dom/cjs/react-dom.development.js:26974:5)
      at commitRoot (../../node_modules/.pnpm/react-dom@18.3.1_react@18.3.1/node_modules/react-dom/cjs/react-dom.development.js:26721:5)
      at performSyncWorkOnRoot (../../node_modules/.pnpm/react-dom@18.3.1_react@18.3.1/node_modules/react-dom/cjs/react-dom.development.js:26156:3)
      at flushSyncCallbacks (../../node_modules/.pnpm/react-dom@18.3.1_react@18.3.1/node_modules/react-dom/cjs/react-dom.development.js:12042:22)
      at commitRootImpl (../../node_modules/.pnpm/react-dom@18.3.1_react@18.3.1/node_modules/react-dom/cjs/react-dom.development.js:26998:3)
      at commitRoot (../../node_modules/.pnpm/react-dom@18.3.1_react@18.3.1/node_modules/react-dom/cjs/react-dom.development.js:26721:5)
      at finishConcurrentRender (../../node_modules/.pnpm/react-dom@18.3.1_react@18.3.1/node_modules/react-dom/cjs/react-dom.development.js:26020:9)
      at performConcurrentWorkOnRoot (../../node_modules/.pnpm/react-dom@18.3.1_react@18.3.1/node_modules/react-dom/cjs/react-dom.development.js:25848:7)
      at flushActQueue (../../node_modules/.pnpm/react@18.3.1/node_modules/react/cjs/react.development.js:2667:24)
      at act (../../node_modules/.pnpm/react@18.3.1/node_modules/react/cjs/react.development.js:2582:11)
      at ../../node_modules/.pnpm/@testing-library+react@16.3.2_@testing-library+dom@10.4.1_@types+react-dom@18.3.7_@types+reac_3k5f6qynewwmkoqvlvtzlgtsjq/node_modules/@testing-library/react/dist/act-compat.js:46:25
      at renderRoot (../../node_modules/.pnpm/@testing-library+react@16.3.2_@testing-library+dom@10.4.1_@types+react-dom@18.3.7_@types+reac_3k5f6qynewwmkoqvlvtzlgtsjq/node_modules/@testing-library/react/dist/pure.js:189:26)
      at render (../../node_modules/.pnpm/@testing-library+react@16.3.2_@testing-library+dom@10.4.1_@types+react-dom@18.3.7_@types+reac_3k5f6qynewwmkoqvlvtzlgtsjq/node_modules/@testing-library/react/dist/pure.js:291:10)
      at Object.<anonymous> (components/__tests__/permission-view-drawer.test.tsx:47:11)

    console.error
      Warning: An update to PermissionViewDrawer inside a test was not wrapped in act(...).

      When testing, code that causes React state updates should be wrapped into act(...):

      act(() => {
        /* fire events that update state */
      });
      /* assert on the output */

      This ensures that you're testing the behavior the user would see in the browser. Learn more at https://reactjs.org/link/wrap-tests-with-act
          at PermissionViewDrawer (/app/apps/admin/components/permission-view-drawer.tsx:22:40)

      35 |     setDetail(null)
      36 |     getPermissionAction(permission.publicId)
    > 37 |       .then((res) => { if ('publicId' in res) setDetail(res) })
         |                                               ^
      38 |       .finally(() => setLoading(false))
      39 |   }, [open, permission.publicId])
      40 |

      at printWarning (../../node_modules/.pnpm/react-dom@18.3.1_react@18.3.1/node_modules/react-dom/cjs/react-dom.development.js:86:30)
      at error (../../node_modules/.pnpm/react-dom@18.3.1_react@18.3.1/node_modules/react-dom/cjs/react-dom.development.js:60:7)
      at warnIfUpdatesNotWrappedWithActDEV (../../node_modules/.pnpm/react-dom@18.3.1_react@18.3.1/node_modules/react-dom/cjs/react-dom.development.js:27628:9)
      at scheduleUpdateOnFiber (../../node_modules/.pnpm/react-dom@18.3.1_react@18.3.1/node_modules/react-dom/cjs/react-dom.development.js:25547:5)
      at dispatchSetState (../../node_modules/.pnpm/react-dom@18.3.1_react@18.3.1/node_modules/react-dom/cjs/react-dom.development.js:16708:7)
      at components/permission-view-drawer.tsx:37:47

    console.error
      Warning: An update to PermissionViewDrawer inside a test was not wrapped in act(...).

      When testing, code that causes React state updates should be wrapped into act(...):

      act(() => {
        /* fire events that update state */
      });
      /* assert on the output */

      This ensures that you're testing the behavior the user would see in the browser. Learn more at https://reactjs.org/link/wrap-tests-with-act
          at PermissionViewDrawer (/app/apps/admin/components/permission-view-drawer.tsx:22:40)

      36 |     getPermissionAction(permission.publicId)
      37 |       .then((res) => { if ('publicId' in res) setDetail(res) })
    > 38 |       .finally(() => setLoading(false))
         |                      ^
      39 |   }, [open, permission.publicId])
      40 |
      41 |   function copy(text: string, key: string) {

      at printWarning (../../node_modules/.pnpm/react-dom@18.3.1_react@18.3.1/node_modules/react-dom/cjs/react-dom.development.js:86:30)
      at error (../../node_modules/.pnpm/react-dom@18.3.1_react@18.3.1/node_modules/react-dom/cjs/react-dom.development.js:60:7)
      at warnIfUpdatesNotWrappedWithActDEV (../../node_modules/.pnpm/react-dom@18.3.1_react@18.3.1/node_modules/react-dom/cjs/react-dom.development.js:27628:9)
      at scheduleUpdateOnFiber (../../node_modules/.pnpm/react-dom@18.3.1_react@18.3.1/node_modules/react-dom/cjs/react-dom.development.js:25547:5)
      at dispatchSetState (../../node_modules/.pnpm/react-dom@18.3.1_react@18.3.1/node_modules/react-dom/cjs/react-dom.development.js:16708:7)
      at components/permission-view-drawer.tsx:38:22

    console.warn
      Warning: Missing `Description` or `aria-describedby={undefined}` for {DialogContent}.

      54 |   it('shows the System badge for isSystem permissions', () => {
      55 |     const systemPerm: PermissionRow = { ...permission, name: 'org.users.manage', isSystem: true }
    > 56 |     render(<PermissionViewDrawer permission={systemPerm} open={true} onOpenChange={() => {}} onEdit={() => {}} onDelete={() => {}} />)
         |           ^
      57 |     expect(screen.getByText('permissions.badges.system')).toBeInTheDocument()
      58 |     expect(screen.queryByText('permissions.badges.platform')).not.toBeInTheDocument()
      59 |     // Edit/Delete buttons are absent for isSystem

      at ../../node_modules/.pnpm/@radix-ui+react-dialog@1.1.15_@types+react-dom@18.3.7_@types+react@18.3.29__@types+react@18.3_njobmg4vwbpyupei2aqhvyyque/node_modules/@radix-ui/react-dialog/src/dialog.tsx:543:36
      at commitHookEffectListMount (../../node_modules/.pnpm/react-dom@18.3.1_react@18.3.1/node_modules/react-dom/cjs/react-dom.development.js:23189:26)
      at commitPassiveMountOnFiber (../../node_modules/.pnpm/react-dom@18.3.1_react@18.3.1/node_modules/react-dom/cjs/react-dom.development.js:24970:11)
      at commitPassiveMountEffects_complete (../../node_modules/.pnpm/react-dom@18.3.1_react@18.3.1/node_modules/react-dom/cjs/react-dom.development.js:24930:9)
      at commitPassiveMountEffects_begin (../../node_modules/.pnpm/react-dom@18.3.1_react@18.3.1/node_modules/react-dom/cjs/react-dom.development.js:24917:7)
      at commitPassiveMountEffects (../../node_modules/.pnpm/react-dom@18.3.1_react@18.3.1/node_modules/react-dom/cjs/react-dom.development.js:24905:3)
      at flushPassiveEffectsImpl (../../node_modules/.pnpm/react-dom@18.3.1_react@18.3.1/node_modules/react-dom/cjs/react-dom.development.js:27078:3)
      at flushPassiveEffects (../../node_modules/.pnpm/react-dom@18.3.1_react@18.3.1/node_modules/react-dom/cjs/react-dom.development.js:27023:14)
      at commitRootImpl (../../node_modules/.pnpm/react-dom@18.3.1_react@18.3.1/node_modules/react-dom/cjs/react-dom.development.js:26974:5)
      at commitRoot (../../node_modules/.pnpm/react-dom@18.3.1_react@18.3.1/node_modules/react-dom/cjs/react-dom.development.js:26721:5)
      at performSyncWorkOnRoot (../../node_modules/.pnpm/react-dom@18.3.1_react@18.3.1/node_modules/react-dom/cjs/react-dom.development.js:26156:3)
      at flushSyncCallbacks (../../node_modules/.pnpm/react-dom@18.3.1_react@18.3.1/node_modules/react-dom/cjs/react-dom.development.js:12042:22)
      at commitRootImpl (../../node_modules/.pnpm/react-dom@18.3.1_react@18.3.1/node_modules/react-dom/cjs/react-dom.development.js:26998:3)
      at commitRoot (../../node_modules/.pnpm/react-dom@18.3.1_react@18.3.1/node_modules/react-dom/cjs/react-dom.development.js:26721:5)
      at finishConcurrentRender (../../node_modules/.pnpm/react-dom@18.3.1_react@18.3.1/node_modules/react-dom/cjs/react-dom.development.js:26020:9)
      at performConcurrentWorkOnRoot (../../node_modules/.pnpm/react-dom@18.3.1_react@18.3.1/node_modules/react-dom/cjs/react-dom.development.js:25848:7)
      at flushActQueue (../../node_modules/.pnpm/react@18.3.1/node_modules/react/cjs/react.development.js:2667:24)
      at act (../../node_modules/.pnpm/react@18.3.1/node_modules/react/cjs/react.development.js:2582:11)
      at ../../node_modules/.pnpm/@testing-library+react@16.3.2_@testing-library+dom@10.4.1_@types+react-dom@18.3.7_@types+reac_3k5f6qynewwmkoqvlvtzlgtsjq/node_modules/@testing-library/react/dist/act-compat.js:46:25
      at renderRoot (../../node_modules/.pnpm/@testing-library+react@16.3.2_@testing-library+dom@10.4.1_@types+react-dom@18.3.7_@types+reac_3k5f6qynewwmkoqvlvtzlgtsjq/node_modules/@testing-library/react/dist/pure.js:189:26)
      at render (../../node_modules/.pnpm/@testing-library+react@16.3.2_@testing-library+dom@10.4.1_@types+react-dom@18.3.7_@types+reac_3k5f6qynewwmkoqvlvtzlgtsjq/node_modules/@testing-library/react/dist/pure.js:291:10)
      at Object.<anonymous> (components/__tests__/permission-view-drawer.test.tsx:56:11)

    console.error
      Warning: An update to PermissionViewDrawer inside a test was not wrapped in act(...).

      When testing, code that causes React state updates should be wrapped into act(...):

      act(() => {
        /* fire events that update state */
      });
      /* assert on the output */

      This ensures that you're testing the behavior the user would see in the browser. Learn more at https://reactjs.org/link/wrap-tests-with-act
          at PermissionViewDrawer (/app/apps/admin/components/permission-view-drawer.tsx:22:40)

      35 |     setDetail(null)
      36 |     getPermissionAction(permission.publicId)
    > 37 |       .then((res) => { if ('publicId' in res) setDetail(res) })
         |                                               ^
      38 |       .finally(() => setLoading(false))
      39 |   }, [open, permission.publicId])
      40 |

      at printWarning (../../node_modules/.pnpm/react-dom@18.3.1_react@18.3.1/node_modules/react-dom/cjs/react-dom.development.js:86:30)
      at error (../../node_modules/.pnpm/react-dom@18.3.1_react@18.3.1/node_modules/react-dom/cjs/react-dom.development.js:60:7)
      at warnIfUpdatesNotWrappedWithActDEV (../../node_modules/.pnpm/react-dom@18.3.1_react@18.3.1/node_modules/react-dom/cjs/react-dom.development.js:27628:9)
      at scheduleUpdateOnFiber (../../node_modules/.pnpm/react-dom@18.3.1_react@18.3.1/node_modules/react-dom/cjs/react-dom.development.js:25547:5)
      at dispatchSetState (../../node_modules/.pnpm/react-dom@18.3.1_react@18.3.1/node_modules/react-dom/cjs/react-dom.development.js:16708:7)
      at components/permission-view-drawer.tsx:37:47

    console.error
      Warning: An update to PermissionViewDrawer inside a test was not wrapped in act(...).

      When testing, code that causes React state updates should be wrapped into act(...):

      act(() => {
        /* fire events that update state */
      });
      /* assert on the output */

      This ensures that you're testing the behavior the user would see in the browser. Learn more at https://reactjs.org/link/wrap-tests-with-act
          at PermissionViewDrawer (/app/apps/admin/components/permission-view-drawer.tsx:22:40)

      36 |     getPermissionAction(permission.publicId)
      37 |       .then((res) => { if ('publicId' in res) setDetail(res) })
    > 38 |       .finally(() => setLoading(false))
         |                      ^
      39 |   }, [open, permission.publicId])
      40 |
      41 |   function copy(text: string, key: string) {

      at printWarning (../../node_modules/.pnpm/react-dom@18.3.1_react@18.3.1/node_modules/react-dom/cjs/react-dom.development.js:86:30)
      at error (../../node_modules/.pnpm/react-dom@18.3.1_react@18.3.1/node_modules/react-dom/cjs/react-dom.development.js:60:7)
      at warnIfUpdatesNotWrappedWithActDEV (../../node_modules/.pnpm/react-dom@18.3.1_react@18.3.1/node_modules/react-dom/cjs/react-dom.development.js:27628:9)
      at scheduleUpdateOnFiber (../../node_modules/.pnpm/react-dom@18.3.1_react@18.3.1/node_modules/react-dom/cjs/react-dom.development.js:25547:5)
      at dispatchSetState (../../node_modules/.pnpm/react-dom@18.3.1_react@18.3.1/node_modules/react-dom/cjs/react-dom.development.js:16708:7)
      at components/permission-view-drawer.tsx:38:22

    console.warn
      Warning: Missing `Description` or `aria-describedby={undefined}` for {DialogContent}.

      63 |
      64 |   it('disables Delete and surfaces tooltip when in-use', async () => {
    > 65 |     render(<PermissionViewDrawer permission={permission} open={true} onOpenChange={() => {}} onEdit={() => {}} onDelete={() => {}} />)
         |           ^
      66 |     await waitFor(() => expect(screen.getByText('Editor')).toBeInTheDocument())
      67 |     const del = screen.getByRole('button', { name: 'permissions.actions.delete' })
      68 |     expect(del).toBeDisabled()

      at ../../node_modules/.pnpm/@radix-ui+react-dialog@1.1.15_@types+react-dom@18.3.7_@types+react@18.3.29__@types+react@18.3_njobmg4vwbpyupei2aqhvyyque/node_modules/@radix-ui/react-dialog/src/dialog.tsx:543:36
      at commitHookEffectListMount (../../node_modules/.pnpm/react-dom@18.3.1_react@18.3.1/node_modules/react-dom/cjs/react-dom.development.js:23189:26)
      at commitPassiveMountOnFiber (../../node_modules/.pnpm/react-dom@18.3.1_react@18.3.1/node_modules/react-dom/cjs/react-dom.development.js:24970:11)
      at commitPassiveMountEffects_complete (../../node_modules/.pnpm/react-dom@18.3.1_react@18.3.1/node_modules/react-dom/cjs/react-dom.development.js:24930:9)
      at commitPassiveMountEffects_begin (../../node_modules/.pnpm/react-dom@18.3.1_react@18.3.1/node_modules/react-dom/cjs/react-dom.development.js:24917:7)
      at commitPassiveMountEffects (../../node_modules/.pnpm/react-dom@18.3.1_react@18.3.1/node_modules/react-dom/cjs/react-dom.development.js:24905:3)
      at flushPassiveEffectsImpl (../../node_modules/.pnpm/react-dom@18.3.1_react@18.3.1/node_modules/react-dom/cjs/react-dom.development.js:27078:3)
      at flushPassiveEffects (../../node_modules/.pnpm/react-dom@18.3.1_react@18.3.1/node_modules/react-dom/cjs/react-dom.development.js:27023:14)
      at commitRootImpl (../../node_modules/.pnpm/react-dom@18.3.1_react@18.3.1/node_modules/react-dom/cjs/react-dom.development.js:26974:5)
      at commitRoot (../../node_modules/.pnpm/react-dom@18.3.1_react@18.3.1/node_modules/react-dom/cjs/react-dom.development.js:26721:5)
      at performSyncWorkOnRoot (../../node_modules/.pnpm/react-dom@18.3.1_react@18.3.1/node_modules/react-dom/cjs/react-dom.development.js:26156:3)
      at flushSyncCallbacks (../../node_modules/.pnpm/react-dom@18.3.1_react@18.3.1/node_modules/react-dom/cjs/react-dom.development.js:12042:22)
      at commitRootImpl (../../node_modules/.pnpm/react-dom@18.3.1_react@18.3.1/node_modules/react-dom/cjs/react-dom.development.js:26998:3)
      at commitRoot (../../node_modules/.pnpm/react-dom@18.3.1_react@18.3.1/node_modules/react-dom/cjs/react-dom.development.js:26721:5)
      at finishConcurrentRender (../../node_modules/.pnpm/react-dom@18.3.1_react@18.3.1/node_modules/react-dom/cjs/react-dom.development.js:26020:9)
      at performConcurrentWorkOnRoot (../../node_modules/.pnpm/react-dom@18.3.1_react@18.3.1/node_modules/react-dom/cjs/react-dom.development.js:25848:7)
      at flushActQueue (../../node_modules/.pnpm/react@18.3.1/node_modules/react/cjs/react.development.js:2667:24)
      at act (../../node_modules/.pnpm/react@18.3.1/node_modules/react/cjs/react.development.js:2582:11)
      at ../../node_modules/.pnpm/@testing-library+react@16.3.2_@testing-library+dom@10.4.1_@types+react-dom@18.3.7_@types+reac_3k5f6qynewwmkoqvlvtzlgtsjq/node_modules/@testing-library/react/dist/act-compat.js:46:25
      at renderRoot (../../node_modules/.pnpm/@testing-library+react@16.3.2_@testing-library+dom@10.4.1_@types+react-dom@18.3.7_@types+reac_3k5f6qynewwmkoqvlvtzlgtsjq/node_modules/@testing-library/react/dist/pure.js:189:26)
      at render (../../node_modules/.pnpm/@testing-library+react@16.3.2_@testing-library+dom@10.4.1_@types+react-dom@18.3.7_@types+reac_3k5f6qynewwmkoqvlvtzlgtsjq/node_modules/@testing-library/react/dist/pure.js:291:10)
      at Object.<anonymous> (components/__tests__/permission-view-drawer.test.tsx:65:11)

PASS components/__tests__/user-create-drawer.test.tsx
PASS components/__tests__/user-view-drawer.test.tsx
  ● Console

    console.warn
      Warning: Missing `Description` or `aria-describedby={undefined}` for {DialogContent}.

      39 |
      40 |   it('renders user name when open', async () => {
    > 41 |     render(<UserViewDrawer user={mockUser} orgs={[]} open={true} onOpenChange={() => {}} />)
         |           ^
      42 |     await waitFor(() => expect(screen.getByText('Alice Smith')).toBeInTheDocument())
      43 |   })
      44 |

      at ../../node_modules/.pnpm/@radix-ui+react-dialog@1.1.15_@types+react-dom@18.3.7_@types+react@18.3.29__@types+react@18.3_njobmg4vwbpyupei2aqhvyyque/node_modules/@radix-ui/react-dialog/src/dialog.tsx:543:36
      at commitHookEffectListMount (../../node_modules/.pnpm/react-dom@18.3.1_react@18.3.1/node_modules/react-dom/cjs/react-dom.development.js:23189:26)
      at commitPassiveMountOnFiber (../../node_modules/.pnpm/react-dom@18.3.1_react@18.3.1/node_modules/react-dom/cjs/react-dom.development.js:24970:11)
      at commitPassiveMountEffects_complete (../../node_modules/.pnpm/react-dom@18.3.1_react@18.3.1/node_modules/react-dom/cjs/react-dom.development.js:24930:9)
      at commitPassiveMountEffects_begin (../../node_modules/.pnpm/react-dom@18.3.1_react@18.3.1/node_modules/react-dom/cjs/react-dom.development.js:24917:7)
      at commitPassiveMountEffects (../../node_modules/.pnpm/react-dom@18.3.1_react@18.3.1/node_modules/react-dom/cjs/react-dom.development.js:24905:3)
      at flushPassiveEffectsImpl (../../node_modules/.pnpm/react-dom@18.3.1_react@18.3.1/node_modules/react-dom/cjs/react-dom.development.js:27078:3)
      at flushPassiveEffects (../../node_modules/.pnpm/react-dom@18.3.1_react@18.3.1/node_modules/react-dom/cjs/react-dom.development.js:27023:14)
      at commitRootImpl (../../node_modules/.pnpm/react-dom@18.3.1_react@18.3.1/node_modules/react-dom/cjs/react-dom.development.js:26974:5)
      at commitRoot (../../node_modules/.pnpm/react-dom@18.3.1_react@18.3.1/node_modules/react-dom/cjs/react-dom.development.js:26721:5)
      at performSyncWorkOnRoot (../../node_modules/.pnpm/react-dom@18.3.1_react@18.3.1/node_modules/react-dom/cjs/react-dom.development.js:26156:3)
      at flushSyncCallbacks (../../node_modules/.pnpm/react-dom@18.3.1_react@18.3.1/node_modules/react-dom/cjs/react-dom.development.js:12042:22)
      at commitRootImpl (../../node_modules/.pnpm/react-dom@18.3.1_react@18.3.1/node_modules/react-dom/cjs/react-dom.development.js:26998:3)
      at commitRoot (../../node_modules/.pnpm/react-dom@18.3.1_react@18.3.1/node_modules/react-dom/cjs/react-dom.development.js:26721:5)
      at finishConcurrentRender (../../node_modules/.pnpm/react-dom@18.3.1_react@18.3.1/node_modules/react-dom/cjs/react-dom.development.js:26020:9)
      at performConcurrentWorkOnRoot (../../node_modules/.pnpm/react-dom@18.3.1_react@18.3.1/node_modules/react-dom/cjs/react-dom.development.js:25848:7)
      at flushActQueue (../../node_modules/.pnpm/react@18.3.1/node_modules/react/cjs/react.development.js:2667:24)
      at act (../../node_modules/.pnpm/react@18.3.1/node_modules/react/cjs/react.development.js:2582:11)
      at ../../node_modules/.pnpm/@testing-library+react@16.3.2_@testing-library+dom@10.4.1_@types+react-dom@18.3.7_@types+reac_3k5f6qynewwmkoqvlvtzlgtsjq/node_modules/@testing-library/react/dist/act-compat.js:46:25
      at renderRoot (../../node_modules/.pnpm/@testing-library+react@16.3.2_@testing-library+dom@10.4.1_@types+react-dom@18.3.7_@types+reac_3k5f6qynewwmkoqvlvtzlgtsjq/node_modules/@testing-library/react/dist/pure.js:189:26)
      at render (../../node_modules/.pnpm/@testing-library+react@16.3.2_@testing-library+dom@10.4.1_@types+react-dom@18.3.7_@types+reac_3k5f6qynewwmkoqvlvtzlgtsjq/node_modules/@testing-library/react/dist/pure.js:291:10)
      at Object.<anonymous> (components/__tests__/user-view-drawer.test.tsx:41:11)

    console.warn
      Warning: Missing `Description` or `aria-describedby={undefined}` for {DialogContent}.

      44 |
      45 |   it('shows roles after loading', async () => {
    > 46 |     render(<UserViewDrawer user={mockUser} orgs={[]} open={true} onOpenChange={() => {}} />)
         |           ^
      47 |     await waitFor(() => expect(screen.getByText('admin')).toBeInTheDocument())
      48 |   })
      49 |

      at ../../node_modules/.pnpm/@radix-ui+react-dialog@1.1.15_@types+react-dom@18.3.7_@types+react@18.3.29__@types+react@18.3_njobmg4vwbpyupei2aqhvyyque/node_modules/@radix-ui/react-dialog/src/dialog.tsx:543:36
      at commitHookEffectListMount (../../node_modules/.pnpm/react-dom@18.3.1_react@18.3.1/node_modules/react-dom/cjs/react-dom.development.js:23189:26)
      at commitPassiveMountOnFiber (../../node_modules/.pnpm/react-dom@18.3.1_react@18.3.1/node_modules/react-dom/cjs/react-dom.development.js:24970:11)
      at commitPassiveMountEffects_complete (../../node_modules/.pnpm/react-dom@18.3.1_react@18.3.1/node_modules/react-dom/cjs/react-dom.development.js:24930:9)
      at commitPassiveMountEffects_begin (../../node_modules/.pnpm/react-dom@18.3.1_react@18.3.1/node_modules/react-dom/cjs/react-dom.development.js:24917:7)
      at commitPassiveMountEffects (../../node_modules/.pnpm/react-dom@18.3.1_react@18.3.1/node_modules/react-dom/cjs/react-dom.development.js:24905:3)
      at flushPassiveEffectsImpl (../../node_modules/.pnpm/react-dom@18.3.1_react@18.3.1/node_modules/react-dom/cjs/react-dom.development.js:27078:3)
      at flushPassiveEffects (../../node_modules/.pnpm/react-dom@18.3.1_react@18.3.1/node_modules/react-dom/cjs/react-dom.development.js:27023:14)
      at commitRootImpl (../../node_modules/.pnpm/react-dom@18.3.1_react@18.3.1/node_modules/react-dom/cjs/react-dom.development.js:26974:5)
      at commitRoot (../../node_modules/.pnpm/react-dom@18.3.1_react@18.3.1/node_modules/react-dom/cjs/react-dom.development.js:26721:5)
      at performSyncWorkOnRoot (../../node_modules/.pnpm/react-dom@18.3.1_react@18.3.1/node_modules/react-dom/cjs/react-dom.development.js:26156:3)
      at flushSyncCallbacks (../../node_modules/.pnpm/react-dom@18.3.1_react@18.3.1/node_modules/react-dom/cjs/react-dom.development.js:12042:22)
      at commitRootImpl (../../node_modules/.pnpm/react-dom@18.3.1_react@18.3.1/node_modules/react-dom/cjs/react-dom.development.js:26998:3)
      at commitRoot (../../node_modules/.pnpm/react-dom@18.3.1_react@18.3.1/node_modules/react-dom/cjs/react-dom.development.js:26721:5)
      at finishConcurrentRender (../../node_modules/.pnpm/react-dom@18.3.1_react@18.3.1/node_modules/react-dom/cjs/react-dom.development.js:26020:9)
      at performConcurrentWorkOnRoot (../../node_modules/.pnpm/react-dom@18.3.1_react@18.3.1/node_modules/react-dom/cjs/react-dom.development.js:25848:7)
      at flushActQueue (../../node_modules/.pnpm/react@18.3.1/node_modules/react/cjs/react.development.js:2667:24)
      at act (../../node_modules/.pnpm/react@18.3.1/node_modules/react/cjs/react.development.js:2582:11)
      at ../../node_modules/.pnpm/@testing-library+react@16.3.2_@testing-library+dom@10.4.1_@types+react-dom@18.3.7_@types+reac_3k5f6qynewwmkoqvlvtzlgtsjq/node_modules/@testing-library/react/dist/act-compat.js:46:25
      at renderRoot (../../node_modules/.pnpm/@testing-library+react@16.3.2_@testing-library+dom@10.4.1_@types+react-dom@18.3.7_@types+reac_3k5f6qynewwmkoqvlvtzlgtsjq/node_modules/@testing-library/react/dist/pure.js:189:26)
      at render (../../node_modules/.pnpm/@testing-library+react@16.3.2_@testing-library+dom@10.4.1_@types+react-dom@18.3.7_@types+reac_3k5f6qynewwmkoqvlvtzlgtsjq/node_modules/@testing-library/react/dist/pure.js:291:10)
      at Object.<anonymous> (components/__tests__/user-view-drawer.test.tsx:46:11)

    console.warn
      Warning: Missing `Description` or `aria-describedby={undefined}` for {DialogContent}.

      49 |
      50 |   it('renders Delete button and opens AlertDialog', async () => {
    > 51 |     render(<UserViewDrawer user={mockUser} orgs={[]} open={true} onOpenChange={() => {}} />)
         |           ^
      52 |     fireEvent.click(screen.getByRole('button', { name: 'users.actions.delete' }))
      53 |     const dialog = await screen.findByRole('alertdialog')
      54 |     expect(dialog).toBeInTheDocument()

      at ../../node_modules/.pnpm/@radix-ui+react-dialog@1.1.15_@types+react-dom@18.3.7_@types+react@18.3.29__@types+react@18.3_njobmg4vwbpyupei2aqhvyyque/node_modules/@radix-ui/react-dialog/src/dialog.tsx:543:36
      at commitHookEffectListMount (../../node_modules/.pnpm/react-dom@18.3.1_react@18.3.1/node_modules/react-dom/cjs/react-dom.development.js:23189:26)
      at commitPassiveMountOnFiber (../../node_modules/.pnpm/react-dom@18.3.1_react@18.3.1/node_modules/react-dom/cjs/react-dom.development.js:24970:11)
      at commitPassiveMountEffects_complete (../../node_modules/.pnpm/react-dom@18.3.1_react@18.3.1/node_modules/react-dom/cjs/react-dom.development.js:24930:9)
      at commitPassiveMountEffects_begin (../../node_modules/.pnpm/react-dom@18.3.1_react@18.3.1/node_modules/react-dom/cjs/react-dom.development.js:24917:7)
      at commitPassiveMountEffects (../../node_modules/.pnpm/react-dom@18.3.1_react@18.3.1/node_modules/react-dom/cjs/react-dom.development.js:24905:3)
      at flushPassiveEffectsImpl (../../node_modules/.pnpm/react-dom@18.3.1_react@18.3.1/node_modules/react-dom/cjs/react-dom.development.js:27078:3)
      at flushPassiveEffects (../../node_modules/.pnpm/react-dom@18.3.1_react@18.3.1/node_modules/react-dom/cjs/react-dom.development.js:27023:14)
      at commitRootImpl (../../node_modules/.pnpm/react-dom@18.3.1_react@18.3.1/node_modules/react-dom/cjs/react-dom.development.js:26974:5)
      at commitRoot (../../node_modules/.pnpm/react-dom@18.3.1_react@18.3.1/node_modules/react-dom/cjs/react-dom.development.js:26721:5)
      at performSyncWorkOnRoot (../../node_modules/.pnpm/react-dom@18.3.1_react@18.3.1/node_modules/react-dom/cjs/react-dom.development.js:26156:3)
      at flushSyncCallbacks (../../node_modules/.pnpm/react-dom@18.3.1_react@18.3.1/node_modules/react-dom/cjs/react-dom.development.js:12042:22)
      at commitRootImpl (../../node_modules/.pnpm/react-dom@18.3.1_react@18.3.1/node_modules/react-dom/cjs/react-dom.development.js:26998:3)
      at commitRoot (../../node_modules/.pnpm/react-dom@18.3.1_react@18.3.1/node_modules/react-dom/cjs/react-dom.development.js:26721:5)
      at finishConcurrentRender (../../node_modules/.pnpm/react-dom@18.3.1_react@18.3.1/node_modules/react-dom/cjs/react-dom.development.js:26020:9)
      at performConcurrentWorkOnRoot (../../node_modules/.pnpm/react-dom@18.3.1_react@18.3.1/node_modules/react-dom/cjs/react-dom.development.js:25848:7)
      at flushActQueue (../../node_modules/.pnpm/react@18.3.1/node_modules/react/cjs/react.development.js:2667:24)
      at act (../../node_modules/.pnpm/react@18.3.1/node_modules/react/cjs/react.development.js:2582:11)
      at ../../node_modules/.pnpm/@testing-library+react@16.3.2_@testing-library+dom@10.4.1_@types+react-dom@18.3.7_@types+reac_3k5f6qynewwmkoqvlvtzlgtsjq/node_modules/@testing-library/react/dist/act-compat.js:46:25
      at renderRoot (../../node_modules/.pnpm/@testing-library+react@16.3.2_@testing-library+dom@10.4.1_@types+react-dom@18.3.7_@types+reac_3k5f6qynewwmkoqvlvtzlgtsjq/node_modules/@testing-library/react/dist/pure.js:189:26)
      at render (../../node_modules/.pnpm/@testing-library+react@16.3.2_@testing-library+dom@10.4.1_@types+react-dom@18.3.7_@types+reac_3k5f6qynewwmkoqvlvtzlgtsjq/node_modules/@testing-library/react/dist/pure.js:291:10)
      at Object.<anonymous> (components/__tests__/user-view-drawer.test.tsx:51:11)

    console.warn
      Warning: Missing `Description` or `aria-describedby={undefined}` for {DialogContent}.

      63 |       { id: 'p-direct', name: 'apps.write', appId: '' },
      64 |     ])
    > 65 |     render(<UserViewDrawer user={mockUser} orgs={orgsProp} open onOpenChange={() => {}} />)
         |           ^
      66 |     expect(await screen.findByText('users.drawer.assignedDirectPermissions')).toBeInTheDocument()
      67 |     expect(await screen.findByText('apps.write')).toBeInTheDocument()
      68 |   })

      at ../../node_modules/.pnpm/@radix-ui+react-dialog@1.1.15_@types+react-dom@18.3.7_@types+react@18.3.29__@types+react@18.3_njobmg4vwbpyupei2aqhvyyque/node_modules/@radix-ui/react-dialog/src/dialog.tsx:543:36
      at commitHookEffectListMount (../../node_modules/.pnpm/react-dom@18.3.1_react@18.3.1/node_modules/react-dom/cjs/react-dom.development.js:23189:26)
      at commitPassiveMountOnFiber (../../node_modules/.pnpm/react-dom@18.3.1_react@18.3.1/node_modules/react-dom/cjs/react-dom.development.js:24970:11)
      at commitPassiveMountEffects_complete (../../node_modules/.pnpm/react-dom@18.3.1_react@18.3.1/node_modules/react-dom/cjs/react-dom.development.js:24930:9)
      at commitPassiveMountEffects_begin (../../node_modules/.pnpm/react-dom@18.3.1_react@18.3.1/node_modules/react-dom/cjs/react-dom.development.js:24917:7)
      at commitPassiveMountEffects (../../node_modules/.pnpm/react-dom@18.3.1_react@18.3.1/node_modules/react-dom/cjs/react-dom.development.js:24905:3)
      at flushPassiveEffectsImpl (../../node_modules/.pnpm/react-dom@18.3.1_react@18.3.1/node_modules/react-dom/cjs/react-dom.development.js:27078:3)
      at flushPassiveEffects (../../node_modules/.pnpm/react-dom@18.3.1_react@18.3.1/node_modules/react-dom/cjs/react-dom.development.js:27023:14)
      at commitRootImpl (../../node_modules/.pnpm/react-dom@18.3.1_react@18.3.1/node_modules/react-dom/cjs/react-dom.development.js:26974:5)
      at commitRoot (../../node_modules/.pnpm/react-dom@18.3.1_react@18.3.1/node_modules/react-dom/cjs/react-dom.development.js:26721:5)
      at performSyncWorkOnRoot (../../node_modules/.pnpm/react-dom@18.3.1_react@18.3.1/node_modules/react-dom/cjs/react-dom.development.js:26156:3)
      at flushSyncCallbacks (../../node_modules/.pnpm/react-dom@18.3.1_react@18.3.1/node_modules/react-dom/cjs/react-dom.development.js:12042:22)
      at commitRootImpl (../../node_modules/.pnpm/react-dom@18.3.1_react@18.3.1/node_modules/react-dom/cjs/react-dom.development.js:26998:3)
      at commitRoot (../../node_modules/.pnpm/react-dom@18.3.1_react@18.3.1/node_modules/react-dom/cjs/react-dom.development.js:26721:5)
      at finishConcurrentRender (../../node_modules/.pnpm/react-dom@18.3.1_react@18.3.1/node_modules/react-dom/cjs/react-dom.development.js:26020:9)
      at performConcurrentWorkOnRoot (../../node_modules/.pnpm/react-dom@18.3.1_react@18.3.1/node_modules/react-dom/cjs/react-dom.development.js:25848:7)
      at flushActQueue (../../node_modules/.pnpm/react@18.3.1/node_modules/react/cjs/react.development.js:2667:24)
      at act (../../node_modules/.pnpm/react@18.3.1/node_modules/react/cjs/react.development.js:2582:11)
      at ../../node_modules/.pnpm/@testing-library+react@16.3.2_@testing-library+dom@10.4.1_@types+react-dom@18.3.7_@types+reac_3k5f6qynewwmkoqvlvtzlgtsjq/node_modules/@testing-library/react/dist/act-compat.js:46:25
      at renderRoot (../../node_modules/.pnpm/@testing-library+react@16.3.2_@testing-library+dom@10.4.1_@types+react-dom@18.3.7_@types+reac_3k5f6qynewwmkoqvlvtzlgtsjq/node_modules/@testing-library/react/dist/pure.js:189:26)
      at render (../../node_modules/.pnpm/@testing-library+react@16.3.2_@testing-library+dom@10.4.1_@types+react-dom@18.3.7_@types+reac_3k5f6qynewwmkoqvlvtzlgtsjq/node_modules/@testing-library/react/dist/pure.js:291:10)
      at Object.<anonymous> (components/__tests__/user-view-drawer.test.tsx:65:11)

    console.warn
      Warning: Missing `Description` or `aria-describedby={undefined}` for {DialogContent}.

      76 |     ;(actions.setUserRolesAction as jest.Mock).mockResolvedValueOnce({ ok: true })
      77 |
    > 78 |     render(<UserViewDrawer user={mockUser} orgs={orgsProp} open onOpenChange={() => {}} />)
         |           ^
      79 |     // Wait for initial fetch
      80 |     await screen.findByText('admin')
      81 |

      at ../../node_modules/.pnpm/@radix-ui+react-dialog@1.1.15_@types+react-dom@18.3.7_@types+react@18.3.29__@types+react@18.3_njobmg4vwbpyupei2aqhvyyque/node_modules/@radix-ui/react-dialog/src/dialog.tsx:543:36
      at commitHookEffectListMount (../../node_modules/.pnpm/react-dom@18.3.1_react@18.3.1/node_modules/react-dom/cjs/react-dom.development.js:23189:26)
      at commitPassiveMountOnFiber (../../node_modules/.pnpm/react-dom@18.3.1_react@18.3.1/node_modules/react-dom/cjs/react-dom.development.js:24970:11)
      at commitPassiveMountEffects_complete (../../node_modules/.pnpm/react-dom@18.3.1_react@18.3.1/node_modules/react-dom/cjs/react-dom.development.js:24930:9)
      at commitPassiveMountEffects_begin (../../node_modules/.pnpm/react-dom@18.3.1_react@18.3.1/node_modules/react-dom/cjs/react-dom.development.js:24917:7)
      at commitPassiveMountEffects (../../node_modules/.pnpm/react-dom@18.3.1_react@18.3.1/node_modules/react-dom/cjs/react-dom.development.js:24905:3)
      at flushPassiveEffectsImpl (../../node_modules/.pnpm/react-dom@18.3.1_react@18.3.1/node_modules/react-dom/cjs/react-dom.development.js:27078:3)
      at flushPassiveEffects (../../node_modules/.pnpm/react-dom@18.3.1_react@18.3.1/node_modules/react-dom/cjs/react-dom.development.js:27023:14)
      at commitRootImpl (../../node_modules/.pnpm/react-dom@18.3.1_react@18.3.1/node_modules/react-dom/cjs/react-dom.development.js:26974:5)
      at commitRoot (../../node_modules/.pnpm/react-dom@18.3.1_react@18.3.1/node_modules/react-dom/cjs/react-dom.development.js:26721:5)
      at performSyncWorkOnRoot (../../node_modules/.pnpm/react-dom@18.3.1_react@18.3.1/node_modules/react-dom/cjs/react-dom.development.js:26156:3)
      at flushSyncCallbacks (../../node_modules/.pnpm/react-dom@18.3.1_react@18.3.1/node_modules/react-dom/cjs/react-dom.development.js:12042:22)
      at commitRootImpl (../../node_modules/.pnpm/react-dom@18.3.1_react@18.3.1/node_modules/react-dom/cjs/react-dom.development.js:26998:3)
      at commitRoot (../../node_modules/.pnpm/react-dom@18.3.1_react@18.3.1/node_modules/react-dom/cjs/react-dom.development.js:26721:5)
      at finishConcurrentRender (../../node_modules/.pnpm/react-dom@18.3.1_react@18.3.1/node_modules/react-dom/cjs/react-dom.development.js:26020:9)
      at performConcurrentWorkOnRoot (../../node_modules/.pnpm/react-dom@18.3.1_react@18.3.1/node_modules/react-dom/cjs/react-dom.development.js:25848:7)
      at flushActQueue (../../node_modules/.pnpm/react@18.3.1/node_modules/react/cjs/react.development.js:2667:24)
      at act (../../node_modules/.pnpm/react@18.3.1/node_modules/react/cjs/react.development.js:2582:11)
      at ../../node_modules/.pnpm/@testing-library+react@16.3.2_@testing-library+dom@10.4.1_@types+react-dom@18.3.7_@types+reac_3k5f6qynewwmkoqvlvtzlgtsjq/node_modules/@testing-library/react/dist/act-compat.js:46:25
      at renderRoot (../../node_modules/.pnpm/@testing-library+react@16.3.2_@testing-library+dom@10.4.1_@types+react-dom@18.3.7_@types+reac_3k5f6qynewwmkoqvlvtzlgtsjq/node_modules/@testing-library/react/dist/pure.js:189:26)
      at render (../../node_modules/.pnpm/@testing-library+react@16.3.2_@testing-library+dom@10.4.1_@types+react-dom@18.3.7_@types+reac_3k5f6qynewwmkoqvlvtzlgtsjq/node_modules/@testing-library/react/dist/pure.js:291:10)
      at Object.<anonymous> (components/__tests__/user-view-drawer.test.tsx:78:11)

    console.warn
      Warning: Missing `Description` or `aria-describedby={undefined}` for {DialogContent}.

      106 |     ;(actions.setUserDirectPermissionsAction as jest.Mock).mockResolvedValueOnce({ ok: true })
      107 |
    > 108 |     render(<UserViewDrawer user={mockUser} orgs={orgsProp} open onOpenChange={() => {}} />)
          |           ^
      109 |     await screen.findByText('apps.write')
      110 |
      111 |     fireEvent.click(screen.getByRole('button', { name: 'users.drawer.edit' }))

      at ../../node_modules/.pnpm/@radix-ui+react-dialog@1.1.15_@types+react-dom@18.3.7_@types+react@18.3.29__@types+react@18.3_njobmg4vwbpyupei2aqhvyyque/node_modules/@radix-ui/react-dialog/src/dialog.tsx:543:36
      at commitHookEffectListMount (../../node_modules/.pnpm/react-dom@18.3.1_react@18.3.1/node_modules/react-dom/cjs/react-dom.development.js:23189:26)
      at commitPassiveMountOnFiber (../../node_modules/.pnpm/react-dom@18.3.1_react@18.3.1/node_modules/react-dom/cjs/react-dom.development.js:24970:11)
      at commitPassiveMountEffects_complete (../../node_modules/.pnpm/react-dom@18.3.1_react@18.3.1/node_modules/react-dom/cjs/react-dom.development.js:24930:9)
      at commitPassiveMountEffects_begin (../../node_modules/.pnpm/react-dom@18.3.1_react@18.3.1/node_modules/react-dom/cjs/react-dom.development.js:24917:7)
      at commitPassiveMountEffects (../../node_modules/.pnpm/react-dom@18.3.1_react@18.3.1/node_modules/react-dom/cjs/react-dom.development.js:24905:3)
      at flushPassiveEffectsImpl (../../node_modules/.pnpm/react-dom@18.3.1_react@18.3.1/node_modules/react-dom/cjs/react-dom.development.js:27078:3)
      at flushPassiveEffects (../../node_modules/.pnpm/react-dom@18.3.1_react@18.3.1/node_modules/react-dom/cjs/react-dom.development.js:27023:14)
      at commitRootImpl (../../node_modules/.pnpm/react-dom@18.3.1_react@18.3.1/node_modules/react-dom/cjs/react-dom.development.js:26974:5)
      at commitRoot (../../node_modules/.pnpm/react-dom@18.3.1_react@18.3.1/node_modules/react-dom/cjs/react-dom.development.js:26721:5)
      at performSyncWorkOnRoot (../../node_modules/.pnpm/react-dom@18.3.1_react@18.3.1/node_modules/react-dom/cjs/react-dom.development.js:26156:3)
      at flushSyncCallbacks (../../node_modules/.pnpm/react-dom@18.3.1_react@18.3.1/node_modules/react-dom/cjs/react-dom.development.js:12042:22)
      at commitRootImpl (../../node_modules/.pnpm/react-dom@18.3.1_react@18.3.1/node_modules/react-dom/cjs/react-dom.development.js:26998:3)
      at commitRoot (../../node_modules/.pnpm/react-dom@18.3.1_react@18.3.1/node_modules/react-dom/cjs/react-dom.development.js:26721:5)
      at finishConcurrentRender (../../node_modules/.pnpm/react-dom@18.3.1_react@18.3.1/node_modules/react-dom/cjs/react-dom.development.js:26020:9)
      at performConcurrentWorkOnRoot (../../node_modules/.pnpm/react-dom@18.3.1_react@18.3.1/node_modules/react-dom/cjs/react-dom.development.js:25848:7)
      at flushActQueue (../../node_modules/.pnpm/react@18.3.1/node_modules/react/cjs/react.development.js:2667:24)
      at act (../../node_modules/.pnpm/react@18.3.1/node_modules/react/cjs/react.development.js:2582:11)
      at ../../node_modules/.pnpm/@testing-library+react@16.3.2_@testing-library+dom@10.4.1_@types+react-dom@18.3.7_@types+reac_3k5f6qynewwmkoqvlvtzlgtsjq/node_modules/@testing-library/react/dist/act-compat.js:46:25
      at renderRoot (../../node_modules/.pnpm/@testing-library+react@16.3.2_@testing-library+dom@10.4.1_@types+react-dom@18.3.7_@types+reac_3k5f6qynewwmkoqvlvtzlgtsjq/node_modules/@testing-library/react/dist/pure.js:189:26)
      at render (../../node_modules/.pnpm/@testing-library+react@16.3.2_@testing-library+dom@10.4.1_@types+react-dom@18.3.7_@types+reac_3k5f6qynewwmkoqvlvtzlgtsjq/node_modules/@testing-library/react/dist/pure.js:291:10)
      at Object.<anonymous> (components/__tests__/user-view-drawer.test.tsx:108:11)

    console.warn
      Warning: Missing `Description` or `aria-describedby={undefined}` for {DialogContent}.

      130 |     ])
      131 |
    > 132 |     render(<UserViewDrawer user={mockUser} orgs={orgsProp} open onOpenChange={() => {}} />)
          |           ^
      133 |     await screen.findByText('admin')
      134 |
      135 |     fireEvent.click(screen.getByRole('button', { name: 'users.drawer.edit' }))

      at ../../node_modules/.pnpm/@radix-ui+react-dialog@1.1.15_@types+react-dom@18.3.7_@types+react@18.3.29__@types+react@18.3_njobmg4vwbpyupei2aqhvyyque/node_modules/@radix-ui/react-dialog/src/dialog.tsx:543:36
      at commitHookEffectListMount (../../node_modules/.pnpm/react-dom@18.3.1_react@18.3.1/node_modules/react-dom/cjs/react-dom.development.js:23189:26)
      at commitPassiveMountOnFiber (../../node_modules/.pnpm/react-dom@18.3.1_react@18.3.1/node_modules/react-dom/cjs/react-dom.development.js:24970:11)
      at commitPassiveMountEffects_complete (../../node_modules/.pnpm/react-dom@18.3.1_react@18.3.1/node_modules/react-dom/cjs/react-dom.development.js:24930:9)
      at commitPassiveMountEffects_begin (../../node_modules/.pnpm/react-dom@18.3.1_react@18.3.1/node_modules/react-dom/cjs/react-dom.development.js:24917:7)
      at commitPassiveMountEffects (../../node_modules/.pnpm/react-dom@18.3.1_react@18.3.1/node_modules/react-dom/cjs/react-dom.development.js:24905:3)
      at flushPassiveEffectsImpl (../../node_modules/.pnpm/react-dom@18.3.1_react@18.3.1/node_modules/react-dom/cjs/react-dom.development.js:27078:3)
      at flushPassiveEffects (../../node_modules/.pnpm/react-dom@18.3.1_react@18.3.1/node_modules/react-dom/cjs/react-dom.development.js:27023:14)
      at commitRootImpl (../../node_modules/.pnpm/react-dom@18.3.1_react@18.3.1/node_modules/react-dom/cjs/react-dom.development.js:26974:5)
      at commitRoot (../../node_modules/.pnpm/react-dom@18.3.1_react@18.3.1/node_modules/react-dom/cjs/react-dom.development.js:26721:5)
      at performSyncWorkOnRoot (../../node_modules/.pnpm/react-dom@18.3.1_react@18.3.1/node_modules/react-dom/cjs/react-dom.development.js:26156:3)
      at flushSyncCallbacks (../../node_modules/.pnpm/react-dom@18.3.1_react@18.3.1/node_modules/react-dom/cjs/react-dom.development.js:12042:22)
      at commitRootImpl (../../node_modules/.pnpm/react-dom@18.3.1_react@18.3.1/node_modules/react-dom/cjs/react-dom.development.js:26998:3)
      at commitRoot (../../node_modules/.pnpm/react-dom@18.3.1_react@18.3.1/node_modules/react-dom/cjs/react-dom.development.js:26721:5)
      at finishConcurrentRender (../../node_modules/.pnpm/react-dom@18.3.1_react@18.3.1/node_modules/react-dom/cjs/react-dom.development.js:26020:9)
      at performConcurrentWorkOnRoot (../../node_modules/.pnpm/react-dom@18.3.1_react@18.3.1/node_modules/react-dom/cjs/react-dom.development.js:25848:7)
      at flushActQueue (../../node_modules/.pnpm/react@18.3.1/node_modules/react/cjs/react.development.js:2667:24)
      at act (../../node_modules/.pnpm/react@18.3.1/node_modules/react/cjs/react.development.js:2582:11)
      at ../../node_modules/.pnpm/@testing-library+react@16.3.2_@testing-library+dom@10.4.1_@types+react-dom@18.3.7_@types+reac_3k5f6qynewwmkoqvlvtzlgtsjq/node_modules/@testing-library/react/dist/act-compat.js:46:25
      at renderRoot (../../node_modules/.pnpm/@testing-library+react@16.3.2_@testing-library+dom@10.4.1_@types+react-dom@18.3.7_@types+reac_3k5f6qynewwmkoqvlvtzlgtsjq/node_modules/@testing-library/react/dist/pure.js:189:26)
      at render (../../node_modules/.pnpm/@testing-library+react@16.3.2_@testing-library+dom@10.4.1_@types+react-dom@18.3.7_@types+reac_3k5f6qynewwmkoqvlvtzlgtsjq/node_modules/@testing-library/react/dist/pure.js:291:10)
      at Object.<anonymous> (components/__tests__/user-view-drawer.test.tsx:132:11)

PASS components/__tests__/org-view-drawer.test.tsx
  ● Console

    console.warn
      Warning: Missing `Description` or `aria-describedby={undefined}` for {DialogContent}.

      21 | describe('OrgViewDrawer', () => {
      22 |   it('renders org name, parent app, public id, user count, and Edit/Delete for ordinary orgs', () => {
    > 23 |     render(withIntl(
         |           ^
      24 |       <OrgViewDrawer org={org} open onOpenChange={() => undefined} onEdit={() => undefined} onDelete={() => undefined} />,
      25 |     ))
      26 |     expect(screen.getByText('Acme')).toBeInTheDocument()

      at ../../node_modules/.pnpm/@radix-ui+react-dialog@1.1.15_@types+react-dom@18.3.7_@types+react@18.3.29__@types+react@18.3_njobmg4vwbpyupei2aqhvyyque/node_modules/@radix-ui/react-dialog/src/dialog.tsx:543:36
      at commitHookEffectListMount (../../node_modules/.pnpm/react-dom@18.3.1_react@18.3.1/node_modules/react-dom/cjs/react-dom.development.js:23189:26)
      at commitPassiveMountOnFiber (../../node_modules/.pnpm/react-dom@18.3.1_react@18.3.1/node_modules/react-dom/cjs/react-dom.development.js:24970:11)
      at commitPassiveMountEffects_complete (../../node_modules/.pnpm/react-dom@18.3.1_react@18.3.1/node_modules/react-dom/cjs/react-dom.development.js:24930:9)
      at commitPassiveMountEffects_begin (../../node_modules/.pnpm/react-dom@18.3.1_react@18.3.1/node_modules/react-dom/cjs/react-dom.development.js:24917:7)
      at commitPassiveMountEffects (../../node_modules/.pnpm/react-dom@18.3.1_react@18.3.1/node_modules/react-dom/cjs/react-dom.development.js:24905:3)
      at flushPassiveEffectsImpl (../../node_modules/.pnpm/react-dom@18.3.1_react@18.3.1/node_modules/react-dom/cjs/react-dom.development.js:27078:3)
      at flushPassiveEffects (../../node_modules/.pnpm/react-dom@18.3.1_react@18.3.1/node_modules/react-dom/cjs/react-dom.development.js:27023:14)
      at commitRootImpl (../../node_modules/.pnpm/react-dom@18.3.1_react@18.3.1/node_modules/react-dom/cjs/react-dom.development.js:26974:5)
      at commitRoot (../../node_modules/.pnpm/react-dom@18.3.1_react@18.3.1/node_modules/react-dom/cjs/react-dom.development.js:26721:5)
      at performSyncWorkOnRoot (../../node_modules/.pnpm/react-dom@18.3.1_react@18.3.1/node_modules/react-dom/cjs/react-dom.development.js:26156:3)
      at flushSyncCallbacks (../../node_modules/.pnpm/react-dom@18.3.1_react@18.3.1/node_modules/react-dom/cjs/react-dom.development.js:12042:22)
      at commitRootImpl (../../node_modules/.pnpm/react-dom@18.3.1_react@18.3.1/node_modules/react-dom/cjs/react-dom.development.js:26998:3)
      at commitRoot (../../node_modules/.pnpm/react-dom@18.3.1_react@18.3.1/node_modules/react-dom/cjs/react-dom.development.js:26721:5)
      at finishConcurrentRender (../../node_modules/.pnpm/react-dom@18.3.1_react@18.3.1/node_modules/react-dom/cjs/react-dom.development.js:26020:9)
      at performConcurrentWorkOnRoot (../../node_modules/.pnpm/react-dom@18.3.1_react@18.3.1/node_modules/react-dom/cjs/react-dom.development.js:25848:7)
      at flushActQueue (../../node_modules/.pnpm/react@18.3.1/node_modules/react/cjs/react.development.js:2667:24)
      at act (../../node_modules/.pnpm/react@18.3.1/node_modules/react/cjs/react.development.js:2582:11)
      at ../../node_modules/.pnpm/@testing-library+react@16.3.2_@testing-library+dom@10.4.1_@types+react-dom@18.3.7_@types+reac_3k5f6qynewwmkoqvlvtzlgtsjq/node_modules/@testing-library/react/dist/act-compat.js:46:25
      at renderRoot (../../node_modules/.pnpm/@testing-library+react@16.3.2_@testing-library+dom@10.4.1_@types+react-dom@18.3.7_@types+reac_3k5f6qynewwmkoqvlvtzlgtsjq/node_modules/@testing-library/react/dist/pure.js:189:26)
      at render (../../node_modules/.pnpm/@testing-library+react@16.3.2_@testing-library+dom@10.4.1_@types+react-dom@18.3.7_@types+reac_3k5f6qynewwmkoqvlvtzlgtsjq/node_modules/@testing-library/react/dist/pure.js:291:10)
      at Object.<anonymous> (components/__tests__/org-view-drawer.test.tsx:23:11)

    console.warn
      Warning: Missing `Description` or `aria-describedby={undefined}` for {DialogContent}.

      34 |
      35 |   it('hides Edit/Delete and shows Platform badge for platform orgs', () => {
    > 36 |     render(withIntl(
         |           ^
      37 |       <OrgViewDrawer org={platformOrg} open onOpenChange={() => undefined} onEdit={() => undefined} onDelete={() => undefined} />,
      38 |     ))
      39 |     expect(screen.queryByRole('button', { name: en.orgs.actions.edit })).not.toBeInTheDocument()

      at ../../node_modules/.pnpm/@radix-ui+react-dialog@1.1.15_@types+react-dom@18.3.7_@types+react@18.3.29__@types+react@18.3_njobmg4vwbpyupei2aqhvyyque/node_modules/@radix-ui/react-dialog/src/dialog.tsx:543:36
      at commitHookEffectListMount (../../node_modules/.pnpm/react-dom@18.3.1_react@18.3.1/node_modules/react-dom/cjs/react-dom.development.js:23189:26)
      at commitPassiveMountOnFiber (../../node_modules/.pnpm/react-dom@18.3.1_react@18.3.1/node_modules/react-dom/cjs/react-dom.development.js:24970:11)
      at commitPassiveMountEffects_complete (../../node_modules/.pnpm/react-dom@18.3.1_react@18.3.1/node_modules/react-dom/cjs/react-dom.development.js:24930:9)
      at commitPassiveMountEffects_begin (../../node_modules/.pnpm/react-dom@18.3.1_react@18.3.1/node_modules/react-dom/cjs/react-dom.development.js:24917:7)
      at commitPassiveMountEffects (../../node_modules/.pnpm/react-dom@18.3.1_react@18.3.1/node_modules/react-dom/cjs/react-dom.development.js:24905:3)
      at flushPassiveEffectsImpl (../../node_modules/.pnpm/react-dom@18.3.1_react@18.3.1/node_modules/react-dom/cjs/react-dom.development.js:27078:3)
      at flushPassiveEffects (../../node_modules/.pnpm/react-dom@18.3.1_react@18.3.1/node_modules/react-dom/cjs/react-dom.development.js:27023:14)
      at commitRootImpl (../../node_modules/.pnpm/react-dom@18.3.1_react@18.3.1/node_modules/react-dom/cjs/react-dom.development.js:26974:5)
      at commitRoot (../../node_modules/.pnpm/react-dom@18.3.1_react@18.3.1/node_modules/react-dom/cjs/react-dom.development.js:26721:5)
      at performSyncWorkOnRoot (../../node_modules/.pnpm/react-dom@18.3.1_react@18.3.1/node_modules/react-dom/cjs/react-dom.development.js:26156:3)
      at flushSyncCallbacks (../../node_modules/.pnpm/react-dom@18.3.1_react@18.3.1/node_modules/react-dom/cjs/react-dom.development.js:12042:22)
      at commitRootImpl (../../node_modules/.pnpm/react-dom@18.3.1_react@18.3.1/node_modules/react-dom/cjs/react-dom.development.js:26998:3)
      at commitRoot (../../node_modules/.pnpm/react-dom@18.3.1_react@18.3.1/node_modules/react-dom/cjs/react-dom.development.js:26721:5)
      at finishConcurrentRender (../../node_modules/.pnpm/react-dom@18.3.1_react@18.3.1/node_modules/react-dom/cjs/react-dom.development.js:26020:9)
      at performConcurrentWorkOnRoot (../../node_modules/.pnpm/react-dom@18.3.1_react@18.3.1/node_modules/react-dom/cjs/react-dom.development.js:25848:7)
      at flushActQueue (../../node_modules/.pnpm/react@18.3.1/node_modules/react/cjs/react.development.js:2667:24)
      at act (../../node_modules/.pnpm/react@18.3.1/node_modules/react/cjs/react.development.js:2582:11)
      at ../../node_modules/.pnpm/@testing-library+react@16.3.2_@testing-library+dom@10.4.1_@types+react-dom@18.3.7_@types+reac_3k5f6qynewwmkoqvlvtzlgtsjq/node_modules/@testing-library/react/dist/act-compat.js:46:25
      at renderRoot (../../node_modules/.pnpm/@testing-library+react@16.3.2_@testing-library+dom@10.4.1_@types+react-dom@18.3.7_@types+reac_3k5f6qynewwmkoqvlvtzlgtsjq/node_modules/@testing-library/react/dist/pure.js:189:26)
      at render (../../node_modules/.pnpm/@testing-library+react@16.3.2_@testing-library+dom@10.4.1_@types+react-dom@18.3.7_@types+reac_3k5f6qynewwmkoqvlvtzlgtsjq/node_modules/@testing-library/react/dist/pure.js:291:10)
      at Object.<anonymous> (components/__tests__/org-view-drawer.test.tsx:36:11)

    console.warn
      Warning: Missing `Description` or `aria-describedby={undefined}` for {DialogContent}.

      43 |
      44 |   it('renders "No users yet" when userCount is 0', () => {
    > 45 |     render(withIntl(
         |           ^
      46 |       <OrgViewDrawer
      47 |         org={{ ...org, userCount: 0 }}
      48 |         open onOpenChange={() => undefined} onEdit={() => undefined} onDelete={() => undefined}

      at ../../node_modules/.pnpm/@radix-ui+react-dialog@1.1.15_@types+react-dom@18.3.7_@types+react@18.3.29__@types+react@18.3_njobmg4vwbpyupei2aqhvyyque/node_modules/@radix-ui/react-dialog/src/dialog.tsx:543:36
      at commitHookEffectListMount (../../node_modules/.pnpm/react-dom@18.3.1_react@18.3.1/node_modules/react-dom/cjs/react-dom.development.js:23189:26)
      at commitPassiveMountOnFiber (../../node_modules/.pnpm/react-dom@18.3.1_react@18.3.1/node_modules/react-dom/cjs/react-dom.development.js:24970:11)
      at commitPassiveMountEffects_complete (../../node_modules/.pnpm/react-dom@18.3.1_react@18.3.1/node_modules/react-dom/cjs/react-dom.development.js:24930:9)
      at commitPassiveMountEffects_begin (../../node_modules/.pnpm/react-dom@18.3.1_react@18.3.1/node_modules/react-dom/cjs/react-dom.development.js:24917:7)
      at commitPassiveMountEffects (../../node_modules/.pnpm/react-dom@18.3.1_react@18.3.1/node_modules/react-dom/cjs/react-dom.development.js:24905:3)
      at flushPassiveEffectsImpl (../../node_modules/.pnpm/react-dom@18.3.1_react@18.3.1/node_modules/react-dom/cjs/react-dom.development.js:27078:3)
      at flushPassiveEffects (../../node_modules/.pnpm/react-dom@18.3.1_react@18.3.1/node_modules/react-dom/cjs/react-dom.development.js:27023:14)
      at commitRootImpl (../../node_modules/.pnpm/react-dom@18.3.1_react@18.3.1/node_modules/react-dom/cjs/react-dom.development.js:26974:5)
      at commitRoot (../../node_modules/.pnpm/react-dom@18.3.1_react@18.3.1/node_modules/react-dom/cjs/react-dom.development.js:26721:5)
      at performSyncWorkOnRoot (../../node_modules/.pnpm/react-dom@18.3.1_react@18.3.1/node_modules/react-dom/cjs/react-dom.development.js:26156:3)
      at flushSyncCallbacks (../../node_modules/.pnpm/react-dom@18.3.1_react@18.3.1/node_modules/react-dom/cjs/react-dom.development.js:12042:22)
      at commitRootImpl (../../node_modules/.pnpm/react-dom@18.3.1_react@18.3.1/node_modules/react-dom/cjs/react-dom.development.js:26998:3)
      at commitRoot (../../node_modules/.pnpm/react-dom@18.3.1_react@18.3.1/node_modules/react-dom/cjs/react-dom.development.js:26721:5)
      at finishConcurrentRender (../../node_modules/.pnpm/react-dom@18.3.1_react@18.3.1/node_modules/react-dom/cjs/react-dom.development.js:26020:9)
      at performConcurrentWorkOnRoot (../../node_modules/.pnpm/react-dom@18.3.1_react@18.3.1/node_modules/react-dom/cjs/react-dom.development.js:25848:7)
      at flushActQueue (../../node_modules/.pnpm/react@18.3.1/node_modules/react/cjs/react.development.js:2667:24)
      at act (../../node_modules/.pnpm/react@18.3.1/node_modules/react/cjs/react.development.js:2582:11)
      at ../../node_modules/.pnpm/@testing-library+react@16.3.2_@testing-library+dom@10.4.1_@types+react-dom@18.3.7_@types+reac_3k5f6qynewwmkoqvlvtzlgtsjq/node_modules/@testing-library/react/dist/act-compat.js:46:25
      at renderRoot (../../node_modules/.pnpm/@testing-library+react@16.3.2_@testing-library+dom@10.4.1_@types+react-dom@18.3.7_@types+reac_3k5f6qynewwmkoqvlvtzlgtsjq/node_modules/@testing-library/react/dist/pure.js:189:26)
      at render (../../node_modules/.pnpm/@testing-library+react@16.3.2_@testing-library+dom@10.4.1_@types+react-dom@18.3.7_@types+reac_3k5f6qynewwmkoqvlvtzlgtsjq/node_modules/@testing-library/react/dist/pure.js:291:10)
      at Object.<anonymous> (components/__tests__/org-view-drawer.test.tsx:45:11)

PASS components/__tests__/org-create-drawer.test.tsx
PASS components/__tests__/role-edit-drawer.test.tsx
  ● Console

    console.warn
      Warning: Missing `Description` or `aria-describedby={undefined}` for {DialogContent}.

      30 |
      31 |   it('renders name and read-only app + immutability hint', async () => {
    > 32 |     render(<RoleEditDrawer role={role} open={true} onOpenChange={() => {}} />)
         |           ^
      33 |     expect(screen.getByDisplayValue('Editor')).toBeInTheDocument()
      34 |     expect(screen.getByText('Portal')).toBeInTheDocument()
      35 |     expect(screen.getByText('roles.fields.appImmutable')).toBeInTheDocument()

      at ../../node_modules/.pnpm/@radix-ui+react-dialog@1.1.15_@types+react-dom@18.3.7_@types+react@18.3.29__@types+react@18.3_njobmg4vwbpyupei2aqhvyyque/node_modules/@radix-ui/react-dialog/src/dialog.tsx:543:36
      at commitHookEffectListMount (../../node_modules/.pnpm/react-dom@18.3.1_react@18.3.1/node_modules/react-dom/cjs/react-dom.development.js:23189:26)
      at commitPassiveMountOnFiber (../../node_modules/.pnpm/react-dom@18.3.1_react@18.3.1/node_modules/react-dom/cjs/react-dom.development.js:24970:11)
      at commitPassiveMountEffects_complete (../../node_modules/.pnpm/react-dom@18.3.1_react@18.3.1/node_modules/react-dom/cjs/react-dom.development.js:24930:9)
      at commitPassiveMountEffects_begin (../../node_modules/.pnpm/react-dom@18.3.1_react@18.3.1/node_modules/react-dom/cjs/react-dom.development.js:24917:7)
      at commitPassiveMountEffects (../../node_modules/.pnpm/react-dom@18.3.1_react@18.3.1/node_modules/react-dom/cjs/react-dom.development.js:24905:3)
      at flushPassiveEffectsImpl (../../node_modules/.pnpm/react-dom@18.3.1_react@18.3.1/node_modules/react-dom/cjs/react-dom.development.js:27078:3)
      at flushPassiveEffects (../../node_modules/.pnpm/react-dom@18.3.1_react@18.3.1/node_modules/react-dom/cjs/react-dom.development.js:27023:14)
      at commitRootImpl (../../node_modules/.pnpm/react-dom@18.3.1_react@18.3.1/node_modules/react-dom/cjs/react-dom.development.js:26974:5)
      at commitRoot (../../node_modules/.pnpm/react-dom@18.3.1_react@18.3.1/node_modules/react-dom/cjs/react-dom.development.js:26721:5)
      at performSyncWorkOnRoot (../../node_modules/.pnpm/react-dom@18.3.1_react@18.3.1/node_modules/react-dom/cjs/react-dom.development.js:26156:3)
      at flushSyncCallbacks (../../node_modules/.pnpm/react-dom@18.3.1_react@18.3.1/node_modules/react-dom/cjs/react-dom.development.js:12042:22)
      at commitRootImpl (../../node_modules/.pnpm/react-dom@18.3.1_react@18.3.1/node_modules/react-dom/cjs/react-dom.development.js:26998:3)
      at commitRoot (../../node_modules/.pnpm/react-dom@18.3.1_react@18.3.1/node_modules/react-dom/cjs/react-dom.development.js:26721:5)
      at finishConcurrentRender (../../node_modules/.pnpm/react-dom@18.3.1_react@18.3.1/node_modules/react-dom/cjs/react-dom.development.js:26020:9)
      at performConcurrentWorkOnRoot (../../node_modules/.pnpm/react-dom@18.3.1_react@18.3.1/node_modules/react-dom/cjs/react-dom.development.js:25848:7)
      at flushActQueue (../../node_modules/.pnpm/react@18.3.1/node_modules/react/cjs/react.development.js:2667:24)
      at act (../../node_modules/.pnpm/react@18.3.1/node_modules/react/cjs/react.development.js:2582:11)
      at ../../node_modules/.pnpm/@testing-library+react@16.3.2_@testing-library+dom@10.4.1_@types+react-dom@18.3.7_@types+reac_3k5f6qynewwmkoqvlvtzlgtsjq/node_modules/@testing-library/react/dist/act-compat.js:46:25
      at renderRoot (../../node_modules/.pnpm/@testing-library+react@16.3.2_@testing-library+dom@10.4.1_@types+react-dom@18.3.7_@types+reac_3k5f6qynewwmkoqvlvtzlgtsjq/node_modules/@testing-library/react/dist/pure.js:189:26)
      at render (../../node_modules/.pnpm/@testing-library+react@16.3.2_@testing-library+dom@10.4.1_@types+react-dom@18.3.7_@types+reac_3k5f6qynewwmkoqvlvtzlgtsjq/node_modules/@testing-library/react/dist/pure.js:291:10)
      at Object.<anonymous> (components/__tests__/role-edit-drawer.test.tsx:32:11)

    console.warn
      Warning: Missing `Description` or `aria-describedby={undefined}` for {DialogContent}.

      38 |
      39 |   it('Save is disabled until something changes', async () => {
    > 40 |     render(<RoleEditDrawer role={role} open={true} onOpenChange={() => {}} />)
         |           ^
      41 |     await waitFor(() => expect(jest.requireMock('@/app/(admin)/roles/actions').getRoleAction).toHaveBeenCalled())
      42 |     const save = screen.getByRole('button', { name: 'roles.drawer.save' })
      43 |     expect(save).toBeDisabled()

      at ../../node_modules/.pnpm/@radix-ui+react-dialog@1.1.15_@types+react-dom@18.3.7_@types+react@18.3.29__@types+react@18.3_njobmg4vwbpyupei2aqhvyyque/node_modules/@radix-ui/react-dialog/src/dialog.tsx:543:36
      at commitHookEffectListMount (../../node_modules/.pnpm/react-dom@18.3.1_react@18.3.1/node_modules/react-dom/cjs/react-dom.development.js:23189:26)
      at commitPassiveMountOnFiber (../../node_modules/.pnpm/react-dom@18.3.1_react@18.3.1/node_modules/react-dom/cjs/react-dom.development.js:24970:11)
      at commitPassiveMountEffects_complete (../../node_modules/.pnpm/react-dom@18.3.1_react@18.3.1/node_modules/react-dom/cjs/react-dom.development.js:24930:9)
      at commitPassiveMountEffects_begin (../../node_modules/.pnpm/react-dom@18.3.1_react@18.3.1/node_modules/react-dom/cjs/react-dom.development.js:24917:7)
      at commitPassiveMountEffects (../../node_modules/.pnpm/react-dom@18.3.1_react@18.3.1/node_modules/react-dom/cjs/react-dom.development.js:24905:3)
      at flushPassiveEffectsImpl (../../node_modules/.pnpm/react-dom@18.3.1_react@18.3.1/node_modules/react-dom/cjs/react-dom.development.js:27078:3)
      at flushPassiveEffects (../../node_modules/.pnpm/react-dom@18.3.1_react@18.3.1/node_modules/react-dom/cjs/react-dom.development.js:27023:14)
      at commitRootImpl (../../node_modules/.pnpm/react-dom@18.3.1_react@18.3.1/node_modules/react-dom/cjs/react-dom.development.js:26974:5)
      at commitRoot (../../node_modules/.pnpm/react-dom@18.3.1_react@18.3.1/node_modules/react-dom/cjs/react-dom.development.js:26721:5)
      at performSyncWorkOnRoot (../../node_modules/.pnpm/react-dom@18.3.1_react@18.3.1/node_modules/react-dom/cjs/react-dom.development.js:26156:3)
      at flushSyncCallbacks (../../node_modules/.pnpm/react-dom@18.3.1_react@18.3.1/node_modules/react-dom/cjs/react-dom.development.js:12042:22)
      at commitRootImpl (../../node_modules/.pnpm/react-dom@18.3.1_react@18.3.1/node_modules/react-dom/cjs/react-dom.development.js:26998:3)
      at commitRoot (../../node_modules/.pnpm/react-dom@18.3.1_react@18.3.1/node_modules/react-dom/cjs/react-dom.development.js:26721:5)
      at finishConcurrentRender (../../node_modules/.pnpm/react-dom@18.3.1_react@18.3.1/node_modules/react-dom/cjs/react-dom.development.js:26020:9)
      at performConcurrentWorkOnRoot (../../node_modules/.pnpm/react-dom@18.3.1_react@18.3.1/node_modules/react-dom/cjs/react-dom.development.js:25848:7)
      at flushActQueue (../../node_modules/.pnpm/react@18.3.1/node_modules/react/cjs/react.development.js:2667:24)
      at act (../../node_modules/.pnpm/react@18.3.1/node_modules/react/cjs/react.development.js:2582:11)
      at ../../node_modules/.pnpm/@testing-library+react@16.3.2_@testing-library+dom@10.4.1_@types+react-dom@18.3.7_@types+reac_3k5f6qynewwmkoqvlvtzlgtsjq/node_modules/@testing-library/react/dist/act-compat.js:46:25
      at renderRoot (../../node_modules/.pnpm/@testing-library+react@16.3.2_@testing-library+dom@10.4.1_@types+react-dom@18.3.7_@types+reac_3k5f6qynewwmkoqvlvtzlgtsjq/node_modules/@testing-library/react/dist/pure.js:189:26)
      at render (../../node_modules/.pnpm/@testing-library+react@16.3.2_@testing-library+dom@10.4.1_@types+react-dom@18.3.7_@types+reac_3k5f6qynewwmkoqvlvtzlgtsjq/node_modules/@testing-library/react/dist/pure.js:291:10)
      at Object.<anonymous> (components/__tests__/role-edit-drawer.test.tsx:40:11)

    console.warn
      Warning: Missing `Description` or `aria-describedby={undefined}` for {DialogContent}.

      49 |     const onOpenChange = jest.fn()
      50 |     const { updateRoleAction } = jest.requireMock('@/app/(admin)/roles/actions')
    > 51 |     render(<RoleEditDrawer role={role} open={true} onOpenChange={onOpenChange} />)
         |           ^
      52 |     await waitFor(() => expect(jest.requireMock('@/app/(admin)/roles/actions').getRoleAction).toHaveBeenCalled())
      53 |     fireEvent.change(screen.getByDisplayValue('Editor'), { target: { value: 'Editor v2' } })
      54 |     fireEvent.click(screen.getByRole('button', { name: 'roles.drawer.save' }))

      at ../../node_modules/.pnpm/@radix-ui+react-dialog@1.1.15_@types+react-dom@18.3.7_@types+react@18.3.29__@types+react@18.3_njobmg4vwbpyupei2aqhvyyque/node_modules/@radix-ui/react-dialog/src/dialog.tsx:543:36
      at commitHookEffectListMount (../../node_modules/.pnpm/react-dom@18.3.1_react@18.3.1/node_modules/react-dom/cjs/react-dom.development.js:23189:26)
      at commitPassiveMountOnFiber (../../node_modules/.pnpm/react-dom@18.3.1_react@18.3.1/node_modules/react-dom/cjs/react-dom.development.js:24970:11)
      at commitPassiveMountEffects_complete (../../node_modules/.pnpm/react-dom@18.3.1_react@18.3.1/node_modules/react-dom/cjs/react-dom.development.js:24930:9)
      at commitPassiveMountEffects_begin (../../node_modules/.pnpm/react-dom@18.3.1_react@18.3.1/node_modules/react-dom/cjs/react-dom.development.js:24917:7)
      at commitPassiveMountEffects (../../node_modules/.pnpm/react-dom@18.3.1_react@18.3.1/node_modules/react-dom/cjs/react-dom.development.js:24905:3)
      at flushPassiveEffectsImpl (../../node_modules/.pnpm/react-dom@18.3.1_react@18.3.1/node_modules/react-dom/cjs/react-dom.development.js:27078:3)
      at flushPassiveEffects (../../node_modules/.pnpm/react-dom@18.3.1_react@18.3.1/node_modules/react-dom/cjs/react-dom.development.js:27023:14)
      at commitRootImpl (../../node_modules/.pnpm/react-dom@18.3.1_react@18.3.1/node_modules/react-dom/cjs/react-dom.development.js:26974:5)
      at commitRoot (../../node_modules/.pnpm/react-dom@18.3.1_react@18.3.1/node_modules/react-dom/cjs/react-dom.development.js:26721:5)
      at performSyncWorkOnRoot (../../node_modules/.pnpm/react-dom@18.3.1_react@18.3.1/node_modules/react-dom/cjs/react-dom.development.js:26156:3)
      at flushSyncCallbacks (../../node_modules/.pnpm/react-dom@18.3.1_react@18.3.1/node_modules/react-dom/cjs/react-dom.development.js:12042:22)
      at commitRootImpl (../../node_modules/.pnpm/react-dom@18.3.1_react@18.3.1/node_modules/react-dom/cjs/react-dom.development.js:26998:3)
      at commitRoot (../../node_modules/.pnpm/react-dom@18.3.1_react@18.3.1/node_modules/react-dom/cjs/react-dom.development.js:26721:5)
      at finishConcurrentRender (../../node_modules/.pnpm/react-dom@18.3.1_react@18.3.1/node_modules/react-dom/cjs/react-dom.development.js:26020:9)
      at performConcurrentWorkOnRoot (../../node_modules/.pnpm/react-dom@18.3.1_react@18.3.1/node_modules/react-dom/cjs/react-dom.development.js:25848:7)
      at flushActQueue (../../node_modules/.pnpm/react@18.3.1/node_modules/react/cjs/react.development.js:2667:24)
      at act (../../node_modules/.pnpm/react@18.3.1/node_modules/react/cjs/react.development.js:2582:11)
      at ../../node_modules/.pnpm/@testing-library+react@16.3.2_@testing-library+dom@10.4.1_@types+react-dom@18.3.7_@types+reac_3k5f6qynewwmkoqvlvtzlgtsjq/node_modules/@testing-library/react/dist/act-compat.js:46:25
      at renderRoot (../../node_modules/.pnpm/@testing-library+react@16.3.2_@testing-library+dom@10.4.1_@types+react-dom@18.3.7_@types+reac_3k5f6qynewwmkoqvlvtzlgtsjq/node_modules/@testing-library/react/dist/pure.js:189:26)
      at render (../../node_modules/.pnpm/@testing-library+react@16.3.2_@testing-library+dom@10.4.1_@types+react-dom@18.3.7_@types+reac_3k5f6qynewwmkoqvlvtzlgtsjq/node_modules/@testing-library/react/dist/pure.js:291:10)
      at Object.<anonymous> (components/__tests__/role-edit-drawer.test.tsx:51:11)

PASS components/__tests__/role-view-drawer.test.tsx
  ● Console

    console.warn
      Warning: Missing `Description` or `aria-describedby={undefined}` for {DialogContent}.

      30 | describe('RoleViewDrawer', () => {
      31 |   it('renders name + loads the permissions list', async () => {
    > 32 |     render(<RoleViewDrawer role={role} open={true} onOpenChange={() => {}} onEdit={() => {}} onDelete={() => {}} />)
         |           ^
      33 |     expect(screen.getByText('Editor')).toBeInTheDocument()
      34 |     await waitFor(() => expect(screen.getByText('apps.read')).toBeInTheDocument())
      35 |     expect(screen.getByText('apps.write')).toBeInTheDocument()

      at ../../node_modules/.pnpm/@radix-ui+react-dialog@1.1.15_@types+react-dom@18.3.7_@types+react@18.3.29__@types+react@18.3_njobmg4vwbpyupei2aqhvyyque/node_modules/@radix-ui/react-dialog/src/dialog.tsx:543:36
      at commitHookEffectListMount (../../node_modules/.pnpm/react-dom@18.3.1_react@18.3.1/node_modules/react-dom/cjs/react-dom.development.js:23189:26)
      at commitPassiveMountOnFiber (../../node_modules/.pnpm/react-dom@18.3.1_react@18.3.1/node_modules/react-dom/cjs/react-dom.development.js:24970:11)
      at commitPassiveMountEffects_complete (../../node_modules/.pnpm/react-dom@18.3.1_react@18.3.1/node_modules/react-dom/cjs/react-dom.development.js:24930:9)
      at commitPassiveMountEffects_begin (../../node_modules/.pnpm/react-dom@18.3.1_react@18.3.1/node_modules/react-dom/cjs/react-dom.development.js:24917:7)
      at commitPassiveMountEffects (../../node_modules/.pnpm/react-dom@18.3.1_react@18.3.1/node_modules/react-dom/cjs/react-dom.development.js:24905:3)
      at flushPassiveEffectsImpl (../../node_modules/.pnpm/react-dom@18.3.1_react@18.3.1/node_modules/react-dom/cjs/react-dom.development.js:27078:3)
      at flushPassiveEffects (../../node_modules/.pnpm/react-dom@18.3.1_react@18.3.1/node_modules/react-dom/cjs/react-dom.development.js:27023:14)
      at commitRootImpl (../../node_modules/.pnpm/react-dom@18.3.1_react@18.3.1/node_modules/react-dom/cjs/react-dom.development.js:26974:5)
      at commitRoot (../../node_modules/.pnpm/react-dom@18.3.1_react@18.3.1/node_modules/react-dom/cjs/react-dom.development.js:26721:5)
      at performSyncWorkOnRoot (../../node_modules/.pnpm/react-dom@18.3.1_react@18.3.1/node_modules/react-dom/cjs/react-dom.development.js:26156:3)
      at flushSyncCallbacks (../../node_modules/.pnpm/react-dom@18.3.1_react@18.3.1/node_modules/react-dom/cjs/react-dom.development.js:12042:22)
      at commitRootImpl (../../node_modules/.pnpm/react-dom@18.3.1_react@18.3.1/node_modules/react-dom/cjs/react-dom.development.js:26998:3)
      at commitRoot (../../node_modules/.pnpm/react-dom@18.3.1_react@18.3.1/node_modules/react-dom/cjs/react-dom.development.js:26721:5)
      at finishConcurrentRender (../../node_modules/.pnpm/react-dom@18.3.1_react@18.3.1/node_modules/react-dom/cjs/react-dom.development.js:26020:9)
      at performConcurrentWorkOnRoot (../../node_modules/.pnpm/react-dom@18.3.1_react@18.3.1/node_modules/react-dom/cjs/react-dom.development.js:25848:7)
      at flushActQueue (../../node_modules/.pnpm/react@18.3.1/node_modules/react/cjs/react.development.js:2667:24)
      at act (../../node_modules/.pnpm/react@18.3.1/node_modules/react/cjs/react.development.js:2582:11)
      at ../../node_modules/.pnpm/@testing-library+react@16.3.2_@testing-library+dom@10.4.1_@types+react-dom@18.3.7_@types+reac_3k5f6qynewwmkoqvlvtzlgtsjq/node_modules/@testing-library/react/dist/act-compat.js:46:25
      at renderRoot (../../node_modules/.pnpm/@testing-library+react@16.3.2_@testing-library+dom@10.4.1_@types+react-dom@18.3.7_@types+reac_3k5f6qynewwmkoqvlvtzlgtsjq/node_modules/@testing-library/react/dist/pure.js:189:26)
      at render (../../node_modules/.pnpm/@testing-library+react@16.3.2_@testing-library+dom@10.4.1_@types+react-dom@18.3.7_@types+reac_3k5f6qynewwmkoqvlvtzlgtsjq/node_modules/@testing-library/react/dist/pure.js:291:10)
      at Object.<anonymous> (components/__tests__/role-view-drawer.test.tsx:32:11)

    console.warn
      Warning: Missing `Description` or `aria-describedby={undefined}` for {DialogContent}.

      37 |
      38 |   it('disables Delete with tooltip when in-use', async () => {
    > 39 |     render(<RoleViewDrawer role={role} open={true} onOpenChange={() => {}} onEdit={() => {}} onDelete={() => {}} />)
         |           ^
      40 |     await waitFor(() => expect(screen.getByText('apps.read')).toBeInTheDocument())
      41 |     const del = screen.getByRole('button', { name: 'roles.actions.delete' })
      42 |     expect(del).toBeDisabled()

      at ../../node_modules/.pnpm/@radix-ui+react-dialog@1.1.15_@types+react-dom@18.3.7_@types+react@18.3.29__@types+react@18.3_njobmg4vwbpyupei2aqhvyyque/node_modules/@radix-ui/react-dialog/src/dialog.tsx:543:36
      at commitHookEffectListMount (../../node_modules/.pnpm/react-dom@18.3.1_react@18.3.1/node_modules/react-dom/cjs/react-dom.development.js:23189:26)
      at commitPassiveMountOnFiber (../../node_modules/.pnpm/react-dom@18.3.1_react@18.3.1/node_modules/react-dom/cjs/react-dom.development.js:24970:11)
      at commitPassiveMountEffects_complete (../../node_modules/.pnpm/react-dom@18.3.1_react@18.3.1/node_modules/react-dom/cjs/react-dom.development.js:24930:9)
      at commitPassiveMountEffects_begin (../../node_modules/.pnpm/react-dom@18.3.1_react@18.3.1/node_modules/react-dom/cjs/react-dom.development.js:24917:7)
      at commitPassiveMountEffects (../../node_modules/.pnpm/react-dom@18.3.1_react@18.3.1/node_modules/react-dom/cjs/react-dom.development.js:24905:3)
      at flushPassiveEffectsImpl (../../node_modules/.pnpm/react-dom@18.3.1_react@18.3.1/node_modules/react-dom/cjs/react-dom.development.js:27078:3)
      at flushPassiveEffects (../../node_modules/.pnpm/react-dom@18.3.1_react@18.3.1/node_modules/react-dom/cjs/react-dom.development.js:27023:14)
      at commitRootImpl (../../node_modules/.pnpm/react-dom@18.3.1_react@18.3.1/node_modules/react-dom/cjs/react-dom.development.js:26974:5)
      at commitRoot (../../node_modules/.pnpm/react-dom@18.3.1_react@18.3.1/node_modules/react-dom/cjs/react-dom.development.js:26721:5)
      at performSyncWorkOnRoot (../../node_modules/.pnpm/react-dom@18.3.1_react@18.3.1/node_modules/react-dom/cjs/react-dom.development.js:26156:3)
      at flushSyncCallbacks (../../node_modules/.pnpm/react-dom@18.3.1_react@18.3.1/node_modules/react-dom/cjs/react-dom.development.js:12042:22)
      at commitRootImpl (../../node_modules/.pnpm/react-dom@18.3.1_react@18.3.1/node_modules/react-dom/cjs/react-dom.development.js:26998:3)
      at commitRoot (../../node_modules/.pnpm/react-dom@18.3.1_react@18.3.1/node_modules/react-dom/cjs/react-dom.development.js:26721:5)
      at finishConcurrentRender (../../node_modules/.pnpm/react-dom@18.3.1_react@18.3.1/node_modules/react-dom/cjs/react-dom.development.js:26020:9)
      at performConcurrentWorkOnRoot (../../node_modules/.pnpm/react-dom@18.3.1_react@18.3.1/node_modules/react-dom/cjs/react-dom.development.js:25848:7)
      at flushActQueue (../../node_modules/.pnpm/react@18.3.1/node_modules/react/cjs/react.development.js:2667:24)
      at act (../../node_modules/.pnpm/react@18.3.1/node_modules/react/cjs/react.development.js:2582:11)
      at ../../node_modules/.pnpm/@testing-library+react@16.3.2_@testing-library+dom@10.4.1_@types+react-dom@18.3.7_@types+reac_3k5f6qynewwmkoqvlvtzlgtsjq/node_modules/@testing-library/react/dist/act-compat.js:46:25
      at renderRoot (../../node_modules/.pnpm/@testing-library+react@16.3.2_@testing-library+dom@10.4.1_@types+react-dom@18.3.7_@types+reac_3k5f6qynewwmkoqvlvtzlgtsjq/node_modules/@testing-library/react/dist/pure.js:189:26)
      at render (../../node_modules/.pnpm/@testing-library+react@16.3.2_@testing-library+dom@10.4.1_@types+react-dom@18.3.7_@types+reac_3k5f6qynewwmkoqvlvtzlgtsjq/node_modules/@testing-library/react/dist/pure.js:291:10)
      at Object.<anonymous> (components/__tests__/role-view-drawer.test.tsx:39:11)

    console.warn
      Warning: Missing `Description` or `aria-describedby={undefined}` for {DialogContent}.

      52 |     }
      53 |     jest.requireMock('@/app/(admin)/roles/actions').getRoleAction.mockResolvedValueOnce(detailUnused)
    > 54 |     render(<RoleViewDrawer role={unused} open={true} onOpenChange={() => {}} onEdit={() => {}} onDelete={() => {}} />)
         |           ^
      55 |     await waitFor(() => expect(screen.getByText('roles.drawer.noPermissions')).toBeInTheDocument())
      56 |     expect(screen.getByRole('button', { name: 'roles.actions.delete' })).not.toBeDisabled()
      57 |   })

      at ../../node_modules/.pnpm/@radix-ui+react-dialog@1.1.15_@types+react-dom@18.3.7_@types+react@18.3.29__@types+react@18.3_njobmg4vwbpyupei2aqhvyyque/node_modules/@radix-ui/react-dialog/src/dialog.tsx:543:36
      at commitHookEffectListMount (../../node_modules/.pnpm/react-dom@18.3.1_react@18.3.1/node_modules/react-dom/cjs/react-dom.development.js:23189:26)
      at commitPassiveMountOnFiber (../../node_modules/.pnpm/react-dom@18.3.1_react@18.3.1/node_modules/react-dom/cjs/react-dom.development.js:24970:11)
      at commitPassiveMountEffects_complete (../../node_modules/.pnpm/react-dom@18.3.1_react@18.3.1/node_modules/react-dom/cjs/react-dom.development.js:24930:9)
      at commitPassiveMountEffects_begin (../../node_modules/.pnpm/react-dom@18.3.1_react@18.3.1/node_modules/react-dom/cjs/react-dom.development.js:24917:7)
      at commitPassiveMountEffects (../../node_modules/.pnpm/react-dom@18.3.1_react@18.3.1/node_modules/react-dom/cjs/react-dom.development.js:24905:3)
      at flushPassiveEffectsImpl (../../node_modules/.pnpm/react-dom@18.3.1_react@18.3.1/node_modules/react-dom/cjs/react-dom.development.js:27078:3)
      at flushPassiveEffects (../../node_modules/.pnpm/react-dom@18.3.1_react@18.3.1/node_modules/react-dom/cjs/react-dom.development.js:27023:14)
      at commitRootImpl (../../node_modules/.pnpm/react-dom@18.3.1_react@18.3.1/node_modules/react-dom/cjs/react-dom.development.js:26974:5)
      at commitRoot (../../node_modules/.pnpm/react-dom@18.3.1_react@18.3.1/node_modules/react-dom/cjs/react-dom.development.js:26721:5)
      at performSyncWorkOnRoot (../../node_modules/.pnpm/react-dom@18.3.1_react@18.3.1/node_modules/react-dom/cjs/react-dom.development.js:26156:3)
      at flushSyncCallbacks (../../node_modules/.pnpm/react-dom@18.3.1_react@18.3.1/node_modules/react-dom/cjs/react-dom.development.js:12042:22)
      at commitRootImpl (../../node_modules/.pnpm/react-dom@18.3.1_react@18.3.1/node_modules/react-dom/cjs/react-dom.development.js:26998:3)
      at commitRoot (../../node_modules/.pnpm/react-dom@18.3.1_react@18.3.1/node_modules/react-dom/cjs/react-dom.development.js:26721:5)
      at finishConcurrentRender (../../node_modules/.pnpm/react-dom@18.3.1_react@18.3.1/node_modules/react-dom/cjs/react-dom.development.js:26020:9)
      at performConcurrentWorkOnRoot (../../node_modules/.pnpm/react-dom@18.3.1_react@18.3.1/node_modules/react-dom/cjs/react-dom.development.js:25848:7)
      at flushActQueue (../../node_modules/.pnpm/react@18.3.1/node_modules/react/cjs/react.development.js:2667:24)
      at act (../../node_modules/.pnpm/react@18.3.1/node_modules/react/cjs/react.development.js:2582:11)
      at ../../node_modules/.pnpm/@testing-library+react@16.3.2_@testing-library+dom@10.4.1_@types+react-dom@18.3.7_@types+reac_3k5f6qynewwmkoqvlvtzlgtsjq/node_modules/@testing-library/react/dist/act-compat.js:46:25
      at renderRoot (../../node_modules/.pnpm/@testing-library+react@16.3.2_@testing-library+dom@10.4.1_@types+react-dom@18.3.7_@types+reac_3k5f6qynewwmkoqvlvtzlgtsjq/node_modules/@testing-library/react/dist/pure.js:189:26)
      at render (../../node_modules/.pnpm/@testing-library+react@16.3.2_@testing-library+dom@10.4.1_@types+react-dom@18.3.7_@types+reac_3k5f6qynewwmkoqvlvtzlgtsjq/node_modules/@testing-library/react/dist/pure.js:291:10)
      at Object.<anonymous> (components/__tests__/role-view-drawer.test.tsx:54:11)

PASS components/__tests__/role-create-drawer.test.tsx
PASS components/__tests__/permission-create-drawer.test.tsx
PASS components/__tests__/permission-edit-drawer.test.tsx
  ● Console

    console.warn
      Warning: Missing `Description` or `aria-describedby={undefined}` for {DialogContent}.

      20 | describe('PermissionEditDrawer', () => {
      21 |   it('renders name and read-only app', () => {
    > 22 |     render(<PermissionEditDrawer permission={permission} open={true} onOpenChange={() => {}} />)
         |           ^
      23 |     expect(screen.getByDisplayValue('apps.read')).toBeInTheDocument()
      24 |     expect(screen.getByText('Portal')).toBeInTheDocument()
      25 |     expect(screen.getByText('permissions.fields.appImmutable')).toBeInTheDocument()

      at ../../node_modules/.pnpm/@radix-ui+react-dialog@1.1.15_@types+react-dom@18.3.7_@types+react@18.3.29__@types+react@18.3_njobmg4vwbpyupei2aqhvyyque/node_modules/@radix-ui/react-dialog/src/dialog.tsx:543:36
      at commitHookEffectListMount (../../node_modules/.pnpm/react-dom@18.3.1_react@18.3.1/node_modules/react-dom/cjs/react-dom.development.js:23189:26)
      at commitPassiveMountOnFiber (../../node_modules/.pnpm/react-dom@18.3.1_react@18.3.1/node_modules/react-dom/cjs/react-dom.development.js:24970:11)
      at commitPassiveMountEffects_complete (../../node_modules/.pnpm/react-dom@18.3.1_react@18.3.1/node_modules/react-dom/cjs/react-dom.development.js:24930:9)
      at commitPassiveMountEffects_begin (../../node_modules/.pnpm/react-dom@18.3.1_react@18.3.1/node_modules/react-dom/cjs/react-dom.development.js:24917:7)
      at commitPassiveMountEffects (../../node_modules/.pnpm/react-dom@18.3.1_react@18.3.1/node_modules/react-dom/cjs/react-dom.development.js:24905:3)
      at flushPassiveEffectsImpl (../../node_modules/.pnpm/react-dom@18.3.1_react@18.3.1/node_modules/react-dom/cjs/react-dom.development.js:27078:3)
      at flushPassiveEffects (../../node_modules/.pnpm/react-dom@18.3.1_react@18.3.1/node_modules/react-dom/cjs/react-dom.development.js:27023:14)
      at commitRootImpl (../../node_modules/.pnpm/react-dom@18.3.1_react@18.3.1/node_modules/react-dom/cjs/react-dom.development.js:26974:5)
      at commitRoot (../../node_modules/.pnpm/react-dom@18.3.1_react@18.3.1/node_modules/react-dom/cjs/react-dom.development.js:26721:5)
      at performSyncWorkOnRoot (../../node_modules/.pnpm/react-dom@18.3.1_react@18.3.1/node_modules/react-dom/cjs/react-dom.development.js:26156:3)
      at flushSyncCallbacks (../../node_modules/.pnpm/react-dom@18.3.1_react@18.3.1/node_modules/react-dom/cjs/react-dom.development.js:12042:22)
      at commitRootImpl (../../node_modules/.pnpm/react-dom@18.3.1_react@18.3.1/node_modules/react-dom/cjs/react-dom.development.js:26998:3)
      at commitRoot (../../node_modules/.pnpm/react-dom@18.3.1_react@18.3.1/node_modules/react-dom/cjs/react-dom.development.js:26721:5)
      at finishConcurrentRender (../../node_modules/.pnpm/react-dom@18.3.1_react@18.3.1/node_modules/react-dom/cjs/react-dom.development.js:26020:9)
      at performConcurrentWorkOnRoot (../../node_modules/.pnpm/react-dom@18.3.1_react@18.3.1/node_modules/react-dom/cjs/react-dom.development.js:25848:7)
      at flushActQueue (../../node_modules/.pnpm/react@18.3.1/node_modules/react/cjs/react.development.js:2667:24)
      at act (../../node_modules/.pnpm/react@18.3.1/node_modules/react/cjs/react.development.js:2582:11)
      at ../../node_modules/.pnpm/@testing-library+react@16.3.2_@testing-library+dom@10.4.1_@types+react-dom@18.3.7_@types+reac_3k5f6qynewwmkoqvlvtzlgtsjq/node_modules/@testing-library/react/dist/act-compat.js:46:25
      at renderRoot (../../node_modules/.pnpm/@testing-library+react@16.3.2_@testing-library+dom@10.4.1_@types+react-dom@18.3.7_@types+reac_3k5f6qynewwmkoqvlvtzlgtsjq/node_modules/@testing-library/react/dist/pure.js:189:26)
      at render (../../node_modules/.pnpm/@testing-library+react@16.3.2_@testing-library+dom@10.4.1_@types+react-dom@18.3.7_@types+reac_3k5f6qynewwmkoqvlvtzlgtsjq/node_modules/@testing-library/react/dist/pure.js:291:10)
      at Object.<anonymous> (components/__tests__/permission-edit-drawer.test.tsx:22:11)

    console.warn
      Warning: Missing `Description` or `aria-describedby={undefined}` for {DialogContent}.

      27 |
      28 |   it('Save is disabled until the name is edited', () => {
    > 29 |     render(<PermissionEditDrawer permission={permission} open={true} onOpenChange={() => {}} />)
         |           ^
      30 |     const save = screen.getByRole('button', { name: 'permissions.drawer.save' })
      31 |     expect(save).toBeDisabled()
      32 |     fireEvent.change(screen.getByDisplayValue('apps.read'), { target: { value: 'apps.list' } })

      at ../../node_modules/.pnpm/@radix-ui+react-dialog@1.1.15_@types+react-dom@18.3.7_@types+react@18.3.29__@types+react@18.3_njobmg4vwbpyupei2aqhvyyque/node_modules/@radix-ui/react-dialog/src/dialog.tsx:543:36
      at commitHookEffectListMount (../../node_modules/.pnpm/react-dom@18.3.1_react@18.3.1/node_modules/react-dom/cjs/react-dom.development.js:23189:26)
      at commitPassiveMountOnFiber (../../node_modules/.pnpm/react-dom@18.3.1_react@18.3.1/node_modules/react-dom/cjs/react-dom.development.js:24970:11)
      at commitPassiveMountEffects_complete (../../node_modules/.pnpm/react-dom@18.3.1_react@18.3.1/node_modules/react-dom/cjs/react-dom.development.js:24930:9)
      at commitPassiveMountEffects_begin (../../node_modules/.pnpm/react-dom@18.3.1_react@18.3.1/node_modules/react-dom/cjs/react-dom.development.js:24917:7)
      at commitPassiveMountEffects (../../node_modules/.pnpm/react-dom@18.3.1_react@18.3.1/node_modules/react-dom/cjs/react-dom.development.js:24905:3)
      at flushPassiveEffectsImpl (../../node_modules/.pnpm/react-dom@18.3.1_react@18.3.1/node_modules/react-dom/cjs/react-dom.development.js:27078:3)
      at flushPassiveEffects (../../node_modules/.pnpm/react-dom@18.3.1_react@18.3.1/node_modules/react-dom/cjs/react-dom.development.js:27023:14)
      at commitRootImpl (../../node_modules/.pnpm/react-dom@18.3.1_react@18.3.1/node_modules/react-dom/cjs/react-dom.development.js:26974:5)
      at commitRoot (../../node_modules/.pnpm/react-dom@18.3.1_react@18.3.1/node_modules/react-dom/cjs/react-dom.development.js:26721:5)
      at performSyncWorkOnRoot (../../node_modules/.pnpm/react-dom@18.3.1_react@18.3.1/node_modules/react-dom/cjs/react-dom.development.js:26156:3)
      at flushSyncCallbacks (../../node_modules/.pnpm/react-dom@18.3.1_react@18.3.1/node_modules/react-dom/cjs/react-dom.development.js:12042:22)
      at commitRootImpl (../../node_modules/.pnpm/react-dom@18.3.1_react@18.3.1/node_modules/react-dom/cjs/react-dom.development.js:26998:3)
      at commitRoot (../../node_modules/.pnpm/react-dom@18.3.1_react@18.3.1/node_modules/react-dom/cjs/react-dom.development.js:26721:5)
      at finishConcurrentRender (../../node_modules/.pnpm/react-dom@18.3.1_react@18.3.1/node_modules/react-dom/cjs/react-dom.development.js:26020:9)
      at performConcurrentWorkOnRoot (../../node_modules/.pnpm/react-dom@18.3.1_react@18.3.1/node_modules/react-dom/cjs/react-dom.development.js:25848:7)
      at flushActQueue (../../node_modules/.pnpm/react@18.3.1/node_modules/react/cjs/react.development.js:2667:24)
      at act (../../node_modules/.pnpm/react@18.3.1/node_modules/react/cjs/react.development.js:2582:11)
      at ../../node_modules/.pnpm/@testing-library+react@16.3.2_@testing-library+dom@10.4.1_@types+react-dom@18.3.7_@types+reac_3k5f6qynewwmkoqvlvtzlgtsjq/node_modules/@testing-library/react/dist/act-compat.js:46:25
      at renderRoot (../../node_modules/.pnpm/@testing-library+react@16.3.2_@testing-library+dom@10.4.1_@types+react-dom@18.3.7_@types+reac_3k5f6qynewwmkoqvlvtzlgtsjq/node_modules/@testing-library/react/dist/pure.js:189:26)
      at render (../../node_modules/.pnpm/@testing-library+react@16.3.2_@testing-library+dom@10.4.1_@types+react-dom@18.3.7_@types+reac_3k5f6qynewwmkoqvlvtzlgtsjq/node_modules/@testing-library/react/dist/pure.js:291:10)
      at Object.<anonymous> (components/__tests__/permission-edit-drawer.test.tsx:29:11)

    console.warn
      Warning: Missing `Description` or `aria-describedby={undefined}` for {DialogContent}.

      36 |   it('submits with valid name and closes on success', async () => {
      37 |     const onOpenChange = jest.fn()
    > 38 |     render(<PermissionEditDrawer permission={permission} open={true} onOpenChange={onOpenChange} />)
         |           ^
      39 |     fireEvent.change(screen.getByDisplayValue('apps.read'), { target: { value: 'apps.list' } })
      40 |     fireEvent.click(screen.getByRole('button', { name: 'permissions.drawer.save' }))
      41 |     await waitFor(() => expect(onOpenChange).toHaveBeenCalledWith(false))

      at ../../node_modules/.pnpm/@radix-ui+react-dialog@1.1.15_@types+react-dom@18.3.7_@types+react@18.3.29__@types+react@18.3_njobmg4vwbpyupei2aqhvyyque/node_modules/@radix-ui/react-dialog/src/dialog.tsx:543:36
      at commitHookEffectListMount (../../node_modules/.pnpm/react-dom@18.3.1_react@18.3.1/node_modules/react-dom/cjs/react-dom.development.js:23189:26)
      at commitPassiveMountOnFiber (../../node_modules/.pnpm/react-dom@18.3.1_react@18.3.1/node_modules/react-dom/cjs/react-dom.development.js:24970:11)
      at commitPassiveMountEffects_complete (../../node_modules/.pnpm/react-dom@18.3.1_react@18.3.1/node_modules/react-dom/cjs/react-dom.development.js:24930:9)
      at commitPassiveMountEffects_begin (../../node_modules/.pnpm/react-dom@18.3.1_react@18.3.1/node_modules/react-dom/cjs/react-dom.development.js:24917:7)
      at commitPassiveMountEffects (../../node_modules/.pnpm/react-dom@18.3.1_react@18.3.1/node_modules/react-dom/cjs/react-dom.development.js:24905:3)
      at flushPassiveEffectsImpl (../../node_modules/.pnpm/react-dom@18.3.1_react@18.3.1/node_modules/react-dom/cjs/react-dom.development.js:27078:3)
      at flushPassiveEffects (../../node_modules/.pnpm/react-dom@18.3.1_react@18.3.1/node_modules/react-dom/cjs/react-dom.development.js:27023:14)
      at commitRootImpl (../../node_modules/.pnpm/react-dom@18.3.1_react@18.3.1/node_modules/react-dom/cjs/react-dom.development.js:26974:5)
      at commitRoot (../../node_modules/.pnpm/react-dom@18.3.1_react@18.3.1/node_modules/react-dom/cjs/react-dom.development.js:26721:5)
      at performSyncWorkOnRoot (../../node_modules/.pnpm/react-dom@18.3.1_react@18.3.1/node_modules/react-dom/cjs/react-dom.development.js:26156:3)
      at flushSyncCallbacks (../../node_modules/.pnpm/react-dom@18.3.1_react@18.3.1/node_modules/react-dom/cjs/react-dom.development.js:12042:22)
      at commitRootImpl (../../node_modules/.pnpm/react-dom@18.3.1_react@18.3.1/node_modules/react-dom/cjs/react-dom.development.js:26998:3)
      at commitRoot (../../node_modules/.pnpm/react-dom@18.3.1_react@18.3.1/node_modules/react-dom/cjs/react-dom.development.js:26721:5)
      at finishConcurrentRender (../../node_modules/.pnpm/react-dom@18.3.1_react@18.3.1/node_modules/react-dom/cjs/react-dom.development.js:26020:9)
      at performConcurrentWorkOnRoot (../../node_modules/.pnpm/react-dom@18.3.1_react@18.3.1/node_modules/react-dom/cjs/react-dom.development.js:25848:7)
      at flushActQueue (../../node_modules/.pnpm/react@18.3.1/node_modules/react/cjs/react.development.js:2667:24)
      at act (../../node_modules/.pnpm/react@18.3.1/node_modules/react/cjs/react.development.js:2582:11)
      at ../../node_modules/.pnpm/@testing-library+react@16.3.2_@testing-library+dom@10.4.1_@types+react-dom@18.3.7_@types+reac_3k5f6qynewwmkoqvlvtzlgtsjq/node_modules/@testing-library/react/dist/act-compat.js:46:25
      at renderRoot (../../node_modules/.pnpm/@testing-library+react@16.3.2_@testing-library+dom@10.4.1_@types+react-dom@18.3.7_@types+reac_3k5f6qynewwmkoqvlvtzlgtsjq/node_modules/@testing-library/react/dist/pure.js:189:26)
      at render (../../node_modules/.pnpm/@testing-library+react@16.3.2_@testing-library+dom@10.4.1_@types+react-dom@18.3.7_@types+reac_3k5f6qynewwmkoqvlvtzlgtsjq/node_modules/@testing-library/react/dist/pure.js:291:10)
      at Object.<anonymous> (components/__tests__/permission-edit-drawer.test.tsx:38:11)

PASS components/__tests__/app-edit-drawer.test.tsx
  ● Console

    console.warn
      Warning: Missing `Description` or `aria-describedby={undefined}` for {DialogContent}.

      23 |
      24 |   it('renders the publicId as read-only and copies on click', async () => {
    > 25 |     render(withIntl(<AppEditDrawer app={app} open onOpenChange={() => undefined} />))
         |           ^
      26 |     const pubInput = screen.getByDisplayValue('sq_1') as HTMLInputElement
      27 |     expect(pubInput.readOnly).toBe(true)
      28 |     fireEvent.click(screen.getByRole('button', { name: en.apps.actions.copy }))

      at ../../node_modules/.pnpm/@radix-ui+react-dialog@1.1.15_@types+react-dom@18.3.7_@types+react@18.3.29__@types+react@18.3_njobmg4vwbpyupei2aqhvyyque/node_modules/@radix-ui/react-dialog/src/dialog.tsx:543:36
      at commitHookEffectListMount (../../node_modules/.pnpm/react-dom@18.3.1_react@18.3.1/node_modules/react-dom/cjs/react-dom.development.js:23189:26)
      at commitPassiveMountOnFiber (../../node_modules/.pnpm/react-dom@18.3.1_react@18.3.1/node_modules/react-dom/cjs/react-dom.development.js:24970:11)
      at commitPassiveMountEffects_complete (../../node_modules/.pnpm/react-dom@18.3.1_react@18.3.1/node_modules/react-dom/cjs/react-dom.development.js:24930:9)
      at commitPassiveMountEffects_begin (../../node_modules/.pnpm/react-dom@18.3.1_react@18.3.1/node_modules/react-dom/cjs/react-dom.development.js:24917:7)
      at commitPassiveMountEffects (../../node_modules/.pnpm/react-dom@18.3.1_react@18.3.1/node_modules/react-dom/cjs/react-dom.development.js:24905:3)
      at flushPassiveEffectsImpl (../../node_modules/.pnpm/react-dom@18.3.1_react@18.3.1/node_modules/react-dom/cjs/react-dom.development.js:27078:3)
      at flushPassiveEffects (../../node_modules/.pnpm/react-dom@18.3.1_react@18.3.1/node_modules/react-dom/cjs/react-dom.development.js:27023:14)
      at commitRootImpl (../../node_modules/.pnpm/react-dom@18.3.1_react@18.3.1/node_modules/react-dom/cjs/react-dom.development.js:26974:5)
      at commitRoot (../../node_modules/.pnpm/react-dom@18.3.1_react@18.3.1/node_modules/react-dom/cjs/react-dom.development.js:26721:5)
      at performSyncWorkOnRoot (../../node_modules/.pnpm/react-dom@18.3.1_react@18.3.1/node_modules/react-dom/cjs/react-dom.development.js:26156:3)
      at flushSyncCallbacks (../../node_modules/.pnpm/react-dom@18.3.1_react@18.3.1/node_modules/react-dom/cjs/react-dom.development.js:12042:22)
      at commitRootImpl (../../node_modules/.pnpm/react-dom@18.3.1_react@18.3.1/node_modules/react-dom/cjs/react-dom.development.js:26998:3)
      at commitRoot (../../node_modules/.pnpm/react-dom@18.3.1_react@18.3.1/node_modules/react-dom/cjs/react-dom.development.js:26721:5)
      at finishConcurrentRender (../../node_modules/.pnpm/react-dom@18.3.1_react@18.3.1/node_modules/react-dom/cjs/react-dom.development.js:26020:9)
      at performConcurrentWorkOnRoot (../../node_modules/.pnpm/react-dom@18.3.1_react@18.3.1/node_modules/react-dom/cjs/react-dom.development.js:25848:7)
      at flushActQueue (../../node_modules/.pnpm/react@18.3.1/node_modules/react/cjs/react.development.js:2667:24)
      at act (../../node_modules/.pnpm/react@18.3.1/node_modules/react/cjs/react.development.js:2582:11)
      at ../../node_modules/.pnpm/@testing-library+react@16.3.2_@testing-library+dom@10.4.1_@types+react-dom@18.3.7_@types+reac_3k5f6qynewwmkoqvlvtzlgtsjq/node_modules/@testing-library/react/dist/act-compat.js:46:25
      at renderRoot (../../node_modules/.pnpm/@testing-library+react@16.3.2_@testing-library+dom@10.4.1_@types+react-dom@18.3.7_@types+reac_3k5f6qynewwmkoqvlvtzlgtsjq/node_modules/@testing-library/react/dist/pure.js:189:26)
      at render (../../node_modules/.pnpm/@testing-library+react@16.3.2_@testing-library+dom@10.4.1_@types+react-dom@18.3.7_@types+reac_3k5f6qynewwmkoqvlvtzlgtsjq/node_modules/@testing-library/react/dist/pure.js:291:10)
      at Object.<anonymous> (components/__tests__/app-edit-drawer.test.tsx:25:11)

    console.warn
      Warning: Missing `Description` or `aria-describedby={undefined}` for {DialogContent}.

      31 |
      32 |   it('disables Save when no fields are dirty and enables after edit', () => {
    > 33 |     render(withIntl(<AppEditDrawer app={app} open onOpenChange={() => undefined} />))
         |           ^
      34 |     const save = screen.getByRole('button', { name: en.apps.drawer.save })
      35 |     expect(save).toBeDisabled()
      36 |     const nameInput = screen.getByLabelText(en.apps.fields.name) as HTMLInputElement

      at ../../node_modules/.pnpm/@radix-ui+react-dialog@1.1.15_@types+react-dom@18.3.7_@types+react@18.3.29__@types+react@18.3_njobmg4vwbpyupei2aqhvyyque/node_modules/@radix-ui/react-dialog/src/dialog.tsx:543:36
      at commitHookEffectListMount (../../node_modules/.pnpm/react-dom@18.3.1_react@18.3.1/node_modules/react-dom/cjs/react-dom.development.js:23189:26)
      at commitPassiveMountOnFiber (../../node_modules/.pnpm/react-dom@18.3.1_react@18.3.1/node_modules/react-dom/cjs/react-dom.development.js:24970:11)
      at commitPassiveMountEffects_complete (../../node_modules/.pnpm/react-dom@18.3.1_react@18.3.1/node_modules/react-dom/cjs/react-dom.development.js:24930:9)
      at commitPassiveMountEffects_begin (../../node_modules/.pnpm/react-dom@18.3.1_react@18.3.1/node_modules/react-dom/cjs/react-dom.development.js:24917:7)
      at commitPassiveMountEffects (../../node_modules/.pnpm/react-dom@18.3.1_react@18.3.1/node_modules/react-dom/cjs/react-dom.development.js:24905:3)
      at flushPassiveEffectsImpl (../../node_modules/.pnpm/react-dom@18.3.1_react@18.3.1/node_modules/react-dom/cjs/react-dom.development.js:27078:3)
      at flushPassiveEffects (../../node_modules/.pnpm/react-dom@18.3.1_react@18.3.1/node_modules/react-dom/cjs/react-dom.development.js:27023:14)
      at commitRootImpl (../../node_modules/.pnpm/react-dom@18.3.1_react@18.3.1/node_modules/react-dom/cjs/react-dom.development.js:26974:5)
      at commitRoot (../../node_modules/.pnpm/react-dom@18.3.1_react@18.3.1/node_modules/react-dom/cjs/react-dom.development.js:26721:5)
      at performSyncWorkOnRoot (../../node_modules/.pnpm/react-dom@18.3.1_react@18.3.1/node_modules/react-dom/cjs/react-dom.development.js:26156:3)
      at flushSyncCallbacks (../../node_modules/.pnpm/react-dom@18.3.1_react@18.3.1/node_modules/react-dom/cjs/react-dom.development.js:12042:22)
      at commitRootImpl (../../node_modules/.pnpm/react-dom@18.3.1_react@18.3.1/node_modules/react-dom/cjs/react-dom.development.js:26998:3)
      at commitRoot (../../node_modules/.pnpm/react-dom@18.3.1_react@18.3.1/node_modules/react-dom/cjs/react-dom.development.js:26721:5)
      at finishConcurrentRender (../../node_modules/.pnpm/react-dom@18.3.1_react@18.3.1/node_modules/react-dom/cjs/react-dom.development.js:26020:9)
      at performConcurrentWorkOnRoot (../../node_modules/.pnpm/react-dom@18.3.1_react@18.3.1/node_modules/react-dom/cjs/react-dom.development.js:25848:7)
      at flushActQueue (../../node_modules/.pnpm/react@18.3.1/node_modules/react/cjs/react.development.js:2667:24)
      at act (../../node_modules/.pnpm/react@18.3.1/node_modules/react/cjs/react.development.js:2582:11)
      at ../../node_modules/.pnpm/@testing-library+react@16.3.2_@testing-library+dom@10.4.1_@types+react-dom@18.3.7_@types+reac_3k5f6qynewwmkoqvlvtzlgtsjq/node_modules/@testing-library/react/dist/act-compat.js:46:25
      at renderRoot (../../node_modules/.pnpm/@testing-library+react@16.3.2_@testing-library+dom@10.4.1_@types+react-dom@18.3.7_@types+reac_3k5f6qynewwmkoqvlvtzlgtsjq/node_modules/@testing-library/react/dist/pure.js:189:26)
      at render (../../node_modules/.pnpm/@testing-library+react@16.3.2_@testing-library+dom@10.4.1_@types+react-dom@18.3.7_@types+reac_3k5f6qynewwmkoqvlvtzlgtsjq/node_modules/@testing-library/react/dist/pure.js:291:10)
      at Object.<anonymous> (components/__tests__/app-edit-drawer.test.tsx:33:11)

    console.warn
      Warning: Missing `Description` or `aria-describedby={undefined}` for {DialogContent}.

      44 |     })
      45 |     const onOpenChange = jest.fn()
    > 46 |     render(withIntl(<AppEditDrawer app={app} open onOpenChange={onOpenChange} />))
         |           ^
      47 |     fireEvent.change(screen.getByLabelText(en.apps.fields.name), { target: { value: 'New' } })
      48 |     fireEvent.click(screen.getByRole('button', { name: en.apps.drawer.save }))
      49 |     await waitFor(() =>

      at ../../node_modules/.pnpm/@radix-ui+react-dialog@1.1.15_@types+react-dom@18.3.7_@types+react@18.3.29__@types+react@18.3_njobmg4vwbpyupei2aqhvyyque/node_modules/@radix-ui/react-dialog/src/dialog.tsx:543:36
      at commitHookEffectListMount (../../node_modules/.pnpm/react-dom@18.3.1_react@18.3.1/node_modules/react-dom/cjs/react-dom.development.js:23189:26)
      at commitPassiveMountOnFiber (../../node_modules/.pnpm/react-dom@18.3.1_react@18.3.1/node_modules/react-dom/cjs/react-dom.development.js:24970:11)
      at commitPassiveMountEffects_complete (../../node_modules/.pnpm/react-dom@18.3.1_react@18.3.1/node_modules/react-dom/cjs/react-dom.development.js:24930:9)
      at commitPassiveMountEffects_begin (../../node_modules/.pnpm/react-dom@18.3.1_react@18.3.1/node_modules/react-dom/cjs/react-dom.development.js:24917:7)
      at commitPassiveMountEffects (../../node_modules/.pnpm/react-dom@18.3.1_react@18.3.1/node_modules/react-dom/cjs/react-dom.development.js:24905:3)
      at flushPassiveEffectsImpl (../../node_modules/.pnpm/react-dom@18.3.1_react@18.3.1/node_modules/react-dom/cjs/react-dom.development.js:27078:3)
      at flushPassiveEffects (../../node_modules/.pnpm/react-dom@18.3.1_react@18.3.1/node_modules/react-dom/cjs/react-dom.development.js:27023:14)
      at commitRootImpl (../../node_modules/.pnpm/react-dom@18.3.1_react@18.3.1/node_modules/react-dom/cjs/react-dom.development.js:26974:5)
      at commitRoot (../../node_modules/.pnpm/react-dom@18.3.1_react@18.3.1/node_modules/react-dom/cjs/react-dom.development.js:26721:5)
      at performSyncWorkOnRoot (../../node_modules/.pnpm/react-dom@18.3.1_react@18.3.1/node_modules/react-dom/cjs/react-dom.development.js:26156:3)
      at flushSyncCallbacks (../../node_modules/.pnpm/react-dom@18.3.1_react@18.3.1/node_modules/react-dom/cjs/react-dom.development.js:12042:22)
      at commitRootImpl (../../node_modules/.pnpm/react-dom@18.3.1_react@18.3.1/node_modules/react-dom/cjs/react-dom.development.js:26998:3)
      at commitRoot (../../node_modules/.pnpm/react-dom@18.3.1_react@18.3.1/node_modules/react-dom/cjs/react-dom.development.js:26721:5)
      at finishConcurrentRender (../../node_modules/.pnpm/react-dom@18.3.1_react@18.3.1/node_modules/react-dom/cjs/react-dom.development.js:26020:9)
      at performConcurrentWorkOnRoot (../../node_modules/.pnpm/react-dom@18.3.1_react@18.3.1/node_modules/react-dom/cjs/react-dom.development.js:25848:7)
      at flushActQueue (../../node_modules/.pnpm/react@18.3.1/node_modules/react/cjs/react.development.js:2667:24)
      at act (../../node_modules/.pnpm/react@18.3.1/node_modules/react/cjs/react.development.js:2582:11)
      at ../../node_modules/.pnpm/@testing-library+react@16.3.2_@testing-library+dom@10.4.1_@types+react-dom@18.3.7_@types+reac_3k5f6qynewwmkoqvlvtzlgtsjq/node_modules/@testing-library/react/dist/act-compat.js:46:25
      at renderRoot (../../node_modules/.pnpm/@testing-library+react@16.3.2_@testing-library+dom@10.4.1_@types+react-dom@18.3.7_@types+reac_3k5f6qynewwmkoqvlvtzlgtsjq/node_modules/@testing-library/react/dist/pure.js:189:26)
      at render (../../node_modules/.pnpm/@testing-library+react@16.3.2_@testing-library+dom@10.4.1_@types+react-dom@18.3.7_@types+reac_3k5f6qynewwmkoqvlvtzlgtsjq/node_modules/@testing-library/react/dist/pure.js:291:10)
      at Object.<anonymous> (components/__tests__/app-edit-drawer.test.tsx:46:11)

PASS app/oauth-error/__tests__/page.test.tsx
PASS components/__tests__/org-edit-drawer.test.tsx
  ● Console

    console.warn
      Warning: Missing `Description` or `aria-describedby={undefined}` for {DialogContent}.

      23 |
      24 |   it('renders parent app as read-only and the publicId copy button', async () => {
    > 25 |     render(withIntl(<OrgEditDrawer org={org} open onOpenChange={() => undefined} />))
         |           ^
      26 |     expect(screen.getByText('Customer Portal')).toBeInTheDocument()
      27 |     expect(screen.getByText(en.orgs.fields.appReadOnlyHint)).toBeInTheDocument()
      28 |     const pubInput = screen.getByDisplayValue('sq_10') as HTMLInputElement

      at ../../node_modules/.pnpm/@radix-ui+react-dialog@1.1.15_@types+react-dom@18.3.7_@types+react@18.3.29__@types+react@18.3_njobmg4vwbpyupei2aqhvyyque/node_modules/@radix-ui/react-dialog/src/dialog.tsx:543:36
      at commitHookEffectListMount (../../node_modules/.pnpm/react-dom@18.3.1_react@18.3.1/node_modules/react-dom/cjs/react-dom.development.js:23189:26)
      at commitPassiveMountOnFiber (../../node_modules/.pnpm/react-dom@18.3.1_react@18.3.1/node_modules/react-dom/cjs/react-dom.development.js:24970:11)
      at commitPassiveMountEffects_complete (../../node_modules/.pnpm/react-dom@18.3.1_react@18.3.1/node_modules/react-dom/cjs/react-dom.development.js:24930:9)
      at commitPassiveMountEffects_begin (../../node_modules/.pnpm/react-dom@18.3.1_react@18.3.1/node_modules/react-dom/cjs/react-dom.development.js:24917:7)
      at commitPassiveMountEffects (../../node_modules/.pnpm/react-dom@18.3.1_react@18.3.1/node_modules/react-dom/cjs/react-dom.development.js:24905:3)
      at flushPassiveEffectsImpl (../../node_modules/.pnpm/react-dom@18.3.1_react@18.3.1/node_modules/react-dom/cjs/react-dom.development.js:27078:3)
      at flushPassiveEffects (../../node_modules/.pnpm/react-dom@18.3.1_react@18.3.1/node_modules/react-dom/cjs/react-dom.development.js:27023:14)
      at commitRootImpl (../../node_modules/.pnpm/react-dom@18.3.1_react@18.3.1/node_modules/react-dom/cjs/react-dom.development.js:26974:5)
      at commitRoot (../../node_modules/.pnpm/react-dom@18.3.1_react@18.3.1/node_modules/react-dom/cjs/react-dom.development.js:26721:5)
      at performSyncWorkOnRoot (../../node_modules/.pnpm/react-dom@18.3.1_react@18.3.1/node_modules/react-dom/cjs/react-dom.development.js:26156:3)
      at flushSyncCallbacks (../../node_modules/.pnpm/react-dom@18.3.1_react@18.3.1/node_modules/react-dom/cjs/react-dom.development.js:12042:22)
      at commitRootImpl (../../node_modules/.pnpm/react-dom@18.3.1_react@18.3.1/node_modules/react-dom/cjs/react-dom.development.js:26998:3)
      at commitRoot (../../node_modules/.pnpm/react-dom@18.3.1_react@18.3.1/node_modules/react-dom/cjs/react-dom.development.js:26721:5)
      at finishConcurrentRender (../../node_modules/.pnpm/react-dom@18.3.1_react@18.3.1/node_modules/react-dom/cjs/react-dom.development.js:26020:9)
      at performConcurrentWorkOnRoot (../../node_modules/.pnpm/react-dom@18.3.1_react@18.3.1/node_modules/react-dom/cjs/react-dom.development.js:25848:7)
      at flushActQueue (../../node_modules/.pnpm/react@18.3.1/node_modules/react/cjs/react.development.js:2667:24)
      at act (../../node_modules/.pnpm/react@18.3.1/node_modules/react/cjs/react.development.js:2582:11)
      at ../../node_modules/.pnpm/@testing-library+react@16.3.2_@testing-library+dom@10.4.1_@types+react-dom@18.3.7_@types+reac_3k5f6qynewwmkoqvlvtzlgtsjq/node_modules/@testing-library/react/dist/act-compat.js:46:25
      at renderRoot (../../node_modules/.pnpm/@testing-library+react@16.3.2_@testing-library+dom@10.4.1_@types+react-dom@18.3.7_@types+reac_3k5f6qynewwmkoqvlvtzlgtsjq/node_modules/@testing-library/react/dist/pure.js:189:26)
      at render (../../node_modules/.pnpm/@testing-library+react@16.3.2_@testing-library+dom@10.4.1_@types+react-dom@18.3.7_@types+reac_3k5f6qynewwmkoqvlvtzlgtsjq/node_modules/@testing-library/react/dist/pure.js:291:10)
      at Object.<anonymous> (components/__tests__/org-edit-drawer.test.tsx:25:11)

    console.warn
      Warning: Missing `Description` or `aria-describedby={undefined}` for {DialogContent}.

      31 |
      32 |   it('disables Save when no fields are dirty and enables after edit', () => {
    > 33 |     render(withIntl(<OrgEditDrawer org={org} open onOpenChange={() => undefined} />))
         |           ^
      34 |     const save = screen.getByRole('button', { name: en.orgs.drawer.save })
      35 |     expect(save).toBeDisabled()
      36 |     fireEvent.change(screen.getByLabelText(en.orgs.fields.name), { target: { value: 'New' } })

      at ../../node_modules/.pnpm/@radix-ui+react-dialog@1.1.15_@types+react-dom@18.3.7_@types+react@18.3.29__@types+react@18.3_njobmg4vwbpyupei2aqhvyyque/node_modules/@radix-ui/react-dialog/src/dialog.tsx:543:36
      at commitHookEffectListMount (../../node_modules/.pnpm/react-dom@18.3.1_react@18.3.1/node_modules/react-dom/cjs/react-dom.development.js:23189:26)
      at commitPassiveMountOnFiber (../../node_modules/.pnpm/react-dom@18.3.1_react@18.3.1/node_modules/react-dom/cjs/react-dom.development.js:24970:11)
      at commitPassiveMountEffects_complete (../../node_modules/.pnpm/react-dom@18.3.1_react@18.3.1/node_modules/react-dom/cjs/react-dom.development.js:24930:9)
      at commitPassiveMountEffects_begin (../../node_modules/.pnpm/react-dom@18.3.1_react@18.3.1/node_modules/react-dom/cjs/react-dom.development.js:24917:7)
      at commitPassiveMountEffects (../../node_modules/.pnpm/react-dom@18.3.1_react@18.3.1/node_modules/react-dom/cjs/react-dom.development.js:24905:3)
      at flushPassiveEffectsImpl (../../node_modules/.pnpm/react-dom@18.3.1_react@18.3.1/node_modules/react-dom/cjs/react-dom.development.js:27078:3)
      at flushPassiveEffects (../../node_modules/.pnpm/react-dom@18.3.1_react@18.3.1/node_modules/react-dom/cjs/react-dom.development.js:27023:14)
      at commitRootImpl (../../node_modules/.pnpm/react-dom@18.3.1_react@18.3.1/node_modules/react-dom/cjs/react-dom.development.js:26974:5)
      at commitRoot (../../node_modules/.pnpm/react-dom@18.3.1_react@18.3.1/node_modules/react-dom/cjs/react-dom.development.js:26721:5)
      at performSyncWorkOnRoot (../../node_modules/.pnpm/react-dom@18.3.1_react@18.3.1/node_modules/react-dom/cjs/react-dom.development.js:26156:3)
      at flushSyncCallbacks (../../node_modules/.pnpm/react-dom@18.3.1_react@18.3.1/node_modules/react-dom/cjs/react-dom.development.js:12042:22)
      at commitRootImpl (../../node_modules/.pnpm/react-dom@18.3.1_react@18.3.1/node_modules/react-dom/cjs/react-dom.development.js:26998:3)
      at commitRoot (../../node_modules/.pnpm/react-dom@18.3.1_react@18.3.1/node_modules/react-dom/cjs/react-dom.development.js:26721:5)
      at finishConcurrentRender (../../node_modules/.pnpm/react-dom@18.3.1_react@18.3.1/node_modules/react-dom/cjs/react-dom.development.js:26020:9)
      at performConcurrentWorkOnRoot (../../node_modules/.pnpm/react-dom@18.3.1_react@18.3.1/node_modules/react-dom/cjs/react-dom.development.js:25848:7)
      at flushActQueue (../../node_modules/.pnpm/react@18.3.1/node_modules/react/cjs/react.development.js:2667:24)
      at act (../../node_modules/.pnpm/react@18.3.1/node_modules/react/cjs/react.development.js:2582:11)
      at ../../node_modules/.pnpm/@testing-library+react@16.3.2_@testing-library+dom@10.4.1_@types+react-dom@18.3.7_@types+reac_3k5f6qynewwmkoqvlvtzlgtsjq/node_modules/@testing-library/react/dist/act-compat.js:46:25
      at renderRoot (../../node_modules/.pnpm/@testing-library+react@16.3.2_@testing-library+dom@10.4.1_@types+react-dom@18.3.7_@types+reac_3k5f6qynewwmkoqvlvtzlgtsjq/node_modules/@testing-library/react/dist/pure.js:189:26)
      at render (../../node_modules/.pnpm/@testing-library+react@16.3.2_@testing-library+dom@10.4.1_@types+react-dom@18.3.7_@types+reac_3k5f6qynewwmkoqvlvtzlgtsjq/node_modules/@testing-library/react/dist/pure.js:291:10)
      at Object.<anonymous> (components/__tests__/org-edit-drawer.test.tsx:33:11)

    console.warn
      Warning: Missing `Description` or `aria-describedby={undefined}` for {DialogContent}.

      43 |     })
      44 |     const onOpenChange = jest.fn()
    > 45 |     render(withIntl(<OrgEditDrawer org={org} open onOpenChange={onOpenChange} />))
         |           ^
      46 |     fireEvent.change(screen.getByLabelText(en.orgs.fields.name), { target: { value: 'New' } })
      47 |     fireEvent.click(screen.getByRole('button', { name: en.orgs.drawer.save }))
      48 |     await waitFor(() =>

      at ../../node_modules/.pnpm/@radix-ui+react-dialog@1.1.15_@types+react-dom@18.3.7_@types+react@18.3.29__@types+react@18.3_njobmg4vwbpyupei2aqhvyyque/node_modules/@radix-ui/react-dialog/src/dialog.tsx:543:36
      at commitHookEffectListMount (../../node_modules/.pnpm/react-dom@18.3.1_react@18.3.1/node_modules/react-dom/cjs/react-dom.development.js:23189:26)
      at commitPassiveMountOnFiber (../../node_modules/.pnpm/react-dom@18.3.1_react@18.3.1/node_modules/react-dom/cjs/react-dom.development.js:24970:11)
      at commitPassiveMountEffects_complete (../../node_modules/.pnpm/react-dom@18.3.1_react@18.3.1/node_modules/react-dom/cjs/react-dom.development.js:24930:9)
      at commitPassiveMountEffects_begin (../../node_modules/.pnpm/react-dom@18.3.1_react@18.3.1/node_modules/react-dom/cjs/react-dom.development.js:24917:7)
      at commitPassiveMountEffects (../../node_modules/.pnpm/react-dom@18.3.1_react@18.3.1/node_modules/react-dom/cjs/react-dom.development.js:24905:3)
      at flushPassiveEffectsImpl (../../node_modules/.pnpm/react-dom@18.3.1_react@18.3.1/node_modules/react-dom/cjs/react-dom.development.js:27078:3)
      at flushPassiveEffects (../../node_modules/.pnpm/react-dom@18.3.1_react@18.3.1/node_modules/react-dom/cjs/react-dom.development.js:27023:14)
      at commitRootImpl (../../node_modules/.pnpm/react-dom@18.3.1_react@18.3.1/node_modules/react-dom/cjs/react-dom.development.js:26974:5)
      at commitRoot (../../node_modules/.pnpm/react-dom@18.3.1_react@18.3.1/node_modules/react-dom/cjs/react-dom.development.js:26721:5)
      at performSyncWorkOnRoot (../../node_modules/.pnpm/react-dom@18.3.1_react@18.3.1/node_modules/react-dom/cjs/react-dom.development.js:26156:3)
      at flushSyncCallbacks (../../node_modules/.pnpm/react-dom@18.3.1_react@18.3.1/node_modules/react-dom/cjs/react-dom.development.js:12042:22)
      at commitRootImpl (../../node_modules/.pnpm/react-dom@18.3.1_react@18.3.1/node_modules/react-dom/cjs/react-dom.development.js:26998:3)
      at commitRoot (../../node_modules/.pnpm/react-dom@18.3.1_react@18.3.1/node_modules/react-dom/cjs/react-dom.development.js:26721:5)
      at finishConcurrentRender (../../node_modules/.pnpm/react-dom@18.3.1_react@18.3.1/node_modules/react-dom/cjs/react-dom.development.js:26020:9)
      at performConcurrentWorkOnRoot (../../node_modules/.pnpm/react-dom@18.3.1_react@18.3.1/node_modules/react-dom/cjs/react-dom.development.js:25848:7)
      at flushActQueue (../../node_modules/.pnpm/react@18.3.1/node_modules/react/cjs/react.development.js:2667:24)
      at act (../../node_modules/.pnpm/react@18.3.1/node_modules/react/cjs/react.development.js:2582:11)
      at ../../node_modules/.pnpm/@testing-library+react@16.3.2_@testing-library+dom@10.4.1_@types+react-dom@18.3.7_@types+reac_3k5f6qynewwmkoqvlvtzlgtsjq/node_modules/@testing-library/react/dist/act-compat.js:46:25
      at renderRoot (../../node_modules/.pnpm/@testing-library+react@16.3.2_@testing-library+dom@10.4.1_@types+react-dom@18.3.7_@types+reac_3k5f6qynewwmkoqvlvtzlgtsjq/node_modules/@testing-library/react/dist/pure.js:189:26)
      at render (../../node_modules/.pnpm/@testing-library+react@16.3.2_@testing-library+dom@10.4.1_@types+react-dom@18.3.7_@types+reac_3k5f6qynewwmkoqvlvtzlgtsjq/node_modules/@testing-library/react/dist/pure.js:291:10)
      at Object.<anonymous> (components/__tests__/org-edit-drawer.test.tsx:45:11)

PASS components/__tests__/app-view-drawer.test.tsx
  ● Console

    console.warn
      Warning: Missing `Description` or `aria-describedby={undefined}` for {DialogContent}.

      14 | describe('AppViewDrawer', () => {
      15 |   it('renders core details and Edit/Delete for ordinary apps', () => {
    > 16 |     render(withIntl(<AppViewDrawer app={app} open onOpenChange={() => undefined} onEdit={() => undefined} onDelete={() => undefined} />))
         |           ^
      17 |     expect(screen.getByText('Customer Portal')).toBeInTheDocument()
      18 |     expect(screen.getByText('https://portal.example.com')).toBeInTheDocument()
      19 |     expect(screen.getByText('sq_1')).toBeInTheDocument()

      at ../../node_modules/.pnpm/@radix-ui+react-dialog@1.1.15_@types+react-dom@18.3.7_@types+react@18.3.29__@types+react@18.3_njobmg4vwbpyupei2aqhvyyque/node_modules/@radix-ui/react-dialog/src/dialog.tsx:543:36
      at commitHookEffectListMount (../../node_modules/.pnpm/react-dom@18.3.1_react@18.3.1/node_modules/react-dom/cjs/react-dom.development.js:23189:26)
      at commitPassiveMountOnFiber (../../node_modules/.pnpm/react-dom@18.3.1_react@18.3.1/node_modules/react-dom/cjs/react-dom.development.js:24970:11)
      at commitPassiveMountEffects_complete (../../node_modules/.pnpm/react-dom@18.3.1_react@18.3.1/node_modules/react-dom/cjs/react-dom.development.js:24930:9)
      at commitPassiveMountEffects_begin (../../node_modules/.pnpm/react-dom@18.3.1_react@18.3.1/node_modules/react-dom/cjs/react-dom.development.js:24917:7)
      at commitPassiveMountEffects (../../node_modules/.pnpm/react-dom@18.3.1_react@18.3.1/node_modules/react-dom/cjs/react-dom.development.js:24905:3)
      at flushPassiveEffectsImpl (../../node_modules/.pnpm/react-dom@18.3.1_react@18.3.1/node_modules/react-dom/cjs/react-dom.development.js:27078:3)
      at flushPassiveEffects (../../node_modules/.pnpm/react-dom@18.3.1_react@18.3.1/node_modules/react-dom/cjs/react-dom.development.js:27023:14)
      at commitRootImpl (../../node_modules/.pnpm/react-dom@18.3.1_react@18.3.1/node_modules/react-dom/cjs/react-dom.development.js:26974:5)
      at commitRoot (../../node_modules/.pnpm/react-dom@18.3.1_react@18.3.1/node_modules/react-dom/cjs/react-dom.development.js:26721:5)
      at performSyncWorkOnRoot (../../node_modules/.pnpm/react-dom@18.3.1_react@18.3.1/node_modules/react-dom/cjs/react-dom.development.js:26156:3)
      at flushSyncCallbacks (../../node_modules/.pnpm/react-dom@18.3.1_react@18.3.1/node_modules/react-dom/cjs/react-dom.development.js:12042:22)
      at commitRootImpl (../../node_modules/.pnpm/react-dom@18.3.1_react@18.3.1/node_modules/react-dom/cjs/react-dom.development.js:26998:3)
      at commitRoot (../../node_modules/.pnpm/react-dom@18.3.1_react@18.3.1/node_modules/react-dom/cjs/react-dom.development.js:26721:5)
      at finishConcurrentRender (../../node_modules/.pnpm/react-dom@18.3.1_react@18.3.1/node_modules/react-dom/cjs/react-dom.development.js:26020:9)
      at performConcurrentWorkOnRoot (../../node_modules/.pnpm/react-dom@18.3.1_react@18.3.1/node_modules/react-dom/cjs/react-dom.development.js:25848:7)
      at flushActQueue (../../node_modules/.pnpm/react@18.3.1/node_modules/react/cjs/react.development.js:2667:24)
      at act (../../node_modules/.pnpm/react@18.3.1/node_modules/react/cjs/react.development.js:2582:11)
      at ../../node_modules/.pnpm/@testing-library+react@16.3.2_@testing-library+dom@10.4.1_@types+react-dom@18.3.7_@types+reac_3k5f6qynewwmkoqvlvtzlgtsjq/node_modules/@testing-library/react/dist/act-compat.js:46:25
      at renderRoot (../../node_modules/.pnpm/@testing-library+react@16.3.2_@testing-library+dom@10.4.1_@types+react-dom@18.3.7_@types+reac_3k5f6qynewwmkoqvlvtzlgtsjq/node_modules/@testing-library/react/dist/pure.js:189:26)
      at render (../../node_modules/.pnpm/@testing-library+react@16.3.2_@testing-library+dom@10.4.1_@types+react-dom@18.3.7_@types+reac_3k5f6qynewwmkoqvlvtzlgtsjq/node_modules/@testing-library/react/dist/pure.js:291:10)
      at Object.<anonymous> (components/__tests__/app-view-drawer.test.tsx:16:11)

    console.warn
      Warning: Missing `Description` or `aria-describedby={undefined}` for {DialogContent}.

      24 |
      25 |   it('hides Edit/Delete and shows Platform badge for platform apps', () => {
    > 26 |     render(withIntl(<AppViewDrawer app={platformApp} open onOpenChange={() => undefined} onEdit={() => undefined} onDelete={() => undefined} />))
         |           ^
      27 |     expect(screen.queryByRole('button', { name: en.apps.actions.edit })).not.toBeInTheDocument()
      28 |     expect(screen.queryByRole('button', { name: en.apps.actions.delete })).not.toBeInTheDocument()
      29 |     expect(screen.getByText(en.apps.badges.platform)).toBeInTheDocument()

      at ../../node_modules/.pnpm/@radix-ui+react-dialog@1.1.15_@types+react-dom@18.3.7_@types+react@18.3.29__@types+react@18.3_njobmg4vwbpyupei2aqhvyyque/node_modules/@radix-ui/react-dialog/src/dialog.tsx:543:36
      at commitHookEffectListMount (../../node_modules/.pnpm/react-dom@18.3.1_react@18.3.1/node_modules/react-dom/cjs/react-dom.development.js:23189:26)
      at commitPassiveMountOnFiber (../../node_modules/.pnpm/react-dom@18.3.1_react@18.3.1/node_modules/react-dom/cjs/react-dom.development.js:24970:11)
      at commitPassiveMountEffects_complete (../../node_modules/.pnpm/react-dom@18.3.1_react@18.3.1/node_modules/react-dom/cjs/react-dom.development.js:24930:9)
      at commitPassiveMountEffects_begin (../../node_modules/.pnpm/react-dom@18.3.1_react@18.3.1/node_modules/react-dom/cjs/react-dom.development.js:24917:7)
      at commitPassiveMountEffects (../../node_modules/.pnpm/react-dom@18.3.1_react@18.3.1/node_modules/react-dom/cjs/react-dom.development.js:24905:3)
      at flushPassiveEffectsImpl (../../node_modules/.pnpm/react-dom@18.3.1_react@18.3.1/node_modules/react-dom/cjs/react-dom.development.js:27078:3)
      at flushPassiveEffects (../../node_modules/.pnpm/react-dom@18.3.1_react@18.3.1/node_modules/react-dom/cjs/react-dom.development.js:27023:14)
      at commitRootImpl (../../node_modules/.pnpm/react-dom@18.3.1_react@18.3.1/node_modules/react-dom/cjs/react-dom.development.js:26974:5)
      at commitRoot (../../node_modules/.pnpm/react-dom@18.3.1_react@18.3.1/node_modules/react-dom/cjs/react-dom.development.js:26721:5)
      at performSyncWorkOnRoot (../../node_modules/.pnpm/react-dom@18.3.1_react@18.3.1/node_modules/react-dom/cjs/react-dom.development.js:26156:3)
      at flushSyncCallbacks (../../node_modules/.pnpm/react-dom@18.3.1_react@18.3.1/node_modules/react-dom/cjs/react-dom.development.js:12042:22)
      at commitRootImpl (../../node_modules/.pnpm/react-dom@18.3.1_react@18.3.1/node_modules/react-dom/cjs/react-dom.development.js:26998:3)
      at commitRoot (../../node_modules/.pnpm/react-dom@18.3.1_react@18.3.1/node_modules/react-dom/cjs/react-dom.development.js:26721:5)
      at finishConcurrentRender (../../node_modules/.pnpm/react-dom@18.3.1_react@18.3.1/node_modules/react-dom/cjs/react-dom.development.js:26020:9)
      at performConcurrentWorkOnRoot (../../node_modules/.pnpm/react-dom@18.3.1_react@18.3.1/node_modules/react-dom/cjs/react-dom.development.js:25848:7)
      at flushActQueue (../../node_modules/.pnpm/react@18.3.1/node_modules/react/cjs/react.development.js:2667:24)
      at act (../../node_modules/.pnpm/react@18.3.1/node_modules/react/cjs/react.development.js:2582:11)
      at ../../node_modules/.pnpm/@testing-library+react@16.3.2_@testing-library+dom@10.4.1_@types+react-dom@18.3.7_@types+reac_3k5f6qynewwmkoqvlvtzlgtsjq/node_modules/@testing-library/react/dist/act-compat.js:46:25
      at renderRoot (../../node_modules/.pnpm/@testing-library+react@16.3.2_@testing-library+dom@10.4.1_@types+react-dom@18.3.7_@types+reac_3k5f6qynewwmkoqvlvtzlgtsjq/node_modules/@testing-library/react/dist/pure.js:189:26)
      at render (../../node_modules/.pnpm/@testing-library+react@16.3.2_@testing-library+dom@10.4.1_@types+react-dom@18.3.7_@types+reac_3k5f6qynewwmkoqvlvtzlgtsjq/node_modules/@testing-library/react/dist/pure.js:291:10)
      at Object.<anonymous> (components/__tests__/app-view-drawer.test.tsx:26:11)

PASS components/__tests__/admin-shell.test.tsx
PASS components/__tests__/access-denied-panel.test.tsx
PASS app/accept-invite/__tests__/accept-invite-form.test.tsx
PASS lib/__tests__/api.test.ts
PASS lib/safe-next.spec.ts
PASS lib/__tests__/locale.test.ts

Summary of all failing tests
FAIL components/__tests__/permissions-table.test.tsx
  ● PermissionsTable › renders rows with names and the Platform badge for platform.*

    `Tooltip` must be used within `TooltipProvider`

      53 |
      54 |   it('renders rows with names and the Platform badge for platform.*', () => {
    > 55 |     render(withIntl(<PermissionsTable initial={initial} apps={apps} />))
         |           ^
      56 |     expect(screen.getByText('apps.read')).toBeInTheDocument()
      57 |     expect(screen.getByText('platform.users.manage')).toBeInTheDocument()
      58 |     expect(screen.getByText(en.permissions.badges.platform)).toBeInTheDocument()

      at useContext2 (../../node_modules/.pnpm/@radix-ui+react-context@1.1.2_@types+react@18.3.29_react@18.3.1/node_modules/@radix-ui/react-context/src/create-context.tsx:75:13)
      at Tooltip (../../node_modules/.pnpm/@radix-ui+react-tooltip@1.2.8_@types+react-dom@18.3.7_@types+react@18.3.29__@types+react@18.3_xrwsnt2rmlacewwolijhmzdoxi/node_modules/@radix-ui/react-tooltip/src/tooltip.tsx:162:27)
      at renderWithHooks (../../node_modules/.pnpm/react-dom@18.3.1_react@18.3.1/node_modules/react-dom/cjs/react-dom.development.js:15486:18)
      at mountIndeterminateComponent (../../node_modules/.pnpm/react-dom@18.3.1_react@18.3.1/node_modules/react-dom/cjs/react-dom.development.js:20103:13)
      at beginWork (../../node_modules/.pnpm/react-dom@18.3.1_react@18.3.1/node_modules/react-dom/cjs/react-dom.development.js:21626:16)
      at beginWork$1 (../../node_modules/.pnpm/react-dom@18.3.1_react@18.3.1/node_modules/react-dom/cjs/react-dom.development.js:27465:14)
      at performUnitOfWork (../../node_modules/.pnpm/react-dom@18.3.1_react@18.3.1/node_modules/react-dom/cjs/react-dom.development.js:26599:12)
      at workLoopSync (../../node_modules/.pnpm/react-dom@18.3.1_react@18.3.1/node_modules/react-dom/cjs/react-dom.development.js:26505:5)
      at renderRootSync (../../node_modules/.pnpm/react-dom@18.3.1_react@18.3.1/node_modules/react-dom/cjs/react-dom.development.js:26473:7)
      at recoverFromConcurrentError (../../node_modules/.pnpm/react-dom@18.3.1_react@18.3.1/node_modules/react-dom/cjs/react-dom.development.js:25889:20)
      at performConcurrentWorkOnRoot (../../node_modules/.pnpm/react-dom@18.3.1_react@18.3.1/node_modules/react-dom/cjs/react-dom.development.js:25789:22)
      at flushActQueue (../../node_modules/.pnpm/react@18.3.1/node_modules/react/cjs/react.development.js:2667:24)
      at act (../../node_modules/.pnpm/react@18.3.1/node_modules/react/cjs/react.development.js:2582:11)
      at ../../node_modules/.pnpm/@testing-library+react@16.3.2_@testing-library+dom@10.4.1_@types+react-dom@18.3.7_@types+reac_3k5f6qynewwmkoqvlvtzlgtsjq/node_modules/@testing-library/react/dist/act-compat.js:46:25
      at renderRoot (../../node_modules/.pnpm/@testing-library+react@16.3.2_@testing-library+dom@10.4.1_@types+react-dom@18.3.7_@types+reac_3k5f6qynewwmkoqvlvtzlgtsjq/node_modules/@testing-library/react/dist/pure.js:189:26)
      at render (../../node_modules/.pnpm/@testing-library+react@16.3.2_@testing-library+dom@10.4.1_@types+react-dom@18.3.7_@types+reac_3k5f6qynewwmkoqvlvtzlgtsjq/node_modules/@testing-library/react/dist/pure.js:291:10)
      at Object.<anonymous> (components/__tests__/permissions-table.test.tsx:55:11)

  ● PermissionsTable › Edit and Delete menu items are hidden for platform.* rows

    `Tooltip` must be used within `TooltipProvider`

      60 |
      61 |   it('Edit and Delete menu items are hidden for platform.* rows', () => {
    > 62 |     render(withIntl(<PermissionsTable initial={initial} apps={apps} />))
         |           ^
      63 |     // With Dropdown mocked as passthrough, every row's items are in the DOM.
      64 |     // The platform.* row contributes 1 menuitem ("View"). The non-platform
      65 |     // row contributes 3 ("View", "Edit", "Delete"). Total = 4.

      at useContext2 (../../node_modules/.pnpm/@radix-ui+react-context@1.1.2_@types+react@18.3.29_react@18.3.1/node_modules/@radix-ui/react-context/src/create-context.tsx:75:13)
      at Tooltip (../../node_modules/.pnpm/@radix-ui+react-tooltip@1.2.8_@types+react-dom@18.3.7_@types+react@18.3.29__@types+react@18.3_xrwsnt2rmlacewwolijhmzdoxi/node_modules/@radix-ui/react-tooltip/src/tooltip.tsx:162:27)
      at renderWithHooks (../../node_modules/.pnpm/react-dom@18.3.1_react@18.3.1/node_modules/react-dom/cjs/react-dom.development.js:15486:18)
      at mountIndeterminateComponent (../../node_modules/.pnpm/react-dom@18.3.1_react@18.3.1/node_modules/react-dom/cjs/react-dom.development.js:20103:13)
      at beginWork (../../node_modules/.pnpm/react-dom@18.3.1_react@18.3.1/node_modules/react-dom/cjs/react-dom.development.js:21626:16)
      at beginWork$1 (../../node_modules/.pnpm/react-dom@18.3.1_react@18.3.1/node_modules/react-dom/cjs/react-dom.development.js:27465:14)
      at performUnitOfWork (../../node_modules/.pnpm/react-dom@18.3.1_react@18.3.1/node_modules/react-dom/cjs/react-dom.development.js:26599:12)
      at workLoopSync (../../node_modules/.pnpm/react-dom@18.3.1_react@18.3.1/node_modules/react-dom/cjs/react-dom.development.js:26505:5)
      at renderRootSync (../../node_modules/.pnpm/react-dom@18.3.1_react@18.3.1/node_modules/react-dom/cjs/react-dom.development.js:26473:7)
      at recoverFromConcurrentError (../../node_modules/.pnpm/react-dom@18.3.1_react@18.3.1/node_modules/react-dom/cjs/react-dom.development.js:25889:20)
      at performConcurrentWorkOnRoot (../../node_modules/.pnpm/react-dom@18.3.1_react@18.3.1/node_modules/react-dom/cjs/react-dom.development.js:25789:22)
      at flushActQueue (../../node_modules/.pnpm/react@18.3.1/node_modules/react/cjs/react.development.js:2667:24)
      at act (../../node_modules/.pnpm/react@18.3.1/node_modules/react/cjs/react.development.js:2582:11)
      at ../../node_modules/.pnpm/@testing-library+react@16.3.2_@testing-library+dom@10.4.1_@types+react-dom@18.3.7_@types+reac_3k5f6qynewwmkoqvlvtzlgtsjq/node_modules/@testing-library/react/dist/act-compat.js:46:25
      at renderRoot (../../node_modules/.pnpm/@testing-library+react@16.3.2_@testing-library+dom@10.4.1_@types+react-dom@18.3.7_@types+reac_3k5f6qynewwmkoqvlvtzlgtsjq/node_modules/@testing-library/react/dist/pure.js:189:26)
      at render (../../node_modules/.pnpm/@testing-library+react@16.3.2_@testing-library+dom@10.4.1_@types+react-dom@18.3.7_@types+reac_3k5f6qynewwmkoqvlvtzlgtsjq/node_modules/@testing-library/react/dist/pure.js:291:10)
      at Object.<anonymous> (components/__tests__/permissions-table.test.tsx:62:11)

  ● PermissionsTable › clicking Delete opens AlertDialog with the permission name

    `Tooltip` must be used within `TooltipProvider`

      71 |
      72 |   it('clicking Delete opens AlertDialog with the permission name', async () => {
    > 73 |     render(withIntl(<PermissionsTable initial={initial} apps={apps} />))
         |           ^
      74 |     const deleteItems = screen.getAllByRole('menuitem', { name: en.permissions.actions.delete })
      75 |     fireEvent.click(deleteItems[0])
      76 |     const dialog = await screen.findByRole('alertdialog')

      at useContext2 (../../node_modules/.pnpm/@radix-ui+react-context@1.1.2_@types+react@18.3.29_react@18.3.1/node_modules/@radix-ui/react-context/src/create-context.tsx:75:13)
      at Tooltip (../../node_modules/.pnpm/@radix-ui+react-tooltip@1.2.8_@types+react-dom@18.3.7_@types+react@18.3.29__@types+react@18.3_xrwsnt2rmlacewwolijhmzdoxi/node_modules/@radix-ui/react-tooltip/src/tooltip.tsx:162:27)
      at renderWithHooks (../../node_modules/.pnpm/react-dom@18.3.1_react@18.3.1/node_modules/react-dom/cjs/react-dom.development.js:15486:18)
      at mountIndeterminateComponent (../../node_modules/.pnpm/react-dom@18.3.1_react@18.3.1/node_modules/react-dom/cjs/react-dom.development.js:20103:13)
      at beginWork (../../node_modules/.pnpm/react-dom@18.3.1_react@18.3.1/node_modules/react-dom/cjs/react-dom.development.js:21626:16)
      at beginWork$1 (../../node_modules/.pnpm/react-dom@18.3.1_react@18.3.1/node_modules/react-dom/cjs/react-dom.development.js:27465:14)
      at performUnitOfWork (../../node_modules/.pnpm/react-dom@18.3.1_react@18.3.1/node_modules/react-dom/cjs/react-dom.development.js:26599:12)
      at workLoopSync (../../node_modules/.pnpm/react-dom@18.3.1_react@18.3.1/node_modules/react-dom/cjs/react-dom.development.js:26505:5)
      at renderRootSync (../../node_modules/.pnpm/react-dom@18.3.1_react@18.3.1/node_modules/react-dom/cjs/react-dom.development.js:26473:7)
      at recoverFromConcurrentError (../../node_modules/.pnpm/react-dom@18.3.1_react@18.3.1/node_modules/react-dom/cjs/react-dom.development.js:25889:20)
      at performConcurrentWorkOnRoot (../../node_modules/.pnpm/react-dom@18.3.1_react@18.3.1/node_modules/react-dom/cjs/react-dom.development.js:25789:22)
      at flushActQueue (../../node_modules/.pnpm/react@18.3.1/node_modules/react/cjs/react.development.js:2667:24)
      at act (../../node_modules/.pnpm/react@18.3.1/node_modules/react/cjs/react.development.js:2582:11)
      at ../../node_modules/.pnpm/@testing-library+react@16.3.2_@testing-library+dom@10.4.1_@types+react-dom@18.3.7_@types+reac_3k5f6qynewwmkoqvlvtzlgtsjq/node_modules/@testing-library/react/dist/act-compat.js:46:25
      at renderRoot (../../node_modules/.pnpm/@testing-library+react@16.3.2_@testing-library+dom@10.4.1_@types+react-dom@18.3.7_@types+reac_3k5f6qynewwmkoqvlvtzlgtsjq/node_modules/@testing-library/react/dist/pure.js:189:26)
      at render (../../node_modules/.pnpm/@testing-library+react@16.3.2_@testing-library+dom@10.4.1_@types+react-dom@18.3.7_@types+reac_3k5f6qynewwmkoqvlvtzlgtsjq/node_modules/@testing-library/react/dist/pure.js:291:10)
      at Object.<anonymous> (components/__tests__/permissions-table.test.tsx:73:11)

  ● PermissionsTable › renders the System badge for isSystem rows (and not the Platform badge)

    `Tooltip` must be used within `TooltipProvider`

      85 |       total: 1, page: 1, pageSize: 25,
      86 |     }
    > 87 |     render(withIntl(<PermissionsTable initial={systemInitial} apps={apps} />))
         |           ^
      88 |     expect(screen.getByText(en.permissions.badges.system)).toBeInTheDocument()
      89 |     expect(screen.queryByText(en.permissions.badges.platform)).not.toBeInTheDocument()
      90 |   })

      at useContext2 (../../node_modules/.pnpm/@radix-ui+react-context@1.1.2_@types+react@18.3.29_react@18.3.1/node_modules/@radix-ui/react-context/src/create-context.tsx:75:13)
      at Tooltip (../../node_modules/.pnpm/@radix-ui+react-tooltip@1.2.8_@types+react-dom@18.3.7_@types+react@18.3.29__@types+react@18.3_xrwsnt2rmlacewwolijhmzdoxi/node_modules/@radix-ui/react-tooltip/src/tooltip.tsx:162:27)
      at renderWithHooks (../../node_modules/.pnpm/react-dom@18.3.1_react@18.3.1/node_modules/react-dom/cjs/react-dom.development.js:15486:18)
      at mountIndeterminateComponent (../../node_modules/.pnpm/react-dom@18.3.1_react@18.3.1/node_modules/react-dom/cjs/react-dom.development.js:20103:13)
      at beginWork (../../node_modules/.pnpm/react-dom@18.3.1_react@18.3.1/node_modules/react-dom/cjs/react-dom.development.js:21626:16)
      at beginWork$1 (../../node_modules/.pnpm/react-dom@18.3.1_react@18.3.1/node_modules/react-dom/cjs/react-dom.development.js:27465:14)
      at performUnitOfWork (../../node_modules/.pnpm/react-dom@18.3.1_react@18.3.1/node_modules/react-dom/cjs/react-dom.development.js:26599:12)
      at workLoopSync (../../node_modules/.pnpm/react-dom@18.3.1_react@18.3.1/node_modules/react-dom/cjs/react-dom.development.js:26505:5)
      at renderRootSync (../../node_modules/.pnpm/react-dom@18.3.1_react@18.3.1/node_modules/react-dom/cjs/react-dom.development.js:26473:7)
      at recoverFromConcurrentError (../../node_modules/.pnpm/react-dom@18.3.1_react@18.3.1/node_modules/react-dom/cjs/react-dom.development.js:25889:20)
      at performConcurrentWorkOnRoot (../../node_modules/.pnpm/react-dom@18.3.1_react@18.3.1/node_modules/react-dom/cjs/react-dom.development.js:25789:22)
      at flushActQueue (../../node_modules/.pnpm/react@18.3.1/node_modules/react/cjs/react.development.js:2667:24)
      at act (../../node_modules/.pnpm/react@18.3.1/node_modules/react/cjs/react.development.js:2582:11)
      at ../../node_modules/.pnpm/@testing-library+react@16.3.2_@testing-library+dom@10.4.1_@types+react-dom@18.3.7_@types+reac_3k5f6qynewwmkoqvlvtzlgtsjq/node_modules/@testing-library/react/dist/act-compat.js:46:25
      at renderRoot (../../node_modules/.pnpm/@testing-library+react@16.3.2_@testing-library+dom@10.4.1_@types+react-dom@18.3.7_@types+reac_3k5f6qynewwmkoqvlvtzlgtsjq/node_modules/@testing-library/react/dist/pure.js:189:26)
      at render (../../node_modules/.pnpm/@testing-library+react@16.3.2_@testing-library+dom@10.4.1_@types+react-dom@18.3.7_@types+reac_3k5f6qynewwmkoqvlvtzlgtsjq/node_modules/@testing-library/react/dist/pure.js:291:10)
      at Object.<anonymous> (components/__tests__/permissions-table.test.tsx:87:11)

  ● PermissionsTable › hides Edit and Delete menu items for isSystem rows

    `Tooltip` must be used within `TooltipProvider`

       97 |       total: 1, page: 1, pageSize: 25,
       98 |     }
    >  99 |     render(withIntl(<PermissionsTable initial={systemInitial} apps={apps} />))
          |           ^
      100 |     // Only View should be present for an isSystem row
      101 |     expect(screen.getAllByRole('menuitem')).toHaveLength(1)
      102 |     expect(screen.getByRole('menuitem', { name: en.permissions.actions.view })).toBeInTheDocument()

      at useContext2 (../../node_modules/.pnpm/@radix-ui+react-context@1.1.2_@types+react@18.3.29_react@18.3.1/node_modules/@radix-ui/react-context/src/create-context.tsx:75:13)
      at Tooltip (../../node_modules/.pnpm/@radix-ui+react-tooltip@1.2.8_@types+react-dom@18.3.7_@types+react@18.3.29__@types+react@18.3_xrwsnt2rmlacewwolijhmzdoxi/node_modules/@radix-ui/react-tooltip/src/tooltip.tsx:162:27)
      at renderWithHooks (../../node_modules/.pnpm/react-dom@18.3.1_react@18.3.1/node_modules/react-dom/cjs/react-dom.development.js:15486:18)
      at mountIndeterminateComponent (../../node_modules/.pnpm/react-dom@18.3.1_react@18.3.1/node_modules/react-dom/cjs/react-dom.development.js:20103:13)
      at beginWork (../../node_modules/.pnpm/react-dom@18.3.1_react@18.3.1/node_modules/react-dom/cjs/react-dom.development.js:21626:16)
      at beginWork$1 (../../node_modules/.pnpm/react-dom@18.3.1_react@18.3.1/node_modules/react-dom/cjs/react-dom.development.js:27465:14)
      at performUnitOfWork (../../node_modules/.pnpm/react-dom@18.3.1_react@18.3.1/node_modules/react-dom/cjs/react-dom.development.js:26599:12)
      at workLoopSync (../../node_modules/.pnpm/react-dom@18.3.1_react@18.3.1/node_modules/react-dom/cjs/react-dom.development.js:26505:5)
      at renderRootSync (../../node_modules/.pnpm/react-dom@18.3.1_react@18.3.1/node_modules/react-dom/cjs/react-dom.development.js:26473:7)
      at recoverFromConcurrentError (../../node_modules/.pnpm/react-dom@18.3.1_react@18.3.1/node_modules/react-dom/cjs/react-dom.development.js:25889:20)
      at performConcurrentWorkOnRoot (../../node_modules/.pnpm/react-dom@18.3.1_react@18.3.1/node_modules/react-dom/cjs/react-dom.development.js:25789:22)
      at flushActQueue (../../node_modules/.pnpm/react@18.3.1/node_modules/react/cjs/react.development.js:2667:24)
      at act (../../node_modules/.pnpm/react@18.3.1/node_modules/react/cjs/react.development.js:2582:11)
      at ../../node_modules/.pnpm/@testing-library+react@16.3.2_@testing-library+dom@10.4.1_@types+react-dom@18.3.7_@types+reac_3k5f6qynewwmkoqvlvtzlgtsjq/node_modules/@testing-library/react/dist/act-compat.js:46:25
      at renderRoot (../../node_modules/.pnpm/@testing-library+react@16.3.2_@testing-library+dom@10.4.1_@types+react-dom@18.3.7_@types+reac_3k5f6qynewwmkoqvlvtzlgtsjq/node_modules/@testing-library/react/dist/pure.js:189:26)
      at render (../../node_modules/.pnpm/@testing-library+react@16.3.2_@testing-library+dom@10.4.1_@types+react-dom@18.3.7_@types+reac_3k5f6qynewwmkoqvlvtzlgtsjq/node_modules/@testing-library/react/dist/pure.js:291:10)
      at Object.<anonymous> (components/__tests__/permissions-table.test.tsx:99:11)

  ● PermissionsTable › app filter triggers listPermissionsAction with appId

    `Tooltip` must be used within `TooltipProvider`

      108 |     jest.useFakeTimers()
      109 |     ;(actions.listPermissionsAction as jest.Mock).mockResolvedValue({ items: [], total: 0, page: 1, pageSize: 25 })
    > 110 |     render(withIntl(<PermissionsTable initial={initial} apps={apps} />))
          |           ^
      111 |     fireEvent.change(screen.getByLabelText(en.permissions.filter.appLabel), { target: { value: 'sq_a1' } })
      112 |     jest.advanceTimersByTime(400)
      113 |     await waitFor(() => expect(actions.listPermissionsAction).toHaveBeenCalledWith({ appId: 'sq_a1', page: 1, pageSize: 25 }))

      at useContext2 (../../node_modules/.pnpm/@radix-ui+react-context@1.1.2_@types+react@18.3.29_react@18.3.1/node_modules/@radix-ui/react-context/src/create-context.tsx:75:13)
      at Tooltip (../../node_modules/.pnpm/@radix-ui+react-tooltip@1.2.8_@types+react-dom@18.3.7_@types+react@18.3.29__@types+react@18.3_xrwsnt2rmlacewwolijhmzdoxi/node_modules/@radix-ui/react-tooltip/src/tooltip.tsx:162:27)
      at renderWithHooks (../../node_modules/.pnpm/react-dom@18.3.1_react@18.3.1/node_modules/react-dom/cjs/react-dom.development.js:15486:18)
      at mountIndeterminateComponent (../../node_modules/.pnpm/react-dom@18.3.1_react@18.3.1/node_modules/react-dom/cjs/react-dom.development.js:20103:13)
      at beginWork (../../node_modules/.pnpm/react-dom@18.3.1_react@18.3.1/node_modules/react-dom/cjs/react-dom.development.js:21626:16)
      at beginWork$1 (../../node_modules/.pnpm/react-dom@18.3.1_react@18.3.1/node_modules/react-dom/cjs/react-dom.development.js:27465:14)
      at performUnitOfWork (../../node_modules/.pnpm/react-dom@18.3.1_react@18.3.1/node_modules/react-dom/cjs/react-dom.development.js:26599:12)
      at workLoopSync (../../node_modules/.pnpm/react-dom@18.3.1_react@18.3.1/node_modules/react-dom/cjs/react-dom.development.js:26505:5)
      at renderRootSync (../../node_modules/.pnpm/react-dom@18.3.1_react@18.3.1/node_modules/react-dom/cjs/react-dom.development.js:26473:7)
      at recoverFromConcurrentError (../../node_modules/.pnpm/react-dom@18.3.1_react@18.3.1/node_modules/react-dom/cjs/react-dom.development.js:25889:20)
      at performConcurrentWorkOnRoot (../../node_modules/.pnpm/react-dom@18.3.1_react@18.3.1/node_modules/react-dom/cjs/react-dom.development.js:25789:22)
      at flushActQueue (../../node_modules/.pnpm/react@18.3.1/node_modules/react/cjs/react.development.js:2667:24)
      at act (../../node_modules/.pnpm/react@18.3.1/node_modules/react/cjs/react.development.js:2582:11)
      at ../../node_modules/.pnpm/@testing-library+react@16.3.2_@testing-library+dom@10.4.1_@types+react-dom@18.3.7_@types+reac_3k5f6qynewwmkoqvlvtzlgtsjq/node_modules/@testing-library/react/dist/act-compat.js:46:25
      at renderRoot (../../node_modules/.pnpm/@testing-library+react@16.3.2_@testing-library+dom@10.4.1_@types+react-dom@18.3.7_@types+reac_3k5f6qynewwmkoqvlvtzlgtsjq/node_modules/@testing-library/react/dist/pure.js:189:26)
      at render (../../node_modules/.pnpm/@testing-library+react@16.3.2_@testing-library+dom@10.4.1_@types+react-dom@18.3.7_@types+reac_3k5f6qynewwmkoqvlvtzlgtsjq/node_modules/@testing-library/react/dist/pure.js:291:10)
      at Object.<anonymous> (components/__tests__/permissions-table.test.tsx:110:11)

FAIL components/__tests__/roles-table.test.tsx
  ● RolesTable › renders rows with role names and app names

    `Tooltip` must be used within `TooltipProvider`

      56 |
      57 |   it('renders rows with role names and app names', () => {
    > 58 |     render(withIntl(<RolesTable initial={initial} apps={apps} />))
         |           ^
      59 |     expect(screen.getByText('Editor')).toBeInTheDocument()
      60 |     expect(screen.getByText('Platform Admin')).toBeInTheDocument()
      61 |     // "Customer Portal" appears in the row AND in the filter <option>; assert >=1.

      at useContext2 (../../node_modules/.pnpm/@radix-ui+react-context@1.1.2_@types+react@18.3.29_react@18.3.1/node_modules/@radix-ui/react-context/src/create-context.tsx:75:13)
      at Tooltip (../../node_modules/.pnpm/@radix-ui+react-tooltip@1.2.8_@types+react-dom@18.3.7_@types+react@18.3.29__@types+react@18.3_xrwsnt2rmlacewwolijhmzdoxi/node_modules/@radix-ui/react-tooltip/src/tooltip.tsx:162:27)
      at renderWithHooks (../../node_modules/.pnpm/react-dom@18.3.1_react@18.3.1/node_modules/react-dom/cjs/react-dom.development.js:15486:18)
      at mountIndeterminateComponent (../../node_modules/.pnpm/react-dom@18.3.1_react@18.3.1/node_modules/react-dom/cjs/react-dom.development.js:20103:13)
      at beginWork (../../node_modules/.pnpm/react-dom@18.3.1_react@18.3.1/node_modules/react-dom/cjs/react-dom.development.js:21626:16)
      at beginWork$1 (../../node_modules/.pnpm/react-dom@18.3.1_react@18.3.1/node_modules/react-dom/cjs/react-dom.development.js:27465:14)
      at performUnitOfWork (../../node_modules/.pnpm/react-dom@18.3.1_react@18.3.1/node_modules/react-dom/cjs/react-dom.development.js:26599:12)
      at workLoopSync (../../node_modules/.pnpm/react-dom@18.3.1_react@18.3.1/node_modules/react-dom/cjs/react-dom.development.js:26505:5)
      at renderRootSync (../../node_modules/.pnpm/react-dom@18.3.1_react@18.3.1/node_modules/react-dom/cjs/react-dom.development.js:26473:7)
      at recoverFromConcurrentError (../../node_modules/.pnpm/react-dom@18.3.1_react@18.3.1/node_modules/react-dom/cjs/react-dom.development.js:25889:20)
      at performConcurrentWorkOnRoot (../../node_modules/.pnpm/react-dom@18.3.1_react@18.3.1/node_modules/react-dom/cjs/react-dom.development.js:25789:22)
      at flushActQueue (../../node_modules/.pnpm/react@18.3.1/node_modules/react/cjs/react.development.js:2667:24)
      at act (../../node_modules/.pnpm/react@18.3.1/node_modules/react/cjs/react.development.js:2582:11)
      at ../../node_modules/.pnpm/@testing-library+react@16.3.2_@testing-library+dom@10.4.1_@types+react-dom@18.3.7_@types+reac_3k5f6qynewwmkoqvlvtzlgtsjq/node_modules/@testing-library/react/dist/act-compat.js:46:25
      at renderRoot (../../node_modules/.pnpm/@testing-library+react@16.3.2_@testing-library+dom@10.4.1_@types+react-dom@18.3.7_@types+reac_3k5f6qynewwmkoqvlvtzlgtsjq/node_modules/@testing-library/react/dist/pure.js:189:26)
      at render (../../node_modules/.pnpm/@testing-library+react@16.3.2_@testing-library+dom@10.4.1_@types+react-dom@18.3.7_@types+reac_3k5f6qynewwmkoqvlvtzlgtsjq/node_modules/@testing-library/react/dist/pure.js:291:10)
      at Object.<anonymous> (components/__tests__/roles-table.test.tsx:58:11)

  ● RolesTable › shows View/Edit/Delete menu items per row

    `Tooltip` must be used within `TooltipProvider`

      64 |
      65 |   it('shows View/Edit/Delete menu items per row', () => {
    > 66 |     render(withIntl(<RolesTable initial={initial} apps={apps} />))
         |           ^
      67 |     expect(screen.getAllByRole('menuitem', { name: en.roles.actions.view })).toHaveLength(2)
      68 |     expect(screen.getAllByRole('menuitem', { name: en.roles.actions.edit })).toHaveLength(2)
      69 |     expect(screen.getAllByRole('menuitem', { name: en.roles.actions.delete })).toHaveLength(2)

      at useContext2 (../../node_modules/.pnpm/@radix-ui+react-context@1.1.2_@types+react@18.3.29_react@18.3.1/node_modules/@radix-ui/react-context/src/create-context.tsx:75:13)
      at Tooltip (../../node_modules/.pnpm/@radix-ui+react-tooltip@1.2.8_@types+react-dom@18.3.7_@types+react@18.3.29__@types+react@18.3_xrwsnt2rmlacewwolijhmzdoxi/node_modules/@radix-ui/react-tooltip/src/tooltip.tsx:162:27)
      at renderWithHooks (../../node_modules/.pnpm/react-dom@18.3.1_react@18.3.1/node_modules/react-dom/cjs/react-dom.development.js:15486:18)
      at mountIndeterminateComponent (../../node_modules/.pnpm/react-dom@18.3.1_react@18.3.1/node_modules/react-dom/cjs/react-dom.development.js:20103:13)
      at beginWork (../../node_modules/.pnpm/react-dom@18.3.1_react@18.3.1/node_modules/react-dom/cjs/react-dom.development.js:21626:16)
      at beginWork$1 (../../node_modules/.pnpm/react-dom@18.3.1_react@18.3.1/node_modules/react-dom/cjs/react-dom.development.js:27465:14)
      at performUnitOfWork (../../node_modules/.pnpm/react-dom@18.3.1_react@18.3.1/node_modules/react-dom/cjs/react-dom.development.js:26599:12)
      at workLoopSync (../../node_modules/.pnpm/react-dom@18.3.1_react@18.3.1/node_modules/react-dom/cjs/react-dom.development.js:26505:5)
      at renderRootSync (../../node_modules/.pnpm/react-dom@18.3.1_react@18.3.1/node_modules/react-dom/cjs/react-dom.development.js:26473:7)
      at recoverFromConcurrentError (../../node_modules/.pnpm/react-dom@18.3.1_react@18.3.1/node_modules/react-dom/cjs/react-dom.development.js:25889:20)
      at performConcurrentWorkOnRoot (../../node_modules/.pnpm/react-dom@18.3.1_react@18.3.1/node_modules/react-dom/cjs/react-dom.development.js:25789:22)
      at flushActQueue (../../node_modules/.pnpm/react@18.3.1/node_modules/react/cjs/react.development.js:2667:24)
      at act (../../node_modules/.pnpm/react@18.3.1/node_modules/react/cjs/react.development.js:2582:11)
      at ../../node_modules/.pnpm/@testing-library+react@16.3.2_@testing-library+dom@10.4.1_@types+react-dom@18.3.7_@types+reac_3k5f6qynewwmkoqvlvtzlgtsjq/node_modules/@testing-library/react/dist/act-compat.js:46:25
      at renderRoot (../../node_modules/.pnpm/@testing-library+react@16.3.2_@testing-library+dom@10.4.1_@types+react-dom@18.3.7_@types+reac_3k5f6qynewwmkoqvlvtzlgtsjq/node_modules/@testing-library/react/dist/pure.js:189:26)
      at render (../../node_modules/.pnpm/@testing-library+react@16.3.2_@testing-library+dom@10.4.1_@types+react-dom@18.3.7_@types+reac_3k5f6qynewwmkoqvlvtzlgtsjq/node_modules/@testing-library/react/dist/pure.js:291:10)
      at Object.<anonymous> (components/__tests__/roles-table.test.tsx:66:11)

  ● RolesTable › clicking Delete on the unassigned role opens AlertDialog with the role name

    `Tooltip` must be used within `TooltipProvider`

      71 |
      72 |   it('clicking Delete on the unassigned role opens AlertDialog with the role name', async () => {
    > 73 |     render(withIntl(<RolesTable initial={initial} apps={apps} />))
         |           ^
      74 |     // Editor is the row with userCount 0 (deletable).
      75 |     const deleteItems = screen.getAllByRole('menuitem', { name: en.roles.actions.delete })
      76 |     fireEvent.click(deleteItems[0])

      at useContext2 (../../node_modules/.pnpm/@radix-ui+react-context@1.1.2_@types+react@18.3.29_react@18.3.1/node_modules/@radix-ui/react-context/src/create-context.tsx:75:13)
      at Tooltip (../../node_modules/.pnpm/@radix-ui+react-tooltip@1.2.8_@types+react-dom@18.3.7_@types+react@18.3.29__@types+react@18.3_xrwsnt2rmlacewwolijhmzdoxi/node_modules/@radix-ui/react-tooltip/src/tooltip.tsx:162:27)
      at renderWithHooks (../../node_modules/.pnpm/react-dom@18.3.1_react@18.3.1/node_modules/react-dom/cjs/react-dom.development.js:15486:18)
      at mountIndeterminateComponent (../../node_modules/.pnpm/react-dom@18.3.1_react@18.3.1/node_modules/react-dom/cjs/react-dom.development.js:20103:13)
      at beginWork (../../node_modules/.pnpm/react-dom@18.3.1_react@18.3.1/node_modules/react-dom/cjs/react-dom.development.js:21626:16)
      at beginWork$1 (../../node_modules/.pnpm/react-dom@18.3.1_react@18.3.1/node_modules/react-dom/cjs/react-dom.development.js:27465:14)
      at performUnitOfWork (../../node_modules/.pnpm/react-dom@18.3.1_react@18.3.1/node_modules/react-dom/cjs/react-dom.development.js:26599:12)
      at workLoopSync (../../node_modules/.pnpm/react-dom@18.3.1_react@18.3.1/node_modules/react-dom/cjs/react-dom.development.js:26505:5)
      at renderRootSync (../../node_modules/.pnpm/react-dom@18.3.1_react@18.3.1/node_modules/react-dom/cjs/react-dom.development.js:26473:7)
      at recoverFromConcurrentError (../../node_modules/.pnpm/react-dom@18.3.1_react@18.3.1/node_modules/react-dom/cjs/react-dom.development.js:25889:20)
      at performConcurrentWorkOnRoot (../../node_modules/.pnpm/react-dom@18.3.1_react@18.3.1/node_modules/react-dom/cjs/react-dom.development.js:25789:22)
      at flushActQueue (../../node_modules/.pnpm/react@18.3.1/node_modules/react/cjs/react.development.js:2667:24)
      at act (../../node_modules/.pnpm/react@18.3.1/node_modules/react/cjs/react.development.js:2582:11)
      at ../../node_modules/.pnpm/@testing-library+react@16.3.2_@testing-library+dom@10.4.1_@types+react-dom@18.3.7_@types+reac_3k5f6qynewwmkoqvlvtzlgtsjq/node_modules/@testing-library/react/dist/act-compat.js:46:25
      at renderRoot (../../node_modules/.pnpm/@testing-library+react@16.3.2_@testing-library+dom@10.4.1_@types+react-dom@18.3.7_@types+reac_3k5f6qynewwmkoqvlvtzlgtsjq/node_modules/@testing-library/react/dist/pure.js:189:26)
      at render (../../node_modules/.pnpm/@testing-library+react@16.3.2_@testing-library+dom@10.4.1_@types+react-dom@18.3.7_@types+reac_3k5f6qynewwmkoqvlvtzlgtsjq/node_modules/@testing-library/react/dist/pure.js:291:10)
      at Object.<anonymous> (components/__tests__/roles-table.test.tsx:73:11)

  ● RolesTable › Delete on an in-use role is disabled (no AlertDialog opens)

    `Tooltip` must be used within `TooltipProvider`

      80 |
      81 |   it('Delete on an in-use role is disabled (no AlertDialog opens)', () => {
    > 82 |     render(withIntl(<RolesTable initial={initial} apps={apps} />))
         |           ^
      83 |     const deleteItems = screen.getAllByRole('menuitem', { name: en.roles.actions.delete })
      84 |     // Second row (Platform Admin) has userCount 3.
      85 |     fireEvent.click(deleteItems[1])

      at useContext2 (../../node_modules/.pnpm/@radix-ui+react-context@1.1.2_@types+react@18.3.29_react@18.3.1/node_modules/@radix-ui/react-context/src/create-context.tsx:75:13)
      at Tooltip (../../node_modules/.pnpm/@radix-ui+react-tooltip@1.2.8_@types+react-dom@18.3.7_@types+react@18.3.29__@types+react@18.3_xrwsnt2rmlacewwolijhmzdoxi/node_modules/@radix-ui/react-tooltip/src/tooltip.tsx:162:27)
      at renderWithHooks (../../node_modules/.pnpm/react-dom@18.3.1_react@18.3.1/node_modules/react-dom/cjs/react-dom.development.js:15486:18)
      at mountIndeterminateComponent (../../node_modules/.pnpm/react-dom@18.3.1_react@18.3.1/node_modules/react-dom/cjs/react-dom.development.js:20103:13)
      at beginWork (../../node_modules/.pnpm/react-dom@18.3.1_react@18.3.1/node_modules/react-dom/cjs/react-dom.development.js:21626:16)
      at beginWork$1 (../../node_modules/.pnpm/react-dom@18.3.1_react@18.3.1/node_modules/react-dom/cjs/react-dom.development.js:27465:14)
      at performUnitOfWork (../../node_modules/.pnpm/react-dom@18.3.1_react@18.3.1/node_modules/react-dom/cjs/react-dom.development.js:26599:12)
      at workLoopSync (../../node_modules/.pnpm/react-dom@18.3.1_react@18.3.1/node_modules/react-dom/cjs/react-dom.development.js:26505:5)
      at renderRootSync (../../node_modules/.pnpm/react-dom@18.3.1_react@18.3.1/node_modules/react-dom/cjs/react-dom.development.js:26473:7)
      at recoverFromConcurrentError (../../node_modules/.pnpm/react-dom@18.3.1_react@18.3.1/node_modules/react-dom/cjs/react-dom.development.js:25889:20)
      at performConcurrentWorkOnRoot (../../node_modules/.pnpm/react-dom@18.3.1_react@18.3.1/node_modules/react-dom/cjs/react-dom.development.js:25789:22)
      at flushActQueue (../../node_modules/.pnpm/react@18.3.1/node_modules/react/cjs/react.development.js:2667:24)
      at act (../../node_modules/.pnpm/react@18.3.1/node_modules/react/cjs/react.development.js:2582:11)
      at ../../node_modules/.pnpm/@testing-library+react@16.3.2_@testing-library+dom@10.4.1_@types+react-dom@18.3.7_@types+reac_3k5f6qynewwmkoqvlvtzlgtsjq/node_modules/@testing-library/react/dist/act-compat.js:46:25
      at renderRoot (../../node_modules/.pnpm/@testing-library+react@16.3.2_@testing-library+dom@10.4.1_@types+react-dom@18.3.7_@types+reac_3k5f6qynewwmkoqvlvtzlgtsjq/node_modules/@testing-library/react/dist/pure.js:189:26)
      at render (../../node_modules/.pnpm/@testing-library+react@16.3.2_@testing-library+dom@10.4.1_@types+react-dom@18.3.7_@types+reac_3k5f6qynewwmkoqvlvtzlgtsjq/node_modules/@testing-library/react/dist/pure.js:291:10)
      at Object.<anonymous> (components/__tests__/roles-table.test.tsx:82:11)

  ● RolesTable › app filter triggers listRolesAction with appId

    `Tooltip` must be used within `TooltipProvider`

      90 |     jest.useFakeTimers()
      91 |     ;(actions.listRolesAction as jest.Mock).mockResolvedValue({ items: [], total: 0, page: 1, pageSize: 25 })
    > 92 |     render(withIntl(<RolesTable initial={initial} apps={apps} />))
         |           ^
      93 |     fireEvent.change(screen.getByLabelText(en.roles.filter.appLabel), { target: { value: 'sq_a1' } })
      94 |     jest.advanceTimersByTime(400)
      95 |     await waitFor(() => expect(actions.listRolesAction).toHaveBeenCalledWith({ appId: 'sq_a1', page: 1, pageSize: 25 }))

      at useContext2 (../../node_modules/.pnpm/@radix-ui+react-context@1.1.2_@types+react@18.3.29_react@18.3.1/node_modules/@radix-ui/react-context/src/create-context.tsx:75:13)
      at Tooltip (../../node_modules/.pnpm/@radix-ui+react-tooltip@1.2.8_@types+react-dom@18.3.7_@types+react@18.3.29__@types+react@18.3_xrwsnt2rmlacewwolijhmzdoxi/node_modules/@radix-ui/react-tooltip/src/tooltip.tsx:162:27)
      at renderWithHooks (../../node_modules/.pnpm/react-dom@18.3.1_react@18.3.1/node_modules/react-dom/cjs/react-dom.development.js:15486:18)
      at mountIndeterminateComponent (../../node_modules/.pnpm/react-dom@18.3.1_react@18.3.1/node_modules/react-dom/cjs/react-dom.development.js:20103:13)
      at beginWork (../../node_modules/.pnpm/react-dom@18.3.1_react@18.3.1/node_modules/react-dom/cjs/react-dom.development.js:21626:16)
      at beginWork$1 (../../node_modules/.pnpm/react-dom@18.3.1_react@18.3.1/node_modules/react-dom/cjs/react-dom.development.js:27465:14)
      at performUnitOfWork (../../node_modules/.pnpm/react-dom@18.3.1_react@18.3.1/node_modules/react-dom/cjs/react-dom.development.js:26599:12)
      at workLoopSync (../../node_modules/.pnpm/react-dom@18.3.1_react@18.3.1/node_modules/react-dom/cjs/react-dom.development.js:26505:5)
      at renderRootSync (../../node_modules/.pnpm/react-dom@18.3.1_react@18.3.1/node_modules/react-dom/cjs/react-dom.development.js:26473:7)
      at recoverFromConcurrentError (../../node_modules/.pnpm/react-dom@18.3.1_react@18.3.1/node_modules/react-dom/cjs/react-dom.development.js:25889:20)
      at performConcurrentWorkOnRoot (../../node_modules/.pnpm/react-dom@18.3.1_react@18.3.1/node_modules/react-dom/cjs/react-dom.development.js:25789:22)
      at flushActQueue (../../node_modules/.pnpm/react@18.3.1/node_modules/react/cjs/react.development.js:2667:24)
      at act (../../node_modules/.pnpm/react@18.3.1/node_modules/react/cjs/react.development.js:2582:11)
      at ../../node_modules/.pnpm/@testing-library+react@16.3.2_@testing-library+dom@10.4.1_@types+react-dom@18.3.7_@types+reac_3k5f6qynewwmkoqvlvtzlgtsjq/node_modules/@testing-library/react/dist/act-compat.js:46:25
      at renderRoot (../../node_modules/.pnpm/@testing-library+react@16.3.2_@testing-library+dom@10.4.1_@types+react-dom@18.3.7_@types+reac_3k5f6qynewwmkoqvlvtzlgtsjq/node_modules/@testing-library/react/dist/pure.js:189:26)
      at render (../../node_modules/.pnpm/@testing-library+react@16.3.2_@testing-library+dom@10.4.1_@types+react-dom@18.3.7_@types+reac_3k5f6qynewwmkoqvlvtzlgtsjq/node_modules/@testing-library/react/dist/pure.js:291:10)
      at Object.<anonymous> (components/__tests__/roles-table.test.tsx:92:11)

  ● RolesTable › hides Create/Edit/Delete affordances when canWrite=false

    `Tooltip` must be used within `TooltipProvider`

       98 |
       99 |   it('hides Create/Edit/Delete affordances when canWrite=false', () => {
    > 100 |     render(withIntl(<RolesTable initial={initial} apps={apps} canWrite={false} />))
          |           ^
      101 |     expect(screen.queryByRole('button', { name: new RegExp(en.roles.create) })).not.toBeInTheDocument()
      102 |     expect(screen.queryAllByRole('menuitem', { name: en.roles.actions.edit })).toHaveLength(0)
      103 |     expect(screen.queryAllByRole('menuitem', { name: en.roles.actions.delete })).toHaveLength(0)

      at useContext2 (../../node_modules/.pnpm/@radix-ui+react-context@1.1.2_@types+react@18.3.29_react@18.3.1/node_modules/@radix-ui/react-context/src/create-context.tsx:75:13)
      at Tooltip (../../node_modules/.pnpm/@radix-ui+react-tooltip@1.2.8_@types+react-dom@18.3.7_@types+react@18.3.29__@types+react@18.3_xrwsnt2rmlacewwolijhmzdoxi/node_modules/@radix-ui/react-tooltip/src/tooltip.tsx:162:27)
      at renderWithHooks (../../node_modules/.pnpm/react-dom@18.3.1_react@18.3.1/node_modules/react-dom/cjs/react-dom.development.js:15486:18)
      at mountIndeterminateComponent (../../node_modules/.pnpm/react-dom@18.3.1_react@18.3.1/node_modules/react-dom/cjs/react-dom.development.js:20103:13)
      at beginWork (../../node_modules/.pnpm/react-dom@18.3.1_react@18.3.1/node_modules/react-dom/cjs/react-dom.development.js:21626:16)
      at beginWork$1 (../../node_modules/.pnpm/react-dom@18.3.1_react@18.3.1/node_modules/react-dom/cjs/react-dom.development.js:27465:14)
      at performUnitOfWork (../../node_modules/.pnpm/react-dom@18.3.1_react@18.3.1/node_modules/react-dom/cjs/react-dom.development.js:26599:12)
      at workLoopSync (../../node_modules/.pnpm/react-dom@18.3.1_react@18.3.1/node_modules/react-dom/cjs/react-dom.development.js:26505:5)
      at renderRootSync (../../node_modules/.pnpm/react-dom@18.3.1_react@18.3.1/node_modules/react-dom/cjs/react-dom.development.js:26473:7)
      at recoverFromConcurrentError (../../node_modules/.pnpm/react-dom@18.3.1_react@18.3.1/node_modules/react-dom/cjs/react-dom.development.js:25889:20)
      at performConcurrentWorkOnRoot (../../node_modules/.pnpm/react-dom@18.3.1_react@18.3.1/node_modules/react-dom/cjs/react-dom.development.js:25789:22)
      at flushActQueue (../../node_modules/.pnpm/react@18.3.1/node_modules/react/cjs/react.development.js:2667:24)
      at act (../../node_modules/.pnpm/react@18.3.1/node_modules/react/cjs/react.development.js:2582:11)
      at ../../node_modules/.pnpm/@testing-library+react@16.3.2_@testing-library+dom@10.4.1_@types+react-dom@18.3.7_@types+reac_3k5f6qynewwmkoqvlvtzlgtsjq/node_modules/@testing-library/react/dist/act-compat.js:46:25
      at renderRoot (../../node_modules/.pnpm/@testing-library+react@16.3.2_@testing-library+dom@10.4.1_@types+react-dom@18.3.7_@types+reac_3k5f6qynewwmkoqvlvtzlgtsjq/node_modules/@testing-library/react/dist/pure.js:189:26)
      at render (../../node_modules/.pnpm/@testing-library+react@16.3.2_@testing-library+dom@10.4.1_@types+react-dom@18.3.7_@types+reac_3k5f6qynewwmkoqvlvtzlgtsjq/node_modules/@testing-library/react/dist/pure.js:291:10)
      at Object.<anonymous> (components/__tests__/roles-table.test.tsx:100:11)

  ● RolesTable › hides the app picker when canPickApp=false

    `Tooltip` must be used within `TooltipProvider`

      107 |
      108 |   it('hides the app picker when canPickApp=false', () => {
    > 109 |     render(withIntl(<RolesTable initial={initial} apps={apps} canPickApp={false} />))
          |           ^
      110 |     expect(screen.queryByLabelText(en.roles.filter.appLabel)).not.toBeInTheDocument()
      111 |   })
      112 | })

      at useContext2 (../../node_modules/.pnpm/@radix-ui+react-context@1.1.2_@types+react@18.3.29_react@18.3.1/node_modules/@radix-ui/react-context/src/create-context.tsx:75:13)
      at Tooltip (../../node_modules/.pnpm/@radix-ui+react-tooltip@1.2.8_@types+react-dom@18.3.7_@types+react@18.3.29__@types+react@18.3_xrwsnt2rmlacewwolijhmzdoxi/node_modules/@radix-ui/react-tooltip/src/tooltip.tsx:162:27)
      at renderWithHooks (../../node_modules/.pnpm/react-dom@18.3.1_react@18.3.1/node_modules/react-dom/cjs/react-dom.development.js:15486:18)
      at mountIndeterminateComponent (../../node_modules/.pnpm/react-dom@18.3.1_react@18.3.1/node_modules/react-dom/cjs/react-dom.development.js:20103:13)
      at beginWork (../../node_modules/.pnpm/react-dom@18.3.1_react@18.3.1/node_modules/react-dom/cjs/react-dom.development.js:21626:16)
      at beginWork$1 (../../node_modules/.pnpm/react-dom@18.3.1_react@18.3.1/node_modules/react-dom/cjs/react-dom.development.js:27465:14)
      at performUnitOfWork (../../node_modules/.pnpm/react-dom@18.3.1_react@18.3.1/node_modules/react-dom/cjs/react-dom.development.js:26599:12)
      at workLoopSync (../../node_modules/.pnpm/react-dom@18.3.1_react@18.3.1/node_modules/react-dom/cjs/react-dom.development.js:26505:5)
      at renderRootSync (../../node_modules/.pnpm/react-dom@18.3.1_react@18.3.1/node_modules/react-dom/cjs/react-dom.development.js:26473:7)
      at recoverFromConcurrentError (../../node_modules/.pnpm/react-dom@18.3.1_react@18.3.1/node_modules/react-dom/cjs/react-dom.development.js:25889:20)
      at performConcurrentWorkOnRoot (../../node_modules/.pnpm/react-dom@18.3.1_react@18.3.1/node_modules/react-dom/cjs/react-dom.development.js:25789:22)
      at flushActQueue (../../node_modules/.pnpm/react@18.3.1/node_modules/react/cjs/react.development.js:2667:24)
      at act (../../node_modules/.pnpm/react@18.3.1/node_modules/react/cjs/react.development.js:2582:11)
      at ../../node_modules/.pnpm/@testing-library+react@16.3.2_@testing-library+dom@10.4.1_@types+react-dom@18.3.7_@types+reac_3k5f6qynewwmkoqvlvtzlgtsjq/node_modules/@testing-library/react/dist/act-compat.js:46:25
      at renderRoot (../../node_modules/.pnpm/@testing-library+react@16.3.2_@testing-library+dom@10.4.1_@types+react-dom@18.3.7_@types+reac_3k5f6qynewwmkoqvlvtzlgtsjq/node_modules/@testing-library/react/dist/pure.js:189:26)
      at render (../../node_modules/.pnpm/@testing-library+react@16.3.2_@testing-library+dom@10.4.1_@types+react-dom@18.3.7_@types+reac_3k5f6qynewwmkoqvlvtzlgtsjq/node_modules/@testing-library/react/dist/pure.js:291:10)
      at Object.<anonymous> (components/__tests__/roles-table.test.tsx:109:11)

FAIL components/__tests__/app-create-drawer.test.tsx
  ● AppCreateDrawer › submits valid form and closes

    expect(jest.fn()).toHaveBeenCalledWith(...expected)

    - Expected
    + Received

      Object {
    +   "callbackUrl": null,
        "name": "X",
        "url": "https://x.example",
      },

    Number of calls: 1

    Ignored nodes: comments, script, style
    [36m<html>[39m
      [36m<head />[39m
      [36m<body[39m
        [33mdata-scroll-locked[39m=[32m"1"[39m
        [33mstyle[39m=[32m"pointer-events: none;"[39m
      [36m>[39m
        [36m<span[39m
          [33maria-hidden[39m=[32m"true"[39m
          [33mdata-aria-hidden[39m=[32m"true"[39m
          [33mdata-radix-focus-guard[39m=[32m""[39m
          [33mstyle[39m=[32m"outline: none; opacity: 0; position: fixed; pointer-events: none;"[39m
          [33mtabindex[39m=[32m"0"[39m
        [36m/>[39m
        [36m<div[39m
          [33maria-hidden[39m=[32m"true"[39m
          [33mdata-aria-hidden[39m=[32m"true"[39m
        [36m/>[39m
        [36m<div[39m
          [33maria-hidden[39m=[32m"true"[39m
          [33mclass[39m=[32m"fixed inset-0 z-50 bg-black/80 data-[state=open]:animate-in data-[state=closed]:animate-out data-[state=closed]:fade-out-0 data-[state=open]:fade-in-0"[39m
          [33mdata-aria-hidden[39m=[32m"true"[39m
          [33mdata-state[39m=[32m"open"[39m
          [33mstyle[39m=[32m"pointer-events: auto;"[39m
        [36m/>[39m
        [36m<div[39m
          [33maria-describedby[39m=[32m"radix-:r2:"[39m
          [33maria-labelledby[39m=[32m"radix-:r1:"[39m
          [33mclass[39m=[32m"fixed z-50 flex flex-col gap-4 bg-background p-6 shadow-lg transition ease-in-out data-[state=open]:animate-in data-[state=closed]:animate-out data-[state=closed]:duration-300 data-[state=open]:duration-500 inset-y-0 right-0 h-full w-3/4 border-l data-[state=closed]:slide-out-to-right data-[state=open]:slide-in-from-right sm:max-w-sm"[39m
          [33mdata-state[39m=[32m"open"[39m
          [33mid[39m=[32m"radix-:r0:"[39m
          [33mrole[39m=[32m"dialog"[39m
          [33mstyle[39m=[32m"pointer-events: auto;"[39m
          [33mtabindex[39m=[32m"-1"[39m
        [36m>[39m
          [36m<div[39m
            [33mclass[39m=[32m"flex flex-col space-y-2 text-center sm:text-left"[39m
          [36m>[39m
            [36m<div>[39m
              [36m<h2[39m
                [33mclass[39m=[32m"text-lg font-semibold text-foreground"[39m
                [33mid[39m=[32m"radix-:r1:"[39m
              [36m>[39m
                [0mCreate New App[0m
              [36m</h2>[39m
              [36m<p[39m
                [33mclass[39m=[32m"text-sm text-muted-foreground"[39m
                [33mid[39m=[32m"radix-:r2:"[39m
              [36m>[39m
                [0mConfigure the basic details for your new application integration.[0m
              [36m</p>[39m
            [36m</div>[39m
          [36m</div>[39m
          [36m<div[39m
            [33mclass[39m=[32m"flex-1 overflow-y-auto px-6 py-6"[39m
          [36m>[39m
            [36m<form[39m
              [33mclass[39m=[32m"space-y-4"[39m
            [36m>[39m
              [36m<div>[39m
                [36m<label[39m
                  [33mclass[39m=[32m"text-sm font-medium leading-none peer-disabled:cursor-not-allowed peer-disabled:opacity-70"[39m
                  [33mfor[39m=[32m"appName"[39m
                [36m>[39m
                  [0mApp Name[0m
                [36m</label>[39m
                [36m<input[39m
                  [33mclass[39m=[32m"flex h-10 w-full rounded-md border border-input bg-background px-3 py-2 text-base ring-offset-background file:border-0 file:bg-transparent file:text-sm file:font-medium file:text-foreground placeholder:text-muted-foreground focus-visible:outline-none focus-visible:ring-2 focus-visible:ring-ring focus-visible:ring-offset-2 disabled:cursor-not-allowed disabled:opacity-50 md:text-sm"[39m
                  [33mid[39m=[32m"appName"[39m
                  [33mrequired[39m=[32m""[39m
                  [33mvalue[39m=[32m"X"[39m
                [36m/>[39m
              [36m</div>[39m
              [36m<div>[39m
                [36m<label[39m
                  [33mclass[39m=[32m"text-sm font-medium leading-none peer-disabled:cursor-not-allowed peer-disabled:opacity-70"[39m
                  [33mfor[39m=[32m"appUrl"[39m
                [36m>[39m
                  [0mApp URL[0m
                [36m</label>[39m
                [36m<input[39m
                  [33mclass[39m=[32m"flex h-10 w-full rounded-md border border-input bg-background px-3 py-2 text-base ring-offset-background file:border-0 file:bg-transparent file:text-sm file:font-medium file:text-foreground placeholder:text-muted-foreground focus-visible:outline-none focus-visible:ring-2 focus-visible:ring-ring focus-visible:ring-offset-2 disabled:cursor-not-allowed disabled:opacity-50 md:text-sm"[39m
                  [33mid[39m=[32m"appUrl"[39m
                  [33mplaceholder[39m=[32m"https://app.example.com"[39m
                  [33mrequired[39m=[32m""[39m
                  [33mtype[39m=[32m"url"[39m
                  [33mvalue[39m=[32m"https://x.example"[39m
                [36m/>[39m
                [36m<p[39m
                  [33mclass[39m=[32m"mt-1 text-body-sm text-muted-foreground"[39m
                [36m>[39m
                  [0mThe primary base URL for this application.[0m
                [36m</p>[39m
              [36m</div>[39m
              [36m<div>[39m
                [36m<label[39m
                  [33mclass[39m=[32m"text-sm font-medium leading-none peer-disabled:cursor-not-allowed peer-disabled:opacity-70"[39m
                  [33mfor[39m=[32m"appCallbackUrl"[39m
                [36m>[39m
                  [0mCallback URL[0m
                [36m</label>[39m
                [36m<input[39m
                  [33mclass[39m=[32m"flex h-10 w-full rounded-md border border-input bg-background px-3 py-2 text-base ring-offset-background file:border-0 file:bg-transparent file:text-sm file:font-medium file:text-foreground placeholder:text-muted-foreground focus-visible:outline-none focus-visible:ring-2 focus-visible:ring-ring focus-visible:ring-offset-2 disabled:cursor-not-allowed disabled:opacity-50 md:text-sm"[39m
                  [33mid[39m=[32m"appCallbackUrl"[39m
                  [33mplaceholder[39m=[32m"https://app.example.com/auth/callback"[39m
                  [33mtype[39m=[32m"url"[39m
                  [33mvalue[39m=[32m""[39m
                [36m/>[39m
                [36m<p[39m
                  [33mclass[39m=[32m"mt-1 text-body-sm text-muted-foreground"[39m
                [36m>[39m
                  [0mLeave blank to accept any callback under the app's URL. Set a full URL to require an exact redirect_uri match.[0m
                [36m</p>[39m
              [36m</div>[39m
              [36m<div[39m
                [33mclass[39m=[32m"rounded border border-border bg-muted p-3 text-body-sm text-muted-foreground"[39m
              [36m>[39m
                [36m<span[39m
                  [33mclass[39m=[32m"material-symbols-outlined align-middle text-[16px] text-primary"[39m
                [36m>[39m
                  [0minfo[0m
                [36m</span>[39m
                [0m [0m
                [0mThe Public ID and internal ID will be automatically generated once the application is created.[0m
              [36m</div>[39m
              [36m<div[39m
                [33mclass[39m=[32m"flex justify-end pt-4"[39m
              [36m>[39m
                [36m<div[39m
                  [33mclass[39m=[32m"flex w-fit items-stretch has-[>[data-slot=button-group]]:gap-2 [&>*]:focus-visible:relative [&>*]:focus-visible:z-10 has-[select[aria-hidden=true]:last-child]:[&>[data-slot=select-trigger]:last-of-type]:rounded-r-md [&>[data-slot=select-trigger]:not([class*='w-'])]:w-fit [&>input]:flex-1 [&>*:not(:first-child)]:rounded-l-none [&>*:not(:first-child)]:border-l-0 [&>*:not(:last-child)]:rounded-r-none"[39m
                  [33mdata-slot[39m=[32m"button-group"[39m
                  [33mrole[39m=[32m"group"[39m
                [36m>[39m
                  [36m<button[39m
                    [33mclass[39m=[32m"inline-flex items-center justify-center gap-2 whitespace-nowrap rounded-md text-sm font-medium ring-offset-background transition-colors focus-visible:outline-none focus-visible:ring-2 focus-visible:ring-ring focus-visible:ring-offset-2 disabled:pointer-events-none disabled:opacity-50 [&_svg]:pointer-events-none [&_svg]:size-4 [&_svg]:shrink-0 border border-input bg-background hover:bg-accent hover:text-accent-foreground h-10 px-4 py-2"[39m
                    [33mtype[39m=[32m"button"[39m
                  [36m>[39m
                    [0mCancel[0m
                  [36m</button>[39m
                  [36m<button[39m
                    [33mclass[39m=[32m"inline-flex items-center justify-center gap-2 whitespace-nowrap rounded-md text-sm font-medium ring-offset-background transition-colors focus-visible:outline-none focus-visible:ring-2 focus-visible:ring-ring focus-visible:ring-offset-2 disabled:pointer-events-none disabled:opacity-50 [&_svg]:pointer-events-none [&_svg]:size-4 [&_svg]:shrink-0 bg-primary text-primary-foreground hover:bg-primary/90 h-10 px-4 py-2"[39m
                    [33mtype[39m=[32m"submit"[39m
                  [36m>[39m
                    [0mCreate New App[0m
                  [36m</button>[39m
                [36m</div>[39m
              [36m</div>[39m
            [36m</form>[39m
          [36m</div>[39m
          [36m<button[39m
            [33mclass[39m=[32m"absolute right-4 top-4 rounded-sm opacity-70 ring-offset-background transition-opacity hover:opacity-100 focus:outline-none focus:ring-2 focus:ring-ring focus:ring-offset-2 disabled:pointer-events-none data-[state=open]:bg-secondary"[39m
            [33mtype[39m=[32m"button"[39m
          [36m>[39m
            [36m<svg[39m
              [33maria-hidden[39m=[32m"true"[39m
              [33mclass[39m=[32m"lucide lucide-x h-4 w-4"[39m
              [33mfill[39m=[32m"none"[39m
              [33mheight[39m=[32m"24"[39m
              [33mstroke[39m=[32m"currentColor"[39m
              [33mstroke-linecap[39m=[32m"round"[39m
              [33mstroke-linejoin[39m=[32m"round"[39m
              [33mstroke-width[39m=[32m"2"[39m
              [33mviewBox[39m=[32m"0 0 24 24"[39m
              [33mwidth[39m=[32m"24"[39m
              [33mxmlns[39m=[32m"http://www.w3.org/2000/svg"[39m
            [36m>[39m
              [36m<path[39m
                [33md[39m=[32m"M18 6 6 18"[39m
              [36m/>[39m
              [36m<path[39m
                [33md[39m=[32m"m6 6 12 12"[39m
              [36m/>[39m
            [36m</svg>[39m
            [36m<span[39m
              [33mclass[39m=[32m"sr-only"[39m
            [36m>[39m
              [0mClose[0m
            [36m</span>[39m
          [36m</button>[39m
        [36m</div>[39m
        [36m<span[39m
          [33maria-hidden[39m=[32m"true"[39m
          [33mdata-aria-hidden[39m=[32m"true"[39m
          [33mdata-radix-focus-guard[39m=[32m""[39m
          [33mstyle[39m=[32m"outline: none; opacity: 0; position: fixed; pointer-events: none;"[39m
          [33mtabindex[39m=[32m"0"[39m
        [36m/>[39m
      [36m</body>[39m
    [36m</html>[39m

      31 |     fireEvent.click(screen.getByRole('button', { name: en.apps.drawer.createTitle }))
      32 |     await waitFor(() =>
    > 33 |       expect(actions.createAppAction).toHaveBeenCalledWith({ name: 'X', url: 'https://x.example' }),
         |                                       ^
      34 |     )
      35 |     await waitFor(() => expect(onOpenChange).toHaveBeenCalledWith(false))
      36 |   })

      at components/__tests__/app-create-drawer.test.tsx:33:39
      at runWithExpensiveErrorDiagnosticsDisabled (../../node_modules/.pnpm/@testing-library+dom@10.4.1/node_modules/@testing-library/dom/dist/config.js:47:12)
      at checkCallback (../../node_modules/.pnpm/@testing-library+dom@10.4.1/node_modules/@testing-library/dom/dist/wait-for.js:124:77)
      at checkRealTimersCallback (../../node_modules/.pnpm/@testing-library+dom@10.4.1/node_modules/@testing-library/dom/dist/wait-for.js:118:16)
      at Timeout.task [as _onTimeout] (../../node_modules/.pnpm/jsdom@20.0.3/node_modules/jsdom/lib/jsdom/browser/Window.js:520:19)

FAIL components/__tests__/orgs-table.test.tsx
  ● OrgsTable › renders rows from initial data

    `Tooltip` must be used within `TooltipProvider`

      54 |
      55 |   it('renders rows from initial data', () => {
    > 56 |     render(withIntl(<OrgsTable initial={initial} apps={apps} />))
         |           ^
      57 |     expect(screen.getByText('Acme')).toBeInTheDocument()
      58 |     expect(screen.getByText('Platform Org')).toBeInTheDocument()
      59 |   })

      at useContext2 (../../node_modules/.pnpm/@radix-ui+react-context@1.1.2_@types+react@18.3.29_react@18.3.1/node_modules/@radix-ui/react-context/src/create-context.tsx:75:13)
      at Tooltip (../../node_modules/.pnpm/@radix-ui+react-tooltip@1.2.8_@types+react-dom@18.3.7_@types+react@18.3.29__@types+react@18.3_xrwsnt2rmlacewwolijhmzdoxi/node_modules/@radix-ui/react-tooltip/src/tooltip.tsx:162:27)
      at renderWithHooks (../../node_modules/.pnpm/react-dom@18.3.1_react@18.3.1/node_modules/react-dom/cjs/react-dom.development.js:15486:18)
      at mountIndeterminateComponent (../../node_modules/.pnpm/react-dom@18.3.1_react@18.3.1/node_modules/react-dom/cjs/react-dom.development.js:20103:13)
      at beginWork (../../node_modules/.pnpm/react-dom@18.3.1_react@18.3.1/node_modules/react-dom/cjs/react-dom.development.js:21626:16)
      at beginWork$1 (../../node_modules/.pnpm/react-dom@18.3.1_react@18.3.1/node_modules/react-dom/cjs/react-dom.development.js:27465:14)
      at performUnitOfWork (../../node_modules/.pnpm/react-dom@18.3.1_react@18.3.1/node_modules/react-dom/cjs/react-dom.development.js:26599:12)
      at workLoopSync (../../node_modules/.pnpm/react-dom@18.3.1_react@18.3.1/node_modules/react-dom/cjs/react-dom.development.js:26505:5)
      at renderRootSync (../../node_modules/.pnpm/react-dom@18.3.1_react@18.3.1/node_modules/react-dom/cjs/react-dom.development.js:26473:7)
      at recoverFromConcurrentError (../../node_modules/.pnpm/react-dom@18.3.1_react@18.3.1/node_modules/react-dom/cjs/react-dom.development.js:25889:20)
      at performConcurrentWorkOnRoot (../../node_modules/.pnpm/react-dom@18.3.1_react@18.3.1/node_modules/react-dom/cjs/react-dom.development.js:25789:22)
      at flushActQueue (../../node_modules/.pnpm/react@18.3.1/node_modules/react/cjs/react.development.js:2667:24)
      at act (../../node_modules/.pnpm/react@18.3.1/node_modules/react/cjs/react.development.js:2582:11)
      at ../../node_modules/.pnpm/@testing-library+react@16.3.2_@testing-library+dom@10.4.1_@types+react-dom@18.3.7_@types+reac_3k5f6qynewwmkoqvlvtzlgtsjq/node_modules/@testing-library/react/dist/act-compat.js:46:25
      at renderRoot (../../node_modules/.pnpm/@testing-library+react@16.3.2_@testing-library+dom@10.4.1_@types+react-dom@18.3.7_@types+reac_3k5f6qynewwmkoqvlvtzlgtsjq/node_modules/@testing-library/react/dist/pure.js:189:26)
      at render (../../node_modules/.pnpm/@testing-library+react@16.3.2_@testing-library+dom@10.4.1_@types+react-dom@18.3.7_@types+reac_3k5f6qynewwmkoqvlvtzlgtsjq/node_modules/@testing-library/react/dist/pure.js:291:10)
      at Object.<anonymous> (components/__tests__/orgs-table.test.tsx:56:11)

  ● OrgsTable › clicking Delete on an ordinary org opens ConfirmDialog with the org name

    `Tooltip` must be used within `TooltipProvider`

      60 |
      61 |   it('clicking Delete on an ordinary org opens ConfirmDialog with the org name', async () => {
    > 62 |     render(withIntl(<OrgsTable initial={initial} apps={apps} />))
         |           ^
      63 |     const menuButtons = screen.getAllByRole('button', { name: /more/i })
      64 |     fireEvent.click(menuButtons[0])
      65 |     fireEvent.click(await screen.findByRole('menuitem', { name: en.orgs.actions.delete }))

      at useContext2 (../../node_modules/.pnpm/@radix-ui+react-context@1.1.2_@types+react@18.3.29_react@18.3.1/node_modules/@radix-ui/react-context/src/create-context.tsx:75:13)
      at Tooltip (../../node_modules/.pnpm/@radix-ui+react-tooltip@1.2.8_@types+react-dom@18.3.7_@types+react@18.3.29__@types+react@18.3_xrwsnt2rmlacewwolijhmzdoxi/node_modules/@radix-ui/react-tooltip/src/tooltip.tsx:162:27)
      at renderWithHooks (../../node_modules/.pnpm/react-dom@18.3.1_react@18.3.1/node_modules/react-dom/cjs/react-dom.development.js:15486:18)
      at mountIndeterminateComponent (../../node_modules/.pnpm/react-dom@18.3.1_react@18.3.1/node_modules/react-dom/cjs/react-dom.development.js:20103:13)
      at beginWork (../../node_modules/.pnpm/react-dom@18.3.1_react@18.3.1/node_modules/react-dom/cjs/react-dom.development.js:21626:16)
      at beginWork$1 (../../node_modules/.pnpm/react-dom@18.3.1_react@18.3.1/node_modules/react-dom/cjs/react-dom.development.js:27465:14)
      at performUnitOfWork (../../node_modules/.pnpm/react-dom@18.3.1_react@18.3.1/node_modules/react-dom/cjs/react-dom.development.js:26599:12)
      at workLoopSync (../../node_modules/.pnpm/react-dom@18.3.1_react@18.3.1/node_modules/react-dom/cjs/react-dom.development.js:26505:5)
      at renderRootSync (../../node_modules/.pnpm/react-dom@18.3.1_react@18.3.1/node_modules/react-dom/cjs/react-dom.development.js:26473:7)
      at recoverFromConcurrentError (../../node_modules/.pnpm/react-dom@18.3.1_react@18.3.1/node_modules/react-dom/cjs/react-dom.development.js:25889:20)
      at performConcurrentWorkOnRoot (../../node_modules/.pnpm/react-dom@18.3.1_react@18.3.1/node_modules/react-dom/cjs/react-dom.development.js:25789:22)
      at flushActQueue (../../node_modules/.pnpm/react@18.3.1/node_modules/react/cjs/react.development.js:2667:24)
      at act (../../node_modules/.pnpm/react@18.3.1/node_modules/react/cjs/react.development.js:2582:11)
      at ../../node_modules/.pnpm/@testing-library+react@16.3.2_@testing-library+dom@10.4.1_@types+react-dom@18.3.7_@types+reac_3k5f6qynewwmkoqvlvtzlgtsjq/node_modules/@testing-library/react/dist/act-compat.js:46:25
      at renderRoot (../../node_modules/.pnpm/@testing-library+react@16.3.2_@testing-library+dom@10.4.1_@types+react-dom@18.3.7_@types+reac_3k5f6qynewwmkoqvlvtzlgtsjq/node_modules/@testing-library/react/dist/pure.js:189:26)
      at render (../../node_modules/.pnpm/@testing-library+react@16.3.2_@testing-library+dom@10.4.1_@types+react-dom@18.3.7_@types+reac_3k5f6qynewwmkoqvlvtzlgtsjq/node_modules/@testing-library/react/dist/pure.js:291:10)
      at Object.<anonymous> (components/__tests__/orgs-table.test.tsx:62:11)

  ● OrgsTable › app filter triggers listOrgsAction with appId

    `Tooltip` must be used within `TooltipProvider`

      71 |     jest.useFakeTimers()
      72 |     ;(actions.listOrgsAction as jest.Mock).mockResolvedValue({ items: [], total: 0, page: 1, pageSize: 25 })
    > 73 |     render(withIntl(<OrgsTable initial={initial} apps={apps} />))
         |           ^
      74 |     fireEvent.change(screen.getByLabelText(en.orgs.filter.appLabel), { target: { value: 'sq_1' } })
      75 |     jest.advanceTimersByTime(400)
      76 |     await waitFor(() => expect(actions.listOrgsAction).toHaveBeenCalledWith({ appId: 'sq_1', page: 1, pageSize: 25 }))

      at useContext2 (../../node_modules/.pnpm/@radix-ui+react-context@1.1.2_@types+react@18.3.29_react@18.3.1/node_modules/@radix-ui/react-context/src/create-context.tsx:75:13)
      at Tooltip (../../node_modules/.pnpm/@radix-ui+react-tooltip@1.2.8_@types+react-dom@18.3.7_@types+react@18.3.29__@types+react@18.3_xrwsnt2rmlacewwolijhmzdoxi/node_modules/@radix-ui/react-tooltip/src/tooltip.tsx:162:27)
      at renderWithHooks (../../node_modules/.pnpm/react-dom@18.3.1_react@18.3.1/node_modules/react-dom/cjs/react-dom.development.js:15486:18)
      at mountIndeterminateComponent (../../node_modules/.pnpm/react-dom@18.3.1_react@18.3.1/node_modules/react-dom/cjs/react-dom.development.js:20103:13)
      at beginWork (../../node_modules/.pnpm/react-dom@18.3.1_react@18.3.1/node_modules/react-dom/cjs/react-dom.development.js:21626:16)
      at beginWork$1 (../../node_modules/.pnpm/react-dom@18.3.1_react@18.3.1/node_modules/react-dom/cjs/react-dom.development.js:27465:14)
      at performUnitOfWork (../../node_modules/.pnpm/react-dom@18.3.1_react@18.3.1/node_modules/react-dom/cjs/react-dom.development.js:26599:12)
      at workLoopSync (../../node_modules/.pnpm/react-dom@18.3.1_react@18.3.1/node_modules/react-dom/cjs/react-dom.development.js:26505:5)
      at renderRootSync (../../node_modules/.pnpm/react-dom@18.3.1_react@18.3.1/node_modules/react-dom/cjs/react-dom.development.js:26473:7)
      at recoverFromConcurrentError (../../node_modules/.pnpm/react-dom@18.3.1_react@18.3.1/node_modules/react-dom/cjs/react-dom.development.js:25889:20)
      at performConcurrentWorkOnRoot (../../node_modules/.pnpm/react-dom@18.3.1_react@18.3.1/node_modules/react-dom/cjs/react-dom.development.js:25789:22)
      at flushActQueue (../../node_modules/.pnpm/react@18.3.1/node_modules/react/cjs/react.development.js:2667:24)
      at act (../../node_modules/.pnpm/react@18.3.1/node_modules/react/cjs/react.development.js:2582:11)
      at ../../node_modules/.pnpm/@testing-library+react@16.3.2_@testing-library+dom@10.4.1_@types+react-dom@18.3.7_@types+reac_3k5f6qynewwmkoqvlvtzlgtsjq/node_modules/@testing-library/react/dist/act-compat.js:46:25
      at renderRoot (../../node_modules/.pnpm/@testing-library+react@16.3.2_@testing-library+dom@10.4.1_@types+react-dom@18.3.7_@types+reac_3k5f6qynewwmkoqvlvtzlgtsjq/node_modules/@testing-library/react/dist/pure.js:189:26)
      at render (../../node_modules/.pnpm/@testing-library+react@16.3.2_@testing-library+dom@10.4.1_@types+react-dom@18.3.7_@types+reac_3k5f6qynewwmkoqvlvtzlgtsjq/node_modules/@testing-library/react/dist/pure.js:291:10)
      at Object.<anonymous> (components/__tests__/orgs-table.test.tsx:73:11)

FAIL components/__tests__/apps-table.test.tsx
  ● AppsTable › renders rows from initial data

    `Tooltip` must be used within `TooltipProvider`

      55 |
      56 |   it('renders rows from initial data', () => {
    > 57 |     render(withIntl(<AppsTable initial={initial} />))
         |           ^
      58 |     expect(screen.getByText('Customer Portal')).toBeInTheDocument()
      59 |     expect(screen.getByText('SassyAuth')).toBeInTheDocument()
      60 |   })

      at useContext2 (../../node_modules/.pnpm/@radix-ui+react-context@1.1.2_@types+react@18.3.29_react@18.3.1/node_modules/@radix-ui/react-context/src/create-context.tsx:75:13)
      at Tooltip (../../node_modules/.pnpm/@radix-ui+react-tooltip@1.2.8_@types+react-dom@18.3.7_@types+react@18.3.29__@types+react@18.3_xrwsnt2rmlacewwolijhmzdoxi/node_modules/@radix-ui/react-tooltip/src/tooltip.tsx:162:27)
      at renderWithHooks (../../node_modules/.pnpm/react-dom@18.3.1_react@18.3.1/node_modules/react-dom/cjs/react-dom.development.js:15486:18)
      at mountIndeterminateComponent (../../node_modules/.pnpm/react-dom@18.3.1_react@18.3.1/node_modules/react-dom/cjs/react-dom.development.js:20103:13)
      at beginWork (../../node_modules/.pnpm/react-dom@18.3.1_react@18.3.1/node_modules/react-dom/cjs/react-dom.development.js:21626:16)
      at beginWork$1 (../../node_modules/.pnpm/react-dom@18.3.1_react@18.3.1/node_modules/react-dom/cjs/react-dom.development.js:27465:14)
      at performUnitOfWork (../../node_modules/.pnpm/react-dom@18.3.1_react@18.3.1/node_modules/react-dom/cjs/react-dom.development.js:26599:12)
      at workLoopSync (../../node_modules/.pnpm/react-dom@18.3.1_react@18.3.1/node_modules/react-dom/cjs/react-dom.development.js:26505:5)
      at renderRootSync (../../node_modules/.pnpm/react-dom@18.3.1_react@18.3.1/node_modules/react-dom/cjs/react-dom.development.js:26473:7)
      at recoverFromConcurrentError (../../node_modules/.pnpm/react-dom@18.3.1_react@18.3.1/node_modules/react-dom/cjs/react-dom.development.js:25889:20)
      at performConcurrentWorkOnRoot (../../node_modules/.pnpm/react-dom@18.3.1_react@18.3.1/node_modules/react-dom/cjs/react-dom.development.js:25789:22)
      at flushActQueue (../../node_modules/.pnpm/react@18.3.1/node_modules/react/cjs/react.development.js:2667:24)
      at act (../../node_modules/.pnpm/react@18.3.1/node_modules/react/cjs/react.development.js:2582:11)
      at ../../node_modules/.pnpm/@testing-library+react@16.3.2_@testing-library+dom@10.4.1_@types+react-dom@18.3.7_@types+reac_3k5f6qynewwmkoqvlvtzlgtsjq/node_modules/@testing-library/react/dist/act-compat.js:46:25
      at renderRoot (../../node_modules/.pnpm/@testing-library+react@16.3.2_@testing-library+dom@10.4.1_@types+react-dom@18.3.7_@types+reac_3k5f6qynewwmkoqvlvtzlgtsjq/node_modules/@testing-library/react/dist/pure.js:189:26)
      at render (../../node_modules/.pnpm/@testing-library+react@16.3.2_@testing-library+dom@10.4.1_@types+react-dom@18.3.7_@types+reac_3k5f6qynewwmkoqvlvtzlgtsjq/node_modules/@testing-library/react/dist/pure.js:291:10)
      at Object.<anonymous> (components/__tests__/apps-table.test.tsx:57:11)

  ● AppsTable › clicking Delete on an ordinary app opens ConfirmDialog with the app name

    `Tooltip` must be used within `TooltipProvider`

      61 |
      62 |   it('clicking Delete on an ordinary app opens ConfirmDialog with the app name', async () => {
    > 63 |     render(withIntl(<AppsTable initial={initial} />))
         |           ^
      64 |     // Open the row action menu for Customer Portal (first row)
      65 |     const menuButtons = screen.getAllByRole('button', { name: /more/i })
      66 |     fireEvent.click(menuButtons[0])

      at useContext2 (../../node_modules/.pnpm/@radix-ui+react-context@1.1.2_@types+react@18.3.29_react@18.3.1/node_modules/@radix-ui/react-context/src/create-context.tsx:75:13)
      at Tooltip (../../node_modules/.pnpm/@radix-ui+react-tooltip@1.2.8_@types+react-dom@18.3.7_@types+react@18.3.29__@types+react@18.3_xrwsnt2rmlacewwolijhmzdoxi/node_modules/@radix-ui/react-tooltip/src/tooltip.tsx:162:27)
      at renderWithHooks (../../node_modules/.pnpm/react-dom@18.3.1_react@18.3.1/node_modules/react-dom/cjs/react-dom.development.js:15486:18)
      at mountIndeterminateComponent (../../node_modules/.pnpm/react-dom@18.3.1_react@18.3.1/node_modules/react-dom/cjs/react-dom.development.js:20103:13)
      at beginWork (../../node_modules/.pnpm/react-dom@18.3.1_react@18.3.1/node_modules/react-dom/cjs/react-dom.development.js:21626:16)
      at beginWork$1 (../../node_modules/.pnpm/react-dom@18.3.1_react@18.3.1/node_modules/react-dom/cjs/react-dom.development.js:27465:14)
      at performUnitOfWork (../../node_modules/.pnpm/react-dom@18.3.1_react@18.3.1/node_modules/react-dom/cjs/react-dom.development.js:26599:12)
      at workLoopSync (../../node_modules/.pnpm/react-dom@18.3.1_react@18.3.1/node_modules/react-dom/cjs/react-dom.development.js:26505:5)
      at renderRootSync (../../node_modules/.pnpm/react-dom@18.3.1_react@18.3.1/node_modules/react-dom/cjs/react-dom.development.js:26473:7)
      at recoverFromConcurrentError (../../node_modules/.pnpm/react-dom@18.3.1_react@18.3.1/node_modules/react-dom/cjs/react-dom.development.js:25889:20)
      at performConcurrentWorkOnRoot (../../node_modules/.pnpm/react-dom@18.3.1_react@18.3.1/node_modules/react-dom/cjs/react-dom.development.js:25789:22)
      at flushActQueue (../../node_modules/.pnpm/react@18.3.1/node_modules/react/cjs/react.development.js:2667:24)
      at act (../../node_modules/.pnpm/react@18.3.1/node_modules/react/cjs/react.development.js:2582:11)
      at ../../node_modules/.pnpm/@testing-library+react@16.3.2_@testing-library+dom@10.4.1_@types+react-dom@18.3.7_@types+reac_3k5f6qynewwmkoqvlvtzlgtsjq/node_modules/@testing-library/react/dist/act-compat.js:46:25
      at renderRoot (../../node_modules/.pnpm/@testing-library+react@16.3.2_@testing-library+dom@10.4.1_@types+react-dom@18.3.7_@types+reac_3k5f6qynewwmkoqvlvtzlgtsjq/node_modules/@testing-library/react/dist/pure.js:189:26)
      at render (../../node_modules/.pnpm/@testing-library+react@16.3.2_@testing-library+dom@10.4.1_@types+react-dom@18.3.7_@types+reac_3k5f6qynewwmkoqvlvtzlgtsjq/node_modules/@testing-library/react/dist/pure.js:291:10)
      at Object.<anonymous> (components/__tests__/apps-table.test.tsx:63:11)

  ● AppsTable › debounced search triggers listAppsAction with q

    `Tooltip` must be used within `TooltipProvider`

      74 |     jest.useFakeTimers()
      75 |     ;(actions.listAppsAction as jest.Mock).mockResolvedValue({ items: [], total: 0, page: 1, pageSize: 25 })
    > 76 |     render(withIntl(<AppsTable initial={initial} />))
         |           ^
      77 |     fireEvent.change(screen.getByPlaceholderText(en.apps.search), { target: { value: 'port' } })
      78 |     jest.advanceTimersByTime(400)
      79 |     await waitFor(() => expect(actions.listAppsAction).toHaveBeenCalledWith({ q: 'port', page: 1, pageSize: 25 }))

      at useContext2 (../../node_modules/.pnpm/@radix-ui+react-context@1.1.2_@types+react@18.3.29_react@18.3.1/node_modules/@radix-ui/react-context/src/create-context.tsx:75:13)
      at Tooltip (../../node_modules/.pnpm/@radix-ui+react-tooltip@1.2.8_@types+react-dom@18.3.7_@types+react@18.3.29__@types+react@18.3_xrwsnt2rmlacewwolijhmzdoxi/node_modules/@radix-ui/react-tooltip/src/tooltip.tsx:162:27)
      at renderWithHooks (../../node_modules/.pnpm/react-dom@18.3.1_react@18.3.1/node_modules/react-dom/cjs/react-dom.development.js:15486:18)
      at mountIndeterminateComponent (../../node_modules/.pnpm/react-dom@18.3.1_react@18.3.1/node_modules/react-dom/cjs/react-dom.development.js:20103:13)
      at beginWork (../../node_modules/.pnpm/react-dom@18.3.1_react@18.3.1/node_modules/react-dom/cjs/react-dom.development.js:21626:16)
      at beginWork$1 (../../node_modules/.pnpm/react-dom@18.3.1_react@18.3.1/node_modules/react-dom/cjs/react-dom.development.js:27465:14)
      at performUnitOfWork (../../node_modules/.pnpm/react-dom@18.3.1_react@18.3.1/node_modules/react-dom/cjs/react-dom.development.js:26599:12)
      at workLoopSync (../../node_modules/.pnpm/react-dom@18.3.1_react@18.3.1/node_modules/react-dom/cjs/react-dom.development.js:26505:5)
      at renderRootSync (../../node_modules/.pnpm/react-dom@18.3.1_react@18.3.1/node_modules/react-dom/cjs/react-dom.development.js:26473:7)
      at recoverFromConcurrentError (../../node_modules/.pnpm/react-dom@18.3.1_react@18.3.1/node_modules/react-dom/cjs/react-dom.development.js:25889:20)
      at performConcurrentWorkOnRoot (../../node_modules/.pnpm/react-dom@18.3.1_react@18.3.1/node_modules/react-dom/cjs/react-dom.development.js:25789:22)
      at flushActQueue (../../node_modules/.pnpm/react@18.3.1/node_modules/react/cjs/react.development.js:2667:24)
      at act (../../node_modules/.pnpm/react@18.3.1/node_modules/react/cjs/react.development.js:2582:11)
      at ../../node_modules/.pnpm/@testing-library+react@16.3.2_@testing-library+dom@10.4.1_@types+react-dom@18.3.7_@types+reac_3k5f6qynewwmkoqvlvtzlgtsjq/node_modules/@testing-library/react/dist/act-compat.js:46:25
      at renderRoot (../../node_modules/.pnpm/@testing-library+react@16.3.2_@testing-library+dom@10.4.1_@types+react-dom@18.3.7_@types+reac_3k5f6qynewwmkoqvlvtzlgtsjq/node_modules/@testing-library/react/dist/pure.js:189:26)
      at render (../../node_modules/.pnpm/@testing-library+react@16.3.2_@testing-library+dom@10.4.1_@types+react-dom@18.3.7_@types+reac_3k5f6qynewwmkoqvlvtzlgtsjq/node_modules/@testing-library/react/dist/pure.js:291:10)
      at Object.<anonymous> (components/__tests__/apps-table.test.tsx:76:11)

FAIL components/__tests__/users-table.test.tsx
  ● UsersTable › renders user rows

    `Tooltip` must be used within `TooltipProvider`

      57 | describe('UsersTable', () => {
      58 |   it('renders user rows', () => {
    > 59 |     render(withIntl(<UsersTable users={mockUsers} orgs={mockOrgs} />))
         |           ^
      60 |     expect(screen.getByText('Alice Smith')).toBeInTheDocument()
      61 |     expect(screen.getByText('bob@example.com')).toBeInTheDocument()
      62 |   })

      at useContext2 (../../node_modules/.pnpm/@radix-ui+react-context@1.1.2_@types+react@18.3.29_react@18.3.1/node_modules/@radix-ui/react-context/src/create-context.tsx:75:13)
      at Tooltip (../../node_modules/.pnpm/@radix-ui+react-tooltip@1.2.8_@types+react-dom@18.3.7_@types+react@18.3.29__@types+react@18.3_xrwsnt2rmlacewwolijhmzdoxi/node_modules/@radix-ui/react-tooltip/src/tooltip.tsx:162:27)
      at renderWithHooks (../../node_modules/.pnpm/react-dom@18.3.1_react@18.3.1/node_modules/react-dom/cjs/react-dom.development.js:15486:18)
      at mountIndeterminateComponent (../../node_modules/.pnpm/react-dom@18.3.1_react@18.3.1/node_modules/react-dom/cjs/react-dom.development.js:20103:13)
      at beginWork (../../node_modules/.pnpm/react-dom@18.3.1_react@18.3.1/node_modules/react-dom/cjs/react-dom.development.js:21626:16)
      at beginWork$1 (../../node_modules/.pnpm/react-dom@18.3.1_react@18.3.1/node_modules/react-dom/cjs/react-dom.development.js:27465:14)
      at performUnitOfWork (../../node_modules/.pnpm/react-dom@18.3.1_react@18.3.1/node_modules/react-dom/cjs/react-dom.development.js:26599:12)
      at workLoopSync (../../node_modules/.pnpm/react-dom@18.3.1_react@18.3.1/node_modules/react-dom/cjs/react-dom.development.js:26505:5)
      at renderRootSync (../../node_modules/.pnpm/react-dom@18.3.1_react@18.3.1/node_modules/react-dom/cjs/react-dom.development.js:26473:7)
      at recoverFromConcurrentError (../../node_modules/.pnpm/react-dom@18.3.1_react@18.3.1/node_modules/react-dom/cjs/react-dom.development.js:25889:20)
      at performConcurrentWorkOnRoot (../../node_modules/.pnpm/react-dom@18.3.1_react@18.3.1/node_modules/react-dom/cjs/react-dom.development.js:25789:22)
      at flushActQueue (../../node_modules/.pnpm/react@18.3.1/node_modules/react/cjs/react.development.js:2667:24)
      at act (../../node_modules/.pnpm/react@18.3.1/node_modules/react/cjs/react.development.js:2582:11)
      at ../../node_modules/.pnpm/@testing-library+react@16.3.2_@testing-library+dom@10.4.1_@types+react-dom@18.3.7_@types+reac_3k5f6qynewwmkoqvlvtzlgtsjq/node_modules/@testing-library/react/dist/act-compat.js:46:25
      at renderRoot (../../node_modules/.pnpm/@testing-library+react@16.3.2_@testing-library+dom@10.4.1_@types+react-dom@18.3.7_@types+reac_3k5f6qynewwmkoqvlvtzlgtsjq/node_modules/@testing-library/react/dist/pure.js:189:26)
      at render (../../node_modules/.pnpm/@testing-library+react@16.3.2_@testing-library+dom@10.4.1_@types+react-dom@18.3.7_@types+reac_3k5f6qynewwmkoqvlvtzlgtsjq/node_modules/@testing-library/react/dist/pure.js:291:10)
      at Object.<anonymous> (components/__tests__/users-table.test.tsx:59:11)

  ● UsersTable › filters by search input

    `Tooltip` must be used within `TooltipProvider`

      63 |
      64 |   it('filters by search input', () => {
    > 65 |     render(withIntl(<UsersTable users={mockUsers} orgs={mockOrgs} />))
         |           ^
      66 |     const searchInput = screen.getByPlaceholderText(en.users.search)
      67 |     fireEvent.change(searchInput, { target: { value: 'alice' } })
      68 |     expect(screen.getByText('Alice Smith')).toBeInTheDocument()

      at useContext2 (../../node_modules/.pnpm/@radix-ui+react-context@1.1.2_@types+react@18.3.29_react@18.3.1/node_modules/@radix-ui/react-context/src/create-context.tsx:75:13)
      at Tooltip (../../node_modules/.pnpm/@radix-ui+react-tooltip@1.2.8_@types+react-dom@18.3.7_@types+react@18.3.29__@types+react@18.3_xrwsnt2rmlacewwolijhmzdoxi/node_modules/@radix-ui/react-tooltip/src/tooltip.tsx:162:27)
      at renderWithHooks (../../node_modules/.pnpm/react-dom@18.3.1_react@18.3.1/node_modules/react-dom/cjs/react-dom.development.js:15486:18)
      at mountIndeterminateComponent (../../node_modules/.pnpm/react-dom@18.3.1_react@18.3.1/node_modules/react-dom/cjs/react-dom.development.js:20103:13)
      at beginWork (../../node_modules/.pnpm/react-dom@18.3.1_react@18.3.1/node_modules/react-dom/cjs/react-dom.development.js:21626:16)
      at beginWork$1 (../../node_modules/.pnpm/react-dom@18.3.1_react@18.3.1/node_modules/react-dom/cjs/react-dom.development.js:27465:14)
      at performUnitOfWork (../../node_modules/.pnpm/react-dom@18.3.1_react@18.3.1/node_modules/react-dom/cjs/react-dom.development.js:26599:12)
      at workLoopSync (../../node_modules/.pnpm/react-dom@18.3.1_react@18.3.1/node_modules/react-dom/cjs/react-dom.development.js:26505:5)
      at renderRootSync (../../node_modules/.pnpm/react-dom@18.3.1_react@18.3.1/node_modules/react-dom/cjs/react-dom.development.js:26473:7)
      at recoverFromConcurrentError (../../node_modules/.pnpm/react-dom@18.3.1_react@18.3.1/node_modules/react-dom/cjs/react-dom.development.js:25889:20)
      at performConcurrentWorkOnRoot (../../node_modules/.pnpm/react-dom@18.3.1_react@18.3.1/node_modules/react-dom/cjs/react-dom.development.js:25789:22)
      at flushActQueue (../../node_modules/.pnpm/react@18.3.1/node_modules/react/cjs/react.development.js:2667:24)
      at act (../../node_modules/.pnpm/react@18.3.1/node_modules/react/cjs/react.development.js:2582:11)
      at ../../node_modules/.pnpm/@testing-library+react@16.3.2_@testing-library+dom@10.4.1_@types+react-dom@18.3.7_@types+reac_3k5f6qynewwmkoqvlvtzlgtsjq/node_modules/@testing-library/react/dist/act-compat.js:46:25
      at renderRoot (../../node_modules/.pnpm/@testing-library+react@16.3.2_@testing-library+dom@10.4.1_@types+react-dom@18.3.7_@types+reac_3k5f6qynewwmkoqvlvtzlgtsjq/node_modules/@testing-library/react/dist/pure.js:189:26)
      at render (../../node_modules/.pnpm/@testing-library+react@16.3.2_@testing-library+dom@10.4.1_@types+react-dom@18.3.7_@types+reac_3k5f6qynewwmkoqvlvtzlgtsjq/node_modules/@testing-library/react/dist/pure.js:291:10)
      at Object.<anonymous> (components/__tests__/users-table.test.tsx:65:11)

  ● UsersTable › shows org name for user

    `Tooltip` must be used within `TooltipProvider`

      71 |
      72 |   it('shows org name for user', () => {
    > 73 |     render(withIntl(<UsersTable users={mockUsers} orgs={mockOrgs} />))
         |           ^
      74 |     expect(screen.getAllByText('Acme Corp').length).toBeGreaterThan(0)
      75 |   })
      76 |

      at useContext2 (../../node_modules/.pnpm/@radix-ui+react-context@1.1.2_@types+react@18.3.29_react@18.3.1/node_modules/@radix-ui/react-context/src/create-context.tsx:75:13)
      at Tooltip (../../node_modules/.pnpm/@radix-ui+react-tooltip@1.2.8_@types+react-dom@18.3.7_@types+react@18.3.29__@types+react@18.3_xrwsnt2rmlacewwolijhmzdoxi/node_modules/@radix-ui/react-tooltip/src/tooltip.tsx:162:27)
      at renderWithHooks (../../node_modules/.pnpm/react-dom@18.3.1_react@18.3.1/node_modules/react-dom/cjs/react-dom.development.js:15486:18)
      at mountIndeterminateComponent (../../node_modules/.pnpm/react-dom@18.3.1_react@18.3.1/node_modules/react-dom/cjs/react-dom.development.js:20103:13)
      at beginWork (../../node_modules/.pnpm/react-dom@18.3.1_react@18.3.1/node_modules/react-dom/cjs/react-dom.development.js:21626:16)
      at beginWork$1 (../../node_modules/.pnpm/react-dom@18.3.1_react@18.3.1/node_modules/react-dom/cjs/react-dom.development.js:27465:14)
      at performUnitOfWork (../../node_modules/.pnpm/react-dom@18.3.1_react@18.3.1/node_modules/react-dom/cjs/react-dom.development.js:26599:12)
      at workLoopSync (../../node_modules/.pnpm/react-dom@18.3.1_react@18.3.1/node_modules/react-dom/cjs/react-dom.development.js:26505:5)
      at renderRootSync (../../node_modules/.pnpm/react-dom@18.3.1_react@18.3.1/node_modules/react-dom/cjs/react-dom.development.js:26473:7)
      at recoverFromConcurrentError (../../node_modules/.pnpm/react-dom@18.3.1_react@18.3.1/node_modules/react-dom/cjs/react-dom.development.js:25889:20)
      at performConcurrentWorkOnRoot (../../node_modules/.pnpm/react-dom@18.3.1_react@18.3.1/node_modules/react-dom/cjs/react-dom.development.js:25789:22)
      at flushActQueue (../../node_modules/.pnpm/react@18.3.1/node_modules/react/cjs/react.development.js:2667:24)
      at act (../../node_modules/.pnpm/react@18.3.1/node_modules/react/cjs/react.development.js:2582:11)
      at ../../node_modules/.pnpm/@testing-library+react@16.3.2_@testing-library+dom@10.4.1_@types+react-dom@18.3.7_@types+reac_3k5f6qynewwmkoqvlvtzlgtsjq/node_modules/@testing-library/react/dist/act-compat.js:46:25
      at renderRoot (../../node_modules/.pnpm/@testing-library+react@16.3.2_@testing-library+dom@10.4.1_@types+react-dom@18.3.7_@types+reac_3k5f6qynewwmkoqvlvtzlgtsjq/node_modules/@testing-library/react/dist/pure.js:189:26)
      at render (../../node_modules/.pnpm/@testing-library+react@16.3.2_@testing-library+dom@10.4.1_@types+react-dom@18.3.7_@types+reac_3k5f6qynewwmkoqvlvtzlgtsjq/node_modules/@testing-library/react/dist/pure.js:291:10)
      at Object.<anonymous> (components/__tests__/users-table.test.tsx:73:11)

  ● UsersTable › clicking Delete on a user opens ConfirmDialog with the user name

    `Tooltip` must be used within `TooltipProvider`

      76 |
      77 |   it('clicking Delete on a user opens ConfirmDialog with the user name', async () => {
    > 78 |     render(withIntl(<UsersTable users={mockUsers} orgs={mockOrgs} />))
         |           ^
      79 |     // With the Dropdown primitives mocked as passthroughs, every row's menu items
      80 |     // render in the DOM. The first Delete item belongs to the first row (Alice).
      81 |     const deleteItems = await screen.findAllByRole('menuitem', { name: en.users.actions.delete })

      at useContext2 (../../node_modules/.pnpm/@radix-ui+react-context@1.1.2_@types+react@18.3.29_react@18.3.1/node_modules/@radix-ui/react-context/src/create-context.tsx:75:13)
      at Tooltip (../../node_modules/.pnpm/@radix-ui+react-tooltip@1.2.8_@types+react-dom@18.3.7_@types+react@18.3.29__@types+react@18.3_xrwsnt2rmlacewwolijhmzdoxi/node_modules/@radix-ui/react-tooltip/src/tooltip.tsx:162:27)
      at renderWithHooks (../../node_modules/.pnpm/react-dom@18.3.1_react@18.3.1/node_modules/react-dom/cjs/react-dom.development.js:15486:18)
      at mountIndeterminateComponent (../../node_modules/.pnpm/react-dom@18.3.1_react@18.3.1/node_modules/react-dom/cjs/react-dom.development.js:20103:13)
      at beginWork (../../node_modules/.pnpm/react-dom@18.3.1_react@18.3.1/node_modules/react-dom/cjs/react-dom.development.js:21626:16)
      at beginWork$1 (../../node_modules/.pnpm/react-dom@18.3.1_react@18.3.1/node_modules/react-dom/cjs/react-dom.development.js:27465:14)
      at performUnitOfWork (../../node_modules/.pnpm/react-dom@18.3.1_react@18.3.1/node_modules/react-dom/cjs/react-dom.development.js:26599:12)
      at workLoopSync (../../node_modules/.pnpm/react-dom@18.3.1_react@18.3.1/node_modules/react-dom/cjs/react-dom.development.js:26505:5)
      at renderRootSync (../../node_modules/.pnpm/react-dom@18.3.1_react@18.3.1/node_modules/react-dom/cjs/react-dom.development.js:26473:7)
      at recoverFromConcurrentError (../../node_modules/.pnpm/react-dom@18.3.1_react@18.3.1/node_modules/react-dom/cjs/react-dom.development.js:25889:20)
      at performConcurrentWorkOnRoot (../../node_modules/.pnpm/react-dom@18.3.1_react@18.3.1/node_modules/react-dom/cjs/react-dom.development.js:25789:22)
      at flushActQueue (../../node_modules/.pnpm/react@18.3.1/node_modules/react/cjs/react.development.js:2667:24)
      at act (../../node_modules/.pnpm/react@18.3.1/node_modules/react/cjs/react.development.js:2582:11)
      at ../../node_modules/.pnpm/@testing-library+react@16.3.2_@testing-library+dom@10.4.1_@types+react-dom@18.3.7_@types+reac_3k5f6qynewwmkoqvlvtzlgtsjq/node_modules/@testing-library/react/dist/act-compat.js:46:25
      at renderRoot (../../node_modules/.pnpm/@testing-library+react@16.3.2_@testing-library+dom@10.4.1_@types+react-dom@18.3.7_@types+reac_3k5f6qynewwmkoqvlvtzlgtsjq/node_modules/@testing-library/react/dist/pure.js:189:26)
      at render (../../node_modules/.pnpm/@testing-library+react@16.3.2_@testing-library+dom@10.4.1_@types+react-dom@18.3.7_@types+reac_3k5f6qynewwmkoqvlvtzlgtsjq/node_modules/@testing-library/react/dist/pure.js:291:10)
      at Object.<anonymous> (components/__tests__/users-table.test.tsx:78:11)


Test Suites: 6 failed, 20 passed, 26 total
Tests:       24 failed, 76 passed, 100 total
Snapshots:   0 total
Time:        9.344 s
Ran all test suites.
/app/apps/admin:
 ERR_PNPM_RECURSIVE_RUN_FIRST_FAIL  @sassy-auth/admin@0.0.1 test: `node ../../scripts/log-test.mjs admin jest`
Exit status 1
